Archive member included because of file (symbol)

contiki-z1.a(contiki-z1-plat)
                              obj_z1/contiki-z1-main.o (init_platform)
contiki-z1.a(msp430.o)        obj_z1/contiki-z1-main.o (splhigh_)
contiki-z1.a(leds.o)          obj_z1/contiki-z1-main.o (leds_init)
contiki-z1.a(watchdog.o)      obj_z1/contiki-z1-main.o (watchdog_start)
contiki-z1.a(xmem.o)          obj_z1/contiki-z1-main.o (xmem_init)
contiki-z1.a(spi.o)           contiki-z1.a(xmem.o) (spi_init)
contiki-z1.a(cc2420.o)        obj_z1/contiki-z1-main.o (cc2420_set_pan_addr)
contiki-z1.a(cc2420-arch.o)   contiki-z1.a(cc2420.o) (cc2420_arch_init)
contiki-z1.a(node-id.o)       obj_z1/contiki-z1-main.o (node_id_restore)
contiki-z1.a(sensors.o)       udp-server.co (sensors_event)
contiki-z1.a(button-sensor.o)
                              udp-server.co (button_sensor)
contiki-z1.a(uart0.o)         obj_z1/contiki-z1-main.o (uart0_active)
contiki-z1.a(uart0-putchar.o)
                              udp-server.co (putchar)
contiki-z1.a(cc1200.o)        obj_z1/contiki-z1-main.o (cc1200_init)
contiki-z1.a(cc1200-802154g-)
                              contiki-z1.a(cc1200.o) (cc1200_802154g_863_870_fsk_50kbps)
contiki-z1.a(cc1200-z1-arch.)
                              contiki-z1.a(cc1200.o) (cc1200_arch_spi_select)
contiki-z1.a(adxl345.o)       obj_z1/contiki-z1-main.o (accm_init)
contiki-z1.a(dual_radio.o)    contiki-z1.a(adxl345.o) (long_range_radio)
contiki-z1.a(clock.o)         obj_z1/contiki-z1-main.o (clock_init)
contiki-z1.a(leds-arch.o)     contiki-z1.a(leds.o) (leds_arch_init)
contiki-z1.a(rtimer-arch.o)   obj_z1/contiki-z1-main.o (rtimer_arch_now)
contiki-z1.a(autostart.o)     obj_z1/contiki-z1-main.o (autostart_start)
contiki-z1.a(ctimer.o)        obj_z1/contiki-z1-main.o (ctimer_init)
contiki-z1.a(energest.o)      obj_z1/contiki-z1-main.o (energest_init)
contiki-z1.a(etimer.o)        contiki-z1.a(clock.o) (etimer_request_poll)
contiki-z1.a(process.o)       udp-server.co (process_current)
contiki-z1.a(rtimer.o)        obj_z1/contiki-z1-main.o (rtimer_init)
contiki-z1.a(timer.o)         contiki-z1.a(button-sensor.o) (timer_set)
contiki-z1.a(list.o)          contiki-z1.a(ctimer.o) (list_init)
contiki-z1.a(random.o)        obj_z1/contiki-z1-main.o (random_init)
contiki-z1.a(sicslowpan.o)    obj_z1/contiki-z1-main.o (sicslowpan_driver)
contiki-z1.a(uip6.o)          udp-server.co (uip_aligned_buf)
contiki-z1.a(uip-ds6.o)       contiki-z1.a(uip6.o) (uip_ds6_is_addr_onlink)
contiki-z1.a(uip-ds6-nbr.o)   contiki-z1.a(uip-ds6.o) (uip_ds6_neighbors_init)
contiki-z1.a(uip-ds6-route.o)
                              contiki-z1.a(uip-ds6.o) (uip_ds6_route_init)
contiki-z1.a(uip-icmp6.o)     contiki-z1.a(uip6.o) (uip_icmp6_input)
contiki-z1.a(uip-nd6.o)       contiki-z1.a(uip6.o) (uip_nd6_init)
contiki-z1.a(tcpip.o)         contiki-z1.a(sicslowpan.o) (tcpip_set_outputfunc)
contiki-z1.a(uip-debug.o)     udp-server.co (uip_debug_ipaddr_print)
contiki-z1.a(rpl.o)           contiki-z1.a(uip-ds6-nbr.o) (rpl_link_neighbor_callback)
contiki-z1.a(rpl-dag.o)       contiki-z1.a(rpl.o) (default_instance)
contiki-z1.a(rpl-ext-header.)
                              contiki-z1.a(uip6.o) (rpl_verify_header)
contiki-z1.a(rpl-icmp6.o)     contiki-z1.a(rpl-dag.o) (rpl_icmp6_update_nbr_table)
contiki-z1.a(rpl-jkof.o)      contiki-z1.a(rpl.o) (rpl_jkof)
contiki-z1.a(rpl-timers.o)    contiki-z1.a(rpl.o) (rpl_reset_periodic_timer)
contiki-z1.a(frame802154.o)   contiki-z1.a(cc1200.o) (frame802154_parse)
contiki-z1.a(nullmac.o)       udp-server.co (nullmac_driver)
contiki-z1.a(nullrdc.o)       obj_z1/contiki-z1-main.o (nullrdc_driver)
contiki-z1.a(linkaddr.o)      obj_z1/contiki-z1-main.o (linkaddr_copy)
contiki-z1.a(nbr-table.o)     contiki-z1.a(uip-ds6-nbr.o) (lladdr_map_add_lr)
contiki-z1.a(packetbuf.o)     contiki-z1.a(cc2420.o) (packetbuf_set_datalen)
contiki-z1.a(queuebuf.o)      obj_z1/contiki-z1-main.o (queuebuf_init)
contiki-z1.a(contikimac-fram)
                              contiki-z1.a(sicslowpan.o) (contikimac_framer)
contiki-z1.a(nullsec.o)       contiki-z1.a(sicslowpan.o) (nullsec_driver)
contiki-z1.a(i2cmaster.o)     contiki-z1.a(adxl345.o) (i2c_receiveinit)
contiki-z1.a(stimer.o)        contiki-z1.a(uip-ds6.o) (stimer_set)
contiki-z1.a(memb.o)          contiki-z1.a(uip-ds6-route.o) (memb_init)
contiki-z1.a(rpl-nbr-policy.)
                              contiki-z1.a(nbr-table.o) (rpl_nbr_policy_find_removable)
contiki-z1.a(framer-802154.o)
                              contiki-z1.a(contikimac-fram) (framer_802154)
contiki-z1.a(mac.o)           contiki-z1.a(nullrdc.o) (mac_call_sent_callback)
contiki-z1.a(mac-sequence.o)  contiki-z1.a(nullrdc.o) (mac_sequence_is_duplicate)
/usr/local/msp430/bin/../lib/gcc/msp430/4.7.0/mcpu-430x/mmpy-16/msr20/mc20/libgcc.a(_mulsi3.o)
                              contiki-z1.a(rpl-timers.o) (__mulsi3)
/usr/local/msp430/bin/../lib/gcc/msp430/4.7.0/mcpu-430x/mmpy-16/msr20/mc20/libgcc.a(_udivmod16.o)
[...]
Memory Configuration

Name             Origin             Length             Attributes
sfr              0x00000000         0x00000010
peripheral_8bit  0x00000010         0x000000f0
peripheral_16bit 0x00000100         0x00000100
ram_mirror       0x00000200         0x00000800         xw
infomem          0x00001000         0x00000100
infod            0x00001000         0x00000040
infoc            0x00001040         0x00000040
infob            0x00001080         0x00000040
infoa            0x000010c0         0x00000040
ram              0x00001100         0x00002000         xw
rom              0x00003100         0x0000cebe         xr
vectors          0x0000ffc0         0x00000040
far_rom          0x00010000         0x0000a000
bsl              0x00000000         0x00000000
ram2             0x00000000         0x00000000         xw
usbram           0x00000000         0x00000000         xw
*default*        0x00000000         0xffffffff

Linker script and memory map

LOAD /usr/local/msp430/bin/../lib/gcc/msp430/4.7.0/mcpu-430x/mmpy-16/msr20/mc20/crt0ivtbl32.o
                0x00000041                __P1SEL2 = 0x41
                0x00000045                __P5SEL2 = 0x45
LOAD udp-server.co
LOAD obj_z1/contiki-z1-main.o
LOAD contiki-z1.a
LOAD /usr/local/msp430/bin/../lib/gcc/msp430/4.7.0/mcpu-430x/mmpy-16/msr20/mc20/libgcc.a
LOAD /usr/local/msp430/bin/../lib/gcc/msp430/4.7.0/../../../../msp430/lib/mcpu-430x/mmpy-16/msr20/mc20/libc.a
LOAD /usr/local/msp430/bin/../lib/gcc/msp430/4.7.0/mcpu-430x/mmpy-16/msr20/mc20/libgcc.a
LOAD /usr/local/msp430/bin/../lib/gcc/msp430/4.7.0/mcpu-430x/mmpy-16/msr20/mc20/libcrt0.a
                0x00000040                PROVIDE (__info_segment_size, 0x40)
                0x00001000                PROVIDE (__infod, 0x1000)
                0x00001040                PROVIDE (__infoc, 0x1040)
                0x00001080                PROVIDE (__infob, 0x1080)
                0x000010c0                PROVIDE (__infoa, 0x10c0)
                0x00000000                __IE1 = 0x0
                0x00000002                __IFG1 = 0x2
                0x00000001                __IE2 = 0x1
                0x00000003                __IFG2 = 0x3
                0x00000006                __UC1IE = 0x6
                0x00000007                __UC1IFG = 0x7
                0x000001a0                __ADC12CTL0 = 0x1a0
                0x000001a2                __ADC12CTL1 = 0x1a2
                0x000001a4                __ADC12IFG = 0x1a4
                0x000001a6                __ADC12IE = 0x1a6
                0x000001a8                __ADC12IV = 0x1a8
                0x00000140                __ADC12MEM0 = 0x140
                0x00000142                __ADC12MEM1 = 0x142
                0x00000144                __ADC12MEM2 = 0x144
                0x00000146                __ADC12MEM3 = 0x146
                0x00000148                __ADC12MEM4 = 0x148
                0x0000014a                __ADC12MEM5 = 0x14a
                0x0000014c                __ADC12MEM6 = 0x14c
                0x0000014e                __ADC12MEM7 = 0x14e
                0x00000150                __ADC12MEM8 = 0x150
                0x00000152                __ADC12MEM9 = 0x152
                0x00000154                __ADC12MEM10 = 0x154
                0x00000156                __ADC12MEM11 = 0x156
                0x00000158                __ADC12MEM12 = 0x158
                0x0000015a                __ADC12MEM13 = 0x15a
                0x0000015c                __ADC12MEM14 = 0x15c
                0x0000015e                __ADC12MEM15 = 0x15e
                0x00000080                __ADC12MCTL0 = 0x80
                0x00000081                __ADC12MCTL1 = 0x81
                0x00000082                __ADC12MCTL2 = 0x82
                0x00000083                __ADC12MCTL3 = 0x83
                0x00000084                __ADC12MCTL4 = 0x84
                0x00000085                __ADC12MCTL5 = 0x85
                0x00000086                __ADC12MCTL6 = 0x86
                0x00000087                __ADC12MCTL7 = 0x87
                0x00000088                __ADC12MCTL8 = 0x88
                0x00000089                __ADC12MCTL9 = 0x89
                0x0000008a                __ADC12MCTL10 = 0x8a
                0x0000008b                __ADC12MCTL11 = 0x8b
                0x0000008c                __ADC12MCTL12 = 0x8c
                0x0000008d                __ADC12MCTL13 = 0x8d
                0x0000008e                __ADC12MCTL14 = 0x8e
                0x0000008f                __ADC12MCTL15 = 0x8f
                0x00000056                __DCOCTL = 0x56
                0x00000057                __BCSCTL1 = 0x57
                0x00000058                __BCSCTL2 = 0x58
                0x00000053                __BCSCTL3 = 0x53
                0x00000059                __CACTL1 = 0x59
                0x0000005a                __CACTL2 = 0x5a
                0x0000005b                __CAPD = 0x5b
                0x000001c0                __DAC12_0CTL = 0x1c0
                0x000001c2                __DAC12_1CTL = 0x1c2
                0x000001c8                __DAC12_0DAT = 0x1c8
                0x000001ca                __DAC12_1DAT = 0x1ca
                0x00000122                __DMACTL0 = 0x122
                0x00000124                __DMACTL1 = 0x124
                0x00000126                __DMAIV = 0x126
                0x000001d0                __DMA0CTL = 0x1d0
                0x000001dc                __DMA1CTL = 0x1dc
                0x000001e8                __DMA2CTL = 0x1e8
                0x000001d2                __DMA0SA = 0x1d2
                0x000001d2                __DMA0SAL = 0x1d2
                0x000001d6                __DMA0DA = 0x1d6
                0x000001d6                __DMA0DAL = 0x1d6
                0x000001da                __DMA0SZ = 0x1da
                0x000001de                __DMA1SA = 0x1de
                0x000001de                __DMA1SAL = 0x1de
                0x000001e2                __DMA1DA = 0x1e2
                0x000001e2                __DMA1DAL = 0x1e2
                0x000001e6                __DMA1SZ = 0x1e6
                0x000001ea                __DMA2SA = 0x1ea
                0x000001ea                __DMA2SAL = 0x1ea
                0x000001ee                __DMA2DA = 0x1ee
                0x000001ee                __DMA2DAL = 0x1ee
                0x000001f2                __DMA2SZ = 0x1f2
                0x00000128                __FCTL1 = 0x128
                0x0000012a                __FCTL2 = 0x12a
                0x0000012c                __FCTL3 = 0x12c
                0x000001be                __FCTL4 = 0x1be
                0x00000130                __MPY = 0x130
                0x00000132                __MPYS = 0x132
                0x00000134                __MAC = 0x134
                0x00000136                __MACS = 0x136
                0x00000138                __OP2 = 0x138
                0x0000013a                __RESLO = 0x13a
                0x0000013c                __RESHI = 0x13c
                0x0000013e                __SUMEXT = 0x13e
                0x00000020                __P1IN = 0x20
                0x00000021                __P1OUT = 0x21
                0x00000022                __P1DIR = 0x22
                0x00000023                __P1IFG = 0x23
                0x00000024                __P1IES = 0x24
                0x00000025                __P1IE = 0x25
                0x00000026                __P1SEL = 0x26
                0x00000027                __P1REN = 0x27
                0x00000028                __P2IN = 0x28
                0x00000029                __P2OUT = 0x29
                0x0000002a                __P2DIR = 0x2a
                0x0000002b                __P2IFG = 0x2b
                0x0000002c                __P2IES = 0x2c
                0x0000002d                __P2IE = 0x2d
                0x0000002e                __P2SEL = 0x2e
                0x0000002f                __P2REN = 0x2f
                0x00000018                __P3IN = 0x18
                0x00000019                __P3OUT = 0x19
                0x0000001a                __P3DIR = 0x1a
                0x0000001b                __P3SEL = 0x1b
                0x00000010                __P3REN = 0x10
                0x0000001c                __P4IN = 0x1c
                0x0000001d                __P4OUT = 0x1d
                0x0000001e                __P4DIR = 0x1e
                0x0000001f                __P4SEL = 0x1f
                0x00000011                __P4REN = 0x11
                0x00000030                __P5IN = 0x30
                0x00000031                __P5OUT = 0x31
                0x00000032                __P5DIR = 0x32
                0x00000033                __P5SEL = 0x33
                0x00000012                __P5REN = 0x12
                0x00000034                __P6IN = 0x34
                0x00000035                __P6OUT = 0x35
                0x00000036                __P6DIR = 0x36
                0x00000037                __P6SEL = 0x37
                0x00000013                __P6REN = 0x13
                0x00000038                __P7IN = 0x38
                0x0000003a                __P7OUT = 0x3a
                0x0000003c                __P7DIR = 0x3c
                0x0000003e                __P7SEL = 0x3e
                0x00000014                __P7REN = 0x14
                0x00000039                __P8IN = 0x39
                0x0000003b                __P8OUT = 0x3b
                0x0000003d                __P8DIR = 0x3d
                0x0000003f                __P8SEL = 0x3f
                0x00000015                __P8REN = 0x15
                0x00000038                __PAIN = 0x38
                0x0000003a                __PAOUT = 0x3a
                0x0000003c                __PADIR = 0x3c
                0x0000003e                __PASEL = 0x3e
                0x00000014                __PAREN = 0x14
                0x00000055                __SVSCTL = 0x55
                0x0000012e                __TAIV = 0x12e
                0x00000160                __TACTL = 0x160
                0x00000162                __TACCTL0 = 0x162
                0x00000164                __TACCTL1 = 0x164
                0x00000166                __TACCTL2 = 0x166
                0x00000170                __TAR = 0x170
                0x00000172                __TACCR0 = 0x172
                0x00000174                __TACCR1 = 0x174
                0x00000176                __TACCR2 = 0x176
                0x0000011e                __TBIV = 0x11e
                0x00000180                __TBCTL = 0x180
                0x00000182                __TBCCTL0 = 0x182
                0x00000184                __TBCCTL1 = 0x184
                0x00000186                __TBCCTL2 = 0x186
                0x00000188                __TBCCTL3 = 0x188
                0x0000018a                __TBCCTL4 = 0x18a
                0x0000018c                __TBCCTL5 = 0x18c
                0x0000018e                __TBCCTL6 = 0x18e
                0x00000190                __TBR = 0x190
                0x00000192                __TBCCR0 = 0x192
                0x00000194                __TBCCR1 = 0x194
                0x00000196                __TBCCR2 = 0x196
                0x00000198                __TBCCR3 = 0x198
                0x0000019a                __TBCCR4 = 0x19a
                0x0000019c                __TBCCR5 = 0x19c
                0x0000019e                __TBCCR6 = 0x19e
                0x00000060                __UCA0CTL0 = 0x60
                0x00000061                __UCA0CTL1 = 0x61
                0x00000062                __UCA0BR0 = 0x62
                0x00000063                __UCA0BR1 = 0x63
                0x00000064                __UCA0MCTL = 0x64
                0x00000065                __UCA0STAT = 0x65
                0x00000066                __UCA0RXBUF = 0x66
                0x00000067                __UCA0TXBUF = 0x67
                0x0000005d                __UCA0ABCTL = 0x5d
                0x0000005e                __UCA0IRTCTL = 0x5e
                0x0000005f                __UCA0IRRCTL = 0x5f
                0x00000068                __UCB0CTL0 = 0x68
                0x00000069                __UCB0CTL1 = 0x69
                0x0000006a                __UCB0BR0 = 0x6a
                0x0000006b                __UCB0BR1 = 0x6b
                0x0000006c                __UCB0I2CIE = 0x6c
                0x0000006d                __UCB0STAT = 0x6d
                0x0000006e                __UCB0RXBUF = 0x6e
                0x0000006f                __UCB0TXBUF = 0x6f
                0x00000118                __UCB0I2COA = 0x118
                0x0000011a                __UCB0I2CSA = 0x11a
                0x000000d0                __UCA1CTL0 = 0xd0
                0x000000d1                __UCA1CTL1 = 0xd1
                0x000000d2                __UCA1BR0 = 0xd2
                0x000000d3                __UCA1BR1 = 0xd3
                0x000000d4                __UCA1MCTL = 0xd4
                0x000000d5                __UCA1STAT = 0xd5
                0x000000d6                __UCA1RXBUF = 0xd6
                0x000000d7                __UCA1TXBUF = 0xd7
                0x000000cd                __UCA1ABCTL = 0xcd
                0x000000ce                __UCA1IRTCTL = 0xce
                0x000000cf                __UCA1IRRCTL = 0xcf
                0x000000d8                __UCB1CTL0 = 0xd8
                0x000000d9                __UCB1CTL1 = 0xd9
                0x000000da                __UCB1BR0 = 0xda
                0x000000db                __UCB1BR1 = 0xdb
                0x000000dc                __UCB1I2CIE = 0xdc
                0x000000dd                __UCB1STAT = 0xdd
                0x000000de                __UCB1RXBUF = 0xde
                0x000000df                __UCB1TXBUF = 0xdf
                0x0000017c                __UCB1I2COA = 0x17c
                0x0000017e                __UCB1I2CSA = 0x17e
                0x00000120                __WDTCTL = 0x120
                0x000010c0                __TLV_CHECKSUM = 0x10c0
                0x000010f6                __TLV_DCO_30_TAG = 0x10f6
                0x000010f7                __TLV_DCO_30_LEN = 0x10f7
                0x000010da                __TLV_ADC12_1_TAG = 0x10da
                0x000010db                __TLV_ADC12_1_LEN = 0x10db
                0x000010f8                __CALDCO_16MHZ = 0x10f8
                0x000010f9                __CALBC1_16MHZ = 0x10f9
                0x000010fa                __CALDCO_12MHZ = 0x10fa
                0x000010fb                __CALBC1_12MHZ = 0x10fb
                0x000010fc                __CALDCO_8MHZ = 0x10fc
                0x000010fd                __CALBC1_8MHZ = 0x10fd
                0x000010fe                __CALDCO_1MHZ = 0x10fe
                0x000010ff                __CALBC1_1MHZ = 0x10ff

.hash
 *(.hash)

.dynsym
 *(.dynsym)

.dynstr
 *(.dynstr)

.gnu.version
 *(.gnu.version)

.gnu.version_d
 *(.gnu.version_d)

.gnu.version_r
 *(.gnu.version_r)

.rel.init
 *(.rel.init)

.rela.init
 *(.rela.init)

.rel.fini
 *(.rel.fini)

.rela.fini
 *(.rela.fini)

.rel.text
 *(.rel.text .rel.text.* .rel.gnu.linkonce.t.*)

.rela.text
 *(.rela.text .rela.text.* .rela.gnu.linkonce.t.*)

.rel.rodata
 *(.rel.rodata .rel.rodata.* .rel.gnu.linkonce.r.*)

.rela.rodata
 *(.rela.rodata .rela.rodata.* .rela.gnu.linkonce.r.*)

.rel.data
 *(.rel.data .rel.data.* .rel.gnu.linkonce.d.*)

.rela.data
 *(.rela.data .rela.data.* .rela.gnu.linkonce.d.*)

.rel.bss
 *(.rel.bss .rel.bss.* .rel.gnu.linkonce.b.*)

.rela.bss
 *(.rela.bss .rela.bss.* .rela.gnu.linkonce.b.*)

.rel.ctors
 *(.rel.ctors)

.rela.ctors
 *(.rela.ctors)

.rel.dtors
 *(.rel.dtors)

.rela.dtors
 *(.rela.dtors)

.rel.got
 *(.rel.got)

.rela.got
 *(.rela.got)

.rel.plt
 *(.rel.plt)

.rela.plt
 *(.rela.plt)

.text           0x00003100     0xb396
                0x00003100                . = ALIGN (0x2)
 *(.init .init.*)
 *(.init0)
 .init0         0x00003100        0x0 /usr/local/msp430/bin/../lib/gcc/msp430/4.7.0/mcpu-430x/mmpy-16/msr20/mc20/libcrt0.a(_reset_vector__.o)
                0x00003100                _reset_vector__
 *(.init1)
 .init1         0x00003100        0xc /usr/local/msp430/bin/../lib/gcc/msp430/4.7.0/mcpu-430x/mmpy-16/msr20/mc20/libcrt0.a(__watchdog_support.o)
                0x00003100                __watchdog_support
 *(.init2)
 .init2         0x0000310c        0x4 /usr/local/msp430/bin/../lib/gcc/msp430/4.7.0/mcpu-430x/mmpy-16/msr20/mc20/libcrt0.a(__init_stack.o)
                0x0000310c                __init_stack
 *(.init3)
 .init3         0x00003110        0x0 /usr/local/msp430/bin/../lib/gcc/msp430/4.7.0/mcpu-430x/mmpy-16/msr20/mc20/libcrt0.a(__low_level_init.o)
                0x00003110                __low_level_init
 *(.init4)
 .init4         0x00003110       0x18 /usr/local/msp430/bin/../lib/gcc/msp430/4.7.0/mcpu-430x/mmpy-16/msr20/mc20/libcrt0.a(_copy_data.o)
                0x00003110                __do_copy_data
 .init4         0x00003128       0x16 /usr/local/msp430/bin/../lib/gcc/msp430/4.7.0/mcpu-430x/mmpy-16/msr20/mc20/libcrt0.a(_clear_bss.o)
                0x00003128                __do_clear_bss
 *(.init5)
 *(.init6)
 *(.init7)
 *(.init8)
 *(.init9)
 .init9         0x0000313e      0x4be obj_z1/contiki-z1-main.o
                0x0000313e                main
 *(.fini9)
 .fini9         0x000035fc        0x0 /usr/local/msp430/bin/../lib/gcc/msp430/4.7.0/mcpu-430x/mmpy-16/msr20/mc20/libcrt0.a(__stop_progExec__.o)
                0x000035fc                __stop_progExec__
 *(.fini8)
 *(.fini7)
 *(.fini6)
 *(.fini5)
 *(.fini4)
 *(.fini3)
 *(.fini2)
 *(.fini1)
 *(.fini0)
 .fini0         0x000035fc        0x6 /usr/local/msp430/bin/../lib/gcc/msp430/4.7.0/mcpu-430x/mmpy-16/msr20/mc20/libcrt0.a(_endless_loop__.o)
                0x000035fc                _endless_loop__
 *(.fini .fini.*)
                0x00003602                . = ALIGN (0x2)
                0x00003602                __ctors_start = .
 *(.ctors)
                0x00003602                __ctors_end = .
                0x00003602                __dtors_start = .
 *(.dtors)
                0x00003602                __dtors_end = .
                0x00003602                . = ALIGN (0x2)
 *(.text .text.* .gnu.linkonce.t.*)
 .text          0x00003602        0x4 /usr/local/msp430/bin/../lib/gcc/msp430/4.7.0/mcpu-430x/mmpy-16/msr20/mc20/crt0ivtbl32.o
                0x00003602                __isr_14
                0x00003602                __isr_4
                0x00003602                __isr_29
                0x00003602                __isr_11
                0x00003602                __isr_5
                0x00003602                __isr_2
                0x00003602                __isr_10
                0x00003602                __isr_7
                0x00003602                __isr_0
                0x00003602                __isr_28
                0x00003602                __isr_8
                0x00003602                __isr_20
                0x00003602                __isr_3
                0x00003602                __isr_12
                0x00003602                __isr_13
                0x00003602                __isr_27
                0x00003602                __isr_9
                0x00003602                __isr_30
                0x00003602                __isr_6
                0x00003602                __isr_22
                0x00003602                __isr_1
                0x00003602                __isr_15
                0x00003602                __isr_21
 .text.libgcc   0x00003606       0x26 /usr/local/msp430/bin/../lib/gcc/msp430/4.7.0/mcpu-430x/mmpy-16/msr20/mc20/libgcc.a(_mulsi3.o)
                0x00003606                __mulsi3
 .text.libgcc   0x0000362c       0x22 /usr/local/msp430/bin/../lib/gcc/msp430/4.7.0/mcpu-430x/mmpy-16/msr20/mc20/libgcc.a(_udivmod16.o)
                0x0000362c                __udivhi3
                0x0000362c                __ext_udivmod16
                0x00003646                __umodhi3
 .text.libgcc   0x0000364e       0x3a /usr/local/msp430/bin/../lib/gcc/msp430/4.7.0/mcpu-430x/mmpy-16/msr20/mc20/libgcc.a(_divmod16.o)
                0x0000364e                __ext_divmod16
                0x0000364e                __divhi3
                0x00003680                __modhi3
 .text.libgcc   0x00003688       0x38 /usr/local/msp430/bin/../lib/gcc/msp430/4.7.0/mcpu-430x/mmpy-16/msr20/mc20/libgcc.a(_udivmod32.o)
                0x00003688                __udivsi3
                0x00003688                __ext_udivmod32
                0x000036b6                __umodsi3
 .text.printf   0x000036c0       0x10 /usr/local/msp430/bin/../lib/gcc/msp430/4.7.0/../../../../msp430/lib/mcpu-430x/mmpy-16/msr20/mc20/libc.a(printf.o)
                0x000036c0                printf
 .text.print_field
                0x000036d0      0x176 /usr/local/msp430/bin/../lib/gcc/msp430/4.7.0/../../../../msp430/lib/mcpu-430x/mmpy-16/msr20/mc20/libc.a(vuprintf.o)
 .text.vuprintf
                0x00003846      0x74c /usr/local/msp430/bin/../lib/gcc/msp430/4.7.0/../../../../msp430/lib/mcpu-430x/mmpy-16/msr20/mc20/libc.a(vuprintf.o)
                0x00003846                vuprintf
 .text.puts     0x00003f92       0x2c /usr/local/msp430/bin/../lib/gcc/msp430/4.7.0/../../../../msp430/lib/mcpu-430x/mmpy-16/msr20/mc20/libc.a(puts.o)
                0x00003f92                puts
 .text.rand     0x00003fbe       0x26 /usr/local/msp430/bin/../lib/gcc/msp430/4.7.0/../../../../msp430/lib/mcpu-430x/mmpy-16/msr20/mc20/libc.a(rand.o)
                0x00003fbe                rand
 .text.srand    0x00003fe4        0xa /usr/local/msp430/bin/../lib/gcc/msp430/4.7.0/../../../../msp430/lib/mcpu-430x/mmpy-16/msr20/mc20/libc.a(rand.o)
                0x00003fe4                srand
 .text.memcmp   0x00003fee       0x2c /usr/local/msp430/bin/../lib/gcc/msp430/4.7.0/../../../../msp430/lib/mcpu-430x/mmpy-16/msr20/mc20/libc.a(memcmp.o)
                0x00003fee                memcmp
 .text.memcpy   0x0000401a       0xe8 /usr/local/msp430/bin/../lib/gcc/msp430/4.7.0/../../../../msp430/lib/mcpu-430x/mmpy-16/msr20/mc20/libc.a(memcpy.o)
                0x0000401a                memcpy
 .text.memmove  0x00004102       0xe8 /usr/local/msp430/bin/../lib/gcc/msp430/4.7.0/../../../../msp430/lib/mcpu-430x/mmpy-16/msr20/mc20/libc.a(memmove.o)
                0x00004102                memmove
 .text.memset   0x000041ea       0x5c /usr/local/msp430/bin/../lib/gcc/msp430/4.7.0/../../../../msp430/lib/mcpu-430x/mmpy-16/msr20/mc20/libc.a(memset.o)
                0x000041ea                memset
 .text.libgcc   0x00004246       0xbc /usr/local/msp430/bin/../lib/gcc/msp430/4.7.0/mcpu-430x/mmpy-16/msr20/mc20/libgcc.a(_udivmod64.o)
                0x00004246                __xabi_udivmod64
                0x00004298                __udivdi3
                0x000042b2                __umoddi3
                0x000042d4                __udivmoddi4
 .text.crt0     0x00004302        0x2 /usr/local/msp430/bin/../lib/gcc/msp430/4.7.0/mcpu-430x/mmpy-16/msr20/mc20/libcrt0.a(_unexpected_.o)
                0x00004302                _unexpected_
 *(.near.text .near.text.*)
 .near.text.watchdog_interrupt
                0x00004304        0x6 contiki-z1.a(watchdog.o)
                0x00004304                __isr_26
                0x00004304                watchdog_interrupt
 .near.text.irq_p2
                0x0000430a       0x76 contiki-z1.a(button-sensor.o)
                0x0000430a                irq_p2
                0x0000430a                __isr_19
 .near.text.uart0_rx_interrupt
                0x00004380       0x64 contiki-z1.a(uart0.o)
                0x00004380                __isr_23
                0x00004380                uart0_rx_interrupt
 .near.text.port1_isr
                0x000043e4       0xf4 contiki-z1.a(adxl345.o)
                0x000043e4                port1_isr
                0x000043e4                __isr_18
 .near.text.timera1
                0x000044d8      0x10a contiki-z1.a(clock.o)
                0x000044d8                __isr_24
                0x000044d8                timera1
 .near.text.timera0
                0x000045e2       0x5c contiki-z1.a(rtimer-arch.o)
                0x000045e2                __isr_25
                0x000045e2                timera0
 .near.text.i2c_tx_interrupt
                0x0000463e       0x84 contiki-z1.a(i2cmaster.o)
                0x0000463e                __isr_16
                0x0000463e                i2c_tx_interrupt
 .near.text.i2c_rx_interrupt
                0x000046c2       0x14 contiki-z1.a(i2cmaster.o)
                0x000046c2                i2c_rx_interrupt
                0x000046c2                __isr_17
 .any.text.process_thread_udp_server_process
                0x000046d6      0x20a udp-server.co
 .any.text.init_platform
                0x000048e0        0xc contiki-z1.a(contiki-z1-plat)
                0x000048e0                init_platform
 .any.text.msp430_init_dco
                0x000048ec       0x28 contiki-z1.a(msp430.o)
                0x000048ec                msp430_init_dco
 .any.text.splhigh_
                0x00004914        0x8 contiki-z1.a(msp430.o)
                0x00004914                splhigh_
 .any.text.msp430_sync_dco
                0x0000491c       0x6e contiki-z1.a(msp430.o)
                0x0000491c                msp430_sync_dco
 .any.text.msp430_cpu_init
                0x0000498a       0x2e contiki-z1.a(msp430.o)
                0x0000498a                msp430_cpu_init
 .any.text.show_leds
                0x000049b8       0xe8 contiki-z1.a(leds.o)
 .any.text.leds_init
                0x00004aa0        0xa contiki-z1.a(leds.o)
                0x00004aa0                leds_init
 .any.text.leds_on
                0x00004aaa        0xa contiki-z1.a(leds.o)
                0x00004aaa                leds_on
 .any.text.leds_off
                0x00004ab4        0xe contiki-z1.a(leds.o)
                0x00004ab4                leds_off
 .any.text.watchdog_start
                0x00004ac2       0x14 contiki-z1.a(watchdog.o)
                0x00004ac2                watchdog_start
 .any.text.watchdog_periodic
                0x00004ad6       0x12 contiki-z1.a(watchdog.o)
                0x00004ad6                watchdog_periodic
 .any.text.watchdog_stop
                0x00004ae8       0x16 contiki-z1.a(watchdog.o)
                0x00004ae8                watchdog_stop
 .any.text.watchdog_init
                0x00004afe       0x12 contiki-z1.a(watchdog.o)
                0x00004afe                watchdog_init
 .any.text.wait_ready
                0x00004b10       0x46 contiki-z1.a(xmem.o)
 .any.text.xmem_init
                0x00004b56       0x1e contiki-z1.a(xmem.o)
                0x00004b56                xmem_init
 .any.text.xmem_pread
                0x00004b74       0xc2 contiki-z1.a(xmem.o)
                0x00004b74                xmem_pread
 .any.text.spi_init
                0x00004c36       0x32 contiki-z1.a(spi.o)
                0x00004c36                spi_init
 .any.text.get_object
                0x00004c68        0x4 contiki-z1.a(cc2420.o)
 .any.text.set_object
                0x00004c6c        0x4 contiki-z1.a(cc2420.o)
 .any.text.strobe
                0x00004c70       0x1a contiki-z1.a(cc2420.o)
 .any.text.getreg
                0x00004c8a       0x46 contiki-z1.a(cc2420.o)
 .any.text.setreg
                0x00004cd0       0x44 contiki-z1.a(cc2420.o)
 .any.text.write_ram
                0x00004d14       0x72 contiki-z1.a(cc2420.o)
 .any.text.write_fifo_buf
                0x00004d86       0x38 contiki-z1.a(cc2420.o)
 .any.text.get_status
                0x00004dbe       0x1e contiki-z1.a(cc2420.o)
 .any.text.set_txpower
                0x00004ddc       0x24 contiki-z1.a(cc2420.o)
 .any.text.cc2420_receiving_packet
                0x00004e00        0xa contiki-z1.a(cc2420.o)
 .any.text.pending_packet
                0x00004e0a        0xa contiki-z1.a(cc2420.o)
 .any.text.on   0x00004e14       0x26 contiki-z1.a(cc2420.o)
 .any.text.wait_for_transmission
                0x00004e3a       0x22 contiki-z1.a(cc2420.o)
 .any.text.wait_for_status
                0x00004e5c       0x24 contiki-z1.a(cc2420.o)
 .any.text.getrxdata
                0x00004e80       0x4c contiki-z1.a(cc2420.o)
 .any.text.flushrx
                0x00004ecc       0x1a contiki-z1.a(cc2420.o)
 .any.text.off  0x00004ee6       0x5a contiki-z1.a(cc2420.o)
 .any.text.RELEASE_LOCK
                0x00004f40       0x28 contiki-z1.a(cc2420.o)
 .any.text.set_frame_filtering
                0x00004f68       0x30 contiki-z1.a(cc2420.o)
 .any.text.set_auto_ack
                0x00004f98       0x30 contiki-z1.a(cc2420.o)
 .any.text.set_poll_mode
                0x00004fc8       0x2c contiki-z1.a(cc2420.o)
 .any.text.cc2420_prepare
                0x00004ff4       0x44 contiki-z1.a(cc2420.o)
 .any.text.cc2420_on
                0x00005038       0x22 contiki-z1.a(cc2420.o)
                0x00005038                cc2420_on
 .any.text.cc2420_off
                0x0000505a       0x30 contiki-z1.a(cc2420.o)
                0x0000505a                cc2420_off
 .any.text.cc2420_cca
                0x0000508a       0x54 contiki-z1.a(cc2420.o)
 .any.text.cc2420_read
                0x000050de       0xb8 contiki-z1.a(cc2420.o)
 .any.text.process_thread_cc2420_process
                0x00005196       0x6c contiki-z1.a(cc2420.o)
 .any.text.cc2420_set_channel
                0x00005202       0x3a contiki-z1.a(cc2420.o)
                0x00005202                cc2420_set_channel
 .any.text.cc2420_set_pan_addr
                0x0000523c       0x4c contiki-z1.a(cc2420.o)
                0x0000523c                cc2420_set_pan_addr
 .any.text.cc2420_interrupt
                0x00005288       0x16 contiki-z1.a(cc2420.o)
                0x00005288                cc2420_interrupt
 .any.text.cc2420_set_txpower
                0x0000529e        0xe contiki-z1.a(cc2420.o)
                0x0000529e                cc2420_set_txpower
 .any.text.cc2420_get_txpower
                0x000052ac       0x1e contiki-z1.a(cc2420.o)
                0x000052ac                cc2420_get_txpower
 .any.text.cc2420_transmit
                0x000052ca      0x116 contiki-z1.a(cc2420.o)
 .any.text.cc2420_send
                0x000053e0       0x12 contiki-z1.a(cc2420.o)
 .any.text.cc2420_rssi
                0x000053f2       0x48 contiki-z1.a(cc2420.o)
                0x000053f2                cc2420_rssi
 .any.text.get_value
                0x0000543a      0x104 contiki-z1.a(cc2420.o)
 .any.text.cc2420_set_cca_threshold
                0x0000553e       0x16 contiki-z1.a(cc2420.o)
                0x0000553e                cc2420_set_cca_threshold
 .any.text.set_value
                0x00005554       0xb2 contiki-z1.a(cc2420.o)
 .any.text.cc2420_init
                0x00005606       0xea contiki-z1.a(cc2420.o)
                0x00005606                cc2420_init
 .any.text.cc2420_arch_init
                0x000056f0       0x1a contiki-z1.a(cc2420-arch.o)
                0x000056f0                cc2420_arch_init
 .any.text.node_id_restore
                0x0000570a       0x88 contiki-z1.a(node-id.o)
                0x0000570a                node_id_restore
 .any.text.process_thread_sensors_process
                0x00005792       0xc2 contiki-z1.a(sensors.o)
 .any.text.sensors_changed
                0x00005854       0x2a contiki-z1.a(sensors.o)
                0x00005854                sensors_changed
 .any.text.status
                0x0000587e       0x18 contiki-z1.a(button-sensor.o)
 .any.text.value
                0x00005896       0x20 contiki-z1.a(button-sensor.o)
 .any.text.configure
                0x000058b6       0x4e contiki-z1.a(button-sensor.o)
 .any.text.uart0_active
                0x00005904        0xe contiki-z1.a(uart0.o)
                0x00005904                uart0_active
 .any.text.uart0_writeb
                0x00005912       0x16 contiki-z1.a(uart0.o)
                0x00005912                uart0_writeb
 .any.text.uart0_init
                0x00005928       0x40 contiki-z1.a(uart0.o)
                0x00005928                uart0_init
 .any.text.putchar
                0x00005968       0x10 contiki-z1.a(uart0-putchar.o)
                0x00005968                putchar
 .any.text.pending_packet
                0x00005978        0xe contiki-z1.a(cc1200.o)
 .any.text.get_value
                0x00005986       0x7e contiki-z1.a(cc1200.o)
 .any.text.get_object
                0x00005a04        0x4 contiki-z1.a(cc1200.o)
 .any.text.set_object
                0x00005a08        0x4 contiki-z1.a(cc1200.o)
 .any.text.strobe
                0x00005a0c       0x20 contiki-z1.a(cc1200.o)
 .any.text.state
                0x00005a2c        0xe contiki-z1.a(cc1200.o)
 .any.text.idle
                0x00005a3a       0xda contiki-z1.a(cc1200.o)
 .any.text.single_write
                0x00005b14       0x30 contiki-z1.a(cc1200.o)
 .any.text.single_read
                0x00005b44       0x36 contiki-z1.a(cc1200.o)
 .any.text.update_txpower
                0x00005b7a       0x32 contiki-z1.a(cc1200.o)
 .any.text.rx_rx
                0x00005bac       0xdc contiki-z1.a(cc1200.o)
 .any.text.calibrate
                0x00005c88       0xd0 contiki-z1.a(cc1200.o)
 .any.text.idle_calibrate_rx
                0x00005d58       0xa2 contiki-z1.a(cc1200.o)
 .any.text.off  0x00005dfa       0x3a contiki-z1.a(cc1200.o)
 .any.text.on   0x00005e34       0x74 contiki-z1.a(cc1200.o)
 .any.text.receiving_packet
                0x00005ea8       0x28 contiki-z1.a(cc1200.o)
 .any.text.set_channel
                0x00005ed0      0x102 contiki-z1.a(cc1200.o)
 .any.text.set_value
                0x00005fd2       0x80 contiki-z1.a(cc1200.o)
 .any.text.channel_clear
                0x00006052       0xae contiki-z1.a(cc1200.o)
 .any.text.read
                0x00006100       0x62 contiki-z1.a(cc1200.o)
 .any.text.prepare
                0x00006162       0x2a contiki-z1.a(cc1200.o)
 .any.text.burst_read.constprop.9
                0x0000618c       0x22 contiki-z1.a(cc1200.o)
 .any.text.burst_write.constprop.11
                0x000061ae       0x24 contiki-z1.a(cc1200.o)
 .any.text.idle_tx_rx
                0x000061d2      0x22a contiki-z1.a(cc1200.o)
 .any.text.transmit
                0x000063fc       0xf4 contiki-z1.a(cc1200.o)
 .any.text.send
                0x000064f0       0x24 contiki-z1.a(cc1200.o)
 .any.text.cc1200_init
                0x00006514      0x184 contiki-z1.a(cc1200.o)
                0x00006514                cc1200_init
 .any.text.cc1200_rx_interrupt
                0x00006698      0x1d4 contiki-z1.a(cc1200.o)
                0x00006698                cc1200_rx_interrupt
 .any.text.process_thread_cc1200_process
                0x0000686c       0x84 contiki-z1.a(cc1200.o)
 .any.text.cc1200_arch_spi_select
                0x000068f0        0xe contiki-z1.a(cc1200-z1-arch.)
                0x000068f0                cc1200_arch_spi_select
 .any.text.cc1200_arch_spi_deselect
                0x000068fe        0x8 contiki-z1.a(cc1200-z1-arch.)
                0x000068fe                cc1200_arch_spi_deselect
 .any.text.cc1200_arch_spi_rw_byte
                0x00006906       0x1e contiki-z1.a(cc1200-z1-arch.)
                0x00006906                cc1200_arch_spi_rw_byte
 .any.text.cc1200_arch_spi_rw
                0x00006924       0x96 contiki-z1.a(cc1200-z1-arch.)
                0x00006924                cc1200_arch_spi_rw
 .any.text.cc1200_arch_init
                0x000069ba       0x56 contiki-z1.a(cc1200-z1-arch.)
                0x000069ba                cc1200_arch_init
 .any.text.cc1200_arch_gpio0_setup_irq
                0x00006a10       0x28 contiki-z1.a(cc1200-z1-arch.)
                0x00006a10                cc1200_arch_gpio0_setup_irq
 .any.text.cc1200_arch_gpio2_setup_irq
                0x00006a38       0x32 contiki-z1.a(cc1200-z1-arch.)
                0x00006a38                cc1200_arch_gpio2_setup_irq
 .any.text.cc1200_arch_gpio0_enable_irq
                0x00006a6a        0xa contiki-z1.a(cc1200-z1-arch.)
                0x00006a6a                cc1200_arch_gpio0_enable_irq
 .any.text.cc1200_arch_gpio0_disable_irq
                0x00006a74        0x6 contiki-z1.a(cc1200-z1-arch.)
                0x00006a74                cc1200_arch_gpio0_disable_irq
 .any.text.cc1200_arch_gpio2_enable_irq
                0x00006a7a        0xe contiki-z1.a(cc1200-z1-arch.)
                0x00006a7a                cc1200_arch_gpio2_enable_irq
 .any.text.cc1200_arch_gpio2_disable_irq
                0x00006a88        0x8 contiki-z1.a(cc1200-z1-arch.)
                0x00006a88                cc1200_arch_gpio2_disable_irq
 .any.text.cc1200_arch_gpio0_read_pin
                0x00006a90        0x8 contiki-z1.a(cc1200-z1-arch.)
                0x00006a90                cc1200_arch_gpio0_read_pin
 .any.text.cc1200_arch_gpio2_read_pin
                0x00006a98        0xa contiki-z1.a(cc1200-z1-arch.)
                0x00006a98                cc1200_arch_gpio2_read_pin
 .any.text.accm_write_reg
                0x00006aa2       0x2e contiki-z1.a(adxl345.o)
 .any.text.accm_write_stream
                0x00006ad0       0x2a contiki-z1.a(adxl345.o)
 .any.text.accm_read_reg
                0x00006afa       0x54 contiki-z1.a(adxl345.o)
 .any.text.process_thread_accmeter_process
                0x00006b4e       0x56 contiki-z1.a(adxl345.o)
 .any.text.accm_init
                0x00006ba4       0x78 contiki-z1.a(adxl345.o)
                0x00006ba4                accm_init
 .any.text.dual_radio_switch.part.0
                0x00006c1c       0x2a contiki-z1.a(dual_radio.o)
 .any.text.dual_radio_switch
                0x00006c46       0x36 contiki-z1.a(dual_radio.o)
                0x00006c46                dual_radio_switch
 .any.text.process_thread_dual_dis_broadcast
                0x00006c7c       0x66 contiki-z1.a(dual_radio.o)
 .any.text.process_thread_dual_dio_broadcast
                0x00006ce2       0x6e contiki-z1.a(dual_radio.o)
 .any.text.sending_in_LR
                0x00006d50       0x18 contiki-z1.a(dual_radio.o)
                0x00006d50                sending_in_LR
 .any.text.dual_radio_received
                0x00006d68       0x26 contiki-z1.a(dual_radio.o)
                0x00006d68                dual_radio_received
 .any.text.radio_received_is_longrange
                0x00006d8e        0xe contiki-z1.a(dual_radio.o)
                0x00006d8e                radio_received_is_longrange
 .any.text.dio_broadcast
                0x00006d9c       0x12 contiki-z1.a(dual_radio.o)
                0x00006d9c                dio_broadcast
 .any.text.dis_broadcast
                0x00006dae        0xe contiki-z1.a(dual_radio.o)
                0x00006dae                dis_broadcast
 .any.text.clock_time
                0x00006dbc       0x1a contiki-z1.a(clock.o)
                0x00006dbc                clock_time
 .any.text.clock_init
                0x00006dd6       0x28 contiki-z1.a(clock.o)
                0x00006dd6                clock_init
 .any.text.clock_delay
                0x00006dfe        0xc contiki-z1.a(clock.o)
                0x00006dfe                clock_delay
 .any.text.clock_wait
                0x00006e0a       0x24 contiki-z1.a(clock.o)
                0x00006e0a                clock_wait
 .any.text.clock_seconds
                0x00006e2e       0x1a contiki-z1.a(clock.o)
                0x00006e2e                clock_seconds
 .any.text.leds_arch_init
                0x00006e48        0xe contiki-z1.a(leds-arch.o)
                0x00006e48                leds_arch_init
 .any.text.leds_arch_set
                0x00006e56       0x38 contiki-z1.a(leds-arch.o)
                0x00006e56                leds_arch_set
 .any.text.rtimer_arch_init
                0x00006e8e        0xe contiki-z1.a(rtimer-arch.o)
                0x00006e8e                rtimer_arch_init
 .any.text.rtimer_arch_now
                0x00006e9c        0xe contiki-z1.a(rtimer-arch.o)
                0x00006e9c                rtimer_arch_now
 .any.text.rtimer_arch_schedule
                0x00006eaa        0x6 contiki-z1.a(rtimer-arch.o)
                0x00006eaa                rtimer_arch_schedule
 .any.text.autostart_start
                0x00006eb0       0x16 contiki-z1.a(autostart.o)
                0x00006eb0                autostart_start
 .any.text.process_thread_ctimer_process
                0x00006ec6       0xa0 contiki-z1.a(ctimer.o)
 .any.text.ctimer_init
                0x00006f66       0x18 contiki-z1.a(ctimer.o)
                0x00006f66                ctimer_init
 .any.text.ctimer_set_with_process
                0x00006f7e       0x4a contiki-z1.a(ctimer.o)
                0x00006f7e                ctimer_set_with_process
 .any.text.ctimer_set
                0x00006fc8       0x10 contiki-z1.a(ctimer.o)
                0x00006fc8                ctimer_set
 .any.text.ctimer_reset
                0x00006fd8       0x2c contiki-z1.a(ctimer.o)
                0x00006fd8                ctimer_reset
 .any.text.ctimer_restart
                0x00007004       0x2c contiki-z1.a(ctimer.o)
                0x00007004                ctimer_restart
 .any.text.ctimer_stop
                0x00007030       0x28 contiki-z1.a(ctimer.o)
                0x00007030                ctimer_stop
 .any.text.energest_init
                0x00007058       0x24 contiki-z1.a(energest.o)
                0x00007058                energest_init
 .any.text.energest_type_time
                0x0000707c       0x3c contiki-z1.a(energest.o)
                0x0000707c                energest_type_time
 .any.text.energest_type_set
                0x000070b8        0xc contiki-z1.a(energest.o)
                0x000070b8                energest_type_set
 .any.text.energest_flush
                0x000070c4       0x38 contiki-z1.a(energest.o)
                0x000070c4                energest_flush
 .any.text.update_time
                0x000070fc       0x70 contiki-z1.a(etimer.o)
 .any.text.etimer_request_poll
                0x0000716c        0xa contiki-z1.a(etimer.o)
                0x0000716c                etimer_request_poll
 .any.text.process_thread_etimer_process
                0x00007176       0xc4 contiki-z1.a(etimer.o)
 .any.text.add_timer
                0x0000723a       0x40 contiki-z1.a(etimer.o)
 .any.text.etimer_set
                0x0000727a       0x12 contiki-z1.a(etimer.o)
                0x0000727a                etimer_set
 .any.text.etimer_reset
                0x0000728c       0x12 contiki-z1.a(etimer.o)
                0x0000728c                etimer_reset
 .any.text.etimer_restart
                0x0000729e       0x12 contiki-z1.a(etimer.o)
                0x0000729e                etimer_restart
 .any.text.etimer_expired
                0x000072b0        0xe contiki-z1.a(etimer.o)
                0x000072b0                etimer_expired
 .any.text.etimer_expiration_time
                0x000072be       0x14 contiki-z1.a(etimer.o)
                0x000072be                etimer_expiration_time
 .any.text.etimer_pending
                0x000072d2        0xc contiki-z1.a(etimer.o)
                0x000072d2                etimer_pending
 .any.text.etimer_next_expiration_time
                0x000072de       0x16 contiki-z1.a(etimer.o)
                0x000072de                etimer_next_expiration_time
 .any.text.etimer_stop
                0x000072f4       0x3e contiki-z1.a(etimer.o)
                0x000072f4                etimer_stop
 .any.text.call_process
                0x00007332       0x40 contiki-z1.a(process.o)
 .any.text.exit_process
                0x00007372       0x88 contiki-z1.a(process.o)
 .any.text.do_poll
                0x000073fa       0x30 contiki-z1.a(process.o)
 .any.text.process_alloc_event
                0x0000742a        0xe contiki-z1.a(process.o)
                0x0000742a                process_alloc_event
 .any.text.process_init
                0x00007438       0x1c contiki-z1.a(process.o)
                0x00007438                process_init
 .any.text.process_run
                0x00007454       0xa4 contiki-z1.a(process.o)
                0x00007454                process_run
 .any.text.process_nevents
                0x000074f8        0xe contiki-z1.a(process.o)
                0x000074f8                process_nevents
 .any.text.process_post
                0x00007506       0x50 contiki-z1.a(process.o)
                0x00007506                process_post
 .any.text.process_post_synch
                0x00007556       0x12 contiki-z1.a(process.o)
                0x00007556                process_post_synch
 .any.text.process_start
                0x00007568       0x36 contiki-z1.a(process.o)
                0x00007568                process_start
 .any.text.process_poll
                0x0000759e       0x18 contiki-z1.a(process.o)
                0x0000759e                process_poll
 .any.text.rtimer_init
                0x000075b6        0x6 contiki-z1.a(rtimer.o)
                0x000075b6                rtimer_init
 .any.text.rtimer_run_next
                0x000075bc       0x26 contiki-z1.a(rtimer.o)
                0x000075bc                rtimer_run_next
 .any.text.timer_set
                0x000075e2       0x1c contiki-z1.a(timer.o)
                0x000075e2                timer_set
 .any.text.timer_reset
                0x000075fe        0xe contiki-z1.a(timer.o)
                0x000075fe                timer_reset
 .any.text.timer_restart
                0x0000760c       0x14 contiki-z1.a(timer.o)
                0x0000760c                timer_restart
 .any.text.timer_expired
                0x00007620       0x2a contiki-z1.a(timer.o)
                0x00007620                timer_expired
 .any.text.list_init
                0x0000764a        0x6 contiki-z1.a(list.o)
                0x0000764a                list_init
 .any.text.list_head
                0x00007650        0x4 contiki-z1.a(list.o)
                0x00007650                list_head
 .any.text.list_tail
                0x00007654       0x12 contiki-z1.a(list.o)
                0x00007654                list_tail
 .any.text.list_remove
                0x00007666       0x34 contiki-z1.a(list.o)
                0x00007666                list_remove
 .any.text.list_push
                0x0000769a       0x16 contiki-z1.a(list.o)
                0x0000769a                list_push
 .any.text.list_add
                0x000076b0       0x26 contiki-z1.a(list.o)
                0x000076b0                list_add
 .any.text.list_length
                0x000076d6       0x10 contiki-z1.a(list.o)
                0x000076d6                list_length
 .any.text.list_item_next
                0x000076e6        0xc contiki-z1.a(list.o)
                0x000076e6                list_item_next
 .any.text.random_init
                0x000076f2        0x6 contiki-z1.a(random.o)
                0x000076f2                random_init
 .any.text.random_rand
                0x000076f8        0x6 contiki-z1.a(random.o)
                0x000076f8                random_rand
 .any.text.clear_fragments
                0x000076fe       0x38 contiki-z1.a(sicslowpan.o)
 .any.text.set_packet_attrs
                0x00007736       0x46 contiki-z1.a(sicslowpan.o)
 .any.text.addr_context_lookup_by_number
                0x0000777c       0x30 contiki-z1.a(sicslowpan.o)
 .any.text.compress_addr_64
                0x000077ac       0x9a contiki-z1.a(sicslowpan.o)
 .any.text.store_fragment
                0x00007846       0x6e contiki-z1.a(sicslowpan.o)
 .any.text.uncompress_addr
                0x000078b4       0x96 contiki-z1.a(sicslowpan.o)
 .any.text.sicslowpan_init
                0x0000794a       0x24 contiki-z1.a(sicslowpan.o)
                0x0000794a                sicslowpan_init
 .any.text.addr_context_lookup_by_prefix
                0x0000796e       0x4a contiki-z1.a(sicslowpan.o)
 .any.text.packet_sent
                0x000079b8       0x22 contiki-z1.a(sicslowpan.o)
 .any.text.add_fragment
                0x000079da      0x160 contiki-z1.a(sicslowpan.o)
 .any.text.input
                0x00007b3a      0x606 contiki-z1.a(sicslowpan.o)
 .any.text.send_packet
                0x00008140       0x1a contiki-z1.a(sicslowpan.o)
 .any.text.output
                0x0000815a      0x67c contiki-z1.a(sicslowpan.o)
 .any.text.chksum
                0x000087d6       0x32 contiki-z1.a(uip6.o)
 .any.text.upper_layer_chksum
                0x00008808       0x56 contiki-z1.a(uip6.o)
 .any.text.ext_hdr_options_process
                0x0000885e       0xc2 contiki-z1.a(uip6.o)
 .any.text.uip_add32
                0x00008920       0x60 contiki-z1.a(uip6.o)
                0x00008920                uip_add32
 .any.text.uip_add_rcv_nxt
                0x00008980       0x2e contiki-z1.a(uip6.o)
 .any.text.uip_icmp6chksum
                0x000089ae        0xa contiki-z1.a(uip6.o)
                0x000089ae                uip_icmp6chksum
 .any.text.uip_tcpchksum
                0x000089b8        0xa contiki-z1.a(uip6.o)
                0x000089b8                uip_tcpchksum
 .any.text.uip_udpchksum
                0x000089c2        0xa contiki-z1.a(uip6.o)
                0x000089c2                uip_udpchksum
 .any.text.uip_init
                0x000089cc       0x62 contiki-z1.a(uip6.o)
                0x000089cc                uip_init
 .any.text.remove_ext_hdr
                0x00008a2e       0x50 contiki-z1.a(uip6.o)
                0x00008a2e                remove_ext_hdr
 .any.text.uip_udp_new
                0x00008a7e       0xb8 contiki-z1.a(uip6.o)
                0x00008a7e                uip_udp_new
 .any.text.uip_unlisten
                0x00008b36       0x2a contiki-z1.a(uip6.o)
                0x00008b36                uip_unlisten
 .any.text.uip_process
                0x00008b60      0xe82 contiki-z1.a(uip6.o)
                0x00008b60                uip_process
 .any.text.uip_htonl
                0x000099e2       0x2a contiki-z1.a(uip6.o)
                0x000099e2                uip_htonl
 .any.text.uip_ds6_list_loop
                0x00009a0c       0x66 contiki-z1.a(uip-ds6.o)
                0x00009a0c                uip_ds6_list_loop
 .any.text.uip_ds6_prefix_add
                0x00009a72       0x70 contiki-z1.a(uip-ds6.o)
                0x00009a72                uip_ds6_prefix_add
 .any.text.uip_ds6_is_addr_onlink
                0x00009ae2       0x42 contiki-z1.a(uip-ds6.o)
                0x00009ae2                uip_ds6_is_addr_onlink
 .any.text.uip_ds6_addr_lookup
                0x00009b24       0x2a contiki-z1.a(uip-ds6.o)
                0x00009b24                uip_ds6_addr_lookup
 .any.text.uip_ds6_long_addr_lookup
                0x00009b4e       0x2a contiki-z1.a(uip-ds6.o)
                0x00009b4e                uip_ds6_long_addr_lookup
 .any.text.uip_ds6_get_link_local
                0x00009b78       0x3e contiki-z1.a(uip-ds6.o)
                0x00009b78                uip_ds6_get_link_local
 .any.text.uip_ds6_long_get_link_local
                0x00009bb6       0x3e contiki-z1.a(uip-ds6.o)
                0x00009bb6                uip_ds6_long_get_link_local
 .any.text.uip_ds6_maddr_add
                0x00009bf4       0x48 contiki-z1.a(uip-ds6.o)
                0x00009bf4                uip_ds6_maddr_add
 .any.text.uip_ds6_long_addr_add
                0x00009c3c       0xb4 contiki-z1.a(uip-ds6.o)
                0x00009c3c                uip_ds6_long_addr_add
 .any.text.uip_ds6_addr_add
                0x00009cf0       0xb4 contiki-z1.a(uip-ds6.o)
                0x00009cf0                uip_ds6_addr_add
 .any.text.uip_ds6_long_maddr_add
                0x00009da4       0x48 contiki-z1.a(uip-ds6.o)
                0x00009da4                uip_ds6_long_maddr_add
 .any.text.uip_ds6_maddr_rm
                0x00009dec        0xa contiki-z1.a(uip-ds6.o)
                0x00009dec                uip_ds6_maddr_rm
 .any.text.uip_ds6_maddr_lookup
                0x00009df6       0x2a contiki-z1.a(uip-ds6.o)
                0x00009df6                uip_ds6_maddr_lookup
 .any.text.uip_ds6_addr_rm
                0x00009e20       0x54 contiki-z1.a(uip-ds6.o)
                0x00009e20                uip_ds6_addr_rm
 .any.text.uip_ds6_periodic
                0x00009e74       0x7e contiki-z1.a(uip-ds6.o)
                0x00009e74                uip_ds6_periodic
 .any.text.uip_ds6_long_maddr_lookup
                0x00009ef2       0x2a contiki-z1.a(uip-ds6.o)
                0x00009ef2                uip_ds6_long_maddr_lookup
 .any.text.uip_ds6_set_addr_iid
                0x00009f1c       0x14 contiki-z1.a(uip-ds6.o)
                0x00009f1c                uip_ds6_set_addr_iid
 .any.text.get_match_length
                0x00009f30       0x3c contiki-z1.a(uip-ds6.o)
                0x00009f30                get_match_length
 .any.text.uip_ds6_select_src
                0x00009f6c       0xfe contiki-z1.a(uip-ds6.o)
                0x00009f6c                uip_ds6_select_src
 .any.text.uip_ds6_compute_reachable_time
                0x0000a06a       0x36 contiki-z1.a(uip-ds6.o)
                0x0000a06a                uip_ds6_compute_reachable_time
 .any.text.uip_ds6_init
                0x0000a0a0      0x23a contiki-z1.a(uip-ds6.o)
                0x0000a0a0                uip_ds6_init
 .any.text.uip_ds6_neighbors_init
                0x0000a2da        0xe contiki-z1.a(uip-ds6-nbr.o)
                0x0000a2da                uip_ds6_neighbors_init
 .any.text.uip_ds6_nbr_add
                0x0000a2e8       0xf6 contiki-z1.a(uip-ds6-nbr.o)
                0x0000a2e8                uip_ds6_nbr_add
 .any.text.uip_ds6_nbr_get_ll
                0x0000a3de        0xc contiki-z1.a(uip-ds6-nbr.o)
                0x0000a3de                uip_ds6_nbr_get_ll
 .any.text.uip_ds6_nbr_rm
                0x0000a3ea       0x2e contiki-z1.a(uip-ds6-nbr.o)
                0x0000a3ea                uip_ds6_nbr_rm
 .any.text.uip_ds6_nbr_lookup
                0x0000a418       0x3e contiki-z1.a(uip-ds6-nbr.o)
                0x0000a418                uip_ds6_nbr_lookup
 .any.text.uip_ds6_nbr_ll_lookup
                0x0000a456        0xc contiki-z1.a(uip-ds6-nbr.o)
                0x0000a456                uip_ds6_nbr_ll_lookup
 .any.text.uip_ds6_nbr_ipaddr_from_lladdr
                0x0000a462        0x6 contiki-z1.a(uip-ds6-nbr.o)
                0x0000a462                uip_ds6_nbr_ipaddr_from_lladdr
 .any.text.uip_ds6_nbr_lladdr_from_ipaddr
                0x0000a468       0x12 contiki-z1.a(uip-ds6-nbr.o)
                0x0000a468                uip_ds6_nbr_lladdr_from_ipaddr
 .any.text.uip_ds6_link_neighbor_callback
                0x0000a47a       0x26 contiki-z1.a(uip-ds6-nbr.o)
                0x0000a47a                uip_ds6_link_neighbor_callback
 .any.text.call_route_callback
                0x0000a4a0       0x40 contiki-z1.a(uip-ds6-route.o)
 .any.text.uip_ds6_route_init
                0x0000a4e0       0x36 contiki-z1.a(uip-ds6-route.o)
                0x0000a4e0                uip_ds6_route_init
 .any.text.uip_ds6_route_nexthop
                0x0000a516       0x1a contiki-z1.a(uip-ds6-route.o)
                0x0000a516                uip_ds6_route_nexthop
 .any.text.uip_ds6_route_head
                0x0000a530        0xa contiki-z1.a(uip-ds6-route.o)
                0x0000a530                uip_ds6_route_head
 .any.text.uip_ds6_route_next
                0x0000a53a        0xe contiki-z1.a(uip-ds6-route.o)
                0x0000a53a                uip_ds6_route_next
 .any.text.uip_ds6_route_is_nexthop
                0x0000a548       0x22 contiki-z1.a(uip-ds6-route.o)
                0x0000a548                uip_ds6_route_is_nexthop
 .any.text.uip_ds6_route_num_routes
                0x0000a56a        0x6 contiki-z1.a(uip-ds6-route.o)
                0x0000a56a                uip_ds6_route_num_routes
 .any.text.uip_ds6_route_lookup
                0x0000a570       0x6e contiki-z1.a(uip-ds6-route.o)
                0x0000a570                uip_ds6_route_lookup
 .any.text.uip_ds6_route_rm
                0x0000a5de       0xa2 contiki-z1.a(uip-ds6-route.o)
                0x0000a5de                uip_ds6_route_rm
 .any.text.rm_routelist
                0x0000a680       0x34 contiki-z1.a(uip-ds6-route.o)
 .any.text.rm_routelist_callback
                0x0000a6b4        0x6 contiki-z1.a(uip-ds6-route.o)
 .any.text.uip_ds6_route_add
                0x0000a6ba       0xfc contiki-z1.a(uip-ds6-route.o)
                0x0000a6ba                uip_ds6_route_add
 .any.text.uip_ds6_defrt_rm
                0x0000a7b6       0x44 contiki-z1.a(uip-ds6-route.o)
                0x0000a7b6                uip_ds6_defrt_rm
 .any.text.uip_ds6_defrt_lookup
                0x0000a7fa       0x32 contiki-z1.a(uip-ds6-route.o)
                0x0000a7fa                uip_ds6_defrt_lookup
 .any.text.uip_ds6_defrt_add
                0x0000a82c       0x68 contiki-z1.a(uip-ds6-route.o)
                0x0000a82c                uip_ds6_defrt_add
 .any.text.uip_ds6_defrt_choose
                0x0000a894       0x36 contiki-z1.a(uip-ds6-route.o)
                0x0000a894                uip_ds6_defrt_choose
 .any.text.uip_ds6_defrt_periodic
                0x0000a8ca       0x38 contiki-z1.a(uip-ds6-route.o)
                0x0000a8ca                uip_ds6_defrt_periodic
 .any.text.echo_reply_input
                0x0000a902      0x10c contiki-z1.a(uip-icmp6.o)
 .any.text.echo_request_input
                0x0000aa0e      0x128 contiki-z1.a(uip-icmp6.o)
 .any.text.uip_icmp6_input
                0x0000ab36       0x44 contiki-z1.a(uip-icmp6.o)
                0x0000ab36                uip_icmp6_input
 .any.text.uip_icmp6_register_input_handler
                0x0000ab7a        0xc contiki-z1.a(uip-icmp6.o)
                0x0000ab7a                uip_icmp6_register_input_handler
 .any.text.uip_icmp6_error_output
                0x0000ab86      0x172 contiki-z1.a(uip-icmp6.o)
                0x0000ab86                uip_icmp6_error_output
 .any.text.uip_icmp6_send
                0x0000acf8       0x84 contiki-z1.a(uip-icmp6.o)
                0x0000acf8                uip_icmp6_send
 .any.text.uip_icmp6_init
                0x0000ad7c       0x12 contiki-z1.a(uip-icmp6.o)
                0x0000ad7c                uip_icmp6_init
 .any.text.uip_nd6_init
                0x0000ad8e        0x2 contiki-z1.a(uip-nd6.o)
                0x0000ad8e                uip_nd6_init
 .any.text.start_periodic_tcp_timer
                0x0000ad90       0x16 contiki-z1.a(tcpip.o)
 .any.text.tcpip_output
                0x0000ada6       0x10 contiki-z1.a(tcpip.o)
                0x0000ada6                tcpip_output
 .any.text.tcpip_set_outputfunc
                0x0000adb6        0x6 contiki-z1.a(tcpip.o)
                0x0000adb6                tcpip_set_outputfunc
 .any.text.udp_new
                0x0000adbc       0x1a contiki-z1.a(tcpip.o)
                0x0000adbc                udp_new
 .any.text.tcpip_input
                0x0000add6       0x16 contiki-z1.a(tcpip.o)
                0x0000add6                tcpip_input
 .any.text.tcpip_ipv6_output
                0x0000adec      0x12e contiki-z1.a(tcpip.o)
                0x0000adec                tcpip_ipv6_output
 .any.text.process_thread_tcpip_process
                0x0000af1a      0x1a8 contiki-z1.a(tcpip.o)
 .any.text.tcpip_uipcall
                0x0000b0c2       0x62 contiki-z1.a(tcpip.o)
                0x0000b0c2                tcpip_uipcall
 .any.text.uip_debug_ipaddr_print
                0x0000b124       0xbc contiki-z1.a(uip-debug.o)
                0x0000b124                uip_debug_ipaddr_print
 .any.text.uip_debug_lladdr_print
                0x0000b1e0       0x3c contiki-z1.a(uip-debug.o)
                0x0000b1e0                uip_debug_lladdr_print
 .any.text.rpl_get_mode
                0x0000b21c        0x6 contiki-z1.a(rpl.o)
                0x0000b21c                rpl_get_mode
 .any.text.rpl_purge_routes
                0x0000b222       0xb8 contiki-z1.a(rpl.o)
                0x0000b222                rpl_purge_routes
 .any.text.rpl_remove_routes
                0x0000b2da       0x22 contiki-z1.a(rpl.o)
                0x0000b2da                rpl_remove_routes
 .any.text.rpl_remove_routes_by_nexthop
                0x0000b2fc       0x3e contiki-z1.a(rpl.o)
                0x0000b2fc                rpl_remove_routes_by_nexthop
 .any.text.rpl_add_route
                0x0000b33a       0x84 contiki-z1.a(rpl.o)
                0x0000b33a                rpl_add_route
 .any.text.rpl_link_neighbor_callback
                0x0000b3be       0x7e contiki-z1.a(rpl.o)
                0x0000b3be                rpl_link_neighbor_callback
 .any.text.rpl_ipv6_neighbor_callback
                0x0000b43c       0x4e contiki-z1.a(rpl.o)
                0x0000b43c                rpl_ipv6_neighbor_callback
 .any.text.rpl_purge_dags
                0x0000b48a       0x7a contiki-z1.a(rpl.o)
                0x0000b48a                rpl_purge_dags
 .any.text.rpl_init
                0x0000b504       0x52 contiki-z1.a(rpl.o)
                0x0000b504                rpl_init
 .any.text.lollipop_greater_than
                0x0000b556       0x3c contiki-z1.a(rpl-dag.o)
 .any.text.find_parent_any_dag_any_instance
                0x0000b592       0x14 contiki-z1.a(rpl-dag.o)
 .any.text.rpl_set_preferred_parent
                0x0000b5a6       0x2c contiki-z1.a(rpl-dag.o)
 .any.text.set_ip_from_prefix
                0x0000b5d2       0x30 contiki-z1.a(rpl-dag.o)
 .any.text.check_prefix
                0x0000b602       0x70 contiki-z1.a(rpl-dag.o)
 .any.text.rpl_get_nbr
                0x0000b672       0x1e contiki-z1.a(rpl-dag.o)
                0x0000b672                rpl_get_nbr
 .any.text.rpl_dag_init
                0x0000b690        0xe contiki-z1.a(rpl-dag.o)
                0x0000b690                rpl_dag_init
 .any.text.rpl_get_parent
                0x0000b69e        0xc contiki-z1.a(rpl-dag.o)
                0x0000b69e                rpl_get_parent
 .any.text.rpl_get_parent_ipaddr
                0x0000b6aa       0x10 contiki-z1.a(rpl-dag.o)
                0x0000b6aa                rpl_get_parent_ipaddr
 .any.text.rpl_set_prefix
                0x0000b6ba       0x74 contiki-z1.a(rpl-dag.o)
                0x0000b6ba                rpl_set_prefix
 .any.text.rpl_set_default_route
                0x0000b72e       0x46 contiki-z1.a(rpl-dag.o)
                0x0000b72e                rpl_set_default_route
 .any.text.rpl_alloc_instance
                0x0000b774       0x34 contiki-z1.a(rpl-dag.o)
                0x0000b774                rpl_alloc_instance
 .any.text.rpl_add_parent
                0x0000b7a8       0x52 contiki-z1.a(rpl-dag.o)
                0x0000b7a8                rpl_add_parent
 .any.text.rpl_find_parent
                0x0000b7fa       0x1a contiki-z1.a(rpl-dag.o)
                0x0000b7fa                rpl_find_parent
 .any.text.rpl_find_parent_any_dag
                0x0000b814       0x22 contiki-z1.a(rpl-dag.o)
                0x0000b814                rpl_find_parent_any_dag
 .any.text.rpl_select_parent
                0x0000b836       0x74 contiki-z1.a(rpl-dag.o)
                0x0000b836                rpl_select_parent
 .any.text.rpl_select_dag
                0x0000b8aa      0x190 contiki-z1.a(rpl-dag.o)
                0x0000b8aa                rpl_select_dag
 .any.text.rpl_nullify_parent
                0x0000ba3a       0x4e contiki-z1.a(rpl-dag.o)
                0x0000ba3a                rpl_nullify_parent
 .any.text.rpl_remove_parent
                0x0000ba88       0x16 contiki-z1.a(rpl-dag.o)
                0x0000ba88                rpl_remove_parent
 .any.text.nbr_callback
                0x0000ba9e        0x6 contiki-z1.a(rpl-dag.o)
 .any.text.remove_parents.constprop.5
                0x0000baa4       0x2c contiki-z1.a(rpl-dag.o)
 .any.text.rpl_free_dag
                0x0000bad0       0x34 contiki-z1.a(rpl-dag.o)
                0x0000bad0                rpl_free_dag
 .any.text.rpl_move_parent
                0x0000bb04       0x52 contiki-z1.a(rpl-dag.o)
                0x0000bb04                rpl_move_parent
 .any.text.rpl_get_any_dag
                0x0000bb56       0x16 contiki-z1.a(rpl-dag.o)
                0x0000bb56                rpl_get_any_dag
 .any.text.rpl_get_instance
                0x0000bb6c       0x16 contiki-z1.a(rpl-dag.o)
                0x0000bb6c                rpl_get_instance
 .any.text.rpl_alloc_dag
                0x0000bb82       0x60 contiki-z1.a(rpl-dag.o)
                0x0000bb82                rpl_alloc_dag
 .any.text.rpl_repair_root
                0x0000bbe2       0x4c contiki-z1.a(rpl-dag.o)
                0x0000bbe2                rpl_repair_root
 .any.text.rpl_set_root
                0x0000bc2e      0x11a contiki-z1.a(rpl-dag.o)
                0x0000bc2e                rpl_set_root
 .any.text.rpl_find_of
                0x0000bd48       0x10 contiki-z1.a(rpl-dag.o)
                0x0000bd48                rpl_find_of
 .any.text.rpl_join_instance
                0x0000bd58      0x122 contiki-z1.a(rpl-dag.o)
                0x0000bd58                rpl_join_instance
 .any.text.rpl_local_repair
                0x0000be7a       0x7c contiki-z1.a(rpl-dag.o)
                0x0000be7a                rpl_local_repair
 .any.text.rpl_process_parent_event
                0x0000bef6       0x6a contiki-z1.a(rpl-dag.o)
                0x0000bef6                rpl_process_parent_event
 .any.text.rpl_recalculate_ranks
                0x0000bf60       0x44 contiki-z1.a(rpl-dag.o)
                0x0000bf60                rpl_recalculate_ranks
 .any.text.rpl_add_dag
                0x0000bfa4      0x10a contiki-z1.a(rpl-dag.o)
                0x0000bfa4                rpl_add_dag
 .any.text.rpl_process_dio
                0x0000c0ae      0x33a contiki-z1.a(rpl-dag.o)
                0x0000c0ae                rpl_process_dio
 .any.text.rpl_verify_header
                0x0000c3e8       0xfa contiki-z1.a(rpl-ext-header.)
                0x0000c3e8                rpl_verify_header
 .any.text.rpl_update_header_empty
                0x0000c4e2      0x12a contiki-z1.a(rpl-ext-header.)
                0x0000c4e2                rpl_update_header_empty
 .any.text.rpl_update_header_final
                0x0000c60c       0x8e contiki-z1.a(rpl-ext-header.)
                0x0000c60c                rpl_update_header_final
 .any.text.rpl_remove_header
                0x0000c69a       0x4c contiki-z1.a(rpl-ext-header.)
                0x0000c69a                rpl_remove_header
 .any.text.rpl_invert_header
                0x0000c6e6       0x74 contiki-z1.a(rpl-ext-header.)
                0x0000c6e6                rpl_invert_header
 .any.text.rpl_insert_header
                0x0000c75a       0x12 contiki-z1.a(rpl-ext-header.)
                0x0000c75a                rpl_insert_header
 .any.text.get32
                0x0000c76c       0x3e contiki-z1.a(rpl-icmp6.o)
 .any.text.set32
                0x0000c7aa       0x2a contiki-z1.a(rpl-icmp6.o)
 .any.text.get16
                0x0000c7d4        0xe contiki-z1.a(rpl-icmp6.o)
 .any.text.set16
                0x0000c7e2       0x10 contiki-z1.a(rpl-icmp6.o)
 .any.text.dao_ack_input
                0x0000c7f2        0xa contiki-z1.a(rpl-icmp6.o)
 .any.text.dio_input
                0x0000c7fc      0x3d6 contiki-z1.a(rpl-icmp6.o)
 .any.text.rpl_icmp6_update_nbr_table
                0x0000cbd2       0x5c contiki-z1.a(rpl-icmp6.o)
                0x0000cbd2                rpl_icmp6_update_nbr_table
 .any.text.dao_input
                0x0000cc2e      0x52c contiki-z1.a(rpl-icmp6.o)
 .any.text.dis_output
                0x0000d15a       0x70 contiki-z1.a(rpl-icmp6.o)
                0x0000d15a                dis_output
 .any.text.dio_output
                0x0000d1ca      0x2ea contiki-z1.a(rpl-icmp6.o)
                0x0000d1ca                dio_output
 .any.text.dis_input
                0x0000d4b4       0x96 contiki-z1.a(rpl-icmp6.o)
 .any.text.dao_output_target
                0x0000d54a      0x188 contiki-z1.a(rpl-icmp6.o)
                0x0000d54a                dao_output_target
 .any.text.dao_output
                0x0000d6d2       0xa8 contiki-z1.a(rpl-icmp6.o)
                0x0000d6d2                dao_output
 .any.text.rpl_icmp6_register_handlers
                0x0000d77a       0x22 contiki-z1.a(rpl-icmp6.o)
                0x0000d77a                rpl_icmp6_register_handlers
 .any.text.reset
                0x0000d79c        0x2 contiki-z1.a(rpl-jkof.o)
 .any.text.update_metric_container
                0x0000d79e        0x6 contiki-z1.a(rpl-jkof.o)
 .any.text.calculate_rank
                0x0000d7a4       0x80 contiki-z1.a(rpl-jkof.o)
 .any.text.neighbor_link_callback
                0x0000d824       0xa8 contiki-z1.a(rpl-jkof.o)
 .any.text.best_dag
                0x0000d8cc       0x2e contiki-z1.a(rpl-jkof.o)
 .any.text.calculate_path_metric.part.1
                0x0000d8fa       0x60 contiki-z1.a(rpl-jkof.o)
 .any.text.best_parent
                0x0000d95a       0x4e contiki-z1.a(rpl-jkof.o)
 .any.text.new_dio_interval
                0x0000d9a8       0x8a contiki-z1.a(rpl-timers.o)
 .any.text.handle_unicast_dio_timer
                0x0000da32       0x1c contiki-z1.a(rpl-timers.o)
 .any.text.set_dao_lifetime_timer
                0x0000da4e       0x84 contiki-z1.a(rpl-timers.o)
 .any.text.handle_periodic_timer
                0x0000dad2       0x32 contiki-z1.a(rpl-timers.o)
 .any.text.schedule_dao
                0x0000db04       0x72 contiki-z1.a(rpl-timers.o)
 .any.text.handle_dao_timer
                0x0000db76       0x64 contiki-z1.a(rpl-timers.o)
 .any.text.handle_dio_timer
                0x0000dbda       0x86 contiki-z1.a(rpl-timers.o)
 .any.text.rpl_reset_periodic_timer
                0x0000dc60       0x54 contiki-z1.a(rpl-timers.o)
                0x0000dc60                rpl_reset_periodic_timer
 .any.text.rpl_reset_dio_timer
                0x0000dcb4       0x18 contiki-z1.a(rpl-timers.o)
                0x0000dcb4                rpl_reset_dio_timer
 .any.text.rpl_schedule_dao
                0x0000dccc        0xc contiki-z1.a(rpl-timers.o)
                0x0000dccc                rpl_schedule_dao
 .any.text.rpl_schedule_unicast_dio_immediately
                0x0000dcd8       0x16 contiki-z1.a(rpl-timers.o)
                0x0000dcd8                rpl_schedule_unicast_dio_immediately
 .any.text.rpl_schedule_probing
                0x0000dcee       0x34 contiki-z1.a(rpl-timers.o)
                0x0000dcee                rpl_schedule_probing
 .any.text.handle_probing_timer
                0x0000dd22      0x108 contiki-z1.a(rpl-timers.o)
 .any.text.frame802154_get_pan_id
                0x0000de2a        0x6 contiki-z1.a(frame802154.o)
                0x0000de2a                frame802154_get_pan_id
 .any.text.frame802154_has_panid
                0x0000de30       0x64 contiki-z1.a(frame802154.o)
                0x0000de30                frame802154_has_panid
 .any.text.field_len
                0x0000de94       0xa8 contiki-z1.a(frame802154.o)
 .any.text.frame802154_is_broadcast_addr
                0x0000df3c       0x28 contiki-z1.a(frame802154.o)
                0x0000df3c                frame802154_is_broadcast_addr
 .any.text.frame802154_hdrlen
                0x0000df64       0x32 contiki-z1.a(frame802154.o)
                0x0000df64                frame802154_hdrlen
 .any.text.frame802154_create
                0x0000df96      0x136 contiki-z1.a(frame802154.o)
                0x0000df96                frame802154_create
 .any.text.frame802154_parse
                0x0000e0cc      0x1be contiki-z1.a(frame802154.o)
                0x0000e0cc                frame802154_parse
 .any.text.send_packet
                0x0000e28a        0x6 contiki-z1.a(nullmac.o)
 .any.text.packet_input
                0x0000e290        0x6 contiki-z1.a(nullmac.o)
 .any.text.on   0x0000e296        0x6 contiki-z1.a(nullmac.o)
 .any.text.off  0x0000e29c        0x6 contiki-z1.a(nullmac.o)
 .any.text.channel_check_interval
                0x0000e2a2        0x4 contiki-z1.a(nullmac.o)
 .any.text.init
                0x0000e2a6        0x2 contiki-z1.a(nullmac.o)
 .any.text.on   0x0000e2a8        0x6 contiki-z1.a(nullrdc.o)
 .any.text.channel_check_interval
                0x0000e2ae        0x4 contiki-z1.a(nullrdc.o)
 .any.text.init
                0x0000e2b2        0x6 contiki-z1.a(nullrdc.o)
 .any.text.packet_input
                0x0000e2b8       0x92 contiki-z1.a(nullrdc.o)
 .any.text.off  0x0000e34a       0x10 contiki-z1.a(nullrdc.o)
 .any.text.send_list
                0x0000e35a       0x28 contiki-z1.a(nullrdc.o)
 .any.text.send_packet
                0x0000e382        0x6 contiki-z1.a(nullrdc.o)
 .any.text.linkaddr_copy
                0x0000e388        0x8 contiki-z1.a(linkaddr.o)
                0x0000e388                linkaddr_copy
 .any.text.linkaddr_cmp
                0x0000e390       0x12 contiki-z1.a(linkaddr.o)
                0x0000e390                linkaddr_cmp
 .any.text.linkaddr_set_node_addr
                0x0000e3a2        0xc contiki-z1.a(linkaddr.o)
                0x0000e3a2                linkaddr_set_node_addr
 .any.text.linkaddr_set_node_long_addr
                0x0000e3ae        0xc contiki-z1.a(linkaddr.o)
                0x0000e3ae                linkaddr_set_node_long_addr
 .any.text.item_from_index
                0x0000e3ba       0x2a contiki-z1.a(nbr-table.o)
 .any.text.index_from_key
                0x0000e3e4       0x26 contiki-z1.a(nbr-table.o)
 .any.text.index_from_item
                0x0000e40a       0x1e contiki-z1.a(nbr-table.o)
 .any.text.nbr_set_bit
                0x0000e428       0x50 contiki-z1.a(nbr-table.o)
 .any.text.nbr_table_lock
                0x0000e478       0x10 contiki-z1.a(nbr-table.o)
                0x0000e478                nbr_table_lock
 .any.text.packetbuf_set_datalen
                0x0000e488        0x6 contiki-z1.a(packetbuf.o)
                0x0000e488                packetbuf_set_datalen
 .any.text.packetbuf_hdrptr
                0x0000e48e        0x6 contiki-z1.a(packetbuf.o)
                0x0000e48e                packetbuf_hdrptr
 .any.text.init
                0x0000e494        0x2 contiki-z1.a(nullsec.o)

.rodata         0x0000e498     0x19e3
                0x0000e498                . = ALIGN (0x2)
 *(.rodata .rodata.* .gnu.linkonce.r.*)
 .rodata.process_thread_udp_server_process
                0x0000e498      0x120 udp-server.co
 .rodata.autostart_processes
                0x0000e5b8        0x4 udp-server.co
                0x0000e5b8                autostart_processes
 .rodata        0x0000e5bc       0x13 udp-server.co
 .rodata        0x0000e5cf      0x26b obj_z1/contiki-z1-main.o
 .rodata.cc2420_prepare
                0x0000e83a       0x1a contiki-z1.a(cc2420.o)
 .rodata.process_thread_cc2420_process
                0x0000e854       0x42 contiki-z1.a(cc2420.o)
 .rodata.cc2420_transmit
                0x0000e896       0x2d contiki-z1.a(cc2420.o)
 *fill*         0x0000e8c3        0x1 00
 .rodata.get_value
                0x0000e8c4       0x44 contiki-z1.a(cc2420.o)
 .rodata.set_value
                0x0000e908       0x20 contiki-z1.a(cc2420.o)
 .rodata.cc2420_driver
                0x0000e928       0x38 contiki-z1.a(cc2420.o)
                0x0000e928                cc2420_driver
 .rodata        0x0000e960        0xe contiki-z1.a(cc2420.o)
 .rodata.output_power
                0x0000e96e       0x10 contiki-z1.a(cc2420.o)
 .rodata.node_id_restore
                0x0000e97e       0x2d contiki-z1.a(node-id.o)
 .rodata        0x0000e9ab        0x8 contiki-z1.a(sensors.o)
 .rodata        0x0000e9b3        0x7 contiki-z1.a(button-sensor.o)
 .rodata.button_sensor
                0x0000e9ba        0xe contiki-z1.a(button-sensor.o)
                0x0000e9ba                button_sensor
 .rodata.get_value
                0x0000e9c8       0x44 contiki-z1.a(cc1200.o)
 .rodata.idle   0x0000ea0c       0x33 contiki-z1.a(cc1200.o)
 .rodata.rx_rx  0x0000ea3f       0x24 contiki-z1.a(cc1200.o)
 .rodata.calibrate
                0x0000ea63       0x30 contiki-z1.a(cc1200.o)
 .rodata.idle_calibrate_rx
                0x0000ea93       0x60 contiki-z1.a(cc1200.o)
 *fill*         0x0000eaf3        0x1 00
 .rodata.set_value
                0x0000eaf4       0x20 contiki-z1.a(cc1200.o)
 .rodata.read   0x0000eb14       0x25 contiki-z1.a(cc1200.o)
 .rodata.prepare
                0x0000eb39       0x1c contiki-z1.a(cc1200.o)
 .rodata.idle_tx_rx
                0x0000eb55       0x43 contiki-z1.a(cc1200.o)
 .rodata.transmit
                0x0000eb98       0x2d contiki-z1.a(cc1200.o)
 .rodata.send   0x0000ebc5       0x3e contiki-z1.a(cc1200.o)
 .rodata.cc1200_init
                0x0000ec03       0x66 contiki-z1.a(cc1200.o)
 .rodata        0x0000ec69        0xe contiki-z1.a(cc1200.o)
 *fill*         0x0000ec77        0x1 00
 .rodata.cc1200_driver
                0x0000ec78       0x38 contiki-z1.a(cc1200.o)
                0x0000ec78                cc1200_driver
 .rodata.cc1200_802154g_863_870_fsk_50kbps
                0x0000ecb0       0x12 contiki-z1.a(cc1200-802154g-)
                0x0000ecb0                cc1200_802154g_863_870_fsk_50kbps
 .rodata.rf_cfg_descriptor
                0x0000ecc2       0x24 contiki-z1.a(cc1200-802154g-)
 .rodata.preferredSettings
                0x0000ece6       0xd0 contiki-z1.a(cc1200-802154g-)
 .rodata.cc1200_arch_gpio0_setup_irq
                0x0000edb6       0x39 contiki-z1.a(cc1200-z1-arch.)
 .rodata.cc1200_arch_gpio2_setup_irq
                0x0000edef       0x39 contiki-z1.a(cc1200-z1-arch.)
 .rodata.port1_isr
                0x0000ee28       0x7a contiki-z1.a(adxl345.o)
 .rodata        0x0000eea2       0x25 contiki-z1.a(adxl345.o)
 .rodata.process_thread_dual_dis_broadcast
                0x0000eec7       0x70 contiki-z1.a(dual_radio.o)
 .rodata.process_thread_dual_dio_broadcast
                0x0000ef37       0x70 contiki-z1.a(dual_radio.o)
 .rodata.dual_radio_received
                0x0000efa7       0x63 contiki-z1.a(dual_radio.o)
 .rodata        0x0000f00a       0x1b contiki-z1.a(dual_radio.o)
 .rodata        0x0000f025        0xf contiki-z1.a(ctimer.o)
 .rodata        0x0000f034        0xc contiki-z1.a(etimer.o)
 .rodata        0x0000f040        0xb contiki-z1.a(sicslowpan.o)
 *fill*         0x0000f04b        0x1 00
 .rodata.sicslowpan_driver
                0x0000f04c        0xa contiki-z1.a(sicslowpan.o)
                0x0000f04c                sicslowpan_driver
 .rodata.llprefix
                0x0000f056        0x2 contiki-z1.a(sicslowpan.o)
                0x0000f056                llprefix
 .rodata.unc_mxconf
                0x0000f058        0x4 contiki-z1.a(sicslowpan.o)
                0x0000f058                unc_mxconf
 .rodata.unc_ctxconf
                0x0000f05c        0x4 contiki-z1.a(sicslowpan.o)
                0x0000f05c                unc_ctxconf
 .rodata.unc_llconf
                0x0000f060        0x4 contiki-z1.a(sicslowpan.o)
                0x0000f060                unc_llconf
 .rodata.ttl_values
                0x0000f064        0x4 contiki-z1.a(sicslowpan.o)
 .rodata.uip_process
                0x0000f068       0x40 contiki-z1.a(uip6.o)
 .rodata.uip_ds6_nbr_add
                0x0000f0a8       0xae contiki-z1.a(uip-ds6-nbr.o)
 .rodata        0x0000f156        0xd contiki-z1.a(tcpip.o)
 .rodata.uip_debug_ipaddr_print
                0x0000f163       0x28 contiki-z1.a(uip-debug.o)
 .rodata.uip_debug_lladdr_print
                0x0000f18b       0x14 contiki-z1.a(uip-debug.o)
 .rodata.rpl_purge_routes
                0x0000f19f       0x2c contiki-z1.a(rpl.o)
 .rodata.rpl_add_route
                0x0000f1cb       0x45 contiki-z1.a(rpl.o)
 .rodata.rpl_link_neighbor_callback
                0x0000f210       0x32 contiki-z1.a(rpl.o)
 .rodata.rpl_ipv6_neighbor_callback
                0x0000f242       0x5b contiki-z1.a(rpl.o)
 .rodata.rpl_purge_dags
                0x0000f29d        0xe contiki-z1.a(rpl.o)
 .rodata.rpl_init
                0x0000f2ab        0xc contiki-z1.a(rpl.o)
 .rodata.dio_input
                0x0000f2b7      0x2a1 contiki-z1.a(rpl-icmp6.o)
 .rodata.rpl_icmp6_update_nbr_table
                0x0000f558       0x2a contiki-z1.a(rpl-icmp6.o)
 .rodata.dao_input
                0x0000f582      0x2d3 contiki-z1.a(rpl-icmp6.o)
 .rodata.dis_output
                0x0000f855       0x17 contiki-z1.a(rpl-icmp6.o)
 .rodata.dio_output
                0x0000f86c       0xdc contiki-z1.a(rpl-icmp6.o)
 .rodata.dis_input
                0x0000f948       0x99 contiki-z1.a(rpl-icmp6.o)
 .rodata.dao_output_target
                0x0000f9e1      0x168 contiki-z1.a(rpl-icmp6.o)
 .rodata.dao_output
                0x0000fb49       0x3b contiki-z1.a(rpl-icmp6.o)
 .rodata.CSWTCH.16
                0x0000fb84        0x2 contiki-z1.a(frame802154.o)
 .rodata        0x0000fb86        0x8 contiki-z1.a(nullmac.o)
 .rodata.nullmac_driver
                0x0000fb8e       0x1a contiki-z1.a(nullmac.o)
                0x0000fb8e                nullmac_driver
 .rodata.packet_input
                0x0000fba8       0x9d contiki-z1.a(nullrdc.o)
 .rodata.send_one_packet
                0x0000fc45       0x5c contiki-z1.a(nullrdc.o)
 .rodata        0x0000fca1        0x8 contiki-z1.a(nullrdc.o)
 *fill*         0x0000fca9        0x1 00
 .rodata.nullrdc_driver
                0x0000fcaa       0x1e contiki-z1.a(nullrdc.o)
                0x0000fcaa                nullrdc_driver
 .rodata.linkaddr_null
                0x0000fcc8        0x8 contiki-z1.a(linkaddr.o)
                0x0000fcc8                linkaddr_null
 .rodata.contikimac_framer
                0x0000fcd0        0xc contiki-z1.a(contikimac-fram)
                0x0000fcd0                contikimac_framer
 .rodata        0x0000fcdc        0x8 contiki-z1.a(nullsec.o)
 .rodata.nullsec_driver
                0x0000fce4        0xe contiki-z1.a(nullsec.o)
                0x0000fce4                nullsec_driver
 .rodata.update_nbr
                0x0000fcf2       0x7a contiki-z1.a(rpl-nbr-policy.)
 .rodata.find_removable_dis
                0x0000fd6c       0x40 contiki-z1.a(rpl-nbr-policy.)
 .rodata.find_removable_dio
                0x0000fdac       0x90 contiki-z1.a(rpl-nbr-policy.)
 .rodata.find_removable_dao
                0x0000fe3c       0x2c contiki-z1.a(rpl-nbr-policy.)
 .rodata.framer_802154
                0x0000fe68        0xc contiki-z1.a(framer-802154.o)
                0x0000fe68                framer_802154
 .rodata.vuprintf
                0x0000fe74        0x7 /usr/local/msp430/bin/../lib/gcc/msp430/4.7.0/../../../../msp430/lib/mcpu-430x/mmpy-16/msr20/mc20/libc.a(vuprintf.o)
 *(.near.rodata .near.rodata.*)
                0x0000fe7c                . = ALIGN (0x2)
                0x0000fe7c                _etext = .

.data           0x00001100      0x142 load address 0x0000fe7c
                0x00001100                . = ALIGN (0x2)
                0x00001100                __data_start = .
 *(.data .data.* .gnu.linkonce.d.*)
 .data.udp_server_process
                0x00001100        0xc udp-server.co
                0x00001100                udp_server_process
 .data.alpha    0x0000110c        0x1 udp-server.co
                0x0000110c                alpha
 .data.remaining_energy
                0x0000110d        0x1 udp-server.co
                0x0000110d                remaining_energy
 .data.sensors  0x0000110e        0x4 obj_z1/contiki-z1-main.o
                0x0000110e                sensors
 .data.cur_break
                0x00001112        0x2 contiki-z1.a(msp430.o)
 .data.cc2420_process
                0x00001114        0xc contiki-z1.a(cc2420.o)
                0x00001114                cc2420_process
 .data.send_on_cca
                0x00001120        0x1 contiki-z1.a(cc2420.o)
 *fill*         0x00001121        0x1 00
 .data.sensors_process
                0x00001122        0xc contiki-z1.a(sensors.o)
                0x00001122                sensors_process
 .data.cc1200_process
                0x0000112e        0xc contiki-z1.a(cc1200.o)
                0x0000112e                cc1200_process
 .data.accmeter_process
                0x0000113a        0xc contiki-z1.a(adxl345.o)
                0x0000113a                accmeter_process
 .data.adxl345_default_settings
                0x00001146       0x16 contiki-z1.a(adxl345.o)
 .data.dual_dis_broadcast
                0x0000115c        0xc contiki-z1.a(dual_radio.o)
                0x0000115c                dual_dis_broadcast
 .data.dual_dio_broadcast
                0x00001168        0xc contiki-z1.a(dual_radio.o)
                0x00001168                dual_dio_broadcast
 .data.radio_received
                0x00001174        0x2 contiki-z1.a(dual_radio.o)
                0x00001174                radio_received
 .data.ctimer_process
                0x00001176        0xc contiki-z1.a(ctimer.o)
                0x00001176                ctimer_process
 .data.etimer_process
                0x00001182        0xc contiki-z1.a(etimer.o)
                0x00001182                etimer_process
 .data.ds6_neighbors
                0x0000118e        0x2 contiki-z1.a(uip-ds6-nbr.o)
                0x0000118e                ds6_neighbors
 .data.ds6_neighbors_struct
                0x00001190        0xa contiki-z1.a(uip-ds6-nbr.o)
 .data.nbr_routes
                0x0000119a        0x2 contiki-z1.a(uip-ds6-route.o)
                0x0000119a                nbr_routes
 .data.routememb
                0x0000119c        0x8 contiki-z1.a(uip-ds6-route.o)
 .data.defaultroutermemb
                0x000011a4        0x8 contiki-z1.a(uip-ds6-route.o)
 .data.neighborroutememb
                0x000011ac        0x8 contiki-z1.a(uip-ds6-route.o)
 .data.nbr_routes_struct
                0x000011b4        0xa contiki-z1.a(uip-ds6-route.o)
 .data.echo_request_handler
                0x000011be        0x8 contiki-z1.a(uip-icmp6.o)
 .data.echo_reply_handler
                0x000011c6        0x8 contiki-z1.a(uip-icmp6.o)
 .data.tcpip_process
                0x000011ce        0xc contiki-z1.a(tcpip.o)
                0x000011ce                tcpip_process
 .data.rpl_parents
                0x000011da        0x2 contiki-z1.a(rpl-dag.o)
                0x000011da                rpl_parents
 .data.rpl_parents_struct
                0x000011dc        0xa contiki-z1.a(rpl-dag.o)
 .data.dao_sequence
                0x000011e6        0x1 contiki-z1.a(rpl-icmp6.o)
 *fill*         0x000011e7        0x1 00
 .data.dis_handler
                0x000011e8        0x8 contiki-z1.a(rpl-icmp6.o)
 .data.dio_handler
                0x000011f0        0x8 contiki-z1.a(rpl-icmp6.o)
 .data.dao_handler
                0x000011f8        0x8 contiki-z1.a(rpl-icmp6.o)
 .data.dao_ack_handler
                0x00001200        0x8 contiki-z1.a(rpl-icmp6.o)
 .data.rpl_jkof
                0x00001208       0x1a contiki-z1.a(rpl-jkof.o)
                0x00001208                rpl_jkof
 .data.mac_pan_id
                0x00001222        0x2 contiki-z1.a(frame802154.o)
 .data.neighbor_addr_mem
                0x00001224        0x8 contiki-z1.a(nbr-table.o)
 .data.buframmem
                0x0000122c        0x8 contiki-z1.a(queuebuf.o)
 .data.bufmem   0x00001234        0x8 contiki-z1.a(queuebuf.o)
 .data.prescale_lsb
                0x0000123c        0x1 contiki-z1.a(i2cmaster.o)
                0x0000123c                prescale_lsb
 *fill*         0x0000123d        0x1 00
 .data.next     0x0000123e        0x4 /usr/local/msp430/bin/../lib/gcc/msp430/4.7.0/../../../../msp430/lib/mcpu-430x/mmpy-16/msr20/mc20/libc.a(rand.o)
 *(.near.data .near.data.*)
                0x00001242                . = ALIGN (0x2)
                0x00001242                _edata = .
                0x0000fe7c                __data_load_start = LOADADDR (.data)
                0x00000142                __data_size = SIZEOF (.data)

.bss            0x00001242     0x1b94 load address 0x0000ffbe
                0x00001242                __bss_start = .
 *(.bss .bss.*)
 .bss.server_conn
                0x00001242        0x2 udp-server.co
 .bss.irq_energest.4271
                0x00001244        0x4 obj_z1/contiki-z1-main.o
 .bss.leds      0x00001248        0x1 contiki-z1.a(leds.o)
 *fill*         0x00001249        0x1 00
 .bss.counter   0x0000124a        0x2 contiki-z1.a(watchdog.o)
 .bss.poll_mode
                0x0000124c        0x1 contiki-z1.a(cc2420.o)
 *fill*         0x0000124d        0x1 00
 .bss.last_packet_timestamp
                0x0000124e        0x2 contiki-z1.a(cc2420.o)
 .bss.locked    0x00001250        0x1 contiki-z1.a(cc2420.o)
 .bss.lock_on   0x00001251        0x1 contiki-z1.a(cc2420.o)
 .bss.lock_off  0x00001252        0x1 contiki-z1.a(cc2420.o)
 .bss.receive_on
                0x00001253        0x1 contiki-z1.a(cc2420.o)
 .bss.channel   0x00001254        0x2 contiki-z1.a(cc2420.o)
 .bss.node_id   0x00001256        0x2 contiki-z1.a(node-id.o)
                0x00001256                node_id
 .bss.num_sensors
                0x00001258        0x1 contiki-z1.a(sensors.o)
 *fill*         0x00001259        0x1 00
 .bss.i.2162    0x0000125a        0x2 contiki-z1.a(sensors.o)
 .bss.events.2163
                0x0000125c        0x2 contiki-z1.a(sensors.o)
 .bss.debouncetimer
                0x0000125e        0x8 contiki-z1.a(button-sensor.o)
 .bss.transmitting
                0x00001266        0x1 contiki-z1.a(uart0.o)
 *fill*         0x00001267        0x1 00
 .bss.uart0_input_handler
                0x00001268        0x4 contiki-z1.a(uart0.o)
 .bss.rx_pkt_len
                0x0000126c        0x2 contiki-z1.a(cc1200.o)
 .bss.spi_locked
                0x0000126e        0x1 contiki-z1.a(cc1200.o)
 .bss.rf_flags  0x0000126f        0x1 contiki-z1.a(cc1200.o)
 .bss.rx_mode_value
                0x00001270        0x2 contiki-z1.a(cc1200.o)
 .bss.tx_mode_value
                0x00001272        0x2 contiki-z1.a(cc1200.o)
 .bss.new_txpower
                0x00001274        0x1 contiki-z1.a(cc1200.o)
 .bss.new_cca_threshold
                0x00001275        0x1 contiki-z1.a(cc1200.o)
 .bss.new_rf_channel
                0x00001276        0x1 contiki-z1.a(cc1200.o)
 .bss.rf_channel
                0x00001277        0x1 contiki-z1.a(cc1200.o)
 .bss.txpower   0x00001278        0x1 contiki-z1.a(cc1200.o)
 .bss.cca_threshold
                0x00001279        0x1 contiki-z1.a(cc1200.o)
 .bss.cal_timer
                0x0000127a        0x4 contiki-z1.a(cc1200.o)
 .bss.rx_pkt    0x0000127e       0x81 contiki-z1.a(cc1200.o)
 *fill*         0x000012ff        0x1 00
 .bss.tx_pkt_len
                0x00001300        0x2 contiki-z1.a(cc1200.o)
 .bss.tx_pkt    0x00001302       0x7f contiki-z1.a(cc1200.o)
 *fill*         0x00001381        0x1 00
 .bss.payload_len.3231
                0x00001382        0x2 contiki-z1.a(cc1200.o)
 .bss.bytes_read.3232
                0x00001384        0x2 contiki-z1.a(cc1200.o)
 .bss.buf.3233  0x00001386       0x81 contiki-z1.a(cc1200.o)
 .bss.enabled   0x00001407        0x1 contiki-z1.a(adxl345.o)
 .bss.int1_mask
                0x00001408        0x2 contiki-z1.a(adxl345.o)
 .bss.int2_mask
                0x0000140a        0x2 contiki-z1.a(adxl345.o)
 .bss.suppressTimer1
                0x0000140c        0x8 contiki-z1.a(adxl345.o)
 .bss.suppressTimer2
                0x00001414        0x8 contiki-z1.a(adxl345.o)
 .bss.long_range_radio
                0x0000141c        0x2 contiki-z1.a(dual_radio.o)
                0x0000141c                long_range_radio
 .bss.temp_instance
                0x0000141e        0x2 contiki-z1.a(dual_radio.o)
 .bss.et.3645   0x00001420        0xc contiki-z1.a(dual_radio.o)
 .bss.et.3654   0x0000142c        0xc contiki-z1.a(dual_radio.o)
 .bss.last_tar  0x00001438        0x2 contiki-z1.a(clock.o)
 .bss.count     0x0000143a        0x4 contiki-z1.a(clock.o)
 .bss.seconds   0x0000143e        0x4 contiki-z1.a(clock.o)
 .bss.initialized
                0x00001442        0x1 contiki-z1.a(ctimer.o)
 *fill*         0x00001443        0x1 00
 .bss.ctimer_list_list
                0x00001444        0x2 contiki-z1.a(ctimer.o)
 .bss.timerlist
                0x00001446        0x2 contiki-z1.a(etimer.o)
 .bss.next_expiration
                0x00001448        0x4 contiki-z1.a(etimer.o)
 .bss.poll_requested
                0x0000144c        0x1 contiki-z1.a(process.o)
 *fill*         0x0000144d        0x1 00
 .bss.process_current
                0x0000144e        0x2 contiki-z1.a(process.o)
                0x0000144e                process_current
 .bss.process_list
                0x00001450        0x2 contiki-z1.a(process.o)
                0x00001450                process_list
 .bss.lastevent
                0x00001452        0x1 contiki-z1.a(process.o)
 .bss.fevent    0x00001453        0x1 contiki-z1.a(process.o)
 .bss.nevents   0x00001454        0x1 contiki-z1.a(process.o)
 *fill*         0x00001455        0x1 00
 .bss.events    0x00001456       0x30 contiki-z1.a(process.o)
 .bss.ev.1931   0x00001486        0x1 contiki-z1.a(process.o)
 *fill*         0x00001487        0x1 00
 .bss.data.1932
                0x00001488        0x2 contiki-z1.a(process.o)
 .bss.receiver.1933
                0x0000148a        0x2 contiki-z1.a(process.o)
 .bss.p.1934    0x0000148c        0x2 contiki-z1.a(process.o)
 .bss.snum.1949
                0x0000148e        0x1 contiki-z1.a(process.o)
 *fill*         0x0000148f        0x1 00
 .bss.next_rtimer
                0x00001490        0x2 contiki-z1.a(rtimer.o)
 .bss.callback  0x00001492        0x2 contiki-z1.a(sicslowpan.o)
 .bss.addr_contexts
                0x00001494       0x14 contiki-z1.a(sicslowpan.o)
 .bss.uncomp_hdr_len
                0x000014a8        0x1 contiki-z1.a(sicslowpan.o)
 .bss.packetbuf_hdr_len
                0x000014a9        0x1 contiki-z1.a(sicslowpan.o)
 .bss.packetbuf_ptr
                0x000014aa        0x2 contiki-z1.a(sicslowpan.o)
 .bss.last_tx_status
                0x000014ac        0x2 contiki-z1.a(sicslowpan.o)
 .bss.my_tag    0x000014ae        0x2 contiki-z1.a(sicslowpan.o)
 .bss.packetbuf_payload_len
                0x000014b0        0x2 contiki-z1.a(sicslowpan.o)
 .bss.hc06_ptr  0x000014b2        0x2 contiki-z1.a(sicslowpan.o)
 .bss.context   0x000014b4        0x2 contiki-z1.a(sicslowpan.o)
 .bss.last_rssi