Archive member included because of file (symbol)

contiki-z1.a(contiki-z1-plat)
                              obj_z1/contiki-z1-main.o (init_platform)
contiki-z1.a(msp430.o)        obj_z1/contiki-z1-main.o (splhigh_)
contiki-z1.a(leds.o)          obj_z1/contiki-z1-main.o (leds_init)
contiki-z1.a(watchdog.o)      obj_z1/contiki-z1-main.o (watchdog_start)
contiki-z1.a(xmem.o)          obj_z1/contiki-z1-main.o (xmem_init)
contiki-z1.a(spi.o)           contiki-z1.a(xmem.o) (spi_init)
contiki-z1.a(cc2420.o)        obj_z1/contiki-z1-main.o (cc2420_set_pan_addr)
contiki-z1.a(cc2420-arch.o)   contiki-z1.a(cc2420.o) (cc2420_arch_init)
contiki-z1.a(node-id.o)       obj_z1/contiki-z1-main.o (node_id_restore)
contiki-z1.a(sensors.o)       udp-server.co (sensors_event)
contiki-z1.a(button-sensor.o)
                              udp-server.co (button_sensor)
contiki-z1.a(uart0.o)         obj_z1/contiki-z1-main.o (uart0_active)
contiki-z1.a(uart0-putchar.o)
                              udp-server.co (putchar)
contiki-z1.a(cc1200.o)        obj_z1/contiki-z1-main.o (cc1200_init)
contiki-z1.a(cc1200-802154g-)
                              contiki-z1.a(cc1200.o) (cc1200_802154g_863_870_fsk_50kbps)
contiki-z1.a(cc1200-z1-arch.)
                              contiki-z1.a(cc1200.o) (cc1200_arch_spi_select)
contiki-z1.a(adxl345.o)       obj_z1/contiki-z1-main.o (accm_init)
contiki-z1.a(dual_radio.o)    contiki-z1.a(cc1200.o) (long_range_radio)
contiki-z1.a(clock.o)         obj_z1/contiki-z1-main.o (clock_init)
contiki-z1.a(leds-arch.o)     contiki-z1.a(leds.o) (leds_arch_init)
contiki-z1.a(rtimer-arch.o)   obj_z1/contiki-z1-main.o (rtimer_arch_now)
contiki-z1.a(autostart.o)     obj_z1/contiki-z1-main.o (autostart_start)
contiki-z1.a(ctimer.o)        obj_z1/contiki-z1-main.o (ctimer_init)
contiki-z1.a(energest.o)      obj_z1/contiki-z1-main.o (energest_init)
contiki-z1.a(etimer.o)        contiki-z1.a(clock.o) (etimer_request_poll)
contiki-z1.a(process.o)       udp-server.co (process_current)
contiki-z1.a(rtimer.o)        obj_z1/contiki-z1-main.o (rtimer_init)
contiki-z1.a(timer.o)         contiki-z1.a(button-sensor.o) (timer_set)
contiki-z1.a(list.o)          contiki-z1.a(ctimer.o) (list_init)
contiki-z1.a(random.o)        obj_z1/contiki-z1-main.o (random_init)
contiki-z1.a(sicslowpan.o)    obj_z1/contiki-z1-main.o (sicslowpan_driver)
contiki-z1.a(uip6.o)          udp-server.co (uip_aligned_buf)
contiki-z1.a(uip-ds6.o)       contiki-z1.a(uip6.o) (uip_ds6_is_addr_onlink)
contiki-z1.a(uip-ds6-nbr.o)   contiki-z1.a(uip-ds6.o) (uip_ds6_neighbors_init)
contiki-z1.a(uip-ds6-route.o)
                              contiki-z1.a(uip-ds6.o) (uip_ds6_route_init)
contiki-z1.a(uip-icmp6.o)     contiki-z1.a(uip6.o) (uip_icmp6_input)
contiki-z1.a(uip-nd6.o)       contiki-z1.a(uip6.o) (uip_nd6_init)
contiki-z1.a(tcpip.o)         contiki-z1.a(sicslowpan.o) (tcpip_set_outputfunc)
contiki-z1.a(uip-debug.o)     udp-server.co (uip_debug_ipaddr_print)
contiki-z1.a(rpl.o)           contiki-z1.a(uip-ds6-nbr.o) (rpl_link_neighbor_callback)
contiki-z1.a(rpl-dag.o)       contiki-z1.a(rpl.o) (default_instance)
contiki-z1.a(rpl-ext-header.)
                              contiki-z1.a(uip6.o) (rpl_verify_header)
contiki-z1.a(rpl-icmp6.o)     contiki-z1.a(rpl-dag.o) (rpl_icmp6_update_nbr_table)
contiki-z1.a(rpl-jkof.o)      contiki-z1.a(rpl.o) (rpl_jkof)
contiki-z1.a(rpl-timers.o)    contiki-z1.a(rpl.o) (rpl_reset_periodic_timer)
contiki-z1.a(frame802154.o)   contiki-z1.a(cc1200.o) (frame802154_parse)
contiki-z1.a(framer-802154.o)
                              contiki-z1.a(sicslowpan.o) (framer_802154)
contiki-z1.a(nullmac.o)       udp-server.co (nullmac_driver)
contiki-z1.a(nullrdc.o)       obj_z1/contiki-z1-main.o (nullrdc_driver)
contiki-z1.a(linkaddr.o)      obj_z1/contiki-z1-main.o (linkaddr_copy)
contiki-z1.a(nbr-table.o)     contiki-z1.a(uip-ds6-nbr.o) (lladdr_map_add_lr)
contiki-z1.a(packetbuf.o)     contiki-z1.a(framer-802154.o) (packetbuf_hdrreduce)
contiki-z1.a(queuebuf.o)      obj_z1/contiki-z1-main.o (queuebuf_init)
contiki-z1.a(nullsec.o)       contiki-z1.a(sicslowpan.o) (nullsec_driver)
contiki-z1.a(i2cmaster.o)     contiki-z1.a(adxl345.o) (i2c_receiveinit)
contiki-z1.a(stimer.o)        contiki-z1.a(uip-ds6.o) (stimer_set)
contiki-z1.a(memb.o)          contiki-z1.a(uip-ds6-route.o) (memb_init)
contiki-z1.a(rpl-nbr-policy.)
                              contiki-z1.a(nbr-table.o) (rpl_nbr_policy_find_removable)
contiki-z1.a(mac.o)           contiki-z1.a(nullrdc.o) (mac_call_sent_callback)
contiki-z1.a(mac-sequence.o)  contiki-z1.a(nullrdc.o) (mac_sequence_is_duplicate)
/usr/local/msp430/bin/../lib/gcc/msp430/4.7.0/mcpu-430x/mmpy-16/msr20/mc20/libgcc.a(_mulsi3.o)
                              contiki-z1.a(rpl-timers.o) (__mulsi3)
/usr/local/msp430/bin/../lib/gcc/msp430/4.7.0/mcpu-430x/mmpy-16/msr20/mc20/libgcc.a(_udivmod16.o)
                              contiki-z1.a(cc1200-z1-arch.) (__udivhi3)
[...]
Memory Configuration

Name             Origin             Length             Attributes
sfr              0x00000000         0x00000010
peripheral_8bit  0x00000010         0x000000f0
peripheral_16bit 0x00000100         0x00000100
ram_mirror       0x00000200         0x00000800         xw
infomem          0x00001000         0x00000100
infod            0x00001000         0x00000040
infoc            0x00001040         0x00000040
infob            0x00001080         0x00000040
infoa            0x000010c0         0x00000040
ram              0x00001100         0x00002000         xw
rom              0x00003100         0x0000cebe         xr
vectors          0x0000ffc0         0x00000040
far_rom          0x00010000         0x0000a000
bsl              0x00000000         0x00000000
ram2             0x00000000         0x00000000         xw
usbram           0x00000000         0x00000000         xw
*default*        0x00000000         0xffffffff

Linker script and memory map

LOAD /usr/local/msp430/bin/../lib/gcc/msp430/4.7.0/mcpu-430x/mmpy-16/msr20/mc20/crt0ivtbl32.o
                0x00000041                __P1SEL2 = 0x41
                0x00000045                __P5SEL2 = 0x45
LOAD udp-server.co
LOAD obj_z1/contiki-z1-main.o
LOAD contiki-z1.a
LOAD /usr/local/msp430/bin/../lib/gcc/msp430/4.7.0/mcpu-430x/mmpy-16/msr20/mc20/libgcc.a
LOAD /usr/local/msp430/bin/../lib/gcc/msp430/4.7.0/../../../../msp430/lib/mcpu-430x/mmpy-16/msr20/mc20/libc.a
LOAD /usr/local/msp430/bin/../lib/gcc/msp430/4.7.0/mcpu-430x/mmpy-16/msr20/mc20/libgcc.a
LOAD /usr/local/msp430/bin/../lib/gcc/msp430/4.7.0/mcpu-430x/mmpy-16/msr20/mc20/libcrt0.a
                0x00000040                PROVIDE (__info_segment_size, 0x40)
                0x00001000                PROVIDE (__infod, 0x1000)
                0x00001040                PROVIDE (__infoc, 0x1040)
                0x00001080                PROVIDE (__infob, 0x1080)
                0x000010c0                PROVIDE (__infoa, 0x10c0)
                0x00000000                __IE1 = 0x0
                0x00000002                __IFG1 = 0x2
                0x00000001                __IE2 = 0x1
                0x00000003                __IFG2 = 0x3
                0x00000006                __UC1IE = 0x6
                0x00000007                __UC1IFG = 0x7
                0x000001a0                __ADC12CTL0 = 0x1a0
                0x000001a2                __ADC12CTL1 = 0x1a2
                0x000001a4                __ADC12IFG = 0x1a4
                0x000001a6                __ADC12IE = 0x1a6
                0x000001a8                __ADC12IV = 0x1a8
                0x00000140                __ADC12MEM0 = 0x140
                0x00000142                __ADC12MEM1 = 0x142
                0x00000144                __ADC12MEM2 = 0x144
                0x00000146                __ADC12MEM3 = 0x146
                0x00000148                __ADC12MEM4 = 0x148
                0x0000014a                __ADC12MEM5 = 0x14a
                0x0000014c                __ADC12MEM6 = 0x14c
                0x0000014e                __ADC12MEM7 = 0x14e
                0x00000150                __ADC12MEM8 = 0x150
                0x00000152                __ADC12MEM9 = 0x152
                0x00000154                __ADC12MEM10 = 0x154
                0x00000156                __ADC12MEM11 = 0x156
                0x00000158                __ADC12MEM12 = 0x158
                0x0000015a                __ADC12MEM13 = 0x15a
                0x0000015c                __ADC12MEM14 = 0x15c
                0x0000015e                __ADC12MEM15 = 0x15e
                0x00000080                __ADC12MCTL0 = 0x80
                0x00000081                __ADC12MCTL1 = 0x81
                0x00000082                __ADC12MCTL2 = 0x82
                0x00000083                __ADC12MCTL3 = 0x83
                0x00000084                __ADC12MCTL4 = 0x84
                0x00000085                __ADC12MCTL5 = 0x85
                0x00000086                __ADC12MCTL6 = 0x86
                0x00000087                __ADC12MCTL7 = 0x87
                0x00000088                __ADC12MCTL8 = 0x88
                0x00000089                __ADC12MCTL9 = 0x89
                0x0000008a                __ADC12MCTL10 = 0x8a
                0x0000008b                __ADC12MCTL11 = 0x8b
                0x0000008c                __ADC12MCTL12 = 0x8c
                0x0000008d                __ADC12MCTL13 = 0x8d
                0x0000008e                __ADC12MCTL14 = 0x8e
                0x0000008f                __ADC12MCTL15 = 0x8f
                0x00000056                __DCOCTL = 0x56
                0x00000057                __BCSCTL1 = 0x57
                0x00000058                __BCSCTL2 = 0x58
                0x00000053                __BCSCTL3 = 0x53
                0x00000059                __CACTL1 = 0x59
                0x0000005a                __CACTL2 = 0x5a
                0x0000005b                __CAPD = 0x5b
                0x000001c0                __DAC12_0CTL = 0x1c0
                0x000001c2                __DAC12_1CTL = 0x1c2
                0x000001c8                __DAC12_0DAT = 0x1c8
                0x000001ca                __DAC12_1DAT = 0x1ca
                0x00000122                __DMACTL0 = 0x122
                0x00000124                __DMACTL1 = 0x124
                0x00000126                __DMAIV = 0x126
                0x000001d0                __DMA0CTL = 0x1d0
                0x000001dc                __DMA1CTL = 0x1dc
                0x000001e8                __DMA2CTL = 0x1e8
                0x000001d2                __DMA0SA = 0x1d2
                0x000001d2                __DMA0SAL = 0x1d2
                0x000001d6                __DMA0DA = 0x1d6
                0x000001d6                __DMA0DAL = 0x1d6
                0x000001da                __DMA0SZ = 0x1da
                0x000001de                __DMA1SA = 0x1de
                0x000001de                __DMA1SAL = 0x1de
                0x000001e2                __DMA1DA = 0x1e2
                0x000001e2                __DMA1DAL = 0x1e2
                0x000001e6                __DMA1SZ = 0x1e6
                0x000001ea                __DMA2SA = 0x1ea
                0x000001ea                __DMA2SAL = 0x1ea
                0x000001ee                __DMA2DA = 0x1ee
                0x000001ee                __DMA2DAL = 0x1ee
                0x000001f2                __DMA2SZ = 0x1f2
                0x00000128                __FCTL1 = 0x128
                0x0000012a                __FCTL2 = 0x12a
                0x0000012c                __FCTL3 = 0x12c
                0x000001be                __FCTL4 = 0x1be
                0x00000130                __MPY = 0x130
                0x00000132                __MPYS = 0x132
                0x00000134                __MAC = 0x134
                0x00000136                __MACS = 0x136
                0x00000138                __OP2 = 0x138
                0x0000013a                __RESLO = 0x13a
                0x0000013c                __RESHI = 0x13c
                0x0000013e                __SUMEXT = 0x13e
                0x00000020                __P1IN = 0x20
                0x00000021                __P1OUT = 0x21
                0x00000022                __P1DIR = 0x22
                0x00000023                __P1IFG = 0x23
                0x00000024                __P1IES = 0x24
                0x00000025                __P1IE = 0x25
                0x00000026                __P1SEL = 0x26
                0x00000027                __P1REN = 0x27
                0x00000028                __P2IN = 0x28
                0x00000029                __P2OUT = 0x29
                0x0000002a                __P2DIR = 0x2a
                0x0000002b                __P2IFG = 0x2b
                0x0000002c                __P2IES = 0x2c
                0x0000002d                __P2IE = 0x2d
                0x0000002e                __P2SEL = 0x2e
                0x0000002f                __P2REN = 0x2f
                0x00000018                __P3IN = 0x18
                0x00000019                __P3OUT = 0x19
                0x0000001a                __P3DIR = 0x1a
                0x0000001b                __P3SEL = 0x1b
                0x00000010                __P3REN = 0x10
                0x0000001c                __P4IN = 0x1c
                0x0000001d                __P4OUT = 0x1d
                0x0000001e                __P4DIR = 0x1e
                0x0000001f                __P4SEL = 0x1f
                0x00000011                __P4REN = 0x11
                0x00000030                __P5IN = 0x30
                0x00000031                __P5OUT = 0x31
                0x00000032                __P5DIR = 0x32
                0x00000033                __P5SEL = 0x33
                0x00000012                __P5REN = 0x12
                0x00000034                __P6IN = 0x34
                0x00000035                __P6OUT = 0x35
                0x00000036                __P6DIR = 0x36
                0x00000037                __P6SEL = 0x37
                0x00000013                __P6REN = 0x13
                0x00000038                __P7IN = 0x38
                0x0000003a                __P7OUT = 0x3a
                0x0000003c                __P7DIR = 0x3c
                0x0000003e                __P7SEL = 0x3e
                0x00000014                __P7REN = 0x14
                0x00000039                __P8IN = 0x39
                0x0000003b                __P8OUT = 0x3b
                0x0000003d                __P8DIR = 0x3d
                0x0000003f                __P8SEL = 0x3f
                0x00000015                __P8REN = 0x15
                0x00000038                __PAIN = 0x38
                0x0000003a                __PAOUT = 0x3a
                0x0000003c                __PADIR = 0x3c
                0x0000003e                __PASEL = 0x3e
                0x00000014                __PAREN = 0x14
                0x00000055                __SVSCTL = 0x55
                0x0000012e                __TAIV = 0x12e
                0x00000160                __TACTL = 0x160
                0x00000162                __TACCTL0 = 0x162
                0x00000164                __TACCTL1 = 0x164
                0x00000166                __TACCTL2 = 0x166
                0x00000170                __TAR = 0x170
                0x00000172                __TACCR0 = 0x172
                0x00000174                __TACCR1 = 0x174
                0x00000176                __TACCR2 = 0x176
                0x0000011e                __TBIV = 0x11e
                0x00000180                __TBCTL = 0x180
                0x00000182                __TBCCTL0 = 0x182
                0x00000184                __TBCCTL1 = 0x184
                0x00000186                __TBCCTL2 = 0x186
                0x00000188                __TBCCTL3 = 0x188
                0x0000018a                __TBCCTL4 = 0x18a
                0x0000018c                __TBCCTL5 = 0x18c
                0x0000018e                __TBCCTL6 = 0x18e
                0x00000190                __TBR = 0x190
                0x00000192                __TBCCR0 = 0x192
                0x00000194                __TBCCR1 = 0x194
                0x00000196                __TBCCR2 = 0x196
                0x00000198                __TBCCR3 = 0x198
                0x0000019a                __TBCCR4 = 0x19a
                0x0000019c                __TBCCR5 = 0x19c
                0x0000019e                __TBCCR6 = 0x19e
                0x00000060                __UCA0CTL0 = 0x60
                0x00000061                __UCA0CTL1 = 0x61
                0x00000062                __UCA0BR0 = 0x62
                0x00000063                __UCA0BR1 = 0x63
                0x00000064                __UCA0MCTL = 0x64
                0x00000065                __UCA0STAT = 0x65
                0x00000066                __UCA0RXBUF = 0x66
                0x00000067                __UCA0TXBUF = 0x67
                0x0000005d                __UCA0ABCTL = 0x5d
                0x0000005e                __UCA0IRTCTL = 0x5e
                0x0000005f                __UCA0IRRCTL = 0x5f
                0x00000068                __UCB0CTL0 = 0x68
                0x00000069                __UCB0CTL1 = 0x69
                0x0000006a                __UCB0BR0 = 0x6a
                0x0000006b                __UCB0BR1 = 0x6b
                0x0000006c                __UCB0I2CIE = 0x6c
                0x0000006d                __UCB0STAT = 0x6d
                0x0000006e                __UCB0RXBUF = 0x6e
                0x0000006f                __UCB0TXBUF = 0x6f
                0x00000118                __UCB0I2COA = 0x118
                0x0000011a                __UCB0I2CSA = 0x11a
                0x000000d0                __UCA1CTL0 = 0xd0
                0x000000d1                __UCA1CTL1 = 0xd1
                0x000000d2                __UCA1BR0 = 0xd2
                0x000000d3                __UCA1BR1 = 0xd3
                0x000000d4                __UCA1MCTL = 0xd4
                0x000000d5                __UCA1STAT = 0xd5
                0x000000d6                __UCA1RXBUF = 0xd6
                0x000000d7                __UCA1TXBUF = 0xd7
                0x000000cd                __UCA1ABCTL = 0xcd
                0x000000ce                __UCA1IRTCTL = 0xce
                0x000000cf                __UCA1IRRCTL = 0xcf
                0x000000d8                __UCB1CTL0 = 0xd8
                0x000000d9                __UCB1CTL1 = 0xd9
                0x000000da                __UCB1BR0 = 0xda
                0x000000db                __UCB1BR1 = 0xdb
                0x000000dc                __UCB1I2CIE = 0xdc
                0x000000dd                __UCB1STAT = 0xdd
                0x000000de                __UCB1RXBUF = 0xde
                0x000000df                __UCB1TXBUF = 0xdf
                0x0000017c                __UCB1I2COA = 0x17c
                0x0000017e                __UCB1I2CSA = 0x17e
                0x00000120                __WDTCTL = 0x120
                0x000010c0                __TLV_CHECKSUM = 0x10c0
                0x000010f6                __TLV_DCO_30_TAG = 0x10f6
                0x000010f7                __TLV_DCO_30_LEN = 0x10f7
                0x000010da                __TLV_ADC12_1_TAG = 0x10da
                0x000010db                __TLV_ADC12_1_LEN = 0x10db
                0x000010f8                __CALDCO_16MHZ = 0x10f8
                0x000010f9                __CALBC1_16MHZ = 0x10f9
                0x000010fa                __CALDCO_12MHZ = 0x10fa
                0x000010fb                __CALBC1_12MHZ = 0x10fb
                0x000010fc                __CALDCO_8MHZ = 0x10fc
                0x000010fd                __CALBC1_8MHZ = 0x10fd
                0x000010fe                __CALDCO_1MHZ = 0x10fe
                0x000010ff                __CALBC1_1MHZ = 0x10ff

.hash
 *(.hash)

.dynsym
 *(.dynsym)

.dynstr
 *(.dynstr)

.gnu.version
 *(.gnu.version)

.gnu.version_d
 *(.gnu.version_d)

.gnu.version_r
 *(.gnu.version_r)

.rel.init
 *(.rel.init)

.rela.init
 *(.rela.init)

.rel.fini
 *(.rel.fini)

.rela.fini
 *(.rela.fini)

.rel.text
 *(.rel.text .rel.text.* .rel.gnu.linkonce.t.*)

.rela.text
 *(.rela.text .rela.text.* .rela.gnu.linkonce.t.*)

.rel.rodata
 *(.rel.rodata .rel.rodata.* .rel.gnu.linkonce.r.*)

.rela.rodata
 *(.rela.rodata .rela.rodata.* .rela.gnu.linkonce.r.*)

.rel.data
 *(.rel.data .rel.data.* .rel.gnu.linkonce.d.*)

.rela.data
 *(.rela.data .rela.data.* .rela.gnu.linkonce.d.*)

.rel.bss
 *(.rel.bss .rel.bss.* .rel.gnu.linkonce.b.*)

.rela.bss
 *(.rela.bss .rela.bss.* .rela.gnu.linkonce.b.*)

.rel.ctors
 *(.rel.ctors)

.rela.ctors
 *(.rela.ctors)

.rel.dtors
 *(.rel.dtors)

.rela.dtors
 *(.rela.dtors)

.rel.got
 *(.rel.got)

.rela.got
 *(.rela.got)

.rel.plt
 *(.rel.plt)

.rela.plt
 *(.rela.plt)

.text           0x00003100     0xbbdc
                0x00003100                . = ALIGN (0x2)
 *(.init .init.*)
 *(.init0)
 .init0         0x00003100        0x0 /usr/local/msp430/bin/../lib/gcc/msp430/4.7.0/mcpu-430x/mmpy-16/msr20/mc20/libcrt0.a(_reset_vector__.o)
                0x00003100                _reset_vector__
 *(.init1)
 .init1         0x00003100        0xc /usr/local/msp430/bin/../lib/gcc/msp430/4.7.0/mcpu-430x/mmpy-16/msr20/mc20/libcrt0.a(__watchdog_support.o)
                0x00003100                __watchdog_support
 *(.init2)
 .init2         0x0000310c        0x4 /usr/local/msp430/bin/../lib/gcc/msp430/4.7.0/mcpu-430x/mmpy-16/msr20/mc20/libcrt0.a(__init_stack.o)
                0x0000310c                __init_stack
 *(.init3)
 .init3         0x00003110        0x0 /usr/local/msp430/bin/../lib/gcc/msp430/4.7.0/mcpu-430x/mmpy-16/msr20/mc20/libcrt0.a(__low_level_init.o)
                0x00003110                __low_level_init
 *(.init4)
 .init4         0x00003110       0x18 /usr/local/msp430/bin/../lib/gcc/msp430/4.7.0/mcpu-430x/mmpy-16/msr20/mc20/libcrt0.a(_copy_data.o)
                0x00003110                __do_copy_data
 .init4         0x00003128       0x16 /usr/local/msp430/bin/../lib/gcc/msp430/4.7.0/mcpu-430x/mmpy-16/msr20/mc20/libcrt0.a(_clear_bss.o)
                0x00003128                __do_clear_bss
 *(.init5)
 *(.init6)
 *(.init7)
 *(.init8)
 *(.init9)
 .init9         0x0000313e      0x4e2 obj_z1/contiki-z1-main.o
                0x0000313e                main
 *(.fini9)
 .fini9         0x00003620        0x0 /usr/local/msp430/bin/../lib/gcc/msp430/4.7.0/mcpu-430x/mmpy-16/msr20/mc20/libcrt0.a(__stop_progExec__.o)
                0x00003620                __stop_progExec__
 *(.fini8)
 *(.fini7)
 *(.fini6)
 *(.fini5)
 *(.fini4)
 *(.fini3)
 *(.fini2)
 *(.fini1)
 *(.fini0)
 .fini0         0x00003620        0x6 /usr/local/msp430/bin/../lib/gcc/msp430/4.7.0/mcpu-430x/mmpy-16/msr20/mc20/libcrt0.a(_endless_loop__.o)
                0x00003620                _endless_loop__
 *(.fini .fini.*)
                0x00003626                . = ALIGN (0x2)
                0x00003626                __ctors_start = .
 *(.ctors)
                0x00003626                __ctors_end = .
                0x00003626                __dtors_start = .
 *(.dtors)
                0x00003626                __dtors_end = .
                0x00003626                . = ALIGN (0x2)
 *(.text .text.* .gnu.linkonce.t.*)
 .text          0x00003626        0x4 /usr/local/msp430/bin/../lib/gcc/msp430/4.7.0/mcpu-430x/mmpy-16/msr20/mc20/crt0ivtbl32.o
                0x00003626                __isr_14
                0x00003626                __isr_4
                0x00003626                __isr_29
                0x00003626                __isr_11
                0x00003626                __isr_5
                0x00003626                __isr_2
                0x00003626                __isr_10
                0x00003626                __isr_7
                0x00003626                __isr_0
                0x00003626                __isr_28
                0x00003626                __isr_8
                0x00003626                __isr_20
                0x00003626                __isr_3
                0x00003626                __isr_12
                0x00003626                __isr_13
                0x00003626                __isr_27
                0x00003626                __isr_9
                0x00003626                __isr_30
                0x00003626                __isr_6
                0x00003626                __isr_22
                0x00003626                __isr_1
                0x00003626                __isr_15
                0x00003626                __isr_21
 .text.libgcc   0x0000362a       0x26 /usr/local/msp430/bin/../lib/gcc/msp430/4.7.0/mcpu-430x/mmpy-16/msr20/mc20/libgcc.a(_mulsi3.o)
                0x0000362a                __mulsi3
 .text.libgcc   0x00003650       0x22 /usr/local/msp430/bin/../lib/gcc/msp430/4.7.0/mcpu-430x/mmpy-16/msr20/mc20/libgcc.a(_udivmod16.o)
                0x00003650                __udivhi3
                0x00003650                __ext_udivmod16
                0x0000366a                __umodhi3
 .text.libgcc   0x00003672       0x3a /usr/local/msp430/bin/../lib/gcc/msp430/4.7.0/mcpu-430x/mmpy-16/msr20/mc20/libgcc.a(_divmod16.o)
                0x00003672                __ext_divmod16
                0x00003672                __divhi3
                0x000036a4                __modhi3
 .text.libgcc   0x000036ac       0x38 /usr/local/msp430/bin/../lib/gcc/msp430/4.7.0/mcpu-430x/mmpy-16/msr20/mc20/libgcc.a(_udivmod32.o)
                0x000036ac                __udivsi3
                0x000036ac                __ext_udivmod32
                0x000036da                __umodsi3
 .text.printf   0x000036e4       0x10 /usr/local/msp430/bin/../lib/gcc/msp430/4.7.0/../../../../msp430/lib/mcpu-430x/mmpy-16/msr20/mc20/libc.a(printf.o)
                0x000036e4                printf
 .text.print_field
                0x000036f4      0x176 /usr/local/msp430/bin/../lib/gcc/msp430/4.7.0/../../../../msp430/lib/mcpu-430x/mmpy-16/msr20/mc20/libc.a(vuprintf.o)
 .text.vuprintf
                0x0000386a      0x74c /usr/local/msp430/bin/../lib/gcc/msp430/4.7.0/../../../../msp430/lib/mcpu-430x/mmpy-16/msr20/mc20/libc.a(vuprintf.o)
                0x0000386a                vuprintf
 .text.puts     0x00003fb6       0x2c /usr/local/msp430/bin/../lib/gcc/msp430/4.7.0/../../../../msp430/lib/mcpu-430x/mmpy-16/msr20/mc20/libc.a(puts.o)
                0x00003fb6                puts
 .text.rand     0x00003fe2       0x26 /usr/local/msp430/bin/../lib/gcc/msp430/4.7.0/../../../../msp430/lib/mcpu-430x/mmpy-16/msr20/mc20/libc.a(rand.o)
                0x00003fe2                rand
 .text.srand    0x00004008        0xa /usr/local/msp430/bin/../lib/gcc/msp430/4.7.0/../../../../msp430/lib/mcpu-430x/mmpy-16/msr20/mc20/libc.a(rand.o)
                0x00004008                srand
 .text.memcmp   0x00004012       0x2c /usr/local/msp430/bin/../lib/gcc/msp430/4.7.0/../../../../msp430/lib/mcpu-430x/mmpy-16/msr20/mc20/libc.a(memcmp.o)
                0x00004012                memcmp
 .text.memcpy   0x0000403e       0xe8 /usr/local/msp430/bin/../lib/gcc/msp430/4.7.0/../../../../msp430/lib/mcpu-430x/mmpy-16/msr20/mc20/libc.a(memcpy.o)
                0x0000403e                memcpy
 .text.memmove  0x00004126       0xe8 /usr/local/msp430/bin/../lib/gcc/msp430/4.7.0/../../../../msp430/lib/mcpu-430x/mmpy-16/msr20/mc20/libc.a(memmove.o)
                0x00004126                memmove
 .text.memset   0x0000420e       0x5c /usr/local/msp430/bin/../lib/gcc/msp430/4.7.0/../../../../msp430/lib/mcpu-430x/mmpy-16/msr20/mc20/libc.a(memset.o)
                0x0000420e                memset
 .text.libgcc   0x0000426a       0xbc /usr/local/msp430/bin/../lib/gcc/msp430/4.7.0/mcpu-430x/mmpy-16/msr20/mc20/libgcc.a(_udivmod64.o)
                0x0000426a                __xabi_udivmod64
                0x000042bc                __udivdi3
                0x000042d6                __umoddi3
                0x000042f8                __udivmoddi4
 .text.crt0     0x00004326        0x2 /usr/local/msp430/bin/../lib/gcc/msp430/4.7.0/mcpu-430x/mmpy-16/msr20/mc20/libcrt0.a(_unexpected_.o)
                0x00004326                _unexpected_
 *(.near.text .near.text.*)
 .near.text.watchdog_interrupt
                0x00004328        0x6 contiki-z1.a(watchdog.o)
                0x00004328                __isr_26
                0x00004328                watchdog_interrupt
 .near.text.irq_p2
                0x0000432e       0x76 contiki-z1.a(button-sensor.o)
                0x0000432e                irq_p2
                0x0000432e                __isr_19
 .near.text.uart0_rx_interrupt
                0x000043a4       0x64 contiki-z1.a(uart0.o)
                0x000043a4                __isr_23
                0x000043a4                uart0_rx_interrupt
 .near.text.port1_isr
                0x00004408       0xf4 contiki-z1.a(adxl345.o)
                0x00004408                port1_isr
                0x00004408                __isr_18
 .near.text.timera1
                0x000044fc      0x10a contiki-z1.a(clock.o)
                0x000044fc                __isr_24
                0x000044fc                timera1
 .near.text.timera0
                0x00004606       0x5c contiki-z1.a(rtimer-arch.o)
                0x00004606                __isr_25
                0x00004606                timera0
 .near.text.i2c_tx_interrupt
                0x00004662       0x84 contiki-z1.a(i2cmaster.o)
                0x00004662                __isr_16
                0x00004662                i2c_tx_interrupt
 .near.text.i2c_rx_interrupt
                0x000046e6       0x14 contiki-z1.a(i2cmaster.o)
                0x000046e6                i2c_rx_interrupt
                0x000046e6                __isr_17
 .any.text.process_thread_udp_server_process
                0x000046fa      0x20a udp-server.co
 .any.text.init_platform
                0x00004904        0xc contiki-z1.a(contiki-z1-plat)
                0x00004904                init_platform
 .any.text.msp430_init_dco
                0x00004910       0x28 contiki-z1.a(msp430.o)
                0x00004910                msp430_init_dco
 .any.text.splhigh_
                0x00004938        0x8 contiki-z1.a(msp430.o)
                0x00004938                splhigh_
 .any.text.msp430_sync_dco
                0x00004940       0x6e contiki-z1.a(msp430.o)
                0x00004940                msp430_sync_dco
 .any.text.msp430_cpu_init
                0x000049ae       0x2e contiki-z1.a(msp430.o)
                0x000049ae                msp430_cpu_init
 .any.text.show_leds
                0x000049dc       0xe8 contiki-z1.a(leds.o)
 .any.text.leds_init
                0x00004ac4        0xa contiki-z1.a(leds.o)
                0x00004ac4                leds_init
 .any.text.leds_on
                0x00004ace        0xa contiki-z1.a(leds.o)
                0x00004ace                leds_on
 .any.text.leds_off
                0x00004ad8        0xe contiki-z1.a(leds.o)
                0x00004ad8                leds_off
 .any.text.watchdog_start
                0x00004ae6       0x14 contiki-z1.a(watchdog.o)
                0x00004ae6                watchdog_start
 .any.text.watchdog_periodic
                0x00004afa       0x12 contiki-z1.a(watchdog.o)
                0x00004afa                watchdog_periodic
 .any.text.watchdog_stop
                0x00004b0c       0x16 contiki-z1.a(watchdog.o)
                0x00004b0c                watchdog_stop
 .any.text.watchdog_init
                0x00004b22       0x12 contiki-z1.a(watchdog.o)
                0x00004b22                watchdog_init
 .any.text.wait_ready
                0x00004b34       0x46 contiki-z1.a(xmem.o)
 .any.text.xmem_init
                0x00004b7a       0x1e contiki-z1.a(xmem.o)
                0x00004b7a                xmem_init
 .any.text.xmem_pread
                0x00004b98       0xc2 contiki-z1.a(xmem.o)
                0x00004b98                xmem_pread
 .any.text.spi_init
                0x00004c5a       0x32 contiki-z1.a(spi.o)
                0x00004c5a                spi_init
 .any.text.get_object
                0x00004c8c        0x4 contiki-z1.a(cc2420.o)
 .any.text.set_object
                0x00004c90        0x4 contiki-z1.a(cc2420.o)
 .any.text.strobe
                0x00004c94       0x1a contiki-z1.a(cc2420.o)
 .any.text.getreg
                0x00004cae       0x46 contiki-z1.a(cc2420.o)
 .any.text.setreg
                0x00004cf4       0x44 contiki-z1.a(cc2420.o)
 .any.text.write_ram
                0x00004d38       0x72 contiki-z1.a(cc2420.o)
 .any.text.write_fifo_buf
                0x00004daa       0x38 contiki-z1.a(cc2420.o)
 .any.text.get_status
                0x00004de2       0x1e contiki-z1.a(cc2420.o)
 .any.text.set_txpower
                0x00004e00       0x24 contiki-z1.a(cc2420.o)
 .any.text.cc2420_receiving_packet
                0x00004e24        0xa contiki-z1.a(cc2420.o)
 .any.text.pending_packet
                0x00004e2e        0xa contiki-z1.a(cc2420.o)
 .any.text.on   0x00004e38       0x26 contiki-z1.a(cc2420.o)
 .any.text.wait_for_transmission
                0x00004e5e       0x22 contiki-z1.a(cc2420.o)
 .any.text.wait_for_status
                0x00004e80       0x24 contiki-z1.a(cc2420.o)
 .any.text.getrxdata
                0x00004ea4       0x4c contiki-z1.a(cc2420.o)
 .any.text.flushrx
                0x00004ef0       0x1a contiki-z1.a(cc2420.o)
 .any.text.off  0x00004f0a       0x5a contiki-z1.a(cc2420.o)
 .any.text.RELEASE_LOCK
                0x00004f64       0x28 contiki-z1.a(cc2420.o)
 .any.text.set_frame_filtering
                0x00004f8c       0x30 contiki-z1.a(cc2420.o)
 .any.text.set_auto_ack
                0x00004fbc       0x30 contiki-z1.a(cc2420.o)
 .any.text.set_poll_mode
                0x00004fec       0x2c contiki-z1.a(cc2420.o)
 .any.text.cc2420_prepare
                0x00005018       0x4c contiki-z1.a(cc2420.o)
 .any.text.cc2420_on
                0x00005064       0x22 contiki-z1.a(cc2420.o)
                0x00005064                cc2420_on
 .any.text.cc2420_off
                0x00005086       0x30 contiki-z1.a(cc2420.o)
                0x00005086                cc2420_off
 .any.text.cc2420_cca
                0x000050b6       0x54 contiki-z1.a(cc2420.o)
 .any.text.cc2420_read
                0x0000510a       0xb8 contiki-z1.a(cc2420.o)
 .any.text.process_thread_cc2420_process
                0x000051c2       0x6c contiki-z1.a(cc2420.o)
 .any.text.cc2420_set_channel
                0x0000522e       0x3a contiki-z1.a(cc2420.o)
                0x0000522e                cc2420_set_channel
 .any.text.cc2420_set_pan_addr
                0x00005268       0x4c contiki-z1.a(cc2420.o)
                0x00005268                cc2420_set_pan_addr
 .any.text.cc2420_interrupt
                0x000052b4       0x16 contiki-z1.a(cc2420.o)
                0x000052b4                cc2420_interrupt
 .any.text.cc2420_set_txpower
                0x000052ca        0xe contiki-z1.a(cc2420.o)
                0x000052ca                cc2420_set_txpower
 .any.text.cc2420_get_txpower
                0x000052d8       0x1e contiki-z1.a(cc2420.o)
                0x000052d8                cc2420_get_txpower
 .any.text.cc2420_transmit
                0x000052f6      0x116 contiki-z1.a(cc2420.o)
 .any.text.cc2420_send
                0x0000540c       0x12 contiki-z1.a(cc2420.o)
 .any.text.cc2420_rssi
                0x0000541e       0x48 contiki-z1.a(cc2420.o)
                0x0000541e                cc2420_rssi
 .any.text.get_value
                0x00005466      0x104 contiki-z1.a(cc2420.o)
 .any.text.cc2420_set_cca_threshold
                0x0000556a       0x16 contiki-z1.a(cc2420.o)
                0x0000556a                cc2420_set_cca_threshold
 .any.text.set_value
                0x00005580       0xb2 contiki-z1.a(cc2420.o)
 .any.text.cc2420_init
                0x00005632       0xea contiki-z1.a(cc2420.o)
                0x00005632                cc2420_init
 .any.text.cc2420_arch_init
                0x0000571c       0x1a contiki-z1.a(cc2420-arch.o)
                0x0000571c                cc2420_arch_init
 .any.text.node_id_restore
                0x00005736       0x88 contiki-z1.a(node-id.o)
                0x00005736                node_id_restore
 .any.text.process_thread_sensors_process
                0x000057be       0xc2 contiki-z1.a(sensors.o)
 .any.text.sensors_changed
                0x00005880       0x2a contiki-z1.a(sensors.o)
                0x00005880                sensors_changed
 .any.text.status
                0x000058aa       0x18 contiki-z1.a(button-sensor.o)
 .any.text.value
                0x000058c2       0x20 contiki-z1.a(button-sensor.o)
 .any.text.configure
                0x000058e2       0x4e contiki-z1.a(button-sensor.o)
 .any.text.uart0_active
                0x00005930        0xe contiki-z1.a(uart0.o)
                0x00005930                uart0_active
 .any.text.uart0_writeb
                0x0000593e       0x16 contiki-z1.a(uart0.o)
                0x0000593e                uart0_writeb
 .any.text.uart0_init
                0x00005954       0x40 contiki-z1.a(uart0.o)
                0x00005954                uart0_init
 .any.text.putchar
                0x00005994       0x10 contiki-z1.a(uart0-putchar.o)
                0x00005994                putchar
 .any.text.pending_packet
                0x000059a4        0xe contiki-z1.a(cc1200.o)
 .any.text.get_value
                0x000059b2       0x7e contiki-z1.a(cc1200.o)
 .any.text.get_object
                0x00005a30        0x4 contiki-z1.a(cc1200.o)
 .any.text.set_object
                0x00005a34        0x4 contiki-z1.a(cc1200.o)
 .any.text.strobe
                0x00005a38       0x20 contiki-z1.a(cc1200.o)
 .any.text.state
                0x00005a58        0xe contiki-z1.a(cc1200.o)
 .any.text.idle
                0x00005a66       0xd2 contiki-z1.a(cc1200.o)
 .any.text.single_write
                0x00005b38       0x30 contiki-z1.a(cc1200.o)
 .any.text.single_read
                0x00005b68       0x36 contiki-z1.a(cc1200.o)
 .any.text.update_txpower
                0x00005b9e       0x32 contiki-z1.a(cc1200.o)
 .any.text.rx_rx
                0x00005bd0       0xdc contiki-z1.a(cc1200.o)
 .any.text.calibrate
                0x00005cac       0xc0 contiki-z1.a(cc1200.o)
 .any.text.idle_calibrate_rx
                0x00005d6c       0xa2 contiki-z1.a(cc1200.o)
 .any.text.off  0x00005e0e       0x3a contiki-z1.a(cc1200.o)
 .any.text.on   0x00005e48       0x74 contiki-z1.a(cc1200.o)
 .any.text.receiving_packet
                0x00005ebc       0x28 contiki-z1.a(cc1200.o)
 .any.text.set_channel
                0x00005ee4      0x102 contiki-z1.a(cc1200.o)
 .any.text.set_value
                0x00005fe6       0x80 contiki-z1.a(cc1200.o)
 .any.text.channel_clear
                0x00006066       0xae contiki-z1.a(cc1200.o)
 .any.text.read
                0x00006114       0x62 contiki-z1.a(cc1200.o)
 .any.text.prepare
                0x00006176       0x2a contiki-z1.a(cc1200.o)
 .any.text.burst_read.constprop.9
                0x000061a0       0x22 contiki-z1.a(cc1200.o)
 .any.text.burst_write.constprop.11
                0x000061c2       0x24 contiki-z1.a(cc1200.o)
 .any.text.idle_tx_rx
                0x000061e6      0x232 contiki-z1.a(cc1200.o)
 .any.text.transmit
                0x00006418       0xec contiki-z1.a(cc1200.o)
 .any.text.send
                0x00006504       0x16 contiki-z1.a(cc1200.o)
 .any.text.cc1200_init
                0x0000651a      0x184 contiki-z1.a(cc1200.o)
                0x0000651a                cc1200_init
 .any.text.cc1200_rx_interrupt
                0x0000669e      0x21e contiki-z1.a(cc1200.o)
                0x0000669e                cc1200_rx_interrupt
 .any.text.process_thread_cc1200_process
                0x000068bc       0x8c contiki-z1.a(cc1200.o)
 .any.text.cc1200_arch_spi_select
                0x00006948        0xe contiki-z1.a(cc1200-z1-arch.)
                0x00006948                cc1200_arch_spi_select
 .any.text.cc1200_arch_spi_deselect
                0x00006956        0x8 contiki-z1.a(cc1200-z1-arch.)
                0x00006956                cc1200_arch_spi_deselect
 .any.text.cc1200_arch_spi_rw_byte
                0x0000695e       0x1e contiki-z1.a(cc1200-z1-arch.)
                0x0000695e                cc1200_arch_spi_rw_byte
 .any.text.cc1200_arch_spi_rw
                0x0000697c       0x96 contiki-z1.a(cc1200-z1-arch.)
                0x0000697c                cc1200_arch_spi_rw
 .any.text.cc1200_arch_init
                0x00006a12       0x56 contiki-z1.a(cc1200-z1-arch.)
                0x00006a12                cc1200_arch_init
 .any.text.cc1200_arch_gpio0_setup_irq
                0x00006a68       0x28 contiki-z1.a(cc1200-z1-arch.)
                0x00006a68                cc1200_arch_gpio0_setup_irq
 .any.text.cc1200_arch_gpio2_setup_irq
                0x00006a90       0x32 contiki-z1.a(cc1200-z1-arch.)
                0x00006a90                cc1200_arch_gpio2_setup_irq
 .any.text.cc1200_arch_gpio0_enable_irq
                0x00006ac2        0xa contiki-z1.a(cc1200-z1-arch.)
                0x00006ac2                cc1200_arch_gpio0_enable_irq
 .any.text.cc1200_arch_gpio0_disable_irq
                0x00006acc        0x6 contiki-z1.a(cc1200-z1-arch.)
                0x00006acc                cc1200_arch_gpio0_disable_irq
 .any.text.cc1200_arch_gpio2_enable_irq
                0x00006ad2        0xe contiki-z1.a(cc1200-z1-arch.)
                0x00006ad2                cc1200_arch_gpio2_enable_irq
 .any.text.cc1200_arch_gpio2_disable_irq
                0x00006ae0        0x8 contiki-z1.a(cc1200-z1-arch.)
                0x00006ae0                cc1200_arch_gpio2_disable_irq
 .any.text.cc1200_arch_gpio0_read_pin
                0x00006ae8        0x8 contiki-z1.a(cc1200-z1-arch.)
                0x00006ae8                cc1200_arch_gpio0_read_pin
 .any.text.cc1200_arch_gpio2_read_pin
                0x00006af0        0xa contiki-z1.a(cc1200-z1-arch.)
                0x00006af0                cc1200_arch_gpio2_read_pin
 .any.text.accm_write_reg
                0x00006afa       0x2e contiki-z1.a(adxl345.o)
 .any.text.accm_write_stream
                0x00006b28       0x2a contiki-z1.a(adxl345.o)
 .any.text.accm_read_reg
                0x00006b52       0x54 contiki-z1.a(adxl345.o)
 .any.text.process_thread_accmeter_process
                0x00006ba6       0x56 contiki-z1.a(adxl345.o)
 .any.text.accm_init
                0x00006bfc       0x78 contiki-z1.a(adxl345.o)
                0x00006bfc                accm_init
 .any.text.dual_radio_switch.part.0
                0x00006c74       0x2a contiki-z1.a(dual_radio.o)
 .any.text.dual_radio_switch
                0x00006c9e       0x36 contiki-z1.a(dual_radio.o)
                0x00006c9e                dual_radio_switch
 .any.text.process_thread_dual_dis_broadcast
                0x00006cd4       0x66 contiki-z1.a(dual_radio.o)
 .any.text.process_thread_dual_dio_broadcast
                0x00006d3a       0x6e contiki-z1.a(dual_radio.o)
 .any.text.sending_in_LR
                0x00006da8       0x18 contiki-z1.a(dual_radio.o)
                0x00006da8                sending_in_LR
 .any.text.dual_radio_received
                0x00006dc0       0x1a contiki-z1.a(dual_radio.o)
                0x00006dc0                dual_radio_received
 .any.text.radio_received_is_longrange
                0x00006dda        0xe contiki-z1.a(dual_radio.o)
                0x00006dda                radio_received_is_longrange
 .any.text.dio_broadcast
                0x00006de8       0x12 contiki-z1.a(dual_radio.o)
                0x00006de8                dio_broadcast
 .any.text.dis_broadcast
                0x00006dfa        0xe contiki-z1.a(dual_radio.o)
                0x00006dfa                dis_broadcast
 .any.text.clock_time
                0x00006e08       0x1a contiki-z1.a(clock.o)
                0x00006e08                clock_time
 .any.text.clock_init
                0x00006e22       0x28 contiki-z1.a(clock.o)
                0x00006e22                clock_init
 .any.text.clock_delay
                0x00006e4a        0xc contiki-z1.a(clock.o)
                0x00006e4a                clock_delay
 .any.text.clock_wait
                0x00006e56       0x24 contiki-z1.a(clock.o)
                0x00006e56                clock_wait
 .any.text.clock_seconds
                0x00006e7a       0x1a contiki-z1.a(clock.o)
                0x00006e7a                clock_seconds
 .any.text.leds_arch_init
                0x00006e94        0xe contiki-z1.a(leds-arch.o)
                0x00006e94                leds_arch_init
 .any.text.leds_arch_set
                0x00006ea2       0x38 contiki-z1.a(leds-arch.o)
                0x00006ea2                leds_arch_set
 .any.text.rtimer_arch_init
                0x00006eda        0xe contiki-z1.a(rtimer-arch.o)
                0x00006eda                rtimer_arch_init
 .any.text.rtimer_arch_now
                0x00006ee8        0xe contiki-z1.a(rtimer-arch.o)
                0x00006ee8                rtimer_arch_now
 .any.text.rtimer_arch_schedule
                0x00006ef6        0x6 contiki-z1.a(rtimer-arch.o)
                0x00006ef6                rtimer_arch_schedule
 .any.text.autostart_start
                0x00006efc       0x16 contiki-z1.a(autostart.o)
                0x00006efc                autostart_start
 .any.text.process_thread_ctimer_process
                0x00006f12       0xa0 contiki-z1.a(ctimer.o)
 .any.text.ctimer_init
                0x00006fb2       0x18 contiki-z1.a(ctimer.o)
                0x00006fb2                ctimer_init
 .any.text.ctimer_set_with_process
                0x00006fca       0x4a contiki-z1.a(ctimer.o)
                0x00006fca                ctimer_set_with_process
 .any.text.ctimer_set
                0x00007014       0x10 contiki-z1.a(ctimer.o)
                0x00007014                ctimer_set
 .any.text.ctimer_reset
                0x00007024       0x2c contiki-z1.a(ctimer.o)
                0x00007024                ctimer_reset
 .any.text.ctimer_restart
                0x00007050       0x2c contiki-z1.a(ctimer.o)
                0x00007050                ctimer_restart
 .any.text.ctimer_stop
                0x0000707c       0x28 contiki-z1.a(ctimer.o)
                0x0000707c                ctimer_stop
 .any.text.energest_init
                0x000070a4       0x24 contiki-z1.a(energest.o)
                0x000070a4                energest_init
 .any.text.energest_type_time
                0x000070c8       0x3c contiki-z1.a(energest.o)
                0x000070c8                energest_type_time
 .any.text.energest_type_set
                0x00007104        0xc contiki-z1.a(energest.o)
                0x00007104                energest_type_set
 .any.text.energest_flush
                0x00007110       0x38 contiki-z1.a(energest.o)
                0x00007110                energest_flush
 .any.text.update_time
                0x00007148       0x70 contiki-z1.a(etimer.o)
 .any.text.etimer_request_poll
                0x000071b8        0xa contiki-z1.a(etimer.o)
                0x000071b8                etimer_request_poll
 .any.text.process_thread_etimer_process
                0x000071c2       0xc4 contiki-z1.a(etimer.o)
 .any.text.add_timer
                0x00007286       0x40 contiki-z1.a(etimer.o)
 .any.text.etimer_set
                0x000072c6       0x12 contiki-z1.a(etimer.o)
                0x000072c6                etimer_set
 .any.text.etimer_reset
                0x000072d8       0x12 contiki-z1.a(etimer.o)
                0x000072d8                etimer_reset
 .any.text.etimer_restart
                0x000072ea       0x12 contiki-z1.a(etimer.o)
                0x000072ea                etimer_restart
 .any.text.etimer_expired
                0x000072fc        0xe contiki-z1.a(etimer.o)
                0x000072fc                etimer_expired
 .any.text.etimer_expiration_time
                0x0000730a       0x14 contiki-z1.a(etimer.o)
                0x0000730a                etimer_expiration_time
 .any.text.etimer_pending
                0x0000731e        0xc contiki-z1.a(etimer.o)
                0x0000731e                etimer_pending
 .any.text.etimer_next_expiration_time
                0x0000732a       0x16 contiki-z1.a(etimer.o)
                0x0000732a                etimer_next_expiration_time
 .any.text.etimer_stop
                0x00007340       0x3e contiki-z1.a(etimer.o)
                0x00007340                etimer_stop
 .any.text.call_process
                0x0000737e       0x40 contiki-z1.a(process.o)
 .any.text.exit_process
                0x000073be       0x88 contiki-z1.a(process.o)
 .any.text.do_poll
                0x00007446       0x30 contiki-z1.a(process.o)
 .any.text.process_alloc_event
                0x00007476        0xe contiki-z1.a(process.o)
                0x00007476                process_alloc_event
 .any.text.process_init
                0x00007484       0x1c contiki-z1.a(process.o)
                0x00007484                process_init
 .any.text.process_run
                0x000074a0       0xa4 contiki-z1.a(process.o)
                0x000074a0                process_run
 .any.text.process_nevents
                0x00007544        0xe contiki-z1.a(process.o)
                0x00007544                process_nevents
 .any.text.process_post
                0x00007552       0x50 contiki-z1.a(process.o)
                0x00007552                process_post
 .any.text.process_post_synch
                0x000075a2       0x12 contiki-z1.a(process.o)
                0x000075a2                process_post_synch
 .any.text.process_start
                0x000075b4       0x36 contiki-z1.a(process.o)
                0x000075b4                process_start
 .any.text.process_poll
                0x000075ea       0x18 contiki-z1.a(process.o)
                0x000075ea                process_poll
 .any.text.rtimer_init
                0x00007602        0x6 contiki-z1.a(rtimer.o)
                0x00007602                rtimer_init
 .any.text.rtimer_run_next
                0x00007608       0x26 contiki-z1.a(rtimer.o)
                0x00007608                rtimer_run_next
 .any.text.timer_set
                0x0000762e       0x1c contiki-z1.a(timer.o)
                0x0000762e                timer_set
 .any.text.timer_reset
                0x0000764a        0xe contiki-z1.a(timer.o)
                0x0000764a                timer_reset
 .any.text.timer_restart
                0x00007658       0x14 contiki-z1.a(timer.o)
                0x00007658                timer_restart
 .any.text.timer_expired
                0x0000766c       0x2a contiki-z1.a(timer.o)
                0x0000766c                timer_expired
 .any.text.list_init
                0x00007696        0x6 contiki-z1.a(list.o)
                0x00007696                list_init
 .any.text.list_head
                0x0000769c        0x4 contiki-z1.a(list.o)
                0x0000769c                list_head
 .any.text.list_tail
                0x000076a0       0x12 contiki-z1.a(list.o)
                0x000076a0                list_tail
 .any.text.list_remove
                0x000076b2       0x34 contiki-z1.a(list.o)
                0x000076b2                list_remove
 .any.text.list_push
                0x000076e6       0x16 contiki-z1.a(list.o)
                0x000076e6                list_push
 .any.text.list_add
                0x000076fc       0x26 contiki-z1.a(list.o)
                0x000076fc                list_add
 .any.text.list_length
                0x00007722       0x10 contiki-z1.a(list.o)
                0x00007722                list_length
 .any.text.list_item_next
                0x00007732        0xc contiki-z1.a(list.o)
                0x00007732                list_item_next
 .any.text.random_init
                0x0000773e        0x6 contiki-z1.a(random.o)
                0x0000773e                random_init
 .any.text.random_rand
                0x00007744        0x6 contiki-z1.a(random.o)
                0x00007744                random_rand
 .any.text.clear_fragments
                0x0000774a       0x38 contiki-z1.a(sicslowpan.o)
 .any.text.set_packet_attrs
                0x00007782       0x46 contiki-z1.a(sicslowpan.o)
 .any.text.addr_context_lookup_by_number
                0x000077c8       0x30 contiki-z1.a(sicslowpan.o)
 .any.text.compress_addr_64
                0x000077f8       0x9a contiki-z1.a(sicslowpan.o)
 .any.text.store_fragment
                0x00007892       0x6e contiki-z1.a(sicslowpan.o)
 .any.text.uncompress_addr
                0x00007900       0x96 contiki-z1.a(sicslowpan.o)
 .any.text.sicslowpan_init
                0x00007996       0x24 contiki-z1.a(sicslowpan.o)
                0x00007996                sicslowpan_init
 .any.text.addr_context_lookup_by_prefix
                0x000079ba       0x4a contiki-z1.a(sicslowpan.o)
 .any.text.packet_sent
                0x00007a04       0x22 contiki-z1.a(sicslowpan.o)
 .any.text.add_fragment
                0x00007a26      0x160 contiki-z1.a(sicslowpan.o)
 .any.text.input
                0x00007b86      0x606 contiki-z1.a(sicslowpan.o)
 .any.text.send_packet
                0x0000818c       0x1a contiki-z1.a(sicslowpan.o)
 .any.text.output
                0x000081a6      0x67c contiki-z1.a(sicslowpan.o)
 .any.text.chksum
                0x00008822       0x32 contiki-z1.a(uip6.o)
 .any.text.upper_layer_chksum
                0x00008854       0x56 contiki-z1.a(uip6.o)
 .any.text.ext_hdr_options_process
                0x000088aa       0xc2 contiki-z1.a(uip6.o)
 .any.text.uip_add32
                0x0000896c       0x60 contiki-z1.a(uip6.o)
                0x0000896c                uip_add32
 .any.text.uip_add_rcv_nxt
                0x000089cc       0x2e contiki-z1.a(uip6.o)
 .any.text.uip_icmp6chksum
                0x000089fa        0xa contiki-z1.a(uip6.o)
                0x000089fa                uip_icmp6chksum
 .any.text.uip_tcpchksum
                0x00008a04        0xa contiki-z1.a(uip6.o)
                0x00008a04                uip_tcpchksum
 .any.text.uip_udpchksum
                0x00008a0e        0xa contiki-z1.a(uip6.o)
                0x00008a0e                uip_udpchksum
 .any.text.uip_init
                0x00008a18       0x62 contiki-z1.a(uip6.o)
                0x00008a18                uip_init
 .any.text.remove_ext_hdr
                0x00008a7a       0x50 contiki-z1.a(uip6.o)
                0x00008a7a                remove_ext_hdr
 .any.text.uip_udp_new
                0x00008aca       0xb8 contiki-z1.a(uip6.o)
                0x00008aca                uip_udp_new
 .any.text.uip_unlisten
                0x00008b82       0x2a contiki-z1.a(uip6.o)
                0x00008b82                uip_unlisten
 .any.text.uip_process
                0x00008bac      0xe82 contiki-z1.a(uip6.o)
                0x00008bac                uip_process
 .any.text.uip_htonl
                0x00009a2e       0x2a contiki-z1.a(uip6.o)
                0x00009a2e                uip_htonl
 .any.text.uip_ds6_list_loop
                0x00009a58       0x66 contiki-z1.a(uip-ds6.o)
                0x00009a58                uip_ds6_list_loop
 .any.text.uip_ds6_prefix_add
                0x00009abe       0x70 contiki-z1.a(uip-ds6.o)
                0x00009abe                uip_ds6_prefix_add
 .any.text.uip_ds6_is_addr_onlink
                0x00009b2e       0x42 contiki-z1.a(uip-ds6.o)
                0x00009b2e                uip_ds6_is_addr_onlink
 .any.text.uip_ds6_addr_lookup
                0x00009b70       0x2a contiki-z1.a(uip-ds6.o)
                0x00009b70                uip_ds6_addr_lookup
 .any.text.uip_ds6_long_addr_lookup
                0x00009b9a       0x2a contiki-z1.a(uip-ds6.o)
                0x00009b9a                uip_ds6_long_addr_lookup
 .any.text.uip_ds6_get_link_local
                0x00009bc4       0x3e contiki-z1.a(uip-ds6.o)
                0x00009bc4                uip_ds6_get_link_local
 .any.text.uip_ds6_long_get_link_local
                0x00009c02       0x3e contiki-z1.a(uip-ds6.o)
                0x00009c02                uip_ds6_long_get_link_local
 .any.text.uip_ds6_maddr_add
                0x00009c40       0x48 contiki-z1.a(uip-ds6.o)
                0x00009c40                uip_ds6_maddr_add
 .any.text.uip_ds6_long_addr_add
                0x00009c88       0xb4 contiki-z1.a(uip-ds6.o)
                0x00009c88                uip_ds6_long_addr_add
 .any.text.uip_ds6_addr_add
                0x00009d3c       0xb4 contiki-z1.a(uip-ds6.o)
                0x00009d3c                uip_ds6_addr_add
 .any.text.uip_ds6_long_maddr_add
                0x00009df0       0x48 contiki-z1.a(uip-ds6.o)
                0x00009df0                uip_ds6_long_maddr_add
 .any.text.uip_ds6_maddr_rm
                0x00009e38        0xa contiki-z1.a(uip-ds6.o)
                0x00009e38                uip_ds6_maddr_rm
 .any.text.uip_ds6_maddr_lookup
                0x00009e42       0x2a contiki-z1.a(uip-ds6.o)
                0x00009e42                uip_ds6_maddr_lookup
 .any.text.uip_ds6_addr_rm
                0x00009e6c       0x54 contiki-z1.a(uip-ds6.o)
                0x00009e6c                uip_ds6_addr_rm
 .any.text.uip_ds6_periodic
                0x00009ec0       0x7e contiki-z1.a(uip-ds6.o)
                0x00009ec0                uip_ds6_periodic
 .any.text.uip_ds6_long_maddr_lookup
                0x00009f3e       0x2a contiki-z1.a(uip-ds6.o)
                0x00009f3e                uip_ds6_long_maddr_lookup
 .any.text.uip_ds6_set_addr_iid
                0x00009f68       0x14 contiki-z1.a(uip-ds6.o)
                0x00009f68                uip_ds6_set_addr_iid
 .any.text.get_match_length
                0x00009f7c       0x3c contiki-z1.a(uip-ds6.o)
                0x00009f7c                get_match_length
 .any.text.uip_ds6_select_src
                0x00009fb8       0xfe contiki-z1.a(uip-ds6.o)
                0x00009fb8                uip_ds6_select_src
 .any.text.uip_ds6_compute_reachable_time
                0x0000a0b6       0x36 contiki-z1.a(uip-ds6.o)
                0x0000a0b6                uip_ds6_compute_reachable_time
 .any.text.uip_ds6_init
                0x0000a0ec      0x23a contiki-z1.a(uip-ds6.o)
                0x0000a0ec                uip_ds6_init
 .any.text.uip_ds6_neighbors_init
                0x0000a326        0xe contiki-z1.a(uip-ds6-nbr.o)
                0x0000a326                uip_ds6_neighbors_init
 .any.text.uip_ds6_nbr_add
                0x0000a334       0x44 contiki-z1.a(uip-ds6-nbr.o)
                0x0000a334                uip_ds6_nbr_add
 .any.text.uip_ds6_nbr_get_ll
                0x0000a378        0xc contiki-z1.a(uip-ds6-nbr.o)
                0x0000a378                uip_ds6_nbr_get_ll
 .any.text.uip_ds6_nbr_rm
                0x0000a384       0x2e contiki-z1.a(uip-ds6-nbr.o)
                0x0000a384                uip_ds6_nbr_rm
 .any.text.uip_ds6_nbr_lookup
                0x0000a3b2       0x3e contiki-z1.a(uip-ds6-nbr.o)
                0x0000a3b2                uip_ds6_nbr_lookup
 .any.text.uip_ds6_nbr_ll_lookup
                0x0000a3f0        0xc contiki-z1.a(uip-ds6-nbr.o)
                0x0000a3f0                uip_ds6_nbr_ll_lookup
 .any.text.uip_ds6_nbr_ipaddr_from_lladdr
                0x0000a3fc        0x6 contiki-z1.a(uip-ds6-nbr.o)
                0x0000a3fc                uip_ds6_nbr_ipaddr_from_lladdr
 .any.text.uip_ds6_nbr_lladdr_from_ipaddr
                0x0000a402       0x12 contiki-z1.a(uip-ds6-nbr.o)
                0x0000a402                uip_ds6_nbr_lladdr_from_ipaddr
 .any.text.uip_ds6_link_neighbor_callback
                0x0000a414       0x26 contiki-z1.a(uip-ds6-nbr.o)
                0x0000a414                uip_ds6_link_neighbor_callback
 .any.text.call_route_callback
                0x0000a43a       0x40 contiki-z1.a(uip-ds6-route.o)
 .any.text.uip_ds6_route_init
                0x0000a47a       0x36 contiki-z1.a(uip-ds6-route.o)
                0x0000a47a                uip_ds6_route_init
 .any.text.uip_ds6_route_nexthop
                0x0000a4b0       0x1a contiki-z1.a(uip-ds6-route.o)
                0x0000a4b0                uip_ds6_route_nexthop
 .any.text.uip_ds6_route_head
                0x0000a4ca        0xa contiki-z1.a(uip-ds6-route.o)
                0x0000a4ca                uip_ds6_route_head
 .any.text.uip_ds6_route_next
                0x0000a4d4        0xe contiki-z1.a(uip-ds6-route.o)
                0x0000a4d4                uip_ds6_route_next
 .any.text.uip_ds6_route_is_nexthop
                0x0000a4e2       0x22 contiki-z1.a(uip-ds6-route.o)
                0x0000a4e2                uip_ds6_route_is_nexthop
 .any.text.uip_ds6_route_num_routes
                0x0000a504        0x6 contiki-z1.a(uip-ds6-route.o)
                0x0000a504                uip_ds6_route_num_routes
 .any.text.uip_ds6_route_lookup
                0x0000a50a       0x6e contiki-z1.a(uip-ds6-route.o)
                0x0000a50a                uip_ds6_route_lookup
 .any.text.uip_ds6_route_rm
                0x0000a578       0xa2 contiki-z1.a(uip-ds6-route.o)
                0x0000a578                uip_ds6_route_rm
 .any.text.rm_routelist
                0x0000a61a       0x34 contiki-z1.a(uip-ds6-route.o)
 .any.text.rm_routelist_callback
                0x0000a64e        0x6 contiki-z1.a(uip-ds6-route.o)
 .any.text.uip_ds6_route_add
                0x0000a654       0xfc contiki-z1.a(uip-ds6-route.o)
                0x0000a654                uip_ds6_route_add
 .any.text.uip_ds6_defrt_rm
                0x0000a750       0x44 contiki-z1.a(uip-ds6-route.o)
                0x0000a750                uip_ds6_defrt_rm
 .any.text.uip_ds6_defrt_lookup
                0x0000a794       0x32 contiki-z1.a(uip-ds6-route.o)
                0x0000a794                uip_ds6_defrt_lookup
 .any.text.uip_ds6_defrt_add
                0x0000a7c6       0x68 contiki-z1.a(uip-ds6-route.o)
                0x0000a7c6                uip_ds6_defrt_add
 .any.text.uip_ds6_defrt_choose
                0x0000a82e       0x36 contiki-z1.a(uip-ds6-route.o)
                0x0000a82e                uip_ds6_defrt_choose
 .any.text.uip_ds6_defrt_periodic
                0x0000a864       0x38 contiki-z1.a(uip-ds6-route.o)
                0x0000a864                uip_ds6_defrt_periodic
 .any.text.echo_reply_input
                0x0000a89c      0x10c contiki-z1.a(uip-icmp6.o)
 .any.text.echo_request_input
                0x0000a9a8      0x128 contiki-z1.a(uip-icmp6.o)
 .any.text.uip_icmp6_input
                0x0000aad0       0x44 contiki-z1.a(uip-icmp6.o)
                0x0000aad0                uip_icmp6_input
 .any.text.uip_icmp6_register_input_handler
                0x0000ab14        0xc contiki-z1.a(uip-icmp6.o)
                0x0000ab14                uip_icmp6_register_input_handler
 .any.text.uip_icmp6_error_output
                0x0000ab20      0x172 contiki-z1.a(uip-icmp6.o)
                0x0000ab20                uip_icmp6_error_output
 .any.text.uip_icmp6_send
                0x0000ac92       0x84 contiki-z1.a(uip-icmp6.o)
                0x0000ac92                uip_icmp6_send
 .any.text.uip_icmp6_init
                0x0000ad16       0x12 contiki-z1.a(uip-icmp6.o)
                0x0000ad16                uip_icmp6_init
 .any.text.uip_nd6_init
                0x0000ad28        0x2 contiki-z1.a(uip-nd6.o)
                0x0000ad28                uip_nd6_init
 .any.text.start_periodic_tcp_timer
                0x0000ad2a       0x16 contiki-z1.a(tcpip.o)
 .any.text.tcpip_output
                0x0000ad40       0x10 contiki-z1.a(tcpip.o)
                0x0000ad40                tcpip_output
 .any.text.tcpip_set_outputfunc
                0x0000ad50        0x6 contiki-z1.a(tcpip.o)
                0x0000ad50                tcpip_set_outputfunc
 .any.text.udp_new
                0x0000ad56       0x1a contiki-z1.a(tcpip.o)
                0x0000ad56                udp_new
 .any.text.tcpip_input
                0x0000ad70       0x16 contiki-z1.a(tcpip.o)
                0x0000ad70                tcpip_input
 .any.text.tcpip_ipv6_output
                0x0000ad86      0x12e contiki-z1.a(tcpip.o)
                0x0000ad86                tcpip_ipv6_output
 .any.text.process_thread_tcpip_process
                0x0000aeb4      0x1a8 contiki-z1.a(tcpip.o)
 .any.text.tcpip_uipcall
                0x0000b05c       0x62 contiki-z1.a(tcpip.o)
                0x0000b05c                tcpip_uipcall
 .any.text.uip_debug_ipaddr_print
                0x0000b0be       0xbc contiki-z1.a(uip-debug.o)
                0x0000b0be                uip_debug_ipaddr_print
 .any.text.uip_debug_lladdr_print
                0x0000b17a       0x3c contiki-z1.a(uip-debug.o)
                0x0000b17a                uip_debug_lladdr_print
 .any.text.rpl_get_mode
                0x0000b1b6        0x6 contiki-z1.a(rpl.o)
                0x0000b1b6                rpl_get_mode
 .any.text.rpl_purge_routes
                0x0000b1bc       0x96 contiki-z1.a(rpl.o)
                0x0000b1bc                rpl_purge_routes
 .any.text.rpl_remove_routes
                0x0000b252       0x22 contiki-z1.a(rpl.o)
                0x0000b252                rpl_remove_routes
 .any.text.rpl_remove_routes_by_nexthop
                0x0000b274       0x3e contiki-z1.a(rpl.o)
                0x0000b274                rpl_remove_routes_by_nexthop
 .any.text.rpl_add_route
                0x0000b2b2       0x48 contiki-z1.a(rpl.o)
                0x0000b2b2                rpl_add_route
 .any.text.rpl_link_neighbor_callback
                0x0000b2fa       0x74 contiki-z1.a(rpl.o)
                0x0000b2fa                rpl_link_neighbor_callback
 .any.text.rpl_ipv6_neighbor_callback
                0x0000b36e       0x1e contiki-z1.a(rpl.o)
                0x0000b36e                rpl_ipv6_neighbor_callback
 .any.text.rpl_purge_dags
                0x0000b38c       0x60 contiki-z1.a(rpl.o)
                0x0000b38c                rpl_purge_dags
 .any.text.rpl_init
                0x0000b3ec       0x4a contiki-z1.a(rpl.o)
                0x0000b3ec                rpl_init
 .any.text.lollipop_greater_than
                0x0000b436       0x3c contiki-z1.a(rpl-dag.o)
 .any.text.find_parent_any_dag_any_instance
                0x0000b472       0x14 contiki-z1.a(rpl-dag.o)
 .any.text.rpl_set_preferred_parent
                0x0000b486       0x2c contiki-z1.a(rpl-dag.o)
 .any.text.set_ip_from_prefix
                0x0000b4b2       0x30 contiki-z1.a(rpl-dag.o)
 .any.text.check_prefix
                0x0000b4e2       0x70 contiki-z1.a(rpl-dag.o)
 .any.text.rpl_get_nbr
                0x0000b552       0x1e contiki-z1.a(rpl-dag.o)
                0x0000b552                rpl_get_nbr
 .any.text.rpl_dag_init
                0x0000b570        0xe contiki-z1.a(rpl-dag.o)
                0x0000b570                rpl_dag_init
 .any.text.rpl_get_parent
                0x0000b57e        0xc contiki-z1.a(rpl-dag.o)
                0x0000b57e                rpl_get_parent
 .any.text.rpl_get_parent_ipaddr
                0x0000b58a       0x10 contiki-z1.a(rpl-dag.o)
                0x0000b58a                rpl_get_parent_ipaddr
 .any.text.rpl_set_prefix
                0x0000b59a       0x74 contiki-z1.a(rpl-dag.o)
                0x0000b59a                rpl_set_prefix
 .any.text.rpl_set_default_route
                0x0000b60e       0x46 contiki-z1.a(rpl-dag.o)
                0x0000b60e                rpl_set_default_route
 .any.text.rpl_alloc_instance
                0x0000b654       0x34 contiki-z1.a(rpl-dag.o)
                0x0000b654                rpl_alloc_instance
 .any.text.rpl_add_parent
                0x0000b688       0x52 contiki-z1.a(rpl-dag.o)
                0x0000b688                rpl_add_parent
 .any.text.rpl_find_parent
                0x0000b6da       0x1a contiki-z1.a(rpl-dag.o)
                0x0000b6da                rpl_find_parent
 .any.text.rpl_find_parent_any_dag
                0x0000b6f4       0x22 contiki-z1.a(rpl-dag.o)
                0x0000b6f4                rpl_find_parent_any_dag
 .any.text.rpl_select_parent
                0x0000b716       0x74 contiki-z1.a(rpl-dag.o)
                0x0000b716                rpl_select_parent
 .any.text.rpl_select_dag
                0x0000b78a      0x190 contiki-z1.a(rpl-dag.o)
                0x0000b78a                rpl_select_dag
 .any.text.rpl_nullify_parent
                0x0000b91a       0x4e contiki-z1.a(rpl-dag.o)
                0x0000b91a                rpl_nullify_parent
 .any.text.rpl_remove_parent
                0x0000b968       0x16 contiki-z1.a(rpl-dag.o)
                0x0000b968                rpl_remove_parent
 .any.text.nbr_callback
                0x0000b97e        0x6 contiki-z1.a(rpl-dag.o)
 .any.text.remove_parents.constprop.5
                0x0000b984       0x2c contiki-z1.a(rpl-dag.o)
 .any.text.rpl_free_dag
                0x0000b9b0       0x34 contiki-z1.a(rpl-dag.o)
                0x0000b9b0                rpl_free_dag
 .any.text.rpl_move_parent
                0x0000b9e4       0x52 contiki-z1.a(rpl-dag.o)
                0x0000b9e4                rpl_move_parent
 .any.text.rpl_get_any_dag
                0x0000ba36       0x16 contiki-z1.a(rpl-dag.o)
                0x0000ba36                rpl_get_any_dag
 .any.text.rpl_get_instance
                0x0000ba4c       0x16 contiki-z1.a(rpl-dag.o)
                0x0000ba4c                rpl_get_instance
 .any.text.rpl_alloc_dag
                0x0000ba62       0x60 contiki-z1.a(rpl-dag.o)
                0x0000ba62                rpl_alloc_dag
 .any.text.rpl_repair_root
                0x0000bac2       0x4c contiki-z1.a(rpl-dag.o)
                0x0000bac2                rpl_repair_root
 .any.text.rpl_set_root
                0x0000bb0e      0x11a contiki-z1.a(rpl-dag.o)
                0x0000bb0e                rpl_set_root
 .any.text.rpl_find_of
                0x0000bc28       0x10 contiki-z1.a(rpl-dag.o)
                0x0000bc28                rpl_find_of
 .any.text.rpl_join_instance
                0x0000bc38      0x122 contiki-z1.a(rpl-dag.o)
                0x0000bc38                rpl_join_instance
 .any.text.rpl_local_repair
                0x0000bd5a       0x7c contiki-z1.a(rpl-dag.o)
                0x0000bd5a                rpl_local_repair
 .any.text.rpl_process_parent_event
                0x0000bdd6       0x6a contiki-z1.a(rpl-dag.o)
                0x0000bdd6                rpl_process_parent_event
 .any.text.rpl_recalculate_ranks
                0x0000be40       0x44 contiki-z1.a(rpl-dag.o)
                0x0000be40                rpl_recalculate_ranks
 .any.text.rpl_add_dag
                0x0000be84      0x10a contiki-z1.a(rpl-dag.o)
                0x0000be84                rpl_add_dag
 .any.text.rpl_process_dio
                0x0000bf8e      0x33a contiki-z1.a(rpl-dag.o)
                0x0000bf8e                rpl_process_dio
 .any.text.rpl_verify_header
                0x0000c2c8       0xfa contiki-z1.a(rpl-ext-header.)
                0x0000c2c8                rpl_verify_header
 .any.text.rpl_update_header_empty
                0x0000c3c2      0x12a contiki-z1.a(rpl-ext-header.)
                0x0000c3c2                rpl_update_header_empty
 .any.text.rpl_update_header_final
                0x0000c4ec       0x8e contiki-z1.a(rpl-ext-header.)
                0x0000c4ec                rpl_update_header_final
 .any.text.rpl_remove_header
                0x0000c57a       0x4c contiki-z1.a(rpl-ext-header.)
                0x0000c57a                rpl_remove_header
 .any.text.rpl_invert_header
                0x0000c5c6       0x74 contiki-z1.a(rpl-ext-header.)
                0x0000c5c6                rpl_invert_header
 .any.text.rpl_insert_header
                0x0000c63a       0x12 contiki-z1.a(rpl-ext-header.)
                0x0000c63a                rpl_insert_header
 .any.text.get32
                0x0000c64c       0x3e contiki-z1.a(rpl-icmp6.o)
 .any.text.set32
                0x0000c68a       0x2a contiki-z1.a(rpl-icmp6.o)
 .any.text.get16
                0x0000c6b4        0xe contiki-z1.a(rpl-icmp6.o)
 .any.text.set16
                0x0000c6c2       0x10 contiki-z1.a(rpl-icmp6.o)
 .any.text.dao_ack_input
                0x0000c6d2        0xa contiki-z1.a(rpl-icmp6.o)
 .any.text.dio_input
                0x0000c6dc      0x288 contiki-z1.a(rpl-icmp6.o)
 .any.text.rpl_icmp6_update_nbr_table
                0x0000c964       0x28 contiki-z1.a(rpl-icmp6.o)
                0x0000c964                rpl_icmp6_update_nbr_table
 .any.text.dao_input
                0x0000c98c      0x366 contiki-z1.a(rpl-icmp6.o)
 .any.text.dis_output
                0x0000ccf2       0x50 contiki-z1.a(rpl-icmp6.o)
                0x0000ccf2                dis_output
 .any.text.dio_output
                0x0000cd42      0x27a contiki-z1.a(rpl-icmp6.o)
                0x0000cd42                dio_output
 .any.text.dis_input
                0x0000cfbc       0x3e contiki-z1.a(rpl-icmp6.o)
 .any.text.dao_output_target
                0x0000cffa      0x11c contiki-z1.a(rpl-icmp6.o)
                0x0000cffa                dao_output_target
 .any.text.dao_output
                0x0000d116       0x9e contiki-z1.a(rpl-icmp6.o)
                0x0000d116                dao_output
 .any.text.rpl_icmp6_register_handlers
                0x0000d1b4       0x22 contiki-z1.a(rpl-icmp6.o)
                0x0000d1b4                rpl_icmp6_register_handlers
 .any.text.reset
                0x0000d1d6        0x2 contiki-z1.a(rpl-jkof.o)
 .any.text.update_metric_container
                0x0000d1d8        0x6 contiki-z1.a(rpl-jkof.o)
 .any.text.calculate_rank
                0x0000d1de       0x80 contiki-z1.a(rpl-jkof.o)
 .any.text.neighbor_link_callback
                0x0000d25e       0xa8 contiki-z1.a(rpl-jkof.o)
 .any.text.best_dag
                0x0000d306       0x2e contiki-z1.a(rpl-jkof.o)
 .any.text.calculate_path_metric.part.1
                0x0000d334       0x60 contiki-z1.a(rpl-jkof.o)
 .any.text.best_parent
                0x0000d394       0x4e contiki-z1.a(rpl-jkof.o)
 .any.text.new_dio_interval
                0x0000d3e2       0x8a contiki-z1.a(rpl-timers.o)
 .any.text.handle_unicast_dio_timer
                0x0000d46c       0x1c contiki-z1.a(rpl-timers.o)
 .any.text.set_dao_lifetime_timer
                0x0000d488       0x84 contiki-z1.a(rpl-timers.o)
 .any.text.handle_periodic_timer
                0x0000d50c       0x32 contiki-z1.a(rpl-timers.o)
 .any.text.schedule_dao
                0x0000d53e       0x72 contiki-z1.a(rpl-timers.o)
 .any.text.handle_dao_timer
                0x0000d5b0       0x64 contiki-z1.a(rpl-timers.o)
 .any.text.handle_dio_timer
                0x0000d614       0x86 contiki-z1.a(rpl-timers.o)
 .any.text.rpl_reset_periodic_timer
                0x0000d69a       0x54 contiki-z1.a(rpl-timers.o)
                0x0000d69a                rpl_reset_periodic_timer
 .any.text.rpl_reset_dio_timer
                0x0000d6ee       0x18 contiki-z1.a(rpl-timers.o)
                0x0000d6ee                rpl_reset_dio_timer
 .any.text.rpl_schedule_dao
                0x0000d706        0xc contiki-z1.a(rpl-timers.o)
                0x0000d706                rpl_schedule_dao
 .any.text.rpl_schedule_unicast_dio_immediately
                0x0000d712       0x16 contiki-z1.a(rpl-timers.o)
                0x0000d712                rpl_schedule_unicast_dio_immediately
 .any.text.rpl_schedule_probing
                0x0000d728       0x34 contiki-z1.a(rpl-timers.o)
                0x0000d728                rpl_schedule_probing
 .any.text.handle_probing_timer
                0x0000d75c      0x108 contiki-z1.a(rpl-timers.o)
 .any.text.frame802154_get_pan_id
                0x0000d864        0x6 contiki-z1.a(frame802154.o)
                0x0000d864                frame802154_get_pan_id
 .any.text.frame802154_has_panid
                0x0000d86a       0x64 contiki-z1.a(frame802154.o)
                0x0000d86a                frame802154_has_panid
 .any.text.field_len
                0x0000d8ce       0xa8 contiki-z1.a(frame802154.o)
 .any.text.frame802154_is_broadcast_addr
                0x0000d976       0x28 contiki-z1.a(frame802154.o)
                0x0000d976                frame802154_is_broadcast_addr
 .any.text.frame802154_hdrlen
                0x0000d99e       0x32 contiki-z1.a(frame802154.o)
                0x0000d99e                frame802154_hdrlen
 .any.text.frame802154_create
                0x0000d9d0      0x136 contiki-z1.a(frame802154.o)
                0x0000d9d0                frame802154_create
 .any.text.frame802154_parse
                0x0000db06      0x1be contiki-z1.a(frame802154.o)
                0x0000db06                frame802154_parse
 .any.text.create_frame.isra.0
                0x0000dcc4      0x114 contiki-z1.a(framer-802154.o)
 .any.text.create
                0x0000ddd8        0x8 contiki-z1.a(framer-802154.o)
 .any.text.hdr_length
                0x0000dde0        0x8 contiki-z1.a(framer-802154.o)
 .any.text.parse
                0x0000dde8       0x9a contiki-z1.a(framer-802154.o)
 .any.text.send_packet
                0x0000de82        0x6 contiki-z1.a(nullmac.o)
 .any.text.packet_input
                0x0000de88        0x6 contiki-z1.a(nullmac.o)
 .any.text.on   0x0000de8e        0x6 contiki-z1.a(nullmac.o)
 .any.text.off  0x0000de94        0x6 contiki-z1.a(nullmac.o)
 .any.text.channel_check_interval
                0x0000de9a        0x4 contiki-z1.a(nullmac.o)
 .any.text.init
                0x0000de9e        0x2 contiki-z1.a(nullmac.o)
 .any.text.on   0x0000dea0        0x6 contiki-z1.a(nullrdc.o)
 .any.text.channel_check_interval
                0x0000dea6        0x4 contiki-z1.a(nullrdc.o)
 .any.text.init
                0x0000deaa        0x6 contiki-z1.a(nullrdc.o)
 .any.text.packet_input
                0x0000deb0       0x8c contiki-z1.a(nullrdc.o)
 .any.text.off  0x0000df3c       0x10 contiki-z1.a(nullrdc.o)
 .any.text.send_one_packet
                0x0000df4c      0x19a contiki-z1.a(nullrdc.o)
 .any.text.send_list
                0x0000e0e6       0x28 contiki-z1.a(nullrdc.o)
 .any.text.send_packet
                0x0000e10e        0x6 contiki-z1.a(nullrdc.o)
 .any.text.linkaddr_copy
                0x0000e114        0x8 contiki-z1.a(linkaddr.o)
                0x0000e114                linkaddr_copy
 .any.text.linkaddr_cmp
                0x0000e11c       0x12 contiki-z1.a(linkaddr.o)
                0x0000e11c                linkaddr_cmp
 .any.text.linkaddr_set_node_addr
                0x0000e12e        0xc contiki-z1.a(linkaddr.o)
                0x0000e12e                linkaddr_set_node_addr
 .any.text.linkaddr_set_node_long_addr
                0x0000e13a        0xc contiki-z1.a(linkaddr.o)
                0x0000e13a                linkaddr_set_node_long_addr
 .any.text.item_from_index
                0x0000e146       0x2a contiki-z1.a(nbr-table.o)
 .any.text.index_from_key
                0x0000e170       0x26 contiki-z1.a(nbr-table.o)
 .any.text.index_from_item
                0x0000e196       0x1e contiki-z1.a(nbr-table.o)
 .any.text.nbr_set_bit
                0x0000e1b4       0x50 contiki-z1.a(nbr-table.o)
 .any.text.index_from_lladdr
                0x0000e204       0x3e contiki-z1.a(nbr-table.o)
 .any.text.nbr_get_bit.constprop.0
                0x0000e242       0x2c contiki-z1.a(nbr-table.o)
 .any.text.lladdr_map_add_lr
                0x0000e26e       0x40 contiki-z1.a(nbr-table.o)
                0x0000e26e                lladdr_map_add_lr
 .any.text.lladdr_map_rm_lr
                0x0000e2ae       0x32 contiki-z1.a(nbr-table.o)
                0x0000e2ae                lladdr_map_rm_lr
 .any.text.nbr_table_register
                0x0000e2e0       0x26 contiki-z1.a(nbr-table.o)
                0x0000e2e0                nbr_table_register
 .any.text.nbr_table_next
                0x0000e306       0x4c contiki-z1.a(nbr-table.o)
                0x0000e306                nbr_table_next
 .any.text.nbr_table_head
                0x0000e352       0x36 contiki-z1.a(nbr-table.o)
                0x0000e352                nbr_table_head
 .any.text.nbr_table_add_lladdr
                0x0000e388      0x14a contiki-z1.a(nbr-table.o)
                0x0000e388                nbr_table_add_lladdr
 .any.text.nbr_table_get_from_lladdr
                0x0000e4d2       0x28 contiki-z1.a(nbr-table.o)
                0x0000e4d2                nbr_table_get_from_lladdr
 .any.text.nbr_table_remove
                0x0000e4fa       0x2a contiki-z1.a(nbr-table.o)
                0x0000e4fa                nbr_table_remove
 .any.text.nbr_table_lock
                0x0000e524       0x10 contiki-z1.a(nbr-table.o)
                0x0000e524                nbr_table_lock
 .any.text.nbr_table_unlock
                0x0000e534       0x10 contiki-z1.a(nbr-table.o)
                0x0000e534                nbr_table_unlock
 .any.text.nbr_table_get_lladdr
                0x0000e544       0x20 contiki-z1.a(nbr-table.o)
                0x0000e544                nbr_table_get_lladdr
 .any.text.packetbuf_hdrreduce
                0x0000e564       0x1a contiki-z1.a(packetbuf.o)
                0x0000e564                packetbuf_hdrreduce
 .any.text.packetbuf_set_datalen
                0x0000e57e        0x6 contiki-z1.a(packetbuf.o)
                0x0000e57e                packetbuf_set_datalen
 .any.text.packetbuf_hdrptr
                0x0000e584        0x6 contiki-z1.a(packetbuf.o)
                0x0000e584                packetbuf_hdrptr
 .any.text.packetbuf_datalen
                0x0000e58a        0x6 contiki-z1.a(packetbuf.o)
                0x0000e58a                packetbuf_datalen
 .any.text.packetbuf_hdrlen
                0x0000e590        0xa contiki-z1.a(packetbuf.o)
                0x0000e590                packetbuf_hdrlen
 .any.text.packetbuf_dataptr
                0x0000e59a        0xc contiki-z1.a(packetbuf.o)
                0x0000e59a                packetbuf_dataptr
 .any.text.packetbuf_copyto
                0x0000e5a6       0x3a contiki-z1.a(packetbuf.o)
                0x0000e5a6                packetbuf_copyto
 .any.text.packetbuf_totlen
                0x0000e5e0        0xc contiki-z1.a(packetbuf.o)
                0x0000e5e0                packetbuf_totlen
 .any.text.packetbuf_hdralloc
                0x0000e5ec       0x3c contiki-z1.a(packetbuf.o)
                0x0000e5ec                packetbuf_hdralloc
 .any.text.packetbuf_attr_clear
                0x0000e628       0x28 contiki-z1.a(packetbuf.o)
                0x0000e628                packetbuf_attr_clear
 .any.text.packetbuf_clear
                0x0000e650       0x12 contiki-z1.a(packetbuf.o)
                0x0000e650                packetbuf_clear
 .any.text.packetbuf_copyfrom
                0x0000e662       0x2a contiki-z1.a(packetbuf.o)
                0x0000e662                packetbuf_copyfrom
 .any.text.packetbuf_attr_copyto
                0x0000e68c       0x22 contiki-z1.a(packetbuf.o)
                0x0000e68c                packetbuf_attr_copyto
 .any.text.packetbuf_attr_copyfrom
                0x0000e6ae       0x24 contiki-z1.a(packetbuf.o)
                0x0000e6ae                packetbuf_attr_copyfrom
 .any.text.packetbuf_holds_broadcast
                0x0000e6d2        0xe contiki-z1.a(packetbuf.o)
                0x0000e6d2                packetbuf_holds_broadcast
 .any.text.queuebuf_init
                0x0000e6e0       0x12 contiki-z1.a(queuebuf.o)
                0x0000e6e0                queuebuf_init
 .any.text.queuebuf_numfree
                0x0000e6f2        0xa contiki-z1.a(queuebuf.o)
                0x0000e6f2                queuebuf_numfree
 .any.text.queuebuf_new_from_packetbuf
                0x0000e6fc       0x4e contiki-z1.a(queuebuf.o)
                0x0000e6fc                queuebuf_new_from_packetbuf
 .any.text.queuebuf_free
                0x0000e74a       0x2a contiki-z1.a(queuebuf.o)
                0x0000e74a                queuebuf_free
 .any.text.queuebuf_to_packetbuf
                0x0000e774       0x32 contiki-z1.a(queuebuf.o)
                0x0000e774                queuebuf_to_packetbuf
 .any.text.init
                0x0000e7a6        0x2 contiki-z1.a(nullsec.o)
 .any.text.send
                0x0000e7a8        0xa contiki-z1.a(nullsec.o)
 .any.text.input
                0x0000e7b2        0x6 contiki-z1.a(nullsec.o)
 .any.text.i2c_receiveinit
                0x0000e7b8       0x36 contiki-z1.a(i2cmaster.o)
                0x0000e7b8                i2c_receiveinit
 .any.text.i2c_transmitinit
                0x0000e7ee       0x30 contiki-z1.a(i2cmaster.o)
                0x0000e7ee                i2c_transmitinit
 .any.text.i2c_receive_n
                0x0000e81e       0x3e contiki-z1.a(i2cmaster.o)
                0x0000e81e                i2c_receive_n
 .any.text.i2c_busy
                0x0000e85c        0xa contiki-z1.a(i2cmaster.o)
                0x0000e85c                i2c_busy
 .any.text.i2c_enable
                0x0000e866       0x22 contiki-z1.a(i2cmaster.o)
                0x0000e866                i2c_enable
 .any.text.i2c_transmit_n
                0x0000e888       0x14 contiki-z1.a(i2cmaster.o)
                0x0000e888                i2c_transmit_n
 .any.text.stimer_set
                0x0000e89c       0x1c contiki-z1.a(stimer.o)
                0x0000e89c                stimer_set
 .any.text.stimer_expired
                0x0000e8b8       0x30 contiki-z1.a(stimer.o)
                0x0000e8b8                stimer_expired
 .any.text.memb_init
                0x0000e8e8       0x36 contiki-z1.a(memb.o)
                0x0000e8e8                memb_init
 .any.text.memb_alloc
                0x0000e91e       0x3e contiki-z1.a(memb.o)
                0x0000e91e                memb_alloc
 .any.text.memb_free
                0x0000e95c       0x3a contiki-z1.a(memb.o)
                0x0000e95c                memb_free
 .any.text.memb_inmemb
                0x0000e996       0x2a contiki-z1.a(memb.o)
                0x0000e996                memb_inmemb
 .any.text.memb_numfree
                0x0000e9c0       0x26 contiki-z1.a(memb.o)
                0x0000e9c0                memb_numfree
 .any.text.update_nbr
                0x0000e9e6      0x11e contiki-z1.a(rpl-nbr-policy.)
 .any.text.handle_periodic_timer
                0x0000eb04        0xe contiki-z1.a(rpl-nbr-policy.)
 .any.text.find_removable_dis
                0x0000eb12       0x2a contiki-z1.a(rpl-nbr-policy.)
                0x0000eb12                find_removable_dis
 .any.text.find_removable_dio
                0x0000eb3c       0x7a contiki-z1.a(rpl-nbr-policy.)
                0x0000eb3c                find_removable_dio
 .any.text.find_removable_dao
                0x0000ebb6       0x3c contiki-z1.a(rpl-nbr-policy.)
                0x0000ebb6                find_removable_dao
 .any.text.rpl_nbr_policy_find_removable
                0x0000ebf2       0x30 contiki-z1.a(rpl-nbr-policy.)
                0x0000ebf2                rpl_nbr_policy_find_removable
 .any.text.mac_call_sent_callback
                0x0000ec22       0x14 contiki-z1.a(mac.o)
                0x0000ec22                mac_call_sent_callback
 .any.text.mac_sequence_is_duplicate
                0x0000ec36       0x3c contiki-z1.a(mac-sequence.o)
                0x0000ec36                mac_sequence_is_duplicate
 .any.text.mac_sequence_register_seqno
                0x0000ec72       0x6a contiki-z1.a(mac-sequence.o)
                0x0000ec72                mac_sequence_register_seqno

.rodata         0x0000ecdc      0xf29
                0x0000ecdc                . = ALIGN (0x2)
 *(.rodata .rodata.* .gnu.linkonce.r.*)
 .rodata.process_thread_udp_server_process
                0x0000ecdc      0x120 udp-server.co
 .rodata.autostart_processes
                0x0000edfc        0x4 udp-server.co
                0x0000edfc                autostart_processes
 .rodata        0x0000ee00       0x13 udp-server.co
 .rodata        0x0000ee13      0x26b obj_z1/contiki-z1-main.o
 .rodata.cc2420_prepare
                0x0000f07e       0x47 contiki-z1.a(cc2420.o)
 .rodata.process_thread_cc2420_process
                0x0000f0c5       0x42 contiki-z1.a(cc2420.o)
 .rodata.cc2420_transmit
                0x0000f107       0x2d contiki-z1.a(cc2420.o)
 .rodata.get_value
                0x0000f134       0x44 contiki-z1.a(cc2420.o)
 .rodata.set_value
                0x0000f178       0x20 contiki-z1.a(cc2420.o)
 .rodata.cc2420_driver
                0x0000f198       0x38 contiki-z1.a(cc2420.o)
                0x0000f198                cc2420_driver
 .rodata        0x0000f1d0        0xe contiki-z1.a(cc2420.o)
 .rodata.output_power
                0x0000f1de       0x10 contiki-z1.a(cc2420.o)
 .rodata.node_id_restore
                0x0000f1ee       0x2d contiki-z1.a(node-id.o)
 .rodata        0x0000f21b        0x8 contiki-z1.a(sensors.o)
 .rodata        0x0000f223        0x7 contiki-z1.a(button-sensor.o)
 .rodata.button_sensor
                0x0000f22a        0xe contiki-z1.a(button-sensor.o)
                0x0000f22a                button_sensor
 .rodata.get_value
                0x0000f238       0x44 contiki-z1.a(cc1200.o)
 .rodata.idle   0x0000f27c       0x22 contiki-z1.a(cc1200.o)
 .rodata.rx_rx  0x0000f29e       0x24 contiki-z1.a(cc1200.o)
 .rodata.idle_calibrate_rx
                0x0000f2c2       0x60 contiki-z1.a(cc1200.o)
 *fill*         0x0000f322        0x2 00
 .rodata.set_value
                0x0000f324       0x20 contiki-z1.a(cc1200.o)
 .rodata.read   0x0000f344       0x25 contiki-z1.a(cc1200.o)
 .rodata.prepare
                0x0000f369       0x1c contiki-z1.a(cc1200.o)
 .rodata.idle_tx_rx
                0x0000f385       0x80 contiki-z1.a(cc1200.o)
 .rodata.transmit
                0x0000f405       0x18 contiki-z1.a(cc1200.o)
 .rodata.cc1200_init
                0x0000f41d       0x66 contiki-z1.a(cc1200.o)
 .rodata.cc1200_rx_interrupt
                0x0000f483       0x5d contiki-z1.a(cc1200.o)
 .rodata.process_thread_cc1200_process
                0x0000f4e0       0x16 contiki-z1.a(cc1200.o)
 .rodata        0x0000f4f6        0xe contiki-z1.a(cc1200.o)
 .rodata.cc1200_driver
                0x0000f504       0x38 contiki-z1.a(cc1200.o)
                0x0000f504                cc1200_driver
 .rodata.cc1200_802154g_863_870_fsk_50kbps
                0x0000f53c       0x12 contiki-z1.a(cc1200-802154g-)
                0x0000f53c                cc1200_802154g_863_870_fsk_50kbps
 .rodata.rf_cfg_descriptor
                0x0000f54e       0x24 contiki-z1.a(cc1200-802154g-)
 .rodata.preferredSettings
                0x0000f572       0xd0 contiki-z1.a(cc1200-802154g-)
 .rodata.cc1200_arch_gpio0_setup_irq
                0x0000f642       0x39 contiki-z1.a(cc1200-z1-arch.)
 .rodata.cc1200_arch_gpio2_setup_irq
                0x0000f67b       0x39 contiki-z1.a(cc1200-z1-arch.)
 .rodata.port1_isr
                0x0000f6b4       0x7a contiki-z1.a(adxl345.o)
 .rodata        0x0000f72e       0x25 contiki-z1.a(adxl345.o)
 .rodata.process_thread_dual_dis_broadcast
                0x0000f753       0x70 contiki-z1.a(dual_radio.o)
 .rodata.process_thread_dual_dio_broadcast
                0x0000f7c3       0x70 contiki-z1.a(dual_radio.o)
 .rodata        0x0000f833       0x1b contiki-z1.a(dual_radio.o)
 .rodata        0x0000f84e        0xf contiki-z1.a(ctimer.o)
 .rodata        0x0000f85d        0xc contiki-z1.a(etimer.o)
 .rodata        0x0000f869        0xb contiki-z1.a(sicslowpan.o)
 .rodata.sicslowpan_driver
                0x0000f874        0xa contiki-z1.a(sicslowpan.o)
                0x0000f874                sicslowpan_driver
 .rodata.llprefix
                0x0000f87e        0x2 contiki-z1.a(sicslowpan.o)
                0x0000f87e                llprefix
 .rodata.unc_mxconf
                0x0000f880        0x4 contiki-z1.a(sicslowpan.o)
                0x0000f880                unc_mxconf
 .rodata.unc_ctxconf
                0x0000f884        0x4 contiki-z1.a(sicslowpan.o)
                0x0000f884                unc_ctxconf
 .rodata.unc_llconf
                0x0000f888        0x4 contiki-z1.a(sicslowpan.o)
                0x0000f888                unc_llconf
 .rodata.ttl_values
                0x0000f88c        0x4 contiki-z1.a(sicslowpan.o)
 .rodata.uip_process
                0x0000f890       0x40 contiki-z1.a(uip6.o)
 .rodata        0x0000f8d0        0xd contiki-z1.a(tcpip.o)
 .rodata.uip_debug_ipaddr_print
                0x0000f8dd       0x28 contiki-z1.a(uip-debug.o)
 .rodata.uip_debug_lladdr_print
                0x0000f905       0x14 contiki-z1.a(uip-debug.o)
 .rodata.CSWTCH.16
                0x0000f919        0x2 contiki-z1.a(frame802154.o)
 *fill*         0x0000f91b        0x1 00
 .rodata.framer_802154
                0x0000f91c        0xc contiki-z1.a(framer-802154.o)
                0x0000f91c                framer_802154
 .rodata        0x0000f928        0x8 contiki-z1.a(nullmac.o)
 .rodata.nullmac_driver
                0x0000f930       0x1a contiki-z1.a(nullmac.o)
                0x0000f930                nullmac_driver
 .rodata.packet_input
                0x0000f94a       0x9d contiki-z1.a(nullrdc.o)
 .rodata.send_one_packet
                0x0000f9e7       0x5c contiki-z1.a(nullrdc.o)
 .rodata        0x0000fa43        0x8 contiki-z1.a(nullrdc.o)
 *fill*         0x0000fa4b        0x1 00
 .rodata.nullrdc_driver
                0x0000fa4c       0x1e contiki-z1.a(nullrdc.o)
                0x0000fa4c                nullrdc_driver
 .rodata.linkaddr_null
                0x0000fa6a        0x8 contiki-z1.a(linkaddr.o)
                0x0000fa6a                linkaddr_null
 .rodata        0x0000fa72        0x8 contiki-z1.a(nullsec.o)
 .rodata.nullsec_driver
                0x0000fa7a        0xe contiki-z1.a(nullsec.o)
                0x0000fa7a                nullsec_driver
 .rodata.update_nbr
                0x0000fa88       0x7a contiki-z1.a(rpl-nbr-policy.)
 .rodata.find_removable_dis
                0x0000fb02       0x40 contiki-z1.a(rpl-nbr-policy.)
 .rodata.find_removable_dio
                0x0000fb42       0x90 contiki-z1.a(rpl-nbr-policy.)
 .rodata.find_removable_dao
                0x0000fbd2       0x2c contiki-z1.a(rpl-nbr-policy.)
 .rodata.vuprintf
                0x0000fbfe        0x7 /usr/local/msp430/bin/../lib/gcc/msp430/4.7.0/../../../../msp430/lib/mcpu-430x/mmpy-16/msr20/mc20/libc.a(vuprintf.o)
 *(.near.rodata .near.rodata.*)
                0x0000fc06                . = ALIGN (0x2)
                0x0000fc06                _etext = .

.data           0x00001100      0x142 load address 0x0000fc06
                0x00001100                . = ALIGN (0x2)
                0x00001100                __data_start = .
 *(.data .data.* .gnu.linkonce.d.*)
 .data.udp_server_process
                0x00001100        0xc udp-server.co
                0x00001100                udp_server_process
 .data.alpha    0x0000110c        0x1 udp-server.co
                0x0000110c                alpha
 .data.remaining_energy
                0x0000110d        0x1 udp-server.co
                0x0000110d                remaining_energy
 .data.sensors  0x0000110e        0x4 obj_z1/contiki-z1-main.o
                0x0000110e                sensors
 .data.cur_break
                0x00001112        0x2 contiki-z1.a(msp430.o)
 .data.cc2420_process
                0x00001114        0xc contiki-z1.a(cc2420.o)
                0x00001114                cc2420_process
 .data.send_on_cca
                0x00001120        0x1 contiki-z1.a(cc2420.o)
 *fill*         0x00001121        0x1 00
 .data.sensors_process
                0x00001122        0xc contiki-z1.a(sensors.o)
                0x00001122                sensors_process
 .data.cc1200_process
                0x0000112e        0xc contiki-z1.a(cc1200.o)
                0x0000112e                cc1200_process
 .data.accmeter_process
                0x0000113a        0xc contiki-z1.a(adxl345.o)
                0x0000113a                accmeter_process
 .data.adxl345_default_settings
                0x00001146       0x16 contiki-z1.a(adxl345.o)
 .data.dual_dis_broadcast
                0x0000115c        0xc contiki-z1.a(dual_radio.o)
                0x0000115c                dual_dis_broadcast
 .data.dual_dio_broadcast
                0x00001168        0xc contiki-z1.a(dual_radio.o)
                0x00001168                dual_dio_broadcast
 .data.radio_received
                0x00001174        0x2 contiki-z1.a(dual_radio.o)
                0x00001174                radio_received
 .data.ctimer_process
                0x00001176        0xc contiki-z1.a(ctimer.o)
                0x00001176                ctimer_process
 .data.etimer_process
                0x00001182        0xc contiki-z1.a(etimer.o)
                0x00001182                etimer_process
 .data.ds6_neighbors
                0x0000118e        0x2 contiki-z1.a(uip-ds6-nbr.o)
                0x0000118e                ds6_neighbors
 .data.ds6_neighbors_struct
                0x00001190        0xa contiki-z1.a(uip-ds6-nbr.o)
 .data.nbr_routes
                0x0000119a        0x2 contiki-z1.a(uip-ds6-route.o)
                0x0000119a                nbr_routes
 .data.routememb
                0x0000119c        0x8 contiki-z1.a(uip-ds6-route.o)
 .data.defaultroutermemb
                0x000011a4        0x8 contiki-z1.a(uip-ds6-route.o)
 .data.neighborroutememb
                0x000011ac        0x8 contiki-z1.a(uip-ds6-route.o)
 .data.nbr_routes_struct
                0x000011b4        0xa contiki-z1.a(uip-ds6-route.o)
 .data.echo_request_handler
                0x000011be        0x8 contiki-z1.a(uip-icmp6.o)
 .data.echo_reply_handler
                0x000011c6        0x8 contiki-z1.a(uip-icmp6.o)
 .data.tcpip_process
                0x000011ce        0xc contiki-z1.a(tcpip.o)
                0x000011ce                tcpip_process
 .data.rpl_parents
                0x000011da        0x2 contiki-z1.a(rpl-dag.o)
                0x000011da                rpl_parents
 .data.rpl_parents_struct
                0x000011dc        0xa contiki-z1.a(rpl-dag.o)
 .data.dao_sequence
                0x000011e6        0x1 contiki-z1.a(rpl-icmp6.o)
 *fill*         0x000011e7        0x1 00
 .data.dis_handler
                0x000011e8        0x8 contiki-z1.a(rpl-icmp6.o)
 .data.dio_handler
                0x000011f0        0x8 contiki-z1.a(rpl-icmp6.o)
 .data.dao_handler
                0x000011f8        0x8 contiki-z1.a(rpl-icmp6.o)
 .data.dao_ack_handler
                0x00001200        0x8 contiki-z1.a(rpl-icmp6.o)
 .data.rpl_jkof
                0x00001208       0x1a contiki-z1.a(rpl-jkof.o)
                0x00001208                rpl_jkof
 .data.mac_pan_id
                0x00001222        0x2 contiki-z1.a(frame802154.o)
 .data.neighbor_addr_mem
                0x00001224        0x8 contiki-z1.a(nbr-table.o)
 .data.buframmem
                0x0000122c        0x8 contiki-z1.a(queuebuf.o)
 .data.bufmem   0x00001234        0x8 contiki-z1.a(queuebuf.o)
 .data.prescale_lsb
                0x0000123c        0x1 contiki-z1.a(i2cmaster.o)
                0x0000123c                prescale_lsb
 *fill*         0x0000123d        0x1 00
 .data.next     0x0000123e        0x4 /usr/local/msp430/bin/../lib/gcc/msp430/4.7.0/../../../../msp430/lib/mcpu-430x/mmpy-16/msr20/mc20/libc.a(rand.o)