Archive member included because of file (symbol)

contiki-z1.a(contiki-z1-plat)
                              obj_z1/contiki-z1-main.o (init_platform)
contiki-z1.a(msp430.o)        obj_z1/contiki-z1-main.o (splhigh_)
contiki-z1.a(leds.o)          obj_z1/contiki-z1-main.o (leds_init)
contiki-z1.a(watchdog.o)      obj_z1/contiki-z1-main.o (watchdog_start)
contiki-z1.a(xmem.o)          obj_z1/contiki-z1-main.o (xmem_init)
contiki-z1.a(spi.o)           contiki-z1.a(xmem.o) (spi_init)
contiki-z1.a(cc2420.o)        obj_z1/contiki-z1-main.o (cc2420_set_pan_addr)
contiki-z1.a(cc2420-arch.o)   contiki-z1.a(cc2420.o) (cc2420_arch_init)
contiki-z1.a(node-id.o)       obj_z1/contiki-z1-main.o (node_id_restore)
contiki-z1.a(sensors.o)       udp-server.co (sensors_event)
contiki-z1.a(button-sensor.o)
                              udp-server.co (button_sensor)
contiki-z1.a(uart0.o)         obj_z1/contiki-z1-main.o (uart0_active)
contiki-z1.a(uart0-putchar.o)
                              udp-server.co (putchar)
contiki-z1.a(cc1200.o)        obj_z1/contiki-z1-main.o (cc1200_init)
contiki-z1.a(cc1200-802154g-)
                              contiki-z1.a(cc1200.o) (cc1200_802154g_863_870_fsk_50kbps)
contiki-z1.a(cc1200-z1-arch.)
                              contiki-z1.a(cc1200.o) (cc1200_arch_spi_select)
contiki-z1.a(adxl345.o)       obj_z1/contiki-z1-main.o (accm_init)
contiki-z1.a(dual_radio.o)    contiki-z1.a(cc1200.o) (long_range_radio)
contiki-z1.a(clock.o)         obj_z1/contiki-z1-main.o (clock_init)
contiki-z1.a(leds-arch.o)     contiki-z1.a(leds.o) (leds_arch_init)
contiki-z1.a(rtimer-arch.o)   obj_z1/contiki-z1-main.o (rtimer_arch_now)
contiki-z1.a(autostart.o)     obj_z1/contiki-z1-main.o (autostart_start)
contiki-z1.a(ctimer.o)        obj_z1/contiki-z1-main.o (ctimer_init)
contiki-z1.a(energest.o)      obj_z1/contiki-z1-main.o (energest_init)
contiki-z1.a(etimer.o)        contiki-z1.a(clock.o) (etimer_request_poll)
contiki-z1.a(process.o)       udp-server.co (process_current)
contiki-z1.a(rtimer.o)        obj_z1/contiki-z1-main.o (rtimer_init)
contiki-z1.a(timer.o)         contiki-z1.a(button-sensor.o) (timer_set)
contiki-z1.a(list.o)          contiki-z1.a(ctimer.o) (list_init)
contiki-z1.a(random.o)        obj_z1/contiki-z1-main.o (random_init)
contiki-z1.a(sicslowpan.o)    obj_z1/contiki-z1-main.o (sicslowpan_driver)
contiki-z1.a(uip6.o)          udp-server.co (uip_aligned_buf)
contiki-z1.a(uip-ds6.o)       contiki-z1.a(uip6.o) (uip_ds6_is_addr_onlink)
contiki-z1.a(uip-ds6-nbr.o)   contiki-z1.a(uip-ds6.o) (uip_ds6_neighbors_init)
contiki-z1.a(uip-ds6-route.o)
                              contiki-z1.a(uip-ds6.o) (uip_ds6_route_init)
contiki-z1.a(uip-icmp6.o)     contiki-z1.a(uip6.o) (uip_icmp6_input)
contiki-z1.a(uip-nd6.o)       contiki-z1.a(uip6.o) (uip_nd6_init)
contiki-z1.a(tcpip.o)         contiki-z1.a(sicslowpan.o) (tcpip_set_outputfunc)
contiki-z1.a(uip-debug.o)     udp-server.co (uip_debug_ipaddr_print)
contiki-z1.a(rpl.o)           contiki-z1.a(uip-ds6-nbr.o) (rpl_link_neighbor_callback)
contiki-z1.a(rpl-dag.o)       contiki-z1.a(rpl.o) (default_instance)
contiki-z1.a(rpl-ext-header.)
                              contiki-z1.a(uip6.o) (rpl_verify_header)
contiki-z1.a(rpl-icmp6.o)     contiki-z1.a(rpl-dag.o) (rpl_icmp6_update_nbr_table)
contiki-z1.a(rpl-ltmax-of.o)  contiki-z1.a(rpl.o) (rpl_ltmax_of)
contiki-z1.a(rpl-timers.o)    contiki-z1.a(rpl.o) (rpl_reset_periodic_timer)
contiki-z1.a(frame802154.o)   contiki-z1.a(cc1200.o) (frame802154_parse)
contiki-z1.a(framer-802154.o)
                              contiki-z1.a(sicslowpan.o) (framer_802154)
contiki-z1.a(nullmac.o)       udp-server.co (nullmac_driver)
contiki-z1.a(nullrdc.o)       obj_z1/contiki-z1-main.o (nullrdc_driver)
contiki-z1.a(linkaddr.o)      obj_z1/contiki-z1-main.o (linkaddr_copy)
contiki-z1.a(nbr-table.o)     contiki-z1.a(uip-ds6-nbr.o) (lladdr_map_add_lr)
contiki-z1.a(packetbuf.o)     contiki-z1.a(framer-802154.o) (packetbuf_hdrreduce)
contiki-z1.a(queuebuf.o)      obj_z1/contiki-z1-main.o (queuebuf_init)
contiki-z1.a(nullsec.o)       contiki-z1.a(sicslowpan.o) (nullsec_driver)
contiki-z1.a(cfs-coffee.o)    contiki-z1.a(rpl-icmp6.o) (cfs_write)
contiki-z1.a(i2cmaster.o)     contiki-z1.a(adxl345.o) (i2c_receiveinit)
contiki-z1.a(log_message.o)   contiki-z1.a(rpl-icmp6.o) (log_file)
contiki-z1.a(residual.o)      contiki-z1.a(rpl-icmp6.o) (get_residual_energy)
contiki-z1.a(stimer.o)        contiki-z1.a(uip-ds6.o) (stimer_set)
contiki-z1.a(memb.o)          contiki-z1.a(uip-ds6-route.o) (memb_init)
contiki-z1.a(rpl-nbr-policy.)
                              contiki-z1.a(nbr-table.o) (rpl_nbr_policy_find_removable)
contiki-z1.a(mac.o)           contiki-z1.a(nullrdc.o) (mac_call_sent_callback)
contiki-z1.a(mac-sequence.o)  contiki-z1.a(nullrdc.o) (mac_sequence_is_duplicate)
/usr/local/msp430/bin/../lib/gcc/msp430/4.7.0/mcpu-430x/mmpy-16/msr20/mc20/libgcc.a(_mulsi3.o)
                              contiki-z1.a(rpl-timers.o) (__mulsi3)
[...]
Memory Configuration

Name             Origin             Length             Attributes
sfr              0x00000000         0x00000010
peripheral_8bit  0x00000010         0x000000f0
peripheral_16bit 0x00000100         0x00000100
ram_mirror       0x00000200         0x00000800         xw
infomem          0x00001000         0x00000100
infod            0x00001000         0x00000040
infoc            0x00001040         0x00000040
infob            0x00001080         0x00000040
infoa            0x000010c0         0x00000040
ram              0x00001100         0x00002000         xw
rom              0x00003100         0x0000cebe         xr
vectors          0x0000ffc0         0x00000040
far_rom          0x00010000         0x0000a000
bsl              0x00000000         0x00000000
ram2             0x00000000         0x00000000         xw
usbram           0x00000000         0x00000000         xw
*default*        0x00000000         0xffffffff

Linker script and memory map

LOAD /usr/local/msp430/bin/../lib/gcc/msp430/4.7.0/mcpu-430x/mmpy-16/msr20/mc20/crt0ivtbl32.o
                0x00000041                __P1SEL2 = 0x41
                0x00000045                __P5SEL2 = 0x45
LOAD udp-server.co
LOAD obj_z1/contiki-z1-main.o
LOAD contiki-z1.a
LOAD /usr/local/msp430/bin/../lib/gcc/msp430/4.7.0/mcpu-430x/mmpy-16/msr20/mc20/libgcc.a
LOAD /usr/local/msp430/bin/../lib/gcc/msp430/4.7.0/../../../../msp430/lib/mcpu-430x/mmpy-16/msr20/mc20/libc.a
LOAD /usr/local/msp430/bin/../lib/gcc/msp430/4.7.0/mcpu-430x/mmpy-16/msr20/mc20/libgcc.a
LOAD /usr/local/msp430/bin/../lib/gcc/msp430/4.7.0/mcpu-430x/mmpy-16/msr20/mc20/libcrt0.a
                0x00000040                PROVIDE (__info_segment_size, 0x40)
                0x00001000                PROVIDE (__infod, 0x1000)
                0x00001040                PROVIDE (__infoc, 0x1040)
                0x00001080                PROVIDE (__infob, 0x1080)
                0x000010c0                PROVIDE (__infoa, 0x10c0)
                0x00000000                __IE1 = 0x0
                0x00000002                __IFG1 = 0x2
                0x00000001                __IE2 = 0x1
                0x00000003                __IFG2 = 0x3
                0x00000006                __UC1IE = 0x6
                0x00000007                __UC1IFG = 0x7
                0x000001a0                __ADC12CTL0 = 0x1a0
                0x000001a2                __ADC12CTL1 = 0x1a2
                0x000001a4                __ADC12IFG = 0x1a4
                0x000001a6                __ADC12IE = 0x1a6
                0x000001a8                __ADC12IV = 0x1a8
                0x00000140                __ADC12MEM0 = 0x140
                0x00000142                __ADC12MEM1 = 0x142
                0x00000144                __ADC12MEM2 = 0x144
                0x00000146                __ADC12MEM3 = 0x146
                0x00000148                __ADC12MEM4 = 0x148
                0x0000014a                __ADC12MEM5 = 0x14a
                0x0000014c                __ADC12MEM6 = 0x14c
                0x0000014e                __ADC12MEM7 = 0x14e
                0x00000150                __ADC12MEM8 = 0x150
                0x00000152                __ADC12MEM9 = 0x152
                0x00000154                __ADC12MEM10 = 0x154
                0x00000156                __ADC12MEM11 = 0x156
                0x00000158                __ADC12MEM12 = 0x158
                0x0000015a                __ADC12MEM13 = 0x15a
                0x0000015c                __ADC12MEM14 = 0x15c
                0x0000015e                __ADC12MEM15 = 0x15e
                0x00000080                __ADC12MCTL0 = 0x80
                0x00000081                __ADC12MCTL1 = 0x81
                0x00000082                __ADC12MCTL2 = 0x82
                0x00000083                __ADC12MCTL3 = 0x83
                0x00000084                __ADC12MCTL4 = 0x84
                0x00000085                __ADC12MCTL5 = 0x85
                0x00000086                __ADC12MCTL6 = 0x86
                0x00000087                __ADC12MCTL7 = 0x87
                0x00000088                __ADC12MCTL8 = 0x88
                0x00000089                __ADC12MCTL9 = 0x89
                0x0000008a                __ADC12MCTL10 = 0x8a
                0x0000008b                __ADC12MCTL11 = 0x8b
                0x0000008c                __ADC12MCTL12 = 0x8c
                0x0000008d                __ADC12MCTL13 = 0x8d
                0x0000008e                __ADC12MCTL14 = 0x8e
                0x0000008f                __ADC12MCTL15 = 0x8f
                0x00000056                __DCOCTL = 0x56
                0x00000057                __BCSCTL1 = 0x57
                0x00000058                __BCSCTL2 = 0x58
                0x00000053                __BCSCTL3 = 0x53
                0x00000059                __CACTL1 = 0x59
                0x0000005a                __CACTL2 = 0x5a
                0x0000005b                __CAPD = 0x5b
                0x000001c0                __DAC12_0CTL = 0x1c0
                0x000001c2                __DAC12_1CTL = 0x1c2
                0x000001c8                __DAC12_0DAT = 0x1c8
                0x000001ca                __DAC12_1DAT = 0x1ca
                0x00000122                __DMACTL0 = 0x122
                0x00000124                __DMACTL1 = 0x124
                0x00000126                __DMAIV = 0x126
                0x000001d0                __DMA0CTL = 0x1d0
                0x000001dc                __DMA1CTL = 0x1dc
                0x000001e8                __DMA2CTL = 0x1e8
                0x000001d2                __DMA0SA = 0x1d2
                0x000001d2                __DMA0SAL = 0x1d2
                0x000001d6                __DMA0DA = 0x1d6
                0x000001d6                __DMA0DAL = 0x1d6
                0x000001da                __DMA0SZ = 0x1da
                0x000001de                __DMA1SA = 0x1de
                0x000001de                __DMA1SAL = 0x1de
                0x000001e2                __DMA1DA = 0x1e2
                0x000001e2                __DMA1DAL = 0x1e2
                0x000001e6                __DMA1SZ = 0x1e6
                0x000001ea                __DMA2SA = 0x1ea
                0x000001ea                __DMA2SAL = 0x1ea
                0x000001ee                __DMA2DA = 0x1ee
                0x000001ee                __DMA2DAL = 0x1ee
                0x000001f2                __DMA2SZ = 0x1f2
                0x00000128                __FCTL1 = 0x128
                0x0000012a                __FCTL2 = 0x12a
                0x0000012c                __FCTL3 = 0x12c
                0x000001be                __FCTL4 = 0x1be
                0x00000130                __MPY = 0x130
                0x00000132                __MPYS = 0x132
                0x00000134                __MAC = 0x134
                0x00000136                __MACS = 0x136
                0x00000138                __OP2 = 0x138
                0x0000013a                __RESLO = 0x13a
                0x0000013c                __RESHI = 0x13c
                0x0000013e                __SUMEXT = 0x13e
                0x00000020                __P1IN = 0x20
                0x00000021                __P1OUT = 0x21
                0x00000022                __P1DIR = 0x22
                0x00000023                __P1IFG = 0x23
                0x00000024                __P1IES = 0x24
                0x00000025                __P1IE = 0x25
                0x00000026                __P1SEL = 0x26
                0x00000027                __P1REN = 0x27
                0x00000028                __P2IN = 0x28
                0x00000029                __P2OUT = 0x29
                0x0000002a                __P2DIR = 0x2a
                0x0000002b                __P2IFG = 0x2b
                0x0000002c                __P2IES = 0x2c
                0x0000002d                __P2IE = 0x2d
                0x0000002e                __P2SEL = 0x2e
                0x0000002f                __P2REN = 0x2f
                0x00000018                __P3IN = 0x18
                0x00000019                __P3OUT = 0x19
                0x0000001a                __P3DIR = 0x1a
                0x0000001b                __P3SEL = 0x1b
                0x00000010                __P3REN = 0x10
                0x0000001c                __P4IN = 0x1c
                0x0000001d                __P4OUT = 0x1d
                0x0000001e                __P4DIR = 0x1e
                0x0000001f                __P4SEL = 0x1f
                0x00000011                __P4REN = 0x11
                0x00000030                __P5IN = 0x30
                0x00000031                __P5OUT = 0x31
                0x00000032                __P5DIR = 0x32
                0x00000033                __P5SEL = 0x33
                0x00000012                __P5REN = 0x12
                0x00000034                __P6IN = 0x34
                0x00000035                __P6OUT = 0x35
                0x00000036                __P6DIR = 0x36
                0x00000037                __P6SEL = 0x37
                0x00000013                __P6REN = 0x13
                0x00000038                __P7IN = 0x38
                0x0000003a                __P7OUT = 0x3a
                0x0000003c                __P7DIR = 0x3c
                0x0000003e                __P7SEL = 0x3e
                0x00000014                __P7REN = 0x14
                0x00000039                __P8IN = 0x39
                0x0000003b                __P8OUT = 0x3b
                0x0000003d                __P8DIR = 0x3d
                0x0000003f                __P8SEL = 0x3f
                0x00000015                __P8REN = 0x15
                0x00000038                __PAIN = 0x38
                0x0000003a                __PAOUT = 0x3a
                0x0000003c                __PADIR = 0x3c
                0x0000003e                __PASEL = 0x3e
                0x00000014                __PAREN = 0x14
                0x00000055                __SVSCTL = 0x55
                0x0000012e                __TAIV = 0x12e
                0x00000160                __TACTL = 0x160
                0x00000162                __TACCTL0 = 0x162
                0x00000164                __TACCTL1 = 0x164
                0x00000166                __TACCTL2 = 0x166
                0x00000170                __TAR = 0x170
                0x00000172                __TACCR0 = 0x172
                0x00000174                __TACCR1 = 0x174
                0x00000176                __TACCR2 = 0x176
                0x0000011e                __TBIV = 0x11e
                0x00000180                __TBCTL = 0x180
                0x00000182                __TBCCTL0 = 0x182
                0x00000184                __TBCCTL1 = 0x184
                0x00000186                __TBCCTL2 = 0x186
                0x00000188                __TBCCTL3 = 0x188
                0x0000018a                __TBCCTL4 = 0x18a
                0x0000018c                __TBCCTL5 = 0x18c
                0x0000018e                __TBCCTL6 = 0x18e
                0x00000190                __TBR = 0x190
                0x00000192                __TBCCR0 = 0x192
                0x00000194                __TBCCR1 = 0x194
                0x00000196                __TBCCR2 = 0x196
                0x00000198                __TBCCR3 = 0x198
                0x0000019a                __TBCCR4 = 0x19a
                0x0000019c                __TBCCR5 = 0x19c
                0x0000019e                __TBCCR6 = 0x19e
                0x00000060                __UCA0CTL0 = 0x60
                0x00000061                __UCA0CTL1 = 0x61
                0x00000062                __UCA0BR0 = 0x62
                0x00000063                __UCA0BR1 = 0x63
                0x00000064                __UCA0MCTL = 0x64
                0x00000065                __UCA0STAT = 0x65
                0x00000066                __UCA0RXBUF = 0x66
                0x00000067                __UCA0TXBUF = 0x67
                0x0000005d                __UCA0ABCTL = 0x5d
                0x0000005e                __UCA0IRTCTL = 0x5e
                0x0000005f                __UCA0IRRCTL = 0x5f
                0x00000068                __UCB0CTL0 = 0x68
                0x00000069                __UCB0CTL1 = 0x69
                0x0000006a                __UCB0BR0 = 0x6a
                0x0000006b                __UCB0BR1 = 0x6b
                0x0000006c                __UCB0I2CIE = 0x6c
                0x0000006d                __UCB0STAT = 0x6d
                0x0000006e                __UCB0RXBUF = 0x6e
                0x0000006f                __UCB0TXBUF = 0x6f
                0x00000118                __UCB0I2COA = 0x118
                0x0000011a                __UCB0I2CSA = 0x11a
                0x000000d0                __UCA1CTL0 = 0xd0
                0x000000d1                __UCA1CTL1 = 0xd1
                0x000000d2                __UCA1BR0 = 0xd2
                0x000000d3                __UCA1BR1 = 0xd3
                0x000000d4                __UCA1MCTL = 0xd4
                0x000000d5                __UCA1STAT = 0xd5
                0x000000d6                __UCA1RXBUF = 0xd6
                0x000000d7                __UCA1TXBUF = 0xd7
                0x000000cd                __UCA1ABCTL = 0xcd
                0x000000ce                __UCA1IRTCTL = 0xce
                0x000000cf                __UCA1IRRCTL = 0xcf
                0x000000d8                __UCB1CTL0 = 0xd8
                0x000000d9                __UCB1CTL1 = 0xd9
                0x000000da                __UCB1BR0 = 0xda
                0x000000db                __UCB1BR1 = 0xdb
                0x000000dc                __UCB1I2CIE = 0xdc
                0x000000dd                __UCB1STAT = 0xdd
                0x000000de                __UCB1RXBUF = 0xde
                0x000000df                __UCB1TXBUF = 0xdf
                0x0000017c                __UCB1I2COA = 0x17c
                0x0000017e                __UCB1I2CSA = 0x17e
                0x00000120                __WDTCTL = 0x120
                0x000010c0                __TLV_CHECKSUM = 0x10c0
                0x000010f6                __TLV_DCO_30_TAG = 0x10f6
                0x000010f7                __TLV_DCO_30_LEN = 0x10f7
                0x000010da                __TLV_ADC12_1_TAG = 0x10da
                0x000010db                __TLV_ADC12_1_LEN = 0x10db
                0x000010f8                __CALDCO_16MHZ = 0x10f8
                0x000010f9                __CALBC1_16MHZ = 0x10f9
                0x000010fa                __CALDCO_12MHZ = 0x10fa
                0x000010fb                __CALBC1_12MHZ = 0x10fb
                0x000010fc                __CALDCO_8MHZ = 0x10fc
                0x000010fd                __CALBC1_8MHZ = 0x10fd
                0x000010fe                __CALDCO_1MHZ = 0x10fe
                0x000010ff                __CALBC1_1MHZ = 0x10ff

.hash
 *(.hash)

.dynsym
 *(.dynsym)

.dynstr
 *(.dynstr)

.gnu.version
 *(.gnu.version)

.gnu.version_d
 *(.gnu.version_d)

.gnu.version_r
 *(.gnu.version_r)

.rel.init
 *(.rel.init)

.rela.init
 *(.rela.init)

.rel.fini
 *(.rel.fini)

.rela.fini
 *(.rela.fini)

.rel.text
 *(.rel.text .rel.text.* .rel.gnu.linkonce.t.*)

.rela.text
 *(.rela.text .rela.text.* .rela.gnu.linkonce.t.*)

.rel.rodata
 *(.rel.rodata .rel.rodata.* .rel.gnu.linkonce.r.*)

.rela.rodata
 *(.rela.rodata .rela.rodata.* .rela.gnu.linkonce.r.*)

.rel.data
 *(.rel.data .rel.data.* .rel.gnu.linkonce.d.*)

.rela.data
 *(.rela.data .rela.data.* .rela.gnu.linkonce.d.*)

.rel.bss
 *(.rel.bss .rel.bss.* .rel.gnu.linkonce.b.*)

.rela.bss
 *(.rela.bss .rela.bss.* .rela.gnu.linkonce.b.*)

.rel.ctors
 *(.rel.ctors)

.rela.ctors
 *(.rela.ctors)

.rel.dtors
 *(.rel.dtors)

.rela.dtors
 *(.rela.dtors)

.rel.got
 *(.rel.got)

.rela.got
 *(.rela.got)

.rel.plt
 *(.rel.plt)

.rela.plt
 *(.rela.plt)

.text           0x00003100     0xbd98
                0x00003100                . = ALIGN (0x2)
 *(.init .init.*)
 *(.init0)
 .init0         0x00003100        0x0 /usr/local/msp430/bin/../lib/gcc/msp430/4.7.0/mcpu-430x/mmpy-16/msr20/mc20/libcrt0.a(_reset_vector__.o)
                0x00003100                _reset_vector__
 *(.init1)
 .init1         0x00003100        0xc /usr/local/msp430/bin/../lib/gcc/msp430/4.7.0/mcpu-430x/mmpy-16/msr20/mc20/libcrt0.a(__watchdog_support.o)
                0x00003100                __watchdog_support
 *(.init2)
 .init2         0x0000310c        0x4 /usr/local/msp430/bin/../lib/gcc/msp430/4.7.0/mcpu-430x/mmpy-16/msr20/mc20/libcrt0.a(__init_stack.o)
                0x0000310c                __init_stack
 *(.init3)
 .init3         0x00003110        0x0 /usr/local/msp430/bin/../lib/gcc/msp430/4.7.0/mcpu-430x/mmpy-16/msr20/mc20/libcrt0.a(__low_level_init.o)
                0x00003110                __low_level_init
 *(.init4)
 .init4         0x00003110       0x18 /usr/local/msp430/bin/../lib/gcc/msp430/4.7.0/mcpu-430x/mmpy-16/msr20/mc20/libcrt0.a(_copy_data.o)
                0x00003110                __do_copy_data
 .init4         0x00003128       0x16 /usr/local/msp430/bin/../lib/gcc/msp430/4.7.0/mcpu-430x/mmpy-16/msr20/mc20/libcrt0.a(_clear_bss.o)
                0x00003128                __do_clear_bss
 *(.init5)
 *(.init6)
 *(.init7)
 *(.init8)
 *(.init9)
 .init9         0x0000313e      0x4e2 obj_z1/contiki-z1-main.o
                0x0000313e                main
 *(.fini9)
 .fini9         0x00003620        0x0 /usr/local/msp430/bin/../lib/gcc/msp430/4.7.0/mcpu-430x/mmpy-16/msr20/mc20/libcrt0.a(__stop_progExec__.o)
                0x00003620                __stop_progExec__
 *(.fini8)
 *(.fini7)
 *(.fini6)
 *(.fini5)
 *(.fini4)
 *(.fini3)
 *(.fini2)
 *(.fini1)
 *(.fini0)
 .fini0         0x00003620        0x6 /usr/local/msp430/bin/../lib/gcc/msp430/4.7.0/mcpu-430x/mmpy-16/msr20/mc20/libcrt0.a(_endless_loop__.o)
                0x00003620                _endless_loop__
 *(.fini .fini.*)
                0x00003626                . = ALIGN (0x2)
                0x00003626                __ctors_start = .
 *(.ctors)
                0x00003626                __ctors_end = .
                0x00003626                __dtors_start = .
 *(.dtors)
                0x00003626                __dtors_end = .
                0x00003626                . = ALIGN (0x2)
 *(.text .text.* .gnu.linkonce.t.*)
 .text          0x00003626        0x4 /usr/local/msp430/bin/../lib/gcc/msp430/4.7.0/mcpu-430x/mmpy-16/msr20/mc20/crt0ivtbl32.o
                0x00003626                __isr_14
                0x00003626                __isr_4
                0x00003626                __isr_29
                0x00003626                __isr_11
                0x00003626                __isr_5
                0x00003626                __isr_2
                0x00003626                __isr_10
                0x00003626                __isr_7
                0x00003626                __isr_0
                0x00003626                __isr_28
                0x00003626                __isr_8
                0x00003626                __isr_20
                0x00003626                __isr_3
                0x00003626                __isr_12
                0x00003626                __isr_13
                0x00003626                __isr_27
                0x00003626                __isr_9
                0x00003626                __isr_30
                0x00003626                __isr_6
                0x00003626                __isr_22
                0x00003626                __isr_1
                0x00003626                __isr_15
                0x00003626                __isr_21
 .text.libgcc   0x0000362a       0x26 /usr/local/msp430/bin/../lib/gcc/msp430/4.7.0/mcpu-430x/mmpy-16/msr20/mc20/libgcc.a(_mulsi3.o)
                0x0000362a                __mulsi3
 .text.libgcc   0x00003650       0x22 /usr/local/msp430/bin/../lib/gcc/msp430/4.7.0/mcpu-430x/mmpy-16/msr20/mc20/libgcc.a(_udivmod16.o)
                0x00003650                __udivhi3
                0x00003650                __ext_udivmod16
                0x0000366a                __umodhi3
 .text.libgcc   0x00003672       0x3a /usr/local/msp430/bin/../lib/gcc/msp430/4.7.0/mcpu-430x/mmpy-16/msr20/mc20/libgcc.a(_divmod16.o)
                0x00003672                __ext_divmod16
                0x00003672                __divhi3
                0x000036a4                __modhi3
 .text.libgcc   0x000036ac       0x38 /usr/local/msp430/bin/../lib/gcc/msp430/4.7.0/mcpu-430x/mmpy-16/msr20/mc20/libgcc.a(_udivmod32.o)
                0x000036ac                __udivsi3
                0x000036ac                __ext_udivmod32
                0x000036da                __umodsi3
 .text.libgcc   0x000036e4       0x4c /usr/local/msp430/bin/../lib/gcc/msp430/4.7.0/mcpu-430x/mmpy-16/msr20/mc20/libgcc.a(_divmod32.o)
                0x000036e4                __ext_divmod32
                0x000036e4                __divsi3
                0x00003726                __modsi3
 .text.malloc   0x00003730       0xbe /usr/local/msp430/bin/../lib/gcc/msp430/4.7.0/../../../../msp430/lib/mcpu-430x/mmpy-16/msr20/mc20/libc.a(malloc.o)
                0x00003730                malloc
 .text.free     0x000037ee        0x6 /usr/local/msp430/bin/../lib/gcc/msp430/4.7.0/../../../../msp430/lib/mcpu-430x/mmpy-16/msr20/mc20/libc.a(malloc.o)
                0x000037ee                free
 .text.printf   0x000037f4       0x10 /usr/local/msp430/bin/../lib/gcc/msp430/4.7.0/../../../../msp430/lib/mcpu-430x/mmpy-16/msr20/mc20/libc.a(printf.o)
                0x000037f4                printf
 .text.append   0x00003804       0x22 /usr/local/msp430/bin/../lib/gcc/msp430/4.7.0/../../../../msp430/lib/mcpu-430x/mmpy-16/msr20/mc20/libc.a(sprintf.o)
 .text.call_vuprintf
                0x00003826       0x36 /usr/local/msp430/bin/../lib/gcc/msp430/4.7.0/../../../../msp430/lib/mcpu-430x/mmpy-16/msr20/mc20/libc.a(sprintf.o)
 .text.sprintf  0x0000385c       0x1a /usr/local/msp430/bin/../lib/gcc/msp430/4.7.0/../../../../msp430/lib/mcpu-430x/mmpy-16/msr20/mc20/libc.a(sprintf.o)
                0x0000385c                sprintf
 .text.print_field
                0x00003876      0x176 /usr/local/msp430/bin/../lib/gcc/msp430/4.7.0/../../../../msp430/lib/mcpu-430x/mmpy-16/msr20/mc20/libc.a(vuprintf.o)
 .text.vuprintf
                0x000039ec      0x74c /usr/local/msp430/bin/../lib/gcc/msp430/4.7.0/../../../../msp430/lib/mcpu-430x/mmpy-16/msr20/mc20/libc.a(vuprintf.o)
                0x000039ec                vuprintf
 .text.puts     0x00004138       0x2c /usr/local/msp430/bin/../lib/gcc/msp430/4.7.0/../../../../msp430/lib/mcpu-430x/mmpy-16/msr20/mc20/libc.a(puts.o)
                0x00004138                puts
 .text.rand     0x00004164       0x26 /usr/local/msp430/bin/../lib/gcc/msp430/4.7.0/../../../../msp430/lib/mcpu-430x/mmpy-16/msr20/mc20/libc.a(rand.o)
                0x00004164                rand
 .text.srand    0x0000418a        0xa /usr/local/msp430/bin/../lib/gcc/msp430/4.7.0/../../../../msp430/lib/mcpu-430x/mmpy-16/msr20/mc20/libc.a(rand.o)
                0x0000418a                srand
 .text.strcmp   0x00004194       0x1e /usr/local/msp430/bin/../lib/gcc/msp430/4.7.0/../../../../msp430/lib/mcpu-430x/mmpy-16/msr20/mc20/libc.a(strcmp.o)
                0x00004194                strcmp
 .text.memcmp   0x000041b2       0x2c /usr/local/msp430/bin/../lib/gcc/msp430/4.7.0/../../../../msp430/lib/mcpu-430x/mmpy-16/msr20/mc20/libc.a(memcmp.o)
                0x000041b2                memcmp
 .text.strncpy  0x000041de       0x2a /usr/local/msp430/bin/../lib/gcc/msp430/4.7.0/../../../../msp430/lib/mcpu-430x/mmpy-16/msr20/mc20/libc.a(strncpy.o)
                0x000041de                strncpy
 .text.memcpy   0x00004208       0xe8 /usr/local/msp430/bin/../lib/gcc/msp430/4.7.0/../../../../msp430/lib/mcpu-430x/mmpy-16/msr20/mc20/libc.a(memcpy.o)
                0x00004208                memcpy
 .text.memmove  0x000042f0       0xe8 /usr/local/msp430/bin/../lib/gcc/msp430/4.7.0/../../../../msp430/lib/mcpu-430x/mmpy-16/msr20/mc20/libc.a(memmove.o)
                0x000042f0                memmove
 .text.memset   0x000043d8       0x5c /usr/local/msp430/bin/../lib/gcc/msp430/4.7.0/../../../../msp430/lib/mcpu-430x/mmpy-16/msr20/mc20/libc.a(memset.o)
                0x000043d8                memset
 .text.libgcc   0x00004434       0xbc /usr/local/msp430/bin/../lib/gcc/msp430/4.7.0/mcpu-430x/mmpy-16/msr20/mc20/libgcc.a(_udivmod64.o)
                0x00004434                __xabi_udivmod64
                0x00004486                __udivdi3
                0x000044a0                __umoddi3
                0x000044c2                __udivmoddi4
 .text.crt0     0x000044f0        0x2 /usr/local/msp430/bin/../lib/gcc/msp430/4.7.0/mcpu-430x/mmpy-16/msr20/mc20/libcrt0.a(_unexpected_.o)
                0x000044f0                _unexpected_
 *(.near.text .near.text.*)
 .near.text.watchdog_interrupt
                0x000044f2        0x6 contiki-z1.a(watchdog.o)
                0x000044f2                __isr_26
                0x000044f2                watchdog_interrupt
 .near.text.irq_p2
                0x000044f8       0x76 contiki-z1.a(button-sensor.o)
                0x000044f8                irq_p2
                0x000044f8                __isr_19
 .near.text.uart0_rx_interrupt
                0x0000456e       0x64 contiki-z1.a(uart0.o)
                0x0000456e                __isr_23
                0x0000456e                uart0_rx_interrupt
 .near.text.port1_isr
                0x000045d2       0xf4 contiki-z1.a(adxl345.o)
                0x000045d2                port1_isr
                0x000045d2                __isr_18
 .near.text.timera1
                0x000046c6      0x10a contiki-z1.a(clock.o)
                0x000046c6                __isr_24
                0x000046c6                timera1
 .near.text.timera0
                0x000047d0       0x5c contiki-z1.a(rtimer-arch.o)
                0x000047d0                __isr_25
                0x000047d0                timera0
 .near.text.i2c_tx_interrupt
                0x0000482c       0x84 contiki-z1.a(i2cmaster.o)
                0x0000482c                __isr_16
                0x0000482c                i2c_tx_interrupt
 .near.text.i2c_rx_interrupt
                0x000048b0       0x14 contiki-z1.a(i2cmaster.o)
                0x000048b0                i2c_rx_interrupt
                0x000048b0                __isr_17
 .any.text.process_thread_udp_server_process
                0x000048c4      0x20a udp-server.co
 .any.text.init_platform
                0x00004ace        0xc contiki-z1.a(contiki-z1-plat)
                0x00004ace                init_platform
 .any.text.msp430_init_dco
                0x00004ada       0x28 contiki-z1.a(msp430.o)
                0x00004ada                msp430_init_dco
 .any.text.splhigh_
                0x00004b02        0x8 contiki-z1.a(msp430.o)
                0x00004b02                splhigh_
 .any.text.msp430_sync_dco
                0x00004b0a       0x6e contiki-z1.a(msp430.o)
                0x00004b0a                msp430_sync_dco
 .any.text.msp430_cpu_init
                0x00004b78       0x2e contiki-z1.a(msp430.o)
                0x00004b78                msp430_cpu_init
 .any.text.show_leds
                0x00004ba6       0xe8 contiki-z1.a(leds.o)
 .any.text.leds_init
                0x00004c8e        0xa contiki-z1.a(leds.o)
                0x00004c8e                leds_init
 .any.text.leds_on
                0x00004c98        0xa contiki-z1.a(leds.o)
                0x00004c98                leds_on
 .any.text.leds_off
                0x00004ca2        0xe contiki-z1.a(leds.o)
                0x00004ca2                leds_off
 .any.text.watchdog_start
                0x00004cb0       0x14 contiki-z1.a(watchdog.o)
                0x00004cb0                watchdog_start
 .any.text.watchdog_periodic
                0x00004cc4       0x12 contiki-z1.a(watchdog.o)
                0x00004cc4                watchdog_periodic
 .any.text.watchdog_stop
                0x00004cd6       0x16 contiki-z1.a(watchdog.o)
                0x00004cd6                watchdog_stop
 .any.text.watchdog_init
                0x00004cec       0x12 contiki-z1.a(watchdog.o)
                0x00004cec                watchdog_init
 .any.text.write_enable
                0x00004cfe       0x26 contiki-z1.a(xmem.o)
 .any.text.wait_ready
                0x00004d24       0x46 contiki-z1.a(xmem.o)
 .any.text.xmem_init
                0x00004d6a       0x1e contiki-z1.a(xmem.o)
                0x00004d6a                xmem_init
 .any.text.xmem_pread
                0x00004d88       0xc2 contiki-z1.a(xmem.o)
                0x00004d88                xmem_pread
 .any.text.xmem_pwrite
                0x00004e4a      0x114 contiki-z1.a(xmem.o)
                0x00004e4a                xmem_pwrite
 .any.text.xmem_erase
                0x00004f5e       0xaa contiki-z1.a(xmem.o)
                0x00004f5e                xmem_erase
 .any.text.spi_init
                0x00005008       0x32 contiki-z1.a(spi.o)
                0x00005008                spi_init
 .any.text.get_object
                0x0000503a        0x4 contiki-z1.a(cc2420.o)
 .any.text.set_object
                0x0000503e        0x4 contiki-z1.a(cc2420.o)
 .any.text.strobe
                0x00005042       0x1a contiki-z1.a(cc2420.o)
 .any.text.getreg
                0x0000505c       0x46 contiki-z1.a(cc2420.o)
 .any.text.setreg
                0x000050a2       0x44 contiki-z1.a(cc2420.o)
 .any.text.write_ram
                0x000050e6       0x72 contiki-z1.a(cc2420.o)
 .any.text.write_fifo_buf
                0x00005158       0x38 contiki-z1.a(cc2420.o)
 .any.text.get_status
                0x00005190       0x1e contiki-z1.a(cc2420.o)
 .any.text.set_txpower
                0x000051ae       0x24 contiki-z1.a(cc2420.o)
 .any.text.cc2420_receiving_packet
                0x000051d2        0xa contiki-z1.a(cc2420.o)
 .any.text.pending_packet
                0x000051dc        0xa contiki-z1.a(cc2420.o)
 .any.text.on   0x000051e6       0x26 contiki-z1.a(cc2420.o)
 .any.text.wait_for_transmission
                0x0000520c       0x22 contiki-z1.a(cc2420.o)
 .any.text.wait_for_status
                0x0000522e       0x24 contiki-z1.a(cc2420.o)
 .any.text.getrxdata
                0x00005252       0x4c contiki-z1.a(cc2420.o)
 .any.text.flushrx
                0x0000529e       0x1a contiki-z1.a(cc2420.o)
 .any.text.off  0x000052b8       0x5a contiki-z1.a(cc2420.o)
 .any.text.RELEASE_LOCK
                0x00005312       0x28 contiki-z1.a(cc2420.o)
 .any.text.set_frame_filtering
                0x0000533a       0x30 contiki-z1.a(cc2420.o)
 .any.text.set_auto_ack
                0x0000536a       0x30 contiki-z1.a(cc2420.o)
 .any.text.set_poll_mode
                0x0000539a       0x2c contiki-z1.a(cc2420.o)
 .any.text.cc2420_prepare
                0x000053c6       0x4c contiki-z1.a(cc2420.o)
 .any.text.cc2420_on
                0x00005412       0x22 contiki-z1.a(cc2420.o)
                0x00005412                cc2420_on
 .any.text.cc2420_off
                0x00005434       0x30 contiki-z1.a(cc2420.o)
                0x00005434                cc2420_off
 .any.text.cc2420_cca
                0x00005464       0x54 contiki-z1.a(cc2420.o)
 .any.text.cc2420_read
                0x000054b8       0xb8 contiki-z1.a(cc2420.o)
 .any.text.process_thread_cc2420_process
                0x00005570       0x6c contiki-z1.a(cc2420.o)
 .any.text.cc2420_set_channel
                0x000055dc       0x3a contiki-z1.a(cc2420.o)
                0x000055dc                cc2420_set_channel
 .any.text.cc2420_set_pan_addr
                0x00005616       0x4c contiki-z1.a(cc2420.o)
                0x00005616                cc2420_set_pan_addr
 .any.text.cc2420_interrupt
                0x00005662       0x16 contiki-z1.a(cc2420.o)
                0x00005662                cc2420_interrupt
 .any.text.cc2420_set_txpower
                0x00005678        0xe contiki-z1.a(cc2420.o)
                0x00005678                cc2420_set_txpower
 .any.text.cc2420_get_txpower
                0x00005686       0x1e contiki-z1.a(cc2420.o)
                0x00005686                cc2420_get_txpower
 .any.text.cc2420_transmit
                0x000056a4      0x116 contiki-z1.a(cc2420.o)
 .any.text.cc2420_send
                0x000057ba       0x12 contiki-z1.a(cc2420.o)
 .any.text.cc2420_rssi
                0x000057cc       0x48 contiki-z1.a(cc2420.o)
                0x000057cc                cc2420_rssi
 .any.text.get_value
                0x00005814      0x104 contiki-z1.a(cc2420.o)
 .any.text.cc2420_set_cca_threshold
                0x00005918       0x16 contiki-z1.a(cc2420.o)
                0x00005918                cc2420_set_cca_threshold
 .any.text.set_value
                0x0000592e       0xb2 contiki-z1.a(cc2420.o)
 .any.text.cc2420_init
                0x000059e0       0xea contiki-z1.a(cc2420.o)
                0x000059e0                cc2420_init
 .any.text.cc2420_arch_init
                0x00005aca       0x1a contiki-z1.a(cc2420-arch.o)
                0x00005aca                cc2420_arch_init
 .any.text.node_id_restore
                0x00005ae4       0x88 contiki-z1.a(node-id.o)
                0x00005ae4                node_id_restore
 .any.text.process_thread_sensors_process
                0x00005b6c       0xc2 contiki-z1.a(sensors.o)
 .any.text.sensors_changed
                0x00005c2e       0x2a contiki-z1.a(sensors.o)
                0x00005c2e                sensors_changed
 .any.text.status
                0x00005c58       0x18 contiki-z1.a(button-sensor.o)
 .any.text.value
                0x00005c70       0x20 contiki-z1.a(button-sensor.o)
 .any.text.configure
                0x00005c90       0x4e contiki-z1.a(button-sensor.o)
 .any.text.uart0_active
                0x00005cde        0xe contiki-z1.a(uart0.o)
                0x00005cde                uart0_active
 .any.text.uart0_writeb
                0x00005cec       0x16 contiki-z1.a(uart0.o)
                0x00005cec                uart0_writeb
 .any.text.uart0_init
                0x00005d02       0x40 contiki-z1.a(uart0.o)
                0x00005d02                uart0_init
 .any.text.putchar
                0x00005d42       0x10 contiki-z1.a(uart0-putchar.o)
                0x00005d42                putchar
 .any.text.pending_packet
                0x00005d52        0xe contiki-z1.a(cc1200.o)
 .any.text.get_value
                0x00005d60       0x7e contiki-z1.a(cc1200.o)
 .any.text.get_object
                0x00005dde        0x4 contiki-z1.a(cc1200.o)
 .any.text.set_object
                0x00005de2        0x4 contiki-z1.a(cc1200.o)
 .any.text.strobe
                0x00005de6       0x20 contiki-z1.a(cc1200.o)
 .any.text.state
                0x00005e06        0xe contiki-z1.a(cc1200.o)
 .any.text.idle
                0x00005e14       0xd2 contiki-z1.a(cc1200.o)
 .any.text.single_write
                0x00005ee6       0x30 contiki-z1.a(cc1200.o)
 .any.text.single_read
                0x00005f16       0x36 contiki-z1.a(cc1200.o)
 .any.text.update_txpower
                0x00005f4c       0x32 contiki-z1.a(cc1200.o)
 .any.text.rx_rx
                0x00005f7e       0xdc contiki-z1.a(cc1200.o)
 .any.text.calibrate
                0x0000605a       0xc0 contiki-z1.a(cc1200.o)
 .any.text.idle_calibrate_rx
                0x0000611a       0xa2 contiki-z1.a(cc1200.o)
 .any.text.off  0x000061bc       0x3a contiki-z1.a(cc1200.o)
 .any.text.on   0x000061f6       0x74 contiki-z1.a(cc1200.o)
 .any.text.receiving_packet
                0x0000626a       0x28 contiki-z1.a(cc1200.o)
 .any.text.set_channel
                0x00006292      0x102 contiki-z1.a(cc1200.o)
 .any.text.set_value
                0x00006394       0x80 contiki-z1.a(cc1200.o)
 .any.text.channel_clear
                0x00006414       0xae contiki-z1.a(cc1200.o)
 .any.text.read
                0x000064c2       0x62 contiki-z1.a(cc1200.o)
 .any.text.prepare
                0x00006524       0x2a contiki-z1.a(cc1200.o)
 .any.text.burst_read.constprop.9
                0x0000654e       0x22 contiki-z1.a(cc1200.o)
 .any.text.burst_write.constprop.11
                0x00006570       0x24 contiki-z1.a(cc1200.o)
 .any.text.idle_tx_rx
                0x00006594      0x232 contiki-z1.a(cc1200.o)
 .any.text.transmit
                0x000067c6       0xec contiki-z1.a(cc1200.o)
 .any.text.send
                0x000068b2       0x16 contiki-z1.a(cc1200.o)
 .any.text.cc1200_init
                0x000068c8      0x184 contiki-z1.a(cc1200.o)
                0x000068c8                cc1200_init
 .any.text.cc1200_rx_interrupt
                0x00006a4c      0x21e contiki-z1.a(cc1200.o)
                0x00006a4c                cc1200_rx_interrupt
 .any.text.process_thread_cc1200_process
                0x00006c6a       0x8c contiki-z1.a(cc1200.o)
 .any.text.cc1200_arch_spi_select
                0x00006cf6        0xe contiki-z1.a(cc1200-z1-arch.)
                0x00006cf6                cc1200_arch_spi_select
 .any.text.cc1200_arch_spi_deselect
                0x00006d04        0x8 contiki-z1.a(cc1200-z1-arch.)
                0x00006d04                cc1200_arch_spi_deselect
 .any.text.cc1200_arch_spi_rw_byte
                0x00006d0c       0x1e contiki-z1.a(cc1200-z1-arch.)
                0x00006d0c                cc1200_arch_spi_rw_byte
 .any.text.cc1200_arch_spi_rw
                0x00006d2a       0x96 contiki-z1.a(cc1200-z1-arch.)
                0x00006d2a                cc1200_arch_spi_rw
 .any.text.cc1200_arch_init
                0x00006dc0       0x56 contiki-z1.a(cc1200-z1-arch.)
                0x00006dc0                cc1200_arch_init
 .any.text.cc1200_arch_gpio0_setup_irq
                0x00006e16       0x28 contiki-z1.a(cc1200-z1-arch.)
                0x00006e16                cc1200_arch_gpio0_setup_irq
 .any.text.cc1200_arch_gpio2_setup_irq
                0x00006e3e       0x32 contiki-z1.a(cc1200-z1-arch.)
                0x00006e3e                cc1200_arch_gpio2_setup_irq
 .any.text.cc1200_arch_gpio0_enable_irq
                0x00006e70        0xa contiki-z1.a(cc1200-z1-arch.)
                0x00006e70                cc1200_arch_gpio0_enable_irq
 .any.text.cc1200_arch_gpio0_disable_irq
                0x00006e7a        0x6 contiki-z1.a(cc1200-z1-arch.)
                0x00006e7a                cc1200_arch_gpio0_disable_irq
 .any.text.cc1200_arch_gpio2_enable_irq
                0x00006e80        0xe contiki-z1.a(cc1200-z1-arch.)
                0x00006e80                cc1200_arch_gpio2_enable_irq
 .any.text.cc1200_arch_gpio2_disable_irq
                0x00006e8e        0x8 contiki-z1.a(cc1200-z1-arch.)
                0x00006e8e                cc1200_arch_gpio2_disable_irq
 .any.text.cc1200_arch_gpio0_read_pin
                0x00006e96        0x8 contiki-z1.a(cc1200-z1-arch.)
                0x00006e96                cc1200_arch_gpio0_read_pin
 .any.text.cc1200_arch_gpio2_read_pin
                0x00006e9e        0xa contiki-z1.a(cc1200-z1-arch.)
                0x00006e9e                cc1200_arch_gpio2_read_pin
 .any.text.accm_write_reg
                0x00006ea8       0x2e contiki-z1.a(adxl345.o)
 .any.text.accm_write_stream
                0x00006ed6       0x2a contiki-z1.a(adxl345.o)
 .any.text.accm_read_reg
                0x00006f00       0x54 contiki-z1.a(adxl345.o)
 .any.text.process_thread_accmeter_process
                0x00006f54       0x56 contiki-z1.a(adxl345.o)
 .any.text.accm_init
                0x00006faa       0x78 contiki-z1.a(adxl345.o)
                0x00006faa                accm_init
 .any.text.dual_radio_switch.part.0
                0x00007022       0x2a contiki-z1.a(dual_radio.o)
 .any.text.dual_radio_switch
                0x0000704c       0x36 contiki-z1.a(dual_radio.o)
                0x0000704c                dual_radio_switch
 .any.text.process_thread_dual_dio_ack_broadcast
                0x00007082       0x66 contiki-z1.a(dual_radio.o)
 .any.text.process_thread_dual_dis_broadcast
                0x000070e8       0x5e contiki-z1.a(dual_radio.o)
 .any.text.process_thread_dual_dio_broadcast
                0x00007146       0x66 contiki-z1.a(dual_radio.o)
 .any.text.sending_in_LR
                0x000071ac       0x18 contiki-z1.a(dual_radio.o)
                0x000071ac                sending_in_LR
 .any.text.dual_radio_received
                0x000071c4       0x1a contiki-z1.a(dual_radio.o)
                0x000071c4                dual_radio_received
 .any.text.radio_received_is_longrange
                0x000071de        0xe contiki-z1.a(dual_radio.o)
                0x000071de                radio_received_is_longrange
 .any.text.dio_broadcast
                0x000071ec       0x12 contiki-z1.a(dual_radio.o)
                0x000071ec                dio_broadcast
 .any.text.dis_broadcast
                0x000071fe        0xe contiki-z1.a(dual_radio.o)
                0x000071fe                dis_broadcast
 .any.text.dio_ack_broadcast
                0x0000720c       0x12 contiki-z1.a(dual_radio.o)
                0x0000720c                dio_ack_broadcast
 .any.text.clock_time
                0x0000721e       0x1a contiki-z1.a(clock.o)
                0x0000721e                clock_time
 .any.text.clock_init
                0x00007238       0x28 contiki-z1.a(clock.o)
                0x00007238                clock_init
 .any.text.clock_delay
                0x00007260        0xc contiki-z1.a(clock.o)
                0x00007260                clock_delay
 .any.text.clock_wait
                0x0000726c       0x24 contiki-z1.a(clock.o)
                0x0000726c                clock_wait
 .any.text.clock_seconds
                0x00007290       0x1a contiki-z1.a(clock.o)
                0x00007290                clock_seconds
 .any.text.leds_arch_init
                0x000072aa        0xe contiki-z1.a(leds-arch.o)
                0x000072aa                leds_arch_init
 .any.text.leds_arch_set
                0x000072b8       0x38 contiki-z1.a(leds-arch.o)
                0x000072b8                leds_arch_set
 .any.text.rtimer_arch_init
                0x000072f0        0xe contiki-z1.a(rtimer-arch.o)
                0x000072f0                rtimer_arch_init
 .any.text.rtimer_arch_now
                0x000072fe        0xe contiki-z1.a(rtimer-arch.o)
                0x000072fe                rtimer_arch_now
 .any.text.rtimer_arch_schedule
                0x0000730c        0x6 contiki-z1.a(rtimer-arch.o)
                0x0000730c                rtimer_arch_schedule
 .any.text.autostart_start
                0x00007312       0x16 contiki-z1.a(autostart.o)
                0x00007312                autostart_start
 .any.text.process_thread_ctimer_process
                0x00007328       0xa0 contiki-z1.a(ctimer.o)
 .any.text.ctimer_init
                0x000073c8       0x18 contiki-z1.a(ctimer.o)
                0x000073c8                ctimer_init
 .any.text.ctimer_set_with_process
                0x000073e0       0x4a contiki-z1.a(ctimer.o)
                0x000073e0                ctimer_set_with_process
 .any.text.ctimer_set
                0x0000742a       0x10 contiki-z1.a(ctimer.o)
                0x0000742a                ctimer_set
 .any.text.ctimer_reset
                0x0000743a       0x2c contiki-z1.a(ctimer.o)
                0x0000743a                ctimer_reset
 .any.text.ctimer_restart
                0x00007466       0x2c contiki-z1.a(ctimer.o)
                0x00007466                ctimer_restart
 .any.text.ctimer_stop
                0x00007492       0x28 contiki-z1.a(ctimer.o)
                0x00007492                ctimer_stop
 .any.text.energest_init
                0x000074ba       0x24 contiki-z1.a(energest.o)
                0x000074ba                energest_init
 .any.text.energest_type_time
                0x000074de       0x3c contiki-z1.a(energest.o)
                0x000074de                energest_type_time
 .any.text.energest_type_set
                0x0000751a        0xc contiki-z1.a(energest.o)
                0x0000751a                energest_type_set
 .any.text.energest_flush
                0x00007526       0x38 contiki-z1.a(energest.o)
                0x00007526                energest_flush
 .any.text.update_time
                0x0000755e       0x70 contiki-z1.a(etimer.o)
 .any.text.etimer_request_poll
                0x000075ce        0xa contiki-z1.a(etimer.o)
                0x000075ce                etimer_request_poll
 .any.text.process_thread_etimer_process
                0x000075d8       0xc4 contiki-z1.a(etimer.o)
 .any.text.add_timer
                0x0000769c       0x40 contiki-z1.a(etimer.o)
 .any.text.etimer_set
                0x000076dc       0x12 contiki-z1.a(etimer.o)
                0x000076dc                etimer_set
 .any.text.etimer_reset
                0x000076ee       0x12 contiki-z1.a(etimer.o)
                0x000076ee                etimer_reset
 .any.text.etimer_restart
                0x00007700       0x12 contiki-z1.a(etimer.o)
                0x00007700                etimer_restart
 .any.text.etimer_expired
                0x00007712        0xe contiki-z1.a(etimer.o)
                0x00007712                etimer_expired
 .any.text.etimer_expiration_time
                0x00007720       0x14 contiki-z1.a(etimer.o)
                0x00007720                etimer_expiration_time
 .any.text.etimer_pending
                0x00007734        0xc contiki-z1.a(etimer.o)
                0x00007734                etimer_pending
 .any.text.etimer_next_expiration_time
                0x00007740       0x16 contiki-z1.a(etimer.o)
                0x00007740                etimer_next_expiration_time
 .any.text.etimer_stop
                0x00007756       0x3e contiki-z1.a(etimer.o)
                0x00007756                etimer_stop
 .any.text.call_process
                0x00007794       0x40 contiki-z1.a(process.o)
 .any.text.exit_process
                0x000077d4       0x88 contiki-z1.a(process.o)
 .any.text.do_poll
                0x0000785c       0x30 contiki-z1.a(process.o)
 .any.text.process_alloc_event
                0x0000788c        0xe contiki-z1.a(process.o)
                0x0000788c                process_alloc_event
 .any.text.process_init
                0x0000789a       0x1c contiki-z1.a(process.o)
                0x0000789a                process_init
 .any.text.process_run
                0x000078b6       0xa4 contiki-z1.a(process.o)
                0x000078b6                process_run
 .any.text.process_nevents
                0x0000795a        0xe contiki-z1.a(process.o)
                0x0000795a                process_nevents
 .any.text.process_post
                0x00007968       0x50 contiki-z1.a(process.o)
                0x00007968                process_post
 .any.text.process_post_synch
                0x000079b8       0x12 contiki-z1.a(process.o)
                0x000079b8                process_post_synch
 .any.text.process_start
                0x000079ca       0x36 contiki-z1.a(process.o)
                0x000079ca                process_start
 .any.text.process_poll
                0x00007a00       0x18 contiki-z1.a(process.o)
                0x00007a00                process_poll
 .any.text.rtimer_init
                0x00007a18        0x6 contiki-z1.a(rtimer.o)
                0x00007a18                rtimer_init
 .any.text.rtimer_run_next
                0x00007a1e       0x26 contiki-z1.a(rtimer.o)
                0x00007a1e                rtimer_run_next
 .any.text.timer_set
                0x00007a44       0x1c contiki-z1.a(timer.o)
                0x00007a44                timer_set
 .any.text.timer_reset
                0x00007a60        0xe contiki-z1.a(timer.o)
                0x00007a60                timer_reset
 .any.text.timer_restart
                0x00007a6e       0x14 contiki-z1.a(timer.o)
                0x00007a6e                timer_restart
 .any.text.timer_expired
                0x00007a82       0x2a contiki-z1.a(timer.o)
                0x00007a82                timer_expired
 .any.text.list_init
                0x00007aac        0x6 contiki-z1.a(list.o)
                0x00007aac                list_init
 .any.text.list_head
                0x00007ab2        0x4 contiki-z1.a(list.o)
                0x00007ab2                list_head
 .any.text.list_tail
                0x00007ab6       0x12 contiki-z1.a(list.o)
                0x00007ab6                list_tail
 .any.text.list_remove
                0x00007ac8       0x34 contiki-z1.a(list.o)
                0x00007ac8                list_remove
 .any.text.list_push
                0x00007afc       0x16 contiki-z1.a(list.o)
                0x00007afc                list_push
 .any.text.list_add
                0x00007b12       0x26 contiki-z1.a(list.o)
                0x00007b12                list_add
 .any.text.list_length
                0x00007b38       0x10 contiki-z1.a(list.o)
                0x00007b38                list_length
 .any.text.list_item_next
                0x00007b48        0xc contiki-z1.a(list.o)
                0x00007b48                list_item_next
 .any.text.random_init
                0x00007b54        0x6 contiki-z1.a(random.o)
                0x00007b54                random_init
 .any.text.random_rand
                0x00007b5a        0x6 contiki-z1.a(random.o)
                0x00007b5a                random_rand
 .any.text.clear_fragments
                0x00007b60       0x38 contiki-z1.a(sicslowpan.o)
 .any.text.set_packet_attrs
                0x00007b98       0x46 contiki-z1.a(sicslowpan.o)
 .any.text.addr_context_lookup_by_number
                0x00007bde       0x30 contiki-z1.a(sicslowpan.o)
 .any.text.compress_addr_64
                0x00007c0e       0x9a contiki-z1.a(sicslowpan.o)
 .any.text.store_fragment
                0x00007ca8       0x6e contiki-z1.a(sicslowpan.o)
 .any.text.uncompress_addr
                0x00007d16       0x96 contiki-z1.a(sicslowpan.o)
 .any.text.sicslowpan_init
                0x00007dac       0x24 contiki-z1.a(sicslowpan.o)
                0x00007dac                sicslowpan_init
 .any.text.addr_context_lookup_by_prefix
                0x00007dd0       0x4a contiki-z1.a(sicslowpan.o)
 .any.text.packet_sent
                0x00007e1a       0x22 contiki-z1.a(sicslowpan.o)
 .any.text.add_fragment
                0x00007e3c      0x160 contiki-z1.a(sicslowpan.o)
 .any.text.input
                0x00007f9c      0x606 contiki-z1.a(sicslowpan.o)
 .any.text.send_packet
                0x000085a2       0x1a contiki-z1.a(sicslowpan.o)
 .any.text.output
                0x000085bc      0x67c contiki-z1.a(sicslowpan.o)
 .any.text.chksum
                0x00008c38       0x32 contiki-z1.a(uip6.o)
 .any.text.upper_layer_chksum
                0x00008c6a       0x56 contiki-z1.a(uip6.o)
 .any.text.ext_hdr_options_process
                0x00008cc0       0xc2 contiki-z1.a(uip6.o)
 .any.text.uip_add32
                0x00008d82       0x60 contiki-z1.a(uip6.o)
                0x00008d82                uip_add32
 .any.text.uip_add_rcv_nxt
                0x00008de2       0x2e contiki-z1.a(uip6.o)
 .any.text.uip_icmp6chksum
                0x00008e10        0xa contiki-z1.a(uip6.o)
                0x00008e10                uip_icmp6chksum
 .any.text.uip_tcpchksum
                0x00008e1a        0xa contiki-z1.a(uip6.o)
                0x00008e1a                uip_tcpchksum
 .any.text.uip_udpchksum
                0x00008e24        0xa contiki-z1.a(uip6.o)
                0x00008e24                uip_udpchksum
 .any.text.uip_init
                0x00008e2e       0x62 contiki-z1.a(uip6.o)
                0x00008e2e                uip_init
 .any.text.remove_ext_hdr
                0x00008e90       0x50 contiki-z1.a(uip6.o)
                0x00008e90                remove_ext_hdr
 .any.text.uip_udp_new
                0x00008ee0       0xb8 contiki-z1.a(uip6.o)
                0x00008ee0                uip_udp_new
 .any.text.uip_unlisten
                0x00008f98       0x2a contiki-z1.a(uip6.o)
                0x00008f98                uip_unlisten
 .any.text.uip_process
                0x00008fc2      0xe82 contiki-z1.a(uip6.o)
                0x00008fc2                uip_process
 .any.text.uip_htonl
                0x00009e44       0x2a contiki-z1.a(uip6.o)
                0x00009e44                uip_htonl
 .any.text.uip_ds6_list_loop
                0x00009e6e       0x66 contiki-z1.a(uip-ds6.o)
                0x00009e6e                uip_ds6_list_loop
 .any.text.uip_ds6_prefix_add
                0x00009ed4       0x70 contiki-z1.a(uip-ds6.o)
                0x00009ed4                uip_ds6_prefix_add
 .any.text.uip_ds6_is_addr_onlink
                0x00009f44       0x42 contiki-z1.a(uip-ds6.o)
                0x00009f44                uip_ds6_is_addr_onlink
 .any.text.uip_ds6_addr_lookup
                0x00009f86       0x2a contiki-z1.a(uip-ds6.o)
                0x00009f86                uip_ds6_addr_lookup
 .any.text.uip_ds6_long_addr_lookup
                0x00009fb0       0x2a contiki-z1.a(uip-ds6.o)
                0x00009fb0                uip_ds6_long_addr_lookup
 .any.text.uip_ds6_get_link_local
                0x00009fda       0x3e contiki-z1.a(uip-ds6.o)
                0x00009fda                uip_ds6_get_link_local
 .any.text.uip_ds6_long_get_link_local
                0x0000a018       0x3e contiki-z1.a(uip-ds6.o)
                0x0000a018                uip_ds6_long_get_link_local
 .any.text.uip_ds6_maddr_add
                0x0000a056       0x48 contiki-z1.a(uip-ds6.o)
                0x0000a056                uip_ds6_maddr_add
 .any.text.uip_ds6_long_addr_add
                0x0000a09e       0xb4 contiki-z1.a(uip-ds6.o)
                0x0000a09e                uip_ds6_long_addr_add
 .any.text.uip_ds6_addr_add
                0x0000a152       0xb4 contiki-z1.a(uip-ds6.o)
                0x0000a152                uip_ds6_addr_add
 .any.text.uip_ds6_long_maddr_add
                0x0000a206       0x48 contiki-z1.a(uip-ds6.o)
                0x0000a206                uip_ds6_long_maddr_add
 .any.text.uip_ds6_maddr_rm
                0x0000a24e        0xa contiki-z1.a(uip-ds6.o)
                0x0000a24e                uip_ds6_maddr_rm
 .any.text.uip_ds6_maddr_lookup
                0x0000a258       0x2a contiki-z1.a(uip-ds6.o)
                0x0000a258                uip_ds6_maddr_lookup
 .any.text.uip_ds6_addr_rm
                0x0000a282       0x54 contiki-z1.a(uip-ds6.o)
                0x0000a282                uip_ds6_addr_rm
 .any.text.uip_ds6_periodic
                0x0000a2d6       0x7e contiki-z1.a(uip-ds6.o)
                0x0000a2d6                uip_ds6_periodic
 .any.text.uip_ds6_long_maddr_lookup
                0x0000a354       0x2a contiki-z1.a(uip-ds6.o)
                0x0000a354                uip_ds6_long_maddr_lookup
 .any.text.uip_ds6_set_addr_iid
                0x0000a37e       0x14 contiki-z1.a(uip-ds6.o)
                0x0000a37e                uip_ds6_set_addr_iid
 .any.text.get_match_length
                0x0000a392       0x3c contiki-z1.a(uip-ds6.o)
                0x0000a392                get_match_length
 .any.text.uip_ds6_select_src
                0x0000a3ce       0xfe contiki-z1.a(uip-ds6.o)
                0x0000a3ce                uip_ds6_select_src
 .any.text.uip_ds6_compute_reachable_time
                0x0000a4cc       0x36 contiki-z1.a(uip-ds6.o)
                0x0000a4cc                uip_ds6_compute_reachable_time
 .any.text.uip_ds6_init
                0x0000a502      0x23a contiki-z1.a(uip-ds6.o)
                0x0000a502                uip_ds6_init
 .any.text.uip_ds6_neighbors_init
                0x0000a73c        0xe contiki-z1.a(uip-ds6-nbr.o)
                0x0000a73c                uip_ds6_neighbors_init
 .any.text.uip_ds6_nbr_add
                0x0000a74a       0x44 contiki-z1.a(uip-ds6-nbr.o)
                0x0000a74a                uip_ds6_nbr_add
 .any.text.uip_ds6_nbr_get_ll
                0x0000a78e        0xc contiki-z1.a(uip-ds6-nbr.o)
                0x0000a78e                uip_ds6_nbr_get_ll
 .any.text.uip_ds6_nbr_rm
                0x0000a79a       0x2e contiki-z1.a(uip-ds6-nbr.o)
                0x0000a79a                uip_ds6_nbr_rm
 .any.text.uip_ds6_nbr_lookup
                0x0000a7c8       0x3e contiki-z1.a(uip-ds6-nbr.o)
                0x0000a7c8                uip_ds6_nbr_lookup
 .any.text.uip_ds6_nbr_ll_lookup
                0x0000a806        0xc contiki-z1.a(uip-ds6-nbr.o)
                0x0000a806                uip_ds6_nbr_ll_lookup
 .any.text.uip_ds6_nbr_ipaddr_from_lladdr
                0x0000a812        0x6 contiki-z1.a(uip-ds6-nbr.o)
                0x0000a812                uip_ds6_nbr_ipaddr_from_lladdr
 .any.text.uip_ds6_nbr_lladdr_from_ipaddr
                0x0000a818       0x12 contiki-z1.a(uip-ds6-nbr.o)
                0x0000a818                uip_ds6_nbr_lladdr_from_ipaddr
 .any.text.uip_ds6_link_neighbor_callback
                0x0000a82a       0x26 contiki-z1.a(uip-ds6-nbr.o)
                0x0000a82a                uip_ds6_link_neighbor_callback
 .any.text.call_route_callback
                0x0000a850       0x40 contiki-z1.a(uip-ds6-route.o)
 .any.text.uip_ds6_route_init
                0x0000a890       0x36 contiki-z1.a(uip-ds6-route.o)
                0x0000a890                uip_ds6_route_init
 .any.text.uip_ds6_route_nexthop
                0x0000a8c6       0x1a contiki-z1.a(uip-ds6-route.o)
                0x0000a8c6                uip_ds6_route_nexthop
 .any.text.uip_ds6_route_head
                0x0000a8e0        0xa contiki-z1.a(uip-ds6-route.o)
                0x0000a8e0                uip_ds6_route_head
 .any.text.uip_ds6_route_next
                0x0000a8ea        0xe contiki-z1.a(uip-ds6-route.o)
                0x0000a8ea                uip_ds6_route_next
 .any.text.uip_ds6_route_is_nexthop
                0x0000a8f8       0x22 contiki-z1.a(uip-ds6-route.o)
                0x0000a8f8                uip_ds6_route_is_nexthop
 .any.text.uip_ds6_route_num_routes
                0x0000a91a        0x6 contiki-z1.a(uip-ds6-route.o)
                0x0000a91a                uip_ds6_route_num_routes
 .any.text.uip_ds6_route_lookup
                0x0000a920       0x6e contiki-z1.a(uip-ds6-route.o)
                0x0000a920                uip_ds6_route_lookup
 .any.text.uip_ds6_route_rm
                0x0000a98e       0xa2 contiki-z1.a(uip-ds6-route.o)
                0x0000a98e                uip_ds6_route_rm
 .any.text.rm_routelist
                0x0000aa30       0x34 contiki-z1.a(uip-ds6-route.o)
 .any.text.rm_routelist_callback
                0x0000aa64        0x6 contiki-z1.a(uip-ds6-route.o)
 .any.text.uip_ds6_route_add
                0x0000aa6a       0xfc contiki-z1.a(uip-ds6-route.o)
                0x0000aa6a                uip_ds6_route_add
 .any.text.uip_ds6_defrt_rm
                0x0000ab66       0x44 contiki-z1.a(uip-ds6-route.o)
                0x0000ab66                uip_ds6_defrt_rm
 .any.text.uip_ds6_defrt_lookup
                0x0000abaa       0x32 contiki-z1.a(uip-ds6-route.o)
                0x0000abaa                uip_ds6_defrt_lookup
 .any.text.uip_ds6_defrt_add
                0x0000abdc       0x68 contiki-z1.a(uip-ds6-route.o)
                0x0000abdc                uip_ds6_defrt_add
 .any.text.uip_ds6_defrt_choose
                0x0000ac44       0x36 contiki-z1.a(uip-ds6-route.o)
                0x0000ac44                uip_ds6_defrt_choose
 .any.text.uip_ds6_defrt_periodic
                0x0000ac7a       0x38 contiki-z1.a(uip-ds6-route.o)
                0x0000ac7a                uip_ds6_defrt_periodic
 .any.text.echo_reply_input
                0x0000acb2      0x10c contiki-z1.a(uip-icmp6.o)
 .any.text.echo_request_input
                0x0000adbe      0x128 contiki-z1.a(uip-icmp6.o)
 .any.text.uip_icmp6_input
                0x0000aee6       0x44 contiki-z1.a(uip-icmp6.o)
                0x0000aee6                uip_icmp6_input
 .any.text.uip_icmp6_register_input_handler
                0x0000af2a        0xc contiki-z1.a(uip-icmp6.o)
                0x0000af2a                uip_icmp6_register_input_handler
 .any.text.uip_icmp6_error_output
                0x0000af36      0x172 contiki-z1.a(uip-icmp6.o)
                0x0000af36                uip_icmp6_error_output
 .any.text.uip_icmp6_send
                0x0000b0a8       0x84 contiki-z1.a(uip-icmp6.o)
                0x0000b0a8                uip_icmp6_send
 .any.text.uip_icmp6_init
                0x0000b12c       0x12 contiki-z1.a(uip-icmp6.o)
                0x0000b12c                uip_icmp6_init
 .any.text.uip_nd6_init
                0x0000b13e        0x2 contiki-z1.a(uip-nd6.o)
                0x0000b13e                uip_nd6_init
 .any.text.start_periodic_tcp_timer
                0x0000b140       0x16 contiki-z1.a(tcpip.o)
 .any.text.tcpip_output
                0x0000b156       0x30 contiki-z1.a(tcpip.o)
                0x0000b156                tcpip_output
 .any.text.tcpip_set_outputfunc
                0x0000b186        0x6 contiki-z1.a(tcpip.o)
                0x0000b186                tcpip_set_outputfunc
 .any.text.udp_new
                0x0000b18c       0x1a contiki-z1.a(tcpip.o)
                0x0000b18c                udp_new
 .any.text.tcpip_input
                0x0000b1a6       0x16 contiki-z1.a(tcpip.o)
                0x0000b1a6                tcpip_input
 .any.text.tcpip_ipv6_output
                0x0000b1bc      0x19e contiki-z1.a(tcpip.o)
                0x0000b1bc                tcpip_ipv6_output
 .any.text.process_thread_tcpip_process
                0x0000b35a      0x1b0 contiki-z1.a(tcpip.o)
 .any.text.tcpip_uipcall
                0x0000b50a       0x62 contiki-z1.a(tcpip.o)
                0x0000b50a                tcpip_uipcall
 .any.text.uip_debug_ipaddr_print
                0x0000b56c       0xbc contiki-z1.a(uip-debug.o)
                0x0000b56c                uip_debug_ipaddr_print
 .any.text.uip_debug_lladdr_print
                0x0000b628       0x3c contiki-z1.a(uip-debug.o)
                0x0000b628                uip_debug_lladdr_print
 .any.text.rpl_get_mode
                0x0000b664        0x6 contiki-z1.a(rpl.o)
                0x0000b664                rpl_get_mode
 .any.text.rpl_purge_routes
                0x0000b66a       0x96 contiki-z1.a(rpl.o)
                0x0000b66a                rpl_purge_routes
 .any.text.rpl_remove_routes
                0x0000b700       0x22 contiki-z1.a(rpl.o)
                0x0000b700                rpl_remove_routes
 .any.text.rpl_remove_routes_by_nexthop
                0x0000b722       0x3e contiki-z1.a(rpl.o)
                0x0000b722                rpl_remove_routes_by_nexthop
 .any.text.rpl_add_route
                0x0000b760       0x48 contiki-z1.a(rpl.o)
                0x0000b760                rpl_add_route
 .any.text.rpl_link_neighbor_callback
                0x0000b7a8       0x74 contiki-z1.a(rpl.o)
                0x0000b7a8                rpl_link_neighbor_callback
 .any.text.rpl_ipv6_neighbor_callback
                0x0000b81c       0x1e contiki-z1.a(rpl.o)
                0x0000b81c                rpl_ipv6_neighbor_callback
 .any.text.rpl_purge_dags
                0x0000b83a       0x60 contiki-z1.a(rpl.o)
                0x0000b83a                rpl_purge_dags
 .any.text.rpl_init
                0x0000b89a       0x4a contiki-z1.a(rpl.o)
                0x0000b89a                rpl_init
 .any.text.lollipop_greater_than
                0x0000b8e4       0x3c contiki-z1.a(rpl-dag.o)
 .any.text.find_parent_any_dag_any_instance
                0x0000b920       0x14 contiki-z1.a(rpl-dag.o)
 .any.text.set_ip_from_prefix
                0x0000b934       0x30 contiki-z1.a(rpl-dag.o)
 .any.text.check_prefix
                0x0000b964       0x70 contiki-z1.a(rpl-dag.o)
 .any.text.rpl_get_nbr
                0x0000b9d4       0x1e contiki-z1.a(rpl-dag.o)
                0x0000b9d4                rpl_get_nbr
 .any.text.rpl_set_preferred_parent
                0x0000b9f2       0x32 contiki-z1.a(rpl-dag.o)
 .any.text.rpl_get_nbr_child
                0x0000ba24       0x1e contiki-z1.a(rpl-dag.o)
                0x0000ba24                rpl_get_nbr_child
 .any.text.rpl_print_child_neighbor_list
                0x0000ba42       0x66 contiki-z1.a(rpl-dag.o)
                0x0000ba42                rpl_print_child_neighbor_list
 .any.text.rpl_dag_init
                0x0000baa8       0x1a contiki-z1.a(rpl-dag.o)
                0x0000baa8                rpl_dag_init
 .any.text.rpl_get_parent
                0x0000bac2        0xc contiki-z1.a(rpl-dag.o)
                0x0000bac2                rpl_get_parent
 .any.text.rpl_get_parent_ipaddr
                0x0000bace       0x10 contiki-z1.a(rpl-dag.o)
                0x0000bace                rpl_get_parent_ipaddr
 .any.text.rpl_set_prefix
                0x0000bade       0x74 contiki-z1.a(rpl-dag.o)
                0x0000bade                rpl_set_prefix
 .any.text.rpl_set_default_route
                0x0000bb52       0x46 contiki-z1.a(rpl-dag.o)
                0x0000bb52                rpl_set_default_route
 .any.text.rpl_alloc_instance
                0x0000bb98       0x34 contiki-z1.a(rpl-dag.o)
                0x0000bb98                rpl_alloc_instance
 .any.text.rpl_get_default_instance
                0x0000bbcc        0x6 contiki-z1.a(rpl-dag.o)
                0x0000bbcc                rpl_get_default_instance
 .any.text.rpl_add_parent
                0x0000bbd2       0x58 contiki-z1.a(rpl-dag.o)
                0x0000bbd2                rpl_add_parent
 .any.text.rpl_find_parent
                0x0000bc2a       0x1a contiki-z1.a(rpl-dag.o)
                0x0000bc2a                rpl_find_parent
 .any.text.rpl_add_child
                0x0000bc44       0x2e contiki-z1.a(rpl-dag.o)
                0x0000bc44                rpl_add_child
 .any.text.rpl_find_child
                0x0000bc72       0x14 contiki-z1.a(rpl-dag.o)
                0x0000bc72                rpl_find_child
 .any.text.rpl_find_parent_any_dag
                0x0000bc86       0x22 contiki-z1.a(rpl-dag.o)
                0x0000bc86                rpl_find_parent_any_dag
 .any.text.rpl_select_parent
                0x0000bca8       0x7a contiki-z1.a(rpl-dag.o)
                0x0000bca8                rpl_select_parent
 .any.text.rpl_select_dag
                0x0000bd22      0x1b0 contiki-z1.a(rpl-dag.o)
                0x0000bd22                rpl_select_dag
 .any.text.rpl_remove_child
                0x0000bed2        0xc contiki-z1.a(rpl-dag.o)
                0x0000bed2                rpl_remove_child
 .any.text.nbr_callback_child
                0x0000bede        0x6 contiki-z1.a(rpl-dag.o)
 .any.text.rpl_nullify_parent
                0x0000bee4       0x4e contiki-z1.a(rpl-dag.o)
                0x0000bee4                rpl_nullify_parent
 .any.text.rpl_remove_parent
                0x0000bf32       0x16 contiki-z1.a(rpl-dag.o)
                0x0000bf32                rpl_remove_parent
 .any.text.nbr_callback
                0x0000bf48        0x6 contiki-z1.a(rpl-dag.o)
 .any.text.remove_parents.constprop.5
                0x0000bf4e       0x2c contiki-z1.a(rpl-dag.o)
 .any.text.rpl_free_dag
                0x0000bf7a       0x34 contiki-z1.a(rpl-dag.o)
                0x0000bf7a                rpl_free_dag
 .any.text.rpl_move_parent
                0x0000bfae       0x52 contiki-z1.a(rpl-dag.o)
                0x0000bfae                rpl_move_parent
 .any.text.rpl_get_any_dag
                0x0000c000       0x16 contiki-z1.a(rpl-dag.o)
                0x0000c000                rpl_get_any_dag
 .any.text.rpl_get_instance
                0x0000c016       0x16 contiki-z1.a(rpl-dag.o)
                0x0000c016                rpl_get_instance
 .any.text.rpl_alloc_dag
                0x0000c02c       0x60 contiki-z1.a(rpl-dag.o)
                0x0000c02c                rpl_alloc_dag
 .any.text.rpl_repair_root
                0x0000c08c       0x4c contiki-z1.a(rpl-dag.o)
                0x0000c08c                rpl_repair_root
 .any.text.rpl_set_root
                0x0000c0d8      0x11a contiki-z1.a(rpl-dag.o)
                0x0000c0d8                rpl_set_root
 .any.text.rpl_find_of
                0x0000c1f2       0x10 contiki-z1.a(rpl-dag.o)
                0x0000c1f2                rpl_find_of
 .any.text.rpl_join_instance
                0x0000c202      0x122 contiki-z1.a(rpl-dag.o)
                0x0000c202                rpl_join_instance
 .any.text.rpl_local_repair
                0x0000c324       0x7c contiki-z1.a(rpl-dag.o)
                0x0000c324                rpl_local_repair
 .any.text.rpl_process_parent_event
                0x0000c3a0       0x6a contiki-z1.a(rpl-dag.o)
                0x0000c3a0                rpl_process_parent_event
 .any.text.rpl_recalculate_ranks
                0x0000c40a       0x44 contiki-z1.a(rpl-dag.o)
                0x0000c40a                rpl_recalculate_ranks
 .any.text.rpl_add_dag
                0x0000c44e      0x10a contiki-z1.a(rpl-dag.o)
                0x0000c44e                rpl_add_dag
 .any.text.rpl_process_dio
                0x0000c558      0x368 contiki-z1.a(rpl-dag.o)
                0x0000c558                rpl_process_dio
 .any.text.rpl_verify_header
                0x0000c8c0       0xfa contiki-z1.a(rpl-ext-header.)
                0x0000c8c0                rpl_verify_header
 .any.text.rpl_update_header_empty
                0x0000c9ba      0x12a contiki-z1.a(rpl-ext-header.)
                0x0000c9ba                rpl_update_header_empty
 .any.text.rpl_update_header_final
                0x0000cae4       0x8e contiki-z1.a(rpl-ext-header.)
                0x0000cae4                rpl_update_header_final
 .any.text.rpl_remove_header
                0x0000cb72       0x4c contiki-z1.a(rpl-ext-header.)
                0x0000cb72                rpl_remove_header
 .any.text.rpl_invert_header
                0x0000cbbe       0x74 contiki-z1.a(rpl-ext-header.)
                0x0000cbbe                rpl_invert_header
 .any.text.rpl_insert_header
                0x0000cc32       0x12 contiki-z1.a(rpl-ext-header.)
                0x0000cc32                rpl_insert_header
 .any.text.get32
                0x0000cc44       0x3e contiki-z1.a(rpl-icmp6.o)
 .any.text.set32
                0x0000cc82       0x2a contiki-z1.a(rpl-icmp6.o)
 .any.text.get16
                0x0000ccac        0xe contiki-z1.a(rpl-icmp6.o)
 .any.text.set16
                0x0000ccba       0x10 contiki-z1.a(rpl-icmp6.o)
 .any.text.dao_ack_input
                0x0000ccca        0xa contiki-z1.a(rpl-icmp6.o)
 .any.text.rpl_icmp6_update_nbr_table
                0x0000ccd4       0x28 contiki-z1.a(rpl-icmp6.o)
                0x0000ccd4                rpl_icmp6_update_nbr_table
 .any.text.dio_ack_input
                0x0000ccfc       0xfa contiki-z1.a(rpl-icmp6.o)
 .any.text.dio_input
                0x0000cdf6      0x382 contiki-z1.a(rpl-icmp6.o)
 .any.text.dao_input
                0x0000d178      0x366 contiki-z1.a(rpl-icmp6.o)
 .any.text.dis_output
                0x0000d4de       0x50 contiki-z1.a(rpl-icmp6.o)
                0x0000d4de                dis_output
 .any.text.dio_output
                0x0000d52e      0x32c contiki-z1.a(rpl-icmp6.o)
                0x0000d52e                dio_output
 .any.text.dis_input
                0x0000d85a       0x3e contiki-z1.a(rpl-icmp6.o)
 .any.text.dio_ack_output
                0x0000d898       0xda contiki-z1.a(rpl-icmp6.o)
                0x0000d898                dio_ack_output
 .any.text.dao_output_target
                0x0000d972      0x11c contiki-z1.a(rpl-icmp6.o)
                0x0000d972                dao_output_target
 .any.text.dao_output
                0x0000da8e       0x9e contiki-z1.a(rpl-icmp6.o)
                0x0000da8e                dao_output
 .any.text.rpl_icmp6_register_handlers
                0x0000db2c       0x2a contiki-z1.a(rpl-icmp6.o)
                0x0000db2c                rpl_icmp6_register_handlers
 .any.text.reset
                0x0000db56        0x2 contiki-z1.a(rpl-ltmax-of.o)
 .any.text.update_metric_container
                0x0000db58        0x6 contiki-z1.a(rpl-ltmax-of.o)
 .any.text.calculate_rank
                0x0000db5e       0x3e contiki-z1.a(rpl-ltmax-of.o)
 .any.text.neighbor_link_callback
                0x0000db9c       0x98 contiki-z1.a(rpl-ltmax-of.o)
 .any.text.best_dag
                0x0000dc34       0x2e contiki-z1.a(rpl-ltmax-of.o)
 .any.text.best_parent
                0x0000dc62       0xc2 contiki-z1.a(rpl-ltmax-of.o)
 .any.text.new_dio_interval
                0x0000dd24       0x8a contiki-z1.a(rpl-timers.o)
 .any.text.handle_unicast_dio_timer
                0x0000ddae       0x1c contiki-z1.a(rpl-timers.o)
 .any.text.set_dao_lifetime_timer
                0x0000ddca       0x84 contiki-z1.a(rpl-timers.o)
 .any.text.handle_periodic_timer
                0x0000de4e       0x32 contiki-z1.a(rpl-timers.o)
 .any.text.schedule_dio_ack
                0x0000de80       0x64 contiki-z1.a(rpl-timers.o)
 .any.text.handle_dio_ack_timer
                0x0000dee4       0x4c contiki-z1.a(rpl-timers.o)
 .any.text.schedule_dao
                0x0000df30       0x72 contiki-z1.a(rpl-timers.o)
 .any.text.handle_dao_timer
                0x0000dfa2       0x64 contiki-z1.a(rpl-timers.o)
 .any.text.handle_dio_timer
                0x0000e006       0x86 contiki-z1.a(rpl-timers.o)
 .any.text.rpl_reset_periodic_timer
                0x0000e08c       0x54 contiki-z1.a(rpl-timers.o)
                0x0000e08c                rpl_reset_periodic_timer
 .any.text.rpl_reset_dio_timer
                0x0000e0e0       0x18 contiki-z1.a(rpl-timers.o)
                0x0000e0e0                rpl_reset_dio_timer
 .any.text.rpl_schedule_dao
                0x0000e0f8        0xc contiki-z1.a(rpl-timers.o)
                0x0000e0f8                rpl_schedule_dao
 .any.text.rpl_schedule_dio_ack
                0x0000e104        0xc contiki-z1.a(rpl-timers.o)
                0x0000e104                rpl_schedule_dio_ack
 .any.text.rpl_schedule_unicast_dio_immediately
                0x0000e110       0x16 contiki-z1.a(rpl-timers.o)
                0x0000e110                rpl_schedule_unicast_dio_immediately
 .any.text.rpl_schedule_probing
                0x0000e126       0x34 contiki-z1.a(rpl-timers.o)
                0x0000e126                rpl_schedule_probing
 .any.text.handle_probing_timer
                0x0000e15a      0x108 contiki-z1.a(rpl-timers.o)
 .any.text.frame802154_get_pan_id
                0x0000e262        0x6 contiki-z1.a(frame802154.o)
                0x0000e262                frame802154_get_pan_id
 .any.text.frame802154_has_panid
                0x0000e268       0x64 contiki-z1.a(frame802154.o)
                0x0000e268                frame802154_has_panid
 .any.text.field_len
                0x0000e2cc       0xa8 contiki-z1.a(frame802154.o)
 .any.text.frame802154_is_broadcast_addr
                0x0000e374       0x28 contiki-z1.a(frame802154.o)
                0x0000e374                frame802154_is_broadcast_addr
 .any.text.frame802154_hdrlen
                0x0000e39c       0x32 contiki-z1.a(frame802154.o)
                0x0000e39c                frame802154_hdrlen
 .any.text.frame802154_create
                0x0000e3ce      0x136 contiki-z1.a(frame802154.o)
                0x0000e3ce                frame802154_create
 .any.text.frame802154_parse
                0x0000e504      0x1be contiki-z1.a(frame802154.o)
                0x0000e504                frame802154_parse
 .any.text.create_frame.isra.0
                0x0000e6c2      0x114 contiki-z1.a(framer-802154.o)
 .any.text.create
                0x0000e7d6        0x8 contiki-z1.a(framer-802154.o)
 .any.text.hdr_length
                0x0000e7de        0x8 contiki-z1.a(framer-802154.o)
 .any.text.parse
                0x0000e7e6       0x9a contiki-z1.a(framer-802154.o)
 .any.text.send_packet
                0x0000e880        0x6 contiki-z1.a(nullmac.o)
 .any.text.packet_input
                0x0000e886        0x6 contiki-z1.a(nullmac.o)
 .any.text.on   0x0000e88c        0x6 contiki-z1.a(nullmac.o)
 .any.text.off  0x0000e892        0x6 contiki-z1.a(nullmac.o)
 .any.text.channel_check_interval
                0x0000e898        0x4 contiki-z1.a(nullmac.o)
 .any.text.init
                0x0000e89c        0x2 contiki-z1.a(nullmac.o)
 .any.text.on   0x0000e89e        0x6 contiki-z1.a(nullrdc.o)
 .any.text.channel_check_interval
                0x0000e8a4        0x4 contiki-z1.a(nullrdc.o)
 .any.text.init
                0x0000e8a8        0x6 contiki-z1.a(nullrdc.o)
 .any.text.off  0x0000e8ae       0x10 contiki-z1.a(nullrdc.o)
 .any.text.packet_input
                0x0000e8be       0x54 contiki-z1.a(nullrdc.o)
 .any.text.send_one_packet
                0x0000e912      0x126 contiki-z1.a(nullrdc.o)
 .any.text.send_list
                0x0000ea38       0x28 contiki-z1.a(nullrdc.o)
 .any.text.send_packet
                0x0000ea60        0x6 contiki-z1.a(nullrdc.o)
 .any.text.linkaddr_copy
                0x0000ea66        0x8 contiki-z1.a(linkaddr.o)
                0x0000ea66                linkaddr_copy
 .any.text.linkaddr_cmp
                0x0000ea6e       0x12 contiki-z1.a(linkaddr.o)
                0x0000ea6e                linkaddr_cmp
 .any.text.linkaddr_set_node_addr
                0x0000ea80        0xc contiki-z1.a(linkaddr.o)
                0x0000ea80                linkaddr_set_node_addr
 .any.text.linkaddr_set_node_long_addr
                0x0000ea8c        0xc contiki-z1.a(linkaddr.o)
                0x0000ea8c                linkaddr_set_node_long_addr
 .any.text.item_from_index
                0x0000ea98       0x2a contiki-z1.a(nbr-table.o)
 .any.text.index_from_key
                0x0000eac2       0x26 contiki-z1.a(nbr-table.o)
 .any.text.index_from_item
                0x0000eae8       0x1e contiki-z1.a(nbr-table.o)
 .any.text.nbr_set_bit
                0x0000eb06       0x50 contiki-z1.a(nbr-table.o)
 .any.text.index_from_lladdr
                0x0000eb56       0x3e contiki-z1.a(nbr-table.o)
 .any.text.nbr_get_bit.constprop.0
                0x0000eb94       0x2c contiki-z1.a(nbr-table.o)
 .any.text.lladdr_map_add_lr
                0x0000ebc0       0x40 contiki-z1.a(nbr-table.o)
                0x0000ebc0                lladdr_map_add_lr
 .any.text.lladdr_map_rm_lr
                0x0000ec00       0x32 contiki-z1.a(nbr-table.o)
                0x0000ec00                lladdr_map_rm_lr
 .any.text.nbr_table_register
                0x0000ec32       0x26 contiki-z1.a(nbr-table.o)
                0x0000ec32                nbr_table_register
 .any.text.nbr_table_next
                0x0000ec58       0x4c contiki-z1.a(nbr-table.o)
                0x0000ec58                nbr_table_next
 .any.text.nbr_table_head
                0x0000eca4       0x36 contiki-z1.a(nbr-table.o)
                0x0000eca4                nbr_table_head
 .any.text.nbr_table_add_lladdr
                0x0000ecda      0x14a contiki-z1.a(nbr-table.o)
                0x0000ecda                nbr_table_add_lladdr
 .any.text.nbr_table_get_from_lladdr
                0x0000ee24       0x28 contiki-z1.a(nbr-table.o)
                0x0000ee24                nbr_table_get_from_lladdr
 .any.text.nbr_table_remove
                0x0000ee4c       0x2a contiki-z1.a(nbr-table.o)
                0x0000ee4c                nbr_table_remove
 .any.text.nbr_table_lock
                0x0000ee76       0x10 contiki-z1.a(nbr-table.o)
                0x0000ee76                nbr_table_lock
 .any.text.nbr_table_unlock
                0x0000ee86       0x10 contiki-z1.a(nbr-table.o)
                0x0000ee86                nbr_table_unlock
 .any.text.init
                0x0000ee96        0x2 contiki-z1.a(nullsec.o)

.rodata         0x0000ee98      0xfc3
                0x0000ee98                . = ALIGN (0x2)
 *(.rodata .rodata.* .gnu.linkonce.r.*)
 .rodata.process_thread_udp_server_process
                0x0000ee98      0x120 udp-server.co
 .rodata.autostart_processes
                0x0000efb8        0x4 udp-server.co
                0x0000efb8                autostart_processes
 .rodata        0x0000efbc       0x13 udp-server.co
 .rodata        0x0000efcf      0x26b obj_z1/contiki-z1-main.o
 .rodata.xmem_erase
                0x0000f23a       0x2c contiki-z1.a(xmem.o)
 .rodata.cc2420_prepare
                0x0000f266       0x47 contiki-z1.a(cc2420.o)
 .rodata.process_thread_cc2420_process
                0x0000f2ad       0x42 contiki-z1.a(cc2420.o)
 .rodata.cc2420_transmit
                0x0000f2ef       0x2d contiki-z1.a(cc2420.o)
 .rodata.get_value
                0x0000f31c       0x44 contiki-z1.a(cc2420.o)
 .rodata.set_value
                0x0000f360       0x20 contiki-z1.a(cc2420.o)
 .rodata.cc2420_driver
                0x0000f380       0x38 contiki-z1.a(cc2420.o)
                0x0000f380                cc2420_driver
 .rodata        0x0000f3b8        0xe contiki-z1.a(cc2420.o)
 .rodata.output_power
                0x0000f3c6       0x10 contiki-z1.a(cc2420.o)
 .rodata.node_id_restore
                0x0000f3d6       0x2d contiki-z1.a(node-id.o)
 .rodata        0x0000f403        0x8 contiki-z1.a(sensors.o)
 .rodata        0x0000f40b        0x7 contiki-z1.a(button-sensor.o)
 .rodata.button_sensor
                0x0000f412        0xe contiki-z1.a(button-sensor.o)
                0x0000f412                button_sensor
 .rodata.get_value
                0x0000f420       0x44 contiki-z1.a(cc1200.o)
 .rodata.idle   0x0000f464       0x22 contiki-z1.a(cc1200.o)
 .rodata.rx_rx  0x0000f486       0x24 contiki-z1.a(cc1200.o)
 .rodata.idle_calibrate_rx
                0x0000f4aa       0x60 contiki-z1.a(cc1200.o)
 *fill*         0x0000f50a        0x2 00
 .rodata.set_value
                0x0000f50c       0x20 contiki-z1.a(cc1200.o)
 .rodata.read   0x0000f52c       0x25 contiki-z1.a(cc1200.o)
 .rodata.prepare
                0x0000f551       0x1c contiki-z1.a(cc1200.o)
 .rodata.idle_tx_rx
                0x0000f56d       0x80 contiki-z1.a(cc1200.o)
 .rodata.transmit
                0x0000f5ed       0x18 contiki-z1.a(cc1200.o)
 .rodata.cc1200_init
                0x0000f605       0x66 contiki-z1.a(cc1200.o)
 .rodata.cc1200_rx_interrupt
                0x0000f66b       0x5d contiki-z1.a(cc1200.o)
 .rodata.process_thread_cc1200_process
                0x0000f6c8       0x16 contiki-z1.a(cc1200.o)
 .rodata        0x0000f6de        0xe contiki-z1.a(cc1200.o)
 .rodata.cc1200_driver
                0x0000f6ec       0x38 contiki-z1.a(cc1200.o)
                0x0000f6ec                cc1200_driver
 .rodata.cc1200_802154g_863_870_fsk_50kbps
                0x0000f724       0x12 contiki-z1.a(cc1200-802154g-)
                0x0000f724                cc1200_802154g_863_870_fsk_50kbps
 .rodata.rf_cfg_descriptor
                0x0000f736       0x24 contiki-z1.a(cc1200-802154g-)
 .rodata.preferredSettings
                0x0000f75a       0xd0 contiki-z1.a(cc1200-802154g-)
 .rodata.cc1200_arch_gpio0_setup_irq
                0x0000f82a       0x39 contiki-z1.a(cc1200-z1-arch.)
 .rodata.cc1200_arch_gpio2_setup_irq
                0x0000f863       0x39 contiki-z1.a(cc1200-z1-arch.)
 .rodata.port1_isr
                0x0000f89c       0x7a contiki-z1.a(adxl345.o)
 .rodata        0x0000f916       0x25 contiki-z1.a(adxl345.o)
 .rodata        0x0000f93b       0x2d contiki-z1.a(dual_radio.o)
 .rodata        0x0000f968        0xf contiki-z1.a(ctimer.o)
 .rodata        0x0000f977        0xc contiki-z1.a(etimer.o)
 .rodata        0x0000f983        0xb contiki-z1.a(sicslowpan.o)
 .rodata.sicslowpan_driver
                0x0000f98e        0xa contiki-z1.a(sicslowpan.o)
                0x0000f98e                sicslowpan_driver
 .rodata.llprefix
                0x0000f998        0x2 contiki-z1.a(sicslowpan.o)
                0x0000f998                llprefix
 .rodata.unc_mxconf
                0x0000f99a        0x4 contiki-z1.a(sicslowpan.o)
                0x0000f99a                unc_mxconf
 .rodata.unc_ctxconf
                0x0000f99e        0x4 contiki-z1.a(sicslowpan.o)
                0x0000f99e                unc_ctxconf
 .rodata.unc_llconf
                0x0000f9a2        0x4 contiki-z1.a(sicslowpan.o)
                0x0000f9a2                unc_llconf
 .rodata.ttl_values
                0x0000f9a6        0x4 contiki-z1.a(sicslowpan.o)
 *fill*         0x0000f9aa        0x2 00
 .rodata.uip_process
                0x0000f9ac       0x40 contiki-z1.a(uip6.o)
 .rodata.tcpip_output
                0x0000f9ec       0x22 contiki-z1.a(tcpip.o)
 .rodata.tcpip_ipv6_output
                0x0000fa0e       0xd7 contiki-z1.a(tcpip.o)
 .rodata.process_thread_tcpip_process
                0x0000fae5        0xd contiki-z1.a(tcpip.o)
 .rodata        0x0000faf2        0xd contiki-z1.a(tcpip.o)
 .rodata.uip_debug_ipaddr_print
                0x0000faff       0x28 contiki-z1.a(uip-debug.o)
 .rodata.uip_debug_lladdr_print
                0x0000fb27       0x14 contiki-z1.a(uip-debug.o)
 .rodata.rpl_print_neighbor_list
                0x0000fb3b       0x6c contiki-z1.a(rpl-dag.o)
 .rodata.rpl_print_child_neighbor_list
                0x0000fba7       0x14 contiki-z1.a(rpl-dag.o)
 .rodata.rpl_select_dag
                0x0000fbbb       0x3b contiki-z1.a(rpl-dag.o)
 .rodata.rpl_process_dio
                0x0000fbf6       0x19 contiki-z1.a(rpl-dag.o)
 .rodata.dio_output
                0x0000fc0f       0x22 contiki-z1.a(rpl-icmp6.o)
 .rodata.CSWTCH.16
                0x0000fc31        0x2 contiki-z1.a(frame802154.o)
 *fill*         0x0000fc33        0x1 00
 .rodata.framer_802154
                0x0000fc34        0xc contiki-z1.a(framer-802154.o)
                0x0000fc34                framer_802154
 .rodata        0x0000fc40        0x8 contiki-z1.a(nullmac.o)
 .rodata.nullmac_driver
                0x0000fc48       0x1a contiki-z1.a(nullmac.o)
                0x0000fc48                nullmac_driver
 .rodata        0x0000fc62        0x8 contiki-z1.a(nullrdc.o)
 .rodata.nullrdc_driver
                0x0000fc6a       0x1e contiki-z1.a(nullrdc.o)
                0x0000fc6a                nullrdc_driver
 .rodata.linkaddr_null
                0x0000fc88        0x8 contiki-z1.a(linkaddr.o)
                0x0000fc88                linkaddr_null
 .rodata        0x0000fc90        0x8 contiki-z1.a(nullsec.o)
 .rodata.nullsec_driver
                0x0000fc98        0xe contiki-z1.a(nullsec.o)
                0x0000fc98                nullsec_driver
 .rodata.ENERGEST_DISSIPATION_RATE
                0x0000fca6       0x38 contiki-z1.a(residual.o)
 .rodata.update_nbr
                0x0000fcde       0x7a contiki-z1.a(rpl-nbr-policy.)
 .rodata.find_removable_dis
                0x0000fd58       0x40 contiki-z1.a(rpl-nbr-policy.)
 .rodata.find_removable_dio
                0x0000fd98       0x90 contiki-z1.a(rpl-nbr-policy.)
 .rodata.find_removable_dao
                0x0000fe28       0x2c contiki-z1.a(rpl-nbr-policy.)
 .rodata.vuprintf
                0x0000fe54        0x7 /usr/local/msp430/bin/../lib/gcc/msp430/4.7.0/../../../../msp430/lib/mcpu-430x/mmpy-16/msr20/mc20/libc.a(vuprintf.o)
 *(.near.rodata .near.rodata.*)
                0x0000fe5c                . = ALIGN (0x2)
                0x0000fe5c                _etext = .

.data           0x00001100      0x160 load address 0x0000fe5c
                0x00001100                . = ALIGN (0x2)
                0x00001100                __data_start = .
 *(.data .data.* .gnu.linkonce.d.*)
 .data.udp_server_process
                0x00001100        0xc udp-server.co
                0x00001100                udp_server_process
 .data.sensors  0x0000110c        0x4 obj_z1/contiki-z1-main.o
                0x0000110c                sensors
 .data.cur_break
                0x00001110        0x2 contiki-z1.a(msp430.o)
 .data.cc2420_process
                0x00001112        0xc contiki-z1.a(cc2420.o)
                0x00001112                cc2420_process
 .data.send_on_cca
                0x0000111e        0x1 contiki-z1.a(cc2420.o)
 *fill*         0x0000111f        0x1 00
 .data.sensors_process
                0x00001120        0xc contiki-z1.a(sensors.o)
                0x00001120                sensors_process
 .data.cc1200_process
                0x0000112c        0xc contiki-z1.a(cc1200.o)
                0x0000112c                cc1200_process
 .data.accmeter_process
                0x00001138        0xc contiki-z1.a(adxl345.o)
                0x00001138                accmeter_process
 .data.adxl345_default_settings
                0x00001144       0x16 contiki-z1.a(adxl345.o)
 .data.dual_dio_ack_broadcast
                0x0000115a        0xc contiki-z1.a(dual_radio.o)
                0x0000115a                dual_dio_ack_broadcast
 .data.dual_dis_broadcast
                0x00001166        0xc contiki-z1.a(dual_radio.o)
                0x00001166                dual_dis_broadcast
 .data.dual_dio_broadcast
                0x00001172        0xc contiki-z1.a(dual_radio.o)
                0x00001172                dual_dio_broadcast
 .data.radio_received
                0x0000117e        0x2 contiki-z1.a(dual_radio.o)
                0x0000117e                radio_received
 .data.ctimer_process
                0x00001180        0xc contiki-z1.a(ctimer.o)
                0x00001180                ctimer_process
 .data.etimer_process
                0x0000118c        0xc contiki-z1.a(etimer.o)
                0x0000118c                etimer_process
 .data.ds6_neighbors
                0x00001198        0x2 contiki-z1.a(uip-ds6-nbr.o)
                0x00001198                ds6_neighbors
 .data.ds6_neighbors_struct
                0x0000119a        0xa contiki-z1.a(uip-ds6-nbr.o)
 .data.nbr_routes
                0x000011a4        0x2 contiki-z1.a(uip-ds6-route.o)
                0x000011a4                nbr_routes
 .data.routememb
                0x000011a6        0x8 contiki-z1.a(uip-ds6-route.o)
 .data.defaultroutermemb
                0x000011ae        0x8 contiki-z1.a(uip-ds6-route.o)
 .data.neighborroutememb
                0x000011b6        0x8 contiki-z1.a(uip-ds6-route.o)
 .data.nbr_routes_struct
                0x000011be        0xa contiki-z1.a(uip-ds6-route.o)
 .data.echo_request_handler
                0x000011c8        0x8 contiki-z1.a(uip-icmp6.o)
 .data.echo_reply_handler
                0x000011d0        0x8 contiki-z1.a(uip-icmp6.o)
 .data.tcpip_process
                0x000011d8        0xc contiki-z1.a(tcpip.o)
                0x000011d8                tcpip_process
 .data.rpl_children
                0x000011e4        0x2 contiki-z1.a(rpl-dag.o)
                0x000011e4                rpl_children
 .data.rpl_parents
                0x000011e6        0x2 contiki-z1.a(rpl-dag.o)
                0x000011e6                rpl_parents
 .data.rpl_children_struct
                0x000011e8        0xa contiki-z1.a(rpl-dag.o)
 .data.rpl_parents_struct
                0x000011f2        0xa contiki-z1.a(rpl-dag.o)
 .data.dao_sequence
                0x000011fc        0x1 contiki-z1.a(rpl-icmp6.o)
 *fill*         0x000011fd        0x1 00
 .data.dis_handler
                0x000011fe        0x8 contiki-z1.a(rpl-icmp6.o)
 .data.dio_handler
                0x00001206        0x8 contiki-z1.a(rpl-icmp6.o)
 .data.dao_handler
                0x0000120e        0x8 contiki-z1.a(rpl-icmp6.o)
 .data.dao_ack_handler
                0x00001216        0x8 contiki-z1.a(rpl-icmp6.o)
 .data.dio_ack_handler
                0x0000121e        0x8 contiki-z1.a(rpl-icmp6.o)
 .data.rpl_ltmax_of
                0x00001226       0x1a contiki-z1.a(rpl-ltmax-of.o)
                0x00001226                rpl_ltmax_of
 .data.mac_pan_id
                0x00001240        0x2 contiki-z1.a(frame802154.o)
 .data.neighbor_addr_mem
                0x00001242        0x8 contiki-z1.a(nbr-table.o)
 .data.buframmem
                0x0000124a        0x8 contiki-z1.a(queuebuf.o)
 .data.bufmem   0x00001252        0x8 contiki-z1.a(queuebuf.o)
 .data.prescale_lsb
                0x0000125a        0x1 contiki-z1.a(i2cmaster.o)
                0x0000125a                prescale_lsb
 *fill*         0x0000125b        0x1 00
 .data.next     0x0000125c        0x4 /usr/local/msp430/bin/../lib/gcc/msp430/4.7.0/../../../../msp430/lib/mcpu-430x/mmpy-16/msr20/mc20/libc.a(rand.o)
 *(.near.data .near.data.*)
                0x00001260                . = ALIGN (0x2)
                0x00001260                _edata = .
                0x0000fe5c                __data_load_start = LOADADDR (.data)
                0x00000160                __data_size = SIZEOF (.data)

.bss            0x00001260     0x1cae load address 0x0000ffbc
                0x00001260                __bss_start = .
 *(.bss .bss.*)
 .bss.my_weight
                0x00001260        0x1 udp-server.co
                0x00001260                my_weight
 *fill*         0x00001261        0x1 00
 .bss.server_conn
                0x00001262        0x2 udp-server.co
 .bss.irq_energest.4275
                0x00001264        0x4 obj_z1/contiki-z1-main.o
 .bss.leds      0x00001268        0x1 contiki-z1.a(leds.o)
 *fill*         0x00001269        0x1 00
 .bss.counter   0x0000126a        0x2 contiki-z1.a(watchdog.o)
 .bss.poll_mode
                0x0000126c        0x1 contiki-z1.a(cc2420.o)
 *fill*         0x0000126d        0x1 00
 .bss.last_packet_timestamp
                0x0000126e        0x2 contiki-z1.a(cc2420.o)
 .bss.locked    0x00001270        0x1 contiki-z1.a(cc2420.o)
 .bss.lock_on   0x00001271        0x1 contiki-z1.a(cc2420.o)
 .bss.lock_off  0x00001272        0x1 contiki-z1.a(cc2420.o)
 .bss.receive_on
                0x00001273        0x1 contiki-z1.a(cc2420.o)
 .bss.channel   0x00001274        0x2 contiki-z1.a(cc2420.o)
 .bss.node_id   0x00001276        0x2 contiki-z1.a(node-id.o)
                0x00001276                node_id
 .bss.num_sensors
                0x00001278        0x1 contiki-z1.a(sensors.o)
 *fill*         0x00001279        0x1 00
 .bss.i.2164    0x0000127a        0x2 contiki-z1.a(sensors.o)
 .bss.events.2165
                0x0000127c        0x2 contiki-z1.a(sensors.o)
 .bss.debouncetimer
                0x0000127e        0x8 contiki-z1.a(button-sensor.o)
 .bss.transmitting
                0x00001286        0x1 contiki-z1.a(uart0.o)
 *fill*         0x00001287        0x1 00
 .bss.uart0_input_handler