Archive member included to satisfy reference by file (symbol)

obj_cooja/mtype828.a(simEnvChange.o)
                              obj_cooja/mtype828.o (simDontFallAsleep)
obj_cooja/mtype828.a(cooja_mt.o)
                              obj_cooja/mtype828.o (cooja_mt_start)
obj_cooja/mtype828.a(cooja_mtarch.o)
                              obj_cooja/mtype828.a(cooja_mt.o) (cooja_mtarch_init)
obj_cooja/mtype828.a(rtimer-arch.o)
                              obj_cooja/mtype828.o (rtimer_arch_next)
obj_cooja/mtype828.a(beep.o)  obj_cooja/mtype828.o (beep_interface)
obj_cooja/mtype828.a(button-sensor.o)
                              obj_cooja/mtype828.o (button_interface)
obj_cooja/mtype828.a(leds-arch.o)
                              obj_cooja/mtype828.o (leds_interface)
obj_cooja/mtype828.a(moteid.o)
                              obj_cooja/mtype828.o (moteid_interface)
obj_cooja/mtype828.a(pir-sensor.o)
                              obj_cooja/mtype828.o (pir_interface)
obj_cooja/mtype828.a(rs232.o)
                              obj_cooja/mtype828.o (rs232_interface)
obj_cooja/mtype828.a(vib-sensor.o)
                              obj_cooja/mtype828.o (vib_interface)
obj_cooja/mtype828.a(clock.o)
                              obj_cooja/mtype828.o (clock_interface)
obj_cooja/mtype828.a(log.o)   obj_cooja/mtype828.o (simlog_interface)
obj_cooja/mtype828.a(cfs-cooja.o)
                              obj_cooja/mtype828.o (cfs_interface)
obj_cooja/mtype828.a(cooja-radio.o)
                              obj_cooja/mtype828.o (radio_interface)
obj_cooja/mtype828.a(eeprom.o)
                              obj_cooja/mtype828.o (eeprom_interface)
obj_cooja/mtype828.a(random.o)
                              obj_cooja/mtype828.a(moteid.o) (random_init)
obj_cooja/mtype828.a(sensors.o)
                              udp-server.co (sensors_event)
obj_cooja/mtype828.a(dual_conf.o)
                              obj_cooja/mtype828.a(cooja-radio.o) (long_range_radio)
obj_cooja/mtype828.a(autostart.o)
                              obj_cooja/mtype828.o (autostart_start)
obj_cooja/mtype828.a(ctimer.o)
                              obj_cooja/mtype828.o (ctimer_init)
obj_cooja/mtype828.a(etimer.o)
                              obj_cooja/mtype828.o (etimer_process)
obj_cooja/mtype828.a(process.o)
                              udp-server.co (process_current)
obj_cooja/mtype828.a(rtimer.o)
                              obj_cooja/mtype828.a(rtimer-arch.o) (rtimer_run_next)
obj_cooja/mtype828.a(timer.o)
                              obj_cooja/mtype828.a(button-sensor.o) (timer_set)
obj_cooja/mtype828.a(serial-line.o)
                              obj_cooja/mtype828.a(rs232.o) (serial_line_input_byte)
obj_cooja/mtype828.a(list.o)  obj_cooja/mtype828.a(ctimer.o) (list_init)
obj_cooja/mtype828.a(ringbuf.o)
                              obj_cooja/mtype828.a(serial-line.o) (ringbuf_init)
obj_cooja/mtype828.a(sicslowpan.o)
                              obj_cooja/mtype828.o (sicslowpan_driver)
obj_cooja/mtype828.a(uip-ds6-nbr.o)
                              obj_cooja/mtype828.a(sicslowpan.o) (uip_ds6_link_neighbor_callback)
obj_cooja/mtype828.a(uip-ds6.o)
                              udp-server.co (uip_ds6_if)
obj_cooja/mtype828.a(uip6.o)  obj_cooja/mtype828.o (uip_lladdr)
obj_cooja/mtype828.a(tcpip.o)
                              udp-server.co (tcpip_event)
obj_cooja/mtype828.a(uip-debug.o)
                              udp-server.co (uip_debug_ipaddr_print)
obj_cooja/mtype828.a(uip-packetqueue)
                              obj_cooja/mtype828.a(uip-ds6-nbr.o) (uip_packetqueue_new)
obj_cooja/mtype828.a(rpl-dag.o)
                              udp-server.co (rpl_set_root)
obj_cooja/mtype828.a(rpl-ext-header.)
                              obj_cooja/mtype828.a(uip6.o) (rpl_verify_header)
obj_cooja/mtype828.a(rpl-icmp6.o)
                              obj_cooja/mtype828.a(rpl-dag.o) (rpl_icmp6_update_nbr_table)
obj_cooja/mtype828.a(rpl-mrhof.o)
                              obj_cooja/mtype828.a(rpl-dag.o) (rpl_mrhof)
obj_cooja/mtype828.a(rpl-timers.o)
                              obj_cooja/mtype828.a(rpl-dag.o) (rpl_reset_dio_timer)
obj_cooja/mtype828.a(rpl.o)   obj_cooja/mtype828.a(rpl-icmp6.o) (rpl_get_mode)
obj_cooja/mtype828.a(linkaddr.o)
                              obj_cooja/mtype828.o (linkaddr_node_addr)
obj_cooja/mtype828.a(nbr-table.o)
                              obj_cooja/mtype828.a(uip-ds6-nbr.o) (lladdr_map_add_lr)
obj_cooja/mtype828.a(netstack.o)
                              obj_cooja/mtype828.o (netstack_init)
obj_cooja/mtype828.a(packetbuf.o)
                              obj_cooja/mtype828.a(cooja-radio.o) (packetbuf_attrs)
obj_cooja/mtype828.a(queuebuf.o)
                              obj_cooja/mtype828.o (queuebuf_init)
obj_cooja/mtype828.a(framer-802154.o)
                              obj_cooja/mtype828.a(sicslowpan.o) (framer_802154)
obj_cooja/mtype828.a(nullmac.o)
[...]
Memory Configuration

Name             Origin             Length             Attributes
*default*        0x0000000000000000 0xffffffffffffffff

Linker script and memory map

LOAD /usr/lib/gcc/i686-linux-gnu/4.8/../../../i386-linux-gnu/crti.o
LOAD /usr/lib/gcc/i686-linux-gnu/4.8/crtbeginS.o
LOAD udp-server.co
LOAD obj_cooja/mtype828.o
LOAD obj_cooja/mtype828.a
LOAD /usr/lib/gcc/i686-linux-gnu/4.8/libgcc.a
LOAD /usr/lib/gcc/i686-linux-gnu/4.8/libgcc_s.so
LOAD /usr/lib/gcc/i686-linux-gnu/4.8/../../../i386-linux-gnu/libc.so
START GROUP
LOAD /lib/i386-linux-gnu/libc.so.6
LOAD /usr/lib/i386-linux-gnu/libc_nonshared.a
LOAD /lib/i386-linux-gnu/ld-linux.so.2
END GROUP
LOAD /usr/lib/gcc/i686-linux-gnu/4.8/libgcc.a
LOAD /usr/lib/gcc/i686-linux-gnu/4.8/libgcc_s.so
LOAD /usr/lib/gcc/i686-linux-gnu/4.8/crtendS.o
LOAD /usr/lib/gcc/i686-linux-gnu/4.8/../../../i386-linux-gnu/crtn.o
                0x0000000000000114                . = (0x0 + SIZEOF_HEADERS)

.note.gnu.build-id
                0x0000000000000114       0x24
 *(.note.gnu.build-id)
 .note.gnu.build-id
                0x0000000000000114       0x24 /usr/lib/gcc/i686-linux-gnu/4.8/../../../i386-linux-gnu/crti.o

.hash
 *(.hash)

.gnu.hash       0x0000000000000138     0x12ac
 *(.gnu.hash)
 .gnu.hash      0x0000000000000138     0x12ac /usr/lib/gcc/i686-linux-gnu/4.8/../../../i386-linux-gnu/crti.o

.dynsym         0x00000000000013e4     0x22e0
 *(.dynsym)
 .dynsym        0x00000000000013e4     0x22e0 /usr/lib/gcc/i686-linux-gnu/4.8/../../../i386-linux-gnu/crti.o

.dynstr         0x00000000000036c4     0x241b
 *(.dynstr)
 .dynstr        0x00000000000036c4     0x241b /usr/lib/gcc/i686-linux-gnu/4.8/../../../i386-linux-gnu/crti.o

.gnu.version    0x0000000000005ae0      0x45c
 *(.gnu.version)
 .gnu.version   0x0000000000005ae0      0x45c /usr/lib/gcc/i686-linux-gnu/4.8/../../../i386-linux-gnu/crti.o

.gnu.version_d  0x0000000000005f3c        0x0
 *(.gnu.version_d)
 .gnu.version_d
                0x0000000000000000        0x0 /usr/lib/gcc/i686-linux-gnu/4.8/../../../i386-linux-gnu/crti.o

.gnu.version_r  0x0000000000005f3c       0x40
 *(.gnu.version_r)
 .gnu.version_r
                0x0000000000005f3c       0x40 /usr/lib/gcc/i686-linux-gnu/4.8/../../../i386-linux-gnu/crti.o

.rel.dyn        0x0000000000005f7c     0x8cf8
 *(.rel.init)
 .rel.init      0x0000000000000000        0x0 /usr/lib/gcc/i686-linux-gnu/4.8/../../../i386-linux-gnu/crti.o
 *(.rel.text .rel.text.* .rel.gnu.linkonce.t.*)
 .rel.text      0x0000000000005f7c     0x8590 /usr/lib/gcc/i686-linux-gnu/4.8/../../../i386-linux-gnu/crti.o
 *(.rel.fini)
 .rel.fini      0x0000000000000000        0x0 /usr/lib/gcc/i686-linux-gnu/4.8/../../../i386-linux-gnu/crti.o
 *(.rel.rodata .rel.rodata.* .rel.gnu.linkonce.r.*)
 .rel.rodata    0x000000000000e50c      0x4e0 /usr/lib/gcc/i686-linux-gnu/4.8/../../../i386-linux-gnu/crti.o
 *(.rel.data.rel.ro .rel.data.rel.ro.* .rel.gnu.linkonce.d.rel.ro.*)
 *(.rel.data .rel.data.* .rel.gnu.linkonce.d.*)
 .rel.data.rel  0x000000000000e9ec        0x8 /usr/lib/gcc/i686-linux-gnu/4.8/../../../i386-linux-gnu/crti.o
 .rel.data      0x000000000000e9f4      0x248 /usr/lib/gcc/i686-linux-gnu/4.8/../../../i386-linux-gnu/crti.o
 *(.rel.tdata .rel.tdata.* .rel.gnu.linkonce.td.*)
 *(.rel.tbss .rel.tbss.* .rel.gnu.linkonce.tb.*)
 *(.rel.ctors)
 *(.rel.dtors)
 *(.rel.got)
 .rel.got       0x000000000000ec3c       0x28 /usr/lib/gcc/i686-linux-gnu/4.8/../../../i386-linux-gnu/crti.o
 *(.rel.bss .rel.bss.* .rel.gnu.linkonce.b.*)
 *(.rel.ifunc)
 .rel.ifunc     0x0000000000000000        0x0 /usr/lib/gcc/i686-linux-gnu/4.8/../../../i386-linux-gnu/crti.o
 .rel.fini_array
                0x000000000000ec64        0x8 /usr/lib/gcc/i686-linux-gnu/4.8/../../../i386-linux-gnu/crti.o
 .rel.init_array
                0x000000000000ec6c        0x8 /usr/lib/gcc/i686-linux-gnu/4.8/../../../i386-linux-gnu/crti.o

.rel.plt        0x000000000000ec74       0x10
 *(.rel.plt)
 .rel.plt       0x000000000000ec74       0x10 /usr/lib/gcc/i686-linux-gnu/4.8/../../../i386-linux-gnu/crti.o
 *(.rel.iplt)

.init           0x000000000000ec84       0x23
 *(SORT(.init))
 .init          0x000000000000ec84       0x1e /usr/lib/gcc/i686-linux-gnu/4.8/../../../i386-linux-gnu/crti.o
                0x000000000000ec84                _init
 .init          0x000000000000eca2        0x5 /usr/lib/gcc/i686-linux-gnu/4.8/../../../i386-linux-gnu/crtn.o

.plt            0x000000000000ecb0       0x30
 *(.plt)
 .plt           0x000000000000ecb0       0x30 /usr/lib/gcc/i686-linux-gnu/4.8/../../../i386-linux-gnu/crti.o
 *(.iplt)

.text           0x000000000000ece0    0x154ef
 *(.text.unlikely .text.*_unlikely .text.unlikely.*)
 *(.text.exit .text.exit.*)
 *(.text.startup .text.startup.*)
 *(.text.hot .text.hot.*)
 *(.text .stub .text.* .gnu.linkonce.t.*)
 .text          0x000000000000ece0        0x0 /usr/lib/gcc/i686-linux-gnu/4.8/../../../i386-linux-gnu/crti.o
 .gnu.linkonce.t.__x86.get_pc_thunk.bx
                0x000000000000ece0        0x4 /usr/lib/gcc/i686-linux-gnu/4.8/../../../i386-linux-gnu/crti.o
                0x000000000000ece0                __x86.get_pc_thunk.bx
 *fill*         0x000000000000ece4        0xc 
 .text          0x000000000000ecf0      0x11b /usr/lib/gcc/i686-linux-gnu/4.8/crtbeginS.o
 .text          0x000000000000ee0b      0x3e4 udp-server.co
 .text          0x000000000000f1ef      0x944 obj_cooja/mtype828.o
                0x000000000000f39d                contiki_init
                0x000000000000f94a                Java_org_contikios_cooja_corecomm_Lib1_init
                0x000000000000f98a                Java_org_contikios_cooja_corecomm_Lib1_getMemory
                0x000000000000f9ca                Java_org_contikios_cooja_corecomm_Lib1_setMemory
                0x000000000000fa41                Java_org_contikios_cooja_corecomm_Lib1_tick
                0x000000000000fb21                Java_org_contikios_cooja_corecomm_Lib1_setReferenceAddress
 .text          0x000000000000fb33       0x63 obj_cooja/mtype828.a(simEnvChange.o)
                0x000000000000fb33                doActionsBeforeTick
                0x000000000000fb64                doActionsAfterTick
 .text          0x000000000000fb96       0xbc obj_cooja/mtype828.a(cooja_mt.o)
                0x000000000000fb96                cooja_mt_init
                0x000000000000fba3                cooja_mt_remove
                0x000000000000fbb0                cooja_mt_start
                0x000000000000fbdd                cooja_mt_exec
                0x000000000000fc0e                cooja_mt_exit
                0x000000000000fc30                cooja_mt_yield
 .text          0x000000000000fc52      0x115 obj_cooja/mtype828.a(cooja_mtarch.o)
                0x000000000000fc52                cooja_mtarch_init
                0x000000000000fc57                cooja_mtarch_start
                0x000000000000fcd2                cooja_sw
                0x000000000000fcf4                cooja_mtarch_exec
                0x000000000000fd10                cooja_mtarch_remove
                0x000000000000fd15                cooja_mtarch_yield
                0x000000000000fd1f                cooja_mtarch_pstop
                0x000000000000fd24                cooja_mtarch_pstart
                0x000000000000fd29                cooja_mtarch_stack_usage
 .text          0x000000000000fd67       0xc2 obj_cooja/mtype828.a(rtimer-arch.o)
                0x000000000000fd67                rtimer_arch_init
                0x000000000000fd8a                rtimer_arch_schedule
                0x000000000000fda1                rtimer_arch_next
                0x000000000000fdab                rtimer_arch_pending
                0x000000000000fdb5                rtimer_arch_check
                0x000000000000fde7                rtimer_arch_now
 .text          0x000000000000fe29       0x76 obj_cooja/mtype828.a(beep.o)
                0x000000000000fe29                beep_alarm
                0x000000000000fe35                beep_beep
                0x000000000000fe41                beep
                0x000000000000fe4d                beep_down
                0x000000000000fe59                beep_on
                0x000000000000fe65                beep_off
                0x000000000000fe71                beep_spinup
                0x000000000000fe7d                beep_quick
                0x000000000000fe89                beep_long
 .text          0x000000000000fe9f      0x103 obj_cooja/mtype828.a(button-sensor.o)
 .text          0x000000000000ffa2       0x45 obj_cooja/mtype828.a(leds-arch.o)
                0x000000000000ffa2                leds_arch_init
                0x000000000000ffae                leds_arch_get
                0x000000000000ffba                leds_arch_set
 .text          0x000000000000ffe7       0x2f obj_cooja/mtype828.a(moteid.o)
 .text          0x0000000000010016       0xb1 obj_cooja/mtype828.a(pir-sensor.o)
 .text          0x00000000000100c7      0x131 obj_cooja/mtype828.a(rs232.o)
                0x00000000000100c7                rs232_init
                0x00000000000100cc                rs232_set_speed
                0x00000000000100da                rs232_set_input
                0x00000000000100e7                rs232_send
                0x0000000000010109                rs232_print
                0x0000000000010124                slip_arch_writeb
 .text          0x00000000000101f8       0xb1 obj_cooja/mtype828.a(vib-sensor.o)
 .text          0x00000000000102a9       0x34 obj_cooja/mtype828.a(clock.o)
                0x00000000000102a9                clock_init
                0x00000000000102ae                clock_time
                0x00000000000102b8                clock_seconds
                0x00000000000102ce                clock_delay
 .text          0x00000000000102dd      0x1ed obj_cooja/mtype828.a(log.o)
                0x00000000000102dd                simlog_char
                0x000000000001031f                simlog
                0x000000000001038c                log_message
                0x00000000000103b4                log_set_putchar_with_slip
                0x00000000000103c1                log_putchar
                0x0000000000010445                log_puts
                0x0000000000010469                log_printf
 .text          0x00000000000104ca      0x2c4 obj_cooja/mtype828.a(cfs-cooja.o)
                0x00000000000104ca                cfs_open
                0x0000000000010533                cfs_close
                0x000000000001053f                cfs_read
                0x00000000000105dd                cfs_write
                0x00000000000106ba                cfs_seek
                0x0000000000010742                cfs_remove
                0x000000000001076b                cfs_opendir
                0x0000000000010775                cfs_readdir
                0x000000000001077f                cfs_closedir
 .text          0x000000000001078e      0x5bf obj_cooja/mtype828.a(cooja-radio.o)
                0x00000000000107b8                radio_set_channel
                0x00000000000107cd                radio_set_txpower
                0x00000000000107ed                radio_signal_strength_last
                0x00000000000107f7                radio_signal_strength_current
                0x0000000000010801                radio_LQI
 .text          0x0000000000010d4d       0xef obj_cooja/mtype828.a(eeprom.o)
                0x0000000000010d4d                eeprom_init
                0x0000000000010d52                eeprom_read
                0x0000000000010dc2                eeprom_write
 .text          0x0000000000010e3c       0x28 obj_cooja/mtype828.a(random.o)
                0x0000000000010e3c                random_init
                0x0000000000010e57                random_rand
 .text          0x0000000000010e64      0x2a1 obj_cooja/mtype828.a(sensors.o)
                0x0000000000010e9f                sensors_first
                0x0000000000010ea9                sensors_next
                0x0000000000010ec6                sensors_changed
                0x0000000000010ef5                sensors_find
 .text          0x0000000000011105      0x308 obj_cooja/mtype828.a(dual_conf.o)
                0x0000000000011105                dual_radio_switch
                0x0000000000011160                dual_radio_change
                0x000000000001119a                sending_in_LR
                0x00000000000111c5                dual_radio_received
                0x0000000000011218                radio_received_is_longrange
                0x00000000000113c3                dio_broadcast
                0x00000000000113ec                dis_broadcast
 .text          0x000000000001140d       0x8e obj_cooja/mtype828.a(autostart.o)
                0x000000000001140d                autostart_start
                0x0000000000011458                autostart_exit
 .text          0x000000000001149b      0x334 obj_cooja/mtype828.a(ctimer.o)
                0x00000000000115b2                ctimer_init
                0x00000000000115e2                ctimer_set
                0x0000000000011613                ctimer_set_with_process
                0x000000000001168f                ctimer_reset
                0x00000000000116de                ctimer_restart
                0x000000000001172d                ctimer_stop
                0x0000000000011778                ctimer_expired
 .text          0x00000000000117cf      0x40b obj_cooja/mtype828.a(etimer.o)
                0x00000000000119e2                etimer_request_poll
                0x0000000000011a66                etimer_set
                0x0000000000011a8b                etimer_reset_with_new_interval
                0x0000000000011ab2                etimer_reset
                0x0000000000011ad0                etimer_restart
                0x0000000000011aee                etimer_adjust
                0x0000000000011b0a                etimer_expired
                0x0000000000011b1d                etimer_expiration_time
                0x0000000000011b2f                etimer_start_time
                0x0000000000011b39                etimer_pending
                0x0000000000011b4b                etimer_next_expiration_time
                0x0000000000011b65                etimer_stop
 .text          0x0000000000011bda      0x560 obj_cooja/mtype828.a(process.o)
                0x0000000000011bda                process_alloc_event
                0x0000000000011bef                process_start
                0x0000000000011dd8                process_exit
                0x0000000000011df4                process_init
                0x0000000000011fc5                process_run
                0x0000000000011ff8                process_nevents
                0x0000000000012013                process_post
                0x00000000000120bf                process_post_synch
                0x00000000000120f7                process_poll
                0x0000000000012126                process_is_running
 .text          0x000000000001213a       0xba obj_cooja/mtype828.a(rtimer.o)
                0x000000000001213a                rtimer_init
                0x0000000000012147                rtimer_set
                0x000000000001219e                rtimer_run_next
 .text          0x00000000000121f4       0x91 obj_cooja/mtype828.a(timer.o)
                0x00000000000121f4                timer_set
                0x000000000001220f                timer_reset
                0x0000000000012226                timer_restart
                0x0000000000012238                timer_expired
                0x0000000000012261                timer_remaining
 .text          0x0000000000012285      0x1fb obj_cooja/mtype828.a(serial-line.o)
                0x0000000000012285                serial_line_input_byte
                0x0000000000012448                serial_line_init
 .text          0x0000000000012480      0x244 obj_cooja/mtype828.a(list.o)
                0x0000000000012480                list_init
                0x000000000001248e                list_head
                0x0000000000012498                list_copy
                0x00000000000124a7                list_tail
                0x00000000000124dd                list_add
                0x0000000000012526                list_push
                0x0000000000012552                list_chop
                0x00000000000125bc                list_pop
                0x00000000000125e4                list_remove
                0x000000000001264b                list_length
                0x0000000000012679                list_insert
                0x00000000000126ad                list_item_next
 .text          0x00000000000126c4      0x155 obj_cooja/mtype828.a(ringbuf.o)
                0x00000000000126c4                ringbuf_init
                0x00000000000126f5                ringbuf_put
                0x0000000000012773                ringbuf_get
                0x00000000000127e0                ringbuf_size
                0x00000000000127f2                ringbuf_elements
 .text          0x0000000000012819     0x259f obj_cooja/mtype828.a(sicslowpan.o)
                0x0000000000012da3                rime_sniffer_add
                0x0000000000012db0                rime_sniffer_remove
                0x0000000000014d57                sicslowpan_init
                0x0000000000014dae                sicslowpan_get_last_rssi
 .text          0x0000000000014db8      0x2dc obj_cooja/mtype828.a(uip-ds6-nbr.o)
                0x0000000000014dd5                uip_ds6_neighbors_init
                0x0000000000014df2                uip_ds6_nbr_add
                0x0000000000014ea3                uip_ds6_nbr_rm
                0x0000000000014f00                uip_ds6_nbr_get_ipaddr
                0x0000000000014f15                uip_ds6_nbr_get_ll
                0x0000000000014f31                uip_ds6_nbr_num
                0x0000000000014f76                uip_ds6_nbr_lookup
                0x0000000000014fdb                uip_ds6_nbr_ll_lookup
                0x0000000000014ff7                uip_ds6_nbr_ipaddr_from_lladdr
                0x000000000001501d                uip_ds6_nbr_lladdr_from_ipaddr
                0x000000000001504b                uip_ds6_link_neighbor_callback
 .text          0x0000000000015094     0x12ad obj_cooja/mtype828.a(uip-ds6.o)
                0x0000000000015094                uip_ds6_init
                0x00000000000153e9                uip_ds6_periodic
                0x00000000000154c1                uip_ds6_list_loop
                0x0000000000015568                uip_ds6_prefix_add
                0x0000000000015626                uip_ds6_prefix_rm
                0x0000000000015638                uip_ds6_prefix_lookup
                0x0000000000015689                uip_ds6_is_addr_onlink
                0x00000000000156fd                uip_ds6_addr_add
                0x000000000001582b                uip_ds6_long_addr_add
                0x0000000000015959                uip_ds6_addr_rm
                0x00000000000159f9                uip_ds6_addr_lookup
                0x0000000000015a44                uip_ds6_long_addr_lookup
                0x0000000000015a8f                uip_ds6_get_link_local
                0x0000000000015b0e                uip_ds6_long_get_link_local
                0x0000000000015b8d                uip_ds6_get_global
                0x0000000000015c0c                uip_ds6_long_get_global
                0x0000000000015c8b                uip_ds6_maddr_add
                0x0000000000015cfd                uip_ds6_long_maddr_add
                0x0000000000015d6f                uip_ds6_maddr_rm
                0x0000000000015d81                uip_ds6_maddr_lookup
                0x0000000000015dcc                uip_ds6_long_maddr_lookup
                0x0000000000015e17                uip_ds6_aaddr_add
                0x0000000000015e89                uip_ds6_long_aaddr_add
                0x0000000000015efb                uip_ds6_aaddr_rm
                0x0000000000015f0d                uip_ds6_aaddr_lookup
                0x0000000000015f58                uip_ds6_long_aaddr_lookup
                0x0000000000015fa3                uip_ds6_select_src
                0x000000000001622c                uip_ds6_set_addr_iid
                0x0000000000016263                get_match_length
                0x00000000000162f5                uip_ds6_compute_reachable_time
 .text          0x0000000000016341     0x29f3 obj_cooja/mtype828.a(uip6.o)
                0x0000000000016341                uip_add32
                0x00000000000164da                uip_chksum
                0x00000000000165c8                uip_icmp6chksum
                0x00000000000165dc                uip_tcpchksum
                0x00000000000165f0                uip_udpchksum
                0x0000000000016604                uip_init
                0x00000000000166d4                uip_connect
                0x0000000000016883                remove_ext_hdr
                0x0000000000016958                uip_udp_new
                0x0000000000016ab4                uip_unlisten
                0x0000000000016b14                uip_listen
                0x0000000000016dd6                uip_process
                0x0000000000018c28                uip_htons
                0x0000000000018c4a                uip_htonl
                0x0000000000018c8a                uip_send
 .text          0x0000000000018d34      0xa66 obj_cooja/mtype828.a(tcpip.o)
                0x0000000000018d34                tcpip_output
                0x0000000000018d62                tcpip_set_outputfunc
                0x0000000000018df6                tcp_connect
                0x0000000000018e4b                tcp_unlisten
                0x0000000000018ea6                tcp_listen
                0x0000000000018eff                tcp_attach
                0x0000000000018f24                udp_attach
                0x0000000000018f49                udp_new
                0x0000000000018f9b                udp_broadcast_new
                0x000000000001920f                tcpip_input
                0x0000000000019243                tcpip_ipv6_output
                0x00000000000195e0                tcpip_poll_udp
                0x0000000000019603                tcpip_poll_tcp
                0x0000000000019626                tcpip_uipcall
 .text          0x000000000001979a      0x1c1 obj_cooja/mtype828.a(uip-debug.o)
                0x000000000001979a                uip_debug_ipaddr_print
                0x00000000000198fc                uip_debug_lladdr_print
 .text          0x000000000001995b      0x141 obj_cooja/mtype828.a(uip-packetqueue)
                0x0000000000019987                uip_packetqueue_new
                0x0000000000019995                uip_packetqueue_alloc
                0x00000000000199f5                uip_packetqueue_free
                0x0000000000019a36                uip_packetqueue_buf
                0x0000000000019a53                uip_packetqueue_buflen
                0x0000000000019a74                uip_packetqueue_set_buflen
 .text          0x0000000000019a9c     0x238e obj_cooja/mtype828.a(rpl-dag.o)
                0x0000000000019a9c                rpl_print_neighbor_list
                0x0000000000019c71                rpl_get_nbr
                0x0000000000019ccb                rpl_dag_init
                0x0000000000019ce8                rpl_get_parent
                0x0000000000019d0a                rpl_get_parent_rank
                0x0000000000019d3d                rpl_get_parent_link_metric
                0x0000000000019d70                rpl_get_parent_ipaddr
                0x000000000001a073                rpl_set_root
                0x000000000001a29a                rpl_repair_root
                0x000000000001a4d6                rpl_set_prefix
                0x000000000001a5d5                rpl_set_default_route
                0x000000000001a661                rpl_alloc_instance
                0x000000000001a6f4                rpl_alloc_dag
                0x000000000001a7a5                rpl_set_default_instance
                0x000000000001a7b2                rpl_get_default_instance
                0x000000000001a7bc                rpl_free_instance
                0x000000000001a86b                rpl_free_dag
                0x000000000001a8d1                rpl_add_parent
                0x000000000001a9a7                rpl_find_parent
                0x000000000001a9ff                rpl_find_parent_any_dag
                0x000000000001aa3b                rpl_select_dag
                0x000000000001add1                rpl_select_parent
                0x000000000001ae33                rpl_remove_parent
                0x000000000001ae5a                rpl_nullify_parent
                0x000000000001aef8                rpl_move_parent
                0x000000000001af95                rpl_has_downward_route
                0x000000000001afe8                rpl_get_any_dag
                0x000000000001b04a                rpl_get_instance
                0x000000000001b0ad                rpl_find_of
                0x000000000001b0ea                rpl_join_instance
                0x000000000001b365                rpl_add_dag
                0x000000000001b754                rpl_local_repair
                0x000000000001b818                rpl_recalculate_ranks
                0x000000000001b89e                rpl_process_parent_event
                0x000000000001b950                rpl_process_dio
 .text          0x000000000001be2a      0xbf3 obj_cooja/mtype828.a(rpl-ext-header.)
                0x000000000001be47                rpl_verify_header
                0x000000000001c2c1                rpl_update_header_empty
                0x000000000001c5d8                rpl_update_header_final
                0x000000000001c767                rpl_remove_header
                0x000000000001c871                rpl_invert_header
                0x000000000001c9fb                rpl_insert_header
 .text          0x000000000001ca1d     0x25e3 obj_cooja/mtype828.a(rpl-icmp6.o)
                0x000000000001cc7c                rpl_icmp6_update_nbr_table
                0x000000000001ce49                dis_output
                0x000000000001d770                dio_output
                0x000000000001ea8e                dao_output
                0x000000000001eb55                dao_output_target
                0x000000000001efb4                dao_ack_output
                0x000000000001efc8                rpl_icmp6_register_handlers
 .text          0x000000000001f000      0x2c1 obj_cooja/mtype828.a(rpl-mrhof.o)
 .text          0x000000000001f2c1      0x7b3 obj_cooja/mtype828.a(rpl-timers.o)
                0x000000000001f507                rpl_reset_periodic_timer
                0x000000000001f55c                rpl_reset_dio_timer
                0x000000000001f796                rpl_schedule_dao
                0x000000000001f7b1                rpl_schedule_dao_immediately
                0x000000000001f7cc                rpl_cancel_dao
                0x000000000001f82e                rpl_schedule_unicast_dio_immediately
                0x000000000001fa1c                rpl_schedule_probing
 .text          0x000000000001fa74      0x59b obj_cooja/mtype828.a(rpl.o)
                0x000000000001fa74                rpl_get_mode
                0x000000000001fa7e                rpl_set_mode
                0x000000000001fb0c                rpl_purge_routes
                0x000000000001fc06                rpl_remove_routes
                0x000000000001fc4c                rpl_remove_routes_by_nexthop
                0x000000000001fcb8                rpl_add_route
                0x000000000001fd33                rpl_link_neighbor_callback
                0x000000000001fe38                rpl_ipv6_neighbor_callback
                0x000000000001fea7                rpl_purge_dags
                0x000000000001ff89                rpl_init
 .text          0x000000000002000f       0x82 obj_cooja/mtype828.a(linkaddr.o)
                0x000000000002000f                linkaddr_copy
                0x0000000000020031                linkaddr_cmp
                0x000000000002005b                linkaddr_set_node_addr
                0x0000000000020076                linkaddr_set_node_long_addr
 .text          0x0000000000020091      0x88c obj_cooja/mtype828.a(nbr-table.o)
                0x0000000000020091                lladdr_map_add_lr
                0x000000000002014e                lladdr_map_rm_lr
                0x0000000000020613                nbr_table_register
                0x000000000002065b                nbr_table_head
                0x00000000000206b7                nbr_table_next
                0x000000000002071e                nbr_table_add_lladdr
                0x00000000000207fa                nbr_table_get_from_lladdr
                0x0000000000020847                nbr_table_remove
                0x0000000000020899                nbr_table_lock
                0x00000000000208c3                nbr_table_unlock
                0x00000000000208ed                nbr_table_get_lladdr
 .text          0x000000000002091d       0x2b obj_cooja/mtype828.a(netstack.o)
                0x000000000002091d                netstack_init
 .text          0x0000000000020948      0x3cd obj_cooja/mtype828.a(packetbuf.o)
                0x0000000000020948                packetbuf_clear
                0x0000000000020972                packetbuf_copyfrom
                0x00000000000209c4                packetbuf_compact
                0x0000000000020a41                packetbuf_copyto
                0x0000000000020ad8                packetbuf_hdralloc
                0x0000000000020b55                packetbuf_hdrreduce
                0x0000000000020b9d                packetbuf_set_datalen
                0x0000000000020bb6                packetbuf_dataptr
                0x0000000000020bd3                packetbuf_hdrptr
                0x0000000000020bdd                packetbuf_datalen
                0x0000000000020be9                packetbuf_hdrlen
                0x0000000000020c00                packetbuf_totlen
                0x0000000000020c16                packetbuf_attr_clear
                0x0000000000020c68                packetbuf_attr_copyto
                0x0000000000020cb1                packetbuf_attr_copyfrom
                0x0000000000020cf9                packetbuf_holds_broadcast
 .text          0x0000000000020d15      0x2b4 obj_cooja/mtype828.a(queuebuf.o)
                0x0000000000020d1f                queuebuf_init
                0x0000000000020d3f                queuebuf_numfree
                0x0000000000020d53                queuebuf_new_from_packetbuf
                0x0000000000020de3                queuebuf_update_attr_from_packetbuf
                0x0000000000020e16                queuebuf_update_from_packetbuf
                0x0000000000020e60                queuebuf_free
                0x0000000000020ea7                queuebuf_to_packetbuf
                0x0000000000020f0d                queuebuf_dataptr
                0x0000000000020f44                queuebuf_datalen
                0x0000000000020f67                queuebuf_addr
                0x0000000000020f99                queuebuf_attr
                0x0000000000020fc4                queuebuf_debug_print
 .text          0x0000000000020fc9      0x3f5 obj_cooja/mtype828.a(framer-802154.o)
 .text          0x00000000000213be       0x71 obj_cooja/mtype828.a(nullmac.o)
 .text          0x000000000002142f      0x518 obj_cooja/mtype828.a(nullrdc.o)
 .text          0x0000000000021947       0x81 obj_cooja/mtype828.a(nullsec.o)
 .text          0x00000000000219c8       0x19 obj_cooja/mtype828.a(watchdog.o)
                0x00000000000219c8                watchdog_init
                0x00000000000219cd                watchdog_start
                0x00000000000219d2                watchdog_periodic
                0x00000000000219d7                watchdog_stop
                0x00000000000219dc                watchdog_reboot
 .text          0x00000000000219e1        0x0 obj_cooja/mtype828.a(rimestats.o)
 .text          0x00000000000219e1       0xa3 obj_cooja/mtype828.a(stimer.o)
                0x00000000000219e1                stimer_set
                0x00000000000219fc                stimer_reset
                0x0000000000021a13                stimer_restart
                0x0000000000021a25                stimer_expired
                0x0000000000021a4c                stimer_remaining
                0x0000000000021a70                stimer_elapsed
 .text          0x0000000000021a84      0x1c1 obj_cooja/mtype828.a(memb.o)
                0x0000000000021a84                memb_init
                0x0000000000021ae2                memb_alloc
                0x0000000000021b47                memb_free
                0x0000000000021bc2                memb_inmemb
                0x0000000000021c01                memb_numfree
 .text          0x0000000000021c45      0x916 obj_cooja/mtype828.a(uip-ds6-route.o)
                0x0000000000021cbc                uip_ds6_notification_add
                0x0000000000021ced                uip_ds6_notification_rm
                0x0000000000021d09                uip_ds6_route_init
                0x0000000000021d91                uip_ds6_route_nexthop
                0x0000000000021db9                uip_ds6_route_head
                0x0000000000021dce                uip_ds6_route_next
                0x0000000000021df4                uip_ds6_route_is_nexthop
                0x0000000000021e33                uip_ds6_route_num_routes
                0x0000000000021e3d                uip_ds6_route_lookup
                0x0000000000021eff                uip_ds6_route_add
                0x0000000000022133                uip_ds6_route_rm
                0x00000000000222c7                uip_ds6_route_rm_by_nexthop
                0x00000000000222ff                uip_ds6_defrt_add
                0x00000000000223b0                uip_ds6_defrt_rm
                0x000000000002242f                uip_ds6_defrt_lookup
                0x0000000000022488                uip_ds6_defrt_choose
                0x00000000000224f3                uip_ds6_defrt_periodic
 .text          0x000000000002255b      0xab2 obj_cooja/mtype828.a(uip-icmp6.o)
                0x00000000000225c9                uip_icmp6_input
                0x000000000002261f                uip_icmp6_register_input_handler
                0x00000000000228e7                uip_icmp6_error_output
                0x0000000000022c2c                uip_icmp6_send
                0x0000000000022fa0                uip_icmp6_echo_reply_callback_add
                0x0000000000022fd1                uip_icmp6_echo_reply_callback_rm
                0x0000000000022fed                uip_icmp6_init
 .text          0x000000000002300d      0x358 obj_cooja/mtype828.a(uip-nd6.o)
                0x0000000000023061                uip_nd6_ns_output
                0x0000000000023360                uip_nd6_init
 .text          0x0000000000023365      0x331 obj_cooja/mtype828.a(rpl-nbr-policy.)
                0x000000000002353d                find_removable_dis
                0x0000000000023560                find_removable_dio
                0x00000000000235ef                find_removable_dao
                0x000000000002363f                rpl_nbr_policy_find_removable
 .text          0x0000000000023696      0x97c obj_cooja/mtype828.a(frame802154.o)
                0x00000000000236c7                frame802154_get_pan_id
                0x00000000000236d3                frame802154_set_pan_id
                0x00000000000236ec                frame802154_has_panid
                0x00000000000237d8                frame802154_check_dest_panid
                0x0000000000023840                frame802154_is_broadcast_addr
                0x000000000002388d                frame802154_extract_linkaddr
                0x0000000000023acd                frame802154_hdrlen
                0x0000000000023b1e                frame802154_create
                0x0000000000023d09                frame802154_parse
 .text          0x0000000000024012      0x181 obj_cooja/mtype828.a(mac-sequence.o)
                0x0000000000024049                mac_sequence_is_duplicate
                0x00000000000240cc                mac_sequence_register_seqno
 .text          0x0000000000024193       0x3c obj_cooja/mtype828.a(mac.o)
                0x0000000000024193                mac_call_sent_callback
 .text          0x00000000000241cf        0x0 /usr/lib/gcc/i686-linux-gnu/4.8/crtendS.o
 .text          0x00000000000241cf        0x0 /usr/lib/gcc/i686-linux-gnu/4.8/../../../i386-linux-gnu/crtn.o
 *(.gnu.warning)

.fini           0x00000000000241d0       0x14
 *(SORT(.fini))
 .fini          0x00000000000241d0        0xf /usr/lib/gcc/i686-linux-gnu/4.8/../../../i386-linux-gnu/crti.o
                0x00000000000241d0                _fini
 .fini          0x00000000000241df        0x5 /usr/lib/gcc/i686-linux-gnu/4.8/../../../i386-linux-gnu/crtn.o
                0x00000000000241e4                PROVIDE (__etext, .)
                0x00000000000241e4                PROVIDE (_etext, .)
                0x00000000000241e4                PROVIDE (etext, .)

.rodata         0x0000000000024200     0x1320
 *(.rodata .rodata.* .gnu.linkonce.r.*)
 .rodata        0x0000000000024200      0x148 udp-server.co
                0x0000000000024214                autostart_processes
 .rodata        0x0000000000024348      0x1b6 obj_cooja/mtype828.o
 *fill*         0x00000000000244fe        0x2 
 .rodata        0x0000000000024500        0x8 obj_cooja/mtype828.a(beep.o)
                0x0000000000024500                beep_interface
 .rodata        0x0000000000024508       0x20 obj_cooja/mtype828.a(button-sensor.o)
                0x0000000000024508                button_interface
                0x0000000000024518                button_sensor
 .rodata        0x0000000000024528        0x8 obj_cooja/mtype828.a(leds-arch.o)
                0x0000000000024528                leds_interface
 .rodata        0x0000000000024530        0x8 obj_cooja/mtype828.a(moteid.o)
                0x0000000000024530                moteid_interface
 .rodata        0x0000000000024538       0x1c obj_cooja/mtype828.a(pir-sensor.o)
                0x0000000000024538                pir_interface
                0x0000000000024544                pir_sensor
 .rodata        0x0000000000024554        0xe obj_cooja/mtype828.a(rs232.o)
                0x0000000000024554                rs232_interface
 *fill*         0x0000000000024562        0x2 
 .rodata        0x0000000000024564       0x24 obj_cooja/mtype828.a(vib-sensor.o)
                0x0000000000024564                vib_interface
                0x0000000000024578                vib_sensor
 .rodata        0x0000000000024588        0x8 obj_cooja/mtype828.a(clock.o)
                0x0000000000024588                clock_interface
 .rodata        0x0000000000024590        0x8 obj_cooja/mtype828.a(log.o)
                0x0000000000024590                simlog_interface
 .rodata        0x0000000000024598       0x2f obj_cooja/mtype828.a(cfs-cooja.o)
                0x0000000000024598                cfs_interface
 *fill*         0x00000000000245c7       0x19 
 .rodata        0x00000000000245e0      0x120 obj_cooja/mtype828.a(cooja-radio.o)
                0x00000000000246c0                cooja_radio_driver
                0x00000000000246f8                radio_interface
 .rodata        0x0000000000024700        0x8 obj_cooja/mtype828.a(eeprom.o)
                0x0000000000024700                eeprom_interface
 .rodata        0x0000000000024708        0x8 obj_cooja/mtype828.a(sensors.o)
 .rodata        0x0000000000024710      0x21d obj_cooja/mtype828.a(dual_conf.o)
 .rodata        0x000000000002492d        0xf obj_cooja/mtype828.a(ctimer.o)
 .rodata        0x000000000002493c        0xc obj_cooja/mtype828.a(etimer.o)
 .rodata        0x0000000000024948        0xe obj_cooja/mtype828.a(serial-line.o)
 *fill*         0x0000000000024956        0x2 
 .rodata        0x0000000000024958       0x38 obj_cooja/mtype828.a(sicslowpan.o)
                0x0000000000024958                unc_llconf
                0x000000000002495c                unc_ctxconf
                0x0000000000024960                unc_mxconf
                0x0000000000024964                llprefix
                0x0000000000024984                sicslowpan_driver
 .rodata        0x0000000000024990      0x13c obj_cooja/mtype828.a(uip6.o)
 .rodata        0x0000000000024acc       0x29 obj_cooja/mtype828.a(tcpip.o)
 .rodata        0x0000000000024af5       0x3e obj_cooja/mtype828.a(uip-debug.o)
 *fill*         0x0000000000024b33        0x1 
 .rodata        0x0000000000024b34       0x72 obj_cooja/mtype828.a(rpl-dag.o)
 *fill*         0x0000000000024ba6        0x2 
 .rodata        0x0000000000024ba8      0x8a4 obj_cooja/mtype828.a(rpl-icmp6.o)
 .rodata        0x000000000002544c        0x8 obj_cooja/mtype828.a(linkaddr.o)
                0x000000000002544c                linkaddr_null
 .rodata        0x0000000000025454        0xc obj_cooja/mtype828.a(framer-802154.o)
                0x0000000000025454                framer_802154
 .rodata        0x0000000000025460       0x38 obj_cooja/mtype828.a(nullmac.o)
                0x000000000002547c                nullmac_driver
 *fill*         0x0000000000025498        0x8 
 .rodata        0x00000000000254a0       0x60 obj_cooja/mtype828.a(nullrdc.o)
                0x00000000000254e0                nullrdc_driver
 .rodata        0x0000000000025500       0x20 obj_cooja/mtype828.a(nullsec.o)
                0x0000000000025510                nullsec_driver

.rodata1
 *(.rodata1)

.eh_frame_hdr   0x0000000000025520     0x12ac
 *(.eh_frame_hdr)
 .eh_frame_hdr  0x0000000000025520     0x12ac udp-server.co

.eh_frame       0x00000000000267cc     0x4c00
 *(.eh_frame)
 .eh_frame      0x00000000000267cc       0x3c /usr/lib/gcc/i686-linux-gnu/4.8/../../../i386-linux-gnu/crti.o
                                         0x40 (size before relaxing)
 .eh_frame      0x0000000000026808       0x68 udp-server.co
                                         0x80 (size before relaxing)
 .eh_frame      0x0000000000026870      0x148 obj_cooja/mtype828.o
                                        0x160 (size before relaxing)
 .eh_frame      0x00000000000269b8       0x40 obj_cooja/mtype828.a(simEnvChange.o)
                                         0x58 (size before relaxing)
 .eh_frame      0x00000000000269f8       0xc0 obj_cooja/mtype828.a(cooja_mt.o)
                                         0xd8 (size before relaxing)
 .eh_frame      0x0000000000026ab8      0x120 obj_cooja/mtype828.a(cooja_mtarch.o)
                                        0x138 (size before relaxing)
 .eh_frame      0x0000000000026bd8       0xc0 obj_cooja/mtype828.a(rtimer-arch.o)
                                         0xd8 (size before relaxing)
 .eh_frame      0x0000000000026c98      0x160 obj_cooja/mtype828.a(beep.o)
                                        0x178 (size before relaxing)
 .eh_frame      0x0000000000026df8       0xa0 obj_cooja/mtype828.a(button-sensor.o)
                                         0xb8 (size before relaxing)
 .eh_frame      0x0000000000026e98       0xa0 obj_cooja/mtype828.a(leds-arch.o)
                                         0xb8 (size before relaxing)
 .eh_frame      0x0000000000026f38       0x40 obj_cooja/mtype828.a(moteid.o)
                                         0x58 (size before relaxing)
 .eh_frame      0x0000000000026f78       0xa0 obj_cooja/mtype828.a(pir-sensor.o)
                                         0xb8 (size before relaxing)
 .eh_frame      0x0000000000027018      0x100 obj_cooja/mtype828.a(rs232.o)
                                        0x118 (size before relaxing)
 .eh_frame      0x0000000000027118       0xa0 obj_cooja/mtype828.a(vib-sensor.o)
                                         0xb8 (size before relaxing)
 .eh_frame      0x00000000000271b8       0xc0 obj_cooja/mtype828.a(clock.o)
                                         0xd8 (size before relaxing)
 .eh_frame      0x0000000000027278      0x120 obj_cooja/mtype828.a(log.o)
                                        0x138 (size before relaxing)
 .eh_frame      0x0000000000027398      0x160 obj_cooja/mtype828.a(cfs-cooja.o)
                                        0x178 (size before relaxing)
 .eh_frame      0x00000000000274f8      0x2e0 obj_cooja/mtype828.a(cooja-radio.o)
                                        0x2f8 (size before relaxing)
 .eh_frame      0x00000000000277d8       0xa0 obj_cooja/mtype828.a(eeprom.o)
                                         0xb8 (size before relaxing)
 .eh_frame      0x0000000000027878       0x40 obj_cooja/mtype828.a(random.o)
                                         0x58 (size before relaxing)
 .eh_frame      0x00000000000278b8       0xc0 obj_cooja/mtype828.a(sensors.o)
                                         0xd8 (size before relaxing)
 .eh_frame      0x0000000000027978      0x120 obj_cooja/mtype828.a(dual_conf.o)
                                        0x138 (size before relaxing)
 .eh_frame      0x0000000000027a98       0x40 obj_cooja/mtype828.a(autostart.o)
                                         0x58 (size before relaxing)
 .eh_frame      0x0000000000027ad8      0x100 obj_cooja/mtype828.a(ctimer.o)
                                        0x118 (size before relaxing)
 .eh_frame      0x0000000000027bd8      0x1e0 obj_cooja/mtype828.a(etimer.o)
                                        0x1f8 (size before relaxing)
 .eh_frame      0x0000000000027db8      0x1c8 obj_cooja/mtype828.a(process.o)
                                        0x1e0 (size before relaxing)
 .eh_frame      0x0000000000027f80       0x60 obj_cooja/mtype828.a(rtimer.o)
                                         0x78 (size before relaxing)
 .eh_frame      0x0000000000027fe0       0xa4 obj_cooja/mtype828.a(timer.o)
                                         0xbc (size before relaxing)
 .eh_frame      0x0000000000028084       0x60 obj_cooja/mtype828.a(serial-line.o)
                                         0x78 (size before relaxing)
 .eh_frame      0x00000000000280e4      0x180 obj_cooja/mtype828.a(list.o)
                                        0x198 (size before relaxing)
 .eh_frame      0x0000000000028264       0xa0 obj_cooja/mtype828.a(ringbuf.o)
                                         0xb8 (size before relaxing)
 .eh_frame      0x0000000000028304      0x350 obj_cooja/mtype828.a(sicslowpan.o)
                                        0x368 (size before relaxing)
 .eh_frame      0x0000000000028654      0x180 obj_cooja/mtype828.a(uip-ds6-nbr.o)
                                        0x198 (size before relaxing)
 .eh_frame      0x00000000000287d4      0x3c8 obj_cooja/mtype828.a(uip-ds6.o)
                                        0x3e0 (size before relaxing)
 .eh_frame      0x0000000000028b9c      0x27c obj_cooja/mtype828.a(uip6.o)
                                        0x294 (size before relaxing)
 .eh_frame      0x0000000000028e18      0x270 obj_cooja/mtype828.a(tcpip.o)
                                        0x288 (size before relaxing)
 .eh_frame      0x0000000000029088       0x48 obj_cooja/mtype828.a(uip-debug.o)
                                         0x60 (size before relaxing)
 .eh_frame      0x00000000000290d0       0xe0 obj_cooja/mtype828.a(uip-packetqueue)
                                         0xf8 (size before relaxing)
 .eh_frame      0x00000000000291b0      0x65c obj_cooja/mtype828.a(rpl-dag.o)
                                        0x674 (size before relaxing)
 .eh_frame      0x000000000002980c      0x10c obj_cooja/mtype828.a(rpl-ext-header.)
                                        0x124 (size before relaxing)
 .eh_frame      0x0000000000029918      0x288 obj_cooja/mtype828.a(rpl-icmp6.o)
                                        0x2a0 (size before relaxing)
 .eh_frame      0x0000000000029ba0       0xe0 obj_cooja/mtype828.a(rpl-mrhof.o)
                                         0xf8 (size before relaxing)
 .eh_frame      0x0000000000029c80      0x20c obj_cooja/mtype828.a(rpl-timers.o)
                                        0x224 (size before relaxing)
 .eh_frame      0x0000000000029e8c      0x140 obj_cooja/mtype828.a(rpl.o)
                                        0x158 (size before relaxing)
 .eh_frame      0x0000000000029fcc       0x80 obj_cooja/mtype828.a(linkaddr.o)
                                         0x98 (size before relaxing)
 .eh_frame      0x000000000002a04c      0x2ac obj_cooja/mtype828.a(nbr-table.o)
                                        0x2c4 (size before relaxing)
 .eh_frame      0x000000000002a2f8       0x20 obj_cooja/mtype828.a(netstack.o)
                                         0x38 (size before relaxing)
 .eh_frame      0x000000000002a318      0x214 obj_cooja/mtype828.a(packetbuf.o)
                                        0x22c (size before relaxing)
 .eh_frame      0x000000000002a52c      0x1a0 obj_cooja/mtype828.a(queuebuf.o)
                                        0x1b8 (size before relaxing)
 .eh_frame      0x000000000002a6cc      0x108 obj_cooja/mtype828.a(framer-802154.o)
                                        0x120 (size before relaxing)
 .eh_frame      0x000000000002a7d4       0xc0 obj_cooja/mtype828.a(nullmac.o)
                                         0xd8 (size before relaxing)
 .eh_frame      0x000000000002a894      0x178 obj_cooja/mtype828.a(nullrdc.o)
                                        0x190 (size before relaxing)
 .eh_frame      0x000000000002aa0c       0x80 obj_cooja/mtype828.a(nullsec.o)
                                         0x98 (size before relaxing)
 .eh_frame      0x000000000002aa8c       0xa0 obj_cooja/mtype828.a(watchdog.o)
                                         0xb8 (size before relaxing)
 .eh_frame      0x000000000002ab2c       0xc4 obj_cooja/mtype828.a(stimer.o)
                                         0xdc (size before relaxing)
 .eh_frame      0x000000000002abf0       0xa0 obj_cooja/mtype828.a(memb.o)
                                         0xb8 (size before relaxing)
 .eh_frame      0x000000000002ac90      0x2a0 obj_cooja/mtype828.a(uip-ds6-route.o)
                                        0x2b8 (size before relaxing)
 .eh_frame      0x000000000002af30      0x164 obj_cooja/mtype828.a(uip-icmp6.o)
                                        0x17c (size before relaxing)
 .eh_frame      0x000000000002b094       0x68 obj_cooja/mtype828.a(uip-nd6.o)
                                         0x80 (size before relaxing)
 .eh_frame      0x000000000002b0fc       0xc0 obj_cooja/mtype828.a(rpl-nbr-policy.)
                                         0xd8 (size before relaxing)
 .eh_frame      0x000000000002b1bc      0x164 obj_cooja/mtype828.a(frame802154.o)
                                        0x17c (size before relaxing)
 .eh_frame      0x000000000002b320       0x88 obj_cooja/mtype828.a(mac-sequence.o)
                                         0xa0 (size before relaxing)
 .eh_frame      0x000000000002b3a8       0x20 obj_cooja/mtype828.a(mac.o)
                                         0x38 (size before relaxing)
 .eh_frame      0x000000000002b3c8        0x4 /usr/lib/gcc/i686-linux-gnu/4.8/crtendS.o

.gcc_except_table
 *(.gcc_except_table .gcc_except_table.*)

.exception_ranges
 *(.exception_ranges .exception_ranges*)
                0x000000000002b3cc                . = (ALIGN (0x1000) - ((0x1000 - .) & 0xfff))
                0x000000000002cef8                . = DATA_SEGMENT_ALIGN (0x1000, 0x1000)

.eh_frame
 *(.eh_frame)

.gcc_except_table
 *(.gcc_except_table .gcc_except_table.*)

.exception_ranges
 *(.exception_ranges .exception_ranges*)

.tdata
 *(.tdata .tdata.* .gnu.linkonce.td.*)

.tbss
 *(.tbss .tbss.* .gnu.linkonce.tb.*)
 *(.tcommon)

.preinit_array
 *(.preinit_array)

.init_array     0x000000000002cef8        0x4
 *(SORT(.init_array.*) SORT(.ctors.*))
 *(.init_array EXCLUDE_FILE(*crtend?.o *crtend.o *crtbegin?.o *crtbegin.o) .ctors)
 .init_array    0x000000000002cef8        0x4 /usr/lib/gcc/i686-linux-gnu/4.8/crtbeginS.o

.fini_array     0x000000000002cefc        0x4
 *(SORT(.fini_array.*) SORT(.dtors.*))
 *(.fini_array EXCLUDE_FILE(*crtend?.o *crtend.o *crtbegin?.o *crtbegin.o) .dtors)
 .fini_array    0x000000000002cefc        0x4 /usr/lib/gcc/i686-linux-gnu/4.8/crtbeginS.o

.ctors
 *crtbegin.o(.ctors)
 *crtbegin?.o(.ctors)
 *(EXCLUDE_FILE(*crtend?.o *crtend.o) .ctors)
 *(SORT(.ctors.*))
 *(.ctors)

.dtors
 *crtbegin.o(.dtors)
 *crtbegin?.o(.dtors)
 *(EXCLUDE_FILE(*crtend?.o *crtend.o) .dtors)
 *(SORT(.dtors.*))
 *(.dtors)

.jcr            0x000000000002cf00        0x4
 *(.jcr)
 .jcr           0x000000000002cf00        0x0 /usr/lib/gcc/i686-linux-gnu/4.8/crtbeginS.o
 .jcr           0x000000000002cf00        0x4 /usr/lib/gcc/i686-linux-gnu/4.8/crtendS.o

.data.rel.ro
 *(.data.rel.ro.local* .gnu.linkonce.d.rel.ro.local.*)
 *(.data.rel.ro .data.rel.ro.* .gnu.linkonce.d.rel.ro.*)

.dynamic        0x000000000002cf04       0xe8
 *(.dynamic)
 .dynamic       0x000000000002cf04       0xe8 /usr/lib/gcc/i686-linux-gnu/4.8/../../../i386-linux-gnu/crti.o
                0x000000000002cf04                _DYNAMIC

.got            0x000000000002cfec       0x14
 *(.got)
 .got           0x000000000002cfec       0x14 /usr/lib/gcc/i686-linux-gnu/4.8/../../../i386-linux-gnu/crti.o
 *(.igot)
                0x000000000002dff4                . = DATA_SEGMENT_RELRO_END (., (SIZEOF (.got.plt) >= 0xc)?0xc:0x0)

.got.plt        0x000000000002d000       0x14
 *(.got.plt)
 .got.plt       0x000000000002d000       0x14 /usr/lib/gcc/i686-linux-gnu/4.8/../../../i386-linux-gnu/crti.o
                0x000000000002d000                _GLOBAL_OFFSET_TABLE_
 *(.igot.plt)

.data           0x000000000002d020      0x22a
 *(.data .data.* .gnu.linkonce.d.*)
 .data          0x000000000002d020        0x0 /usr/lib/gcc/i686-linux-gnu/4.8/../../../i386-linux-gnu/crti.o
 .data          0x000000000002d020        0x0 /usr/lib/gcc/i686-linux-gnu/4.8/crtbeginS.o
 .data.rel      0x000000000002d020        0x4 /usr/lib/gcc/i686-linux-gnu/4.8/crtbeginS.o
                0x000000000002d020                __dso_handle
 .data          0x000000000002d024       0x10 udp-server.co
                0x000000000002d024                udp_server_process
 *fill*         0x000000000002d034        0xc 
 .data          0x000000000002d040       0x44 obj_cooja/mtype828.o
                0x000000000002d040                simInterfaces
                0x000000000002d074                sensors
 .data          0x000000000002d084        0x0 obj_cooja/mtype828.a(simEnvChange.o)
 .data          0x000000000002d084        0x0 obj_cooja/mtype828.a(cooja_mt.o)
 .data          0x000000000002d084        0x0 obj_cooja/mtype828.a(cooja_mtarch.o)
 .data          0x000000000002d084        0x0 obj_cooja/mtype828.a(rtimer-arch.o)
 .data          0x000000000002d084        0x0 obj_cooja/mtype828.a(beep.o)
 .data          0x000000000002d084        0x0 obj_cooja/mtype828.a(button-sensor.o)
 .data          0x000000000002d084        0x0 obj_cooja/mtype828.a(leds-arch.o)
 .data          0x000000000002d084        0x0 obj_cooja/mtype828.a(moteid.o)
 .data          0x000000000002d084        0x0 obj_cooja/mtype828.a(pir-sensor.o)
 .data          0x000000000002d084        0x0 obj_cooja/mtype828.a(rs232.o)
 .data          0x000000000002d084        0x0 obj_cooja/mtype828.a(vib-sensor.o)
 .data          0x000000000002d084        0x0 obj_cooja/mtype828.a(clock.o)
 .data          0x000000000002d084        0x0 obj_cooja/mtype828.a(log.o)
 .data          0x000000000002d084        0x0 obj_cooja/mtype828.a(cfs-cooja.o)
 .data          0x000000000002d084       0x38 obj_cooja/mtype828.a(cooja-radio.o)
                0x000000000002d084                simRadioChannel
                0x000000000002d088                simRadioChannelLR
                0x000000000002d08c                simRadioHWOn
                0x000000000002d08d                simRadioHWOnLR
                0x000000000002d090                simSignalStrength
                0x000000000002d094                simSignalStrengthLR
                0x000000000002d098                simLastSignalStrength
                0x000000000002d09c                simLastSignalStrengthLR
                0x000000000002d0a0                simPower
                0x000000000002d0a1                simPowerLR
                0x000000000002d0a4                simLQI
                0x000000000002d0a8                simLQILR
                0x000000000002d0ac                cooja_radio_process
 .data          0x000000000002d0bc        0x0 obj_cooja/mtype828.a(eeprom.o)
 .data          0x000000000002d0bc        0x0 obj_cooja/mtype828.a(random.o)
 .data          0x000000000002d0bc       0x10 obj_cooja/mtype828.a(sensors.o)
                0x000000000002d0bc                sensors_process
 .data          0x000000000002d0cc       0x24 obj_cooja/mtype828.a(dual_conf.o)
                0x000000000002d0cc                radio_received
                0x000000000002d0d0                dual_dio_broadcast
                0x000000000002d0e0                dual_dis_broadcast
 .data          0x000000000002d0f0        0x0 obj_cooja/mtype828.a(autostart.o)
 .data          0x000000000002d0f0       0x14 obj_cooja/mtype828.a(ctimer.o)
                0x000000000002d0f4                ctimer_process
 .data          0x000000000002d104       0x10 obj_cooja/mtype828.a(etimer.o)
                0x000000000002d104                etimer_process
 .data          0x000000000002d114        0x0 obj_cooja/mtype828.a(process.o)
 .data          0x000000000002d114        0x0 obj_cooja/mtype828.a(rtimer.o)
 .data          0x000000000002d114        0x0 obj_cooja/mtype828.a(timer.o)
 .data          0x000000000002d114       0x10 obj_cooja/mtype828.a(serial-line.o)
                0x000000000002d114                serial_line_process
 .data          0x000000000002d124        0x0 obj_cooja/mtype828.a(list.o)
 .data          0x000000000002d124        0x0 obj_cooja/mtype828.a(ringbuf.o)
 .data          0x000000000002d124        0x0 obj_cooja/mtype828.a(sicslowpan.o)
 .data          0x000000000002d124       0x14 obj_cooja/mtype828.a(uip-ds6-nbr.o)
                0x000000000002d134                ds6_neighbors
 .data          0x000000000002d138        0x0 obj_cooja/mtype828.a(uip-ds6.o)
 .data          0x000000000002d138        0x0 obj_cooja/mtype828.a(uip6.o)
 .data          0x000000000002d138       0x10 obj_cooja/mtype828.a(tcpip.o)
                0x000000000002d138                tcpip_process
 .data          0x000000000002d148        0x0 obj_cooja/mtype828.a(uip-debug.o)
 .data          0x000000000002d148        0xc obj_cooja/mtype828.a(uip-packetqueue)
 .data          0x000000000002d154       0x14 obj_cooja/mtype828.a(rpl-dag.o)
                0x000000000002d164                rpl_parents
 .data          0x000000000002d168        0x0 obj_cooja/mtype828.a(rpl-ext-header.)
 .data          0x000000000002d168       0x34 obj_cooja/mtype828.a(rpl-icmp6.o)
 .data          0x000000000002d19c       0x1c obj_cooja/mtype828.a(rpl-mrhof.o)
                0x000000000002d19c                rpl_mrhof
 .data          0x000000000002d1b8        0x0 obj_cooja/mtype828.a(rpl-timers.o)
 .data          0x000000000002d1b8        0x0 obj_cooja/mtype828.a(rpl.o)
 .data          0x000000000002d1b8        0x0 obj_cooja/mtype828.a(linkaddr.o)
 .data          0x000000000002d1b8       0x10 obj_cooja/mtype828.a(nbr-table.o)
 .data          0x000000000002d1c8        0x0 obj_cooja/mtype828.a(netstack.o)
 .data          0x000000000002d1c8        0x4 obj_cooja/mtype828.a(packetbuf.o)
 .data          0x000000000002d1cc       0x18 obj_cooja/mtype828.a(queuebuf.o)
 .data          0x000000000002d1e4        0x0 obj_cooja/mtype828.a(framer-802154.o)
 .data          0x000000000002d1e4        0x0 obj_cooja/mtype828.a(nullmac.o)
 .data          0x000000000002d1e4        0x0 obj_cooja/mtype828.a(nullrdc.o)
 .data          0x000000000002d1e4        0x0 obj_cooja/mtype828.a(nullsec.o)
 .data          0x000000000002d1e4        0x0 obj_cooja/mtype828.a(watchdog.o)
 .data          0x000000000002d1e4        0x0 obj_cooja/mtype828.a(rimestats.o)
 .data          0x000000000002d1e4        0x0 obj_cooja/mtype828.a(stimer.o)
 .data          0x000000000002d1e4        0x0 obj_cooja/mtype828.a(memb.o)
 .data          0x000000000002d1e4       0x44 obj_cooja/mtype828.a(uip-ds6-route.o)
                0x000000000002d1f4                nbr_routes
 .data          0x000000000002d228       0x20 obj_cooja/mtype828.a(uip-icmp6.o)
 .data          0x000000000002d248        0x0 obj_cooja/mtype828.a(uip-nd6.o)
 .data          0x000000000002d248        0x0 obj_cooja/mtype828.a(rpl-nbr-policy.)
 .data          0x000000000002d248        0x2 obj_cooja/mtype828.a(frame802154.o)
 .data          0x000000000002d24a        0x0 obj_cooja/mtype828.a(mac-sequence.o)
 .data          0x000000000002d24a        0x0 obj_cooja/mtype828.a(mac.o)
 .data          0x000000000002d24a        0x0 /usr/lib/gcc/i686-linux-gnu/4.8/crtendS.o
 .data          0x000000000002d24a        0x0 /usr/lib/gcc/i686-linux-gnu/4.8/../../../i386-linux-gnu/crtn.o

.tm_clone_table
                0x000000000002d24c        0x0
 .tm_clone_table
                0x000000000002d24c        0x0 /usr/lib/gcc/i686-linux-gnu/4.8/crtbeginS.o
 .tm_clone_table
                0x000000000002d24c        0x0 /usr/lib/gcc/i686-linux-gnu/4.8/crtendS.o

.data1
 *(.data1)
                0x000000000002d24c                _edata = .
                0x000000000002d24c                PROVIDE (edata, .)
                0x000000000002d24c                . = .
                0x000000000002d24c                __bss_start = .

.bss            0x000000000002d260     0x8048
 *(.dynbss)
 .dynbss        0x0000000000000000        0x0 /usr/lib/gcc/i686-linux-gnu/4.8/../../../i386-linux-gnu/crti.o
 *(.bss .bss.* .gnu.linkonce.b.*)
 .bss           0x000000000002d260        0x0 /usr/lib/gcc/i686-linux-gnu/4.8/../../../i386-linux-gnu/crti.o
 .bss           0x000000000002d260        0x1 /usr/lib/gcc/i686-linux-gnu/4.8/crtbeginS.o
 *fill*         0x000000000002d261        0x3 
 .bss           0x000000000002d264        0x4 udp-server.co
 *fill*         0x000000000002d268       0x18 
 .bss           0x000000000002d280     0x2030 obj_cooja/mtype828.o
 .bss           0x000000000002f2b0        0x1 obj_cooja/mtype828.a(simEnvChange.o)
                0x000000000002f2b0                simDontFallAsleep
 *fill*         0x000000000002f2b1        0x3 
 .bss           0x000000000002f2b4        0x4 obj_cooja/mtype828.a(cooja_mt.o)
 .bss           0x000000000002f2b8        0x4 obj_cooja/mtype828.a(cooja_mtarch.o)
 .bss           0x000000000002f2bc        0xc obj_cooja/mtype828.a(rtimer-arch.o)
 .bss           0x000000000002f2c8        0x0 obj_cooja/mtype828.a(beep.o)
 .bss           0x000000000002f2c8        0x8 obj_cooja/mtype828.a(button-sensor.o)
 .bss           0x000000000002f2d0        0x0 obj_cooja/mtype828.a(leds-arch.o)
 .bss           0x000000000002f2d0        0x0 obj_cooja/mtype828.a(moteid.o)
 .bss           0x000000000002f2d0        0x1 obj_cooja/mtype828.a(pir-sensor.o)
                0x000000000002f2d0                simPirValue
 *fill*         0x000000000002f2d1        0x3 
 .bss           0x000000000002f2d4        0x4 obj_cooja/mtype828.a(rs232.o)
 .bss           0x000000000002f2d8        0x1 obj_cooja/mtype828.a(vib-sensor.o)
                0x000000000002f2d8                simVibValue
 .bss           0x000000000002f2d9        0x0 obj_cooja/mtype828.a(clock.o)
 *fill*         0x000000000002f2d9        0x7 
 .bss           0x000000000002f2e0      0x420 obj_cooja/mtype828.a(log.o)
 .bss           0x000000000002f700      0xfc0 obj_cooja/mtype828.a(cfs-cooja.o)
                0x000000000002f700                simCFSData
                0x00000000000306a0                simCFSSize
                0x00000000000306a4                simCFSChanged
                0x00000000000306a8                simCFSRead
                0x00000000000306ac                simCFSWritten
 .bss           0x00000000000306c0       0x20 obj_cooja/mtype828.a(cooja-radio.o)
                0x00000000000306c0                simReceiving
                0x00000000000306c1                simReceivingLR
                0x00000000000306c4                simInSize
                0x00000000000306c8                simInSizeLR
                0x00000000000306cc                simOutSize
                0x00000000000306d0                simOutSizeLR
                0x00000000000306d4                LongRangeTransmit
                0x00000000000306d8                LongRangeReceiving
 .bss           0x00000000000306e0        0xc obj_cooja/mtype828.a(eeprom.o)
                0x00000000000306e0                simEEPROMChanged
                0x00000000000306e4                simEEPROMRead
                0x00000000000306e8                simEEPROMWritten
 .bss           0x00000000000306ec        0x0 obj_cooja/mtype828.a(random.o)
 .bss           0x00000000000306ec        0xc obj_cooja/mtype828.a(sensors.o)
 .bss           0x00000000000306f8       0x28 obj_cooja/mtype828.a(dual_conf.o)
                0x00000000000306f8                long_range_radio
 .bss           0x0000000000030720        0x0 obj_cooja/mtype828.a(autostart.o)
 .bss           0x0000000000030720        0x5 obj_cooja/mtype828.a(ctimer.o)
 *fill*         0x0000000000030725        0x3 
 .bss           0x0000000000030728        0x8 obj_cooja/mtype828.a(etimer.o)
 *fill*         0x0000000000030730       0x10 
 .bss           0x0000000000030740      0x1b1 obj_cooja/mtype828.a(process.o)
                0x0000000000030740                process_list
                0x0000000000030744                process_current
 *fill*         0x00000000000308f1        0x3 
 .bss           0x00000000000308f4        0x4 obj_cooja/mtype828.a(rtimer.o)
 .bss           0x00000000000308f8        0x0 obj_cooja/mtype828.a(timer.o)
 *fill*         0x00000000000308f8        0x8 
 .bss           0x0000000000030900      0x140 obj_cooja/mtype828.a(serial-line.o)
 .bss           0x0000000000030a40        0x0 obj_cooja/mtype828.a(list.o)
 .bss           0x0000000000030a40        0x0 obj_cooja/mtype828.a(ringbuf.o)
 .bss           0x0000000000030a40      0x70c obj_cooja/mtype828.a(sicslowpan.o)
 *fill*         0x000000000003114c       0x14 
 .bss           0x0000000000031160       0xf0 obj_cooja/mtype828.a(uip-ds6-nbr.o)
 .bss           0x0000000000031250       0x30 obj_cooja/mtype828.a(uip-ds6.o)
 .bss           0x0000000000031280        0xe obj_cooja/mtype828.a(uip6.o)
                0x0000000000031280                uip_ext_bitmap
                0x0000000000031281                uip_ext_len
                0x0000000000031282                uip_ext_opt_offset
 *fill*         0x000000000003128e       0x12 
 .bss           0x00000000000312a0       0x6a obj_cooja/mtype828.a(tcpip.o)
 .bss           0x000000000003130a        0x0 obj_cooja/mtype828.a(uip-debug.o)
 *fill*         0x000000000003130a       0x16 
 .bss           0x0000000000031320      0xcf8 obj_cooja/mtype828.a(uip-packetqueue)
 *fill*         0x0000000000032018        0x8 
 .bss           0x0000000000032020       0xa0 obj_cooja/mtype828.a(rpl-dag.o)
 .bss           0x00000000000320c0        0x0 obj_cooja/mtype828.a(rpl-ext-header.)
 .bss           0x00000000000320c0        0x0 obj_cooja/mtype828.a(rpl-icmp6.o)
 .bss           0x00000000000320c0        0x0 obj_cooja/mtype828.a(rpl-mrhof.o)
 .bss           0x00000000000320c0       0x23 obj_cooja/mtype828.a(rpl-timers.o)
 *fill*         0x00000000000320e3        0x1 
 .bss           0x00000000000320e4        0x4 obj_cooja/mtype828.a(rpl.o)
 .bss           0x00000000000320e8        0x0 obj_cooja/mtype828.a(linkaddr.o)
 *fill*         0x00000000000320e8       0x18 
 .bss           0x0000000000032100       0xdc obj_cooja/mtype828.a(nbr-table.o)
 .bss           0x00000000000321dc        0x0 obj_cooja/mtype828.a(netstack.o)
 *fill*         0x00000000000321dc        0x4 
 .bss           0x00000000000321e0       0xa0 obj_cooja/mtype828.a(packetbuf.o)
 .bss           0x0000000000032280      0xb80 obj_cooja/mtype828.a(queuebuf.o)
 .bss           0x0000000000032e00        0x2 obj_cooja/mtype828.a(framer-802154.o)
 .bss           0x0000000000032e02        0x0 obj_cooja/mtype828.a(nullmac.o)
 .bss           0x0000000000032e02        0x0 obj_cooja/mtype828.a(nullrdc.o)
 .bss           0x0000000000032e02        0x0 obj_cooja/mtype828.a(nullsec.o)
 .bss           0x0000000000032e02        0x0 obj_cooja/mtype828.a(watchdog.o)
 .bss           0x0000000000032e02        0x0 obj_cooja/mtype828.a(rimestats.o)
 .bss           0x0000000000032e02        0x0 obj_cooja/mtype828.a(stimer.o)
 .bss           0x0000000000032e02        0x0 obj_cooja/mtype828.a(memb.o)
 *fill*         0x0000000000032e02       0x1e 
 .bss           0x0000000000032e20      0x2a8 obj_cooja/mtype828.a(uip-ds6-route.o)
 .bss           0x00000000000330c8       0x18 obj_cooja/mtype828.a(uip-icmp6.o)
 .bss           0x00000000000330e0        0x0 obj_cooja/mtype828.a(uip-nd6.o)
 .bss           0x00000000000330e0       0x44 obj_cooja/mtype828.a(rpl-nbr-policy.)
 .bss           0x0000000000033124        0x0 obj_cooja/mtype828.a(frame802154.o)
 *fill*         0x0000000000033124       0x1c 
 .bss           0x0000000000033140       0x90 obj_cooja/mtype828.a(mac-sequence.o)
 .bss           0x00000000000331d0        0x0 obj_cooja/mtype828.a(mac.o)
 .bss           0x00000000000331d0        0x0 /usr/lib/gcc/i686-linux-gnu/4.8/crtendS.o
 .bss           0x00000000000331d0        0x0 /usr/lib/gcc/i686-linux-gnu/4.8/../../../i386-linux-gnu/crtn.o
 *(COMMON)
 COMMON         0x00000000000331d0        0x8 obj_cooja/mtype828.o
                0x00000000000331d0                referenceVar
                0x00000000000331d4                sensors_flags
 COMMON         0x00000000000331d8        0xc obj_cooja/mtype828.a(simEnvChange.o)
                0x00000000000331d8                simEtimerPending
                0x00000000000331dc                simProcessRunValue
                0x00000000000331e0                simNextExpirationTime
 COMMON         0x00000000000331e4        0x1 obj_cooja/mtype828.a(beep.o)
                0x00000000000331e4                simBeeped
 COMMON         0x00000000000331e5        0x3 obj_cooja/mtype828.a(button-sensor.o)
                0x00000000000331e5                simButtonIsActive
                0x00000000000331e6                simButtonIsDown
                0x00000000000331e7                simButtonChanged
 COMMON         0x00000000000331e8        0x1 obj_cooja/mtype828.a(leds-arch.o)
                0x00000000000331e8                simLedsValue
 *fill*         0x00000000000331e9        0x3 
 COMMON         0x00000000000331ec        0xc obj_cooja/mtype828.a(moteid.o)
                0x00000000000331ec                simRandomSeed
                0x00000000000331f0                simMoteIDChanged
                0x00000000000331f4                simMoteID
 COMMON         0x00000000000331f8        0x2 obj_cooja/mtype828.a(pir-sensor.o)
                0x00000000000331f8                simPirIsActive
                0x00000000000331f9                simPirChanged
 *fill*         0x00000000000331fa        0x6 
 COMMON         0x0000000000033200      0x820 obj_cooja/mtype828.a(rs232.o)
                0x0000000000033200                simSerialReceivingFlag
                0x0000000000033204                simSerialReceivingLength
                0x0000000000033220                simSerialReceivingData
 COMMON         0x0000000000033a20        0x2 obj_cooja/mtype828.a(vib-sensor.o)
                0x0000000000033a20                simVibChanged
                0x0000000000033a21                simVibIsActive
 *fill*         0x0000000000033a22        0x2 
 COMMON         0x0000000000033a24        0x4 obj_cooja/mtype828.a(clock.o)
                0x0000000000033a24                simCurrentTime
 *fill*         0x0000000000033a28       0x18 
 COMMON         0x0000000000033a40      0x420 obj_cooja/mtype828.a(log.o)
                0x0000000000033a40                simLoggedLength
                0x0000000000033a44                simLoggedFlag
                0x0000000000033a60                simLoggedData
 COMMON         0x0000000000033e60      0x200 obj_cooja/mtype828.a(cooja-radio.o)
                0x0000000000033e60                simOutDataBuffer
                0x0000000000033ee0                simInDataBufferLR
                0x0000000000033f60                simOutDataBufferLR
                0x0000000000033fe0                simInDataBuffer
 COMMON         0x0000000000034060      0x400 obj_cooja/mtype828.a(eeprom.o)
                0x0000000000034060                simEEPROMData
 COMMON         0x0000000000034460        0x1 obj_cooja/mtype828.a(sensors.o)
                0x0000000000034460                sensors_event
 COMMON         0x0000000000034461        0x1 obj_cooja/mtype828.a(serial-line.o)
                0x0000000000034461                serial_line_event_message
 *fill*         0x0000000000034462       0x1e 
 COMMON         0x0000000000034480       0x64 obj_cooja/mtype828.a(uip-ds6-nbr.o)
                0x0000000000034480                ds6_lr_addrmap
 *fill*         0x00000000000344e4       0x1c 
 COMMON         0x0000000000034500      0x298 obj_cooja/mtype828.a(uip-ds6.o)
                0x0000000000034500                uip_ds6_prefix_list
                0x0000000000034560                uip_ds6_timer_periodic
                0x0000000000034570                uip_ds6_netif_addr_list_offset
                0x0000000000034580                uip_ds6_if
                0x0000000000034678                uip_ds6_timer_ra
                0x0000000000034680                uip_ds6_addr_size
                0x00000000000346a0                long_uip_ds6_if
 *fill*         0x0000000000034798        0x8 
 COMMON         0x00000000000347a0      0x8ec obj_cooja/mtype828.a(uip6.o)
                0x00000000000347a0                uip_slen
                0x00000000000347a2                uip_acc32
                0x00000000000347c0                uip_conns
                0x0000000000034880                uip_lladdr
                0x0000000000034888                uip_appdata
                0x000000000003488c                uip_flags
                0x00000000000348a0                uip_aligned_buf
                0x0000000000034ee0                uip_listenports
                0x0000000000034ef0                uip_len
                0x0000000000034ef2                uip_long_lladdr
                0x0000000000034efc                uip_sappdata
                0x0000000000034f00                uip_udp_conns
                0x0000000000035080                uip_udp_conn
                0x0000000000035084                uip_next_hdr
                0x0000000000035088                uip_conn
 COMMON         0x000000000003508c        0x1 obj_cooja/mtype828.a(tcpip.o)
                0x000000000003508c                tcpip_event
 *fill*         0x000000000003508d       0x13 
 COMMON         0x00000000000350a0      0x170 obj_cooja/mtype828.a(rpl-dag.o)
                0x00000000000350a0                default_instance
                0x00000000000350c0                instance_table
 COMMON         0x0000000000035210       0x10 obj_cooja/mtype828.a(linkaddr.o)
                0x0000000000035210                linkaddr_node_addr
                0x0000000000035218                long_linkaddr_node_addr
 COMMON         0x0000000000035220       0x2e obj_cooja/mtype828.a(packetbuf.o)
                0x0000000000035220                packetbuf_attrs
                0x000000000003523e                packetbuf_addrs
 *fill*         0x000000000003524e       0x12 
 COMMON         0x0000000000035260       0x48 obj_cooja/mtype828.a(rimestats.o)
                0x0000000000035260                rimestats
                0x00000000000352a8                . = ALIGN ((. != 0x0)?0x4:0x1)
                0x00000000000352a8                . = ALIGN (0x4)
                0x00000000000352a8                . = SEGMENT_START ("ldata-segment", .)
                0x00000000000352a8                . = ALIGN (0x4)
                0x00000000000352a8                _end = .
                0x00000000000352a8                PROVIDE (end, .)
                0x00000000000352a8                . = DATA_SEGMENT_END (.)

.stab
 *(.stab)

.stabstr
 *(.stabstr)

.stab.excl
 *(.stab.excl)

.stab.exclstr
 *(.stab.exclstr)

.stab.index
 *(.stab.index)

.stab.indexstr
 *(.stab.indexstr)

.comment        0x0000000000000000       0x54
 *(.comment)
 .comment       0x0000000000000000       0x2b /usr/lib/gcc/i686-linux-gnu/4.8/crtbeginS.o
                                         0x2c (size before relaxing)
 .comment       0x0000000000000000       0x2c udp-server.co
 .comment       0x0000000000000000       0x2c obj_cooja/mtype828.o
 .comment       0x0000000000000000       0x2c obj_cooja/mtype828.a(simEnvChange.o)
 .comment       0x0000000000000000       0x2c obj_cooja/mtype828.a(cooja_mt.o)
 .comment       0x0000000000000000       0x2c obj_cooja/mtype828.a(cooja_mtarch.o)
 .comment       0x0000000000000000       0x2c obj_cooja/mtype828.a(rtimer-arch.o)
 .comment       0x0000000000000000       0x2c obj_cooja/mtype828.a(beep.o)
 .comment       0x0000000000000000       0x2c obj_cooja/mtype828.a(button-sensor.o)
 .comment       0x0000000000000000       0x2c obj_cooja/mtype828.a(leds-arch.o)
 .comment       0x0000000000000000       0x2c obj_cooja/mtype828.a(moteid.o)
 .comment       0x0000000000000000       0x2c obj_cooja/mtype828.a(pir-sensor.o)
 .comment       0x0000000000000000       0x2c obj_cooja/mtype828.a(rs232.o)
 .comment       0x0000000000000000       0x2c obj_cooja/mtype828.a(vib-sensor.o)
 .comment       0x0000000000000000       0x2c obj_cooja/mtype828.a(clock.o)
 .comment       0x0000000000000000       0x2c obj_cooja/mtype828.a(log.o)
 .comment       0x0000000000000000       0x2c obj_cooja/mtype828.a(cfs-cooja.o)
 .comment       0x0000000000000000       0x2c obj_cooja/mtype828.a(cooja-radio.o)
 .comment       0x0000000000000000       0x2c obj_cooja/mtype828.a(eeprom.o)
 .comment       0x0000000000000000       0x2c obj_cooja/mtype828.a(random.o)
 .comment       0x0000000000000000       0x2c obj_cooja/mtype828.a(sensors.o)
 .comment       0x0000000000000000       0x2c obj_cooja/mtype828.a(dual_conf.o)
 .comment       0x0000000000000000       0x2c obj_cooja/mtype828.a(autostart.o)
 .comment       0x0000000000000000       0x2c obj_cooja/mtype828.a(ctimer.o)
 .comment       0x0000000000000000       0x2c obj_cooja/mtype828.a(etimer.o)
 .comment       0x0000000000000000       0x2c obj_cooja/mtype828.a(process.o)
 .comment       0x0000000000000000       0x2c obj_cooja/mtype828.a(rtimer.o)
 .comment       0x0000000000000000       0x2c obj_cooja/mtype828.a(timer.o)
 .comment       0x0000000000000000       0x2c obj_cooja/mtype828.a(serial-line.o)
 .comment       0x000000000000002b       0x29 obj_cooja/mtype828.a(list.o)
                                         0x2a (size before relaxing)
 .comment       0x0000000000000000       0x2c obj_cooja/mtype828.a(ringbuf.o)
 .comment       0x0000000000000000       0x2c obj_cooja/mtype828.a(sicslowpan.o)
 .comment       0x0000000000000000       0x2c obj_cooja/mtype828.a(uip-ds6-nbr.o)
 .comment       0x0000000000000000       0x2c obj_cooja/mtype828.a(uip-ds6.o)
 .comment       0x0000000000000000       0x2c obj_cooja/mtype828.a(uip6.o)
 .comment       0x0000000000000000       0x2c obj_cooja/mtype828.a(tcpip.o)
 .comment       0x0000000000000000       0x2c obj_cooja/mtype828.a(uip-debug.o)
 .comment       0x0000000000000000       0x2c obj_cooja/mtype828.a(uip-packetqueue)
 .comment       0x0000000000000000       0x2c obj_cooja/mtype828.a(rpl-dag.o)
 .comment       0x0000000000000000       0x2c obj_cooja/mtype828.a(rpl-ext-header.)
 .comment       0x0000000000000000       0x2c obj_cooja/mtype828.a(rpl-icmp6.o)
 .comment       0x0000000000000000       0x2c obj_cooja/mtype828.a(rpl-mrhof.o)
 .comment       0x0000000000000000       0x2c obj_cooja/mtype828.a(rpl-timers.o)
 .comment       0x0000000000000000       0x2c obj_cooja/mtype828.a(rpl.o)
 .comment       0x0000000000000000       0x2c obj_cooja/mtype828.a(linkaddr.o)
 .comment       0x0000000000000000       0x2c obj_cooja/mtype828.a(nbr-table.o)
 .comment       0x0000000000000000       0x2c obj_cooja/mtype828.a(netstack.o)
 .comment       0x0000000000000000       0x2c obj_cooja/mtype828.a(packetbuf.o)
 .comment       0x0000000000000000       0x2c obj_cooja/mtype828.a(queuebuf.o)
 .comment       0x0000000000000000       0x2c obj_cooja/mtype828.a(framer-802154.o)
 .comment       0x0000000000000000       0x2c obj_cooja/mtype828.a(nullmac.o)
 .comment       0x0000000000000000       0x2c obj_cooja/mtype828.a(nullrdc.o)
 .comment       0x0000000000000000       0x2c obj_cooja/mtype828.a(nullsec.o)
 .comment       0x0000000000000000       0x2a obj_cooja/mtype828.a(watchdog.o)
 .comment       0x0000000000000000       0x2a obj_cooja/mtype828.a(rimestats.o)
 .comment       0x0000000000000000       0x2c obj_cooja/mtype828.a(stimer.o)
 .comment       0x0000000000000000       0x2c obj_cooja/mtype828.a(memb.o)
 .comment       0x0000000000000000       0x2c obj_cooja/mtype828.a(uip-ds6-route.o)
 .comment       0x0000000000000000       0x2c obj_cooja/mtype828.a(uip-icmp6.o)
 .comment       0x0000000000000000       0x2c obj_cooja/mtype828.a(uip-nd6.o)
 .comment       0x0000000000000000       0x2c obj_cooja/mtype828.a(rpl-nbr-policy.)
 .comment       0x0000000000000000       0x2c obj_cooja/mtype828.a(frame802154.o)
 .comment       0x0000000000000000       0x2c obj_cooja/mtype828.a(mac-sequence.o)
 .comment       0x0000000000000000       0x2c obj_cooja/mtype828.a(mac.o)
 .comment       0x0000000000000000       0x2c /usr/lib/gcc/i686-linux-gnu/4.8/crtendS.o

.debug
 *(.debug)

.line
 *(.line)

.debug_srcinfo
 *(.debug_srcinfo)

.debug_sfnames
 *(.debug_sfnames)

.debug_aranges  0x0000000000000000      0x7d8
 *(.debug_aranges)
 .debug_aranges
                0x0000000000000000       0x20 udp-server.co
 .debug_aranges
                0x0000000000000020       0x20 obj_cooja/mtype828.o
 .debug_aranges
                0x0000000000000040       0x20 obj_cooja/mtype828.a(simEnvChange.o)
 .debug_aranges
                0x0000000000000060       0x20 obj_cooja/mtype828.a(cooja_mt.o)
 .debug_aranges
                0x0000000000000080       0x20 obj_cooja/mtype828.a(cooja_mtarch.o)
 .debug_aranges
                0x00000000000000a0       0x20 obj_cooja/mtype828.a(rtimer-arch.o)
 .debug_aranges
                0x00000000000000c0       0x20 obj_cooja/mtype828.a(beep.o)
 .debug_aranges
                0x00000000000000e0       0x20 obj_cooja/mtype828.a(button-sensor.o)
 .debug_aranges
                0x0000000000000100       0x20 obj_cooja/mtype828.a(leds-arch.o)
 .debug_aranges
                0x0000000000000120       0x20 obj_cooja/mtype828.a(moteid.o)
 .debug_aranges
                0x0000000000000140       0x20 obj_cooja/mtype828.a(pir-sensor.o)
 .debug_aranges
                0x0000000000000160       0x20 obj_cooja/mtype828.a(rs232.o)
 .debug_aranges
                0x0000000000000180       0x20 obj_cooja/mtype828.a(vib-sensor.o)
 .debug_aranges
                0x00000000000001a0       0x20 obj_cooja/mtype828.a(clock.o)
 .debug_aranges
                0x00000000000001c0       0x20 obj_cooja/mtype828.a(log.o)
 .debug_aranges
                0x00000000000001e0       0x20 obj_cooja/mtype828.a(cfs-cooja.o)
 .debug_aranges
                0x0000000000000200       0x20 obj_cooja/mtype828.a(cooja-radio.o)
 .debug_aranges
                0x0000000000000220       0x20 obj_cooja/mtype828.a(eeprom.o)
 .debug_aranges
                0x0000000000000240       0x20 obj_cooja/mtype828.a(random.o)
 .debug_aranges
                0x0000000000000260       0x20 obj_cooja/mtype828.a(sensors.o)
 .debug_aranges
                0x0000000000000280       0x20 obj_cooja/mtype828.a(dual_conf.o)
 .debug_aranges
                0x00000000000002a0       0x20 obj_cooja/mtype828.a(autostart.o)
 .debug_aranges
                0x00000000000002c0       0x20 obj_cooja/mtype828.a(ctimer.o)
 .debug_aranges
                0x00000000000002e0       0x20 obj_cooja/mtype828.a(etimer.o)
 .debug_aranges
                0x0000000000000300       0x20 obj_cooja/mtype828.a(process.o)
 .debug_aranges
                0x0000000000000320       0x20 obj_cooja/mtype828.a(rtimer.o)
 .debug_aranges
                0x0000000000000340       0x20 obj_cooja/mtype828.a(timer.o)
 .debug_aranges
                0x0000000000000360       0x20 obj_cooja/mtype828.a(serial-line.o)
 .debug_aranges
                0x0000000000000380       0x20 obj_cooja/mtype828.a(list.o)
 .debug_aranges
                0x00000000000003a0       0x20 obj_cooja/mtype828.a(ringbuf.o)
 .debug_aranges
                0x00000000000003c0       0x20 obj_cooja/mtype828.a(sicslowpan.o)
 .debug_aranges
                0x00000000000003e0       0x20 obj_cooja/mtype828.a(uip-ds6-nbr.o)
 .debug_aranges
                0x0000000000000400       0x20 obj_cooja/mtype828.a(uip-ds6.o)
 .debug_aranges
                0x0000000000000420       0x20 obj_cooja/mtype828.a(uip6.o)
 .debug_aranges
                0x0000000000000440       0x20 obj_cooja/mtype828.a(tcpip.o)
 .debug_aranges
                0x0000000000000460       0x20 obj_cooja/mtype828.a(uip-debug.o)
 .debug_aranges
                0x0000000000000480       0x20 obj_cooja/mtype828.a(uip-packetqueue)
 .debug_aranges
                0x00000000000004a0       0x20 obj_cooja/mtype828.a(rpl-dag.o)
 .debug_aranges
                0x00000000000004c0       0x20 obj_cooja/mtype828.a(rpl-ext-header.)
 .debug_aranges
                0x00000000000004e0       0x20 obj_cooja/mtype828.a(rpl-icmp6.o)
 .debug_aranges
                0x0000000000000500       0x20 obj_cooja/mtype828.a(rpl-mrhof.o)
 .debug_aranges
                0x0000000000000520       0x20 obj_cooja/mtype828.a(rpl-timers.o)
 .debug_aranges
                0x0000000000000540       0x20 obj_cooja/mtype828.a(rpl.o)
 .debug_aranges
                0x0000000000000560       0x20 obj_cooja/mtype828.a(linkaddr.o)
 .debug_aranges
                0x0000000000000580       0x20 obj_cooja/mtype828.a(nbr-table.o)
 .debug_aranges
                0x00000000000005a0       0x20 obj_cooja/mtype828.a(netstack.o)
 .debug_aranges
                0x00000000000005c0       0x20 obj_cooja/mtype828.a(packetbuf.o)
 .debug_aranges
                0x00000000000005e0       0x20 obj_cooja/mtype828.a(queuebuf.o)
 .debug_aranges
                0x0000000000000600       0x20 obj_cooja/mtype828.a(framer-802154.o)
 .debug_aranges
                0x0000000000000620       0x20 obj_cooja/mtype828.a(nullmac.o)
 .debug_aranges
                0x0000000000000640       0x20 obj_cooja/mtype828.a(nullrdc.o)
 .debug_aranges
                0x0000000000000660       0x20 obj_cooja/mtype828.a(nullsec.o)
 .debug_aranges
                0x0000000000000680       0x20 obj_cooja/mtype828.a(watchdog.o)
 .debug_aranges
                0x00000000000006a0       0x18 obj_cooja/mtype828.a(rimestats.o)
 .debug_aranges
                0x00000000000006b8       0x20 obj_cooja/mtype828.a(stimer.o)
 .debug_aranges
                0x00000000000006d8       0x20 obj_cooja/mtype828.a(memb.o)
 .debug_aranges
                0x00000000000006f8       0x20 obj_cooja/mtype828.a(uip-ds6-route.o)
 .debug_aranges
                0x0000000000000718       0x20 obj_cooja/mtype828.a(uip-icmp6.o)
 .debug_aranges
                0x0000000000000738       0x20 obj_cooja/mtype828.a(uip-nd6.o)
 .debug_aranges
                0x0000000000000758       0x20 obj_cooja/mtype828.a(rpl-nbr-policy.)
 .debug_aranges
                0x0000000000000778       0x20 obj_cooja/mtype828.a(frame802154.o)
 .debug_aranges
                0x0000000000000798       0x20 obj_cooja/mtype828.a(mac-sequence.o)
 .debug_aranges
                0x00000000000007b8       0x20 obj_cooja/mtype828.a(mac.o)

.debug_pubnames
 *(.debug_pubnames)

.debug_info     0x0000000000000000    0x1b149
 *(.debug_info .gnu.linkonce.wi.*)
 .debug_info    0x0000000000000000      0xddf udp-server.co
 .debug_info    0x0000000000000ddf     0x3771 obj_cooja/mtype828.o
 .debug_info    0x0000000000004550      0x15a obj_cooja/mtype828.a(simEnvChange.o)
 .debug_info    0x00000000000046aa      0x1e2 obj_cooja/mtype828.a(cooja_mt.o)
 .debug_info    0x000000000000488c      0x2e7 obj_cooja/mtype828.a(cooja_mtarch.o)
 .debug_info    0x0000000000004b73      0x16b obj_cooja/mtype828.a(rtimer-arch.o)
 .debug_info    0x0000000000004cde      0x1f3 obj_cooja/mtype828.a(beep.o)
 .debug_info    0x0000000000004ed1      0x257 obj_cooja/mtype828.a(button-sensor.o)
 .debug_info    0x0000000000005128      0x132 obj_cooja/mtype828.a(leds-arch.o)
 .debug_info    0x000000000000525a      0x10a obj_cooja/mtype828.a(moteid.o)
 .debug_info    0x0000000000005364      0x216 obj_cooja/mtype828.a(pir-sensor.o)
 .debug_info    0x000000000000557a      0x21e obj_cooja/mtype828.a(rs232.o)
 .debug_info    0x0000000000005798      0x216 obj_cooja/mtype828.a(vib-sensor.o)
 .debug_info    0x00000000000059ae      0x152 obj_cooja/mtype828.a(clock.o)
 .debug_info    0x0000000000005b00      0x2bb obj_cooja/mtype828.a(log.o)
 .debug_info    0x0000000000005dbb      0x3cf obj_cooja/mtype828.a(cfs-cooja.o)
 .debug_info    0x000000000000618a      0xcb3 obj_cooja/mtype828.a(cooja-radio.o)
 .debug_info    0x0000000000006e3d      0x1d5 obj_cooja/mtype828.a(eeprom.o)
 .debug_info    0x0000000000007012       0xb3 obj_cooja/mtype828.a(random.o)
 .debug_info    0x00000000000070c5      0x36d obj_cooja/mtype828.a(sensors.o)
 .debug_info    0x0000000000007432      0x99d obj_cooja/mtype828.a(dual_conf.o)
 .debug_info    0x0000000000007dcf      0x1a5 obj_cooja/mtype828.a(autostart.o)
 .debug_info    0x0000000000007f74      0x46c obj_cooja/mtype828.a(ctimer.o)
 .debug_info    0x00000000000083e0      0x49c obj_cooja/mtype828.a(etimer.o)
 .debug_info    0x000000000000887c      0x4ba obj_cooja/mtype828.a(process.o)
 .debug_info    0x0000000000008d36      0x1ab obj_cooja/mtype828.a(rtimer.o)
 .debug_info    0x0000000000008ee1      0x16c obj_cooja/mtype828.a(timer.o)
 .debug_info    0x000000000000904d      0x2de obj_cooja/mtype828.a(serial-line.o)
 .debug_info    0x000000000000932b      0x2ed obj_cooja/mtype828.a(list.o)
 .debug_info    0x0000000000009618      0x1aa obj_cooja/mtype828.a(ringbuf.o)
 .debug_info    0x00000000000097c2     0x105d obj_cooja/mtype828.a(sicslowpan.o)
 .debug_info    0x000000000000a81f      0x8c7 obj_cooja/mtype828.a(uip-ds6-nbr.o)
 .debug_info    0x000000000000b0e6      0xc19 obj_cooja/mtype828.a(uip-ds6.o)
 .debug_info    0x000000000000bcff      0xea0 obj_cooja/mtype828.a(uip6.o)
 .debug_info    0x000000000000cb9f     0x14b3 obj_cooja/mtype828.a(tcpip.o)
 .debug_info    0x000000000000e052      0x1b5 obj_cooja/mtype828.a(uip-debug.o)
 .debug_info    0x000000000000e207      0x470 obj_cooja/mtype828.a(uip-packetqueue)
 .debug_info    0x000000000000e677     0x18f4 obj_cooja/mtype828.a(rpl-dag.o)
 .debug_info    0x000000000000ff6b      0xe2b obj_cooja/mtype828.a(rpl-ext-header.)
 .debug_info    0x0000000000010d96     0x1746 obj_cooja/mtype828.a(rpl-icmp6.o)
 .debug_info    0x00000000000124dc      0xacc obj_cooja/mtype828.a(rpl-mrhof.o)
 .debug_info    0x0000000000012fa8      0xbeb obj_cooja/mtype828.a(rpl-timers.o)
 .debug_info    0x0000000000013b93      0xcde obj_cooja/mtype828.a(rpl.o)
 .debug_info    0x0000000000014871      0x198 obj_cooja/mtype828.a(linkaddr.o)
 .debug_info    0x0000000000014a09      0x9c3 obj_cooja/mtype828.a(nbr-table.o)
 .debug_info    0x00000000000153cc      0x4b9 obj_cooja/mtype828.a(netstack.o)
 .debug_info    0x0000000000015885      0x478 obj_cooja/mtype828.a(packetbuf.o)
 .debug_info    0x0000000000015cfd      0x57d obj_cooja/mtype828.a(queuebuf.o)
 .debug_info    0x000000000001627a      0x5ed obj_cooja/mtype828.a(framer-802154.o)
 .debug_info    0x0000000000016867      0x3d5 obj_cooja/mtype828.a(nullmac.o)
 .debug_info    0x0000000000016c3c      0xc8e obj_cooja/mtype828.a(nullrdc.o)
 .debug_info    0x00000000000178ca      0x3b7 obj_cooja/mtype828.a(nullsec.o)
 .debug_info    0x0000000000017c81       0x7b obj_cooja/mtype828.a(watchdog.o)
 .debug_info    0x0000000000017cfc      0x119 obj_cooja/mtype828.a(rimestats.o)
 .debug_info    0x0000000000017e15      0x179 obj_cooja/mtype828.a(stimer.o)
 .debug_info    0x0000000000017f8e      0x1d7 obj_cooja/mtype828.a(memb.o)
 .debug_info    0x0000000000018165      0xd30 obj_cooja/mtype828.a(uip-ds6-route.o)
 .debug_info    0x0000000000018e95      0x784 obj_cooja/mtype828.a(uip-icmp6.o)
 .debug_info    0x0000000000019619      0x331 obj_cooja/mtype828.a(uip-nd6.o)
 .debug_info    0x000000000001994a      0xda2 obj_cooja/mtype828.a(rpl-nbr-policy.)
 .debug_info    0x000000000001a6ec      0x6b4 obj_cooja/mtype828.a(frame802154.o)
 .debug_info    0x000000000001ada0      0x297 obj_cooja/mtype828.a(mac-sequence.o)
 .debug_info    0x000000000001b037      0x112 obj_cooja/mtype828.a(mac.o)

.debug_abbrev   0x0000000000000000     0x658c
 *(.debug_abbrev)
 .debug_abbrev  0x0000000000000000      0x227 udp-server.co
 .debug_abbrev  0x0000000000000227      0x2b3 obj_cooja/mtype828.o
 .debug_abbrev  0x00000000000004da       0xc3 obj_cooja/mtype828.a(simEnvChange.o)
 .debug_abbrev  0x000000000000059d       0xe6 obj_cooja/mtype828.a(cooja_mt.o)
 .debug_abbrev  0x0000000000000683      0x147 obj_cooja/mtype828.a(cooja_mtarch.o)
 .debug_abbrev  0x00000000000007ca       0xcc obj_cooja/mtype828.a(rtimer-arch.o)
 .debug_abbrev  0x0000000000000896       0xe3 obj_cooja/mtype828.a(beep.o)
 .debug_abbrev  0x0000000000000979      0x11c obj_cooja/mtype828.a(button-sensor.o)
 .debug_abbrev  0x0000000000000a95       0xe1 obj_cooja/mtype828.a(leds-arch.o)
 .debug_abbrev  0x0000000000000b76       0x9c obj_cooja/mtype828.a(moteid.o)
 .debug_abbrev  0x0000000000000c12       0xe6 obj_cooja/mtype828.a(pir-sensor.o)
 .debug_abbrev  0x0000000000000cf8      0x14a obj_cooja/mtype828.a(rs232.o)
 .debug_abbrev  0x0000000000000e42       0xe6 obj_cooja/mtype828.a(vib-sensor.o)