Archive member included to satisfy reference by file (symbol)

obj_cooja/mtype536.a(simEnvChange.o)
                              obj_cooja/mtype536.o (simDontFallAsleep)
obj_cooja/mtype536.a(cooja_mt.o)
                              obj_cooja/mtype536.o (cooja_mt_start)
obj_cooja/mtype536.a(cooja_mtarch.o)
                              obj_cooja/mtype536.a(cooja_mt.o) (cooja_mtarch_init)
obj_cooja/mtype536.a(rtimer-arch.o)
                              obj_cooja/mtype536.o (rtimer_arch_next)
obj_cooja/mtype536.a(beep.o)  obj_cooja/mtype536.o (beep_interface)
obj_cooja/mtype536.a(button-sensor.o)
                              obj_cooja/mtype536.o (button_interface)
obj_cooja/mtype536.a(leds-arch.o)
                              obj_cooja/mtype536.o (leds_interface)
obj_cooja/mtype536.a(moteid.o)
                              obj_cooja/mtype536.o (moteid_interface)
obj_cooja/mtype536.a(pir-sensor.o)
                              obj_cooja/mtype536.o (pir_interface)
obj_cooja/mtype536.a(rs232.o)
                              obj_cooja/mtype536.o (rs232_interface)
obj_cooja/mtype536.a(vib-sensor.o)
                              obj_cooja/mtype536.o (vib_interface)
obj_cooja/mtype536.a(clock.o)
                              obj_cooja/mtype536.o (clock_interface)
obj_cooja/mtype536.a(log.o)   obj_cooja/mtype536.o (simlog_interface)
obj_cooja/mtype536.a(cfs-cooja.o)
                              obj_cooja/mtype536.o (cfs_interface)
obj_cooja/mtype536.a(cooja-radio.o)
                              obj_cooja/mtype536.o (radio_interface)
obj_cooja/mtype536.a(eeprom.o)
                              obj_cooja/mtype536.o (eeprom_interface)
obj_cooja/mtype536.a(random.o)
                              obj_cooja/mtype536.a(moteid.o) (random_init)
obj_cooja/mtype536.a(sensors.o)
                              udp-server.co (sensors_event)
obj_cooja/mtype536.a(dual_conf.o)
                              obj_cooja/mtype536.a(cooja-radio.o) (long_range_radio)
obj_cooja/mtype536.a(autostart.o)
                              obj_cooja/mtype536.o (autostart_start)
obj_cooja/mtype536.a(ctimer.o)
                              obj_cooja/mtype536.o (ctimer_init)
obj_cooja/mtype536.a(etimer.o)
                              obj_cooja/mtype536.o (etimer_process)
obj_cooja/mtype536.a(process.o)
                              udp-server.co (process_current)
obj_cooja/mtype536.a(rtimer.o)
                              obj_cooja/mtype536.a(rtimer-arch.o) (rtimer_run_next)
obj_cooja/mtype536.a(timer.o)
                              obj_cooja/mtype536.a(button-sensor.o) (timer_set)
obj_cooja/mtype536.a(serial-line.o)
                              obj_cooja/mtype536.a(rs232.o) (serial_line_input_byte)
obj_cooja/mtype536.a(list.o)  obj_cooja/mtype536.a(ctimer.o) (list_init)
obj_cooja/mtype536.a(ringbuf.o)
                              obj_cooja/mtype536.a(serial-line.o) (ringbuf_init)
obj_cooja/mtype536.a(sicslowpan.o)
                              obj_cooja/mtype536.o (sicslowpan_driver)
obj_cooja/mtype536.a(uip-ds6-nbr.o)
                              obj_cooja/mtype536.a(sicslowpan.o) (uip_ds6_link_neighbor_callback)
obj_cooja/mtype536.a(uip-ds6.o)
                              udp-server.co (uip_ds6_if)
obj_cooja/mtype536.a(uip6.o)  obj_cooja/mtype536.o (uip_lladdr)
obj_cooja/mtype536.a(tcpip.o)
                              udp-server.co (tcpip_event)
obj_cooja/mtype536.a(uip-debug.o)
                              udp-server.co (uip_debug_ipaddr_print)
obj_cooja/mtype536.a(uip-packetqueue)
                              obj_cooja/mtype536.a(uip-ds6-nbr.o) (uip_packetqueue_new)
obj_cooja/mtype536.a(rpl-dag.o)
                              udp-server.co (rpl_set_root)
obj_cooja/mtype536.a(rpl-ext-header.)
                              obj_cooja/mtype536.a(uip6.o) (rpl_verify_header)
obj_cooja/mtype536.a(rpl-icmp6.o)
                              obj_cooja/mtype536.a(rpl-dag.o) (rpl_icmp6_update_nbr_table)
obj_cooja/mtype536.a(rpl-mrhof.o)
                              obj_cooja/mtype536.a(rpl-dag.o) (rpl_mrhof)
obj_cooja/mtype536.a(rpl-timers.o)
                              obj_cooja/mtype536.a(rpl-dag.o) (rpl_reset_dio_timer)
obj_cooja/mtype536.a(rpl.o)   obj_cooja/mtype536.a(rpl-icmp6.o) (rpl_get_mode)
obj_cooja/mtype536.a(linkaddr.o)
                              obj_cooja/mtype536.o (linkaddr_node_addr)
obj_cooja/mtype536.a(nbr-table.o)
                              obj_cooja/mtype536.a(uip-ds6-nbr.o) (nbr_table_register)
obj_cooja/mtype536.a(netstack.o)
                              obj_cooja/mtype536.o (netstack_init)
obj_cooja/mtype536.a(packetbuf.o)
                              obj_cooja/mtype536.a(cooja-radio.o) (packetbuf_attrs)
obj_cooja/mtype536.a(queuebuf.o)
                              obj_cooja/mtype536.o (queuebuf_init)
obj_cooja/mtype536.a(csma.o)  udp-server.co (csma_driver)
obj_cooja/mtype536.a(framer-802154.o)
                              obj_cooja/mtype536.a(sicslowpan.o) (framer_802154)
[...]
Memory Configuration

Name             Origin             Length             Attributes
*default*        0x0000000000000000 0xffffffffffffffff

Linker script and memory map

LOAD /usr/lib/gcc/i686-linux-gnu/4.8/../../../i386-linux-gnu/crti.o
LOAD /usr/lib/gcc/i686-linux-gnu/4.8/crtbeginS.o
LOAD udp-server.co
LOAD obj_cooja/mtype536.o
LOAD obj_cooja/mtype536.a
LOAD /usr/lib/gcc/i686-linux-gnu/4.8/libgcc.a
LOAD /usr/lib/gcc/i686-linux-gnu/4.8/libgcc_s.so
LOAD /usr/lib/gcc/i686-linux-gnu/4.8/../../../i386-linux-gnu/libc.so
START GROUP
LOAD /lib/i386-linux-gnu/libc.so.6
LOAD /usr/lib/i386-linux-gnu/libc_nonshared.a
LOAD /lib/i386-linux-gnu/ld-linux.so.2
END GROUP
LOAD /usr/lib/gcc/i686-linux-gnu/4.8/libgcc.a
LOAD /usr/lib/gcc/i686-linux-gnu/4.8/libgcc_s.so
LOAD /usr/lib/gcc/i686-linux-gnu/4.8/crtendS.o
LOAD /usr/lib/gcc/i686-linux-gnu/4.8/../../../i386-linux-gnu/crtn.o
                0x0000000000000114                . = (0x0 + SIZEOF_HEADERS)

.note.gnu.build-id
                0x0000000000000114       0x24
 *(.note.gnu.build-id)
 .note.gnu.build-id
                0x0000000000000114       0x24 /usr/lib/gcc/i686-linux-gnu/4.8/../../../i386-linux-gnu/crti.o

.hash
 *(.hash)

.gnu.hash       0x0000000000000138      0xe48
 *(.gnu.hash)
 .gnu.hash      0x0000000000000138      0xe48 /usr/lib/gcc/i686-linux-gnu/4.8/../../../i386-linux-gnu/crti.o

.dynsym         0x0000000000000f80     0x2170
 *(.dynsym)
 .dynsym        0x0000000000000f80     0x2170 /usr/lib/gcc/i686-linux-gnu/4.8/../../../i386-linux-gnu/crti.o

.dynstr         0x00000000000030f0     0x2271
 *(.dynstr)
 .dynstr        0x00000000000030f0     0x2271 /usr/lib/gcc/i686-linux-gnu/4.8/../../../i386-linux-gnu/crti.o

.gnu.version    0x0000000000005362      0x42e
 *(.gnu.version)
 .gnu.version   0x0000000000005362      0x42e /usr/lib/gcc/i686-linux-gnu/4.8/../../../i386-linux-gnu/crti.o

.gnu.version_d  0x0000000000005790        0x0
 *(.gnu.version_d)
 .gnu.version_d
                0x0000000000000000        0x0 /usr/lib/gcc/i686-linux-gnu/4.8/../../../i386-linux-gnu/crti.o

.gnu.version_r  0x0000000000005790       0x40
 *(.gnu.version_r)
 .gnu.version_r
                0x0000000000005790       0x40 /usr/lib/gcc/i686-linux-gnu/4.8/../../../i386-linux-gnu/crti.o

.rel.dyn        0x00000000000057d0     0x9770
 *(.rel.init)
 .rel.init      0x0000000000000000        0x0 /usr/lib/gcc/i686-linux-gnu/4.8/../../../i386-linux-gnu/crti.o
 *(.rel.text .rel.text.* .rel.gnu.linkonce.t.*)
 .rel.text      0x00000000000057d0     0x8fd0 /usr/lib/gcc/i686-linux-gnu/4.8/../../../i386-linux-gnu/crti.o
 *(.rel.fini)
 .rel.fini      0x0000000000000000        0x0 /usr/lib/gcc/i686-linux-gnu/4.8/../../../i386-linux-gnu/crti.o
 *(.rel.rodata .rel.rodata.* .rel.gnu.linkonce.r.*)
 .rel.rodata    0x000000000000e7a0      0x4e0 /usr/lib/gcc/i686-linux-gnu/4.8/../../../i386-linux-gnu/crti.o
 *(.rel.data.rel.ro .rel.data.rel.ro.* .rel.gnu.linkonce.d.rel.ro.*)
 *(.rel.data .rel.data.* .rel.gnu.linkonce.d.*)
 .rel.data.rel  0x000000000000ec80        0x8 /usr/lib/gcc/i686-linux-gnu/4.8/../../../i386-linux-gnu/crti.o
 .rel.data      0x000000000000ec88      0x280 /usr/lib/gcc/i686-linux-gnu/4.8/../../../i386-linux-gnu/crti.o
 *(.rel.tdata .rel.tdata.* .rel.gnu.linkonce.td.*)
 *(.rel.tbss .rel.tbss.* .rel.gnu.linkonce.tb.*)
 *(.rel.ctors)
 *(.rel.dtors)
 *(.rel.got)
 .rel.got       0x000000000000ef08       0x28 /usr/lib/gcc/i686-linux-gnu/4.8/../../../i386-linux-gnu/crti.o
 *(.rel.bss .rel.bss.* .rel.gnu.linkonce.b.*)
 *(.rel.ifunc)
 .rel.ifunc     0x0000000000000000        0x0 /usr/lib/gcc/i686-linux-gnu/4.8/../../../i386-linux-gnu/crti.o
 .rel.fini_array
                0x000000000000ef30        0x8 /usr/lib/gcc/i686-linux-gnu/4.8/../../../i386-linux-gnu/crti.o
 .rel.init_array
                0x000000000000ef38        0x8 /usr/lib/gcc/i686-linux-gnu/4.8/../../../i386-linux-gnu/crti.o

.rel.plt        0x000000000000ef40       0x10
 *(.rel.plt)
 .rel.plt       0x000000000000ef40       0x10 /usr/lib/gcc/i686-linux-gnu/4.8/../../../i386-linux-gnu/crti.o
 *(.rel.iplt)

.init           0x000000000000ef50       0x23
 *(SORT(.init))
 .init          0x000000000000ef50       0x1e /usr/lib/gcc/i686-linux-gnu/4.8/../../../i386-linux-gnu/crti.o
                0x000000000000ef50                _init
 .init          0x000000000000ef6e        0x5 /usr/lib/gcc/i686-linux-gnu/4.8/../../../i386-linux-gnu/crtn.o

.plt            0x000000000000ef80       0x30
 *(.plt)
 .plt           0x000000000000ef80       0x30 /usr/lib/gcc/i686-linux-gnu/4.8/../../../i386-linux-gnu/crti.o
 *(.iplt)

.text           0x000000000000efb0    0x158db
 *(.text.unlikely .text.*_unlikely .text.unlikely.*)
 *(.text.exit .text.exit.*)
 *(.text.startup .text.startup.*)
 *(.text.hot .text.hot.*)
 *(.text .stub .text.* .gnu.linkonce.t.*)
 .text          0x000000000000efb0        0x0 /usr/lib/gcc/i686-linux-gnu/4.8/../../../i386-linux-gnu/crti.o
 .gnu.linkonce.t.__x86.get_pc_thunk.bx
                0x000000000000efb0        0x4 /usr/lib/gcc/i686-linux-gnu/4.8/../../../i386-linux-gnu/crti.o
                0x000000000000efb0                __x86.get_pc_thunk.bx
 *fill*         0x000000000000efb4        0xc 
 .text          0x000000000000efc0      0x11b /usr/lib/gcc/i686-linux-gnu/4.8/crtbeginS.o
 .text          0x000000000000f0db      0x3e4 udp-server.co
 .text          0x000000000000f4bf      0x70e obj_cooja/mtype536.o
                0x000000000000f5f5                contiki_init
                0x000000000000f9e4                Java_org_contikios_cooja_corecomm_Lib1_init
                0x000000000000fa24                Java_org_contikios_cooja_corecomm_Lib1_getMemory
                0x000000000000fa64                Java_org_contikios_cooja_corecomm_Lib1_setMemory
                0x000000000000fadb                Java_org_contikios_cooja_corecomm_Lib1_tick
                0x000000000000fbbb                Java_org_contikios_cooja_corecomm_Lib1_setReferenceAddress
 .text          0x000000000000fbcd       0x63 obj_cooja/mtype536.a(simEnvChange.o)
                0x000000000000fbcd                doActionsBeforeTick
                0x000000000000fbfe                doActionsAfterTick
 .text          0x000000000000fc30       0xbc obj_cooja/mtype536.a(cooja_mt.o)
                0x000000000000fc30                cooja_mt_init
                0x000000000000fc3d                cooja_mt_remove
                0x000000000000fc4a                cooja_mt_start
                0x000000000000fc77                cooja_mt_exec
                0x000000000000fca8                cooja_mt_exit
                0x000000000000fcca                cooja_mt_yield
 .text          0x000000000000fcec      0x115 obj_cooja/mtype536.a(cooja_mtarch.o)
                0x000000000000fcec                cooja_mtarch_init
                0x000000000000fcf1                cooja_mtarch_start
                0x000000000000fd6c                cooja_sw
                0x000000000000fd8e                cooja_mtarch_exec
                0x000000000000fdaa                cooja_mtarch_remove
                0x000000000000fdaf                cooja_mtarch_yield
                0x000000000000fdb9                cooja_mtarch_pstop
                0x000000000000fdbe                cooja_mtarch_pstart
                0x000000000000fdc3                cooja_mtarch_stack_usage
 .text          0x000000000000fe01       0xc2 obj_cooja/mtype536.a(rtimer-arch.o)
                0x000000000000fe01                rtimer_arch_init
                0x000000000000fe24                rtimer_arch_schedule
                0x000000000000fe3b                rtimer_arch_next
                0x000000000000fe45                rtimer_arch_pending
                0x000000000000fe4f                rtimer_arch_check
                0x000000000000fe81                rtimer_arch_now
 .text          0x000000000000fec3       0x76 obj_cooja/mtype536.a(beep.o)
                0x000000000000fec3                beep_alarm
                0x000000000000fecf                beep_beep
                0x000000000000fedb                beep
                0x000000000000fee7                beep_down
                0x000000000000fef3                beep_on
                0x000000000000feff                beep_off
                0x000000000000ff0b                beep_spinup
                0x000000000000ff17                beep_quick
                0x000000000000ff23                beep_long
 .text          0x000000000000ff39      0x103 obj_cooja/mtype536.a(button-sensor.o)
 .text          0x000000000001003c       0x45 obj_cooja/mtype536.a(leds-arch.o)
                0x000000000001003c                leds_arch_init
                0x0000000000010048                leds_arch_get
                0x0000000000010054                leds_arch_set
 .text          0x0000000000010081       0x2f obj_cooja/mtype536.a(moteid.o)
 .text          0x00000000000100b0       0xb1 obj_cooja/mtype536.a(pir-sensor.o)
 .text          0x0000000000010161      0x131 obj_cooja/mtype536.a(rs232.o)
                0x0000000000010161                rs232_init
                0x0000000000010166                rs232_set_speed
                0x0000000000010174                rs232_set_input
                0x0000000000010181                rs232_send
                0x00000000000101a3                rs232_print
                0x00000000000101be                slip_arch_writeb
 .text          0x0000000000010292       0xb1 obj_cooja/mtype536.a(vib-sensor.o)
 .text          0x0000000000010343       0x34 obj_cooja/mtype536.a(clock.o)
                0x0000000000010343                clock_init
                0x0000000000010348                clock_time
                0x0000000000010352                clock_seconds
                0x0000000000010368                clock_delay
 .text          0x0000000000010377      0x1ed obj_cooja/mtype536.a(log.o)
                0x0000000000010377                simlog_char
                0x00000000000103b9                simlog
                0x0000000000010426                log_message
                0x000000000001044e                log_set_putchar_with_slip
                0x000000000001045b                log_putchar
                0x00000000000104df                log_puts
                0x0000000000010503                log_printf
 .text          0x0000000000010564      0x2c4 obj_cooja/mtype536.a(cfs-cooja.o)
                0x0000000000010564                cfs_open
                0x00000000000105cd                cfs_close
                0x00000000000105d9                cfs_read
                0x0000000000010677                cfs_write
                0x0000000000010754                cfs_seek
                0x00000000000107dc                cfs_remove
                0x0000000000010805                cfs_opendir
                0x000000000001080f                cfs_readdir
                0x0000000000010819                cfs_closedir
 .text          0x0000000000010828      0x514 obj_cooja/mtype536.a(cooja-radio.o)
                0x0000000000010852                radio_set_channel
                0x0000000000010867                radio_set_txpower
                0x000000000001087e                radio_signal_strength_last
                0x0000000000010888                radio_signal_strength_current
                0x0000000000010892                radio_LQI
 .text          0x0000000000010d3c       0xef obj_cooja/mtype536.a(eeprom.o)
                0x0000000000010d3c                eeprom_init
                0x0000000000010d41                eeprom_read
                0x0000000000010db1                eeprom_write
 .text          0x0000000000010e2b       0x28 obj_cooja/mtype536.a(random.o)
                0x0000000000010e2b                random_init
                0x0000000000010e46                random_rand
 .text          0x0000000000010e53      0x2a1 obj_cooja/mtype536.a(sensors.o)
                0x0000000000010e8e                sensors_first
                0x0000000000010e98                sensors_next
                0x0000000000010eb5                sensors_changed
                0x0000000000010ee4                sensors_find
 .text          0x00000000000110f4      0x308 obj_cooja/mtype536.a(dual_conf.o)
                0x00000000000110f4                dual_radio_switch
                0x000000000001114f                dual_radio_change
                0x0000000000011189                sending_in_LR
                0x00000000000111b4                dual_radio_received
                0x0000000000011207                radio_received_is_longrange
                0x00000000000113b2                dio_broadcast
                0x00000000000113db                dis_broadcast
 .text          0x00000000000113fc       0x8e obj_cooja/mtype536.a(autostart.o)
                0x00000000000113fc                autostart_start
                0x0000000000011447                autostart_exit
 .text          0x000000000001148a      0x334 obj_cooja/mtype536.a(ctimer.o)
                0x00000000000115a1                ctimer_init
                0x00000000000115d1                ctimer_set
                0x0000000000011602                ctimer_set_with_process
                0x000000000001167e                ctimer_reset
                0x00000000000116cd                ctimer_restart
                0x000000000001171c                ctimer_stop
                0x0000000000011767                ctimer_expired
 .text          0x00000000000117be      0x40b obj_cooja/mtype536.a(etimer.o)
                0x00000000000119d1                etimer_request_poll
                0x0000000000011a55                etimer_set
                0x0000000000011a7a                etimer_reset_with_new_interval
                0x0000000000011aa1                etimer_reset
                0x0000000000011abf                etimer_restart
                0x0000000000011add                etimer_adjust
                0x0000000000011af9                etimer_expired
                0x0000000000011b0c                etimer_expiration_time
                0x0000000000011b1e                etimer_start_time
                0x0000000000011b28                etimer_pending
                0x0000000000011b3a                etimer_next_expiration_time
                0x0000000000011b54                etimer_stop
 .text          0x0000000000011bc9      0x560 obj_cooja/mtype536.a(process.o)
                0x0000000000011bc9                process_alloc_event
                0x0000000000011bde                process_start
                0x0000000000011dc7                process_exit
                0x0000000000011de3                process_init
                0x0000000000011fb4                process_run
                0x0000000000011fe7                process_nevents
                0x0000000000012002                process_post
                0x00000000000120ae                process_post_synch
                0x00000000000120e6                process_poll
                0x0000000000012115                process_is_running
 .text          0x0000000000012129       0xba obj_cooja/mtype536.a(rtimer.o)
                0x0000000000012129                rtimer_init
                0x0000000000012136                rtimer_set
                0x000000000001218d                rtimer_run_next
 .text          0x00000000000121e3       0x91 obj_cooja/mtype536.a(timer.o)
                0x00000000000121e3                timer_set
                0x00000000000121fe                timer_reset
                0x0000000000012215                timer_restart
                0x0000000000012227                timer_expired
                0x0000000000012250                timer_remaining
 .text          0x0000000000012274      0x1fb obj_cooja/mtype536.a(serial-line.o)
                0x0000000000012274                serial_line_input_byte
                0x0000000000012437                serial_line_init
 .text          0x000000000001246f      0x244 obj_cooja/mtype536.a(list.o)
                0x000000000001246f                list_init
                0x000000000001247d                list_head
                0x0000000000012487                list_copy
                0x0000000000012496                list_tail
                0x00000000000124cc                list_add
                0x0000000000012515                list_push
                0x0000000000012541                list_chop
                0x00000000000125ab                list_pop
                0x00000000000125d3                list_remove
                0x000000000001263a                list_length
                0x0000000000012668                list_insert
                0x000000000001269c                list_item_next
 .text          0x00000000000126b3      0x155 obj_cooja/mtype536.a(ringbuf.o)
                0x00000000000126b3                ringbuf_init
                0x00000000000126e4                ringbuf_put
                0x0000000000012762                ringbuf_get
                0x00000000000127cf                ringbuf_size
                0x00000000000127e1                ringbuf_elements
 .text          0x0000000000012808     0x137c obj_cooja/mtype536.a(sicslowpan.o)
                0x0000000000012e08                rime_sniffer_add
                0x0000000000012e15                rime_sniffer_remove
                0x0000000000013b66                sicslowpan_init
                0x0000000000013b7a                sicslowpan_get_last_rssi
 .text          0x0000000000013b84      0x298 obj_cooja/mtype536.a(uip-ds6-nbr.o)
                0x0000000000013ba1                uip_ds6_neighbors_init
                0x0000000000013bbe                uip_ds6_nbr_add
                0x0000000000013c46                uip_ds6_nbr_rm
                0x0000000000013c88                uip_ds6_nbr_get_ipaddr
                0x0000000000013c9d                uip_ds6_nbr_get_ll
                0x0000000000013cb9                uip_ds6_nbr_num
                0x0000000000013cfe                uip_ds6_nbr_lookup
                0x0000000000013d63                uip_ds6_nbr_ll_lookup
                0x0000000000013d7f                uip_ds6_nbr_ipaddr_from_lladdr
                0x0000000000013da5                uip_ds6_nbr_lladdr_from_ipaddr
                0x0000000000013dd3                uip_ds6_link_neighbor_callback
 .text          0x0000000000013e1c      0xcae obj_cooja/mtype536.a(uip-ds6.o)
                0x0000000000013e1c                uip_ds6_init
                0x000000000001403f                uip_ds6_periodic
                0x00000000000140b8                uip_ds6_list_loop
                0x000000000001415f                uip_ds6_prefix_add
                0x0000000000014273                uip_ds6_prefix_rm
                0x0000000000014285                uip_ds6_prefix_lookup
                0x00000000000142d6                uip_ds6_is_addr_onlink
                0x000000000001434a                uip_ds6_addr_add
                0x0000000000014478                uip_ds6_addr_rm
                0x0000000000014518                uip_ds6_addr_lookup
                0x0000000000014563                uip_ds6_get_link_local
                0x00000000000145e2                uip_ds6_get_global
                0x0000000000014661                uip_ds6_maddr_add
                0x00000000000146d3                uip_ds6_maddr_rm
                0x00000000000146e5                uip_ds6_maddr_lookup
                0x0000000000014730                uip_ds6_aaddr_add
                0x00000000000147a2                uip_ds6_aaddr_rm
                0x00000000000147b4                uip_ds6_aaddr_lookup
                0x00000000000147ff                uip_ds6_select_src
                0x00000000000149b5                uip_ds6_set_addr_iid
                0x00000000000149ec                get_match_length
                0x0000000000014a7e                uip_ds6_compute_reachable_time
 .text          0x0000000000014aca     0x2d47 obj_cooja/mtype536.a(uip6.o)
                0x0000000000014aca                uip_add32
                0x0000000000014c63                uip_chksum
                0x0000000000014d79                uip_icmp6chksum
                0x0000000000014d8d                uip_tcpchksum
                0x0000000000014da1                uip_udpchksum
                0x0000000000014db5                uip_init
                0x0000000000014e85                uip_connect
                0x0000000000015034                remove_ext_hdr
                0x000000000001513d                uip_udp_new
                0x0000000000015299                uip_unlisten
                0x00000000000152f9                uip_listen
                0x000000000001561f                uip_process
                0x0000000000017705                uip_htons
                0x0000000000017727                uip_htonl
                0x0000000000017767                uip_send
 .text          0x0000000000017811      0xa7d obj_cooja/mtype536.a(tcpip.o)
                0x0000000000017811                tcpip_output
                0x0000000000017862                tcpip_set_outputfunc
                0x0000000000017902                tcp_connect
                0x0000000000017957                tcp_unlisten
                0x00000000000179b2                tcp_listen
                0x0000000000017a0b                tcp_attach
                0x0000000000017a30                udp_attach
                0x0000000000017a55                udp_new
                0x0000000000017aa7                udp_broadcast_new
                0x0000000000017d1b                tcpip_input
                0x0000000000017d4f                tcpip_ipv6_output
                0x00000000000180d4                tcpip_poll_udp
                0x00000000000180f7                tcpip_poll_tcp
                0x000000000001811a                tcpip_uipcall
 .text          0x000000000001828e      0x1c1 obj_cooja/mtype536.a(uip-debug.o)
                0x000000000001828e                uip_debug_ipaddr_print
                0x00000000000183f0                uip_debug_lladdr_print
 .text          0x000000000001844f      0x141 obj_cooja/mtype536.a(uip-packetqueue)
                0x000000000001847b                uip_packetqueue_new
                0x0000000000018489                uip_packetqueue_alloc
                0x00000000000184e9                uip_packetqueue_free
                0x000000000001852a                uip_packetqueue_buf
                0x0000000000018547                uip_packetqueue_buflen
                0x0000000000018568                uip_packetqueue_set_buflen
 .text          0x0000000000018590     0x2ce0 obj_cooja/mtype536.a(rpl-dag.o)
                0x0000000000018590                rpl_print_neighbor_list
                0x0000000000018765                rpl_get_nbr
                0x00000000000187bf                rpl_dag_init
                0x00000000000187dc                rpl_get_parent
                0x00000000000187fe                rpl_get_parent_rank
                0x0000000000018831                rpl_get_parent_link_metric
                0x0000000000018864                rpl_get_parent_ipaddr
                0x0000000000018c10                rpl_set_root
                0x0000000000018e84                rpl_repair_root
                0x0000000000019133                rpl_set_prefix
                0x0000000000019256                rpl_set_default_route
                0x000000000001934b                rpl_alloc_instance
                0x00000000000193de                rpl_alloc_dag
                0x000000000001948f                rpl_set_default_instance
                0x000000000001949c                rpl_get_default_instance
                0x00000000000194a6                rpl_free_instance
                0x0000000000019572                rpl_free_dag
                0x00000000000195fb                rpl_add_parent
                0x000000000001970d                rpl_find_parent
                0x0000000000019765                rpl_find_parent_any_dag
                0x00000000000197a1                rpl_select_dag
                0x0000000000019bbe                rpl_select_parent
                0x0000000000019c20                rpl_remove_parent
                0x0000000000019c72                rpl_nullify_parent
                0x0000000000019d6e                rpl_move_parent
                0x0000000000019e79                rpl_has_downward_route
                0x0000000000019ecc                rpl_get_any_dag
                0x0000000000019f2e                rpl_get_instance
                0x0000000000019f91                rpl_find_of
                0x0000000000019fce                rpl_join_instance
                0x000000000001a305                rpl_add_dag
                0x000000000001a7d6                rpl_local_repair
                0x000000000001a8b2                rpl_recalculate_ranks
                0x000000000001a95b                rpl_process_parent_event
                0x000000000001ab71                rpl_process_dio
 .text          0x000000000001b270      0xbf3 obj_cooja/mtype536.a(rpl-ext-header.)
                0x000000000001b28d                rpl_verify_header
                0x000000000001b707                rpl_update_header_empty
                0x000000000001ba1e                rpl_update_header_final
                0x000000000001bbad                rpl_remove_header
                0x000000000001bcb7                rpl_invert_header
                0x000000000001be41                rpl_insert_header
 .text          0x000000000001be63     0x22c2 obj_cooja/mtype536.a(rpl-icmp6.o)
                0x000000000001c0c2                rpl_icmp6_update_nbr_table
                0x000000000001c2bc                dis_output
                0x000000000001cbe3                dio_output
                0x000000000001dc6c                dao_output
                0x000000000001dd33                dao_output_target
                0x000000000001e0d9                dao_ack_output
                0x000000000001e0ed                rpl_icmp6_register_handlers
 .text          0x000000000001e125      0x315 obj_cooja/mtype536.a(rpl-mrhof.o)
 .text          0x000000000001e43a      0x909 obj_cooja/mtype536.a(rpl-timers.o)
                0x000000000001e726                rpl_reset_periodic_timer
                0x000000000001e77b                rpl_reset_dio_timer
                0x000000000001ea13                rpl_schedule_dao
                0x000000000001ea2e                rpl_schedule_dao_immediately
                0x000000000001ea49                rpl_cancel_dao
                0x000000000001eaab                rpl_schedule_unicast_dio_immediately
                0x000000000001eceb                rpl_schedule_probing
 .text          0x000000000001ed43      0x6e0 obj_cooja/mtype536.a(rpl.o)
                0x000000000001ed43                rpl_get_mode
                0x000000000001ed4d                rpl_set_mode
                0x000000000001ee11                rpl_purge_routes
                0x000000000001ef40                rpl_remove_routes
                0x000000000001ef86                rpl_remove_routes_by_nexthop
                0x000000000001eff2                rpl_add_route
                0x000000000001f0bd                rpl_link_neighbor_callback
                0x000000000001f1d1                rpl_ipv6_neighbor_callback
                0x000000000001f27d                rpl_purge_dags
                0x000000000001f391                rpl_init
 .text          0x000000000001f423       0x67 obj_cooja/mtype536.a(linkaddr.o)
                0x000000000001f423                linkaddr_copy
                0x000000000001f445                linkaddr_cmp
                0x000000000001f46f                linkaddr_set_node_addr
 .text          0x000000000001f48a      0x769 obj_cooja/mtype536.a(nbr-table.o)
                0x000000000001f8e9                nbr_table_register
                0x000000000001f931                nbr_table_head
                0x000000000001f98d                nbr_table_next
                0x000000000001f9f4                nbr_table_add_lladdr
                0x000000000001fad0                nbr_table_get_from_lladdr
                0x000000000001fb1d                nbr_table_remove
                0x000000000001fb6f                nbr_table_lock
                0x000000000001fb99                nbr_table_unlock
                0x000000000001fbc3                nbr_table_get_lladdr
 .text          0x000000000001fbf3       0x2b obj_cooja/mtype536.a(netstack.o)
                0x000000000001fbf3                netstack_init
 .text          0x000000000001fc1e      0x3cd obj_cooja/mtype536.a(packetbuf.o)
                0x000000000001fc1e                packetbuf_clear
                0x000000000001fc48                packetbuf_copyfrom
                0x000000000001fc9a                packetbuf_compact
                0x000000000001fd17                packetbuf_copyto
                0x000000000001fdae                packetbuf_hdralloc
                0x000000000001fe2b                packetbuf_hdrreduce
                0x000000000001fe73                packetbuf_set_datalen
                0x000000000001fe8c                packetbuf_dataptr
                0x000000000001fea9                packetbuf_hdrptr
                0x000000000001feb3                packetbuf_datalen
                0x000000000001febf                packetbuf_hdrlen
                0x000000000001fed6                packetbuf_totlen
                0x000000000001feec                packetbuf_attr_clear
                0x000000000001ff3e                packetbuf_attr_copyto
                0x000000000001ff87                packetbuf_attr_copyfrom
                0x000000000001ffcf                packetbuf_holds_broadcast
 .text          0x000000000001ffeb      0x2b4 obj_cooja/mtype536.a(queuebuf.o)
                0x000000000001fff5                queuebuf_init
                0x0000000000020015                queuebuf_numfree
                0x0000000000020029                queuebuf_new_from_packetbuf
                0x00000000000200b9                queuebuf_update_attr_from_packetbuf
                0x00000000000200ec                queuebuf_update_from_packetbuf
                0x0000000000020136                queuebuf_free
                0x000000000002017d                queuebuf_to_packetbuf
                0x00000000000201e3                queuebuf_dataptr
                0x000000000002021a                queuebuf_datalen
                0x000000000002023d                queuebuf_addr
                0x000000000002026f                queuebuf_attr
                0x000000000002029a                queuebuf_debug_print
 .text          0x000000000002029f      0x831 obj_cooja/mtype536.a(csma.o)
 .text          0x0000000000020ad0      0x3f5 obj_cooja/mtype536.a(framer-802154.o)
 .text          0x0000000000020ec5       0x3c obj_cooja/mtype536.a(mac.o)
                0x0000000000020ec5                mac_call_sent_callback
 .text          0x0000000000020f01      0x4cc obj_cooja/mtype536.a(nullrdc.o)
 .text          0x00000000000213cd       0x6e obj_cooja/mtype536.a(nullsec.o)
 .text          0x000000000002143b       0x19 obj_cooja/mtype536.a(watchdog.o)
                0x000000000002143b                watchdog_init
                0x0000000000021440                watchdog_start
                0x0000000000021445                watchdog_periodic
                0x000000000002144a                watchdog_stop
                0x000000000002144f                watchdog_reboot
 .text          0x0000000000021454        0x0 obj_cooja/mtype536.a(rimestats.o)
 .text          0x0000000000021454       0xa3 obj_cooja/mtype536.a(stimer.o)
                0x0000000000021454                stimer_set
                0x000000000002146f                stimer_reset
                0x0000000000021486                stimer_restart
                0x0000000000021498                stimer_expired
                0x00000000000214bf                stimer_remaining
                0x00000000000214e3                stimer_elapsed
 .text          0x00000000000214f7      0x1c1 obj_cooja/mtype536.a(memb.o)
                0x00000000000214f7                memb_init
                0x0000000000021555                memb_alloc
                0x00000000000215ba                memb_free
                0x0000000000021635                memb_inmemb
                0x0000000000021674                memb_numfree
 .text          0x00000000000216b8      0xc68 obj_cooja/mtype536.a(uip-ds6-route.o)
                0x00000000000217a6                uip_ds6_notification_add
                0x00000000000217d7                uip_ds6_notification_rm
                0x00000000000217f3                uip_ds6_route_init
                0x000000000002187b                uip_ds6_route_nexthop
                0x00000000000218a3                uip_ds6_route_head
                0x00000000000218b8                uip_ds6_route_next
                0x00000000000218de                uip_ds6_route_is_nexthop
                0x000000000002191d                uip_ds6_route_num_routes
                0x0000000000021927                uip_ds6_route_lookup
                0x0000000000021a62                uip_ds6_route_add
                0x0000000000021d7f                uip_ds6_route_rm
                0x0000000000021f92                uip_ds6_route_rm_by_nexthop
                0x0000000000021fca                uip_ds6_defrt_add
                0x00000000000220da                uip_ds6_defrt_rm
                0x000000000002216f                uip_ds6_defrt_lookup
                0x00000000000221c8                uip_ds6_defrt_choose
                0x00000000000222ac                uip_ds6_defrt_periodic
 .text          0x0000000000022320     0x1382 obj_cooja/mtype536.a(uip-icmp6.o)
                0x000000000002238e                uip_icmp6_input
                0x00000000000223e4                uip_icmp6_register_input_handler
                0x0000000000022ba4                uip_icmp6_error_output
                0x000000000002317b                uip_icmp6_send
                0x0000000000023635                uip_icmp6_echo_reply_callback_add
                0x0000000000023666                uip_icmp6_echo_reply_callback_rm
                0x0000000000023682                uip_icmp6_init
 .text          0x00000000000236a2      0x3bb obj_cooja/mtype536.a(uip-nd6.o)
                0x00000000000236f6                uip_nd6_ns_output
                0x0000000000023a58                uip_nd6_init
 .text          0x0000000000023a5d      0x331 obj_cooja/mtype536.a(rpl-nbr-policy.)
                0x0000000000023c35                find_removable_dis
                0x0000000000023c58                find_removable_dio
                0x0000000000023ce7                find_removable_dao
                0x0000000000023d37                rpl_nbr_policy_find_removable
 .text          0x0000000000023d8e      0x97c obj_cooja/mtype536.a(frame802154.o)
                0x0000000000023dbf                frame802154_get_pan_id
                0x0000000000023dcb                frame802154_set_pan_id
                0x0000000000023de4                frame802154_has_panid
                0x0000000000023ed0                frame802154_check_dest_panid
                0x0000000000023f38                frame802154_is_broadcast_addr
                0x0000000000023f85                frame802154_extract_linkaddr
                0x00000000000241c5                frame802154_hdrlen
                0x0000000000024216                frame802154_create
                0x0000000000024401                frame802154_parse
 .text          0x000000000002470a      0x181 obj_cooja/mtype536.a(mac-sequence.o)
                0x0000000000024741                mac_sequence_is_duplicate
                0x00000000000247c4                mac_sequence_register_seqno
 .text          0x000000000002488b        0x0 /usr/lib/gcc/i686-linux-gnu/4.8/crtendS.o
 .text          0x000000000002488b        0x0 /usr/lib/gcc/i686-linux-gnu/4.8/../../../i386-linux-gnu/crtn.o
 *(.gnu.warning)

.fini           0x000000000002488c       0x14
 *(SORT(.fini))
 .fini          0x000000000002488c        0xf /usr/lib/gcc/i686-linux-gnu/4.8/../../../i386-linux-gnu/crti.o
                0x000000000002488c                _fini
 .fini          0x000000000002489b        0x5 /usr/lib/gcc/i686-linux-gnu/4.8/../../../i386-linux-gnu/crtn.o
                0x00000000000248a0                PROVIDE (__etext, .)
                0x00000000000248a0                PROVIDE (_etext, .)
                0x00000000000248a0                PROVIDE (etext, .)

.rodata         0x00000000000248a0     0x3389
 *(.rodata .rodata.* .gnu.linkonce.r.*)
 .rodata        0x00000000000248a0      0x148 udp-server.co
                0x00000000000248b4                autostart_processes
 .rodata        0x00000000000249e8      0x127 obj_cooja/mtype536.o
 *fill*         0x0000000000024b0f        0x1 
 .rodata        0x0000000000024b10        0x8 obj_cooja/mtype536.a(beep.o)
                0x0000000000024b10                beep_interface
 .rodata        0x0000000000024b18       0x20 obj_cooja/mtype536.a(button-sensor.o)
                0x0000000000024b18                button_interface
                0x0000000000024b28                button_sensor
 .rodata        0x0000000000024b38        0x8 obj_cooja/mtype536.a(leds-arch.o)
                0x0000000000024b38                leds_interface
 .rodata        0x0000000000024b40        0x8 obj_cooja/mtype536.a(moteid.o)
                0x0000000000024b40                moteid_interface
 .rodata        0x0000000000024b48       0x1c obj_cooja/mtype536.a(pir-sensor.o)
                0x0000000000024b48                pir_interface
                0x0000000000024b54                pir_sensor
 .rodata        0x0000000000024b64        0xe obj_cooja/mtype536.a(rs232.o)
                0x0000000000024b64                rs232_interface
 *fill*         0x0000000000024b72        0x2 
 .rodata        0x0000000000024b74       0x24 obj_cooja/mtype536.a(vib-sensor.o)
                0x0000000000024b74                vib_interface
                0x0000000000024b88                vib_sensor
 .rodata        0x0000000000024b98        0x8 obj_cooja/mtype536.a(clock.o)
                0x0000000000024b98                clock_interface
 .rodata        0x0000000000024ba0        0x8 obj_cooja/mtype536.a(log.o)
                0x0000000000024ba0                simlog_interface
 .rodata        0x0000000000024ba8       0x2f obj_cooja/mtype536.a(cfs-cooja.o)
                0x0000000000024ba8                cfs_interface
 *fill*         0x0000000000024bd7        0x9 
 .rodata        0x0000000000024be0      0x120 obj_cooja/mtype536.a(cooja-radio.o)
                0x0000000000024cc0                cooja_radio_driver
                0x0000000000024cf8                radio_interface
 .rodata        0x0000000000024d00        0x8 obj_cooja/mtype536.a(eeprom.o)
                0x0000000000024d00                eeprom_interface
 .rodata        0x0000000000024d08        0x8 obj_cooja/mtype536.a(sensors.o)
 .rodata        0x0000000000024d10      0x196 obj_cooja/mtype536.a(dual_conf.o)
 .rodata        0x0000000000024ea6        0xf obj_cooja/mtype536.a(ctimer.o)
 .rodata        0x0000000000024eb5        0xc obj_cooja/mtype536.a(etimer.o)
 .rodata        0x0000000000024ec1        0xe obj_cooja/mtype536.a(serial-line.o)
 *fill*         0x0000000000024ecf        0x1 
 .rodata        0x0000000000024ed0      0x4c4 obj_cooja/mtype536.a(sicslowpan.o)
                0x0000000000025388                sicslowpan_driver
 .rodata        0x0000000000025394      0x134 obj_cooja/mtype536.a(uip-ds6.o)
 .rodata        0x00000000000254c8      0x590 obj_cooja/mtype536.a(uip6.o)
 .rodata        0x0000000000025a58      0x113 obj_cooja/mtype536.a(tcpip.o)
 .rodata        0x0000000000025b6b       0x3e obj_cooja/mtype536.a(uip-debug.o)
 *fill*         0x0000000000025ba9        0x3 
 .rodata        0x0000000000025bac      0xc0b obj_cooja/mtype536.a(rpl-dag.o)
 *fill*         0x00000000000267b7        0x1 
 .rodata        0x00000000000267b8      0x8a4 obj_cooja/mtype536.a(rpl-icmp6.o)
 .rodata        0x000000000002705c       0x6f obj_cooja/mtype536.a(rpl-mrhof.o)
 *fill*         0x00000000000270cb        0x1 
 .rodata        0x00000000000270cc      0x260 obj_cooja/mtype536.a(rpl-timers.o)
 .rodata        0x000000000002732c      0x1be obj_cooja/mtype536.a(rpl.o)
 .rodata        0x00000000000274ea        0x8 obj_cooja/mtype536.a(linkaddr.o)
                0x00000000000274ea                linkaddr_null
 *fill*         0x00000000000274f2        0x2 
 .rodata        0x00000000000274f4       0x24 obj_cooja/mtype536.a(csma.o)
                0x00000000000274fc                csma_driver
 .rodata        0x0000000000027518        0xc obj_cooja/mtype536.a(framer-802154.o)
                0x0000000000027518                framer_802154
 *fill*         0x0000000000027524       0x1c 
 .rodata        0x0000000000027540      0x120 obj_cooja/mtype536.a(nullrdc.o)
                0x0000000000027640                nullrdc_driver
 .rodata        0x0000000000027660       0x18 obj_cooja/mtype536.a(nullsec.o)
                0x0000000000027668                nullsec_driver
 .rodata        0x0000000000027678      0x480 obj_cooja/mtype536.a(uip-ds6-route.o)
 .rodata        0x0000000000027af8       0xd1 obj_cooja/mtype536.a(uip-icmp6.o)
 *fill*         0x0000000000027bc9        0x3 
 .rodata        0x0000000000027bcc       0x5d obj_cooja/mtype536.a(uip-nd6.o)

.rodata1
 *(.rodata1)

.eh_frame_hdr   0x0000000000027c2c     0x12a4
 *(.eh_frame_hdr)
 .eh_frame_hdr  0x0000000000027c2c     0x12a4 udp-server.co

.eh_frame       0x0000000000028ed0     0x4c00
 *(.eh_frame)
 .eh_frame      0x0000000000028ed0       0x3c /usr/lib/gcc/i686-linux-gnu/4.8/../../../i386-linux-gnu/crti.o
                                         0x40 (size before relaxing)
 .eh_frame      0x0000000000028f0c       0x68 udp-server.co
                                         0x80 (size before relaxing)
 .eh_frame      0x0000000000028f74      0x148 obj_cooja/mtype536.o
                                        0x160 (size before relaxing)
 .eh_frame      0x00000000000290bc       0x40 obj_cooja/mtype536.a(simEnvChange.o)
                                         0x58 (size before relaxing)
 .eh_frame      0x00000000000290fc       0xc0 obj_cooja/mtype536.a(cooja_mt.o)
                                         0xd8 (size before relaxing)
 .eh_frame      0x00000000000291bc      0x120 obj_cooja/mtype536.a(cooja_mtarch.o)
                                        0x138 (size before relaxing)
 .eh_frame      0x00000000000292dc       0xc0 obj_cooja/mtype536.a(rtimer-arch.o)
                                         0xd8 (size before relaxing)
 .eh_frame      0x000000000002939c      0x160 obj_cooja/mtype536.a(beep.o)
                                        0x178 (size before relaxing)
 .eh_frame      0x00000000000294fc       0xa0 obj_cooja/mtype536.a(button-sensor.o)
                                         0xb8 (size before relaxing)
 .eh_frame      0x000000000002959c       0xa0 obj_cooja/mtype536.a(leds-arch.o)
                                         0xb8 (size before relaxing)
 .eh_frame      0x000000000002963c       0x40 obj_cooja/mtype536.a(moteid.o)
                                         0x58 (size before relaxing)
 .eh_frame      0x000000000002967c       0xa0 obj_cooja/mtype536.a(pir-sensor.o)
                                         0xb8 (size before relaxing)
 .eh_frame      0x000000000002971c      0x100 obj_cooja/mtype536.a(rs232.o)
                                        0x118 (size before relaxing)
 .eh_frame      0x000000000002981c       0xa0 obj_cooja/mtype536.a(vib-sensor.o)
                                         0xb8 (size before relaxing)
 .eh_frame      0x00000000000298bc       0xc0 obj_cooja/mtype536.a(clock.o)
                                         0xd8 (size before relaxing)
 .eh_frame      0x000000000002997c      0x120 obj_cooja/mtype536.a(log.o)
                                        0x138 (size before relaxing)
 .eh_frame      0x0000000000029a9c      0x160 obj_cooja/mtype536.a(cfs-cooja.o)
                                        0x178 (size before relaxing)
 .eh_frame      0x0000000000029bfc      0x2e0 obj_cooja/mtype536.a(cooja-radio.o)
                                        0x2f8 (size before relaxing)
 .eh_frame      0x0000000000029edc       0xa0 obj_cooja/mtype536.a(eeprom.o)
                                         0xb8 (size before relaxing)
 .eh_frame      0x0000000000029f7c       0x40 obj_cooja/mtype536.a(random.o)
                                         0x58 (size before relaxing)
 .eh_frame      0x0000000000029fbc       0xc0 obj_cooja/mtype536.a(sensors.o)
                                         0xd8 (size before relaxing)
 .eh_frame      0x000000000002a07c      0x120 obj_cooja/mtype536.a(dual_conf.o)
                                        0x138 (size before relaxing)
 .eh_frame      0x000000000002a19c       0x40 obj_cooja/mtype536.a(autostart.o)
                                         0x58 (size before relaxing)
 .eh_frame      0x000000000002a1dc      0x100 obj_cooja/mtype536.a(ctimer.o)
                                        0x118 (size before relaxing)
 .eh_frame      0x000000000002a2dc      0x1e0 obj_cooja/mtype536.a(etimer.o)
                                        0x1f8 (size before relaxing)
 .eh_frame      0x000000000002a4bc      0x1c8 obj_cooja/mtype536.a(process.o)
                                        0x1e0 (size before relaxing)
 .eh_frame      0x000000000002a684       0x60 obj_cooja/mtype536.a(rtimer.o)
                                         0x78 (size before relaxing)
 .eh_frame      0x000000000002a6e4       0xa4 obj_cooja/mtype536.a(timer.o)
                                         0xbc (size before relaxing)
 .eh_frame      0x000000000002a788       0x60 obj_cooja/mtype536.a(serial-line.o)
                                         0x78 (size before relaxing)
 .eh_frame      0x000000000002a7e8      0x180 obj_cooja/mtype536.a(list.o)
                                        0x198 (size before relaxing)
 .eh_frame      0x000000000002a968       0xa0 obj_cooja/mtype536.a(ringbuf.o)
                                         0xb8 (size before relaxing)
 .eh_frame      0x000000000002aa08      0x278 obj_cooja/mtype536.a(sicslowpan.o)
                                        0x290 (size before relaxing)
 .eh_frame      0x000000000002ac80      0x180 obj_cooja/mtype536.a(uip-ds6-nbr.o)
                                        0x198 (size before relaxing)
 .eh_frame      0x000000000002ae00      0x2c8 obj_cooja/mtype536.a(uip-ds6.o)
                                        0x2e0 (size before relaxing)
 .eh_frame      0x000000000002b0c8      0x27c obj_cooja/mtype536.a(uip6.o)
                                        0x294 (size before relaxing)
 .eh_frame      0x000000000002b344      0x270 obj_cooja/mtype536.a(tcpip.o)
                                        0x288 (size before relaxing)
 .eh_frame      0x000000000002b5b4       0x48 obj_cooja/mtype536.a(uip-debug.o)
                                         0x60 (size before relaxing)
 .eh_frame      0x000000000002b5fc       0xe0 obj_cooja/mtype536.a(uip-packetqueue)
                                         0xf8 (size before relaxing)
 .eh_frame      0x000000000002b6dc      0x674 obj_cooja/mtype536.a(rpl-dag.o)
                                        0x68c (size before relaxing)
 .eh_frame      0x000000000002bd50      0x10c obj_cooja/mtype536.a(rpl-ext-header.)
                                        0x124 (size before relaxing)
 .eh_frame      0x000000000002be5c      0x288 obj_cooja/mtype536.a(rpl-icmp6.o)
                                        0x2a0 (size before relaxing)
 .eh_frame      0x000000000002c0e4       0xe4 obj_cooja/mtype536.a(rpl-mrhof.o)
                                         0xfc (size before relaxing)
 .eh_frame      0x000000000002c1c8      0x210 obj_cooja/mtype536.a(rpl-timers.o)
                                        0x228 (size before relaxing)
 .eh_frame      0x000000000002c3d8      0x140 obj_cooja/mtype536.a(rpl.o)
                                        0x158 (size before relaxing)
 .eh_frame      0x000000000002c518       0x60 obj_cooja/mtype536.a(linkaddr.o)
                                         0x78 (size before relaxing)
 .eh_frame      0x000000000002c578      0x26c obj_cooja/mtype536.a(nbr-table.o)
                                        0x284 (size before relaxing)
 .eh_frame      0x000000000002c7e4       0x20 obj_cooja/mtype536.a(netstack.o)
                                         0x38 (size before relaxing)
 .eh_frame      0x000000000002c804      0x214 obj_cooja/mtype536.a(packetbuf.o)
                                        0x22c (size before relaxing)
 .eh_frame      0x000000000002ca18      0x1a0 obj_cooja/mtype536.a(queuebuf.o)
                                        0x1b8 (size before relaxing)
 .eh_frame      0x000000000002cbb8      0x28c obj_cooja/mtype536.a(csma.o)
                                        0x2a4 (size before relaxing)
 .eh_frame      0x000000000002ce44      0x108 obj_cooja/mtype536.a(framer-802154.o)
                                        0x120 (size before relaxing)
 .eh_frame      0x000000000002cf4c       0x20 obj_cooja/mtype536.a(mac.o)
                                         0x38 (size before relaxing)
 .eh_frame      0x000000000002cf6c      0x18c obj_cooja/mtype536.a(nullrdc.o)
                                        0x1a4 (size before relaxing)
 .eh_frame      0x000000000002d0f8       0x80 obj_cooja/mtype536.a(nullsec.o)
                                         0x98 (size before relaxing)
 .eh_frame      0x000000000002d178       0xa0 obj_cooja/mtype536.a(watchdog.o)
                                         0xb8 (size before relaxing)
 .eh_frame      0x000000000002d218       0xc4 obj_cooja/mtype536.a(stimer.o)
                                         0xdc (size before relaxing)
 .eh_frame      0x000000000002d2dc       0xa0 obj_cooja/mtype536.a(memb.o)
                                         0xb8 (size before relaxing)
 .eh_frame      0x000000000002d37c      0x2c0 obj_cooja/mtype536.a(uip-ds6-route.o)
                                        0x2d8 (size before relaxing)
 .eh_frame      0x000000000002d63c      0x17c obj_cooja/mtype536.a(uip-icmp6.o)
                                        0x194 (size before relaxing)
 .eh_frame      0x000000000002d7b8       0x68 obj_cooja/mtype536.a(uip-nd6.o)
                                         0x80 (size before relaxing)
 .eh_frame      0x000000000002d820       0xc0 obj_cooja/mtype536.a(rpl-nbr-policy.)
                                         0xd8 (size before relaxing)
 .eh_frame      0x000000000002d8e0      0x164 obj_cooja/mtype536.a(frame802154.o)
                                        0x17c (size before relaxing)
 .eh_frame      0x000000000002da44       0x88 obj_cooja/mtype536.a(mac-sequence.o)
                                         0xa0 (size before relaxing)
 .eh_frame      0x000000000002dacc        0x4 /usr/lib/gcc/i686-linux-gnu/4.8/crtendS.o

.gcc_except_table
 *(.gcc_except_table .gcc_except_table.*)

.exception_ranges
 *(.exception_ranges .exception_ranges*)
                0x000000000002dad0                . = (ALIGN (0x1000) - ((0x1000 - .) & 0xfff))
                0x000000000002eef8                . = DATA_SEGMENT_ALIGN (0x1000, 0x1000)

.eh_frame
 *(.eh_frame)

.gcc_except_table
 *(.gcc_except_table .gcc_except_table.*)

.exception_ranges
 *(.exception_ranges .exception_ranges*)

.tdata
 *(.tdata .tdata.* .gnu.linkonce.td.*)

.tbss
 *(.tbss .tbss.* .gnu.linkonce.tb.*)
 *(.tcommon)

.preinit_array
 *(.preinit_array)

.init_array     0x000000000002eef8        0x4
 *(SORT(.init_array.*) SORT(.ctors.*))
 *(.init_array EXCLUDE_FILE(*crtend?.o *crtend.o *crtbegin?.o *crtbegin.o) .ctors)
 .init_array    0x000000000002eef8        0x4 /usr/lib/gcc/i686-linux-gnu/4.8/crtbeginS.o

.fini_array     0x000000000002eefc        0x4
 *(SORT(.fini_array.*) SORT(.dtors.*))
 *(.fini_array EXCLUDE_FILE(*crtend?.o *crtend.o *crtbegin?.o *crtbegin.o) .dtors)
 .fini_array    0x000000000002eefc        0x4 /usr/lib/gcc/i686-linux-gnu/4.8/crtbeginS.o

.ctors
 *crtbegin.o(.ctors)
 *crtbegin?.o(.ctors)
 *(EXCLUDE_FILE(*crtend?.o *crtend.o) .ctors)
 *(SORT(.ctors.*))
 *(.ctors)

.dtors
 *crtbegin.o(.dtors)
 *crtbegin?.o(.dtors)
 *(EXCLUDE_FILE(*crtend?.o *crtend.o) .dtors)
 *(SORT(.dtors.*))
 *(.dtors)

.jcr            0x000000000002ef00        0x4
 *(.jcr)
 .jcr           0x000000000002ef00        0x0 /usr/lib/gcc/i686-linux-gnu/4.8/crtbeginS.o
 .jcr           0x000000000002ef00        0x4 /usr/lib/gcc/i686-linux-gnu/4.8/crtendS.o

.data.rel.ro
 *(.data.rel.ro.local* .gnu.linkonce.d.rel.ro.local.*)
 *(.data.rel.ro .data.rel.ro.* .gnu.linkonce.d.rel.ro.*)

.dynamic        0x000000000002ef04       0xe8
 *(.dynamic)
 .dynamic       0x000000000002ef04       0xe8 /usr/lib/gcc/i686-linux-gnu/4.8/../../../i386-linux-gnu/crti.o
                0x000000000002ef04                _DYNAMIC

.got            0x000000000002efec       0x14
 *(.got)
 .got           0x000000000002efec       0x14 /usr/lib/gcc/i686-linux-gnu/4.8/../../../i386-linux-gnu/crti.o
 *(.igot)
                0x000000000002fff4                . = DATA_SEGMENT_RELRO_END (., (SIZEOF (.got.plt) >= 0xc)?0xc:0x0)

.got.plt        0x000000000002f000       0x14
 *(.got.plt)
 .got.plt       0x000000000002f000       0x14 /usr/lib/gcc/i686-linux-gnu/4.8/../../../i386-linux-gnu/crti.o
                0x000000000002f000                _GLOBAL_OFFSET_TABLE_
 *(.igot.plt)

.data           0x000000000002f020      0x246
 *(.data .data.* .gnu.linkonce.d.*)
 .data          0x000000000002f020        0x0 /usr/lib/gcc/i686-linux-gnu/4.8/../../../i386-linux-gnu/crti.o
 .data          0x000000000002f020        0x0 /usr/lib/gcc/i686-linux-gnu/4.8/crtbeginS.o
 .data.rel      0x000000000002f020        0x4 /usr/lib/gcc/i686-linux-gnu/4.8/crtbeginS.o
                0x000000000002f020                __dso_handle
 .data          0x000000000002f024       0x10 udp-server.co
                0x000000000002f024                udp_server_process
 *fill*         0x000000000002f034        0xc 
 .data          0x000000000002f040       0x44 obj_cooja/mtype536.o
                0x000000000002f040                simInterfaces
                0x000000000002f074                sensors
 .data          0x000000000002f084        0x0 obj_cooja/mtype536.a(simEnvChange.o)
 .data          0x000000000002f084        0x0 obj_cooja/mtype536.a(cooja_mt.o)
 .data          0x000000000002f084        0x0 obj_cooja/mtype536.a(cooja_mtarch.o)
 .data          0x000000000002f084        0x0 obj_cooja/mtype536.a(rtimer-arch.o)
 .data          0x000000000002f084        0x0 obj_cooja/mtype536.a(beep.o)
 .data          0x000000000002f084        0x0 obj_cooja/mtype536.a(button-sensor.o)
 .data          0x000000000002f084        0x0 obj_cooja/mtype536.a(leds-arch.o)
 .data          0x000000000002f084        0x0 obj_cooja/mtype536.a(moteid.o)
 .data          0x000000000002f084        0x0 obj_cooja/mtype536.a(pir-sensor.o)
 .data          0x000000000002f084        0x0 obj_cooja/mtype536.a(rs232.o)
 .data          0x000000000002f084        0x0 obj_cooja/mtype536.a(vib-sensor.o)
 .data          0x000000000002f084        0x0 obj_cooja/mtype536.a(clock.o)
 .data          0x000000000002f084        0x0 obj_cooja/mtype536.a(log.o)
 .data          0x000000000002f084        0x0 obj_cooja/mtype536.a(cfs-cooja.o)
 .data          0x000000000002f084       0x2c obj_cooja/mtype536.a(cooja-radio.o)
                0x000000000002f084                simRadioHWOn
                0x000000000002f088                simSignalStrength
                0x000000000002f08c                simLastSignalStrength
                0x000000000002f090                simPower
                0x000000000002f094                simRadioChannel
                0x000000000002f098                simRadioChannelLR
                0x000000000002f09c                simLQI
                0x000000000002f0a0                cooja_radio_process
 .data          0x000000000002f0b0        0x0 obj_cooja/mtype536.a(eeprom.o)
 .data          0x000000000002f0b0        0x0 obj_cooja/mtype536.a(random.o)
 .data          0x000000000002f0b0       0x10 obj_cooja/mtype536.a(sensors.o)
                0x000000000002f0b0                sensors_process
 .data          0x000000000002f0c0       0x24 obj_cooja/mtype536.a(dual_conf.o)
                0x000000000002f0c0                radio_received
                0x000000000002f0c4                dual_dio_broadcast
                0x000000000002f0d4                dual_dis_broadcast
 .data          0x000000000002f0e4        0x0 obj_cooja/mtype536.a(autostart.o)
 .data          0x000000000002f0e4       0x14 obj_cooja/mtype536.a(ctimer.o)
                0x000000000002f0e8                ctimer_process
 .data          0x000000000002f0f8       0x10 obj_cooja/mtype536.a(etimer.o)
                0x000000000002f0f8                etimer_process
 .data          0x000000000002f108        0x0 obj_cooja/mtype536.a(process.o)
 .data          0x000000000002f108        0x0 obj_cooja/mtype536.a(rtimer.o)
 .data          0x000000000002f108        0x0 obj_cooja/mtype536.a(timer.o)
 .data          0x000000000002f108       0x10 obj_cooja/mtype536.a(serial-line.o)
                0x000000000002f108                serial_line_process
 .data          0x000000000002f118        0x0 obj_cooja/mtype536.a(list.o)
 .data          0x000000000002f118        0x0 obj_cooja/mtype536.a(ringbuf.o)
 .data          0x000000000002f118        0x0 obj_cooja/mtype536.a(sicslowpan.o)
 .data          0x000000000002f118       0x14 obj_cooja/mtype536.a(uip-ds6-nbr.o)
                0x000000000002f128                ds6_neighbors
 .data          0x000000000002f12c        0x0 obj_cooja/mtype536.a(uip-ds6.o)
 .data          0x000000000002f12c        0x0 obj_cooja/mtype536.a(uip6.o)
 .data          0x000000000002f12c       0x10 obj_cooja/mtype536.a(tcpip.o)
                0x000000000002f12c                tcpip_process
 .data          0x000000000002f13c        0x0 obj_cooja/mtype536.a(uip-debug.o)
 .data          0x000000000002f13c        0xc obj_cooja/mtype536.a(uip-packetqueue)
 .data          0x000000000002f148       0x14 obj_cooja/mtype536.a(rpl-dag.o)
                0x000000000002f158                rpl_parents
 .data          0x000000000002f15c        0x0 obj_cooja/mtype536.a(rpl-ext-header.)
 .data          0x000000000002f15c       0x34 obj_cooja/mtype536.a(rpl-icmp6.o)
 .data          0x000000000002f190       0x1c obj_cooja/mtype536.a(rpl-mrhof.o)
                0x000000000002f190                rpl_mrhof
 .data          0x000000000002f1ac        0x0 obj_cooja/mtype536.a(rpl-timers.o)
 .data          0x000000000002f1ac        0x0 obj_cooja/mtype536.a(rpl.o)
 .data          0x000000000002f1ac        0x0 obj_cooja/mtype536.a(linkaddr.o)
 .data          0x000000000002f1ac       0x10 obj_cooja/mtype536.a(nbr-table.o)
 .data          0x000000000002f1bc        0x0 obj_cooja/mtype536.a(netstack.o)
 .data          0x000000000002f1bc        0x4 obj_cooja/mtype536.a(packetbuf.o)
 .data          0x000000000002f1c0       0x18 obj_cooja/mtype536.a(queuebuf.o)
 .data          0x000000000002f1d8       0x28 obj_cooja/mtype536.a(csma.o)
 .data          0x000000000002f200        0x0 obj_cooja/mtype536.a(framer-802154.o)
 .data          0x000000000002f200        0x0 obj_cooja/mtype536.a(mac.o)
 .data          0x000000000002f200        0x0 obj_cooja/mtype536.a(nullrdc.o)
 .data          0x000000000002f200        0x0 obj_cooja/mtype536.a(nullsec.o)
 .data          0x000000000002f200        0x0 obj_cooja/mtype536.a(watchdog.o)
 .data          0x000000000002f200        0x0 obj_cooja/mtype536.a(rimestats.o)
 .data          0x000000000002f200        0x0 obj_cooja/mtype536.a(stimer.o)
 .data          0x000000000002f200        0x0 obj_cooja/mtype536.a(memb.o)
 .data          0x000000000002f200       0x44 obj_cooja/mtype536.a(uip-ds6-route.o)
                0x000000000002f210                nbr_routes
 .data          0x000000000002f244       0x20 obj_cooja/mtype536.a(uip-icmp6.o)
 .data          0x000000000002f264        0x0 obj_cooja/mtype536.a(uip-nd6.o)
 .data          0x000000000002f264        0x0 obj_cooja/mtype536.a(rpl-nbr-policy.)
 .data          0x000000000002f264        0x2 obj_cooja/mtype536.a(frame802154.o)
 .data          0x000000000002f266        0x0 obj_cooja/mtype536.a(mac-sequence.o)
 .data          0x000000000002f266        0x0 /usr/lib/gcc/i686-linux-gnu/4.8/crtendS.o
 .data          0x000000000002f266        0x0 /usr/lib/gcc/i686-linux-gnu/4.8/../../../i386-linux-gnu/crtn.o

.tm_clone_table
                0x000000000002f268        0x0
 .tm_clone_table
                0x000000000002f268        0x0 /usr/lib/gcc/i686-linux-gnu/4.8/crtbeginS.o
 .tm_clone_table
                0x000000000002f268        0x0 /usr/lib/gcc/i686-linux-gnu/4.8/crtendS.o

.data1
 *(.data1)
                0x000000000002f268                _edata = .
                0x000000000002f268                PROVIDE (edata, .)
                0x000000000002f268                . = .
                0x000000000002f268                __bss_start = .

.bss            0x000000000002f280     0x80c8
 *(.dynbss)
 .dynbss        0x0000000000000000        0x0 /usr/lib/gcc/i686-linux-gnu/4.8/../../../i386-linux-gnu/crti.o
 *(.bss .bss.* .gnu.linkonce.b.*)
 .bss           0x000000000002f280        0x0 /usr/lib/gcc/i686-linux-gnu/4.8/../../../i386-linux-gnu/crti.o
 .bss           0x000000000002f280        0x1 /usr/lib/gcc/i686-linux-gnu/4.8/crtbeginS.o
 *fill*         0x000000000002f281        0x3 
 .bss           0x000000000002f284        0x4 udp-server.co
 *fill*         0x000000000002f288       0x18 
 .bss           0x000000000002f2a0     0x2030 obj_cooja/mtype536.o
 .bss           0x00000000000312d0        0x1 obj_cooja/mtype536.a(simEnvChange.o)
                0x00000000000312d0                simDontFallAsleep
 *fill*         0x00000000000312d1        0x3 
 .bss           0x00000000000312d4        0x4 obj_cooja/mtype536.a(cooja_mt.o)
 .bss           0x00000000000312d8        0x4 obj_cooja/mtype536.a(cooja_mtarch.o)
 .bss           0x00000000000312dc        0xc obj_cooja/mtype536.a(rtimer-arch.o)
 .bss           0x00000000000312e8        0x0 obj_cooja/mtype536.a(beep.o)
 .bss           0x00000000000312e8        0x8 obj_cooja/mtype536.a(button-sensor.o)
 .bss           0x00000000000312f0        0x0 obj_cooja/mtype536.a(leds-arch.o)
 .bss           0x00000000000312f0        0x0 obj_cooja/mtype536.a(moteid.o)
 .bss           0x00000000000312f0        0x1 obj_cooja/mtype536.a(pir-sensor.o)
                0x00000000000312f0                simPirValue
 *fill*         0x00000000000312f1        0x3 
 .bss           0x00000000000312f4        0x4 obj_cooja/mtype536.a(rs232.o)
 .bss           0x00000000000312f8        0x1 obj_cooja/mtype536.a(vib-sensor.o)
                0x00000000000312f8                simVibValue
 .bss           0x00000000000312f9        0x0 obj_cooja/mtype536.a(clock.o)
 *fill*         0x00000000000312f9        0x7 
 .bss           0x0000000000031300      0x420 obj_cooja/mtype536.a(log.o)
 .bss           0x0000000000031720      0xfc0 obj_cooja/mtype536.a(cfs-cooja.o)
                0x0000000000031720                simCFSData
                0x00000000000326c0                simCFSSize
                0x00000000000326c4                simCFSChanged
                0x00000000000326c8                simCFSRead
                0x00000000000326cc                simCFSWritten
 .bss           0x00000000000326e0       0x20 obj_cooja/mtype536.a(cooja-radio.o)
                0x00000000000326e0                simReceiving
                0x00000000000326e1                simReceivingLR
                0x00000000000326e4                simInSize
                0x00000000000326e8                simInSizeLR
                0x00000000000326ec                simOutSize
                0x00000000000326f0                simOutSizeLR
                0x00000000000326f4                LongRangeTransmit
                0x00000000000326f8                LongRangeReceiving
 .bss           0x0000000000032700        0xc obj_cooja/mtype536.a(eeprom.o)
                0x0000000000032700                simEEPROMChanged
                0x0000000000032704                simEEPROMRead
                0x0000000000032708                simEEPROMWritten
 .bss           0x000000000003270c        0x0 obj_cooja/mtype536.a(random.o)
 .bss           0x000000000003270c        0xc obj_cooja/mtype536.a(sensors.o)
 .bss           0x0000000000032718       0x28 obj_cooja/mtype536.a(dual_conf.o)
                0x0000000000032718                long_range_radio
 .bss           0x0000000000032740        0x0 obj_cooja/mtype536.a(autostart.o)
 .bss           0x0000000000032740        0x5 obj_cooja/mtype536.a(ctimer.o)
 *fill*         0x0000000000032745        0x3 
 .bss           0x0000000000032748        0x8 obj_cooja/mtype536.a(etimer.o)
 *fill*         0x0000000000032750       0x10 
 .bss           0x0000000000032760      0x1b1 obj_cooja/mtype536.a(process.o)
                0x0000000000032760                process_list
                0x0000000000032764                process_current
 *fill*         0x0000000000032911        0x3 
 .bss           0x0000000000032914        0x4 obj_cooja/mtype536.a(rtimer.o)
 .bss           0x0000000000032918        0x0 obj_cooja/mtype536.a(timer.o)
 *fill*         0x0000000000032918        0x8 
 .bss           0x0000000000032920      0x140 obj_cooja/mtype536.a(serial-line.o)
 .bss           0x0000000000032a60        0x0 obj_cooja/mtype536.a(list.o)
 .bss           0x0000000000032a60        0x0 obj_cooja/mtype536.a(ringbuf.o)
 .bss           0x0000000000032a60      0x6f0 obj_cooja/mtype536.a(sicslowpan.o)
 *fill*         0x0000000000033150       0x10 
 .bss           0x0000000000033160       0xf0 obj_cooja/mtype536.a(uip-ds6-nbr.o)
 .bss           0x0000000000033250       0x20 obj_cooja/mtype536.a(uip-ds6.o)
 .bss           0x0000000000033270        0xe obj_cooja/mtype536.a(uip6.o)
                0x0000000000033270                uip_ext_bitmap
                0x0000000000033271                uip_ext_len
                0x0000000000033272                uip_ext_opt_offset
 *fill*         0x000000000003327e        0x2 
 .bss           0x0000000000033280       0x6a obj_cooja/mtype536.a(tcpip.o)
 .bss           0x00000000000332ea        0x0 obj_cooja/mtype536.a(uip-debug.o)
 *fill*         0x00000000000332ea       0x16 
 .bss           0x0000000000033300      0xcf8 obj_cooja/mtype536.a(uip-packetqueue)
 *fill*         0x0000000000033ff8        0x8 
 .bss           0x0000000000034000       0xa0 obj_cooja/mtype536.a(rpl-dag.o)
 .bss           0x00000000000340a0        0x0 obj_cooja/mtype536.a(rpl-ext-header.)
 .bss           0x00000000000340a0        0x0 obj_cooja/mtype536.a(rpl-icmp6.o)
 .bss           0x00000000000340a0        0x0 obj_cooja/mtype536.a(rpl-mrhof.o)
 .bss           0x00000000000340a0       0x23 obj_cooja/mtype536.a(rpl-timers.o)
 *fill*         0x00000000000340c3        0x1 
 .bss           0x00000000000340c4        0x4 obj_cooja/mtype536.a(rpl.o)
 .bss           0x00000000000340c8        0x0 obj_cooja/mtype536.a(linkaddr.o)
 *fill*         0x00000000000340c8       0x18 
 .bss           0x00000000000340e0       0xdc obj_cooja/mtype536.a(nbr-table.o)
 .bss           0x00000000000341bc        0x0 obj_cooja/mtype536.a(netstack.o)
 *fill*         0x00000000000341bc        0x4 
 .bss           0x00000000000341c0       0xa0 obj_cooja/mtype536.a(packetbuf.o)
 .bss           0x0000000000034260      0xb80 obj_cooja/mtype536.a(queuebuf.o)
 .bss           0x0000000000034de0      0x248 obj_cooja/mtype536.a(csma.o)
 .bss           0x0000000000035028        0x2 obj_cooja/mtype536.a(framer-802154.o)
 .bss           0x000000000003502a        0x0 obj_cooja/mtype536.a(mac.o)
 .bss           0x000000000003502a        0x0 obj_cooja/mtype536.a(nullrdc.o)
 .bss           0x000000000003502a        0x0 obj_cooja/mtype536.a(nullsec.o)
 .bss           0x000000000003502a        0x0 obj_cooja/mtype536.a(watchdog.o)
 .bss           0x000000000003502a        0x0 obj_cooja/mtype536.a(rimestats.o)
 .bss           0x000000000003502a        0x0 obj_cooja/mtype536.a(stimer.o)
 .bss           0x000000000003502a        0x0 obj_cooja/mtype536.a(memb.o)
 *fill*         0x000000000003502a       0x16 
 .bss           0x0000000000035040      0x2a8 obj_cooja/mtype536.a(uip-ds6-route.o)
 .bss           0x00000000000352e8       0x18 obj_cooja/mtype536.a(uip-icmp6.o)
 .bss           0x0000000000035300        0x0 obj_cooja/mtype536.a(uip-nd6.o)
 .bss           0x0000000000035300       0x44 obj_cooja/mtype536.a(rpl-nbr-policy.)
 .bss           0x0000000000035344        0x0 obj_cooja/mtype536.a(frame802154.o)
 *fill*         0x0000000000035344       0x1c 
 .bss           0x0000000000035360       0x90 obj_cooja/mtype536.a(mac-sequence.o)
 .bss           0x00000000000353f0        0x0 /usr/lib/gcc/i686-linux-gnu/4.8/crtendS.o
 .bss           0x00000000000353f0        0x0 /usr/lib/gcc/i686-linux-gnu/4.8/../../../i386-linux-gnu/crtn.o
 *(COMMON)
 COMMON         0x00000000000353f0        0x8 obj_cooja/mtype536.o
                0x00000000000353f0                referenceVar
                0x00000000000353f4                sensors_flags
 COMMON         0x00000000000353f8        0xc obj_cooja/mtype536.a(simEnvChange.o)
                0x00000000000353f8                simEtimerPending
                0x00000000000353fc                simProcessRunValue
                0x0000000000035400                simNextExpirationTime
 COMMON         0x0000000000035404        0x1 obj_cooja/mtype536.a(beep.o)
                0x0000000000035404                simBeeped
 COMMON         0x0000000000035405        0x3 obj_cooja/mtype536.a(button-sensor.o)
                0x0000000000035405                simButtonIsActive
                0x0000000000035406                simButtonIsDown
                0x0000000000035407                simButtonChanged
 COMMON         0x0000000000035408        0x1 obj_cooja/mtype536.a(leds-arch.o)
                0x0000000000035408                simLedsValue
 *fill*         0x0000000000035409        0x3 
 COMMON         0x000000000003540c        0xc obj_cooja/mtype536.a(moteid.o)
                0x000000000003540c                simRandomSeed
                0x0000000000035410                simMoteIDChanged
                0x0000000000035414                simMoteID
 COMMON         0x0000000000035418        0x2 obj_cooja/mtype536.a(pir-sensor.o)
                0x0000000000035418                simPirIsActive
                0x0000000000035419                simPirChanged
 *fill*         0x000000000003541a        0x6 
 COMMON         0x0000000000035420      0x820 obj_cooja/mtype536.a(rs232.o)
                0x0000000000035420                simSerialReceivingFlag
                0x0000000000035424                simSerialReceivingLength
                0x0000000000035440                simSerialReceivingData
 COMMON         0x0000000000035c40        0x2 obj_cooja/mtype536.a(vib-sensor.o)
                0x0000000000035c40                simVibChanged
                0x0000000000035c41                simVibIsActive
 *fill*         0x0000000000035c42        0x2 
 COMMON         0x0000000000035c44        0x4 obj_cooja/mtype536.a(clock.o)
                0x0000000000035c44                simCurrentTime
 *fill*         0x0000000000035c48       0x18 
 COMMON         0x0000000000035c60      0x420 obj_cooja/mtype536.a(log.o)
                0x0000000000035c60                simLoggedLength
                0x0000000000035c64                simLoggedFlag
                0x0000000000035c80                simLoggedData
 COMMON         0x0000000000036080      0x200 obj_cooja/mtype536.a(cooja-radio.o)
                0x0000000000036080                simOutDataBuffer
                0x0000000000036100                simInDataBufferLR
                0x0000000000036180                simOutDataBufferLR
                0x0000000000036200                simInDataBuffer
 COMMON         0x0000000000036280      0x400 obj_cooja/mtype536.a(eeprom.o)
                0x0000000000036280                simEEPROMData
 COMMON         0x0000000000036680        0x1 obj_cooja/mtype536.a(sensors.o)
                0x0000000000036680                sensors_event
 COMMON         0x0000000000036681        0x1 obj_cooja/mtype536.a(serial-line.o)
                0x0000000000036681                serial_line_event_message
 COMMON         0x0000000000036682        0x1 obj_cooja/mtype536.a(sicslowpan.o)
                0x0000000000036682                p
 *fill*         0x0000000000036683       0x1d 
 COMMON         0x00000000000366a0      0x181 obj_cooja/mtype536.a(uip-ds6.o)
                0x00000000000366a0                uip_ds6_prefix_list
                0x0000000000036700                uip_ds6_timer_periodic
                0x0000000000036710                uip_ds6_netif_addr_list_offset
                0x0000000000036720                uip_ds6_if
                0x0000000000036818                uip_ds6_timer_ra
                0x0000000000036820                uip_ds6_addr_size
 *fill*         0x0000000000036821       0x1f 
 COMMON         0x0000000000036840      0x8ec obj_cooja/mtype536.a(uip6.o)
                0x0000000000036840                uip_slen
                0x0000000000036842                uip_acc32
                0x0000000000036860                uip_conns
                0x0000000000036920                uip_lladdr
                0x0000000000036928                uip_appdata
                0x000000000003692c                uip_flags
                0x0000000000036940                uip_aligned_buf
                0x0000000000036f80                uip_listenports
                0x0000000000036f90                uip_len
                0x0000000000036f94                uip_sappdata
                0x0000000000036fa0                uip_udp_conns
                0x0000000000037120                uip_udp_conn
                0x0000000000037124                uip_next_hdr
                0x0000000000037128                uip_conn
 COMMON         0x000000000003712c        0x1 obj_cooja/mtype536.a(tcpip.o)
                0x000000000003712c                tcpip_event
 *fill*         0x000000000003712d       0x13 
 COMMON         0x0000000000037140      0x170 obj_cooja/mtype536.a(rpl-dag.o)
                0x0000000000037140                default_instance
                0x0000000000037160                instance_table
 COMMON         0x00000000000372b0        0x8 obj_cooja/mtype536.a(linkaddr.o)
                0x00000000000372b0                linkaddr_node_addr
 COMMON         0x00000000000372b8       0x2e obj_cooja/mtype536.a(packetbuf.o)
                0x00000000000372b8                packetbuf_attrs
                0x00000000000372d6                packetbuf_addrs
 *fill*         0x00000000000372e6       0x1a 
 COMMON         0x0000000000037300       0x48 obj_cooja/mtype536.a(rimestats.o)
                0x0000000000037300                rimestats
                0x0000000000037348                . = ALIGN ((. != 0x0)?0x4:0x1)
                0x0000000000037348                . = ALIGN (0x4)
                0x0000000000037348                . = SEGMENT_START ("ldata-segment", .)
                0x0000000000037348                . = ALIGN (0x4)
                0x0000000000037348                _end = .
                0x0000000000037348                PROVIDE (end, .)
                0x0000000000037348                . = DATA_SEGMENT_END (.)

.stab
 *(.stab)

.stabstr
 *(.stabstr)

.stab.excl
 *(.stab.excl)

.stab.exclstr
 *(.stab.exclstr)

.stab.index
 *(.stab.index)

.stab.indexstr
 *(.stab.indexstr)

.comment        0x0000000000000000       0x2b
 *(.comment)
 .comment       0x0000000000000000       0x2b /usr/lib/gcc/i686-linux-gnu/4.8/crtbeginS.o
                                         0x2c (size before relaxing)
 .comment       0x0000000000000000       0x2c udp-server.co
 .comment       0x0000000000000000       0x2c obj_cooja/mtype536.o
 .comment       0x0000000000000000       0x2c obj_cooja/mtype536.a(simEnvChange.o)
 .comment       0x0000000000000000       0x2c obj_cooja/mtype536.a(cooja_mt.o)
 .comment       0x0000000000000000       0x2c obj_cooja/mtype536.a(cooja_mtarch.o)
 .comment       0x0000000000000000       0x2c obj_cooja/mtype536.a(rtimer-arch.o)
 .comment       0x0000000000000000       0x2c obj_cooja/mtype536.a(beep.o)
 .comment       0x0000000000000000       0x2c obj_cooja/mtype536.a(button-sensor.o)
 .comment       0x0000000000000000       0x2c obj_cooja/mtype536.a(leds-arch.o)
 .comment       0x0000000000000000       0x2c obj_cooja/mtype536.a(moteid.o)
 .comment       0x0000000000000000       0x2c obj_cooja/mtype536.a(pir-sensor.o)
 .comment       0x0000000000000000       0x2c obj_cooja/mtype536.a(rs232.o)
 .comment       0x0000000000000000       0x2c obj_cooja/mtype536.a(vib-sensor.o)
 .comment       0x0000000000000000       0x2c obj_cooja/mtype536.a(clock.o)
 .comment       0x0000000000000000       0x2c obj_cooja/mtype536.a(log.o)
 .comment       0x0000000000000000       0x2c obj_cooja/mtype536.a(cfs-cooja.o)
 .comment       0x0000000000000000       0x2c obj_cooja/mtype536.a(cooja-radio.o)
 .comment       0x0000000000000000       0x2c obj_cooja/mtype536.a(eeprom.o)
 .comment       0x0000000000000000       0x2c obj_cooja/mtype536.a(random.o)
 .comment       0x0000000000000000       0x2c obj_cooja/mtype536.a(sensors.o)
 .comment       0x0000000000000000       0x2c obj_cooja/mtype536.a(dual_conf.o)
 .comment       0x0000000000000000       0x2c obj_cooja/mtype536.a(autostart.o)
 .comment       0x0000000000000000       0x2c obj_cooja/mtype536.a(ctimer.o)
 .comment       0x0000000000000000       0x2c obj_cooja/mtype536.a(etimer.o)
 .comment       0x0000000000000000       0x2c obj_cooja/mtype536.a(process.o)
 .comment       0x0000000000000000       0x2c obj_cooja/mtype536.a(rtimer.o)
 .comment       0x0000000000000000       0x2c obj_cooja/mtype536.a(timer.o)
 .comment       0x0000000000000000       0x2c obj_cooja/mtype536.a(serial-line.o)
 .comment       0x0000000000000000       0x2c obj_cooja/mtype536.a(list.o)
 .comment       0x0000000000000000       0x2c obj_cooja/mtype536.a(ringbuf.o)
 .comment       0x0000000000000000       0x2c obj_cooja/mtype536.a(sicslowpan.o)
 .comment       0x0000000000000000       0x2c obj_cooja/mtype536.a(uip-ds6-nbr.o)
 .comment       0x0000000000000000       0x2c obj_cooja/mtype536.a(uip-ds6.o)
 .comment       0x0000000000000000       0x2c obj_cooja/mtype536.a(uip6.o)
 .comment       0x0000000000000000       0x2c obj_cooja/mtype536.a(tcpip.o)
 .comment       0x0000000000000000       0x2c obj_cooja/mtype536.a(uip-debug.o)
 .comment       0x0000000000000000       0x2c obj_cooja/mtype536.a(uip-packetqueue)
 .comment       0x0000000000000000       0x2c obj_cooja/mtype536.a(rpl-dag.o)
 .comment       0x0000000000000000       0x2c obj_cooja/mtype536.a(rpl-ext-header.)
 .comment       0x0000000000000000       0x2c obj_cooja/mtype536.a(rpl-icmp6.o)
 .comment       0x0000000000000000       0x2c obj_cooja/mtype536.a(rpl-mrhof.o)
 .comment       0x0000000000000000       0x2c obj_cooja/mtype536.a(rpl-timers.o)
 .comment       0x0000000000000000       0x2c obj_cooja/mtype536.a(rpl.o)
 .comment       0x0000000000000000       0x2c obj_cooja/mtype536.a(linkaddr.o)
 .comment       0x0000000000000000       0x2c obj_cooja/mtype536.a(nbr-table.o)
 .comment       0x0000000000000000       0x2c obj_cooja/mtype536.a(netstack.o)
 .comment       0x0000000000000000       0x2c obj_cooja/mtype536.a(packetbuf.o)
 .comment       0x0000000000000000       0x2c obj_cooja/mtype536.a(queuebuf.o)
 .comment       0x0000000000000000       0x2c obj_cooja/mtype536.a(csma.o)
 .comment       0x0000000000000000       0x2c obj_cooja/mtype536.a(framer-802154.o)
 .comment       0x0000000000000000       0x2c obj_cooja/mtype536.a(mac.o)
 .comment       0x0000000000000000       0x2c obj_cooja/mtype536.a(nullrdc.o)
 .comment       0x0000000000000000       0x2c obj_cooja/mtype536.a(nullsec.o)
 .comment       0x0000000000000000       0x2c obj_cooja/mtype536.a(watchdog.o)
 .comment       0x0000000000000000       0x2c obj_cooja/mtype536.a(rimestats.o)
 .comment       0x0000000000000000       0x2c obj_cooja/mtype536.a(stimer.o)
 .comment       0x0000000000000000       0x2c obj_cooja/mtype536.a(memb.o)
 .comment       0x0000000000000000       0x2c obj_cooja/mtype536.a(uip-ds6-route.o)
 .comment       0x0000000000000000       0x2c obj_cooja/mtype536.a(uip-icmp6.o)
 .comment       0x0000000000000000       0x2c obj_cooja/mtype536.a(uip-nd6.o)
 .comment       0x0000000000000000       0x2c obj_cooja/mtype536.a(rpl-nbr-policy.)
 .comment       0x0000000000000000       0x2c obj_cooja/mtype536.a(frame802154.o)
 .comment       0x0000000000000000       0x2c obj_cooja/mtype536.a(mac-sequence.o)
 .comment       0x0000000000000000       0x2c /usr/lib/gcc/i686-linux-gnu/4.8/crtendS.o

.debug
 *(.debug)

.line
 *(.line)

.debug_srcinfo
 *(.debug_srcinfo)

.debug_sfnames
 *(.debug_sfnames)

.debug_aranges  0x0000000000000000      0x7d8
 *(.debug_aranges)
 .debug_aranges
                0x0000000000000000       0x20 udp-server.co
 .debug_aranges
                0x0000000000000020       0x20 obj_cooja/mtype536.o
 .debug_aranges
                0x0000000000000040       0x20 obj_cooja/mtype536.a(simEnvChange.o)
 .debug_aranges
                0x0000000000000060       0x20 obj_cooja/mtype536.a(cooja_mt.o)
 .debug_aranges
                0x0000000000000080       0x20 obj_cooja/mtype536.a(cooja_mtarch.o)
 .debug_aranges
                0x00000000000000a0       0x20 obj_cooja/mtype536.a(rtimer-arch.o)
 .debug_aranges
                0x00000000000000c0       0x20 obj_cooja/mtype536.a(beep.o)
 .debug_aranges
                0x00000000000000e0       0x20 obj_cooja/mtype536.a(button-sensor.o)
 .debug_aranges
                0x0000000000000100       0x20 obj_cooja/mtype536.a(leds-arch.o)
 .debug_aranges
                0x0000000000000120       0x20 obj_cooja/mtype536.a(moteid.o)
 .debug_aranges
                0x0000000000000140       0x20 obj_cooja/mtype536.a(pir-sensor.o)
 .debug_aranges
                0x0000000000000160       0x20 obj_cooja/mtype536.a(rs232.o)
 .debug_aranges
                0x0000000000000180       0x20 obj_cooja/mtype536.a(vib-sensor.o)
 .debug_aranges
                0x00000000000001a0       0x20 obj_cooja/mtype536.a(clock.o)
 .debug_aranges
                0x00000000000001c0       0x20 obj_cooja/mtype536.a(log.o)
 .debug_aranges
                0x00000000000001e0       0x20 obj_cooja/mtype536.a(cfs-cooja.o)
 .debug_aranges
                0x0000000000000200       0x20 obj_cooja/mtype536.a(cooja-radio.o)
 .debug_aranges
                0x0000000000000220       0x20 obj_cooja/mtype536.a(eeprom.o)
 .debug_aranges
                0x0000000000000240       0x20 obj_cooja/mtype536.a(random.o)
 .debug_aranges
                0x0000000000000260       0x20 obj_cooja/mtype536.a(sensors.o)
 .debug_aranges
                0x0000000000000280       0x20 obj_cooja/mtype536.a(dual_conf.o)
 .debug_aranges
                0x00000000000002a0       0x20 obj_cooja/mtype536.a(autostart.o)
 .debug_aranges
                0x00000000000002c0       0x20 obj_cooja/mtype536.a(ctimer.o)
 .debug_aranges
                0x00000000000002e0       0x20 obj_cooja/mtype536.a(etimer.o)
 .debug_aranges
                0x0000000000000300       0x20 obj_cooja/mtype536.a(process.o)
 .debug_aranges
                0x0000000000000320       0x20 obj_cooja/mtype536.a(rtimer.o)
 .debug_aranges
                0x0000000000000340       0x20 obj_cooja/mtype536.a(timer.o)
 .debug_aranges
                0x0000000000000360       0x20 obj_cooja/mtype536.a(serial-line.o)
 .debug_aranges
                0x0000000000000380       0x20 obj_cooja/mtype536.a(list.o)
 .debug_aranges
                0x00000000000003a0       0x20 obj_cooja/mtype536.a(ringbuf.o)
 .debug_aranges
                0x00000000000003c0       0x20 obj_cooja/mtype536.a(sicslowpan.o)
 .debug_aranges
                0x00000000000003e0       0x20 obj_cooja/mtype536.a(uip-ds6-nbr.o)
 .debug_aranges
                0x0000000000000400       0x20 obj_cooja/mtype536.a(uip-ds6.o)
 .debug_aranges
                0x0000000000000420       0x20 obj_cooja/mtype536.a(uip6.o)
 .debug_aranges
                0x0000000000000440       0x20 obj_cooja/mtype536.a(tcpip.o)
 .debug_aranges
                0x0000000000000460       0x20 obj_cooja/mtype536.a(uip-debug.o)
 .debug_aranges
                0x0000000000000480       0x20 obj_cooja/mtype536.a(uip-packetqueue)
 .debug_aranges
                0x00000000000004a0       0x20 obj_cooja/mtype536.a(rpl-dag.o)
 .debug_aranges
                0x00000000000004c0       0x20 obj_cooja/mtype536.a(rpl-ext-header.)
 .debug_aranges
                0x00000000000004e0       0x20 obj_cooja/mtype536.a(rpl-icmp6.o)
 .debug_aranges
                0x0000000000000500       0x20 obj_cooja/mtype536.a(rpl-mrhof.o)
 .debug_aranges
                0x0000000000000520       0x20 obj_cooja/mtype536.a(rpl-timers.o)
 .debug_aranges
                0x0000000000000540       0x20 obj_cooja/mtype536.a(rpl.o)
 .debug_aranges
                0x0000000000000560       0x20 obj_cooja/mtype536.a(linkaddr.o)
 .debug_aranges
                0x0000000000000580       0x20 obj_cooja/mtype536.a(nbr-table.o)
 .debug_aranges
                0x00000000000005a0       0x20 obj_cooja/mtype536.a(netstack.o)
 .debug_aranges
                0x00000000000005c0       0x20 obj_cooja/mtype536.a(packetbuf.o)
 .debug_aranges
                0x00000000000005e0       0x20 obj_cooja/mtype536.a(queuebuf.o)
 .debug_aranges
                0x0000000000000600       0x20 obj_cooja/mtype536.a(csma.o)
 .debug_aranges
                0x0000000000000620       0x20 obj_cooja/mtype536.a(framer-802154.o)
 .debug_aranges
                0x0000000000000640       0x20 obj_cooja/mtype536.a(mac.o)
 .debug_aranges
                0x0000000000000660       0x20 obj_cooja/mtype536.a(nullrdc.o)
 .debug_aranges
                0x0000000000000680       0x20 obj_cooja/mtype536.a(nullsec.o)
 .debug_aranges
                0x00000000000006a0       0x20 obj_cooja/mtype536.a(watchdog.o)
 .debug_aranges
                0x00000000000006c0       0x18 obj_cooja/mtype536.a(rimestats.o)
 .debug_aranges
                0x00000000000006d8       0x20 obj_cooja/mtype536.a(stimer.o)
 .debug_aranges
                0x00000000000006f8       0x20 obj_cooja/mtype536.a(memb.o)
 .debug_aranges
                0x0000000000000718       0x20 obj_cooja/mtype536.a(uip-ds6-route.o)
 .debug_aranges
                0x0000000000000738       0x20 obj_cooja/mtype536.a(uip-icmp6.o)
 .debug_aranges
                0x0000000000000758       0x20 obj_cooja/mtype536.a(uip-nd6.o)
 .debug_aranges
                0x0000000000000778       0x20 obj_cooja/mtype536.a(rpl-nbr-policy.)
 .debug_aranges
                0x0000000000000798       0x20 obj_cooja/mtype536.a(frame802154.o)
 .debug_aranges
                0x00000000000007b8       0x20 obj_cooja/mtype536.a(mac-sequence.o)

.debug_pubnames
 *(.debug_pubnames)

.debug_info     0x0000000000000000    0x1aea5
 *(.debug_info .gnu.linkonce.wi.*)
 .debug_info    0x0000000000000000      0xdde udp-server.co
 .debug_info    0x0000000000000dde     0x370c obj_cooja/mtype536.o
 .debug_info    0x00000000000044ea      0x15a obj_cooja/mtype536.a(simEnvChange.o)
 .debug_info    0x0000000000004644      0x1e2 obj_cooja/mtype536.a(cooja_mt.o)
 .debug_info    0x0000000000004826      0x2e7 obj_cooja/mtype536.a(cooja_mtarch.o)
 .debug_info    0x0000000000004b0d      0x16b obj_cooja/mtype536.a(rtimer-arch.o)
 .debug_info    0x0000000000004c78      0x1f3 obj_cooja/mtype536.a(beep.o)
 .debug_info    0x0000000000004e6b      0x257 obj_cooja/mtype536.a(button-sensor.o)
 .debug_info    0x00000000000050c2      0x132 obj_cooja/mtype536.a(leds-arch.o)
 .debug_info    0x00000000000051f4      0x10a obj_cooja/mtype536.a(moteid.o)
 .debug_info    0x00000000000052fe      0x216 obj_cooja/mtype536.a(pir-sensor.o)
 .debug_info    0x0000000000005514      0x21e obj_cooja/mtype536.a(rs232.o)
 .debug_info    0x0000000000005732      0x216 obj_cooja/mtype536.a(vib-sensor.o)
 .debug_info    0x0000000000005948      0x152 obj_cooja/mtype536.a(clock.o)
 .debug_info    0x0000000000005a9a      0x2bb obj_cooja/mtype536.a(log.o)
 .debug_info    0x0000000000005d55      0x3cf obj_cooja/mtype536.a(cfs-cooja.o)
 .debug_info    0x0000000000006124      0xc5e obj_cooja/mtype536.a(cooja-radio.o)
 .debug_info    0x0000000000006d82      0x1d5 obj_cooja/mtype536.a(eeprom.o)
 .debug_info    0x0000000000006f57       0xb3 obj_cooja/mtype536.a(random.o)
 .debug_info    0x000000000000700a      0x36d obj_cooja/mtype536.a(sensors.o)
 .debug_info    0x0000000000007377      0x99d obj_cooja/mtype536.a(dual_conf.o)
 .debug_info    0x0000000000007d14      0x1a5 obj_cooja/mtype536.a(autostart.o)
 .debug_info    0x0000000000007eb9      0x46c obj_cooja/mtype536.a(ctimer.o)
 .debug_info    0x0000000000008325      0x49c obj_cooja/mtype536.a(etimer.o)
 .debug_info    0x00000000000087c1      0x4ba obj_cooja/mtype536.a(process.o)
 .debug_info    0x0000000000008c7b      0x1ab obj_cooja/mtype536.a(rtimer.o)
 .debug_info    0x0000000000008e26      0x16c obj_cooja/mtype536.a(timer.o)
 .debug_info    0x0000000000008f92      0x2de obj_cooja/mtype536.a(serial-line.o)
 .debug_info    0x0000000000009270      0x2ed obj_cooja/mtype536.a(list.o)
 .debug_info    0x000000000000955d      0x1aa obj_cooja/mtype536.a(ringbuf.o)
 .debug_info    0x0000000000009707      0xcff obj_cooja/mtype536.a(sicslowpan.o)
 .debug_info    0x000000000000a406      0x853 obj_cooja/mtype536.a(uip-ds6-nbr.o)
 .debug_info    0x000000000000ac59      0xa7c obj_cooja/mtype536.a(uip-ds6.o)
 .debug_info    0x000000000000b6d5      0xe9e obj_cooja/mtype536.a(uip6.o)
 .debug_info    0x000000000000c573     0x1437 obj_cooja/mtype536.a(tcpip.o)
 .debug_info    0x000000000000d9aa      0x1b5 obj_cooja/mtype536.a(uip-debug.o)
 .debug_info    0x000000000000db5f      0x470 obj_cooja/mtype536.a(uip-packetqueue)
 .debug_info    0x000000000000dfcf     0x1903 obj_cooja/mtype536.a(rpl-dag.o)
 .debug_info    0x000000000000f8d2      0xe2b obj_cooja/mtype536.a(rpl-ext-header.)
 .debug_info    0x00000000000106fd     0x1695 obj_cooja/mtype536.a(rpl-icmp6.o)
 .debug_info    0x0000000000011d92      0xabe obj_cooja/mtype536.a(rpl-mrhof.o)
 .debug_info    0x0000000000012850      0xbeb obj_cooja/mtype536.a(rpl-timers.o)
 .debug_info    0x000000000001343b      0xcde obj_cooja/mtype536.a(rpl.o)
 .debug_info    0x0000000000014119      0x165 obj_cooja/mtype536.a(linkaddr.o)
 .debug_info    0x000000000001427e      0x8d7 obj_cooja/mtype536.a(nbr-table.o)
 .debug_info    0x0000000000014b55      0x4b9 obj_cooja/mtype536.a(netstack.o)
 .debug_info    0x000000000001500e      0x478 obj_cooja/mtype536.a(packetbuf.o)
 .debug_info    0x0000000000015486      0x57d obj_cooja/mtype536.a(queuebuf.o)
 .debug_info    0x0000000000015a03      0xbff obj_cooja/mtype536.a(csma.o)
 .debug_info    0x0000000000016602      0x5ed obj_cooja/mtype536.a(framer-802154.o)
 .debug_info    0x0000000000016bef      0x112 obj_cooja/mtype536.a(mac.o)
 .debug_info    0x0000000000016d01      0xa15 obj_cooja/mtype536.a(nullrdc.o)
 .debug_info    0x0000000000017716      0x3aa obj_cooja/mtype536.a(nullsec.o)
 .debug_info    0x0000000000017ac0       0x7b obj_cooja/mtype536.a(watchdog.o)
 .debug_info    0x0000000000017b3b      0x119 obj_cooja/mtype536.a(rimestats.o)
 .debug_info    0x0000000000017c54      0x179 obj_cooja/mtype536.a(stimer.o)
 .debug_info    0x0000000000017dcd      0x1d7 obj_cooja/mtype536.a(memb.o)
 .debug_info    0x0000000000017fa4      0xd60 obj_cooja/mtype536.a(uip-ds6-route.o)
 .debug_info    0x0000000000018d04      0x783 obj_cooja/mtype536.a(uip-icmp6.o)
 .debug_info    0x0000000000019487      0x331 obj_cooja/mtype536.a(uip-nd6.o)
 .debug_info    0x00000000000197b8      0xda2 obj_cooja/mtype536.a(rpl-nbr-policy.)
 .debug_info    0x000000000001a55a      0x6b4 obj_cooja/mtype536.a(frame802154.o)
 .debug_info    0x000000000001ac0e      0x297 obj_cooja/mtype536.a(mac-sequence.o)

.debug_abbrev   0x0000000000000000     0x662d
 *(.debug_abbrev)
 .debug_abbrev  0x0000000000000000      0x227 udp-server.co
 .debug_abbrev  0x0000000000000227      0x2b3 obj_cooja/mtype536.o
 .debug_abbrev  0x00000000000004da       0xc3 obj_cooja/mtype536.a(simEnvChange.o)
 .debug_abbrev  0x000000000000059d       0xe6 obj_cooja/mtype536.a(cooja_mt.o)
 .debug_abbrev  0x0000000000000683      0x147 obj_cooja/mtype536.a(cooja_mtarch.o)
 .debug_abbrev  0x00000000000007ca       0xcc obj_cooja/mtype536.a(rtimer-arch.o)
 .debug_abbrev  0x0000000000000896       0xe3 obj_cooja/mtype536.a(beep.o)
 .debug_abbrev  0x0000000000000979      0x11c obj_cooja/mtype536.a(button-sensor.o)
 .debug_abbrev  0x0000000000000a95       0xe1 obj_cooja/mtype536.a(leds-arch.o)
 .debug_abbrev  0x0000000000000b76       0x9c obj_cooja/mtype536.a(moteid.o)
 .debug_abbrev  0x0000000000000c12       0xe6 obj_cooja/mtype536.a(pir-sensor.o)
 .debug_abbrev  0x0000000000000cf8      0x14a obj_cooja/mtype536.a(rs232.o)
 .debug_abbrev  0x0000000000000e42       0xe6 obj_cooja/mtype536.a(vib-sensor.o)
 .debug_abbrev  0x0000000000000f28       0xee obj_cooja/mtype536.a(clock.o)
 .debug_abbrev  0x0000000000001016      0x141 obj_cooja/mtype536.a(log.o)
 .debug_abbrev  0x0000000000001157      0x139 obj_cooja/mtype536.a(cfs-cooja.o)
 .debug_abbrev  0x0000000000001290      0x2f2 obj_cooja/mtype536.a(cooja-radio.o)
 .debug_abbrev  0x0000000000001582       0xf5 obj_cooja/mtype536.a(eeprom.o)
 .debug_abbrev  0x0000000000001677       0x6d obj_cooja/mtype536.a(random.o)
 .debug_abbrev  0x00000000000016e4      0x1c2 obj_cooja/mtype536.a(sensors.o)
 .debug_abbrev  0x00000000000018a6      0x1fc obj_cooja/mtype536.a(dual_conf.o)
 .debug_abbrev  0x0000000000001aa2       0xfb obj_cooja/mtype536.a(autostart.o)
 .debug_abbrev  0x0000000000001b9d      0x1a1 obj_cooja/mtype536.a(ctimer.o)
 .debug_abbrev  0x0000000000001d3e      0x1f1 obj_cooja/mtype536.a(etimer.o)
 .debug_abbrev  0x0000000000001f2f      0x244 obj_cooja/mtype536.a(process.o)
 .debug_abbrev  0x0000000000002173      0x124 obj_cooja/mtype536.a(rtimer.o)