Archive member included to satisfy reference by file (symbol)

obj_cooja/mtype829.a(simEnvChange.o)
                              obj_cooja/mtype829.o (simDontFallAsleep)
obj_cooja/mtype829.a(cooja_mt.o)
                              obj_cooja/mtype829.o (cooja_mt_start)
obj_cooja/mtype829.a(cooja_mtarch.o)
                              obj_cooja/mtype829.a(cooja_mt.o) (cooja_mtarch_init)
obj_cooja/mtype829.a(rtimer-arch.o)
                              obj_cooja/mtype829.o (rtimer_arch_next)
obj_cooja/mtype829.a(beep.o)  obj_cooja/mtype829.o (beep_interface)
obj_cooja/mtype829.a(button-sensor.o)
                              obj_cooja/mtype829.o (button_interface)
obj_cooja/mtype829.a(leds-arch.o)
                              obj_cooja/mtype829.o (leds_interface)
obj_cooja/mtype829.a(moteid.o)
                              obj_cooja/mtype829.o (moteid_interface)
obj_cooja/mtype829.a(pir-sensor.o)
                              obj_cooja/mtype829.o (pir_interface)
obj_cooja/mtype829.a(rs232.o)
                              obj_cooja/mtype829.o (rs232_interface)
obj_cooja/mtype829.a(vib-sensor.o)
                              obj_cooja/mtype829.o (vib_interface)
obj_cooja/mtype829.a(clock.o)
                              obj_cooja/mtype829.o (clock_interface)
obj_cooja/mtype829.a(log.o)   obj_cooja/mtype829.o (simlog_interface)
obj_cooja/mtype829.a(cfs-cooja.o)
                              obj_cooja/mtype829.o (cfs_interface)
obj_cooja/mtype829.a(cooja-radio.o)
                              obj_cooja/mtype829.o (radio_interface)
obj_cooja/mtype829.a(eeprom.o)
                              obj_cooja/mtype829.o (eeprom_interface)
obj_cooja/mtype829.a(random.o)
                              obj_cooja/mtype829.a(moteid.o) (random_init)
obj_cooja/mtype829.a(sensors.o)
                              obj_cooja/mtype829.o (sensors_process)
obj_cooja/mtype829.a(dual_conf.o)
                              obj_cooja/mtype829.a(cooja-radio.o) (long_range_radio)
obj_cooja/mtype829.a(autostart.o)
                              obj_cooja/mtype829.o (autostart_start)
obj_cooja/mtype829.a(ctimer.o)
                              obj_cooja/mtype829.o (ctimer_init)
obj_cooja/mtype829.a(etimer.o)
                              obj_cooja/mtype829.o (etimer_process)
obj_cooja/mtype829.a(process.o)
                              udp-client.co (process_current)
obj_cooja/mtype829.a(rtimer.o)
                              obj_cooja/mtype829.a(rtimer-arch.o) (rtimer_run_next)
obj_cooja/mtype829.a(stimer.o)
                              udp-client.co (stimer_remaining)
obj_cooja/mtype829.a(timer.o)
                              obj_cooja/mtype829.a(button-sensor.o) (timer_set)
obj_cooja/mtype829.a(serial-line.o)
                              udp-client.co (serial_line_event_message)
obj_cooja/mtype829.a(list.o)  obj_cooja/mtype829.a(ctimer.o) (list_init)
obj_cooja/mtype829.a(ringbuf.o)
                              obj_cooja/mtype829.a(serial-line.o) (ringbuf_init)
obj_cooja/mtype829.a(sicslowpan.o)
                              obj_cooja/mtype829.o (sicslowpan_driver)
obj_cooja/mtype829.a(uip-ds6-nbr.o)
                              obj_cooja/mtype829.a(sicslowpan.o) (uip_ds6_link_neighbor_callback)
obj_cooja/mtype829.a(uip-ds6-route.o)
                              udp-client.co (uip_ds6_route_head)
obj_cooja/mtype829.a(uip-ds6.o)
                              udp-client.co (uip_ds6_if)
obj_cooja/mtype829.a(uip6.o)  udp-client.co (uip_lladdr)
obj_cooja/mtype829.a(tcpip.o)
                              udp-client.co (tcpip_event)
obj_cooja/mtype829.a(uip-debug.o)
                              udp-client.co (uip_debug_ipaddr_print)
obj_cooja/mtype829.a(uip-packetqueue)
                              obj_cooja/mtype829.a(uip-ds6-nbr.o) (uip_packetqueue_new)
obj_cooja/mtype829.a(uip-udp-packet.)
                              udp-client.co (uip_udp_packet_sendto)
obj_cooja/mtype829.a(rpl-dag.o)
                              obj_cooja/mtype829.a(tcpip.o) (rpl_repair_root)
obj_cooja/mtype829.a(rpl-ext-header.)
                              obj_cooja/mtype829.a(uip6.o) (rpl_verify_header)
obj_cooja/mtype829.a(rpl-icmp6.o)
                              obj_cooja/mtype829.a(rpl-dag.o) (rpl_icmp6_update_nbr_table)
obj_cooja/mtype829.a(rpl-mrhof.o)
                              obj_cooja/mtype829.a(rpl-dag.o) (rpl_mrhof)
obj_cooja/mtype829.a(rpl-timers.o)
                              obj_cooja/mtype829.a(rpl-dag.o) (rpl_reset_dio_timer)
obj_cooja/mtype829.a(rpl.o)   obj_cooja/mtype829.a(rpl-icmp6.o) (rpl_get_mode)
obj_cooja/mtype829.a(linkaddr.o)
                              obj_cooja/mtype829.o (linkaddr_node_addr)
obj_cooja/mtype829.a(nbr-table.o)
                              obj_cooja/mtype829.a(uip-ds6-nbr.o) (nbr_table_register)
obj_cooja/mtype829.a(netstack.o)
                              obj_cooja/mtype829.o (netstack_init)
obj_cooja/mtype829.a(packetbuf.o)
[...]
Memory Configuration

Name             Origin             Length             Attributes
*default*        0x0000000000000000 0xffffffffffffffff

Linker script and memory map

LOAD /usr/lib/gcc/i686-linux-gnu/4.8/../../../i386-linux-gnu/crti.o
LOAD /usr/lib/gcc/i686-linux-gnu/4.8/crtbeginS.o
LOAD udp-client.co
LOAD obj_cooja/mtype829.o
LOAD obj_cooja/mtype829.a
LOAD /usr/lib/gcc/i686-linux-gnu/4.8/libgcc.a
LOAD /usr/lib/gcc/i686-linux-gnu/4.8/libgcc_s.so
LOAD /usr/lib/gcc/i686-linux-gnu/4.8/../../../i386-linux-gnu/libc.so
START GROUP
LOAD /lib/i386-linux-gnu/libc.so.6
LOAD /usr/lib/i386-linux-gnu/libc_nonshared.a
LOAD /lib/i386-linux-gnu/ld-linux.so.2
END GROUP
LOAD /usr/lib/gcc/i686-linux-gnu/4.8/libgcc.a
LOAD /usr/lib/gcc/i686-linux-gnu/4.8/libgcc_s.so
LOAD /usr/lib/gcc/i686-linux-gnu/4.8/crtendS.o
LOAD /usr/lib/gcc/i686-linux-gnu/4.8/../../../i386-linux-gnu/crtn.o
                0x0000000000000114                . = (0x0 + SIZEOF_HEADERS)

.note.gnu.build-id
                0x0000000000000114       0x24
 *(.note.gnu.build-id)
 .note.gnu.build-id
                0x0000000000000114       0x24 /usr/lib/gcc/i686-linux-gnu/4.8/../../../i386-linux-gnu/crti.o

.hash
 *(.hash)

.gnu.hash       0x0000000000000138     0x1284
 *(.gnu.hash)
 .gnu.hash      0x0000000000000138     0x1284 /usr/lib/gcc/i686-linux-gnu/4.8/../../../i386-linux-gnu/crti.o

.dynsym         0x00000000000013bc     0x2250
 *(.dynsym)
 .dynsym        0x00000000000013bc     0x2250 /usr/lib/gcc/i686-linux-gnu/4.8/../../../i386-linux-gnu/crti.o

.dynstr         0x000000000000360c     0x23a3
 *(.dynstr)
 .dynstr        0x000000000000360c     0x23a3 /usr/lib/gcc/i686-linux-gnu/4.8/../../../i386-linux-gnu/crti.o

.gnu.version    0x00000000000059b0      0x44a
 *(.gnu.version)
 .gnu.version   0x00000000000059b0      0x44a /usr/lib/gcc/i686-linux-gnu/4.8/../../../i386-linux-gnu/crti.o

.gnu.version_d  0x0000000000005dfc        0x0
 *(.gnu.version_d)
 .gnu.version_d
                0x0000000000000000        0x0 /usr/lib/gcc/i686-linux-gnu/4.8/../../../i386-linux-gnu/crti.o

.gnu.version_r  0x0000000000005dfc       0x40
 *(.gnu.version_r)
 .gnu.version_r
                0x0000000000005dfc       0x40 /usr/lib/gcc/i686-linux-gnu/4.8/../../../i386-linux-gnu/crti.o

.rel.dyn        0x0000000000005e3c     0x9b50
 *(.rel.init)
 .rel.init      0x0000000000000000        0x0 /usr/lib/gcc/i686-linux-gnu/4.8/../../../i386-linux-gnu/crti.o
 *(.rel.text .rel.text.* .rel.gnu.linkonce.t.*)
 .rel.text      0x0000000000005e3c     0x93b0 /usr/lib/gcc/i686-linux-gnu/4.8/../../../i386-linux-gnu/crti.o
 *(.rel.fini)
 .rel.fini      0x0000000000000000        0x0 /usr/lib/gcc/i686-linux-gnu/4.8/../../../i386-linux-gnu/crti.o
 *(.rel.rodata .rel.rodata.* .rel.gnu.linkonce.r.*)
 .rel.rodata    0x000000000000f1ec      0x4e0 /usr/lib/gcc/i686-linux-gnu/4.8/../../../i386-linux-gnu/crti.o
 *(.rel.data.rel.ro .rel.data.rel.ro.* .rel.gnu.linkonce.d.rel.ro.*)
 *(.rel.data .rel.data.* .rel.gnu.linkonce.d.*)
 .rel.data.rel  0x000000000000f6cc        0x8 /usr/lib/gcc/i686-linux-gnu/4.8/../../../i386-linux-gnu/crti.o
 .rel.data      0x000000000000f6d4      0x280 /usr/lib/gcc/i686-linux-gnu/4.8/../../../i386-linux-gnu/crti.o
 *(.rel.tdata .rel.tdata.* .rel.gnu.linkonce.td.*)
 *(.rel.tbss .rel.tbss.* .rel.gnu.linkonce.tb.*)
 *(.rel.ctors)
 *(.rel.dtors)
 *(.rel.got)
 .rel.got       0x000000000000f954       0x28 /usr/lib/gcc/i686-linux-gnu/4.8/../../../i386-linux-gnu/crti.o
 *(.rel.bss .rel.bss.* .rel.gnu.linkonce.b.*)
 *(.rel.ifunc)
 .rel.ifunc     0x0000000000000000        0x0 /usr/lib/gcc/i686-linux-gnu/4.8/../../../i386-linux-gnu/crti.o
 .rel.fini_array
                0x000000000000f97c        0x8 /usr/lib/gcc/i686-linux-gnu/4.8/../../../i386-linux-gnu/crti.o
 .rel.init_array
                0x000000000000f984        0x8 /usr/lib/gcc/i686-linux-gnu/4.8/../../../i386-linux-gnu/crti.o

.rel.plt        0x000000000000f98c       0x10
 *(.rel.plt)
 .rel.plt       0x000000000000f98c       0x10 /usr/lib/gcc/i686-linux-gnu/4.8/../../../i386-linux-gnu/crti.o
 *(.rel.iplt)

.init           0x000000000000f99c       0x23
 *(SORT(.init))
 .init          0x000000000000f99c       0x1e /usr/lib/gcc/i686-linux-gnu/4.8/../../../i386-linux-gnu/crti.o
                0x000000000000f99c                _init
 .init          0x000000000000f9ba        0x5 /usr/lib/gcc/i686-linux-gnu/4.8/../../../i386-linux-gnu/crtn.o

.plt            0x000000000000f9c0       0x30
 *(.plt)
 .plt           0x000000000000f9c0       0x30 /usr/lib/gcc/i686-linux-gnu/4.8/../../../i386-linux-gnu/crti.o
 *(.iplt)

.text           0x000000000000f9f0    0x1611f
 *(.text.unlikely .text.*_unlikely .text.unlikely.*)
 *(.text.exit .text.exit.*)
 *(.text.startup .text.startup.*)
 *(.text.hot .text.hot.*)
 *(.text .stub .text.* .gnu.linkonce.t.*)
 .text          0x000000000000f9f0        0x0 /usr/lib/gcc/i686-linux-gnu/4.8/../../../i386-linux-gnu/crti.o
 .gnu.linkonce.t.__x86.get_pc_thunk.bx
                0x000000000000f9f0        0x4 /usr/lib/gcc/i686-linux-gnu/4.8/../../../i386-linux-gnu/crti.o
                0x000000000000f9f0                __x86.get_pc_thunk.bx
 *fill*         0x000000000000f9f4        0xc 
 .text          0x000000000000fa00      0x11b /usr/lib/gcc/i686-linux-gnu/4.8/crtbeginS.o
 .text          0x000000000000fb1b      0x5a4 udp-client.co
 .text          0x00000000000100bf      0x844 obj_cooja/mtype829.o
                0x000000000001026d                contiki_init
                0x000000000001071a                Java_org_contikios_cooja_corecomm_Lib30_init
                0x000000000001075a                Java_org_contikios_cooja_corecomm_Lib30_getMemory
                0x000000000001079a                Java_org_contikios_cooja_corecomm_Lib30_setMemory
                0x0000000000010811                Java_org_contikios_cooja_corecomm_Lib30_tick
                0x00000000000108f1                Java_org_contikios_cooja_corecomm_Lib30_setReferenceAddress
 .text          0x0000000000010903       0x63 obj_cooja/mtype829.a(simEnvChange.o)
                0x0000000000010903                doActionsBeforeTick
                0x0000000000010934                doActionsAfterTick
 .text          0x0000000000010966       0xbc obj_cooja/mtype829.a(cooja_mt.o)
                0x0000000000010966                cooja_mt_init
                0x0000000000010973                cooja_mt_remove
                0x0000000000010980                cooja_mt_start
                0x00000000000109ad                cooja_mt_exec
                0x00000000000109de                cooja_mt_exit
                0x0000000000010a00                cooja_mt_yield
 .text          0x0000000000010a22      0x115 obj_cooja/mtype829.a(cooja_mtarch.o)
                0x0000000000010a22                cooja_mtarch_init
                0x0000000000010a27                cooja_mtarch_start
                0x0000000000010aa2                cooja_sw
                0x0000000000010ac4                cooja_mtarch_exec
                0x0000000000010ae0                cooja_mtarch_remove
                0x0000000000010ae5                cooja_mtarch_yield
                0x0000000000010aef                cooja_mtarch_pstop
                0x0000000000010af4                cooja_mtarch_pstart
                0x0000000000010af9                cooja_mtarch_stack_usage
 .text          0x0000000000010b37       0xc2 obj_cooja/mtype829.a(rtimer-arch.o)
                0x0000000000010b37                rtimer_arch_init
                0x0000000000010b5a                rtimer_arch_schedule
                0x0000000000010b71                rtimer_arch_next
                0x0000000000010b7b                rtimer_arch_pending
                0x0000000000010b85                rtimer_arch_check
                0x0000000000010bb7                rtimer_arch_now
 .text          0x0000000000010bf9       0x76 obj_cooja/mtype829.a(beep.o)
                0x0000000000010bf9                beep_alarm
                0x0000000000010c05                beep_beep
                0x0000000000010c11                beep
                0x0000000000010c1d                beep_down
                0x0000000000010c29                beep_on
                0x0000000000010c35                beep_off
                0x0000000000010c41                beep_spinup
                0x0000000000010c4d                beep_quick
                0x0000000000010c59                beep_long
 .text          0x0000000000010c6f      0x103 obj_cooja/mtype829.a(button-sensor.o)
 .text          0x0000000000010d72       0x45 obj_cooja/mtype829.a(leds-arch.o)
                0x0000000000010d72                leds_arch_init
                0x0000000000010d7e                leds_arch_get
                0x0000000000010d8a                leds_arch_set
 .text          0x0000000000010db7       0x2f obj_cooja/mtype829.a(moteid.o)
 .text          0x0000000000010de6       0xb1 obj_cooja/mtype829.a(pir-sensor.o)
 .text          0x0000000000010e97      0x131 obj_cooja/mtype829.a(rs232.o)
                0x0000000000010e97                rs232_init
                0x0000000000010e9c                rs232_set_speed
                0x0000000000010eaa                rs232_set_input
                0x0000000000010eb7                rs232_send
                0x0000000000010ed9                rs232_print
                0x0000000000010ef4                slip_arch_writeb
 .text          0x0000000000010fc8       0xb1 obj_cooja/mtype829.a(vib-sensor.o)
 .text          0x0000000000011079       0x34 obj_cooja/mtype829.a(clock.o)
                0x0000000000011079                clock_init
                0x000000000001107e                clock_time
                0x0000000000011088                clock_seconds
                0x000000000001109e                clock_delay
 .text          0x00000000000110ad      0x1ed obj_cooja/mtype829.a(log.o)
                0x00000000000110ad                simlog_char
                0x00000000000110ef                simlog
                0x000000000001115c                log_message
                0x0000000000011184                log_set_putchar_with_slip
                0x0000000000011191                log_putchar
                0x0000000000011215                log_puts
                0x0000000000011239                log_printf
 .text          0x000000000001129a      0x2c4 obj_cooja/mtype829.a(cfs-cooja.o)
                0x000000000001129a                cfs_open
                0x0000000000011303                cfs_close
                0x000000000001130f                cfs_read
                0x00000000000113ad                cfs_write
                0x000000000001148a                cfs_seek
                0x0000000000011512                cfs_remove
                0x000000000001153b                cfs_opendir
                0x0000000000011545                cfs_readdir
                0x000000000001154f                cfs_closedir
 .text          0x000000000001155e      0x541 obj_cooja/mtype829.a(cooja-radio.o)
                0x0000000000011588                radio_set_channel
                0x000000000001159d                radio_set_txpower
                0x00000000000115b4                radio_signal_strength_last
                0x00000000000115be                radio_signal_strength_current
                0x00000000000115c8                radio_LQI
 .text          0x0000000000011a9f       0xef obj_cooja/mtype829.a(eeprom.o)
                0x0000000000011a9f                eeprom_init
                0x0000000000011aa4                eeprom_read
                0x0000000000011b14                eeprom_write
 .text          0x0000000000011b8e       0x28 obj_cooja/mtype829.a(random.o)
                0x0000000000011b8e                random_init
                0x0000000000011ba9                random_rand
 .text          0x0000000000011bb6      0x2a1 obj_cooja/mtype829.a(sensors.o)
                0x0000000000011bf1                sensors_first
                0x0000000000011bfb                sensors_next
                0x0000000000011c18                sensors_changed
                0x0000000000011c47                sensors_find
 .text          0x0000000000011e57      0x308 obj_cooja/mtype829.a(dual_conf.o)
                0x0000000000011e57                dual_radio_switch
                0x0000000000011eb2                dual_radio_change
                0x0000000000011eec                sending_in_LR
                0x0000000000011f17                dual_radio_received
                0x0000000000011f6a                radio_received_is_longrange
                0x0000000000012115                dio_broadcast
                0x000000000001213e                dis_broadcast
 .text          0x000000000001215f       0x8e obj_cooja/mtype829.a(autostart.o)
                0x000000000001215f                autostart_start
                0x00000000000121aa                autostart_exit
 .text          0x00000000000121ed      0x334 obj_cooja/mtype829.a(ctimer.o)
                0x0000000000012304                ctimer_init
                0x0000000000012334                ctimer_set
                0x0000000000012365                ctimer_set_with_process
                0x00000000000123e1                ctimer_reset
                0x0000000000012430                ctimer_restart
                0x000000000001247f                ctimer_stop
                0x00000000000124ca                ctimer_expired
 .text          0x0000000000012521      0x40b obj_cooja/mtype829.a(etimer.o)
                0x0000000000012734                etimer_request_poll
                0x00000000000127b8                etimer_set
                0x00000000000127dd                etimer_reset_with_new_interval
                0x0000000000012804                etimer_reset
                0x0000000000012822                etimer_restart
                0x0000000000012840                etimer_adjust
                0x000000000001285c                etimer_expired
                0x000000000001286f                etimer_expiration_time
                0x0000000000012881                etimer_start_time
                0x000000000001288b                etimer_pending
                0x000000000001289d                etimer_next_expiration_time
                0x00000000000128b7                etimer_stop
 .text          0x000000000001292c      0x560 obj_cooja/mtype829.a(process.o)
                0x000000000001292c                process_alloc_event
                0x0000000000012941                process_start
                0x0000000000012b2a                process_exit
                0x0000000000012b46                process_init
                0x0000000000012d17                process_run
                0x0000000000012d4a                process_nevents
                0x0000000000012d65                process_post
                0x0000000000012e11                process_post_synch
                0x0000000000012e49                process_poll
                0x0000000000012e78                process_is_running
 .text          0x0000000000012e8c       0xba obj_cooja/mtype829.a(rtimer.o)
                0x0000000000012e8c                rtimer_init
                0x0000000000012e99                rtimer_set
                0x0000000000012ef0                rtimer_run_next
 .text          0x0000000000012f46       0xa3 obj_cooja/mtype829.a(stimer.o)
                0x0000000000012f46                stimer_set
                0x0000000000012f61                stimer_reset
                0x0000000000012f78                stimer_restart
                0x0000000000012f8a                stimer_expired
                0x0000000000012fb1                stimer_remaining
                0x0000000000012fd5                stimer_elapsed
 .text          0x0000000000012fe9       0x91 obj_cooja/mtype829.a(timer.o)
                0x0000000000012fe9                timer_set
                0x0000000000013004                timer_reset
                0x000000000001301b                timer_restart
                0x000000000001302d                timer_expired
                0x0000000000013056                timer_remaining
 .text          0x000000000001307a      0x1fb obj_cooja/mtype829.a(serial-line.o)
                0x000000000001307a                serial_line_input_byte
                0x000000000001323d                serial_line_init
 .text          0x0000000000013275      0x244 obj_cooja/mtype829.a(list.o)
                0x0000000000013275                list_init
                0x0000000000013283                list_head
                0x000000000001328d                list_copy
                0x000000000001329c                list_tail
                0x00000000000132d2                list_add
                0x000000000001331b                list_push
                0x0000000000013347                list_chop
                0x00000000000133b1                list_pop
                0x00000000000133d9                list_remove
                0x0000000000013440                list_length
                0x000000000001346e                list_insert
                0x00000000000134a2                list_item_next
 .text          0x00000000000134b9      0x155 obj_cooja/mtype829.a(ringbuf.o)
                0x00000000000134b9                ringbuf_init
                0x00000000000134ea                ringbuf_put
                0x0000000000013568                ringbuf_get
                0x00000000000135d5                ringbuf_size
                0x00000000000135e7                ringbuf_elements
 .text          0x000000000001360e     0x102d obj_cooja/mtype829.a(sicslowpan.o)
                0x0000000000013b98                rime_sniffer_add
                0x0000000000013ba5                rime_sniffer_remove
                0x000000000001461d                sicslowpan_init
                0x0000000000014631                sicslowpan_get_last_rssi
 .text          0x000000000001463b      0x298 obj_cooja/mtype829.a(uip-ds6-nbr.o)
                0x0000000000014658                uip_ds6_neighbors_init
                0x0000000000014675                uip_ds6_nbr_add
                0x00000000000146fd                uip_ds6_nbr_rm
                0x000000000001473f                uip_ds6_nbr_get_ipaddr
                0x0000000000014754                uip_ds6_nbr_get_ll
                0x0000000000014770                uip_ds6_nbr_num
                0x00000000000147b5                uip_ds6_nbr_lookup
                0x000000000001481a                uip_ds6_nbr_ll_lookup
                0x0000000000014836                uip_ds6_nbr_ipaddr_from_lladdr
                0x000000000001485c                uip_ds6_nbr_lladdr_from_ipaddr
                0x000000000001488a                uip_ds6_link_neighbor_callback
 .text          0x00000000000148d3      0xc68 obj_cooja/mtype829.a(uip-ds6-route.o)
                0x00000000000149c1                uip_ds6_notification_add
                0x00000000000149f2                uip_ds6_notification_rm
                0x0000000000014a0e                uip_ds6_route_init
                0x0000000000014a96                uip_ds6_route_nexthop
                0x0000000000014abe                uip_ds6_route_head
                0x0000000000014ad3                uip_ds6_route_next
                0x0000000000014af9                uip_ds6_route_is_nexthop
                0x0000000000014b38                uip_ds6_route_num_routes
                0x0000000000014b42                uip_ds6_route_lookup
                0x0000000000014c7d                uip_ds6_route_add
                0x0000000000014f9a                uip_ds6_route_rm
                0x00000000000151ad                uip_ds6_route_rm_by_nexthop
                0x00000000000151e5                uip_ds6_defrt_add
                0x00000000000152f5                uip_ds6_defrt_rm
                0x000000000001538a                uip_ds6_defrt_lookup
                0x00000000000153e3                uip_ds6_defrt_choose
                0x00000000000154c7                uip_ds6_defrt_periodic
 .text          0x000000000001553b     0x1396 obj_cooja/mtype829.a(uip-ds6.o)
                0x000000000001553b                uip_ds6_init
                0x00000000000158e0                uip_ds6_periodic
                0x00000000000159b8                uip_ds6_list_loop
                0x0000000000015a5f                uip_ds6_prefix_add
                0x0000000000015b73                uip_ds6_prefix_rm
                0x0000000000015b85                uip_ds6_prefix_lookup
                0x0000000000015bd6                uip_ds6_is_addr_onlink
                0x0000000000015c4a                uip_ds6_addr_add
                0x0000000000015d78                uip_ds6_long_addr_add
                0x0000000000015ea6                uip_ds6_addr_rm
                0x0000000000015f46                uip_ds6_addr_lookup
                0x0000000000015f91                uip_ds6_long_addr_lookup
                0x0000000000015fdc                uip_ds6_get_link_local
                0x000000000001605b                uip_ds6_long_get_link_local
                0x00000000000160da                uip_ds6_get_global
                0x0000000000016159                uip_ds6_long_get_global
                0x00000000000161d8                uip_ds6_maddr_add
                0x000000000001624a                uip_ds6_long_maddr_add
                0x00000000000162bc                uip_ds6_maddr_rm
                0x00000000000162ce                uip_ds6_maddr_lookup
                0x0000000000016319                uip_ds6_long_maddr_lookup
                0x0000000000016364                uip_ds6_aaddr_add
                0x00000000000163d6                uip_ds6_long_aaddr_add
                0x0000000000016448                uip_ds6_aaddr_rm
                0x000000000001645a                uip_ds6_aaddr_lookup
                0x00000000000164a5                uip_ds6_long_aaddr_lookup
                0x00000000000164f0                uip_ds6_select_src
                0x00000000000167bc                uip_ds6_set_addr_iid
                0x00000000000167f3                get_match_length
                0x0000000000016885                uip_ds6_compute_reachable_time
 .text          0x00000000000168d1     0x2d5c obj_cooja/mtype829.a(uip6.o)
                0x00000000000168d1                uip_add32
                0x0000000000016a6a                uip_chksum
                0x0000000000016b80                uip_icmp6chksum
                0x0000000000016b94                uip_tcpchksum
                0x0000000000016ba8                uip_udpchksum
                0x0000000000016bbc                uip_init
                0x0000000000016c8c                uip_connect
                0x0000000000016e3b                remove_ext_hdr
                0x0000000000016f44                uip_udp_new
                0x00000000000170a0                uip_unlisten
                0x0000000000017100                uip_listen
                0x0000000000017426                uip_process
                0x0000000000019521                uip_htons
                0x0000000000019543                uip_htonl
                0x0000000000019583                uip_send
 .text          0x000000000001962d      0xa7d obj_cooja/mtype829.a(tcpip.o)
                0x000000000001962d                tcpip_output
                0x000000000001967e                tcpip_set_outputfunc
                0x000000000001971e                tcp_connect
                0x0000000000019773                tcp_unlisten
                0x00000000000197ce                tcp_listen
                0x0000000000019827                tcp_attach
                0x000000000001984c                udp_attach
                0x0000000000019871                udp_new
                0x00000000000198c3                udp_broadcast_new
                0x0000000000019b37                tcpip_input
                0x0000000000019b6b                tcpip_ipv6_output
                0x0000000000019ef0                tcpip_poll_udp
                0x0000000000019f13                tcpip_poll_tcp
                0x0000000000019f36                tcpip_uipcall
 .text          0x000000000001a0aa      0x1c1 obj_cooja/mtype829.a(uip-debug.o)
                0x000000000001a0aa                uip_debug_ipaddr_print
                0x000000000001a20c                uip_debug_lladdr_print
 .text          0x000000000001a26b      0x141 obj_cooja/mtype829.a(uip-packetqueue)
                0x000000000001a297                uip_packetqueue_new
                0x000000000001a2a5                uip_packetqueue_alloc
                0x000000000001a305                uip_packetqueue_free
                0x000000000001a346                uip_packetqueue_buf
                0x000000000001a363                uip_packetqueue_buflen
                0x000000000001a384                uip_packetqueue_set_buflen
 .text          0x000000000001a3ac      0x131 obj_cooja/mtype829.a(uip-udp-packet.)
                0x000000000001a3ac                uip_udp_packet_send
                0x000000000001a40c                uip_udp_packet_sendto
 .text          0x000000000001a4dd     0x2ce0 obj_cooja/mtype829.a(rpl-dag.o)
                0x000000000001a4dd                rpl_print_neighbor_list
                0x000000000001a6b2                rpl_get_nbr
                0x000000000001a70c                rpl_dag_init
                0x000000000001a729                rpl_get_parent
                0x000000000001a74b                rpl_get_parent_rank
                0x000000000001a77e                rpl_get_parent_link_metric
                0x000000000001a7b1                rpl_get_parent_ipaddr
                0x000000000001ab5d                rpl_set_root
                0x000000000001add1                rpl_repair_root
                0x000000000001b080                rpl_set_prefix
                0x000000000001b1a3                rpl_set_default_route
                0x000000000001b298                rpl_alloc_instance
                0x000000000001b32b                rpl_alloc_dag
                0x000000000001b3dc                rpl_set_default_instance
                0x000000000001b3e9                rpl_get_default_instance
                0x000000000001b3f3                rpl_free_instance
                0x000000000001b4bf                rpl_free_dag
                0x000000000001b548                rpl_add_parent
                0x000000000001b65a                rpl_find_parent
                0x000000000001b6b2                rpl_find_parent_any_dag
                0x000000000001b6ee                rpl_select_dag
                0x000000000001bb0b                rpl_select_parent
                0x000000000001bb6d                rpl_remove_parent
                0x000000000001bbbf                rpl_nullify_parent
                0x000000000001bcbb                rpl_move_parent
                0x000000000001bdc6                rpl_has_downward_route
                0x000000000001be19                rpl_get_any_dag
                0x000000000001be7b                rpl_get_instance
                0x000000000001bede                rpl_find_of
                0x000000000001bf1b                rpl_join_instance
                0x000000000001c252                rpl_add_dag
                0x000000000001c723                rpl_local_repair
                0x000000000001c7ff                rpl_recalculate_ranks
                0x000000000001c8a8                rpl_process_parent_event
                0x000000000001cabe                rpl_process_dio
 .text          0x000000000001d1bd      0xbf3 obj_cooja/mtype829.a(rpl-ext-header.)
                0x000000000001d1da                rpl_verify_header
                0x000000000001d654                rpl_update_header_empty
                0x000000000001d96b                rpl_update_header_final
                0x000000000001dafa                rpl_remove_header
                0x000000000001dc04                rpl_invert_header
                0x000000000001dd8e                rpl_insert_header
 .text          0x000000000001ddb0     0x22c2 obj_cooja/mtype829.a(rpl-icmp6.o)
                0x000000000001e00f                rpl_icmp6_update_nbr_table
                0x000000000001e209                dis_output
                0x000000000001eb30                dio_output
                0x000000000001fbb9                dao_output
                0x000000000001fc80                dao_output_target
                0x0000000000020026                dao_ack_output
                0x000000000002003a                rpl_icmp6_register_handlers
 .text          0x0000000000020072      0x315 obj_cooja/mtype829.a(rpl-mrhof.o)
 .text          0x0000000000020387      0x909 obj_cooja/mtype829.a(rpl-timers.o)
                0x0000000000020673                rpl_reset_periodic_timer
                0x00000000000206c8                rpl_reset_dio_timer
                0x0000000000020960                rpl_schedule_dao
                0x000000000002097b                rpl_schedule_dao_immediately
                0x0000000000020996                rpl_cancel_dao
                0x00000000000209f8                rpl_schedule_unicast_dio_immediately
                0x0000000000020c38                rpl_schedule_probing
 .text          0x0000000000020c90      0x6e0 obj_cooja/mtype829.a(rpl.o)
                0x0000000000020c90                rpl_get_mode
                0x0000000000020c9a                rpl_set_mode
                0x0000000000020d5e                rpl_purge_routes
                0x0000000000020e8d                rpl_remove_routes
                0x0000000000020ed3                rpl_remove_routes_by_nexthop
                0x0000000000020f3f                rpl_add_route
                0x000000000002100a                rpl_link_neighbor_callback
                0x000000000002111e                rpl_ipv6_neighbor_callback
                0x00000000000211ca                rpl_purge_dags
                0x00000000000212de                rpl_init
 .text          0x0000000000021370       0x82 obj_cooja/mtype829.a(linkaddr.o)
                0x0000000000021370                linkaddr_copy
                0x0000000000021392                linkaddr_cmp
                0x00000000000213bc                linkaddr_set_node_addr
                0x00000000000213d7                linkaddr_set_node_long_addr
 .text          0x00000000000213f2      0x769 obj_cooja/mtype829.a(nbr-table.o)
                0x0000000000021851                nbr_table_register
                0x0000000000021899                nbr_table_head
                0x00000000000218f5                nbr_table_next
                0x000000000002195c                nbr_table_add_lladdr
                0x0000000000021a38                nbr_table_get_from_lladdr
                0x0000000000021a85                nbr_table_remove
                0x0000000000021ad7                nbr_table_lock
                0x0000000000021b01                nbr_table_unlock
                0x0000000000021b2b                nbr_table_get_lladdr
 .text          0x0000000000021b5b       0x2b obj_cooja/mtype829.a(netstack.o)
                0x0000000000021b5b                netstack_init
 .text          0x0000000000021b86      0x3cd obj_cooja/mtype829.a(packetbuf.o)
                0x0000000000021b86                packetbuf_clear
                0x0000000000021bb0                packetbuf_copyfrom
                0x0000000000021c02                packetbuf_compact
                0x0000000000021c7f                packetbuf_copyto
                0x0000000000021d16                packetbuf_hdralloc
                0x0000000000021d93                packetbuf_hdrreduce
                0x0000000000021ddb                packetbuf_set_datalen
                0x0000000000021df4                packetbuf_dataptr
                0x0000000000021e11                packetbuf_hdrptr
                0x0000000000021e1b                packetbuf_datalen
                0x0000000000021e27                packetbuf_hdrlen
                0x0000000000021e3e                packetbuf_totlen
                0x0000000000021e54                packetbuf_attr_clear
                0x0000000000021ea6                packetbuf_attr_copyto
                0x0000000000021eef                packetbuf_attr_copyfrom
                0x0000000000021f37                packetbuf_holds_broadcast
 .text          0x0000000000021f53      0x2b4 obj_cooja/mtype829.a(queuebuf.o)
                0x0000000000021f5d                queuebuf_init
                0x0000000000021f7d                queuebuf_numfree
                0x0000000000021f91                queuebuf_new_from_packetbuf
                0x0000000000022021                queuebuf_update_attr_from_packetbuf
                0x0000000000022054                queuebuf_update_from_packetbuf
                0x000000000002209e                queuebuf_free
                0x00000000000220e5                queuebuf_to_packetbuf
                0x000000000002214b                queuebuf_dataptr
                0x0000000000022182                queuebuf_datalen
                0x00000000000221a5                queuebuf_addr
                0x00000000000221d7                queuebuf_attr
                0x0000000000022202                queuebuf_debug_print
 .text          0x0000000000022207      0x831 obj_cooja/mtype829.a(csma.o)
 .text          0x0000000000022a38      0x3f5 obj_cooja/mtype829.a(framer-802154.o)
 .text          0x0000000000022e2d       0x3c obj_cooja/mtype829.a(mac.o)
                0x0000000000022e2d                mac_call_sent_callback
 .text          0x0000000000022e69      0x556 obj_cooja/mtype829.a(nullrdc.o)
 .text          0x00000000000233bf       0x6e obj_cooja/mtype829.a(nullsec.o)
 .text          0x000000000002342d       0x19 obj_cooja/mtype829.a(watchdog.o)
                0x000000000002342d                watchdog_init
                0x0000000000023432                watchdog_start
                0x0000000000023437                watchdog_periodic
                0x000000000002343c                watchdog_stop
                0x0000000000023441                watchdog_reboot
 .text          0x0000000000023446        0x0 obj_cooja/mtype829.a(rimestats.o)
 .text          0x0000000000023446      0x1c1 obj_cooja/mtype829.a(memb.o)
                0x0000000000023446                memb_init
                0x00000000000234a4                memb_alloc
                0x0000000000023509                memb_free
                0x0000000000023584                memb_inmemb
                0x00000000000235c3                memb_numfree
 .text          0x0000000000023607     0x1382 obj_cooja/mtype829.a(uip-icmp6.o)
                0x0000000000023675                uip_icmp6_input
                0x00000000000236cb                uip_icmp6_register_input_handler
                0x0000000000023e8b                uip_icmp6_error_output
                0x0000000000024462                uip_icmp6_send
                0x000000000002491c                uip_icmp6_echo_reply_callback_add
                0x000000000002494d                uip_icmp6_echo_reply_callback_rm
                0x0000000000024969                uip_icmp6_init
 .text          0x0000000000024989      0x358 obj_cooja/mtype829.a(uip-nd6.o)
                0x00000000000249dd                uip_nd6_ns_output
                0x0000000000024cdc                uip_nd6_init
 .text          0x0000000000024ce1      0x331 obj_cooja/mtype829.a(rpl-nbr-policy.)
                0x0000000000024eb9                find_removable_dis
                0x0000000000024edc                find_removable_dio
                0x0000000000024f6b                find_removable_dao
                0x0000000000024fbb                rpl_nbr_policy_find_removable
 .text          0x0000000000025012      0x97c obj_cooja/mtype829.a(frame802154.o)
                0x0000000000025043                frame802154_get_pan_id
                0x000000000002504f                frame802154_set_pan_id
                0x0000000000025068                frame802154_has_panid
                0x0000000000025154                frame802154_check_dest_panid
                0x00000000000251bc                frame802154_is_broadcast_addr
                0x0000000000025209                frame802154_extract_linkaddr
                0x0000000000025449                frame802154_hdrlen
                0x000000000002549a                frame802154_create
                0x0000000000025685                frame802154_parse
 .text          0x000000000002598e      0x181 obj_cooja/mtype829.a(mac-sequence.o)
                0x00000000000259c5                mac_sequence_is_duplicate
                0x0000000000025a48                mac_sequence_register_seqno
 .text          0x0000000000025b0f        0x0 /usr/lib/gcc/i686-linux-gnu/4.8/crtendS.o
 .text          0x0000000000025b0f        0x0 /usr/lib/gcc/i686-linux-gnu/4.8/../../../i386-linux-gnu/crtn.o
 *(.gnu.warning)

.fini           0x0000000000025b10       0x14
 *(SORT(.fini))
 .fini          0x0000000000025b10        0xf /usr/lib/gcc/i686-linux-gnu/4.8/../../../i386-linux-gnu/crti.o
                0x0000000000025b10                _fini
 .fini          0x0000000000025b1f        0x5 /usr/lib/gcc/i686-linux-gnu/4.8/../../../i386-linux-gnu/crtn.o
                0x0000000000025b24                PROVIDE (__etext, .)
                0x0000000000025b24                PROVIDE (_etext, .)
                0x0000000000025b24                PROVIDE (etext, .)

.rodata         0x0000000000025b40     0x2f89
 *(.rodata .rodata.* .gnu.linkonce.r.*)
 .rodata        0x0000000000025b40      0x18a udp-client.co
                0x0000000000025b54                autostart_processes
 *fill*         0x0000000000025cca        0x2 
 .rodata        0x0000000000025ccc      0x15b obj_cooja/mtype829.o
 *fill*         0x0000000000025e27        0x1 
 .rodata        0x0000000000025e28        0x8 obj_cooja/mtype829.a(beep.o)
                0x0000000000025e28                beep_interface
 .rodata        0x0000000000025e30       0x20 obj_cooja/mtype829.a(button-sensor.o)
                0x0000000000025e30                button_interface
                0x0000000000025e40                button_sensor
 .rodata        0x0000000000025e50        0x8 obj_cooja/mtype829.a(leds-arch.o)
                0x0000000000025e50                leds_interface
 .rodata        0x0000000000025e58        0x8 obj_cooja/mtype829.a(moteid.o)
                0x0000000000025e58                moteid_interface
 .rodata        0x0000000000025e60       0x1c obj_cooja/mtype829.a(pir-sensor.o)
                0x0000000000025e60                pir_interface
                0x0000000000025e6c                pir_sensor
 .rodata        0x0000000000025e7c        0xe obj_cooja/mtype829.a(rs232.o)
                0x0000000000025e7c                rs232_interface
 *fill*         0x0000000000025e8a        0x2 
 .rodata        0x0000000000025e8c       0x24 obj_cooja/mtype829.a(vib-sensor.o)
                0x0000000000025e8c                vib_interface
                0x0000000000025ea0                vib_sensor
 .rodata        0x0000000000025eb0        0x8 obj_cooja/mtype829.a(clock.o)
                0x0000000000025eb0                clock_interface
 .rodata        0x0000000000025eb8        0x8 obj_cooja/mtype829.a(log.o)
                0x0000000000025eb8                simlog_interface
 .rodata        0x0000000000025ec0       0x2f obj_cooja/mtype829.a(cfs-cooja.o)
                0x0000000000025ec0                cfs_interface
 *fill*         0x0000000000025eef       0x11 
 .rodata        0x0000000000025f00      0x120 obj_cooja/mtype829.a(cooja-radio.o)
                0x0000000000025fe0                cooja_radio_driver
                0x0000000000026018                radio_interface
 .rodata        0x0000000000026020        0x8 obj_cooja/mtype829.a(eeprom.o)
                0x0000000000026020                eeprom_interface
 .rodata        0x0000000000026028        0x8 obj_cooja/mtype829.a(sensors.o)
 .rodata        0x0000000000026030      0x21d obj_cooja/mtype829.a(dual_conf.o)
 .rodata        0x000000000002624d        0xf obj_cooja/mtype829.a(ctimer.o)
 .rodata        0x000000000002625c        0xc obj_cooja/mtype829.a(etimer.o)
 .rodata        0x0000000000026268        0xe obj_cooja/mtype829.a(serial-line.o)
 *fill*         0x0000000000026276        0x2 
 .rodata        0x0000000000026278       0x18 obj_cooja/mtype829.a(sicslowpan.o)
                0x0000000000026284                sicslowpan_driver
 .rodata        0x0000000000026290      0x480 obj_cooja/mtype829.a(uip-ds6-route.o)
 .rodata        0x0000000000026710      0x134 obj_cooja/mtype829.a(uip-ds6.o)
 .rodata        0x0000000000026844      0x590 obj_cooja/mtype829.a(uip6.o)
 .rodata        0x0000000000026dd4      0x113 obj_cooja/mtype829.a(tcpip.o)
 .rodata        0x0000000000026ee7       0x3e obj_cooja/mtype829.a(uip-debug.o)
 *fill*         0x0000000000026f25        0x3 
 .rodata        0x0000000000026f28      0xc0b obj_cooja/mtype829.a(rpl-dag.o)
 *fill*         0x0000000000027b33        0x1 
 .rodata        0x0000000000027b34      0x8a4 obj_cooja/mtype829.a(rpl-icmp6.o)
 .rodata        0x00000000000283d8       0x6f obj_cooja/mtype829.a(rpl-mrhof.o)
 *fill*         0x0000000000028447        0x1 
 .rodata        0x0000000000028448      0x260 obj_cooja/mtype829.a(rpl-timers.o)
 .rodata        0x00000000000286a8      0x1be obj_cooja/mtype829.a(rpl.o)
 .rodata        0x0000000000028866        0x8 obj_cooja/mtype829.a(linkaddr.o)
                0x0000000000028866                linkaddr_null
 *fill*         0x000000000002886e        0x2 
 .rodata        0x0000000000028870       0x24 obj_cooja/mtype829.a(csma.o)
                0x0000000000028878                csma_driver
 .rodata        0x0000000000028894        0xc obj_cooja/mtype829.a(framer-802154.o)
                0x0000000000028894                framer_802154
 .rodata        0x00000000000288a0      0x140 obj_cooja/mtype829.a(nullrdc.o)
                0x00000000000289c0                nullrdc_driver
 .rodata        0x00000000000289e0       0x18 obj_cooja/mtype829.a(nullsec.o)
                0x00000000000289e8                nullsec_driver
 .rodata        0x00000000000289f8       0xd1 obj_cooja/mtype829.a(uip-icmp6.o)

.rodata1
 *(.rodata1)

.eh_frame_hdr   0x0000000000028acc     0x130c
 *(.eh_frame_hdr)
 .eh_frame_hdr  0x0000000000028acc     0x130c udp-client.co

.eh_frame       0x0000000000029dd8     0x4da0
 *(.eh_frame)
 .eh_frame      0x0000000000029dd8       0x3c /usr/lib/gcc/i686-linux-gnu/4.8/../../../i386-linux-gnu/crti.o
                                         0x40 (size before relaxing)
 .eh_frame      0x0000000000029e14       0xa8 udp-client.co
                                         0xc0 (size before relaxing)
 .eh_frame      0x0000000000029ebc      0x148 obj_cooja/mtype829.o
                                        0x160 (size before relaxing)
 .eh_frame      0x000000000002a004       0x40 obj_cooja/mtype829.a(simEnvChange.o)
                                         0x58 (size before relaxing)
 .eh_frame      0x000000000002a044       0xc0 obj_cooja/mtype829.a(cooja_mt.o)
                                         0xd8 (size before relaxing)
 .eh_frame      0x000000000002a104      0x120 obj_cooja/mtype829.a(cooja_mtarch.o)
                                        0x138 (size before relaxing)
 .eh_frame      0x000000000002a224       0xc0 obj_cooja/mtype829.a(rtimer-arch.o)
                                         0xd8 (size before relaxing)
 .eh_frame      0x000000000002a2e4      0x160 obj_cooja/mtype829.a(beep.o)
                                        0x178 (size before relaxing)
 .eh_frame      0x000000000002a444       0xa0 obj_cooja/mtype829.a(button-sensor.o)
                                         0xb8 (size before relaxing)
 .eh_frame      0x000000000002a4e4       0xa0 obj_cooja/mtype829.a(leds-arch.o)
                                         0xb8 (size before relaxing)
 .eh_frame      0x000000000002a584       0x40 obj_cooja/mtype829.a(moteid.o)
                                         0x58 (size before relaxing)
 .eh_frame      0x000000000002a5c4       0xa0 obj_cooja/mtype829.a(pir-sensor.o)
                                         0xb8 (size before relaxing)
 .eh_frame      0x000000000002a664      0x100 obj_cooja/mtype829.a(rs232.o)
                                        0x118 (size before relaxing)
 .eh_frame      0x000000000002a764       0xa0 obj_cooja/mtype829.a(vib-sensor.o)
                                         0xb8 (size before relaxing)
 .eh_frame      0x000000000002a804       0xc0 obj_cooja/mtype829.a(clock.o)
                                         0xd8 (size before relaxing)
 .eh_frame      0x000000000002a8c4      0x120 obj_cooja/mtype829.a(log.o)
                                        0x138 (size before relaxing)
 .eh_frame      0x000000000002a9e4      0x160 obj_cooja/mtype829.a(cfs-cooja.o)
                                        0x178 (size before relaxing)
 .eh_frame      0x000000000002ab44      0x2e0 obj_cooja/mtype829.a(cooja-radio.o)
                                        0x2f8 (size before relaxing)
 .eh_frame      0x000000000002ae24       0xa0 obj_cooja/mtype829.a(eeprom.o)
                                         0xb8 (size before relaxing)
 .eh_frame      0x000000000002aec4       0x40 obj_cooja/mtype829.a(random.o)
                                         0x58 (size before relaxing)
 .eh_frame      0x000000000002af04       0xc0 obj_cooja/mtype829.a(sensors.o)
                                         0xd8 (size before relaxing)
 .eh_frame      0x000000000002afc4      0x120 obj_cooja/mtype829.a(dual_conf.o)
                                        0x138 (size before relaxing)
 .eh_frame      0x000000000002b0e4       0x40 obj_cooja/mtype829.a(autostart.o)
                                         0x58 (size before relaxing)
 .eh_frame      0x000000000002b124      0x100 obj_cooja/mtype829.a(ctimer.o)
                                        0x118 (size before relaxing)
 .eh_frame      0x000000000002b224      0x1e0 obj_cooja/mtype829.a(etimer.o)
                                        0x1f8 (size before relaxing)
 .eh_frame      0x000000000002b404      0x1c8 obj_cooja/mtype829.a(process.o)
                                        0x1e0 (size before relaxing)
 .eh_frame      0x000000000002b5cc       0x60 obj_cooja/mtype829.a(rtimer.o)
                                         0x78 (size before relaxing)
 .eh_frame      0x000000000002b62c       0xc4 obj_cooja/mtype829.a(stimer.o)
                                         0xdc (size before relaxing)
 .eh_frame      0x000000000002b6f0       0xa4 obj_cooja/mtype829.a(timer.o)
                                         0xbc (size before relaxing)
 .eh_frame      0x000000000002b794       0x60 obj_cooja/mtype829.a(serial-line.o)
                                         0x78 (size before relaxing)
 .eh_frame      0x000000000002b7f4      0x180 obj_cooja/mtype829.a(list.o)
                                        0x198 (size before relaxing)
 .eh_frame      0x000000000002b974       0xa0 obj_cooja/mtype829.a(ringbuf.o)
                                         0xb8 (size before relaxing)
 .eh_frame      0x000000000002ba14      0x278 obj_cooja/mtype829.a(sicslowpan.o)
                                        0x290 (size before relaxing)
 .eh_frame      0x000000000002bc8c      0x180 obj_cooja/mtype829.a(uip-ds6-nbr.o)
                                        0x198 (size before relaxing)
 .eh_frame      0x000000000002be0c      0x2c0 obj_cooja/mtype829.a(uip-ds6-route.o)
                                        0x2d8 (size before relaxing)
 .eh_frame      0x000000000002c0cc      0x3c8 obj_cooja/mtype829.a(uip-ds6.o)
                                        0x3e0 (size before relaxing)
 .eh_frame      0x000000000002c494      0x27c obj_cooja/mtype829.a(uip6.o)
                                        0x294 (size before relaxing)
 .eh_frame      0x000000000002c710      0x270 obj_cooja/mtype829.a(tcpip.o)
                                        0x288 (size before relaxing)
 .eh_frame      0x000000000002c980       0x48 obj_cooja/mtype829.a(uip-debug.o)
                                         0x60 (size before relaxing)
 .eh_frame      0x000000000002c9c8       0xe0 obj_cooja/mtype829.a(uip-packetqueue)
                                         0xf8 (size before relaxing)
 .eh_frame      0x000000000002caa8       0x40 obj_cooja/mtype829.a(uip-udp-packet.)
                                         0x58 (size before relaxing)
 .eh_frame      0x000000000002cae8      0x674 obj_cooja/mtype829.a(rpl-dag.o)
                                        0x68c (size before relaxing)
 .eh_frame      0x000000000002d15c      0x10c obj_cooja/mtype829.a(rpl-ext-header.)
                                        0x124 (size before relaxing)
 .eh_frame      0x000000000002d268      0x288 obj_cooja/mtype829.a(rpl-icmp6.o)
                                        0x2a0 (size before relaxing)
 .eh_frame      0x000000000002d4f0       0xe4 obj_cooja/mtype829.a(rpl-mrhof.o)
                                         0xfc (size before relaxing)
 .eh_frame      0x000000000002d5d4      0x210 obj_cooja/mtype829.a(rpl-timers.o)
                                        0x228 (size before relaxing)
 .eh_frame      0x000000000002d7e4      0x140 obj_cooja/mtype829.a(rpl.o)
                                        0x158 (size before relaxing)
 .eh_frame      0x000000000002d924       0x80 obj_cooja/mtype829.a(linkaddr.o)
                                         0x98 (size before relaxing)
 .eh_frame      0x000000000002d9a4      0x26c obj_cooja/mtype829.a(nbr-table.o)
                                        0x284 (size before relaxing)
 .eh_frame      0x000000000002dc10       0x20 obj_cooja/mtype829.a(netstack.o)
                                         0x38 (size before relaxing)
 .eh_frame      0x000000000002dc30      0x214 obj_cooja/mtype829.a(packetbuf.o)
                                        0x22c (size before relaxing)
 .eh_frame      0x000000000002de44      0x1a0 obj_cooja/mtype829.a(queuebuf.o)
                                        0x1b8 (size before relaxing)
 .eh_frame      0x000000000002dfe4      0x28c obj_cooja/mtype829.a(csma.o)
                                        0x2a4 (size before relaxing)
 .eh_frame      0x000000000002e270      0x108 obj_cooja/mtype829.a(framer-802154.o)
                                        0x120 (size before relaxing)
 .eh_frame      0x000000000002e378       0x20 obj_cooja/mtype829.a(mac.o)
                                         0x38 (size before relaxing)
 .eh_frame      0x000000000002e398      0x18c obj_cooja/mtype829.a(nullrdc.o)
                                        0x1a4 (size before relaxing)
 .eh_frame      0x000000000002e524       0x80 obj_cooja/mtype829.a(nullsec.o)
                                         0x98 (size before relaxing)
 .eh_frame      0x000000000002e5a4       0xa0 obj_cooja/mtype829.a(watchdog.o)
                                         0xb8 (size before relaxing)
 .eh_frame      0x000000000002e644       0xa0 obj_cooja/mtype829.a(memb.o)
                                         0xb8 (size before relaxing)
 .eh_frame      0x000000000002e6e4      0x17c obj_cooja/mtype829.a(uip-icmp6.o)
                                        0x194 (size before relaxing)
 .eh_frame      0x000000000002e860       0x68 obj_cooja/mtype829.a(uip-nd6.o)
                                         0x80 (size before relaxing)
 .eh_frame      0x000000000002e8c8       0xc0 obj_cooja/mtype829.a(rpl-nbr-policy.)
                                         0xd8 (size before relaxing)
 .eh_frame      0x000000000002e988      0x164 obj_cooja/mtype829.a(frame802154.o)
                                        0x17c (size before relaxing)
 .eh_frame      0x000000000002eaec       0x88 obj_cooja/mtype829.a(mac-sequence.o)
                                         0xa0 (size before relaxing)
 .eh_frame      0x000000000002eb74        0x4 /usr/lib/gcc/i686-linux-gnu/4.8/crtendS.o

.gcc_except_table
 *(.gcc_except_table .gcc_except_table.*)

.exception_ranges
 *(.exception_ranges .exception_ranges*)
                0x000000000002eb78                . = (ALIGN (0x1000) - ((0x1000 - .) & 0xfff))
                0x000000000002fef8                . = DATA_SEGMENT_ALIGN (0x1000, 0x1000)

.eh_frame
 *(.eh_frame)

.gcc_except_table
 *(.gcc_except_table .gcc_except_table.*)

.exception_ranges
 *(.exception_ranges .exception_ranges*)

.tdata
 *(.tdata .tdata.* .gnu.linkonce.td.*)

.tbss
 *(.tbss .tbss.* .gnu.linkonce.tb.*)
 *(.tcommon)

.preinit_array
 *(.preinit_array)

.init_array     0x000000000002fef8        0x4
 *(SORT(.init_array.*) SORT(.ctors.*))
 *(.init_array EXCLUDE_FILE(*crtend?.o *crtend.o *crtbegin?.o *crtbegin.o) .ctors)
 .init_array    0x000000000002fef8        0x4 /usr/lib/gcc/i686-linux-gnu/4.8/crtbeginS.o

.fini_array     0x000000000002fefc        0x4
 *(SORT(.fini_array.*) SORT(.dtors.*))
 *(.fini_array EXCLUDE_FILE(*crtend?.o *crtend.o *crtbegin?.o *crtbegin.o) .dtors)
 .fini_array    0x000000000002fefc        0x4 /usr/lib/gcc/i686-linux-gnu/4.8/crtbeginS.o

.ctors
 *crtbegin.o(.ctors)
 *crtbegin?.o(.ctors)
 *(EXCLUDE_FILE(*crtend?.o *crtend.o) .ctors)
 *(SORT(.ctors.*))
 *(.ctors)

.dtors
 *crtbegin.o(.dtors)
 *crtbegin?.o(.dtors)
 *(EXCLUDE_FILE(*crtend?.o *crtend.o) .dtors)
 *(SORT(.dtors.*))
 *(.dtors)

.jcr            0x000000000002ff00        0x4
 *(.jcr)
 .jcr           0x000000000002ff00        0x0 /usr/lib/gcc/i686-linux-gnu/4.8/crtbeginS.o
 .jcr           0x000000000002ff00        0x4 /usr/lib/gcc/i686-linux-gnu/4.8/crtendS.o

.data.rel.ro
 *(.data.rel.ro.local* .gnu.linkonce.d.rel.ro.local.*)
 *(.data.rel.ro .data.rel.ro.* .gnu.linkonce.d.rel.ro.*)

.dynamic        0x000000000002ff04       0xe8
 *(.dynamic)
 .dynamic       0x000000000002ff04       0xe8 /usr/lib/gcc/i686-linux-gnu/4.8/../../../i386-linux-gnu/crti.o
                0x000000000002ff04                _DYNAMIC

.got            0x000000000002ffec       0x14
 *(.got)
 .got           0x000000000002ffec       0x14 /usr/lib/gcc/i686-linux-gnu/4.8/../../../i386-linux-gnu/crti.o
 *(.igot)
                0x0000000000030ff4                . = DATA_SEGMENT_RELRO_END (., (SIZEOF (.got.plt) >= 0xc)?0xc:0x0)

.got.plt        0x0000000000030000       0x14
 *(.got.plt)
 .got.plt       0x0000000000030000       0x14 /usr/lib/gcc/i686-linux-gnu/4.8/../../../i386-linux-gnu/crti.o
                0x0000000000030000                _GLOBAL_OFFSET_TABLE_
 *(.igot.plt)

.data           0x0000000000030020      0x246
 *(.data .data.* .gnu.linkonce.d.*)
 .data          0x0000000000030020        0x0 /usr/lib/gcc/i686-linux-gnu/4.8/../../../i386-linux-gnu/crti.o
 .data          0x0000000000030020        0x0 /usr/lib/gcc/i686-linux-gnu/4.8/crtbeginS.o
 .data.rel      0x0000000000030020        0x4 /usr/lib/gcc/i686-linux-gnu/4.8/crtbeginS.o
                0x0000000000030020                __dso_handle
 .data          0x0000000000030024       0x10 udp-client.co
                0x0000000000030024                udp_client_process
 *fill*         0x0000000000030034        0xc 
 .data          0x0000000000030040       0x44 obj_cooja/mtype829.o
                0x0000000000030040                simInterfaces
                0x0000000000030074                sensors
 .data          0x0000000000030084        0x0 obj_cooja/mtype829.a(simEnvChange.o)
 .data          0x0000000000030084        0x0 obj_cooja/mtype829.a(cooja_mt.o)
 .data          0x0000000000030084        0x0 obj_cooja/mtype829.a(cooja_mtarch.o)
 .data          0x0000000000030084        0x0 obj_cooja/mtype829.a(rtimer-arch.o)
 .data          0x0000000000030084        0x0 obj_cooja/mtype829.a(beep.o)
 .data          0x0000000000030084        0x0 obj_cooja/mtype829.a(button-sensor.o)
 .data          0x0000000000030084        0x0 obj_cooja/mtype829.a(leds-arch.o)
 .data          0x0000000000030084        0x0 obj_cooja/mtype829.a(moteid.o)
 .data          0x0000000000030084        0x0 obj_cooja/mtype829.a(pir-sensor.o)
 .data          0x0000000000030084        0x0 obj_cooja/mtype829.a(rs232.o)
 .data          0x0000000000030084        0x0 obj_cooja/mtype829.a(vib-sensor.o)
 .data          0x0000000000030084        0x0 obj_cooja/mtype829.a(clock.o)
 .data          0x0000000000030084        0x0 obj_cooja/mtype829.a(log.o)
 .data          0x0000000000030084        0x0 obj_cooja/mtype829.a(cfs-cooja.o)
 .data          0x0000000000030084       0x2c obj_cooja/mtype829.a(cooja-radio.o)
                0x0000000000030084                simRadioHWOn
                0x0000000000030088                simSignalStrength
                0x000000000003008c                simLastSignalStrength
                0x0000000000030090                simPower
                0x0000000000030094                simRadioChannel
                0x0000000000030098                simRadioChannelLR
                0x000000000003009c                simLQI
                0x00000000000300a0                cooja_radio_process
 .data          0x00000000000300b0        0x0 obj_cooja/mtype829.a(eeprom.o)
 .data          0x00000000000300b0        0x0 obj_cooja/mtype829.a(random.o)
 .data          0x00000000000300b0       0x10 obj_cooja/mtype829.a(sensors.o)
                0x00000000000300b0                sensors_process
 .data          0x00000000000300c0       0x24 obj_cooja/mtype829.a(dual_conf.o)
                0x00000000000300c0                radio_received
                0x00000000000300c4                dual_dio_broadcast
                0x00000000000300d4                dual_dis_broadcast
 .data          0x00000000000300e4        0x0 obj_cooja/mtype829.a(autostart.o)
 .data          0x00000000000300e4       0x14 obj_cooja/mtype829.a(ctimer.o)
                0x00000000000300e8                ctimer_process
 .data          0x00000000000300f8       0x10 obj_cooja/mtype829.a(etimer.o)
                0x00000000000300f8                etimer_process
 .data          0x0000000000030108        0x0 obj_cooja/mtype829.a(process.o)
 .data          0x0000000000030108        0x0 obj_cooja/mtype829.a(rtimer.o)
 .data          0x0000000000030108        0x0 obj_cooja/mtype829.a(stimer.o)
 .data          0x0000000000030108        0x0 obj_cooja/mtype829.a(timer.o)
 .data          0x0000000000030108       0x10 obj_cooja/mtype829.a(serial-line.o)
                0x0000000000030108                serial_line_process
 .data          0x0000000000030118        0x0 obj_cooja/mtype829.a(list.o)
 .data          0x0000000000030118        0x0 obj_cooja/mtype829.a(ringbuf.o)
 .data          0x0000000000030118        0x0 obj_cooja/mtype829.a(sicslowpan.o)
 .data          0x0000000000030118       0x14 obj_cooja/mtype829.a(uip-ds6-nbr.o)
                0x0000000000030128                ds6_neighbors
 .data          0x000000000003012c       0x44 obj_cooja/mtype829.a(uip-ds6-route.o)
                0x000000000003013c                nbr_routes
 .data          0x0000000000030170        0x0 obj_cooja/mtype829.a(uip-ds6.o)
 .data          0x0000000000030170        0x0 obj_cooja/mtype829.a(uip6.o)
 .data          0x0000000000030170       0x10 obj_cooja/mtype829.a(tcpip.o)
                0x0000000000030170                tcpip_process
 .data          0x0000000000030180        0x0 obj_cooja/mtype829.a(uip-debug.o)
 .data          0x0000000000030180        0xc obj_cooja/mtype829.a(uip-packetqueue)
 .data          0x000000000003018c        0x0 obj_cooja/mtype829.a(uip-udp-packet.)
 .data          0x000000000003018c       0x14 obj_cooja/mtype829.a(rpl-dag.o)
                0x000000000003019c                rpl_parents
 .data          0x00000000000301a0        0x0 obj_cooja/mtype829.a(rpl-ext-header.)
 .data          0x00000000000301a0       0x34 obj_cooja/mtype829.a(rpl-icmp6.o)
 .data          0x00000000000301d4       0x1c obj_cooja/mtype829.a(rpl-mrhof.o)
                0x00000000000301d4                rpl_mrhof
 .data          0x00000000000301f0        0x0 obj_cooja/mtype829.a(rpl-timers.o)
 .data          0x00000000000301f0        0x0 obj_cooja/mtype829.a(rpl.o)
 .data          0x00000000000301f0        0x0 obj_cooja/mtype829.a(linkaddr.o)
 .data          0x00000000000301f0       0x10 obj_cooja/mtype829.a(nbr-table.o)
 .data          0x0000000000030200        0x0 obj_cooja/mtype829.a(netstack.o)
 .data          0x0000000000030200        0x4 obj_cooja/mtype829.a(packetbuf.o)
 .data          0x0000000000030204       0x18 obj_cooja/mtype829.a(queuebuf.o)
 .data          0x000000000003021c       0x28 obj_cooja/mtype829.a(csma.o)
 .data          0x0000000000030244        0x0 obj_cooja/mtype829.a(framer-802154.o)
 .data          0x0000000000030244        0x0 obj_cooja/mtype829.a(mac.o)
 .data          0x0000000000030244        0x0 obj_cooja/mtype829.a(nullrdc.o)
 .data          0x0000000000030244        0x0 obj_cooja/mtype829.a(nullsec.o)
 .data          0x0000000000030244        0x0 obj_cooja/mtype829.a(watchdog.o)
 .data          0x0000000000030244        0x0 obj_cooja/mtype829.a(rimestats.o)
 .data          0x0000000000030244        0x0 obj_cooja/mtype829.a(memb.o)
 .data          0x0000000000030244       0x20 obj_cooja/mtype829.a(uip-icmp6.o)
 .data          0x0000000000030264        0x0 obj_cooja/mtype829.a(uip-nd6.o)
 .data          0x0000000000030264        0x0 obj_cooja/mtype829.a(rpl-nbr-policy.)
 .data          0x0000000000030264        0x2 obj_cooja/mtype829.a(frame802154.o)
 .data          0x0000000000030266        0x0 obj_cooja/mtype829.a(mac-sequence.o)
 .data          0x0000000000030266        0x0 /usr/lib/gcc/i686-linux-gnu/4.8/crtendS.o
 .data          0x0000000000030266        0x0 /usr/lib/gcc/i686-linux-gnu/4.8/../../../i386-linux-gnu/crtn.o

.tm_clone_table
                0x0000000000030268        0x0
 .tm_clone_table
                0x0000000000030268        0x0 /usr/lib/gcc/i686-linux-gnu/4.8/crtbeginS.o
 .tm_clone_table
                0x0000000000030268        0x0 /usr/lib/gcc/i686-linux-gnu/4.8/crtendS.o

.data1
 *(.data1)
                0x0000000000030268                _edata = .
                0x0000000000030268                PROVIDE (edata, .)
                0x0000000000030268                . = .
                0x0000000000030268                __bss_start = .

.bss            0x0000000000030280     0x8268
 *(.dynbss)
 .dynbss        0x0000000000000000        0x0 /usr/lib/gcc/i686-linux-gnu/4.8/../../../i386-linux-gnu/crti.o
 *(.bss .bss.* .gnu.linkonce.b.*)
 .bss           0x0000000000030280        0x0 /usr/lib/gcc/i686-linux-gnu/4.8/../../../i386-linux-gnu/crti.o
 .bss           0x0000000000030280        0x1 /usr/lib/gcc/i686-linux-gnu/4.8/crtbeginS.o
 *fill*         0x0000000000030281       0x1f 
 .bss           0x00000000000302a0       0x60 udp-client.co
 .bss           0x0000000000030300     0x2030 obj_cooja/mtype829.o
 .bss           0x0000000000032330        0x1 obj_cooja/mtype829.a(simEnvChange.o)
                0x0000000000032330                simDontFallAsleep
 *fill*         0x0000000000032331        0x3 
 .bss           0x0000000000032334        0x4 obj_cooja/mtype829.a(cooja_mt.o)
 .bss           0x0000000000032338        0x4 obj_cooja/mtype829.a(cooja_mtarch.o)
 .bss           0x000000000003233c        0xc obj_cooja/mtype829.a(rtimer-arch.o)
 .bss           0x0000000000032348        0x0 obj_cooja/mtype829.a(beep.o)
 .bss           0x0000000000032348        0x8 obj_cooja/mtype829.a(button-sensor.o)
 .bss           0x0000000000032350        0x0 obj_cooja/mtype829.a(leds-arch.o)
 .bss           0x0000000000032350        0x0 obj_cooja/mtype829.a(moteid.o)
 .bss           0x0000000000032350        0x1 obj_cooja/mtype829.a(pir-sensor.o)
                0x0000000000032350                simPirValue
 *fill*         0x0000000000032351        0x3 
 .bss           0x0000000000032354        0x4 obj_cooja/mtype829.a(rs232.o)
 .bss           0x0000000000032358        0x1 obj_cooja/mtype829.a(vib-sensor.o)
                0x0000000000032358                simVibValue
 .bss           0x0000000000032359        0x0 obj_cooja/mtype829.a(clock.o)
 *fill*         0x0000000000032359        0x7 
 .bss           0x0000000000032360      0x420 obj_cooja/mtype829.a(log.o)
 .bss           0x0000000000032780      0xfc0 obj_cooja/mtype829.a(cfs-cooja.o)
                0x0000000000032780                simCFSData
                0x0000000000033720                simCFSSize
                0x0000000000033724                simCFSChanged
                0x0000000000033728                simCFSRead
                0x000000000003372c                simCFSWritten
 .bss           0x0000000000033740       0x20 obj_cooja/mtype829.a(cooja-radio.o)
                0x0000000000033740                simReceiving
                0x0000000000033741                simReceivingLR
                0x0000000000033744                simInSize
                0x0000000000033748                simInSizeLR
                0x000000000003374c                simOutSize
                0x0000000000033750                simOutSizeLR
                0x0000000000033754                LongRangeTransmit
                0x0000000000033758                LongRangeReceiving
 .bss           0x0000000000033760        0xc obj_cooja/mtype829.a(eeprom.o)
                0x0000000000033760                simEEPROMChanged
                0x0000000000033764                simEEPROMRead
                0x0000000000033768                simEEPROMWritten
 .bss           0x000000000003376c        0x0 obj_cooja/mtype829.a(random.o)
 .bss           0x000000000003376c        0xc obj_cooja/mtype829.a(sensors.o)
 .bss           0x0000000000033778       0x28 obj_cooja/mtype829.a(dual_conf.o)
                0x0000000000033778                long_range_radio
 .bss           0x00000000000337a0        0x0 obj_cooja/mtype829.a(autostart.o)
 .bss           0x00000000000337a0        0x5 obj_cooja/mtype829.a(ctimer.o)
 *fill*         0x00000000000337a5        0x3 
 .bss           0x00000000000337a8        0x8 obj_cooja/mtype829.a(etimer.o)
 *fill*         0x00000000000337b0       0x10 
 .bss           0x00000000000337c0      0x1b1 obj_cooja/mtype829.a(process.o)
                0x00000000000337c0                process_list
                0x00000000000337c4                process_current
 *fill*         0x0000000000033971        0x3 
 .bss           0x0000000000033974        0x4 obj_cooja/mtype829.a(rtimer.o)
 .bss           0x0000000000033978        0x0 obj_cooja/mtype829.a(stimer.o)
 .bss           0x0000000000033978        0x0 obj_cooja/mtype829.a(timer.o)
 *fill*         0x0000000000033978        0x8 
 .bss           0x0000000000033980      0x140 obj_cooja/mtype829.a(serial-line.o)
 .bss           0x0000000000033ac0        0x0 obj_cooja/mtype829.a(list.o)
 .bss           0x0000000000033ac0        0x0 obj_cooja/mtype829.a(ringbuf.o)
 .bss           0x0000000000033ac0      0x6f0 obj_cooja/mtype829.a(sicslowpan.o)
 *fill*         0x00000000000341b0       0x10 
 .bss           0x00000000000341c0       0xf0 obj_cooja/mtype829.a(uip-ds6-nbr.o)
 *fill*         0x00000000000342b0       0x10 
 .bss           0x00000000000342c0      0x2a8 obj_cooja/mtype829.a(uip-ds6-route.o)
 .bss           0x0000000000034568       0x30 obj_cooja/mtype829.a(uip-ds6.o)
 .bss           0x0000000000034598        0xe obj_cooja/mtype829.a(uip6.o)
                0x0000000000034598                uip_ext_bitmap
                0x0000000000034599                uip_ext_len
                0x000000000003459a                uip_ext_opt_offset
 *fill*         0x00000000000345a6       0x1a 
 .bss           0x00000000000345c0       0x6a obj_cooja/mtype829.a(tcpip.o)
 .bss           0x000000000003462a        0x0 obj_cooja/mtype829.a(uip-debug.o)
 *fill*         0x000000000003462a       0x16 
 .bss           0x0000000000034640      0xcf8 obj_cooja/mtype829.a(uip-packetqueue)
 .bss           0x0000000000035338        0x0 obj_cooja/mtype829.a(uip-udp-packet.)
 *fill*         0x0000000000035338        0x8 
 .bss           0x0000000000035340       0xa0 obj_cooja/mtype829.a(rpl-dag.o)
 .bss           0x00000000000353e0        0x0 obj_cooja/mtype829.a(rpl-ext-header.)
 .bss           0x00000000000353e0        0x0 obj_cooja/mtype829.a(rpl-icmp6.o)
 .bss           0x00000000000353e0        0x0 obj_cooja/mtype829.a(rpl-mrhof.o)
 .bss           0x00000000000353e0       0x23 obj_cooja/mtype829.a(rpl-timers.o)
 *fill*         0x0000000000035403        0x1 
 .bss           0x0000000000035404        0x4 obj_cooja/mtype829.a(rpl.o)
 .bss           0x0000000000035408        0x0 obj_cooja/mtype829.a(linkaddr.o)
 *fill*         0x0000000000035408       0x18 
 .bss           0x0000000000035420       0xdc obj_cooja/mtype829.a(nbr-table.o)
 .bss           0x00000000000354fc        0x0 obj_cooja/mtype829.a(netstack.o)
 *fill*         0x00000000000354fc        0x4 
 .bss           0x0000000000035500       0xa0 obj_cooja/mtype829.a(packetbuf.o)
 .bss           0x00000000000355a0      0xb80 obj_cooja/mtype829.a(queuebuf.o)
 .bss           0x0000000000036120      0x248 obj_cooja/mtype829.a(csma.o)
 .bss           0x0000000000036368        0x2 obj_cooja/mtype829.a(framer-802154.o)
 .bss           0x000000000003636a        0x0 obj_cooja/mtype829.a(mac.o)
 .bss           0x000000000003636a        0x0 obj_cooja/mtype829.a(nullrdc.o)
 .bss           0x000000000003636a        0x0 obj_cooja/mtype829.a(nullsec.o)
 .bss           0x000000000003636a        0x0 obj_cooja/mtype829.a(watchdog.o)
 .bss           0x000000000003636a        0x0 obj_cooja/mtype829.a(rimestats.o)
 .bss           0x000000000003636a        0x0 obj_cooja/mtype829.a(memb.o)
 *fill*         0x000000000003636a        0x2 
 .bss           0x000000000003636c       0x18 obj_cooja/mtype829.a(uip-icmp6.o)
 .bss           0x0000000000036384        0x0 obj_cooja/mtype829.a(uip-nd6.o)
 *fill*         0x0000000000036384       0x1c 
 .bss           0x00000000000363a0       0x44 obj_cooja/mtype829.a(rpl-nbr-policy.)
 .bss           0x00000000000363e4        0x0 obj_cooja/mtype829.a(frame802154.o)
 *fill*         0x00000000000363e4       0x1c 
 .bss           0x0000000000036400       0x90 obj_cooja/mtype829.a(mac-sequence.o)
 .bss           0x0000000000036490        0x0 /usr/lib/gcc/i686-linux-gnu/4.8/crtendS.o
 .bss           0x0000000000036490        0x0 /usr/lib/gcc/i686-linux-gnu/4.8/../../../i386-linux-gnu/crtn.o
 *(COMMON)
 COMMON         0x0000000000036490        0x8 obj_cooja/mtype829.o
                0x0000000000036490                referenceVar
                0x0000000000036494                sensors_flags
 COMMON         0x0000000000036498        0xc obj_cooja/mtype829.a(simEnvChange.o)
                0x0000000000036498                simEtimerPending
                0x000000000003649c                simProcessRunValue
                0x00000000000364a0                simNextExpirationTime
 COMMON         0x00000000000364a4        0x1 obj_cooja/mtype829.a(beep.o)
                0x00000000000364a4                simBeeped
 COMMON         0x00000000000364a5        0x3 obj_cooja/mtype829.a(button-sensor.o)
                0x00000000000364a5                simButtonIsActive
                0x00000000000364a6                simButtonIsDown
                0x00000000000364a7                simButtonChanged
 COMMON         0x00000000000364a8        0x1 obj_cooja/mtype829.a(leds-arch.o)
                0x00000000000364a8                simLedsValue
 *fill*         0x00000000000364a9        0x3 
 COMMON         0x00000000000364ac        0xc obj_cooja/mtype829.a(moteid.o)
                0x00000000000364ac                simRandomSeed
                0x00000000000364b0                simMoteIDChanged
                0x00000000000364b4                simMoteID
 COMMON         0x00000000000364b8        0x2 obj_cooja/mtype829.a(pir-sensor.o)
                0x00000000000364b8                simPirIsActive
                0x00000000000364b9                simPirChanged
 *fill*         0x00000000000364ba        0x6 
 COMMON         0x00000000000364c0      0x820 obj_cooja/mtype829.a(rs232.o)
                0x00000000000364c0                simSerialReceivingFlag
                0x00000000000364c4                simSerialReceivingLength
                0x00000000000364e0                simSerialReceivingData
 COMMON         0x0000000000036ce0        0x2 obj_cooja/mtype829.a(vib-sensor.o)
                0x0000000000036ce0                simVibChanged
                0x0000000000036ce1                simVibIsActive
 *fill*         0x0000000000036ce2        0x2 
 COMMON         0x0000000000036ce4        0x4 obj_cooja/mtype829.a(clock.o)
                0x0000000000036ce4                simCurrentTime
 *fill*         0x0000000000036ce8       0x18 
 COMMON         0x0000000000036d00      0x420 obj_cooja/mtype829.a(log.o)
                0x0000000000036d00                simLoggedLength
                0x0000000000036d04                simLoggedFlag
                0x0000000000036d20                simLoggedData
 COMMON         0x0000000000037120      0x200 obj_cooja/mtype829.a(cooja-radio.o)
                0x0000000000037120                simOutDataBuffer
                0x00000000000371a0                simInDataBufferLR
                0x0000000000037220                simOutDataBufferLR
                0x00000000000372a0                simInDataBuffer
 COMMON         0x0000000000037320      0x400 obj_cooja/mtype829.a(eeprom.o)
                0x0000000000037320                simEEPROMData
 COMMON         0x0000000000037720        0x1 obj_cooja/mtype829.a(sensors.o)
                0x0000000000037720                sensors_event
 COMMON         0x0000000000037721        0x1 obj_cooja/mtype829.a(serial-line.o)
                0x0000000000037721                serial_line_event_message
 *fill*         0x0000000000037722       0x1e 
 COMMON         0x0000000000037740      0x298 obj_cooja/mtype829.a(uip-ds6.o)
                0x0000000000037740                uip_ds6_prefix_list
                0x00000000000377a0                uip_ds6_timer_periodic
                0x00000000000377b0                uip_ds6_netif_addr_list_offset
                0x00000000000377c0                uip_ds6_if
                0x00000000000378b8                uip_ds6_timer_ra
                0x00000000000378c0                uip_ds6_addr_size
                0x00000000000378e0                long_uip_ds6_if
 *fill*         0x00000000000379d8        0x8 
 COMMON         0x00000000000379e0      0x8ec obj_cooja/mtype829.a(uip6.o)
                0x00000000000379e0                uip_slen
                0x00000000000379e2                uip_acc32
                0x0000000000037a00                uip_conns
                0x0000000000037ac0                uip_lladdr
                0x0000000000037ac8                uip_appdata
                0x0000000000037acc                uip_flags
                0x0000000000037ae0                uip_aligned_buf
                0x0000000000038120                uip_listenports
                0x0000000000038130                uip_len
                0x0000000000038132                uip_long_lladdr
                0x000000000003813c                uip_sappdata
                0x0000000000038140                uip_udp_conns
                0x00000000000382c0                uip_udp_conn
                0x00000000000382c4                uip_next_hdr
                0x00000000000382c8                uip_conn
 COMMON         0x00000000000382cc        0x1 obj_cooja/mtype829.a(tcpip.o)
                0x00000000000382cc                tcpip_event
 *fill*         0x00000000000382cd       0x13 
 COMMON         0x00000000000382e0      0x170 obj_cooja/mtype829.a(rpl-dag.o)
                0x00000000000382e0                default_instance
                0x0000000000038300                instance_table
 COMMON         0x0000000000038450       0x10 obj_cooja/mtype829.a(linkaddr.o)
                0x0000000000038450                linkaddr_node_addr
                0x0000000000038458                long_linkaddr_node_addr
 COMMON         0x0000000000038460       0x2e obj_cooja/mtype829.a(packetbuf.o)
                0x0000000000038460                packetbuf_attrs
                0x000000000003847e                packetbuf_addrs
 *fill*         0x000000000003848e       0x12 
 COMMON         0x00000000000384a0       0x48 obj_cooja/mtype829.a(rimestats.o)
                0x00000000000384a0                rimestats
                0x00000000000384e8                . = ALIGN ((. != 0x0)?0x4:0x1)
                0x00000000000384e8                . = ALIGN (0x4)
                0x00000000000384e8                . = SEGMENT_START ("ldata-segment", .)
                0x00000000000384e8                . = ALIGN (0x4)
                0x00000000000384e8                _end = .
                0x00000000000384e8                PROVIDE (end, .)
                0x00000000000384e8                . = DATA_SEGMENT_END (.)

.stab
 *(.stab)

.stabstr
 *(.stabstr)

.stab.excl
 *(.stab.excl)

.stab.exclstr
 *(.stab.exclstr)

.stab.index
 *(.stab.index)

.stab.indexstr
 *(.stab.indexstr)

.comment        0x0000000000000000       0x54
 *(.comment)
 .comment       0x0000000000000000       0x2b /usr/lib/gcc/i686-linux-gnu/4.8/crtbeginS.o
                                         0x2c (size before relaxing)
 .comment       0x0000000000000000       0x2c udp-client.co
 .comment       0x0000000000000000       0x2c obj_cooja/mtype829.o
 .comment       0x000000000000002b       0x29 obj_cooja/mtype829.a(simEnvChange.o)
                                         0x2a (size before relaxing)
 .comment       0x0000000000000000       0x2a obj_cooja/mtype829.a(cooja_mt.o)
 .comment       0x0000000000000000       0x2a obj_cooja/mtype829.a(cooja_mtarch.o)
 .comment       0x0000000000000000       0x2a obj_cooja/mtype829.a(rtimer-arch.o)
 .comment       0x0000000000000000       0x2a obj_cooja/mtype829.a(beep.o)
 .comment       0x0000000000000000       0x2a obj_cooja/mtype829.a(button-sensor.o)
 .comment       0x0000000000000000       0x2a obj_cooja/mtype829.a(leds-arch.o)
 .comment       0x0000000000000000       0x2a obj_cooja/mtype829.a(moteid.o)
 .comment       0x0000000000000000       0x2a obj_cooja/mtype829.a(pir-sensor.o)
 .comment       0x0000000000000000       0x2a obj_cooja/mtype829.a(rs232.o)
 .comment       0x0000000000000000       0x2a obj_cooja/mtype829.a(vib-sensor.o)
 .comment       0x0000000000000000       0x2a obj_cooja/mtype829.a(clock.o)
 .comment       0x0000000000000000       0x2a obj_cooja/mtype829.a(log.o)
 .comment       0x0000000000000000       0x2a obj_cooja/mtype829.a(cfs-cooja.o)
 .comment       0x0000000000000000       0x2a obj_cooja/mtype829.a(cooja-radio.o)
 .comment       0x0000000000000000       0x2a obj_cooja/mtype829.a(eeprom.o)
 .comment       0x0000000000000000       0x2a obj_cooja/mtype829.a(random.o)
 .comment       0x0000000000000000       0x2a obj_cooja/mtype829.a(sensors.o)
 .comment       0x0000000000000000       0x2c obj_cooja/mtype829.a(dual_conf.o)
 .comment       0x0000000000000000       0x2a obj_cooja/mtype829.a(autostart.o)
 .comment       0x0000000000000000       0x2a obj_cooja/mtype829.a(ctimer.o)
 .comment       0x0000000000000000       0x2a obj_cooja/mtype829.a(etimer.o)
 .comment       0x0000000000000000       0x2a obj_cooja/mtype829.a(process.o)
 .comment       0x0000000000000000       0x2a obj_cooja/mtype829.a(rtimer.o)
 .comment       0x0000000000000000       0x2a obj_cooja/mtype829.a(stimer.o)
 .comment       0x0000000000000000       0x2a obj_cooja/mtype829.a(timer.o)
 .comment       0x0000000000000000       0x2a obj_cooja/mtype829.a(serial-line.o)
 .comment       0x0000000000000000       0x2a obj_cooja/mtype829.a(list.o)
 .comment       0x0000000000000000       0x2a obj_cooja/mtype829.a(ringbuf.o)
 .comment       0x0000000000000000       0x2a obj_cooja/mtype829.a(sicslowpan.o)
 .comment       0x0000000000000000       0x2a obj_cooja/mtype829.a(uip-ds6-nbr.o)
 .comment       0x0000000000000000       0x2a obj_cooja/mtype829.a(uip-ds6-route.o)
 .comment       0x0000000000000000       0x2c obj_cooja/mtype829.a(uip-ds6.o)
 .comment       0x0000000000000000       0x2a obj_cooja/mtype829.a(uip6.o)
 .comment       0x0000000000000000       0x2c obj_cooja/mtype829.a(tcpip.o)
 .comment       0x0000000000000000       0x2a obj_cooja/mtype829.a(uip-debug.o)
 .comment       0x0000000000000000       0x2a obj_cooja/mtype829.a(uip-packetqueue)
 .comment       0x0000000000000000       0x2a obj_cooja/mtype829.a(uip-udp-packet.)
 .comment       0x0000000000000000       0x2a obj_cooja/mtype829.a(rpl-dag.o)
 .comment       0x0000000000000000       0x2a obj_cooja/mtype829.a(rpl-ext-header.)
 .comment       0x0000000000000000       0x2a obj_cooja/mtype829.a(rpl-icmp6.o)
 .comment       0x0000000000000000       0x2a obj_cooja/mtype829.a(rpl-mrhof.o)
 .comment       0x0000000000000000       0x2a obj_cooja/mtype829.a(rpl-timers.o)
 .comment       0x0000000000000000       0x2a obj_cooja/mtype829.a(rpl.o)
 .comment       0x0000000000000000       0x2c obj_cooja/mtype829.a(linkaddr.o)
 .comment       0x0000000000000000       0x2a obj_cooja/mtype829.a(nbr-table.o)
 .comment       0x0000000000000000       0x2a obj_cooja/mtype829.a(netstack.o)
 .comment       0x0000000000000000       0x2a obj_cooja/mtype829.a(packetbuf.o)
 .comment       0x0000000000000000       0x2a obj_cooja/mtype829.a(queuebuf.o)
 .comment       0x0000000000000000       0x2a obj_cooja/mtype829.a(csma.o)
 .comment       0x0000000000000000       0x2a obj_cooja/mtype829.a(framer-802154.o)
 .comment       0x0000000000000000       0x2a obj_cooja/mtype829.a(mac.o)
 .comment       0x0000000000000000       0x2a obj_cooja/mtype829.a(nullrdc.o)
 .comment       0x0000000000000000       0x2a obj_cooja/mtype829.a(nullsec.o)
 .comment       0x0000000000000000       0x2a obj_cooja/mtype829.a(watchdog.o)
 .comment       0x0000000000000000       0x2a obj_cooja/mtype829.a(rimestats.o)
 .comment       0x0000000000000000       0x2a obj_cooja/mtype829.a(memb.o)
 .comment       0x0000000000000000       0x2a obj_cooja/mtype829.a(uip-icmp6.o)
 .comment       0x0000000000000000       0x2a obj_cooja/mtype829.a(uip-nd6.o)
 .comment       0x0000000000000000       0x2a obj_cooja/mtype829.a(rpl-nbr-policy.)
 .comment       0x0000000000000000       0x2a obj_cooja/mtype829.a(frame802154.o)
 .comment       0x0000000000000000       0x2a obj_cooja/mtype829.a(mac-sequence.o)
 .comment       0x0000000000000000       0x2c /usr/lib/gcc/i686-linux-gnu/4.8/crtendS.o

.debug
 *(.debug)

.line
 *(.line)

.debug_srcinfo
 *(.debug_srcinfo)

.debug_sfnames
 *(.debug_sfnames)

.debug_aranges  0x0000000000000000      0x7f8
 *(.debug_aranges)
 .debug_aranges
                0x0000000000000000       0x20 udp-client.co
 .debug_aranges
                0x0000000000000020       0x20 obj_cooja/mtype829.o
 .debug_aranges
                0x0000000000000040       0x20 obj_cooja/mtype829.a(simEnvChange.o)
 .debug_aranges
                0x0000000000000060       0x20 obj_cooja/mtype829.a(cooja_mt.o)
 .debug_aranges
                0x0000000000000080       0x20 obj_cooja/mtype829.a(cooja_mtarch.o)
 .debug_aranges
                0x00000000000000a0       0x20 obj_cooja/mtype829.a(rtimer-arch.o)
 .debug_aranges
                0x00000000000000c0       0x20 obj_cooja/mtype829.a(beep.o)
 .debug_aranges
                0x00000000000000e0       0x20 obj_cooja/mtype829.a(button-sensor.o)
 .debug_aranges
                0x0000000000000100       0x20 obj_cooja/mtype829.a(leds-arch.o)
 .debug_aranges
                0x0000000000000120       0x20 obj_cooja/mtype829.a(moteid.o)
 .debug_aranges
                0x0000000000000140       0x20 obj_cooja/mtype829.a(pir-sensor.o)
 .debug_aranges
                0x0000000000000160       0x20 obj_cooja/mtype829.a(rs232.o)
 .debug_aranges
                0x0000000000000180       0x20 obj_cooja/mtype829.a(vib-sensor.o)
 .debug_aranges
                0x00000000000001a0       0x20 obj_cooja/mtype829.a(clock.o)
 .debug_aranges
                0x00000000000001c0       0x20 obj_cooja/mtype829.a(log.o)
 .debug_aranges
                0x00000000000001e0       0x20 obj_cooja/mtype829.a(cfs-cooja.o)
 .debug_aranges
                0x0000000000000200       0x20 obj_cooja/mtype829.a(cooja-radio.o)
 .debug_aranges
                0x0000000000000220       0x20 obj_cooja/mtype829.a(eeprom.o)
 .debug_aranges
                0x0000000000000240       0x20 obj_cooja/mtype829.a(random.o)
 .debug_aranges
                0x0000000000000260       0x20 obj_cooja/mtype829.a(sensors.o)
 .debug_aranges
                0x0000000000000280       0x20 obj_cooja/mtype829.a(dual_conf.o)
 .debug_aranges
                0x00000000000002a0       0x20 obj_cooja/mtype829.a(autostart.o)
 .debug_aranges
                0x00000000000002c0       0x20 obj_cooja/mtype829.a(ctimer.o)
 .debug_aranges
                0x00000000000002e0       0x20 obj_cooja/mtype829.a(etimer.o)
 .debug_aranges
                0x0000000000000300       0x20 obj_cooja/mtype829.a(process.o)
 .debug_aranges
                0x0000000000000320       0x20 obj_cooja/mtype829.a(rtimer.o)
 .debug_aranges
                0x0000000000000340       0x20 obj_cooja/mtype829.a(stimer.o)
 .debug_aranges
                0x0000000000000360       0x20 obj_cooja/mtype829.a(timer.o)
 .debug_aranges
                0x0000000000000380       0x20 obj_cooja/mtype829.a(serial-line.o)
 .debug_aranges
                0x00000000000003a0       0x20 obj_cooja/mtype829.a(list.o)
 .debug_aranges
                0x00000000000003c0       0x20 obj_cooja/mtype829.a(ringbuf.o)
 .debug_aranges
                0x00000000000003e0       0x20 obj_cooja/mtype829.a(sicslowpan.o)
 .debug_aranges
                0x0000000000000400       0x20 obj_cooja/mtype829.a(uip-ds6-nbr.o)
 .debug_aranges
                0x0000000000000420       0x20 obj_cooja/mtype829.a(uip-ds6-route.o)
 .debug_aranges
                0x0000000000000440       0x20 obj_cooja/mtype829.a(uip-ds6.o)
 .debug_aranges
                0x0000000000000460       0x20 obj_cooja/mtype829.a(uip6.o)
 .debug_aranges
                0x0000000000000480       0x20 obj_cooja/mtype829.a(tcpip.o)
 .debug_aranges
                0x00000000000004a0       0x20 obj_cooja/mtype829.a(uip-debug.o)
 .debug_aranges
                0x00000000000004c0       0x20 obj_cooja/mtype829.a(uip-packetqueue)
 .debug_aranges
                0x00000000000004e0       0x20 obj_cooja/mtype829.a(uip-udp-packet.)
 .debug_aranges
                0x0000000000000500       0x20 obj_cooja/mtype829.a(rpl-dag.o)
 .debug_aranges
                0x0000000000000520       0x20 obj_cooja/mtype829.a(rpl-ext-header.)
 .debug_aranges
                0x0000000000000540       0x20 obj_cooja/mtype829.a(rpl-icmp6.o)
 .debug_aranges
                0x0000000000000560       0x20 obj_cooja/mtype829.a(rpl-mrhof.o)
 .debug_aranges
                0x0000000000000580       0x20 obj_cooja/mtype829.a(rpl-timers.o)
 .debug_aranges
                0x00000000000005a0       0x20 obj_cooja/mtype829.a(rpl.o)
 .debug_aranges
                0x00000000000005c0       0x20 obj_cooja/mtype829.a(linkaddr.o)
 .debug_aranges
                0x00000000000005e0       0x20 obj_cooja/mtype829.a(nbr-table.o)
 .debug_aranges
                0x0000000000000600       0x20 obj_cooja/mtype829.a(netstack.o)
 .debug_aranges
                0x0000000000000620       0x20 obj_cooja/mtype829.a(packetbuf.o)
 .debug_aranges
                0x0000000000000640       0x20 obj_cooja/mtype829.a(queuebuf.o)
 .debug_aranges
                0x0000000000000660       0x20 obj_cooja/mtype829.a(csma.o)
 .debug_aranges
                0x0000000000000680       0x20 obj_cooja/mtype829.a(framer-802154.o)
 .debug_aranges
                0x00000000000006a0       0x20 obj_cooja/mtype829.a(mac.o)
 .debug_aranges
                0x00000000000006c0       0x20 obj_cooja/mtype829.a(nullrdc.o)
 .debug_aranges
                0x00000000000006e0       0x20 obj_cooja/mtype829.a(nullsec.o)
 .debug_aranges
                0x0000000000000700       0x20 obj_cooja/mtype829.a(watchdog.o)
 .debug_aranges
                0x0000000000000720       0x18 obj_cooja/mtype829.a(rimestats.o)
 .debug_aranges
                0x0000000000000738       0x20 obj_cooja/mtype829.a(memb.o)
 .debug_aranges
                0x0000000000000758       0x20 obj_cooja/mtype829.a(uip-icmp6.o)
 .debug_aranges
                0x0000000000000778       0x20 obj_cooja/mtype829.a(uip-nd6.o)
 .debug_aranges
                0x0000000000000798       0x20 obj_cooja/mtype829.a(rpl-nbr-policy.)
 .debug_aranges
                0x00000000000007b8       0x20 obj_cooja/mtype829.a(frame802154.o)
 .debug_aranges
                0x00000000000007d8       0x20 obj_cooja/mtype829.a(mac-sequence.o)

.debug_pubnames
 *(.debug_pubnames)

.debug_info     0x0000000000000000    0x1b145
 *(.debug_info .gnu.linkonce.wi.*)
 .debug_info    0x0000000000000000      0x8a1 udp-client.co
 .debug_info    0x00000000000008a1     0x3753 obj_cooja/mtype829.o
 .debug_info    0x0000000000003ff4      0x15a obj_cooja/mtype829.a(simEnvChange.o)
 .debug_info    0x000000000000414e      0x1e2 obj_cooja/mtype829.a(cooja_mt.o)
 .debug_info    0x0000000000004330      0x2e7 obj_cooja/mtype829.a(cooja_mtarch.o)
 .debug_info    0x0000000000004617      0x16b obj_cooja/mtype829.a(rtimer-arch.o)
 .debug_info    0x0000000000004782      0x1f3 obj_cooja/mtype829.a(beep.o)
 .debug_info    0x0000000000004975      0x257 obj_cooja/mtype829.a(button-sensor.o)
 .debug_info    0x0000000000004bcc      0x132 obj_cooja/mtype829.a(leds-arch.o)
 .debug_info    0x0000000000004cfe      0x10a obj_cooja/mtype829.a(moteid.o)
 .debug_info    0x0000000000004e08      0x216 obj_cooja/mtype829.a(pir-sensor.o)
 .debug_info    0x000000000000501e      0x21e obj_cooja/mtype829.a(rs232.o)
 .debug_info    0x000000000000523c      0x216 obj_cooja/mtype829.a(vib-sensor.o)
 .debug_info    0x0000000000005452      0x152 obj_cooja/mtype829.a(clock.o)
 .debug_info    0x00000000000055a4      0x2bb obj_cooja/mtype829.a(log.o)
 .debug_info    0x000000000000585f      0x3cf obj_cooja/mtype829.a(cfs-cooja.o)
 .debug_info    0x0000000000005c2e      0xc5e obj_cooja/mtype829.a(cooja-radio.o)
 .debug_info    0x000000000000688c      0x1d5 obj_cooja/mtype829.a(eeprom.o)
 .debug_info    0x0000000000006a61       0xb3 obj_cooja/mtype829.a(random.o)
 .debug_info    0x0000000000006b14      0x36d obj_cooja/mtype829.a(sensors.o)
 .debug_info    0x0000000000006e81      0x99d obj_cooja/mtype829.a(dual_conf.o)
 .debug_info    0x000000000000781e      0x1a5 obj_cooja/mtype829.a(autostart.o)
 .debug_info    0x00000000000079c3      0x46c obj_cooja/mtype829.a(ctimer.o)
 .debug_info    0x0000000000007e2f      0x49c obj_cooja/mtype829.a(etimer.o)
 .debug_info    0x00000000000082cb      0x4ba obj_cooja/mtype829.a(process.o)
 .debug_info    0x0000000000008785      0x1ab obj_cooja/mtype829.a(rtimer.o)
 .debug_info    0x0000000000008930      0x179 obj_cooja/mtype829.a(stimer.o)
 .debug_info    0x0000000000008aa9      0x16c obj_cooja/mtype829.a(timer.o)
 .debug_info    0x0000000000008c15      0x2de obj_cooja/mtype829.a(serial-line.o)
 .debug_info    0x0000000000008ef3      0x2ed obj_cooja/mtype829.a(list.o)
 .debug_info    0x00000000000091e0      0x1aa obj_cooja/mtype829.a(ringbuf.o)
 .debug_info    0x000000000000938a      0xcba obj_cooja/mtype829.a(sicslowpan.o)
 .debug_info    0x000000000000a044      0x853 obj_cooja/mtype829.a(uip-ds6-nbr.o)
 .debug_info    0x000000000000a897      0xd60 obj_cooja/mtype829.a(uip-ds6-route.o)
 .debug_info    0x000000000000b5f7      0xc18 obj_cooja/mtype829.a(uip-ds6.o)
 .debug_info    0x000000000000c20f      0xeaf obj_cooja/mtype829.a(uip6.o)
 .debug_info    0x000000000000d0be     0x1437 obj_cooja/mtype829.a(tcpip.o)
 .debug_info    0x000000000000e4f5      0x1b5 obj_cooja/mtype829.a(uip-debug.o)
 .debug_info    0x000000000000e6aa      0x470 obj_cooja/mtype829.a(uip-packetqueue)
 .debug_info    0x000000000000eb1a      0x37a obj_cooja/mtype829.a(uip-udp-packet.)
 .debug_info    0x000000000000ee94     0x1903 obj_cooja/mtype829.a(rpl-dag.o)
 .debug_info    0x0000000000010797      0xe2b obj_cooja/mtype829.a(rpl-ext-header.)
 .debug_info    0x00000000000115c2     0x1695 obj_cooja/mtype829.a(rpl-icmp6.o)
 .debug_info    0x0000000000012c57      0xabe obj_cooja/mtype829.a(rpl-mrhof.o)
 .debug_info    0x0000000000013715      0xbeb obj_cooja/mtype829.a(rpl-timers.o)
 .debug_info    0x0000000000014300      0xcde obj_cooja/mtype829.a(rpl.o)
 .debug_info    0x0000000000014fde      0x198 obj_cooja/mtype829.a(linkaddr.o)
 .debug_info    0x0000000000015176      0x8d7 obj_cooja/mtype829.a(nbr-table.o)
 .debug_info    0x0000000000015a4d      0x4b9 obj_cooja/mtype829.a(netstack.o)
 .debug_info    0x0000000000015f06      0x478 obj_cooja/mtype829.a(packetbuf.o)
 .debug_info    0x000000000001637e      0x57d obj_cooja/mtype829.a(queuebuf.o)
 .debug_info    0x00000000000168fb      0xbff obj_cooja/mtype829.a(csma.o)
 .debug_info    0x00000000000174fa      0x5ed obj_cooja/mtype829.a(framer-802154.o)
 .debug_info    0x0000000000017ae7      0x112 obj_cooja/mtype829.a(mac.o)
 .debug_info    0x0000000000017bf9      0xc96 obj_cooja/mtype829.a(nullrdc.o)
 .debug_info    0x000000000001888f      0x3aa obj_cooja/mtype829.a(nullsec.o)
 .debug_info    0x0000000000018c39       0x7b obj_cooja/mtype829.a(watchdog.o)
 .debug_info    0x0000000000018cb4      0x119 obj_cooja/mtype829.a(rimestats.o)
 .debug_info    0x0000000000018dcd      0x1d7 obj_cooja/mtype829.a(memb.o)
 .debug_info    0x0000000000018fa4      0x783 obj_cooja/mtype829.a(uip-icmp6.o)
 .debug_info    0x0000000000019727      0x331 obj_cooja/mtype829.a(uip-nd6.o)
 .debug_info    0x0000000000019a58      0xda2 obj_cooja/mtype829.a(rpl-nbr-policy.)
 .debug_info    0x000000000001a7fa      0x6b4 obj_cooja/mtype829.a(frame802154.o)
 .debug_info    0x000000000001aeae      0x297 obj_cooja/mtype829.a(mac-sequence.o)

.debug_abbrev   0x0000000000000000     0x6721
 *(.debug_abbrev)
 .debug_abbrev  0x0000000000000000      0x1c0 udp-client.co
 .debug_abbrev  0x00000000000001c0      0x2b3 obj_cooja/mtype829.o
 .debug_abbrev  0x0000000000000473       0xc3 obj_cooja/mtype829.a(simEnvChange.o)
 .debug_abbrev  0x0000000000000536       0xe6 obj_cooja/mtype829.a(cooja_mt.o)
 .debug_abbrev  0x000000000000061c      0x147 obj_cooja/mtype829.a(cooja_mtarch.o)
 .debug_abbrev  0x0000000000000763       0xcc obj_cooja/mtype829.a(rtimer-arch.o)
 .debug_abbrev  0x000000000000082f       0xe3 obj_cooja/mtype829.a(beep.o)