Archive member included to satisfy reference by file (symbol)

obj_cooja/mtype42.a(simEnvChange.o)
                              obj_cooja/mtype42.o (simDontFallAsleep)
obj_cooja/mtype42.a(cooja_mt.o)
                              obj_cooja/mtype42.o (cooja_mt_start)
obj_cooja/mtype42.a(cooja_mtarch.o)
                              obj_cooja/mtype42.a(cooja_mt.o) (cooja_mtarch_init)
obj_cooja/mtype42.a(rtimer-arch.o)
                              obj_cooja/mtype42.o (rtimer_arch_next)
obj_cooja/mtype42.a(beep.o)   obj_cooja/mtype42.o (beep_interface)
obj_cooja/mtype42.a(button-sensor.o)
                              obj_cooja/mtype42.o (button_interface)
obj_cooja/mtype42.a(leds-arch.o)
                              obj_cooja/mtype42.o (leds_interface)
obj_cooja/mtype42.a(moteid.o)
                              obj_cooja/mtype42.o (moteid_interface)
obj_cooja/mtype42.a(pir-sensor.o)
                              obj_cooja/mtype42.o (pir_interface)
obj_cooja/mtype42.a(rs232.o)  obj_cooja/mtype42.o (rs232_interface)
obj_cooja/mtype42.a(vib-sensor.o)
                              obj_cooja/mtype42.o (vib_interface)
obj_cooja/mtype42.a(clock.o)  obj_cooja/mtype42.o (clock_interface)
obj_cooja/mtype42.a(log.o)    obj_cooja/mtype42.o (simlog_interface)
obj_cooja/mtype42.a(cfs-cooja.o)
                              obj_cooja/mtype42.o (cfs_interface)
obj_cooja/mtype42.a(cooja-radio.o)
                              obj_cooja/mtype42.o (radio_interface)
obj_cooja/mtype42.a(eeprom.o)
                              obj_cooja/mtype42.o (eeprom_interface)
obj_cooja/mtype42.a(random.o)
                              obj_cooja/mtype42.a(moteid.o) (random_init)
obj_cooja/mtype42.a(sensors.o)
                              obj_cooja/mtype42.o (sensors_process)
obj_cooja/mtype42.a(dual_conf.o)
                              obj_cooja/mtype42.a(cooja-radio.o) (long_range_radio)
obj_cooja/mtype42.a(autostart.o)
                              obj_cooja/mtype42.o (autostart_start)
obj_cooja/mtype42.a(ctimer.o)
                              obj_cooja/mtype42.o (ctimer_init)
obj_cooja/mtype42.a(etimer.o)
                              obj_cooja/mtype42.o (etimer_process)
obj_cooja/mtype42.a(process.o)
                              udp-client.co (process_current)
obj_cooja/mtype42.a(rtimer.o)
                              obj_cooja/mtype42.a(rtimer-arch.o) (rtimer_run_next)
obj_cooja/mtype42.a(stimer.o)
                              udp-client.co (stimer_remaining)
obj_cooja/mtype42.a(timer.o)  obj_cooja/mtype42.a(button-sensor.o) (timer_set)
obj_cooja/mtype42.a(serial-line.o)
                              udp-client.co (serial_line_event_message)
obj_cooja/mtype42.a(list.o)   obj_cooja/mtype42.a(ctimer.o) (list_init)
obj_cooja/mtype42.a(ringbuf.o)
                              obj_cooja/mtype42.a(serial-line.o) (ringbuf_init)
obj_cooja/mtype42.a(sicslowpan.o)
                              obj_cooja/mtype42.o (sicslowpan_driver)
obj_cooja/mtype42.a(uip-ds6-nbr.o)
                              obj_cooja/mtype42.a(sicslowpan.o) (uip_ds6_link_neighbor_callback)
obj_cooja/mtype42.a(uip-ds6-route.o)
                              udp-client.co (uip_ds6_route_head)
obj_cooja/mtype42.a(uip-ds6.o)
                              udp-client.co (uip_ds6_if)
obj_cooja/mtype42.a(uip6.o)   udp-client.co (uip_lladdr)
obj_cooja/mtype42.a(tcpip.o)  udp-client.co (tcpip_event)
obj_cooja/mtype42.a(uip-debug.o)
                              udp-client.co (uip_debug_ipaddr_print)
obj_cooja/mtype42.a(uip-packetqueue)
                              obj_cooja/mtype42.a(uip-ds6-nbr.o) (uip_packetqueue_new)
obj_cooja/mtype42.a(uip-udp-packet.)
                              udp-client.co (uip_udp_packet_sendto)
obj_cooja/mtype42.a(rpl-dag.o)
                              obj_cooja/mtype42.a(tcpip.o) (rpl_repair_root)
obj_cooja/mtype42.a(rpl-ext-header.)
                              obj_cooja/mtype42.a(uip6.o) (rpl_verify_header)
obj_cooja/mtype42.a(rpl-icmp6.o)
                              obj_cooja/mtype42.a(rpl-dag.o) (rpl_icmp6_update_nbr_table)
obj_cooja/mtype42.a(rpl-mrhof.o)
                              obj_cooja/mtype42.a(rpl-dag.o) (rpl_mrhof)
obj_cooja/mtype42.a(rpl-timers.o)
                              obj_cooja/mtype42.a(rpl-dag.o) (rpl_reset_dio_timer)
obj_cooja/mtype42.a(rpl.o)    obj_cooja/mtype42.a(rpl-icmp6.o) (rpl_get_mode)
obj_cooja/mtype42.a(linkaddr.o)
                              obj_cooja/mtype42.o (linkaddr_node_addr)
obj_cooja/mtype42.a(nbr-table.o)
                              obj_cooja/mtype42.a(uip-ds6-nbr.o) (nbr_table_register)
obj_cooja/mtype42.a(netstack.o)
                              obj_cooja/mtype42.o (netstack_init)
obj_cooja/mtype42.a(packetbuf.o)
                              obj_cooja/mtype42.a(cooja-radio.o) (packetbuf_attrs)
obj_cooja/mtype42.a(queuebuf.o)
                              obj_cooja/mtype42.o (queuebuf_init)
obj_cooja/mtype42.a(csma.o)   obj_cooja/mtype42.o (csma_driver)
[...]
Memory Configuration

Name             Origin             Length             Attributes
*default*        0x0000000000000000 0xffffffffffffffff

Linker script and memory map

LOAD /usr/lib/gcc/i686-linux-gnu/4.8/../../../i386-linux-gnu/crti.o
LOAD /usr/lib/gcc/i686-linux-gnu/4.8/crtbeginS.o
LOAD udp-client.co
LOAD obj_cooja/mtype42.o
LOAD obj_cooja/mtype42.a
LOAD /usr/lib/gcc/i686-linux-gnu/4.8/libgcc.a
LOAD /usr/lib/gcc/i686-linux-gnu/4.8/libgcc_s.so
LOAD /usr/lib/gcc/i686-linux-gnu/4.8/../../../i386-linux-gnu/libc.so
START GROUP
LOAD /lib/i386-linux-gnu/libc.so.6
LOAD /usr/lib/i386-linux-gnu/libc_nonshared.a
LOAD /lib/i386-linux-gnu/ld-linux.so.2
END GROUP
LOAD /usr/lib/gcc/i686-linux-gnu/4.8/libgcc.a
LOAD /usr/lib/gcc/i686-linux-gnu/4.8/libgcc_s.so
LOAD /usr/lib/gcc/i686-linux-gnu/4.8/crtendS.o
LOAD /usr/lib/gcc/i686-linux-gnu/4.8/../../../i386-linux-gnu/crtn.o
                0x0000000000000114                . = (0x0 + SIZEOF_HEADERS)

.note.gnu.build-id
                0x0000000000000114       0x24
 *(.note.gnu.build-id)
 .note.gnu.build-id
                0x0000000000000114       0x24 /usr/lib/gcc/i686-linux-gnu/4.8/../../../i386-linux-gnu/crti.o

.hash
 *(.hash)

.gnu.hash       0x0000000000000138     0x1258
 *(.gnu.hash)
 .gnu.hash      0x0000000000000138     0x1258 /usr/lib/gcc/i686-linux-gnu/4.8/../../../i386-linux-gnu/crti.o

.dynsym         0x0000000000001390     0x21d0
 *(.dynsym)
 .dynsym        0x0000000000001390     0x21d0 /usr/lib/gcc/i686-linux-gnu/4.8/../../../i386-linux-gnu/crti.o

.dynstr         0x0000000000003560     0x22bd
 *(.dynstr)
 .dynstr        0x0000000000003560     0x22bd /usr/lib/gcc/i686-linux-gnu/4.8/../../../i386-linux-gnu/crti.o

.gnu.version    0x000000000000581e      0x43a
 *(.gnu.version)
 .gnu.version   0x000000000000581e      0x43a /usr/lib/gcc/i686-linux-gnu/4.8/../../../i386-linux-gnu/crti.o

.gnu.version_d  0x0000000000005c58        0x0
 *(.gnu.version_d)
 .gnu.version_d
                0x0000000000000000        0x0 /usr/lib/gcc/i686-linux-gnu/4.8/../../../i386-linux-gnu/crti.o

.gnu.version_r  0x0000000000005c58       0x40
 *(.gnu.version_r)
 .gnu.version_r
                0x0000000000005c58       0x40 /usr/lib/gcc/i686-linux-gnu/4.8/../../../i386-linux-gnu/crti.o

.rel.dyn        0x0000000000005c98     0x97f8
 *(.rel.init)
 .rel.init      0x0000000000000000        0x0 /usr/lib/gcc/i686-linux-gnu/4.8/../../../i386-linux-gnu/crti.o
 *(.rel.text .rel.text.* .rel.gnu.linkonce.t.*)
 .rel.text      0x0000000000005c98     0x9058 /usr/lib/gcc/i686-linux-gnu/4.8/../../../i386-linux-gnu/crti.o
 *(.rel.fini)
 .rel.fini      0x0000000000000000        0x0 /usr/lib/gcc/i686-linux-gnu/4.8/../../../i386-linux-gnu/crti.o
 *(.rel.rodata .rel.rodata.* .rel.gnu.linkonce.r.*)
 .rel.rodata    0x000000000000ecf0      0x4e0 /usr/lib/gcc/i686-linux-gnu/4.8/../../../i386-linux-gnu/crti.o
 *(.rel.data.rel.ro .rel.data.rel.ro.* .rel.gnu.linkonce.d.rel.ro.*)
 *(.rel.data .rel.data.* .rel.gnu.linkonce.d.*)
 .rel.data.rel  0x000000000000f1d0        0x8 /usr/lib/gcc/i686-linux-gnu/4.8/../../../i386-linux-gnu/crti.o
 .rel.data      0x000000000000f1d8      0x280 /usr/lib/gcc/i686-linux-gnu/4.8/../../../i386-linux-gnu/crti.o
 *(.rel.tdata .rel.tdata.* .rel.gnu.linkonce.td.*)
 *(.rel.tbss .rel.tbss.* .rel.gnu.linkonce.tb.*)
 *(.rel.ctors)
 *(.rel.dtors)
 *(.rel.got)
 .rel.got       0x000000000000f458       0x28 /usr/lib/gcc/i686-linux-gnu/4.8/../../../i386-linux-gnu/crti.o
 *(.rel.bss .rel.bss.* .rel.gnu.linkonce.b.*)
 *(.rel.ifunc)
 .rel.ifunc     0x0000000000000000        0x0 /usr/lib/gcc/i686-linux-gnu/4.8/../../../i386-linux-gnu/crti.o
 .rel.fini_array
                0x000000000000f480        0x8 /usr/lib/gcc/i686-linux-gnu/4.8/../../../i386-linux-gnu/crti.o
 .rel.init_array
                0x000000000000f488        0x8 /usr/lib/gcc/i686-linux-gnu/4.8/../../../i386-linux-gnu/crti.o

.rel.plt        0x000000000000f490       0x10
 *(.rel.plt)
 .rel.plt       0x000000000000f490       0x10 /usr/lib/gcc/i686-linux-gnu/4.8/../../../i386-linux-gnu/crti.o
 *(.rel.iplt)

.init           0x000000000000f4a0       0x23
 *(SORT(.init))
 .init          0x000000000000f4a0       0x1e /usr/lib/gcc/i686-linux-gnu/4.8/../../../i386-linux-gnu/crti.o
                0x000000000000f4a0                _init
 .init          0x000000000000f4be        0x5 /usr/lib/gcc/i686-linux-gnu/4.8/../../../i386-linux-gnu/crtn.o

.plt            0x000000000000f4d0       0x30
 *(.plt)
 .plt           0x000000000000f4d0       0x30 /usr/lib/gcc/i686-linux-gnu/4.8/../../../i386-linux-gnu/crti.o
 *(.iplt)

.text           0x000000000000f500    0x15ac6
 *(.text.unlikely .text.*_unlikely .text.unlikely.*)
 *(.text.exit .text.exit.*)
 *(.text.startup .text.startup.*)
 *(.text.hot .text.hot.*)
 *(.text .stub .text.* .gnu.linkonce.t.*)
 .text          0x000000000000f500        0x0 /usr/lib/gcc/i686-linux-gnu/4.8/../../../i386-linux-gnu/crti.o
 .gnu.linkonce.t.__x86.get_pc_thunk.bx
                0x000000000000f500        0x4 /usr/lib/gcc/i686-linux-gnu/4.8/../../../i386-linux-gnu/crti.o
                0x000000000000f500                __x86.get_pc_thunk.bx
 *fill*         0x000000000000f504        0xc 
 .text          0x000000000000f510      0x11b /usr/lib/gcc/i686-linux-gnu/4.8/crtbeginS.o
 .text          0x000000000000f62b      0x5a4 udp-client.co
 .text          0x000000000000fbcf      0x70e obj_cooja/mtype42.o
                0x000000000000fd05                contiki_init
                0x00000000000100f4                Java_org_contikios_cooja_corecomm_Lib21_init
                0x0000000000010134                Java_org_contikios_cooja_corecomm_Lib21_getMemory
                0x0000000000010174                Java_org_contikios_cooja_corecomm_Lib21_setMemory
                0x00000000000101eb                Java_org_contikios_cooja_corecomm_Lib21_tick
                0x00000000000102cb                Java_org_contikios_cooja_corecomm_Lib21_setReferenceAddress
 .text          0x00000000000102dd       0x63 obj_cooja/mtype42.a(simEnvChange.o)
                0x00000000000102dd                doActionsBeforeTick
                0x000000000001030e                doActionsAfterTick
 .text          0x0000000000010340       0xbc obj_cooja/mtype42.a(cooja_mt.o)
                0x0000000000010340                cooja_mt_init
                0x000000000001034d                cooja_mt_remove
                0x000000000001035a                cooja_mt_start
                0x0000000000010387                cooja_mt_exec
                0x00000000000103b8                cooja_mt_exit
                0x00000000000103da                cooja_mt_yield
 .text          0x00000000000103fc      0x115 obj_cooja/mtype42.a(cooja_mtarch.o)
                0x00000000000103fc                cooja_mtarch_init
                0x0000000000010401                cooja_mtarch_start
                0x000000000001047c                cooja_sw
                0x000000000001049e                cooja_mtarch_exec
                0x00000000000104ba                cooja_mtarch_remove
                0x00000000000104bf                cooja_mtarch_yield
                0x00000000000104c9                cooja_mtarch_pstop
                0x00000000000104ce                cooja_mtarch_pstart
                0x00000000000104d3                cooja_mtarch_stack_usage
 .text          0x0000000000010511       0xc2 obj_cooja/mtype42.a(rtimer-arch.o)
                0x0000000000010511                rtimer_arch_init
                0x0000000000010534                rtimer_arch_schedule
                0x000000000001054b                rtimer_arch_next
                0x0000000000010555                rtimer_arch_pending
                0x000000000001055f                rtimer_arch_check
                0x0000000000010591                rtimer_arch_now
 .text          0x00000000000105d3       0x76 obj_cooja/mtype42.a(beep.o)
                0x00000000000105d3                beep_alarm
                0x00000000000105df                beep_beep
                0x00000000000105eb                beep
                0x00000000000105f7                beep_down
                0x0000000000010603                beep_on
                0x000000000001060f                beep_off
                0x000000000001061b                beep_spinup
                0x0000000000010627                beep_quick
                0x0000000000010633                beep_long
 .text          0x0000000000010649      0x103 obj_cooja/mtype42.a(button-sensor.o)
 .text          0x000000000001074c       0x45 obj_cooja/mtype42.a(leds-arch.o)
                0x000000000001074c                leds_arch_init
                0x0000000000010758                leds_arch_get
                0x0000000000010764                leds_arch_set
 .text          0x0000000000010791       0x2f obj_cooja/mtype42.a(moteid.o)
 .text          0x00000000000107c0       0xb1 obj_cooja/mtype42.a(pir-sensor.o)
 .text          0x0000000000010871      0x131 obj_cooja/mtype42.a(rs232.o)
                0x0000000000010871                rs232_init
                0x0000000000010876                rs232_set_speed
                0x0000000000010884                rs232_set_input
                0x0000000000010891                rs232_send
                0x00000000000108b3                rs232_print
                0x00000000000108ce                slip_arch_writeb
 .text          0x00000000000109a2       0xb1 obj_cooja/mtype42.a(vib-sensor.o)
 .text          0x0000000000010a53       0x34 obj_cooja/mtype42.a(clock.o)
                0x0000000000010a53                clock_init
                0x0000000000010a58                clock_time
                0x0000000000010a62                clock_seconds
                0x0000000000010a78                clock_delay
 .text          0x0000000000010a87      0x1ed obj_cooja/mtype42.a(log.o)
                0x0000000000010a87                simlog_char
                0x0000000000010ac9                simlog
                0x0000000000010b36                log_message
                0x0000000000010b5e                log_set_putchar_with_slip
                0x0000000000010b6b                log_putchar
                0x0000000000010bef                log_puts
                0x0000000000010c13                log_printf
 .text          0x0000000000010c74      0x2c4 obj_cooja/mtype42.a(cfs-cooja.o)
                0x0000000000010c74                cfs_open
                0x0000000000010cdd                cfs_close
                0x0000000000010ce9                cfs_read
                0x0000000000010d87                cfs_write
                0x0000000000010e64                cfs_seek
                0x0000000000010eec                cfs_remove
                0x0000000000010f15                cfs_opendir
                0x0000000000010f1f                cfs_readdir
                0x0000000000010f29                cfs_closedir
 .text          0x0000000000010f38      0x514 obj_cooja/mtype42.a(cooja-radio.o)
                0x0000000000010f62                radio_set_channel
                0x0000000000010f77                radio_set_txpower
                0x0000000000010f8e                radio_signal_strength_last
                0x0000000000010f98                radio_signal_strength_current
                0x0000000000010fa2                radio_LQI
 .text          0x000000000001144c       0xef obj_cooja/mtype42.a(eeprom.o)
                0x000000000001144c                eeprom_init
                0x0000000000011451                eeprom_read
                0x00000000000114c1                eeprom_write
 .text          0x000000000001153b       0x28 obj_cooja/mtype42.a(random.o)
                0x000000000001153b                random_init
                0x0000000000011556                random_rand
 .text          0x0000000000011563      0x2a1 obj_cooja/mtype42.a(sensors.o)
                0x000000000001159e                sensors_first
                0x00000000000115a8                sensors_next
                0x00000000000115c5                sensors_changed
                0x00000000000115f4                sensors_find
 .text          0x0000000000011804      0x308 obj_cooja/mtype42.a(dual_conf.o)
                0x0000000000011804                dual_radio_switch
                0x000000000001185f                dual_radio_change
                0x0000000000011899                sending_in_LR
                0x00000000000118c4                dual_radio_received
                0x0000000000011917                radio_received_is_longrange
                0x0000000000011ac2                dio_broadcast
                0x0000000000011aeb                dis_broadcast
 .text          0x0000000000011b0c       0x8e obj_cooja/mtype42.a(autostart.o)
                0x0000000000011b0c                autostart_start
                0x0000000000011b57                autostart_exit
 .text          0x0000000000011b9a      0x334 obj_cooja/mtype42.a(ctimer.o)
                0x0000000000011cb1                ctimer_init
                0x0000000000011ce1                ctimer_set
                0x0000000000011d12                ctimer_set_with_process
                0x0000000000011d8e                ctimer_reset
                0x0000000000011ddd                ctimer_restart
                0x0000000000011e2c                ctimer_stop
                0x0000000000011e77                ctimer_expired
 .text          0x0000000000011ece      0x40b obj_cooja/mtype42.a(etimer.o)
                0x00000000000120e1                etimer_request_poll
                0x0000000000012165                etimer_set
                0x000000000001218a                etimer_reset_with_new_interval
                0x00000000000121b1                etimer_reset
                0x00000000000121cf                etimer_restart
                0x00000000000121ed                etimer_adjust
                0x0000000000012209                etimer_expired
                0x000000000001221c                etimer_expiration_time
                0x000000000001222e                etimer_start_time
                0x0000000000012238                etimer_pending
                0x000000000001224a                etimer_next_expiration_time
                0x0000000000012264                etimer_stop
 .text          0x00000000000122d9      0x560 obj_cooja/mtype42.a(process.o)
                0x00000000000122d9                process_alloc_event
                0x00000000000122ee                process_start
                0x00000000000124d7                process_exit
                0x00000000000124f3                process_init
                0x00000000000126c4                process_run
                0x00000000000126f7                process_nevents
                0x0000000000012712                process_post
                0x00000000000127be                process_post_synch
                0x00000000000127f6                process_poll
                0x0000000000012825                process_is_running
 .text          0x0000000000012839       0xba obj_cooja/mtype42.a(rtimer.o)
                0x0000000000012839                rtimer_init
                0x0000000000012846                rtimer_set
                0x000000000001289d                rtimer_run_next
 .text          0x00000000000128f3       0xa3 obj_cooja/mtype42.a(stimer.o)
                0x00000000000128f3                stimer_set
                0x000000000001290e                stimer_reset
                0x0000000000012925                stimer_restart
                0x0000000000012937                stimer_expired
                0x000000000001295e                stimer_remaining
                0x0000000000012982                stimer_elapsed
 .text          0x0000000000012996       0x91 obj_cooja/mtype42.a(timer.o)
                0x0000000000012996                timer_set
                0x00000000000129b1                timer_reset
                0x00000000000129c8                timer_restart
                0x00000000000129da                timer_expired
                0x0000000000012a03                timer_remaining
 .text          0x0000000000012a27      0x1fb obj_cooja/mtype42.a(serial-line.o)
                0x0000000000012a27                serial_line_input_byte
                0x0000000000012bea                serial_line_init
 .text          0x0000000000012c22      0x244 obj_cooja/mtype42.a(list.o)
                0x0000000000012c22                list_init
                0x0000000000012c30                list_head
                0x0000000000012c3a                list_copy
                0x0000000000012c49                list_tail
                0x0000000000012c7f                list_add
                0x0000000000012cc8                list_push
                0x0000000000012cf4                list_chop
                0x0000000000012d5e                list_pop
                0x0000000000012d86                list_remove
                0x0000000000012ded                list_length
                0x0000000000012e1b                list_insert
                0x0000000000012e4f                list_item_next
 .text          0x0000000000012e66      0x155 obj_cooja/mtype42.a(ringbuf.o)
                0x0000000000012e66                ringbuf_init
                0x0000000000012e97                ringbuf_put
                0x0000000000012f15                ringbuf_get
                0x0000000000012f82                ringbuf_size
                0x0000000000012f94                ringbuf_elements
 .text          0x0000000000012fbb     0x137c obj_cooja/mtype42.a(sicslowpan.o)
                0x00000000000135bb                rime_sniffer_add
                0x00000000000135c8                rime_sniffer_remove
                0x0000000000014319                sicslowpan_init
                0x000000000001432d                sicslowpan_get_last_rssi
 .text          0x0000000000014337      0x298 obj_cooja/mtype42.a(uip-ds6-nbr.o)
                0x0000000000014354                uip_ds6_neighbors_init
                0x0000000000014371                uip_ds6_nbr_add
                0x00000000000143f9                uip_ds6_nbr_rm
                0x000000000001443b                uip_ds6_nbr_get_ipaddr
                0x0000000000014450                uip_ds6_nbr_get_ll
                0x000000000001446c                uip_ds6_nbr_num
                0x00000000000144b1                uip_ds6_nbr_lookup
                0x0000000000014516                uip_ds6_nbr_ll_lookup
                0x0000000000014532                uip_ds6_nbr_ipaddr_from_lladdr
                0x0000000000014558                uip_ds6_nbr_lladdr_from_ipaddr
                0x0000000000014586                uip_ds6_link_neighbor_callback
 .text          0x00000000000145cf      0xc68 obj_cooja/mtype42.a(uip-ds6-route.o)
                0x00000000000146bd                uip_ds6_notification_add
                0x00000000000146ee                uip_ds6_notification_rm
                0x000000000001470a                uip_ds6_route_init
                0x0000000000014792                uip_ds6_route_nexthop
                0x00000000000147ba                uip_ds6_route_head
                0x00000000000147cf                uip_ds6_route_next
                0x00000000000147f5                uip_ds6_route_is_nexthop
                0x0000000000014834                uip_ds6_route_num_routes
                0x000000000001483e                uip_ds6_route_lookup
                0x0000000000014979                uip_ds6_route_add
                0x0000000000014c96                uip_ds6_route_rm
                0x0000000000014ea9                uip_ds6_route_rm_by_nexthop
                0x0000000000014ee1                uip_ds6_defrt_add
                0x0000000000014ff1                uip_ds6_defrt_rm
                0x0000000000015086                uip_ds6_defrt_lookup
                0x00000000000150df                uip_ds6_defrt_choose
                0x00000000000151c3                uip_ds6_defrt_periodic
 .text          0x0000000000015237      0xbe5 obj_cooja/mtype42.a(uip-ds6.o)
                0x0000000000015237                uip_ds6_init
                0x000000000001540a                uip_ds6_periodic
                0x0000000000015483                uip_ds6_list_loop
                0x000000000001552a                uip_ds6_prefix_add
                0x00000000000155e8                uip_ds6_prefix_rm
                0x00000000000155fa                uip_ds6_prefix_lookup
                0x000000000001564b                uip_ds6_is_addr_onlink
                0x00000000000156bf                uip_ds6_addr_add
                0x00000000000157ed                uip_ds6_addr_rm
                0x000000000001588d                uip_ds6_addr_lookup
                0x00000000000158d8                uip_ds6_get_link_local
                0x0000000000015957                uip_ds6_get_global
                0x00000000000159d6                uip_ds6_maddr_add
                0x0000000000015a48                uip_ds6_maddr_rm
                0x0000000000015a5a                uip_ds6_maddr_lookup
                0x0000000000015aa5                uip_ds6_aaddr_add
                0x0000000000015b17                uip_ds6_aaddr_rm
                0x0000000000015b29                uip_ds6_aaddr_lookup
                0x0000000000015b74                uip_ds6_select_src
                0x0000000000015d07                uip_ds6_set_addr_iid
                0x0000000000015d3e                get_match_length
                0x0000000000015dd0                uip_ds6_compute_reachable_time
 .text          0x0000000000015e1c     0x2d47 obj_cooja/mtype42.a(uip6.o)
                0x0000000000015e1c                uip_add32
                0x0000000000015fb5                uip_chksum
                0x00000000000160cb                uip_icmp6chksum
                0x00000000000160df                uip_tcpchksum
                0x00000000000160f3                uip_udpchksum
                0x0000000000016107                uip_init
                0x00000000000161d7                uip_connect
                0x0000000000016386                remove_ext_hdr
                0x000000000001648f                uip_udp_new
                0x00000000000165eb                uip_unlisten
                0x000000000001664b                uip_listen
                0x0000000000016971                uip_process
                0x0000000000018a57                uip_htons
                0x0000000000018a79                uip_htonl
                0x0000000000018ab9                uip_send
 .text          0x0000000000018b63      0xa7d obj_cooja/mtype42.a(tcpip.o)
                0x0000000000018b63                tcpip_output
                0x0000000000018bb4                tcpip_set_outputfunc
                0x0000000000018c54                tcp_connect
                0x0000000000018ca9                tcp_unlisten
                0x0000000000018d04                tcp_listen
                0x0000000000018d5d                tcp_attach
                0x0000000000018d82                udp_attach
                0x0000000000018da7                udp_new
                0x0000000000018df9                udp_broadcast_new
                0x000000000001906d                tcpip_input
                0x00000000000190a1                tcpip_ipv6_output
                0x0000000000019426                tcpip_poll_udp
                0x0000000000019449                tcpip_poll_tcp
                0x000000000001946c                tcpip_uipcall
 .text          0x00000000000195e0      0x1c1 obj_cooja/mtype42.a(uip-debug.o)
                0x00000000000195e0                uip_debug_ipaddr_print
                0x0000000000019742                uip_debug_lladdr_print
 .text          0x00000000000197a1      0x141 obj_cooja/mtype42.a(uip-packetqueue)
                0x00000000000197cd                uip_packetqueue_new
                0x00000000000197db                uip_packetqueue_alloc
                0x000000000001983b                uip_packetqueue_free
                0x000000000001987c                uip_packetqueue_buf
                0x0000000000019899                uip_packetqueue_buflen
                0x00000000000198ba                uip_packetqueue_set_buflen
 .text          0x00000000000198e2      0x131 obj_cooja/mtype42.a(uip-udp-packet.)
                0x00000000000198e2                uip_udp_packet_send
                0x0000000000019942                uip_udp_packet_sendto
 .text          0x0000000000019a13     0x2ce0 obj_cooja/mtype42.a(rpl-dag.o)
                0x0000000000019a13                rpl_print_neighbor_list
                0x0000000000019be8                rpl_get_nbr
                0x0000000000019c42                rpl_dag_init
                0x0000000000019c5f                rpl_get_parent
                0x0000000000019c81                rpl_get_parent_rank
                0x0000000000019cb4                rpl_get_parent_link_metric
                0x0000000000019ce7                rpl_get_parent_ipaddr
                0x000000000001a093                rpl_set_root
                0x000000000001a307                rpl_repair_root
                0x000000000001a5b6                rpl_set_prefix
                0x000000000001a6d9                rpl_set_default_route
                0x000000000001a7ce                rpl_alloc_instance
                0x000000000001a861                rpl_alloc_dag
                0x000000000001a912                rpl_set_default_instance
                0x000000000001a91f                rpl_get_default_instance
                0x000000000001a929                rpl_free_instance
                0x000000000001a9f5                rpl_free_dag
                0x000000000001aa7e                rpl_add_parent
                0x000000000001ab90                rpl_find_parent
                0x000000000001abe8                rpl_find_parent_any_dag
                0x000000000001ac24                rpl_select_dag
                0x000000000001b041                rpl_select_parent
                0x000000000001b0a3                rpl_remove_parent
                0x000000000001b0f5                rpl_nullify_parent
                0x000000000001b1f1                rpl_move_parent
                0x000000000001b2fc                rpl_has_downward_route
                0x000000000001b34f                rpl_get_any_dag
                0x000000000001b3b1                rpl_get_instance
                0x000000000001b414                rpl_find_of
                0x000000000001b451                rpl_join_instance
                0x000000000001b788                rpl_add_dag
                0x000000000001bc59                rpl_local_repair
                0x000000000001bd35                rpl_recalculate_ranks
                0x000000000001bdde                rpl_process_parent_event
                0x000000000001bff4                rpl_process_dio
 .text          0x000000000001c6f3      0xbf3 obj_cooja/mtype42.a(rpl-ext-header.)
                0x000000000001c710                rpl_verify_header
                0x000000000001cb8a                rpl_update_header_empty
                0x000000000001cea1                rpl_update_header_final
                0x000000000001d030                rpl_remove_header
                0x000000000001d13a                rpl_invert_header
                0x000000000001d2c4                rpl_insert_header
 .text          0x000000000001d2e6     0x22c2 obj_cooja/mtype42.a(rpl-icmp6.o)
                0x000000000001d545                rpl_icmp6_update_nbr_table
                0x000000000001d73f                dis_output
                0x000000000001e066                dio_output
                0x000000000001f0ef                dao_output
                0x000000000001f1b6                dao_output_target
                0x000000000001f55c                dao_ack_output
                0x000000000001f570                rpl_icmp6_register_handlers
 .text          0x000000000001f5a8      0x315 obj_cooja/mtype42.a(rpl-mrhof.o)
 .text          0x000000000001f8bd      0x909 obj_cooja/mtype42.a(rpl-timers.o)
                0x000000000001fba9                rpl_reset_periodic_timer
                0x000000000001fbfe                rpl_reset_dio_timer
                0x000000000001fe96                rpl_schedule_dao
                0x000000000001feb1                rpl_schedule_dao_immediately
                0x000000000001fecc                rpl_cancel_dao
                0x000000000001ff2e                rpl_schedule_unicast_dio_immediately
                0x000000000002016e                rpl_schedule_probing
 .text          0x00000000000201c6      0x706 obj_cooja/mtype42.a(rpl.o)
                0x00000000000201c6                rpl_get_mode
                0x00000000000201d0                rpl_set_mode
                0x0000000000020294                rpl_purge_routes
                0x00000000000203c3                rpl_remove_routes
                0x0000000000020409                rpl_remove_routes_by_nexthop
                0x0000000000020475                rpl_add_route
                0x0000000000020566                rpl_link_neighbor_callback
                0x000000000002067a                rpl_ipv6_neighbor_callback
                0x0000000000020726                rpl_purge_dags
                0x000000000002083a                rpl_init
 .text          0x00000000000208cc       0x67 obj_cooja/mtype42.a(linkaddr.o)
                0x00000000000208cc                linkaddr_copy
                0x00000000000208ee                linkaddr_cmp
                0x0000000000020918                linkaddr_set_node_addr
 .text          0x0000000000020933      0x769 obj_cooja/mtype42.a(nbr-table.o)
                0x0000000000020d92                nbr_table_register
                0x0000000000020dda                nbr_table_head
                0x0000000000020e36                nbr_table_next
                0x0000000000020e9d                nbr_table_add_lladdr
                0x0000000000020f79                nbr_table_get_from_lladdr
                0x0000000000020fc6                nbr_table_remove
                0x0000000000021018                nbr_table_lock
                0x0000000000021042                nbr_table_unlock
                0x000000000002106c                nbr_table_get_lladdr
 .text          0x000000000002109c       0x2b obj_cooja/mtype42.a(netstack.o)
                0x000000000002109c                netstack_init
 .text          0x00000000000210c7      0x3cd obj_cooja/mtype42.a(packetbuf.o)
                0x00000000000210c7                packetbuf_clear
                0x00000000000210f1                packetbuf_copyfrom
                0x0000000000021143                packetbuf_compact
                0x00000000000211c0                packetbuf_copyto
                0x0000000000021257                packetbuf_hdralloc
                0x00000000000212d4                packetbuf_hdrreduce
                0x000000000002131c                packetbuf_set_datalen
                0x0000000000021335                packetbuf_dataptr
                0x0000000000021352                packetbuf_hdrptr
                0x000000000002135c                packetbuf_datalen
                0x0000000000021368                packetbuf_hdrlen
                0x000000000002137f                packetbuf_totlen
                0x0000000000021395                packetbuf_attr_clear
                0x00000000000213e7                packetbuf_attr_copyto
                0x0000000000021430                packetbuf_attr_copyfrom
                0x0000000000021478                packetbuf_holds_broadcast
 .text          0x0000000000021494      0x2b4 obj_cooja/mtype42.a(queuebuf.o)
                0x000000000002149e                queuebuf_init
                0x00000000000214be                queuebuf_numfree
                0x00000000000214d2                queuebuf_new_from_packetbuf
                0x0000000000021562                queuebuf_update_attr_from_packetbuf
                0x0000000000021595                queuebuf_update_from_packetbuf
                0x00000000000215df                queuebuf_free
                0x0000000000021626                queuebuf_to_packetbuf
                0x000000000002168c                queuebuf_dataptr
                0x00000000000216c3                queuebuf_datalen
                0x00000000000216e6                queuebuf_addr
                0x0000000000021718                queuebuf_attr
                0x0000000000021743                queuebuf_debug_print
 .text          0x0000000000021748      0x831 obj_cooja/mtype42.a(csma.o)
 .text          0x0000000000021f79      0x3f5 obj_cooja/mtype42.a(framer-802154.o)
 .text          0x000000000002236e       0x3c obj_cooja/mtype42.a(mac.o)
                0x000000000002236e                mac_call_sent_callback
 .text          0x00000000000223aa      0x4cc obj_cooja/mtype42.a(nullrdc.o)
 .text          0x0000000000022876       0x6e obj_cooja/mtype42.a(nullsec.o)
 .text          0x00000000000228e4       0x19 obj_cooja/mtype42.a(watchdog.o)
                0x00000000000228e4                watchdog_init
                0x00000000000228e9                watchdog_start
                0x00000000000228ee                watchdog_periodic
                0x00000000000228f3                watchdog_stop
                0x00000000000228f8                watchdog_reboot
 .text          0x00000000000228fd        0x0 obj_cooja/mtype42.a(rimestats.o)
 .text          0x00000000000228fd      0x1c1 obj_cooja/mtype42.a(memb.o)
                0x00000000000228fd                memb_init
                0x000000000002295b                memb_alloc
                0x00000000000229c0                memb_free
                0x0000000000022a3b                memb_inmemb
                0x0000000000022a7a                memb_numfree
 .text          0x0000000000022abe     0x1382 obj_cooja/mtype42.a(uip-icmp6.o)
                0x0000000000022b2c                uip_icmp6_input
                0x0000000000022b82                uip_icmp6_register_input_handler
                0x0000000000023342                uip_icmp6_error_output
                0x0000000000023919                uip_icmp6_send
                0x0000000000023dd3                uip_icmp6_echo_reply_callback_add
                0x0000000000023e04                uip_icmp6_echo_reply_callback_rm
                0x0000000000023e20                uip_icmp6_init
 .text          0x0000000000023e40      0x358 obj_cooja/mtype42.a(uip-nd6.o)
                0x0000000000023e94                uip_nd6_ns_output
                0x0000000000024193                uip_nd6_init
 .text          0x0000000000024198      0x331 obj_cooja/mtype42.a(rpl-nbr-policy.)
                0x0000000000024370                find_removable_dis
                0x0000000000024393                find_removable_dio
                0x0000000000024422                find_removable_dao
                0x0000000000024472                rpl_nbr_policy_find_removable
 .text          0x00000000000244c9      0x97c obj_cooja/mtype42.a(frame802154.o)
                0x00000000000244fa                frame802154_get_pan_id
                0x0000000000024506                frame802154_set_pan_id
                0x000000000002451f                frame802154_has_panid
                0x000000000002460b                frame802154_check_dest_panid
                0x0000000000024673                frame802154_is_broadcast_addr
                0x00000000000246c0                frame802154_extract_linkaddr
                0x0000000000024900                frame802154_hdrlen
                0x0000000000024951                frame802154_create
                0x0000000000024b3c                frame802154_parse
 .text          0x0000000000024e45      0x181 obj_cooja/mtype42.a(mac-sequence.o)
                0x0000000000024e7c                mac_sequence_is_duplicate
                0x0000000000024eff                mac_sequence_register_seqno
 .text          0x0000000000024fc6        0x0 /usr/lib/gcc/i686-linux-gnu/4.8/crtendS.o
 .text          0x0000000000024fc6        0x0 /usr/lib/gcc/i686-linux-gnu/4.8/../../../i386-linux-gnu/crtn.o
 *(.gnu.warning)

.fini           0x0000000000024fc8       0x14
 *(SORT(.fini))
 .fini          0x0000000000024fc8        0xf /usr/lib/gcc/i686-linux-gnu/4.8/../../../i386-linux-gnu/crti.o
                0x0000000000024fc8                _fini
 .fini          0x0000000000024fd7        0x5 /usr/lib/gcc/i686-linux-gnu/4.8/../../../i386-linux-gnu/crtn.o
                0x0000000000024fdc                PROVIDE (__etext, .)
                0x0000000000024fdc                PROVIDE (_etext, .)
                0x0000000000024fdc                PROVIDE (etext, .)

.rodata         0x0000000000024fe0     0x3229
 *(.rodata .rodata.* .gnu.linkonce.r.*)
 .rodata        0x0000000000024fe0      0x18a udp-client.co
                0x0000000000024ff4                autostart_processes
 *fill*         0x000000000002516a        0x2 
 .rodata        0x000000000002516c      0x127 obj_cooja/mtype42.o
 *fill*         0x0000000000025293        0x1 
 .rodata        0x0000000000025294        0x8 obj_cooja/mtype42.a(beep.o)
                0x0000000000025294                beep_interface
 .rodata        0x000000000002529c       0x20 obj_cooja/mtype42.a(button-sensor.o)
                0x000000000002529c                button_interface
                0x00000000000252ac                button_sensor
 .rodata        0x00000000000252bc        0x8 obj_cooja/mtype42.a(leds-arch.o)
                0x00000000000252bc                leds_interface
 .rodata        0x00000000000252c4        0x8 obj_cooja/mtype42.a(moteid.o)
                0x00000000000252c4                moteid_interface
 .rodata        0x00000000000252cc       0x1c obj_cooja/mtype42.a(pir-sensor.o)
                0x00000000000252cc                pir_interface
                0x00000000000252d8                pir_sensor
 .rodata        0x00000000000252e8        0xe obj_cooja/mtype42.a(rs232.o)
                0x00000000000252e8                rs232_interface
 *fill*         0x00000000000252f6        0x2 
 .rodata        0x00000000000252f8       0x24 obj_cooja/mtype42.a(vib-sensor.o)
                0x00000000000252f8                vib_interface
                0x000000000002530c                vib_sensor
 .rodata        0x000000000002531c        0x8 obj_cooja/mtype42.a(clock.o)
                0x000000000002531c                clock_interface
 .rodata        0x0000000000025324        0x8 obj_cooja/mtype42.a(log.o)
                0x0000000000025324                simlog_interface
 .rodata        0x000000000002532c       0x2f obj_cooja/mtype42.a(cfs-cooja.o)
                0x000000000002532c                cfs_interface
 *fill*         0x000000000002535b        0x5 
 .rodata        0x0000000000025360      0x120 obj_cooja/mtype42.a(cooja-radio.o)
                0x0000000000025440                cooja_radio_driver
                0x0000000000025478                radio_interface
 .rodata        0x0000000000025480        0x8 obj_cooja/mtype42.a(eeprom.o)
                0x0000000000025480                eeprom_interface
 .rodata        0x0000000000025488        0x8 obj_cooja/mtype42.a(sensors.o)
 .rodata        0x0000000000025490      0x196 obj_cooja/mtype42.a(dual_conf.o)
 .rodata        0x0000000000025626        0xf obj_cooja/mtype42.a(ctimer.o)
 .rodata        0x0000000000025635        0xc obj_cooja/mtype42.a(etimer.o)
 .rodata        0x0000000000025641        0xe obj_cooja/mtype42.a(serial-line.o)
 *fill*         0x000000000002564f        0x1 
 .rodata        0x0000000000025650      0x4c4 obj_cooja/mtype42.a(sicslowpan.o)
                0x0000000000025b08                sicslowpan_driver
 .rodata        0x0000000000025b14      0x480 obj_cooja/mtype42.a(uip-ds6-route.o)
 .rodata        0x0000000000025f94      0x590 obj_cooja/mtype42.a(uip6.o)
 .rodata        0x0000000000026524      0x113 obj_cooja/mtype42.a(tcpip.o)
 .rodata        0x0000000000026637       0x3e obj_cooja/mtype42.a(uip-debug.o)
 *fill*         0x0000000000026675        0x3 
 .rodata        0x0000000000026678      0xc0b obj_cooja/mtype42.a(rpl-dag.o)
 *fill*         0x0000000000027283        0x1 
 .rodata        0x0000000000027284      0x8a4 obj_cooja/mtype42.a(rpl-icmp6.o)
 .rodata        0x0000000000027b28       0x6f obj_cooja/mtype42.a(rpl-mrhof.o)
 *fill*         0x0000000000027b97        0x1 
 .rodata        0x0000000000027b98      0x260 obj_cooja/mtype42.a(rpl-timers.o)
 .rodata        0x0000000000027df8      0x1be obj_cooja/mtype42.a(rpl.o)
 .rodata        0x0000000000027fb6        0x8 obj_cooja/mtype42.a(linkaddr.o)
                0x0000000000027fb6                linkaddr_null
 *fill*         0x0000000000027fbe        0x2 
 .rodata        0x0000000000027fc0       0x24 obj_cooja/mtype42.a(csma.o)
                0x0000000000027fc8                csma_driver
 .rodata        0x0000000000027fe4        0xc obj_cooja/mtype42.a(framer-802154.o)
                0x0000000000027fe4                framer_802154
 *fill*         0x0000000000027ff0       0x10 
 .rodata        0x0000000000028000      0x120 obj_cooja/mtype42.a(nullrdc.o)
                0x0000000000028100                nullrdc_driver
 .rodata        0x0000000000028120       0x18 obj_cooja/mtype42.a(nullsec.o)
                0x0000000000028128                nullsec_driver
 .rodata        0x0000000000028138       0xd1 obj_cooja/mtype42.a(uip-icmp6.o)

.rodata1
 *(.rodata1)

.eh_frame_hdr   0x000000000002820c     0x12c4
 *(.eh_frame_hdr)
 .eh_frame_hdr  0x000000000002820c     0x12c4 udp-client.co

.eh_frame       0x00000000000294d0     0x4c80
 *(.eh_frame)
 .eh_frame      0x00000000000294d0       0x3c /usr/lib/gcc/i686-linux-gnu/4.8/../../../i386-linux-gnu/crti.o
                                         0x40 (size before relaxing)
 .eh_frame      0x000000000002950c       0xa8 udp-client.co
                                         0xc0 (size before relaxing)
 .eh_frame      0x00000000000295b4      0x148 obj_cooja/mtype42.o
                                        0x160 (size before relaxing)
 .eh_frame      0x00000000000296fc       0x40 obj_cooja/mtype42.a(simEnvChange.o)
                                         0x58 (size before relaxing)
 .eh_frame      0x000000000002973c       0xc0 obj_cooja/mtype42.a(cooja_mt.o)
                                         0xd8 (size before relaxing)
 .eh_frame      0x00000000000297fc      0x120 obj_cooja/mtype42.a(cooja_mtarch.o)
                                        0x138 (size before relaxing)
 .eh_frame      0x000000000002991c       0xc0 obj_cooja/mtype42.a(rtimer-arch.o)
                                         0xd8 (size before relaxing)
 .eh_frame      0x00000000000299dc      0x160 obj_cooja/mtype42.a(beep.o)
                                        0x178 (size before relaxing)
 .eh_frame      0x0000000000029b3c       0xa0 obj_cooja/mtype42.a(button-sensor.o)
                                         0xb8 (size before relaxing)
 .eh_frame      0x0000000000029bdc       0xa0 obj_cooja/mtype42.a(leds-arch.o)
                                         0xb8 (size before relaxing)
 .eh_frame      0x0000000000029c7c       0x40 obj_cooja/mtype42.a(moteid.o)
                                         0x58 (size before relaxing)
 .eh_frame      0x0000000000029cbc       0xa0 obj_cooja/mtype42.a(pir-sensor.o)
                                         0xb8 (size before relaxing)
 .eh_frame      0x0000000000029d5c      0x100 obj_cooja/mtype42.a(rs232.o)
                                        0x118 (size before relaxing)
 .eh_frame      0x0000000000029e5c       0xa0 obj_cooja/mtype42.a(vib-sensor.o)
                                         0xb8 (size before relaxing)
 .eh_frame      0x0000000000029efc       0xc0 obj_cooja/mtype42.a(clock.o)
                                         0xd8 (size before relaxing)
 .eh_frame      0x0000000000029fbc      0x120 obj_cooja/mtype42.a(log.o)
                                        0x138 (size before relaxing)
 .eh_frame      0x000000000002a0dc      0x160 obj_cooja/mtype42.a(cfs-cooja.o)
                                        0x178 (size before relaxing)
 .eh_frame      0x000000000002a23c      0x2e0 obj_cooja/mtype42.a(cooja-radio.o)
                                        0x2f8 (size before relaxing)
 .eh_frame      0x000000000002a51c       0xa0 obj_cooja/mtype42.a(eeprom.o)
                                         0xb8 (size before relaxing)
 .eh_frame      0x000000000002a5bc       0x40 obj_cooja/mtype42.a(random.o)
                                         0x58 (size before relaxing)
 .eh_frame      0x000000000002a5fc       0xc0 obj_cooja/mtype42.a(sensors.o)
                                         0xd8 (size before relaxing)
 .eh_frame      0x000000000002a6bc      0x120 obj_cooja/mtype42.a(dual_conf.o)
                                        0x138 (size before relaxing)
 .eh_frame      0x000000000002a7dc       0x40 obj_cooja/mtype42.a(autostart.o)
                                         0x58 (size before relaxing)
 .eh_frame      0x000000000002a81c      0x100 obj_cooja/mtype42.a(ctimer.o)
                                        0x118 (size before relaxing)
 .eh_frame      0x000000000002a91c      0x1e0 obj_cooja/mtype42.a(etimer.o)
                                        0x1f8 (size before relaxing)
 .eh_frame      0x000000000002aafc      0x1c8 obj_cooja/mtype42.a(process.o)
                                        0x1e0 (size before relaxing)
 .eh_frame      0x000000000002acc4       0x60 obj_cooja/mtype42.a(rtimer.o)
                                         0x78 (size before relaxing)
 .eh_frame      0x000000000002ad24       0xc4 obj_cooja/mtype42.a(stimer.o)
                                         0xdc (size before relaxing)
 .eh_frame      0x000000000002ade8       0xa4 obj_cooja/mtype42.a(timer.o)
                                         0xbc (size before relaxing)
 .eh_frame      0x000000000002ae8c       0x60 obj_cooja/mtype42.a(serial-line.o)
                                         0x78 (size before relaxing)
 .eh_frame      0x000000000002aeec      0x180 obj_cooja/mtype42.a(list.o)
                                        0x198 (size before relaxing)
 .eh_frame      0x000000000002b06c       0xa0 obj_cooja/mtype42.a(ringbuf.o)
                                         0xb8 (size before relaxing)
 .eh_frame      0x000000000002b10c      0x278 obj_cooja/mtype42.a(sicslowpan.o)
                                        0x290 (size before relaxing)
 .eh_frame      0x000000000002b384      0x180 obj_cooja/mtype42.a(uip-ds6-nbr.o)
                                        0x198 (size before relaxing)
 .eh_frame      0x000000000002b504      0x2c0 obj_cooja/mtype42.a(uip-ds6-route.o)
                                        0x2d8 (size before relaxing)
 .eh_frame      0x000000000002b7c4      0x2c8 obj_cooja/mtype42.a(uip-ds6.o)
                                        0x2e0 (size before relaxing)
 .eh_frame      0x000000000002ba8c      0x27c obj_cooja/mtype42.a(uip6.o)
                                        0x294 (size before relaxing)
 .eh_frame      0x000000000002bd08      0x270 obj_cooja/mtype42.a(tcpip.o)
                                        0x288 (size before relaxing)
 .eh_frame      0x000000000002bf78       0x48 obj_cooja/mtype42.a(uip-debug.o)
                                         0x60 (size before relaxing)
 .eh_frame      0x000000000002bfc0       0xe0 obj_cooja/mtype42.a(uip-packetqueue)
                                         0xf8 (size before relaxing)
 .eh_frame      0x000000000002c0a0       0x40 obj_cooja/mtype42.a(uip-udp-packet.)
                                         0x58 (size before relaxing)
 .eh_frame      0x000000000002c0e0      0x674 obj_cooja/mtype42.a(rpl-dag.o)
                                        0x68c (size before relaxing)
 .eh_frame      0x000000000002c754      0x10c obj_cooja/mtype42.a(rpl-ext-header.)
                                        0x124 (size before relaxing)
 .eh_frame      0x000000000002c860      0x288 obj_cooja/mtype42.a(rpl-icmp6.o)
                                        0x2a0 (size before relaxing)
 .eh_frame      0x000000000002cae8       0xe4 obj_cooja/mtype42.a(rpl-mrhof.o)
                                         0xfc (size before relaxing)
 .eh_frame      0x000000000002cbcc      0x210 obj_cooja/mtype42.a(rpl-timers.o)
                                        0x228 (size before relaxing)
 .eh_frame      0x000000000002cddc      0x140 obj_cooja/mtype42.a(rpl.o)
                                        0x158 (size before relaxing)
 .eh_frame      0x000000000002cf1c       0x60 obj_cooja/mtype42.a(linkaddr.o)
                                         0x78 (size before relaxing)
 .eh_frame      0x000000000002cf7c      0x26c obj_cooja/mtype42.a(nbr-table.o)
                                        0x284 (size before relaxing)
 .eh_frame      0x000000000002d1e8       0x20 obj_cooja/mtype42.a(netstack.o)
                                         0x38 (size before relaxing)
 .eh_frame      0x000000000002d208      0x214 obj_cooja/mtype42.a(packetbuf.o)
                                        0x22c (size before relaxing)
 .eh_frame      0x000000000002d41c      0x1a0 obj_cooja/mtype42.a(queuebuf.o)
                                        0x1b8 (size before relaxing)
 .eh_frame      0x000000000002d5bc      0x28c obj_cooja/mtype42.a(csma.o)
                                        0x2a4 (size before relaxing)
 .eh_frame      0x000000000002d848      0x108 obj_cooja/mtype42.a(framer-802154.o)
                                        0x120 (size before relaxing)
 .eh_frame      0x000000000002d950       0x20 obj_cooja/mtype42.a(mac.o)
                                         0x38 (size before relaxing)
 .eh_frame      0x000000000002d970      0x18c obj_cooja/mtype42.a(nullrdc.o)
                                        0x1a4 (size before relaxing)
 .eh_frame      0x000000000002dafc       0x80 obj_cooja/mtype42.a(nullsec.o)
                                         0x98 (size before relaxing)
 .eh_frame      0x000000000002db7c       0xa0 obj_cooja/mtype42.a(watchdog.o)
                                         0xb8 (size before relaxing)
 .eh_frame      0x000000000002dc1c       0xa0 obj_cooja/mtype42.a(memb.o)
                                         0xb8 (size before relaxing)
 .eh_frame      0x000000000002dcbc      0x17c obj_cooja/mtype42.a(uip-icmp6.o)
                                        0x194 (size before relaxing)
 .eh_frame      0x000000000002de38       0x68 obj_cooja/mtype42.a(uip-nd6.o)
                                         0x80 (size before relaxing)
 .eh_frame      0x000000000002dea0       0xc0 obj_cooja/mtype42.a(rpl-nbr-policy.)
                                         0xd8 (size before relaxing)
 .eh_frame      0x000000000002df60      0x164 obj_cooja/mtype42.a(frame802154.o)
                                        0x17c (size before relaxing)
 .eh_frame      0x000000000002e0c4       0x88 obj_cooja/mtype42.a(mac-sequence.o)
                                         0xa0 (size before relaxing)
 .eh_frame      0x000000000002e14c        0x4 /usr/lib/gcc/i686-linux-gnu/4.8/crtendS.o

.gcc_except_table
 *(.gcc_except_table .gcc_except_table.*)

.exception_ranges
 *(.exception_ranges .exception_ranges*)
                0x000000000002e150                . = (ALIGN (0x1000) - ((0x1000 - .) & 0xfff))
                0x000000000002fef8                . = DATA_SEGMENT_ALIGN (0x1000, 0x1000)

.eh_frame
 *(.eh_frame)

.gcc_except_table
 *(.gcc_except_table .gcc_except_table.*)

.exception_ranges
 *(.exception_ranges .exception_ranges*)

.tdata
 *(.tdata .tdata.* .gnu.linkonce.td.*)

.tbss
 *(.tbss .tbss.* .gnu.linkonce.tb.*)
 *(.tcommon)

.preinit_array
 *(.preinit_array)

.init_array     0x000000000002fef8        0x4
 *(SORT(.init_array.*) SORT(.ctors.*))
 *(.init_array EXCLUDE_FILE(*crtend?.o *crtend.o *crtbegin?.o *crtbegin.o) .ctors)
 .init_array    0x000000000002fef8        0x4 /usr/lib/gcc/i686-linux-gnu/4.8/crtbeginS.o

.fini_array     0x000000000002fefc        0x4
 *(SORT(.fini_array.*) SORT(.dtors.*))
 *(.fini_array EXCLUDE_FILE(*crtend?.o *crtend.o *crtbegin?.o *crtbegin.o) .dtors)
 .fini_array    0x000000000002fefc        0x4 /usr/lib/gcc/i686-linux-gnu/4.8/crtbeginS.o

.ctors
 *crtbegin.o(.ctors)
 *crtbegin?.o(.ctors)
 *(EXCLUDE_FILE(*crtend?.o *crtend.o) .ctors)
 *(SORT(.ctors.*))
 *(.ctors)

.dtors
 *crtbegin.o(.dtors)
 *crtbegin?.o(.dtors)
 *(EXCLUDE_FILE(*crtend?.o *crtend.o) .dtors)
 *(SORT(.dtors.*))
 *(.dtors)

.jcr            0x000000000002ff00        0x4
 *(.jcr)
 .jcr           0x000000000002ff00        0x0 /usr/lib/gcc/i686-linux-gnu/4.8/crtbeginS.o
 .jcr           0x000000000002ff00        0x4 /usr/lib/gcc/i686-linux-gnu/4.8/crtendS.o

.data.rel.ro
 *(.data.rel.ro.local* .gnu.linkonce.d.rel.ro.local.*)
 *(.data.rel.ro .data.rel.ro.* .gnu.linkonce.d.rel.ro.*)

.dynamic        0x000000000002ff04       0xe8
 *(.dynamic)
 .dynamic       0x000000000002ff04       0xe8 /usr/lib/gcc/i686-linux-gnu/4.8/../../../i386-linux-gnu/crti.o
                0x000000000002ff04                _DYNAMIC

.got            0x000000000002ffec       0x14
 *(.got)
 .got           0x000000000002ffec       0x14 /usr/lib/gcc/i686-linux-gnu/4.8/../../../i386-linux-gnu/crti.o
 *(.igot)
                0x0000000000030ff4                . = DATA_SEGMENT_RELRO_END (., (SIZEOF (.got.plt) >= 0xc)?0xc:0x0)

.got.plt        0x0000000000030000       0x14
 *(.got.plt)
 .got.plt       0x0000000000030000       0x14 /usr/lib/gcc/i686-linux-gnu/4.8/../../../i386-linux-gnu/crti.o
                0x0000000000030000                _GLOBAL_OFFSET_TABLE_
 *(.igot.plt)

.data           0x0000000000030020      0x246
 *(.data .data.* .gnu.linkonce.d.*)
 .data          0x0000000000030020        0x0 /usr/lib/gcc/i686-linux-gnu/4.8/../../../i386-linux-gnu/crti.o
 .data          0x0000000000030020        0x0 /usr/lib/gcc/i686-linux-gnu/4.8/crtbeginS.o
 .data.rel      0x0000000000030020        0x4 /usr/lib/gcc/i686-linux-gnu/4.8/crtbeginS.o
                0x0000000000030020                __dso_handle
 .data          0x0000000000030024       0x10 udp-client.co
                0x0000000000030024                udp_client_process
 *fill*         0x0000000000030034        0xc 
 .data          0x0000000000030040       0x44 obj_cooja/mtype42.o
                0x0000000000030040                simInterfaces
                0x0000000000030074                sensors
 .data          0x0000000000030084        0x0 obj_cooja/mtype42.a(simEnvChange.o)
 .data          0x0000000000030084        0x0 obj_cooja/mtype42.a(cooja_mt.o)
 .data          0x0000000000030084        0x0 obj_cooja/mtype42.a(cooja_mtarch.o)
 .data          0x0000000000030084        0x0 obj_cooja/mtype42.a(rtimer-arch.o)
 .data          0x0000000000030084        0x0 obj_cooja/mtype42.a(beep.o)
 .data          0x0000000000030084        0x0 obj_cooja/mtype42.a(button-sensor.o)
 .data          0x0000000000030084        0x0 obj_cooja/mtype42.a(leds-arch.o)
 .data          0x0000000000030084        0x0 obj_cooja/mtype42.a(moteid.o)
 .data          0x0000000000030084        0x0 obj_cooja/mtype42.a(pir-sensor.o)
 .data          0x0000000000030084        0x0 obj_cooja/mtype42.a(rs232.o)
 .data          0x0000000000030084        0x0 obj_cooja/mtype42.a(vib-sensor.o)
 .data          0x0000000000030084        0x0 obj_cooja/mtype42.a(clock.o)
 .data          0x0000000000030084        0x0 obj_cooja/mtype42.a(log.o)
 .data          0x0000000000030084        0x0 obj_cooja/mtype42.a(cfs-cooja.o)
 .data          0x0000000000030084       0x2c obj_cooja/mtype42.a(cooja-radio.o)
                0x0000000000030084                simRadioHWOn
                0x0000000000030088                simSignalStrength
                0x000000000003008c                simLastSignalStrength
                0x0000000000030090                simPower
                0x0000000000030094                simRadioChannel
                0x0000000000030098                simRadioChannelLR
                0x000000000003009c                simLQI
                0x00000000000300a0                cooja_radio_process
 .data          0x00000000000300b0        0x0 obj_cooja/mtype42.a(eeprom.o)
 .data          0x00000000000300b0        0x0 obj_cooja/mtype42.a(random.o)
 .data          0x00000000000300b0       0x10 obj_cooja/mtype42.a(sensors.o)
                0x00000000000300b0                sensors_process
 .data          0x00000000000300c0       0x24 obj_cooja/mtype42.a(dual_conf.o)
                0x00000000000300c0                radio_received
                0x00000000000300c4                dual_dio_broadcast
                0x00000000000300d4                dual_dis_broadcast
 .data          0x00000000000300e4        0x0 obj_cooja/mtype42.a(autostart.o)
 .data          0x00000000000300e4       0x14 obj_cooja/mtype42.a(ctimer.o)
                0x00000000000300e8                ctimer_process
 .data          0x00000000000300f8       0x10 obj_cooja/mtype42.a(etimer.o)
                0x00000000000300f8                etimer_process
 .data          0x0000000000030108        0x0 obj_cooja/mtype42.a(process.o)
 .data          0x0000000000030108        0x0 obj_cooja/mtype42.a(rtimer.o)
 .data          0x0000000000030108        0x0 obj_cooja/mtype42.a(stimer.o)
 .data          0x0000000000030108        0x0 obj_cooja/mtype42.a(timer.o)
 .data          0x0000000000030108       0x10 obj_cooja/mtype42.a(serial-line.o)
                0x0000000000030108                serial_line_process
 .data          0x0000000000030118        0x0 obj_cooja/mtype42.a(list.o)
 .data          0x0000000000030118        0x0 obj_cooja/mtype42.a(ringbuf.o)
 .data          0x0000000000030118        0x0 obj_cooja/mtype42.a(sicslowpan.o)
 .data          0x0000000000030118       0x14 obj_cooja/mtype42.a(uip-ds6-nbr.o)
                0x0000000000030128                ds6_neighbors
 .data          0x000000000003012c       0x44 obj_cooja/mtype42.a(uip-ds6-route.o)
                0x000000000003013c                nbr_routes
 .data          0x0000000000030170        0x0 obj_cooja/mtype42.a(uip-ds6.o)
 .data          0x0000000000030170        0x0 obj_cooja/mtype42.a(uip6.o)
 .data          0x0000000000030170       0x10 obj_cooja/mtype42.a(tcpip.o)
                0x0000000000030170                tcpip_process
 .data          0x0000000000030180        0x0 obj_cooja/mtype42.a(uip-debug.o)
 .data          0x0000000000030180        0xc obj_cooja/mtype42.a(uip-packetqueue)
 .data          0x000000000003018c        0x0 obj_cooja/mtype42.a(uip-udp-packet.)
 .data          0x000000000003018c       0x14 obj_cooja/mtype42.a(rpl-dag.o)
                0x000000000003019c                rpl_parents
 .data          0x00000000000301a0        0x0 obj_cooja/mtype42.a(rpl-ext-header.)
 .data          0x00000000000301a0       0x34 obj_cooja/mtype42.a(rpl-icmp6.o)
 .data          0x00000000000301d4       0x1c obj_cooja/mtype42.a(rpl-mrhof.o)
                0x00000000000301d4                rpl_mrhof
 .data          0x00000000000301f0        0x0 obj_cooja/mtype42.a(rpl-timers.o)
 .data          0x00000000000301f0        0x0 obj_cooja/mtype42.a(rpl.o)
 .data          0x00000000000301f0        0x0 obj_cooja/mtype42.a(linkaddr.o)
 .data          0x00000000000301f0       0x10 obj_cooja/mtype42.a(nbr-table.o)
 .data          0x0000000000030200        0x0 obj_cooja/mtype42.a(netstack.o)
 .data          0x0000000000030200        0x4 obj_cooja/mtype42.a(packetbuf.o)
 .data          0x0000000000030204       0x18 obj_cooja/mtype42.a(queuebuf.o)
 .data          0x000000000003021c       0x28 obj_cooja/mtype42.a(csma.o)
 .data          0x0000000000030244        0x0 obj_cooja/mtype42.a(framer-802154.o)
 .data          0x0000000000030244        0x0 obj_cooja/mtype42.a(mac.o)
 .data          0x0000000000030244        0x0 obj_cooja/mtype42.a(nullrdc.o)
 .data          0x0000000000030244        0x0 obj_cooja/mtype42.a(nullsec.o)
 .data          0x0000000000030244        0x0 obj_cooja/mtype42.a(watchdog.o)
 .data          0x0000000000030244        0x0 obj_cooja/mtype42.a(rimestats.o)
 .data          0x0000000000030244        0x0 obj_cooja/mtype42.a(memb.o)
 .data          0x0000000000030244       0x20 obj_cooja/mtype42.a(uip-icmp6.o)
 .data          0x0000000000030264        0x0 obj_cooja/mtype42.a(uip-nd6.o)
 .data          0x0000000000030264        0x0 obj_cooja/mtype42.a(rpl-nbr-policy.)
 .data          0x0000000000030264        0x2 obj_cooja/mtype42.a(frame802154.o)
 .data          0x0000000000030266        0x0 obj_cooja/mtype42.a(mac-sequence.o)
 .data          0x0000000000030266        0x0 /usr/lib/gcc/i686-linux-gnu/4.8/crtendS.o
 .data          0x0000000000030266        0x0 /usr/lib/gcc/i686-linux-gnu/4.8/../../../i386-linux-gnu/crtn.o

.tm_clone_table
                0x0000000000030268        0x0
 .tm_clone_table
                0x0000000000030268        0x0 /usr/lib/gcc/i686-linux-gnu/4.8/crtbeginS.o
 .tm_clone_table
                0x0000000000030268        0x0 /usr/lib/gcc/i686-linux-gnu/4.8/crtendS.o

.data1
 *(.data1)
                0x0000000000030268                _edata = .
                0x0000000000030268                PROVIDE (edata, .)
                0x0000000000030268                . = .
                0x0000000000030268                __bss_start = .

.bss            0x0000000000030280     0x8148
 *(.dynbss)
 .dynbss        0x0000000000000000        0x0 /usr/lib/gcc/i686-linux-gnu/4.8/../../../i386-linux-gnu/crti.o
 *(.bss .bss.* .gnu.linkonce.b.*)
 .bss           0x0000000000030280        0x0 /usr/lib/gcc/i686-linux-gnu/4.8/../../../i386-linux-gnu/crti.o
 .bss           0x0000000000030280        0x1 /usr/lib/gcc/i686-linux-gnu/4.8/crtbeginS.o
 *fill*         0x0000000000030281       0x1f 
 .bss           0x00000000000302a0       0x60 udp-client.co
 .bss           0x0000000000030300     0x2030 obj_cooja/mtype42.o
 .bss           0x0000000000032330        0x1 obj_cooja/mtype42.a(simEnvChange.o)
                0x0000000000032330                simDontFallAsleep
 *fill*         0x0000000000032331        0x3 
 .bss           0x0000000000032334        0x4 obj_cooja/mtype42.a(cooja_mt.o)
 .bss           0x0000000000032338        0x4 obj_cooja/mtype42.a(cooja_mtarch.o)
 .bss           0x000000000003233c        0xc obj_cooja/mtype42.a(rtimer-arch.o)
 .bss           0x0000000000032348        0x0 obj_cooja/mtype42.a(beep.o)
 .bss           0x0000000000032348        0x8 obj_cooja/mtype42.a(button-sensor.o)
 .bss           0x0000000000032350        0x0 obj_cooja/mtype42.a(leds-arch.o)
 .bss           0x0000000000032350        0x0 obj_cooja/mtype42.a(moteid.o)
 .bss           0x0000000000032350        0x1 obj_cooja/mtype42.a(pir-sensor.o)
                0x0000000000032350                simPirValue
 *fill*         0x0000000000032351        0x3 
 .bss           0x0000000000032354        0x4 obj_cooja/mtype42.a(rs232.o)
 .bss           0x0000000000032358        0x1 obj_cooja/mtype42.a(vib-sensor.o)
                0x0000000000032358                simVibValue
 .bss           0x0000000000032359        0x0 obj_cooja/mtype42.a(clock.o)
 *fill*         0x0000000000032359        0x7 
 .bss           0x0000000000032360      0x420 obj_cooja/mtype42.a(log.o)
 .bss           0x0000000000032780      0xfc0 obj_cooja/mtype42.a(cfs-cooja.o)
                0x0000000000032780                simCFSData
                0x0000000000033720                simCFSSize
                0x0000000000033724                simCFSChanged
                0x0000000000033728                simCFSRead
                0x000000000003372c                simCFSWritten
 .bss           0x0000000000033740       0x20 obj_cooja/mtype42.a(cooja-radio.o)
                0x0000000000033740                simReceiving
                0x0000000000033741                simReceivingLR
                0x0000000000033744                simInSize
                0x0000000000033748                simInSizeLR
                0x000000000003374c                simOutSize
                0x0000000000033750                simOutSizeLR
                0x0000000000033754                LongRangeTransmit
                0x0000000000033758                LongRangeReceiving
 .bss           0x0000000000033760        0xc obj_cooja/mtype42.a(eeprom.o)
                0x0000000000033760                simEEPROMChanged
                0x0000000000033764                simEEPROMRead
                0x0000000000033768                simEEPROMWritten
 .bss           0x000000000003376c        0x0 obj_cooja/mtype42.a(random.o)
 .bss           0x000000000003376c        0xc obj_cooja/mtype42.a(sensors.o)
 .bss           0x0000000000033778       0x28 obj_cooja/mtype42.a(dual_conf.o)
                0x0000000000033778                long_range_radio
 .bss           0x00000000000337a0        0x0 obj_cooja/mtype42.a(autostart.o)
 .bss           0x00000000000337a0        0x5 obj_cooja/mtype42.a(ctimer.o)
 *fill*         0x00000000000337a5        0x3 
 .bss           0x00000000000337a8        0x8 obj_cooja/mtype42.a(etimer.o)
 *fill*         0x00000000000337b0       0x10 
 .bss           0x00000000000337c0      0x1b1 obj_cooja/mtype42.a(process.o)
                0x00000000000337c0                process_list
                0x00000000000337c4                process_current
 *fill*         0x0000000000033971        0x3 
 .bss           0x0000000000033974        0x4 obj_cooja/mtype42.a(rtimer.o)
 .bss           0x0000000000033978        0x0 obj_cooja/mtype42.a(stimer.o)
 .bss           0x0000000000033978        0x0 obj_cooja/mtype42.a(timer.o)
 *fill*         0x0000000000033978        0x8 
 .bss           0x0000000000033980      0x140 obj_cooja/mtype42.a(serial-line.o)
 .bss           0x0000000000033ac0        0x0 obj_cooja/mtype42.a(list.o)
 .bss           0x0000000000033ac0        0x0 obj_cooja/mtype42.a(ringbuf.o)
 .bss           0x0000000000033ac0      0x6f0 obj_cooja/mtype42.a(sicslowpan.o)
 *fill*         0x00000000000341b0       0x10 
 .bss           0x00000000000341c0       0xf0 obj_cooja/mtype42.a(uip-ds6-nbr.o)
 *fill*         0x00000000000342b0       0x10 
 .bss           0x00000000000342c0      0x2a8 obj_cooja/mtype42.a(uip-ds6-route.o)
 .bss           0x0000000000034568       0x20 obj_cooja/mtype42.a(uip-ds6.o)
 .bss           0x0000000000034588        0xe obj_cooja/mtype42.a(uip6.o)
                0x0000000000034588                uip_ext_bitmap
                0x0000000000034589                uip_ext_len
                0x000000000003458a                uip_ext_opt_offset
 *fill*         0x0000000000034596        0xa 
 .bss           0x00000000000345a0       0x6a obj_cooja/mtype42.a(tcpip.o)
 .bss           0x000000000003460a        0x0 obj_cooja/mtype42.a(uip-debug.o)
 *fill*         0x000000000003460a       0x16 
 .bss           0x0000000000034620      0xcf8 obj_cooja/mtype42.a(uip-packetqueue)
 .bss           0x0000000000035318        0x0 obj_cooja/mtype42.a(uip-udp-packet.)
 *fill*         0x0000000000035318        0x8 
 .bss           0x0000000000035320       0xa0 obj_cooja/mtype42.a(rpl-dag.o)
 .bss           0x00000000000353c0        0x0 obj_cooja/mtype42.a(rpl-ext-header.)
 .bss           0x00000000000353c0        0x0 obj_cooja/mtype42.a(rpl-icmp6.o)
 .bss           0x00000000000353c0        0x0 obj_cooja/mtype42.a(rpl-mrhof.o)
 .bss           0x00000000000353c0       0x23 obj_cooja/mtype42.a(rpl-timers.o)
 *fill*         0x00000000000353e3        0x1 
 .bss           0x00000000000353e4        0x4 obj_cooja/mtype42.a(rpl.o)
 .bss           0x00000000000353e8        0x0 obj_cooja/mtype42.a(linkaddr.o)
 *fill*         0x00000000000353e8       0x18 
 .bss           0x0000000000035400       0xdc obj_cooja/mtype42.a(nbr-table.o)
 .bss           0x00000000000354dc        0x0 obj_cooja/mtype42.a(netstack.o)
 *fill*         0x00000000000354dc        0x4 
 .bss           0x00000000000354e0       0xa0 obj_cooja/mtype42.a(packetbuf.o)
 .bss           0x0000000000035580      0xb80 obj_cooja/mtype42.a(queuebuf.o)
 .bss           0x0000000000036100      0x248 obj_cooja/mtype42.a(csma.o)
 .bss           0x0000000000036348        0x2 obj_cooja/mtype42.a(framer-802154.o)
 .bss           0x000000000003634a        0x0 obj_cooja/mtype42.a(mac.o)
 .bss           0x000000000003634a        0x0 obj_cooja/mtype42.a(nullrdc.o)
 .bss           0x000000000003634a        0x0 obj_cooja/mtype42.a(nullsec.o)
 .bss           0x000000000003634a        0x0 obj_cooja/mtype42.a(watchdog.o)
 .bss           0x000000000003634a        0x0 obj_cooja/mtype42.a(rimestats.o)
 .bss           0x000000000003634a        0x0 obj_cooja/mtype42.a(memb.o)
 *fill*         0x000000000003634a        0x2 
 .bss           0x000000000003634c       0x18 obj_cooja/mtype42.a(uip-icmp6.o)
 .bss           0x0000000000036364        0x0 obj_cooja/mtype42.a(uip-nd6.o)
 *fill*         0x0000000000036364       0x1c 
 .bss           0x0000000000036380       0x44 obj_cooja/mtype42.a(rpl-nbr-policy.)
 .bss           0x00000000000363c4        0x0 obj_cooja/mtype42.a(frame802154.o)
 *fill*         0x00000000000363c4       0x1c 
 .bss           0x00000000000363e0       0x90 obj_cooja/mtype42.a(mac-sequence.o)
 .bss           0x0000000000036470        0x0 /usr/lib/gcc/i686-linux-gnu/4.8/crtendS.o
 .bss           0x0000000000036470        0x0 /usr/lib/gcc/i686-linux-gnu/4.8/../../../i386-linux-gnu/crtn.o
 *(COMMON)
 COMMON         0x0000000000036470        0x8 obj_cooja/mtype42.o
                0x0000000000036470                referenceVar
                0x0000000000036474                sensors_flags
 COMMON         0x0000000000036478        0xc obj_cooja/mtype42.a(simEnvChange.o)
                0x0000000000036478                simEtimerPending
                0x000000000003647c                simProcessRunValue
                0x0000000000036480                simNextExpirationTime
 COMMON         0x0000000000036484        0x1 obj_cooja/mtype42.a(beep.o)
                0x0000000000036484                simBeeped
 COMMON         0x0000000000036485        0x3 obj_cooja/mtype42.a(button-sensor.o)
                0x0000000000036485                simButtonIsActive
                0x0000000000036486                simButtonIsDown
                0x0000000000036487                simButtonChanged
 COMMON         0x0000000000036488        0x1 obj_cooja/mtype42.a(leds-arch.o)
                0x0000000000036488                simLedsValue
 *fill*         0x0000000000036489        0x3 
 COMMON         0x000000000003648c        0xc obj_cooja/mtype42.a(moteid.o)
                0x000000000003648c                simRandomSeed
                0x0000000000036490                simMoteIDChanged
                0x0000000000036494                simMoteID
 COMMON         0x0000000000036498        0x2 obj_cooja/mtype42.a(pir-sensor.o)
                0x0000000000036498                simPirIsActive
                0x0000000000036499                simPirChanged
 *fill*         0x000000000003649a        0x6 
 COMMON         0x00000000000364a0      0x820 obj_cooja/mtype42.a(rs232.o)
                0x00000000000364a0                simSerialReceivingFlag
                0x00000000000364a4                simSerialReceivingLength
                0x00000000000364c0                simSerialReceivingData
 COMMON         0x0000000000036cc0        0x2 obj_cooja/mtype42.a(vib-sensor.o)
                0x0000000000036cc0                simVibChanged
                0x0000000000036cc1                simVibIsActive
 *fill*         0x0000000000036cc2        0x2 
 COMMON         0x0000000000036cc4        0x4 obj_cooja/mtype42.a(clock.o)
                0x0000000000036cc4                simCurrentTime
 *fill*         0x0000000000036cc8       0x18 
 COMMON         0x0000000000036ce0      0x420 obj_cooja/mtype42.a(log.o)
                0x0000000000036ce0                simLoggedLength
                0x0000000000036ce4                simLoggedFlag
                0x0000000000036d00                simLoggedData
 COMMON         0x0000000000037100      0x200 obj_cooja/mtype42.a(cooja-radio.o)
                0x0000000000037100                simOutDataBuffer
                0x0000000000037180                simInDataBufferLR
                0x0000000000037200                simOutDataBufferLR
                0x0000000000037280                simInDataBuffer
 COMMON         0x0000000000037300      0x400 obj_cooja/mtype42.a(eeprom.o)
                0x0000000000037300                simEEPROMData
 COMMON         0x0000000000037700        0x1 obj_cooja/mtype42.a(sensors.o)
                0x0000000000037700                sensors_event
 COMMON         0x0000000000037701        0x1 obj_cooja/mtype42.a(serial-line.o)
                0x0000000000037701                serial_line_event_message
 COMMON         0x0000000000037702        0x1 obj_cooja/mtype42.a(sicslowpan.o)
                0x0000000000037702                p
 *fill*         0x0000000000037703       0x1d 
 COMMON         0x0000000000037720      0x181 obj_cooja/mtype42.a(uip-ds6.o)
                0x0000000000037720                uip_ds6_prefix_list
                0x0000000000037780                uip_ds6_timer_periodic
                0x0000000000037790                uip_ds6_netif_addr_list_offset
                0x00000000000377a0                uip_ds6_if
                0x0000000000037898                uip_ds6_timer_ra
                0x00000000000378a0                uip_ds6_addr_size
 *fill*         0x00000000000378a1       0x1f 
 COMMON         0x00000000000378c0      0x8ec obj_cooja/mtype42.a(uip6.o)
                0x00000000000378c0                uip_slen
                0x00000000000378c2                uip_acc32
                0x00000000000378e0                uip_conns
                0x00000000000379a0                uip_lladdr
                0x00000000000379a8                uip_appdata
                0x00000000000379ac                uip_flags
                0x00000000000379c0                uip_aligned_buf
                0x0000000000038000                uip_listenports
                0x0000000000038010                uip_len
                0x0000000000038014                uip_sappdata
                0x0000000000038020                uip_udp_conns
                0x00000000000381a0                uip_udp_conn
                0x00000000000381a4                uip_next_hdr
                0x00000000000381a8                uip_conn
 COMMON         0x00000000000381ac        0x1 obj_cooja/mtype42.a(tcpip.o)
                0x00000000000381ac                tcpip_event
 *fill*         0x00000000000381ad       0x13 
 COMMON         0x00000000000381c0      0x170 obj_cooja/mtype42.a(rpl-dag.o)
                0x00000000000381c0                default_instance
                0x00000000000381e0                instance_table
 COMMON         0x0000000000038330        0x8 obj_cooja/mtype42.a(linkaddr.o)
                0x0000000000038330                linkaddr_node_addr
 COMMON         0x0000000000038338       0x2e obj_cooja/mtype42.a(packetbuf.o)
                0x0000000000038338                packetbuf_attrs
                0x0000000000038356                packetbuf_addrs
 *fill*         0x0000000000038366       0x1a 
 COMMON         0x0000000000038380       0x48 obj_cooja/mtype42.a(rimestats.o)
                0x0000000000038380                rimestats
                0x00000000000383c8                . = ALIGN ((. != 0x0)?0x4:0x1)
                0x00000000000383c8                . = ALIGN (0x4)
                0x00000000000383c8                . = SEGMENT_START ("ldata-segment", .)
                0x00000000000383c8                . = ALIGN (0x4)
                0x00000000000383c8                _end = .
                0x00000000000383c8                PROVIDE (end, .)
                0x00000000000383c8                . = DATA_SEGMENT_END (.)

.stab
 *(.stab)

.stabstr
 *(.stabstr)

.stab.excl
 *(.stab.excl)

.stab.exclstr
 *(.stab.exclstr)

.stab.index
 *(.stab.index)

.stab.indexstr
 *(.stab.indexstr)

.comment        0x0000000000000000       0x2b
 *(.comment)
 .comment       0x0000000000000000       0x2b /usr/lib/gcc/i686-linux-gnu/4.8/crtbeginS.o
                                         0x2c (size before relaxing)
 .comment       0x0000000000000000       0x2c udp-client.co
 .comment       0x0000000000000000       0x2c obj_cooja/mtype42.o
 .comment       0x0000000000000000       0x2c obj_cooja/mtype42.a(simEnvChange.o)
 .comment       0x0000000000000000       0x2c obj_cooja/mtype42.a(cooja_mt.o)
 .comment       0x0000000000000000       0x2c obj_cooja/mtype42.a(cooja_mtarch.o)
 .comment       0x0000000000000000       0x2c obj_cooja/mtype42.a(rtimer-arch.o)
 .comment       0x0000000000000000       0x2c obj_cooja/mtype42.a(beep.o)
 .comment       0x0000000000000000       0x2c obj_cooja/mtype42.a(button-sensor.o)
 .comment       0x0000000000000000       0x2c obj_cooja/mtype42.a(leds-arch.o)
 .comment       0x0000000000000000       0x2c obj_cooja/mtype42.a(moteid.o)
 .comment       0x0000000000000000       0x2c obj_cooja/mtype42.a(pir-sensor.o)
 .comment       0x0000000000000000       0x2c obj_cooja/mtype42.a(rs232.o)
 .comment       0x0000000000000000       0x2c obj_cooja/mtype42.a(vib-sensor.o)
 .comment       0x0000000000000000       0x2c obj_cooja/mtype42.a(clock.o)
 .comment       0x0000000000000000       0x2c obj_cooja/mtype42.a(log.o)
 .comment       0x0000000000000000       0x2c obj_cooja/mtype42.a(cfs-cooja.o)
 .comment       0x0000000000000000       0x2c obj_cooja/mtype42.a(cooja-radio.o)
 .comment       0x0000000000000000       0x2c obj_cooja/mtype42.a(eeprom.o)
 .comment       0x0000000000000000       0x2c obj_cooja/mtype42.a(random.o)
 .comment       0x0000000000000000       0x2c obj_cooja/mtype42.a(sensors.o)
 .comment       0x0000000000000000       0x2c obj_cooja/mtype42.a(dual_conf.o)
 .comment       0x0000000000000000       0x2c obj_cooja/mtype42.a(autostart.o)
 .comment       0x0000000000000000       0x2c obj_cooja/mtype42.a(ctimer.o)
 .comment       0x0000000000000000       0x2c obj_cooja/mtype42.a(etimer.o)
 .comment       0x0000000000000000       0x2c obj_cooja/mtype42.a(process.o)
 .comment       0x0000000000000000       0x2c obj_cooja/mtype42.a(rtimer.o)
 .comment       0x0000000000000000       0x2c obj_cooja/mtype42.a(stimer.o)
 .comment       0x0000000000000000       0x2c obj_cooja/mtype42.a(timer.o)
 .comment       0x0000000000000000       0x2c obj_cooja/mtype42.a(serial-line.o)
 .comment       0x0000000000000000       0x2c obj_cooja/mtype42.a(list.o)
 .comment       0x0000000000000000       0x2c obj_cooja/mtype42.a(ringbuf.o)
 .comment       0x0000000000000000       0x2c obj_cooja/mtype42.a(sicslowpan.o)
 .comment       0x0000000000000000       0x2c obj_cooja/mtype42.a(uip-ds6-nbr.o)
 .comment       0x0000000000000000       0x2c obj_cooja/mtype42.a(uip-ds6-route.o)
 .comment       0x0000000000000000       0x2c obj_cooja/mtype42.a(uip-ds6.o)
 .comment       0x0000000000000000       0x2c obj_cooja/mtype42.a(uip6.o)
 .comment       0x0000000000000000       0x2c obj_cooja/mtype42.a(tcpip.o)
 .comment       0x0000000000000000       0x2c obj_cooja/mtype42.a(uip-debug.o)
 .comment       0x0000000000000000       0x2c obj_cooja/mtype42.a(uip-packetqueue)
 .comment       0x0000000000000000       0x2c obj_cooja/mtype42.a(uip-udp-packet.)
 .comment       0x0000000000000000       0x2c obj_cooja/mtype42.a(rpl-dag.o)
 .comment       0x0000000000000000       0x2c obj_cooja/mtype42.a(rpl-ext-header.)
 .comment       0x0000000000000000       0x2c obj_cooja/mtype42.a(rpl-icmp6.o)
 .comment       0x0000000000000000       0x2c obj_cooja/mtype42.a(rpl-mrhof.o)
 .comment       0x0000000000000000       0x2c obj_cooja/mtype42.a(rpl-timers.o)
 .comment       0x0000000000000000       0x2c obj_cooja/mtype42.a(rpl.o)
 .comment       0x0000000000000000       0x2c obj_cooja/mtype42.a(linkaddr.o)
 .comment       0x0000000000000000       0x2c obj_cooja/mtype42.a(nbr-table.o)
 .comment       0x0000000000000000       0x2c obj_cooja/mtype42.a(netstack.o)
 .comment       0x0000000000000000       0x2c obj_cooja/mtype42.a(packetbuf.o)
 .comment       0x0000000000000000       0x2c obj_cooja/mtype42.a(queuebuf.o)
 .comment       0x0000000000000000       0x2c obj_cooja/mtype42.a(csma.o)
 .comment       0x0000000000000000       0x2c obj_cooja/mtype42.a(framer-802154.o)
 .comment       0x0000000000000000       0x2c obj_cooja/mtype42.a(mac.o)
 .comment       0x0000000000000000       0x2c obj_cooja/mtype42.a(nullrdc.o)
 .comment       0x0000000000000000       0x2c obj_cooja/mtype42.a(nullsec.o)
 .comment       0x0000000000000000       0x2c obj_cooja/mtype42.a(watchdog.o)
 .comment       0x0000000000000000       0x2c obj_cooja/mtype42.a(rimestats.o)
 .comment       0x0000000000000000       0x2c obj_cooja/mtype42.a(memb.o)
 .comment       0x0000000000000000       0x2c obj_cooja/mtype42.a(uip-icmp6.o)
 .comment       0x0000000000000000       0x2c obj_cooja/mtype42.a(uip-nd6.o)
 .comment       0x0000000000000000       0x2c obj_cooja/mtype42.a(rpl-nbr-policy.)
 .comment       0x0000000000000000       0x2c obj_cooja/mtype42.a(frame802154.o)
 .comment       0x0000000000000000       0x2c obj_cooja/mtype42.a(mac-sequence.o)
 .comment       0x0000000000000000       0x2c /usr/lib/gcc/i686-linux-gnu/4.8/crtendS.o

.debug
 *(.debug)

.line
 *(.line)

.debug_srcinfo
 *(.debug_srcinfo)

.debug_sfnames
 *(.debug_sfnames)

.debug_aranges  0x0000000000000000      0x7f8
 *(.debug_aranges)
 .debug_aranges
                0x0000000000000000       0x20 udp-client.co
 .debug_aranges
                0x0000000000000020       0x20 obj_cooja/mtype42.o
 .debug_aranges
                0x0000000000000040       0x20 obj_cooja/mtype42.a(simEnvChange.o)
 .debug_aranges
                0x0000000000000060       0x20 obj_cooja/mtype42.a(cooja_mt.o)
 .debug_aranges
                0x0000000000000080       0x20 obj_cooja/mtype42.a(cooja_mtarch.o)
 .debug_aranges
                0x00000000000000a0       0x20 obj_cooja/mtype42.a(rtimer-arch.o)
 .debug_aranges
                0x00000000000000c0       0x20 obj_cooja/mtype42.a(beep.o)
 .debug_aranges
                0x00000000000000e0       0x20 obj_cooja/mtype42.a(button-sensor.o)
 .debug_aranges
                0x0000000000000100       0x20 obj_cooja/mtype42.a(leds-arch.o)
 .debug_aranges
                0x0000000000000120       0x20 obj_cooja/mtype42.a(moteid.o)
 .debug_aranges
                0x0000000000000140       0x20 obj_cooja/mtype42.a(pir-sensor.o)
 .debug_aranges
                0x0000000000000160       0x20 obj_cooja/mtype42.a(rs232.o)
 .debug_aranges
                0x0000000000000180       0x20 obj_cooja/mtype42.a(vib-sensor.o)
 .debug_aranges
                0x00000000000001a0       0x20 obj_cooja/mtype42.a(clock.o)
 .debug_aranges
                0x00000000000001c0       0x20 obj_cooja/mtype42.a(log.o)
 .debug_aranges
                0x00000000000001e0       0x20 obj_cooja/mtype42.a(cfs-cooja.o)
 .debug_aranges
                0x0000000000000200       0x20 obj_cooja/mtype42.a(cooja-radio.o)
 .debug_aranges
                0x0000000000000220       0x20 obj_cooja/mtype42.a(eeprom.o)
 .debug_aranges
                0x0000000000000240       0x20 obj_cooja/mtype42.a(random.o)
 .debug_aranges
                0x0000000000000260       0x20 obj_cooja/mtype42.a(sensors.o)
 .debug_aranges
                0x0000000000000280       0x20 obj_cooja/mtype42.a(dual_conf.o)
 .debug_aranges
                0x00000000000002a0       0x20 obj_cooja/mtype42.a(autostart.o)
 .debug_aranges
                0x00000000000002c0       0x20 obj_cooja/mtype42.a(ctimer.o)
 .debug_aranges
                0x00000000000002e0       0x20 obj_cooja/mtype42.a(etimer.o)
 .debug_aranges
                0x0000000000000300       0x20 obj_cooja/mtype42.a(process.o)
 .debug_aranges
                0x0000000000000320       0x20 obj_cooja/mtype42.a(rtimer.o)
 .debug_aranges
                0x0000000000000340       0x20 obj_cooja/mtype42.a(stimer.o)
 .debug_aranges
                0x0000000000000360       0x20 obj_cooja/mtype42.a(timer.o)
 .debug_aranges
                0x0000000000000380       0x20 obj_cooja/mtype42.a(serial-line.o)
 .debug_aranges
                0x00000000000003a0       0x20 obj_cooja/mtype42.a(list.o)
 .debug_aranges
                0x00000000000003c0       0x20 obj_cooja/mtype42.a(ringbuf.o)
 .debug_aranges
                0x00000000000003e0       0x20 obj_cooja/mtype42.a(sicslowpan.o)
 .debug_aranges
                0x0000000000000400       0x20 obj_cooja/mtype42.a(uip-ds6-nbr.o)
 .debug_aranges
                0x0000000000000420       0x20 obj_cooja/mtype42.a(uip-ds6-route.o)
 .debug_aranges
                0x0000000000000440       0x20 obj_cooja/mtype42.a(uip-ds6.o)
 .debug_aranges
                0x0000000000000460       0x20 obj_cooja/mtype42.a(uip6.o)
 .debug_aranges
                0x0000000000000480       0x20 obj_cooja/mtype42.a(tcpip.o)
 .debug_aranges
                0x00000000000004a0       0x20 obj_cooja/mtype42.a(uip-debug.o)
 .debug_aranges
                0x00000000000004c0       0x20 obj_cooja/mtype42.a(uip-packetqueue)
 .debug_aranges
                0x00000000000004e0       0x20 obj_cooja/mtype42.a(uip-udp-packet.)
 .debug_aranges
                0x0000000000000500       0x20 obj_cooja/mtype42.a(rpl-dag.o)
 .debug_aranges
                0x0000000000000520       0x20 obj_cooja/mtype42.a(rpl-ext-header.)
 .debug_aranges
                0x0000000000000540       0x20 obj_cooja/mtype42.a(rpl-icmp6.o)
 .debug_aranges
                0x0000000000000560       0x20 obj_cooja/mtype42.a(rpl-mrhof.o)
 .debug_aranges
                0x0000000000000580       0x20 obj_cooja/mtype42.a(rpl-timers.o)
 .debug_aranges
                0x00000000000005a0       0x20 obj_cooja/mtype42.a(rpl.o)
 .debug_aranges
                0x00000000000005c0       0x20 obj_cooja/mtype42.a(linkaddr.o)
 .debug_aranges
                0x00000000000005e0       0x20 obj_cooja/mtype42.a(nbr-table.o)
 .debug_aranges
                0x0000000000000600       0x20 obj_cooja/mtype42.a(netstack.o)
 .debug_aranges
                0x0000000000000620       0x20 obj_cooja/mtype42.a(packetbuf.o)
 .debug_aranges
                0x0000000000000640       0x20 obj_cooja/mtype42.a(queuebuf.o)
 .debug_aranges
                0x0000000000000660       0x20 obj_cooja/mtype42.a(csma.o)
 .debug_aranges
                0x0000000000000680       0x20 obj_cooja/mtype42.a(framer-802154.o)
 .debug_aranges
                0x00000000000006a0       0x20 obj_cooja/mtype42.a(mac.o)
 .debug_aranges
                0x00000000000006c0       0x20 obj_cooja/mtype42.a(nullrdc.o)
 .debug_aranges
                0x00000000000006e0       0x20 obj_cooja/mtype42.a(nullsec.o)
 .debug_aranges
                0x0000000000000700       0x20 obj_cooja/mtype42.a(watchdog.o)
 .debug_aranges
                0x0000000000000720       0x18 obj_cooja/mtype42.a(rimestats.o)
 .debug_aranges
                0x0000000000000738       0x20 obj_cooja/mtype42.a(memb.o)
 .debug_aranges
                0x0000000000000758       0x20 obj_cooja/mtype42.a(uip-icmp6.o)
 .debug_aranges
                0x0000000000000778       0x20 obj_cooja/mtype42.a(uip-nd6.o)
 .debug_aranges
                0x0000000000000798       0x20 obj_cooja/mtype42.a(rpl-nbr-policy.)
 .debug_aranges
                0x00000000000007b8       0x20 obj_cooja/mtype42.a(frame802154.o)
 .debug_aranges
                0x00000000000007d8       0x20 obj_cooja/mtype42.a(mac-sequence.o)

.debug_pubnames
 *(.debug_pubnames)

.debug_info     0x0000000000000000    0x1af09
 *(.debug_info .gnu.linkonce.wi.*)
 .debug_info    0x0000000000000000      0x8a1 udp-client.co
 .debug_info    0x00000000000008a1     0x370c obj_cooja/mtype42.o
 .debug_info    0x0000000000003fad      0x15a obj_cooja/mtype42.a(simEnvChange.o)
 .debug_info    0x0000000000004107      0x1e2 obj_cooja/mtype42.a(cooja_mt.o)
 .debug_info    0x00000000000042e9      0x2e7 obj_cooja/mtype42.a(cooja_mtarch.o)
 .debug_info    0x00000000000045d0      0x16b obj_cooja/mtype42.a(rtimer-arch.o)
 .debug_info    0x000000000000473b      0x1f3 obj_cooja/mtype42.a(beep.o)
 .debug_info    0x000000000000492e      0x257 obj_cooja/mtype42.a(button-sensor.o)
 .debug_info    0x0000000000004b85      0x132 obj_cooja/mtype42.a(leds-arch.o)
 .debug_info    0x0000000000004cb7      0x10a obj_cooja/mtype42.a(moteid.o)
 .debug_info    0x0000000000004dc1      0x216 obj_cooja/mtype42.a(pir-sensor.o)
 .debug_info    0x0000000000004fd7      0x21e obj_cooja/mtype42.a(rs232.o)
 .debug_info    0x00000000000051f5      0x216 obj_cooja/mtype42.a(vib-sensor.o)
 .debug_info    0x000000000000540b      0x152 obj_cooja/mtype42.a(clock.o)
 .debug_info    0x000000000000555d      0x2bb obj_cooja/mtype42.a(log.o)
 .debug_info    0x0000000000005818      0x3cf obj_cooja/mtype42.a(cfs-cooja.o)
 .debug_info    0x0000000000005be7      0xc5e obj_cooja/mtype42.a(cooja-radio.o)
 .debug_info    0x0000000000006845      0x1d5 obj_cooja/mtype42.a(eeprom.o)
 .debug_info    0x0000000000006a1a       0xb3 obj_cooja/mtype42.a(random.o)
 .debug_info    0x0000000000006acd      0x36d obj_cooja/mtype42.a(sensors.o)
 .debug_info    0x0000000000006e3a      0x99d obj_cooja/mtype42.a(dual_conf.o)
 .debug_info    0x00000000000077d7      0x1a5 obj_cooja/mtype42.a(autostart.o)
 .debug_info    0x000000000000797c      0x46c obj_cooja/mtype42.a(ctimer.o)
 .debug_info    0x0000000000007de8      0x49c obj_cooja/mtype42.a(etimer.o)
 .debug_info    0x0000000000008284      0x4ba obj_cooja/mtype42.a(process.o)
 .debug_info    0x000000000000873e      0x1ab obj_cooja/mtype42.a(rtimer.o)
 .debug_info    0x00000000000088e9      0x179 obj_cooja/mtype42.a(stimer.o)
 .debug_info    0x0000000000008a62      0x16c obj_cooja/mtype42.a(timer.o)
 .debug_info    0x0000000000008bce      0x2de obj_cooja/mtype42.a(serial-line.o)
 .debug_info    0x0000000000008eac      0x2ed obj_cooja/mtype42.a(list.o)
 .debug_info    0x0000000000009199      0x1aa obj_cooja/mtype42.a(ringbuf.o)
 .debug_info    0x0000000000009343      0xcff obj_cooja/mtype42.a(sicslowpan.o)
 .debug_info    0x000000000000a042      0x853 obj_cooja/mtype42.a(uip-ds6-nbr.o)
 .debug_info    0x000000000000a895      0xd60 obj_cooja/mtype42.a(uip-ds6-route.o)
 .debug_info    0x000000000000b5f5      0xa7c obj_cooja/mtype42.a(uip-ds6.o)
 .debug_info    0x000000000000c071      0xe9e obj_cooja/mtype42.a(uip6.o)
 .debug_info    0x000000000000cf0f     0x1437 obj_cooja/mtype42.a(tcpip.o)
 .debug_info    0x000000000000e346      0x1b5 obj_cooja/mtype42.a(uip-debug.o)
 .debug_info    0x000000000000e4fb      0x470 obj_cooja/mtype42.a(uip-packetqueue)
 .debug_info    0x000000000000e96b      0x37a obj_cooja/mtype42.a(uip-udp-packet.)
 .debug_info    0x000000000000ece5     0x1903 obj_cooja/mtype42.a(rpl-dag.o)
 .debug_info    0x00000000000105e8      0xe2b obj_cooja/mtype42.a(rpl-ext-header.)
 .debug_info    0x0000000000011413     0x1695 obj_cooja/mtype42.a(rpl-icmp6.o)
 .debug_info    0x0000000000012aa8      0xabe obj_cooja/mtype42.a(rpl-mrhof.o)
 .debug_info    0x0000000000013566      0xbeb obj_cooja/mtype42.a(rpl-timers.o)
 .debug_info    0x0000000000014151      0xf05 obj_cooja/mtype42.a(rpl.o)
 .debug_info    0x0000000000015056      0x165 obj_cooja/mtype42.a(linkaddr.o)
 .debug_info    0x00000000000151bb      0x8d7 obj_cooja/mtype42.a(nbr-table.o)
 .debug_info    0x0000000000015a92      0x4b9 obj_cooja/mtype42.a(netstack.o)
 .debug_info    0x0000000000015f4b      0x478 obj_cooja/mtype42.a(packetbuf.o)
 .debug_info    0x00000000000163c3      0x57d obj_cooja/mtype42.a(queuebuf.o)
 .debug_info    0x0000000000016940      0xbff obj_cooja/mtype42.a(csma.o)
 .debug_info    0x000000000001753f      0x5ed obj_cooja/mtype42.a(framer-802154.o)
 .debug_info    0x0000000000017b2c      0x112 obj_cooja/mtype42.a(mac.o)
 .debug_info    0x0000000000017c3e      0xa15 obj_cooja/mtype42.a(nullrdc.o)
 .debug_info    0x0000000000018653      0x3aa obj_cooja/mtype42.a(nullsec.o)
 .debug_info    0x00000000000189fd       0x7b obj_cooja/mtype42.a(watchdog.o)
 .debug_info    0x0000000000018a78      0x119 obj_cooja/mtype42.a(rimestats.o)
 .debug_info    0x0000000000018b91      0x1d7 obj_cooja/mtype42.a(memb.o)
 .debug_info    0x0000000000018d68      0x783 obj_cooja/mtype42.a(uip-icmp6.o)
 .debug_info    0x00000000000194eb      0x331 obj_cooja/mtype42.a(uip-nd6.o)
 .debug_info    0x000000000001981c      0xda2 obj_cooja/mtype42.a(rpl-nbr-policy.)
 .debug_info    0x000000000001a5be      0x6b4 obj_cooja/mtype42.a(frame802154.o)
 .debug_info    0x000000000001ac72      0x297 obj_cooja/mtype42.a(mac-sequence.o)

.debug_abbrev   0x0000000000000000     0x6766
 *(.debug_abbrev)
 .debug_abbrev  0x0000000000000000      0x1c0 udp-client.co
 .debug_abbrev  0x00000000000001c0      0x2b3 obj_cooja/mtype42.o
 .debug_abbrev  0x0000000000000473       0xc3 obj_cooja/mtype42.a(simEnvChange.o)
 .debug_abbrev  0x0000000000000536       0xe6 obj_cooja/mtype42.a(cooja_mt.o)
 .debug_abbrev  0x000000000000061c      0x147 obj_cooja/mtype42.a(cooja_mtarch.o)
 .debug_abbrev  0x0000000000000763       0xcc obj_cooja/mtype42.a(rtimer-arch.o)
 .debug_abbrev  0x000000000000082f       0xe3 obj_cooja/mtype42.a(beep.o)
 .debug_abbrev  0x0000000000000912      0x11c obj_cooja/mtype42.a(button-sensor.o)
 .debug_abbrev  0x0000000000000a2e       0xe1 obj_cooja/mtype42.a(leds-arch.o)
 .debug_abbrev  0x0000000000000b0f       0x9c obj_cooja/mtype42.a(moteid.o)
 .debug_abbrev  0x0000000000000bab       0xe6 obj_cooja/mtype42.a(pir-sensor.o)
 .debug_abbrev  0x0000000000000c91      0x14a obj_cooja/mtype42.a(rs232.o)
 .debug_abbrev  0x0000000000000ddb       0xe6 obj_cooja/mtype42.a(vib-sensor.o)
 .debug_abbrev  0x0000000000000ec1       0xee obj_cooja/mtype42.a(clock.o)
 .debug_abbrev  0x0000000000000faf      0x141 obj_cooja/mtype42.a(log.o)
 .debug_abbrev  0x00000000000010f0      0x139 obj_cooja/mtype42.a(cfs-cooja.o)
 .debug_abbrev  0x0000000000001229      0x2f2 obj_cooja/mtype42.a(cooja-radio.o)
 .debug_abbrev  0x000000000000151b       0xf5 obj_cooja/mtype42.a(eeprom.o)
 .debug_abbrev  0x0000000000001610       0x6d obj_cooja/mtype42.a(random.o)
 .debug_abbrev  0x000000000000167d      0x1c2 obj_cooja/mtype42.a(sensors.o)
 .debug_abbrev  0x000000000000183f      0x1fc obj_cooja/mtype42.a(dual_conf.o)
 .debug_abbrev  0x0000000000001a3b       0xfb obj_cooja/mtype42.a(autostart.o)
 .debug_abbrev  0x0000000000001b36      0x1a1 obj_cooja/mtype42.a(ctimer.o)
 .debug_abbrev  0x0000000000001cd7      0x1f1 obj_cooja/mtype42.a(etimer.o)