Archive member included to satisfy reference by file (symbol)

obj_cooja/mtype756.a(simEnvChange.o)
                              obj_cooja/mtype756.o (simDontFallAsleep)
obj_cooja/mtype756.a(cooja_mt.o)
                              obj_cooja/mtype756.o (cooja_mt_start)
obj_cooja/mtype756.a(cooja_mtarch.o)
                              obj_cooja/mtype756.a(cooja_mt.o) (cooja_mtarch_init)
obj_cooja/mtype756.a(rtimer-arch.o)
                              obj_cooja/mtype756.o (rtimer_arch_next)
obj_cooja/mtype756.a(beep.o)  obj_cooja/mtype756.o (beep_interface)
obj_cooja/mtype756.a(button-sensor.o)
                              obj_cooja/mtype756.o (button_interface)
obj_cooja/mtype756.a(leds-arch.o)
                              obj_cooja/mtype756.o (leds_interface)
obj_cooja/mtype756.a(moteid.o)
                              obj_cooja/mtype756.o (moteid_interface)
obj_cooja/mtype756.a(pir-sensor.o)
                              obj_cooja/mtype756.o (pir_interface)
obj_cooja/mtype756.a(rs232.o)
                              obj_cooja/mtype756.o (rs232_interface)
obj_cooja/mtype756.a(vib-sensor.o)
                              obj_cooja/mtype756.o (vib_interface)
obj_cooja/mtype756.a(clock.o)
                              obj_cooja/mtype756.o (clock_interface)
obj_cooja/mtype756.a(log.o)   obj_cooja/mtype756.o (simlog_interface)
obj_cooja/mtype756.a(cfs-cooja.o)
                              obj_cooja/mtype756.o (cfs_interface)
obj_cooja/mtype756.a(cooja-radio.o)
                              obj_cooja/mtype756.o (radio_interface)
obj_cooja/mtype756.a(eeprom.o)
                              obj_cooja/mtype756.o (eeprom_interface)
obj_cooja/mtype756.a(random.o)
                              obj_cooja/mtype756.a(moteid.o) (random_init)
obj_cooja/mtype756.a(sensors.o)
                              udp-server.co (sensors_event)
obj_cooja/mtype756.a(dual_conf.o)
                              obj_cooja/mtype756.a(cooja-radio.o) (long_range_radio)
obj_cooja/mtype756.a(autostart.o)
                              obj_cooja/mtype756.o (autostart_start)
obj_cooja/mtype756.a(ctimer.o)
                              obj_cooja/mtype756.o (ctimer_init)
obj_cooja/mtype756.a(etimer.o)
                              obj_cooja/mtype756.o (etimer_process)
obj_cooja/mtype756.a(process.o)
                              udp-server.co (process_current)
obj_cooja/mtype756.a(rtimer.o)
                              obj_cooja/mtype756.a(rtimer-arch.o) (rtimer_run_next)
obj_cooja/mtype756.a(timer.o)
                              obj_cooja/mtype756.a(button-sensor.o) (timer_set)
obj_cooja/mtype756.a(serial-line.o)
                              obj_cooja/mtype756.a(rs232.o) (serial_line_input_byte)
obj_cooja/mtype756.a(list.o)  obj_cooja/mtype756.a(ctimer.o) (list_init)
obj_cooja/mtype756.a(ringbuf.o)
                              obj_cooja/mtype756.a(serial-line.o) (ringbuf_init)
obj_cooja/mtype756.a(sicslowpan.o)
                              obj_cooja/mtype756.o (sicslowpan_driver)
obj_cooja/mtype756.a(uip-ds6-nbr.o)
                              obj_cooja/mtype756.a(sicslowpan.o) (uip_ds6_link_neighbor_callback)
obj_cooja/mtype756.a(uip-ds6.o)
                              udp-server.co (uip_ds6_if)
obj_cooja/mtype756.a(uip6.o)  obj_cooja/mtype756.o (uip_lladdr)
obj_cooja/mtype756.a(tcpip.o)
                              udp-server.co (tcpip_event)
obj_cooja/mtype756.a(uip-debug.o)
                              udp-server.co (uip_debug_ipaddr_print)
obj_cooja/mtype756.a(uip-packetqueue)
                              obj_cooja/mtype756.a(uip-ds6-nbr.o) (uip_packetqueue_new)
obj_cooja/mtype756.a(rpl-dag.o)
                              udp-server.co (rpl_set_root)
obj_cooja/mtype756.a(rpl-ext-header.)
                              obj_cooja/mtype756.a(uip6.o) (rpl_verify_header)
obj_cooja/mtype756.a(rpl-icmp6.o)
                              obj_cooja/mtype756.a(rpl-dag.o) (rpl_icmp6_update_nbr_table)
obj_cooja/mtype756.a(rpl-mrhof.o)
                              obj_cooja/mtype756.a(rpl-dag.o) (rpl_mrhof)
obj_cooja/mtype756.a(rpl-timers.o)
                              obj_cooja/mtype756.a(rpl-dag.o) (rpl_reset_dio_timer)
obj_cooja/mtype756.a(rpl.o)   obj_cooja/mtype756.a(rpl-icmp6.o) (rpl_get_mode)
obj_cooja/mtype756.a(linkaddr.o)
                              obj_cooja/mtype756.o (linkaddr_node_addr)
obj_cooja/mtype756.a(nbr-table.o)
                              obj_cooja/mtype756.a(uip-ds6-nbr.o) (nbr_table_register)
obj_cooja/mtype756.a(netstack.o)
                              obj_cooja/mtype756.o (netstack_init)
obj_cooja/mtype756.a(packetbuf.o)
                              obj_cooja/mtype756.a(cooja-radio.o) (packetbuf_attrs)
obj_cooja/mtype756.a(queuebuf.o)
                              obj_cooja/mtype756.o (queuebuf_init)
obj_cooja/mtype756.a(csma.o)  udp-server.co (csma_driver)
obj_cooja/mtype756.a(framer-802154.o)
                              obj_cooja/mtype756.a(sicslowpan.o) (framer_802154)
[...]
Memory Configuration

Name             Origin             Length             Attributes
*default*        0x0000000000000000 0xffffffffffffffff

Linker script and memory map

LOAD /usr/lib/gcc/i686-linux-gnu/4.8/../../../i386-linux-gnu/crti.o
LOAD /usr/lib/gcc/i686-linux-gnu/4.8/crtbeginS.o
LOAD udp-server.co
LOAD obj_cooja/mtype756.o
LOAD obj_cooja/mtype756.a
LOAD /usr/lib/gcc/i686-linux-gnu/4.8/libgcc.a
LOAD /usr/lib/gcc/i686-linux-gnu/4.8/libgcc_s.so
LOAD /usr/lib/gcc/i686-linux-gnu/4.8/../../../i386-linux-gnu/libc.so
START GROUP
LOAD /lib/i386-linux-gnu/libc.so.6
LOAD /usr/lib/i386-linux-gnu/libc_nonshared.a
LOAD /lib/i386-linux-gnu/ld-linux.so.2
END GROUP
LOAD /usr/lib/gcc/i686-linux-gnu/4.8/libgcc.a
LOAD /usr/lib/gcc/i686-linux-gnu/4.8/libgcc_s.so
LOAD /usr/lib/gcc/i686-linux-gnu/4.8/crtendS.o
LOAD /usr/lib/gcc/i686-linux-gnu/4.8/../../../i386-linux-gnu/crtn.o
                0x0000000000000114                . = (0x0 + SIZEOF_HEADERS)

.note.gnu.build-id
                0x0000000000000114       0x24
 *(.note.gnu.build-id)
 .note.gnu.build-id
                0x0000000000000114       0x24 /usr/lib/gcc/i686-linux-gnu/4.8/../../../i386-linux-gnu/crti.o

.hash
 *(.hash)

.gnu.hash       0x0000000000000138     0x127c
 *(.gnu.hash)
 .gnu.hash      0x0000000000000138     0x127c /usr/lib/gcc/i686-linux-gnu/4.8/../../../i386-linux-gnu/crti.o

.dynsym         0x00000000000013b4     0x2220
 *(.dynsym)
 .dynsym        0x00000000000013b4     0x2220 /usr/lib/gcc/i686-linux-gnu/4.8/../../../i386-linux-gnu/crti.o

.dynstr         0x00000000000035d4     0x2371
 *(.dynstr)
 .dynstr        0x00000000000035d4     0x2371 /usr/lib/gcc/i686-linux-gnu/4.8/../../../i386-linux-gnu/crti.o

.gnu.version    0x0000000000005946      0x444
 *(.gnu.version)
 .gnu.version   0x0000000000005946      0x444 /usr/lib/gcc/i686-linux-gnu/4.8/../../../i386-linux-gnu/crti.o

.gnu.version_d  0x0000000000005d8c        0x0
 *(.gnu.version_d)
 .gnu.version_d
                0x0000000000000000        0x0 /usr/lib/gcc/i686-linux-gnu/4.8/../../../i386-linux-gnu/crti.o

.gnu.version_r  0x0000000000005d8c       0x40
 *(.gnu.version_r)
 .gnu.version_r
                0x0000000000005d8c       0x40 /usr/lib/gcc/i686-linux-gnu/4.8/../../../i386-linux-gnu/crti.o

.rel.dyn        0x0000000000005dcc     0x9a48
 *(.rel.init)
 .rel.init      0x0000000000000000        0x0 /usr/lib/gcc/i686-linux-gnu/4.8/../../../i386-linux-gnu/crti.o
 *(.rel.text .rel.text.* .rel.gnu.linkonce.t.*)
 .rel.text      0x0000000000005dcc     0x92a8 /usr/lib/gcc/i686-linux-gnu/4.8/../../../i386-linux-gnu/crti.o
 *(.rel.fini)
 .rel.fini      0x0000000000000000        0x0 /usr/lib/gcc/i686-linux-gnu/4.8/../../../i386-linux-gnu/crti.o
 *(.rel.rodata .rel.rodata.* .rel.gnu.linkonce.r.*)
 .rel.rodata    0x000000000000f074      0x4e0 /usr/lib/gcc/i686-linux-gnu/4.8/../../../i386-linux-gnu/crti.o
 *(.rel.data.rel.ro .rel.data.rel.ro.* .rel.gnu.linkonce.d.rel.ro.*)
 *(.rel.data .rel.data.* .rel.gnu.linkonce.d.*)
 .rel.data.rel  0x000000000000f554        0x8 /usr/lib/gcc/i686-linux-gnu/4.8/../../../i386-linux-gnu/crti.o
 .rel.data      0x000000000000f55c      0x280 /usr/lib/gcc/i686-linux-gnu/4.8/../../../i386-linux-gnu/crti.o
 *(.rel.tdata .rel.tdata.* .rel.gnu.linkonce.td.*)
 *(.rel.tbss .rel.tbss.* .rel.gnu.linkonce.tb.*)
 *(.rel.ctors)
 *(.rel.dtors)
 *(.rel.got)
 .rel.got       0x000000000000f7dc       0x28 /usr/lib/gcc/i686-linux-gnu/4.8/../../../i386-linux-gnu/crti.o
 *(.rel.bss .rel.bss.* .rel.gnu.linkonce.b.*)
 *(.rel.ifunc)
 .rel.ifunc     0x0000000000000000        0x0 /usr/lib/gcc/i686-linux-gnu/4.8/../../../i386-linux-gnu/crti.o
 .rel.fini_array
                0x000000000000f804        0x8 /usr/lib/gcc/i686-linux-gnu/4.8/../../../i386-linux-gnu/crti.o
 .rel.init_array
                0x000000000000f80c        0x8 /usr/lib/gcc/i686-linux-gnu/4.8/../../../i386-linux-gnu/crti.o

.rel.plt        0x000000000000f814       0x10
 *(.rel.plt)
 .rel.plt       0x000000000000f814       0x10 /usr/lib/gcc/i686-linux-gnu/4.8/../../../i386-linux-gnu/crti.o
 *(.rel.iplt)

.init           0x000000000000f824       0x23
 *(SORT(.init))
 .init          0x000000000000f824       0x1e /usr/lib/gcc/i686-linux-gnu/4.8/../../../i386-linux-gnu/crti.o
                0x000000000000f824                _init
 .init          0x000000000000f842        0x5 /usr/lib/gcc/i686-linux-gnu/4.8/../../../i386-linux-gnu/crtn.o

.plt            0x000000000000f850       0x30
 *(.plt)
 .plt           0x000000000000f850       0x30 /usr/lib/gcc/i686-linux-gnu/4.8/../../../i386-linux-gnu/crti.o
 *(.iplt)

.text           0x000000000000f880    0x15f2e
 *(.text.unlikely .text.*_unlikely .text.unlikely.*)
 *(.text.exit .text.exit.*)
 *(.text.startup .text.startup.*)
 *(.text.hot .text.hot.*)
 *(.text .stub .text.* .gnu.linkonce.t.*)
 .text          0x000000000000f880        0x0 /usr/lib/gcc/i686-linux-gnu/4.8/../../../i386-linux-gnu/crti.o
 .gnu.linkonce.t.__x86.get_pc_thunk.bx
                0x000000000000f880        0x4 /usr/lib/gcc/i686-linux-gnu/4.8/../../../i386-linux-gnu/crti.o
                0x000000000000f880                __x86.get_pc_thunk.bx
 *fill*         0x000000000000f884        0xc 
 .text          0x000000000000f890      0x11b /usr/lib/gcc/i686-linux-gnu/4.8/crtbeginS.o
 .text          0x000000000000f9ab      0x3e4 udp-server.co
 .text          0x000000000000fd8f      0x944 obj_cooja/mtype756.o
                0x000000000000ff3d                contiki_init
                0x00000000000104ea                Java_org_contikios_cooja_corecomm_Lib35_init
                0x000000000001052a                Java_org_contikios_cooja_corecomm_Lib35_getMemory
                0x000000000001056a                Java_org_contikios_cooja_corecomm_Lib35_setMemory
                0x00000000000105e1                Java_org_contikios_cooja_corecomm_Lib35_tick
                0x00000000000106c1                Java_org_contikios_cooja_corecomm_Lib35_setReferenceAddress
 .text          0x00000000000106d3       0x63 obj_cooja/mtype756.a(simEnvChange.o)
                0x00000000000106d3                doActionsBeforeTick
                0x0000000000010704                doActionsAfterTick
 .text          0x0000000000010736       0xbc obj_cooja/mtype756.a(cooja_mt.o)
                0x0000000000010736                cooja_mt_init
                0x0000000000010743                cooja_mt_remove
                0x0000000000010750                cooja_mt_start
                0x000000000001077d                cooja_mt_exec
                0x00000000000107ae                cooja_mt_exit
                0x00000000000107d0                cooja_mt_yield
 .text          0x00000000000107f2      0x115 obj_cooja/mtype756.a(cooja_mtarch.o)
                0x00000000000107f2                cooja_mtarch_init
                0x00000000000107f7                cooja_mtarch_start
                0x0000000000010872                cooja_sw
                0x0000000000010894                cooja_mtarch_exec
                0x00000000000108b0                cooja_mtarch_remove
                0x00000000000108b5                cooja_mtarch_yield
                0x00000000000108bf                cooja_mtarch_pstop
                0x00000000000108c4                cooja_mtarch_pstart
                0x00000000000108c9                cooja_mtarch_stack_usage
 .text          0x0000000000010907       0xc2 obj_cooja/mtype756.a(rtimer-arch.o)
                0x0000000000010907                rtimer_arch_init
                0x000000000001092a                rtimer_arch_schedule
                0x0000000000010941                rtimer_arch_next
                0x000000000001094b                rtimer_arch_pending
                0x0000000000010955                rtimer_arch_check
                0x0000000000010987                rtimer_arch_now
 .text          0x00000000000109c9       0x76 obj_cooja/mtype756.a(beep.o)
                0x00000000000109c9                beep_alarm
                0x00000000000109d5                beep_beep
                0x00000000000109e1                beep
                0x00000000000109ed                beep_down
                0x00000000000109f9                beep_on
                0x0000000000010a05                beep_off
                0x0000000000010a11                beep_spinup
                0x0000000000010a1d                beep_quick
                0x0000000000010a29                beep_long
 .text          0x0000000000010a3f      0x103 obj_cooja/mtype756.a(button-sensor.o)
 .text          0x0000000000010b42       0x45 obj_cooja/mtype756.a(leds-arch.o)
                0x0000000000010b42                leds_arch_init
                0x0000000000010b4e                leds_arch_get
                0x0000000000010b5a                leds_arch_set
 .text          0x0000000000010b87       0x2f obj_cooja/mtype756.a(moteid.o)
 .text          0x0000000000010bb6       0xb1 obj_cooja/mtype756.a(pir-sensor.o)
 .text          0x0000000000010c67      0x131 obj_cooja/mtype756.a(rs232.o)
                0x0000000000010c67                rs232_init
                0x0000000000010c6c                rs232_set_speed
                0x0000000000010c7a                rs232_set_input
                0x0000000000010c87                rs232_send
                0x0000000000010ca9                rs232_print
                0x0000000000010cc4                slip_arch_writeb
 .text          0x0000000000010d98       0xb1 obj_cooja/mtype756.a(vib-sensor.o)
 .text          0x0000000000010e49       0x34 obj_cooja/mtype756.a(clock.o)
                0x0000000000010e49                clock_init
                0x0000000000010e4e                clock_time
                0x0000000000010e58                clock_seconds
                0x0000000000010e6e                clock_delay
 .text          0x0000000000010e7d      0x1ed obj_cooja/mtype756.a(log.o)
                0x0000000000010e7d                simlog_char
                0x0000000000010ebf                simlog
                0x0000000000010f2c                log_message
                0x0000000000010f54                log_set_putchar_with_slip
                0x0000000000010f61                log_putchar
                0x0000000000010fe5                log_puts
                0x0000000000011009                log_printf
 .text          0x000000000001106a      0x2c4 obj_cooja/mtype756.a(cfs-cooja.o)
                0x000000000001106a                cfs_open
                0x00000000000110d3                cfs_close
                0x00000000000110df                cfs_read
                0x000000000001117d                cfs_write
                0x000000000001125a                cfs_seek
                0x00000000000112e2                cfs_remove
                0x000000000001130b                cfs_opendir
                0x0000000000011315                cfs_readdir
                0x000000000001131f                cfs_closedir
 .text          0x000000000001132e      0x541 obj_cooja/mtype756.a(cooja-radio.o)
                0x0000000000011358                radio_set_channel
                0x000000000001136d                radio_set_txpower
                0x0000000000011384                radio_signal_strength_last
                0x000000000001138e                radio_signal_strength_current
                0x0000000000011398                radio_LQI
 .text          0x000000000001186f       0xef obj_cooja/mtype756.a(eeprom.o)
                0x000000000001186f                eeprom_init
                0x0000000000011874                eeprom_read
                0x00000000000118e4                eeprom_write
 .text          0x000000000001195e       0x28 obj_cooja/mtype756.a(random.o)
                0x000000000001195e                random_init
                0x0000000000011979                random_rand
 .text          0x0000000000011986      0x2a1 obj_cooja/mtype756.a(sensors.o)
                0x00000000000119c1                sensors_first
                0x00000000000119cb                sensors_next
                0x00000000000119e8                sensors_changed
                0x0000000000011a17                sensors_find
 .text          0x0000000000011c27      0x308 obj_cooja/mtype756.a(dual_conf.o)
                0x0000000000011c27                dual_radio_switch
                0x0000000000011c82                dual_radio_change
                0x0000000000011cbc                sending_in_LR
                0x0000000000011ce7                dual_radio_received
                0x0000000000011d3a                radio_received_is_longrange
                0x0000000000011ee5                dio_broadcast
                0x0000000000011f0e                dis_broadcast
 .text          0x0000000000011f2f       0x8e obj_cooja/mtype756.a(autostart.o)
                0x0000000000011f2f                autostart_start
                0x0000000000011f7a                autostart_exit
 .text          0x0000000000011fbd      0x334 obj_cooja/mtype756.a(ctimer.o)
                0x00000000000120d4                ctimer_init
                0x0000000000012104                ctimer_set
                0x0000000000012135                ctimer_set_with_process
                0x00000000000121b1                ctimer_reset
                0x0000000000012200                ctimer_restart
                0x000000000001224f                ctimer_stop
                0x000000000001229a                ctimer_expired
 .text          0x00000000000122f1      0x40b obj_cooja/mtype756.a(etimer.o)
                0x0000000000012504                etimer_request_poll
                0x0000000000012588                etimer_set
                0x00000000000125ad                etimer_reset_with_new_interval
                0x00000000000125d4                etimer_reset
                0x00000000000125f2                etimer_restart
                0x0000000000012610                etimer_adjust
                0x000000000001262c                etimer_expired
                0x000000000001263f                etimer_expiration_time
                0x0000000000012651                etimer_start_time
                0x000000000001265b                etimer_pending
                0x000000000001266d                etimer_next_expiration_time
                0x0000000000012687                etimer_stop
 .text          0x00000000000126fc      0x560 obj_cooja/mtype756.a(process.o)
                0x00000000000126fc                process_alloc_event
                0x0000000000012711                process_start
                0x00000000000128fa                process_exit
                0x0000000000012916                process_init
                0x0000000000012ae7                process_run
                0x0000000000012b1a                process_nevents
                0x0000000000012b35                process_post
                0x0000000000012be1                process_post_synch
                0x0000000000012c19                process_poll
                0x0000000000012c48                process_is_running
 .text          0x0000000000012c5c       0xba obj_cooja/mtype756.a(rtimer.o)
                0x0000000000012c5c                rtimer_init
                0x0000000000012c69                rtimer_set
                0x0000000000012cc0                rtimer_run_next
 .text          0x0000000000012d16       0x91 obj_cooja/mtype756.a(timer.o)
                0x0000000000012d16                timer_set
                0x0000000000012d31                timer_reset
                0x0000000000012d48                timer_restart
                0x0000000000012d5a                timer_expired
                0x0000000000012d83                timer_remaining
 .text          0x0000000000012da7      0x1fb obj_cooja/mtype756.a(serial-line.o)
                0x0000000000012da7                serial_line_input_byte
                0x0000000000012f6a                serial_line_init
 .text          0x0000000000012fa2      0x244 obj_cooja/mtype756.a(list.o)
                0x0000000000012fa2                list_init
                0x0000000000012fb0                list_head
                0x0000000000012fba                list_copy
                0x0000000000012fc9                list_tail
                0x0000000000012fff                list_add
                0x0000000000013048                list_push
                0x0000000000013074                list_chop
                0x00000000000130de                list_pop
                0x0000000000013106                list_remove
                0x000000000001316d                list_length
                0x000000000001319b                list_insert
                0x00000000000131cf                list_item_next
 .text          0x00000000000131e6      0x155 obj_cooja/mtype756.a(ringbuf.o)
                0x00000000000131e6                ringbuf_init
                0x0000000000013217                ringbuf_put
                0x0000000000013295                ringbuf_get
                0x0000000000013302                ringbuf_size
                0x0000000000013314                ringbuf_elements
 .text          0x000000000001333b     0x102d obj_cooja/mtype756.a(sicslowpan.o)
                0x00000000000138c5                rime_sniffer_add
                0x00000000000138d2                rime_sniffer_remove
                0x000000000001434a                sicslowpan_init
                0x000000000001435e                sicslowpan_get_last_rssi
 .text          0x0000000000014368      0x298 obj_cooja/mtype756.a(uip-ds6-nbr.o)
                0x0000000000014385                uip_ds6_neighbors_init
                0x00000000000143a2                uip_ds6_nbr_add
                0x000000000001442a                uip_ds6_nbr_rm
                0x000000000001446c                uip_ds6_nbr_get_ipaddr
                0x0000000000014481                uip_ds6_nbr_get_ll
                0x000000000001449d                uip_ds6_nbr_num
                0x00000000000144e2                uip_ds6_nbr_lookup
                0x0000000000014547                uip_ds6_nbr_ll_lookup
                0x0000000000014563                uip_ds6_nbr_ipaddr_from_lladdr
                0x0000000000014589                uip_ds6_nbr_lladdr_from_ipaddr
                0x00000000000145b7                uip_ds6_link_neighbor_callback
 .text          0x0000000000014600     0x1396 obj_cooja/mtype756.a(uip-ds6.o)
                0x0000000000014600                uip_ds6_init
                0x00000000000149a5                uip_ds6_periodic
                0x0000000000014a7d                uip_ds6_list_loop
                0x0000000000014b24                uip_ds6_prefix_add
                0x0000000000014c38                uip_ds6_prefix_rm
                0x0000000000014c4a                uip_ds6_prefix_lookup
                0x0000000000014c9b                uip_ds6_is_addr_onlink
                0x0000000000014d0f                uip_ds6_addr_add
                0x0000000000014e3d                uip_ds6_long_addr_add
                0x0000000000014f6b                uip_ds6_addr_rm
                0x000000000001500b                uip_ds6_addr_lookup
                0x0000000000015056                uip_ds6_long_addr_lookup
                0x00000000000150a1                uip_ds6_get_link_local
                0x0000000000015120                uip_ds6_long_get_link_local
                0x000000000001519f                uip_ds6_get_global
                0x000000000001521e                uip_ds6_long_get_global
                0x000000000001529d                uip_ds6_maddr_add
                0x000000000001530f                uip_ds6_long_maddr_add
                0x0000000000015381                uip_ds6_maddr_rm
                0x0000000000015393                uip_ds6_maddr_lookup
                0x00000000000153de                uip_ds6_long_maddr_lookup
                0x0000000000015429                uip_ds6_aaddr_add
                0x000000000001549b                uip_ds6_long_aaddr_add
                0x000000000001550d                uip_ds6_aaddr_rm
                0x000000000001551f                uip_ds6_aaddr_lookup
                0x000000000001556a                uip_ds6_long_aaddr_lookup
                0x00000000000155b5                uip_ds6_select_src
                0x0000000000015881                uip_ds6_set_addr_iid
                0x00000000000158b8                get_match_length
                0x000000000001594a                uip_ds6_compute_reachable_time
 .text          0x0000000000015996     0x2d5c obj_cooja/mtype756.a(uip6.o)
                0x0000000000015996                uip_add32
                0x0000000000015b2f                uip_chksum
                0x0000000000015c45                uip_icmp6chksum
                0x0000000000015c59                uip_tcpchksum
                0x0000000000015c6d                uip_udpchksum
                0x0000000000015c81                uip_init
                0x0000000000015d51                uip_connect
                0x0000000000015f00                remove_ext_hdr
                0x0000000000016009                uip_udp_new
                0x0000000000016165                uip_unlisten
                0x00000000000161c5                uip_listen
                0x00000000000164eb                uip_process
                0x00000000000185e6                uip_htons
                0x0000000000018608                uip_htonl
                0x0000000000018648                uip_send
 .text          0x00000000000186f2      0xa7d obj_cooja/mtype756.a(tcpip.o)
                0x00000000000186f2                tcpip_output
                0x0000000000018743                tcpip_set_outputfunc
                0x00000000000187e3                tcp_connect
                0x0000000000018838                tcp_unlisten
                0x0000000000018893                tcp_listen
                0x00000000000188ec                tcp_attach
                0x0000000000018911                udp_attach
                0x0000000000018936                udp_new
                0x0000000000018988                udp_broadcast_new
                0x0000000000018bfc                tcpip_input
                0x0000000000018c30                tcpip_ipv6_output
                0x0000000000018fb5                tcpip_poll_udp
                0x0000000000018fd8                tcpip_poll_tcp
                0x0000000000018ffb                tcpip_uipcall
 .text          0x000000000001916f      0x1c1 obj_cooja/mtype756.a(uip-debug.o)
                0x000000000001916f                uip_debug_ipaddr_print
                0x00000000000192d1                uip_debug_lladdr_print
 .text          0x0000000000019330      0x141 obj_cooja/mtype756.a(uip-packetqueue)
                0x000000000001935c                uip_packetqueue_new
                0x000000000001936a                uip_packetqueue_alloc
                0x00000000000193ca                uip_packetqueue_free
                0x000000000001940b                uip_packetqueue_buf
                0x0000000000019428                uip_packetqueue_buflen
                0x0000000000019449                uip_packetqueue_set_buflen
 .text          0x0000000000019471     0x2ce0 obj_cooja/mtype756.a(rpl-dag.o)
                0x0000000000019471                rpl_print_neighbor_list
                0x0000000000019646                rpl_get_nbr
                0x00000000000196a0                rpl_dag_init
                0x00000000000196bd                rpl_get_parent
                0x00000000000196df                rpl_get_parent_rank
                0x0000000000019712                rpl_get_parent_link_metric
                0x0000000000019745                rpl_get_parent_ipaddr
                0x0000000000019af1                rpl_set_root
                0x0000000000019d65                rpl_repair_root
                0x000000000001a014                rpl_set_prefix
                0x000000000001a137                rpl_set_default_route
                0x000000000001a22c                rpl_alloc_instance
                0x000000000001a2bf                rpl_alloc_dag
                0x000000000001a370                rpl_set_default_instance
                0x000000000001a37d                rpl_get_default_instance
                0x000000000001a387                rpl_free_instance
                0x000000000001a453                rpl_free_dag
                0x000000000001a4dc                rpl_add_parent
                0x000000000001a5ee                rpl_find_parent
                0x000000000001a646                rpl_find_parent_any_dag
                0x000000000001a682                rpl_select_dag
                0x000000000001aa9f                rpl_select_parent
                0x000000000001ab01                rpl_remove_parent
                0x000000000001ab53                rpl_nullify_parent
                0x000000000001ac4f                rpl_move_parent
                0x000000000001ad5a                rpl_has_downward_route
                0x000000000001adad                rpl_get_any_dag
                0x000000000001ae0f                rpl_get_instance
                0x000000000001ae72                rpl_find_of
                0x000000000001aeaf                rpl_join_instance
                0x000000000001b1e6                rpl_add_dag
                0x000000000001b6b7                rpl_local_repair
                0x000000000001b793                rpl_recalculate_ranks
                0x000000000001b83c                rpl_process_parent_event
                0x000000000001ba52                rpl_process_dio
 .text          0x000000000001c151      0xbf3 obj_cooja/mtype756.a(rpl-ext-header.)
                0x000000000001c16e                rpl_verify_header
                0x000000000001c5e8                rpl_update_header_empty
                0x000000000001c8ff                rpl_update_header_final
                0x000000000001ca8e                rpl_remove_header
                0x000000000001cb98                rpl_invert_header
                0x000000000001cd22                rpl_insert_header
 .text          0x000000000001cd44     0x22c2 obj_cooja/mtype756.a(rpl-icmp6.o)
                0x000000000001cfa3                rpl_icmp6_update_nbr_table
                0x000000000001d19d                dis_output
                0x000000000001dac4                dio_output
                0x000000000001eb4d                dao_output
                0x000000000001ec14                dao_output_target
                0x000000000001efba                dao_ack_output
                0x000000000001efce                rpl_icmp6_register_handlers
 .text          0x000000000001f006      0x315 obj_cooja/mtype756.a(rpl-mrhof.o)
 .text          0x000000000001f31b      0x909 obj_cooja/mtype756.a(rpl-timers.o)
                0x000000000001f607                rpl_reset_periodic_timer
                0x000000000001f65c                rpl_reset_dio_timer
                0x000000000001f8f4                rpl_schedule_dao
                0x000000000001f90f                rpl_schedule_dao_immediately
                0x000000000001f92a                rpl_cancel_dao
                0x000000000001f98c                rpl_schedule_unicast_dio_immediately
                0x000000000001fbcc                rpl_schedule_probing
 .text          0x000000000001fc24      0x6e0 obj_cooja/mtype756.a(rpl.o)
                0x000000000001fc24                rpl_get_mode
                0x000000000001fc2e                rpl_set_mode
                0x000000000001fcf2                rpl_purge_routes
                0x000000000001fe21                rpl_remove_routes
                0x000000000001fe67                rpl_remove_routes_by_nexthop
                0x000000000001fed3                rpl_add_route
                0x000000000001ff9e                rpl_link_neighbor_callback
                0x00000000000200b2                rpl_ipv6_neighbor_callback
                0x000000000002015e                rpl_purge_dags
                0x0000000000020272                rpl_init
 .text          0x0000000000020304       0x82 obj_cooja/mtype756.a(linkaddr.o)
                0x0000000000020304                linkaddr_copy
                0x0000000000020326                linkaddr_cmp
                0x0000000000020350                linkaddr_set_node_addr
                0x000000000002036b                linkaddr_set_node_long_addr
 .text          0x0000000000020386      0x769 obj_cooja/mtype756.a(nbr-table.o)
                0x00000000000207e5                nbr_table_register
                0x000000000002082d                nbr_table_head
                0x0000000000020889                nbr_table_next
                0x00000000000208f0                nbr_table_add_lladdr
                0x00000000000209cc                nbr_table_get_from_lladdr
                0x0000000000020a19                nbr_table_remove
                0x0000000000020a6b                nbr_table_lock
                0x0000000000020a95                nbr_table_unlock
                0x0000000000020abf                nbr_table_get_lladdr
 .text          0x0000000000020aef       0x2b obj_cooja/mtype756.a(netstack.o)
                0x0000000000020aef                netstack_init
 .text          0x0000000000020b1a      0x3cd obj_cooja/mtype756.a(packetbuf.o)
                0x0000000000020b1a                packetbuf_clear
                0x0000000000020b44                packetbuf_copyfrom
                0x0000000000020b96                packetbuf_compact
                0x0000000000020c13                packetbuf_copyto
                0x0000000000020caa                packetbuf_hdralloc
                0x0000000000020d27                packetbuf_hdrreduce
                0x0000000000020d6f                packetbuf_set_datalen
                0x0000000000020d88                packetbuf_dataptr
                0x0000000000020da5                packetbuf_hdrptr
                0x0000000000020daf                packetbuf_datalen
                0x0000000000020dbb                packetbuf_hdrlen
                0x0000000000020dd2                packetbuf_totlen
                0x0000000000020de8                packetbuf_attr_clear
                0x0000000000020e3a                packetbuf_attr_copyto
                0x0000000000020e83                packetbuf_attr_copyfrom
                0x0000000000020ecb                packetbuf_holds_broadcast
 .text          0x0000000000020ee7      0x2b4 obj_cooja/mtype756.a(queuebuf.o)
                0x0000000000020ef1                queuebuf_init
                0x0000000000020f11                queuebuf_numfree
                0x0000000000020f25                queuebuf_new_from_packetbuf
                0x0000000000020fb5                queuebuf_update_attr_from_packetbuf
                0x0000000000020fe8                queuebuf_update_from_packetbuf
                0x0000000000021032                queuebuf_free
                0x0000000000021079                queuebuf_to_packetbuf
                0x00000000000210df                queuebuf_dataptr
                0x0000000000021116                queuebuf_datalen
                0x0000000000021139                queuebuf_addr
                0x000000000002116b                queuebuf_attr
                0x0000000000021196                queuebuf_debug_print
 .text          0x000000000002119b      0x831 obj_cooja/mtype756.a(csma.o)
 .text          0x00000000000219cc      0x3f5 obj_cooja/mtype756.a(framer-802154.o)
 .text          0x0000000000021dc1       0x3c obj_cooja/mtype756.a(mac.o)
                0x0000000000021dc1                mac_call_sent_callback
 .text          0x0000000000021dfd      0x556 obj_cooja/mtype756.a(nullrdc.o)
 .text          0x0000000000022353       0x6e obj_cooja/mtype756.a(nullsec.o)
 .text          0x00000000000223c1       0x19 obj_cooja/mtype756.a(watchdog.o)
                0x00000000000223c1                watchdog_init
                0x00000000000223c6                watchdog_start
                0x00000000000223cb                watchdog_periodic
                0x00000000000223d0                watchdog_stop
                0x00000000000223d5                watchdog_reboot
 .text          0x00000000000223da        0x0 obj_cooja/mtype756.a(rimestats.o)
 .text          0x00000000000223da       0xa3 obj_cooja/mtype756.a(stimer.o)
                0x00000000000223da                stimer_set
                0x00000000000223f5                stimer_reset
                0x000000000002240c                stimer_restart
                0x000000000002241e                stimer_expired
                0x0000000000022445                stimer_remaining
                0x0000000000022469                stimer_elapsed
 .text          0x000000000002247d      0x1c1 obj_cooja/mtype756.a(memb.o)
                0x000000000002247d                memb_init
                0x00000000000224db                memb_alloc
                0x0000000000022540                memb_free
                0x00000000000225bb                memb_inmemb
                0x00000000000225fa                memb_numfree
 .text          0x000000000002263e      0xc68 obj_cooja/mtype756.a(uip-ds6-route.o)
                0x000000000002272c                uip_ds6_notification_add
                0x000000000002275d                uip_ds6_notification_rm
                0x0000000000022779                uip_ds6_route_init
                0x0000000000022801                uip_ds6_route_nexthop
                0x0000000000022829                uip_ds6_route_head
                0x000000000002283e                uip_ds6_route_next
                0x0000000000022864                uip_ds6_route_is_nexthop
                0x00000000000228a3                uip_ds6_route_num_routes
                0x00000000000228ad                uip_ds6_route_lookup
                0x00000000000229e8                uip_ds6_route_add
                0x0000000000022d05                uip_ds6_route_rm
                0x0000000000022f18                uip_ds6_route_rm_by_nexthop
                0x0000000000022f50                uip_ds6_defrt_add
                0x0000000000023060                uip_ds6_defrt_rm
                0x00000000000230f5                uip_ds6_defrt_lookup
                0x000000000002314e                uip_ds6_defrt_choose
                0x0000000000023232                uip_ds6_defrt_periodic
 .text          0x00000000000232a6     0x1382 obj_cooja/mtype756.a(uip-icmp6.o)
                0x0000000000023314                uip_icmp6_input
                0x000000000002336a                uip_icmp6_register_input_handler
                0x0000000000023b2a                uip_icmp6_error_output
                0x0000000000024101                uip_icmp6_send
                0x00000000000245bb                uip_icmp6_echo_reply_callback_add
                0x00000000000245ec                uip_icmp6_echo_reply_callback_rm
                0x0000000000024608                uip_icmp6_init
 .text          0x0000000000024628      0x358 obj_cooja/mtype756.a(uip-nd6.o)
                0x000000000002467c                uip_nd6_ns_output
                0x000000000002497b                uip_nd6_init
 .text          0x0000000000024980      0x331 obj_cooja/mtype756.a(rpl-nbr-policy.)
                0x0000000000024b58                find_removable_dis
                0x0000000000024b7b                find_removable_dio
                0x0000000000024c0a                find_removable_dao
                0x0000000000024c5a                rpl_nbr_policy_find_removable
 .text          0x0000000000024cb1      0x97c obj_cooja/mtype756.a(frame802154.o)
                0x0000000000024ce2                frame802154_get_pan_id
                0x0000000000024cee                frame802154_set_pan_id
                0x0000000000024d07                frame802154_has_panid
                0x0000000000024df3                frame802154_check_dest_panid
                0x0000000000024e5b                frame802154_is_broadcast_addr
                0x0000000000024ea8                frame802154_extract_linkaddr
                0x00000000000250e8                frame802154_hdrlen
                0x0000000000025139                frame802154_create
                0x0000000000025324                frame802154_parse
 .text          0x000000000002562d      0x181 obj_cooja/mtype756.a(mac-sequence.o)
                0x0000000000025664                mac_sequence_is_duplicate
                0x00000000000256e7                mac_sequence_register_seqno
 .text          0x00000000000257ae        0x0 /usr/lib/gcc/i686-linux-gnu/4.8/crtendS.o
 .text          0x00000000000257ae        0x0 /usr/lib/gcc/i686-linux-gnu/4.8/../../../i386-linux-gnu/crtn.o
 *(.gnu.warning)

.fini           0x00000000000257b0       0x14
 *(SORT(.fini))
 .fini          0x00000000000257b0        0xf /usr/lib/gcc/i686-linux-gnu/4.8/../../../i386-linux-gnu/crti.o
                0x00000000000257b0                _fini
 .fini          0x00000000000257bf        0x5 /usr/lib/gcc/i686-linux-gnu/4.8/../../../i386-linux-gnu/crtn.o
                0x00000000000257c4                PROVIDE (__etext, .)
                0x00000000000257c4                PROVIDE (_etext, .)
                0x00000000000257c4                PROVIDE (etext, .)

.rodata         0x00000000000257e0     0x2fa9
 *(.rodata .rodata.* .gnu.linkonce.r.*)
 .rodata        0x00000000000257e0      0x148 udp-server.co
                0x00000000000257f4                autostart_processes
 .rodata        0x0000000000025928      0x1b6 obj_cooja/mtype756.o
 *fill*         0x0000000000025ade        0x2 
 .rodata        0x0000000000025ae0        0x8 obj_cooja/mtype756.a(beep.o)
                0x0000000000025ae0                beep_interface
 .rodata        0x0000000000025ae8       0x20 obj_cooja/mtype756.a(button-sensor.o)
                0x0000000000025ae8                button_interface
                0x0000000000025af8                button_sensor
 .rodata        0x0000000000025b08        0x8 obj_cooja/mtype756.a(leds-arch.o)
                0x0000000000025b08                leds_interface
 .rodata        0x0000000000025b10        0x8 obj_cooja/mtype756.a(moteid.o)
                0x0000000000025b10                moteid_interface
 .rodata        0x0000000000025b18       0x1c obj_cooja/mtype756.a(pir-sensor.o)
                0x0000000000025b18                pir_interface
                0x0000000000025b24                pir_sensor
 .rodata        0x0000000000025b34        0xe obj_cooja/mtype756.a(rs232.o)
                0x0000000000025b34                rs232_interface
 *fill*         0x0000000000025b42        0x2 
 .rodata        0x0000000000025b44       0x24 obj_cooja/mtype756.a(vib-sensor.o)
                0x0000000000025b44                vib_interface
                0x0000000000025b58                vib_sensor
 .rodata        0x0000000000025b68        0x8 obj_cooja/mtype756.a(clock.o)
                0x0000000000025b68                clock_interface
 .rodata        0x0000000000025b70        0x8 obj_cooja/mtype756.a(log.o)
                0x0000000000025b70                simlog_interface
 .rodata        0x0000000000025b78       0x2f obj_cooja/mtype756.a(cfs-cooja.o)
                0x0000000000025b78                cfs_interface
 *fill*         0x0000000000025ba7       0x19 
 .rodata        0x0000000000025bc0      0x120 obj_cooja/mtype756.a(cooja-radio.o)
                0x0000000000025ca0                cooja_radio_driver
                0x0000000000025cd8                radio_interface
 .rodata        0x0000000000025ce0        0x8 obj_cooja/mtype756.a(eeprom.o)
                0x0000000000025ce0                eeprom_interface
 .rodata        0x0000000000025ce8        0x8 obj_cooja/mtype756.a(sensors.o)
 .rodata        0x0000000000025cf0      0x21d obj_cooja/mtype756.a(dual_conf.o)
 .rodata        0x0000000000025f0d        0xf obj_cooja/mtype756.a(ctimer.o)
 .rodata        0x0000000000025f1c        0xc obj_cooja/mtype756.a(etimer.o)
 .rodata        0x0000000000025f28        0xe obj_cooja/mtype756.a(serial-line.o)
 *fill*         0x0000000000025f36        0x2 
 .rodata        0x0000000000025f38       0x18 obj_cooja/mtype756.a(sicslowpan.o)
                0x0000000000025f44                sicslowpan_driver
 .rodata        0x0000000000025f50      0x134 obj_cooja/mtype756.a(uip-ds6.o)
 .rodata        0x0000000000026084      0x590 obj_cooja/mtype756.a(uip6.o)
 .rodata        0x0000000000026614      0x113 obj_cooja/mtype756.a(tcpip.o)
 .rodata        0x0000000000026727       0x3e obj_cooja/mtype756.a(uip-debug.o)
 *fill*         0x0000000000026765        0x3 
 .rodata        0x0000000000026768      0xc0b obj_cooja/mtype756.a(rpl-dag.o)
 *fill*         0x0000000000027373        0x1 
 .rodata        0x0000000000027374      0x8a4 obj_cooja/mtype756.a(rpl-icmp6.o)
 .rodata        0x0000000000027c18       0x6f obj_cooja/mtype756.a(rpl-mrhof.o)
 *fill*         0x0000000000027c87        0x1 
 .rodata        0x0000000000027c88      0x260 obj_cooja/mtype756.a(rpl-timers.o)
 .rodata        0x0000000000027ee8      0x1be obj_cooja/mtype756.a(rpl.o)
 .rodata        0x00000000000280a6        0x8 obj_cooja/mtype756.a(linkaddr.o)
                0x00000000000280a6                linkaddr_null
 *fill*         0x00000000000280ae        0x2 
 .rodata        0x00000000000280b0       0x24 obj_cooja/mtype756.a(csma.o)
                0x00000000000280b8                csma_driver
 .rodata        0x00000000000280d4        0xc obj_cooja/mtype756.a(framer-802154.o)
                0x00000000000280d4                framer_802154
 .rodata        0x00000000000280e0      0x140 obj_cooja/mtype756.a(nullrdc.o)
                0x0000000000028200                nullrdc_driver
 .rodata        0x0000000000028220       0x18 obj_cooja/mtype756.a(nullsec.o)
                0x0000000000028228                nullsec_driver
 .rodata        0x0000000000028238      0x480 obj_cooja/mtype756.a(uip-ds6-route.o)
 .rodata        0x00000000000286b8       0xd1 obj_cooja/mtype756.a(uip-icmp6.o)

.rodata1
 *(.rodata1)

.eh_frame_hdr   0x000000000002878c     0x12ec
 *(.eh_frame_hdr)
 .eh_frame_hdr  0x000000000002878c     0x12ec udp-server.co

.eh_frame       0x0000000000029a78     0x4d20
 *(.eh_frame)
 .eh_frame      0x0000000000029a78       0x3c /usr/lib/gcc/i686-linux-gnu/4.8/../../../i386-linux-gnu/crti.o
                                         0x40 (size before relaxing)
 .eh_frame      0x0000000000029ab4       0x68 udp-server.co
                                         0x80 (size before relaxing)
 .eh_frame      0x0000000000029b1c      0x148 obj_cooja/mtype756.o
                                        0x160 (size before relaxing)
 .eh_frame      0x0000000000029c64       0x40 obj_cooja/mtype756.a(simEnvChange.o)
                                         0x58 (size before relaxing)
 .eh_frame      0x0000000000029ca4       0xc0 obj_cooja/mtype756.a(cooja_mt.o)
                                         0xd8 (size before relaxing)
 .eh_frame      0x0000000000029d64      0x120 obj_cooja/mtype756.a(cooja_mtarch.o)
                                        0x138 (size before relaxing)
 .eh_frame      0x0000000000029e84       0xc0 obj_cooja/mtype756.a(rtimer-arch.o)
                                         0xd8 (size before relaxing)
 .eh_frame      0x0000000000029f44      0x160 obj_cooja/mtype756.a(beep.o)
                                        0x178 (size before relaxing)
 .eh_frame      0x000000000002a0a4       0xa0 obj_cooja/mtype756.a(button-sensor.o)
                                         0xb8 (size before relaxing)
 .eh_frame      0x000000000002a144       0xa0 obj_cooja/mtype756.a(leds-arch.o)
                                         0xb8 (size before relaxing)
 .eh_frame      0x000000000002a1e4       0x40 obj_cooja/mtype756.a(moteid.o)
                                         0x58 (size before relaxing)
 .eh_frame      0x000000000002a224       0xa0 obj_cooja/mtype756.a(pir-sensor.o)
                                         0xb8 (size before relaxing)
 .eh_frame      0x000000000002a2c4      0x100 obj_cooja/mtype756.a(rs232.o)
                                        0x118 (size before relaxing)
 .eh_frame      0x000000000002a3c4       0xa0 obj_cooja/mtype756.a(vib-sensor.o)
                                         0xb8 (size before relaxing)
 .eh_frame      0x000000000002a464       0xc0 obj_cooja/mtype756.a(clock.o)
                                         0xd8 (size before relaxing)
 .eh_frame      0x000000000002a524      0x120 obj_cooja/mtype756.a(log.o)
                                        0x138 (size before relaxing)
 .eh_frame      0x000000000002a644      0x160 obj_cooja/mtype756.a(cfs-cooja.o)
                                        0x178 (size before relaxing)
 .eh_frame      0x000000000002a7a4      0x2e0 obj_cooja/mtype756.a(cooja-radio.o)
                                        0x2f8 (size before relaxing)
 .eh_frame      0x000000000002aa84       0xa0 obj_cooja/mtype756.a(eeprom.o)
                                         0xb8 (size before relaxing)
 .eh_frame      0x000000000002ab24       0x40 obj_cooja/mtype756.a(random.o)
                                         0x58 (size before relaxing)
 .eh_frame      0x000000000002ab64       0xc0 obj_cooja/mtype756.a(sensors.o)
                                         0xd8 (size before relaxing)
 .eh_frame      0x000000000002ac24      0x120 obj_cooja/mtype756.a(dual_conf.o)
                                        0x138 (size before relaxing)
 .eh_frame      0x000000000002ad44       0x40 obj_cooja/mtype756.a(autostart.o)
                                         0x58 (size before relaxing)
 .eh_frame      0x000000000002ad84      0x100 obj_cooja/mtype756.a(ctimer.o)
                                        0x118 (size before relaxing)
 .eh_frame      0x000000000002ae84      0x1e0 obj_cooja/mtype756.a(etimer.o)
                                        0x1f8 (size before relaxing)
 .eh_frame      0x000000000002b064      0x1c8 obj_cooja/mtype756.a(process.o)
                                        0x1e0 (size before relaxing)
 .eh_frame      0x000000000002b22c       0x60 obj_cooja/mtype756.a(rtimer.o)
                                         0x78 (size before relaxing)
 .eh_frame      0x000000000002b28c       0xa4 obj_cooja/mtype756.a(timer.o)
                                         0xbc (size before relaxing)
 .eh_frame      0x000000000002b330       0x60 obj_cooja/mtype756.a(serial-line.o)
                                         0x78 (size before relaxing)
 .eh_frame      0x000000000002b390      0x180 obj_cooja/mtype756.a(list.o)
                                        0x198 (size before relaxing)
 .eh_frame      0x000000000002b510       0xa0 obj_cooja/mtype756.a(ringbuf.o)
                                         0xb8 (size before relaxing)
 .eh_frame      0x000000000002b5b0      0x278 obj_cooja/mtype756.a(sicslowpan.o)
                                        0x290 (size before relaxing)
 .eh_frame      0x000000000002b828      0x180 obj_cooja/mtype756.a(uip-ds6-nbr.o)
                                        0x198 (size before relaxing)
 .eh_frame      0x000000000002b9a8      0x3c8 obj_cooja/mtype756.a(uip-ds6.o)
                                        0x3e0 (size before relaxing)
 .eh_frame      0x000000000002bd70      0x27c obj_cooja/mtype756.a(uip6.o)
                                        0x294 (size before relaxing)
 .eh_frame      0x000000000002bfec      0x270 obj_cooja/mtype756.a(tcpip.o)
                                        0x288 (size before relaxing)
 .eh_frame      0x000000000002c25c       0x48 obj_cooja/mtype756.a(uip-debug.o)
                                         0x60 (size before relaxing)
 .eh_frame      0x000000000002c2a4       0xe0 obj_cooja/mtype756.a(uip-packetqueue)
                                         0xf8 (size before relaxing)
 .eh_frame      0x000000000002c384      0x674 obj_cooja/mtype756.a(rpl-dag.o)
                                        0x68c (size before relaxing)
 .eh_frame      0x000000000002c9f8      0x10c obj_cooja/mtype756.a(rpl-ext-header.)
                                        0x124 (size before relaxing)
 .eh_frame      0x000000000002cb04      0x288 obj_cooja/mtype756.a(rpl-icmp6.o)
                                        0x2a0 (size before relaxing)
 .eh_frame      0x000000000002cd8c       0xe4 obj_cooja/mtype756.a(rpl-mrhof.o)
                                         0xfc (size before relaxing)
 .eh_frame      0x000000000002ce70      0x210 obj_cooja/mtype756.a(rpl-timers.o)
                                        0x228 (size before relaxing)
 .eh_frame      0x000000000002d080      0x140 obj_cooja/mtype756.a(rpl.o)
                                        0x158 (size before relaxing)
 .eh_frame      0x000000000002d1c0       0x80 obj_cooja/mtype756.a(linkaddr.o)
                                         0x98 (size before relaxing)
 .eh_frame      0x000000000002d240      0x26c obj_cooja/mtype756.a(nbr-table.o)
                                        0x284 (size before relaxing)
 .eh_frame      0x000000000002d4ac       0x20 obj_cooja/mtype756.a(netstack.o)
                                         0x38 (size before relaxing)
 .eh_frame      0x000000000002d4cc      0x214 obj_cooja/mtype756.a(packetbuf.o)
                                        0x22c (size before relaxing)
 .eh_frame      0x000000000002d6e0      0x1a0 obj_cooja/mtype756.a(queuebuf.o)
                                        0x1b8 (size before relaxing)
 .eh_frame      0x000000000002d880      0x28c obj_cooja/mtype756.a(csma.o)
                                        0x2a4 (size before relaxing)
 .eh_frame      0x000000000002db0c      0x108 obj_cooja/mtype756.a(framer-802154.o)
                                        0x120 (size before relaxing)
 .eh_frame      0x000000000002dc14       0x20 obj_cooja/mtype756.a(mac.o)
                                         0x38 (size before relaxing)
 .eh_frame      0x000000000002dc34      0x18c obj_cooja/mtype756.a(nullrdc.o)
                                        0x1a4 (size before relaxing)
 .eh_frame      0x000000000002ddc0       0x80 obj_cooja/mtype756.a(nullsec.o)
                                         0x98 (size before relaxing)
 .eh_frame      0x000000000002de40       0xa0 obj_cooja/mtype756.a(watchdog.o)
                                         0xb8 (size before relaxing)
 .eh_frame      0x000000000002dee0       0xc4 obj_cooja/mtype756.a(stimer.o)
                                         0xdc (size before relaxing)
 .eh_frame      0x000000000002dfa4       0xa0 obj_cooja/mtype756.a(memb.o)
                                         0xb8 (size before relaxing)
 .eh_frame      0x000000000002e044      0x2c0 obj_cooja/mtype756.a(uip-ds6-route.o)
                                        0x2d8 (size before relaxing)
 .eh_frame      0x000000000002e304      0x17c obj_cooja/mtype756.a(uip-icmp6.o)
                                        0x194 (size before relaxing)
 .eh_frame      0x000000000002e480       0x68 obj_cooja/mtype756.a(uip-nd6.o)
                                         0x80 (size before relaxing)
 .eh_frame      0x000000000002e4e8       0xc0 obj_cooja/mtype756.a(rpl-nbr-policy.)
                                         0xd8 (size before relaxing)
 .eh_frame      0x000000000002e5a8      0x164 obj_cooja/mtype756.a(frame802154.o)
                                        0x17c (size before relaxing)
 .eh_frame      0x000000000002e70c       0x88 obj_cooja/mtype756.a(mac-sequence.o)
                                         0xa0 (size before relaxing)
 .eh_frame      0x000000000002e794        0x4 /usr/lib/gcc/i686-linux-gnu/4.8/crtendS.o

.gcc_except_table
 *(.gcc_except_table .gcc_except_table.*)

.exception_ranges
 *(.exception_ranges .exception_ranges*)
                0x000000000002e798                . = (ALIGN (0x1000) - ((0x1000 - .) & 0xfff))
                0x000000000002fef8                . = DATA_SEGMENT_ALIGN (0x1000, 0x1000)

.eh_frame
 *(.eh_frame)

.gcc_except_table
 *(.gcc_except_table .gcc_except_table.*)

.exception_ranges
 *(.exception_ranges .exception_ranges*)

.tdata
 *(.tdata .tdata.* .gnu.linkonce.td.*)

.tbss
 *(.tbss .tbss.* .gnu.linkonce.tb.*)
 *(.tcommon)

.preinit_array
 *(.preinit_array)

.init_array     0x000000000002fef8        0x4
 *(SORT(.init_array.*) SORT(.ctors.*))
 *(.init_array EXCLUDE_FILE(*crtend?.o *crtend.o *crtbegin?.o *crtbegin.o) .ctors)
 .init_array    0x000000000002fef8        0x4 /usr/lib/gcc/i686-linux-gnu/4.8/crtbeginS.o

.fini_array     0x000000000002fefc        0x4
 *(SORT(.fini_array.*) SORT(.dtors.*))
 *(.fini_array EXCLUDE_FILE(*crtend?.o *crtend.o *crtbegin?.o *crtbegin.o) .dtors)
 .fini_array    0x000000000002fefc        0x4 /usr/lib/gcc/i686-linux-gnu/4.8/crtbeginS.o

.ctors
 *crtbegin.o(.ctors)
 *crtbegin?.o(.ctors)
 *(EXCLUDE_FILE(*crtend?.o *crtend.o) .ctors)
 *(SORT(.ctors.*))
 *(.ctors)

.dtors
 *crtbegin.o(.dtors)
 *crtbegin?.o(.dtors)
 *(EXCLUDE_FILE(*crtend?.o *crtend.o) .dtors)
 *(SORT(.dtors.*))
 *(.dtors)

.jcr            0x000000000002ff00        0x4
 *(.jcr)
 .jcr           0x000000000002ff00        0x0 /usr/lib/gcc/i686-linux-gnu/4.8/crtbeginS.o
 .jcr           0x000000000002ff00        0x4 /usr/lib/gcc/i686-linux-gnu/4.8/crtendS.o

.data.rel.ro
 *(.data.rel.ro.local* .gnu.linkonce.d.rel.ro.local.*)
 *(.data.rel.ro .data.rel.ro.* .gnu.linkonce.d.rel.ro.*)

.dynamic        0x000000000002ff04       0xe8
 *(.dynamic)
 .dynamic       0x000000000002ff04       0xe8 /usr/lib/gcc/i686-linux-gnu/4.8/../../../i386-linux-gnu/crti.o
                0x000000000002ff04                _DYNAMIC

.got            0x000000000002ffec       0x14
 *(.got)
 .got           0x000000000002ffec       0x14 /usr/lib/gcc/i686-linux-gnu/4.8/../../../i386-linux-gnu/crti.o
 *(.igot)
                0x0000000000030ff4                . = DATA_SEGMENT_RELRO_END (., (SIZEOF (.got.plt) >= 0xc)?0xc:0x0)

.got.plt        0x0000000000030000       0x14
 *(.got.plt)
 .got.plt       0x0000000000030000       0x14 /usr/lib/gcc/i686-linux-gnu/4.8/../../../i386-linux-gnu/crti.o
                0x0000000000030000                _GLOBAL_OFFSET_TABLE_
 *(.igot.plt)

.data           0x0000000000030020      0x246
 *(.data .data.* .gnu.linkonce.d.*)
 .data          0x0000000000030020        0x0 /usr/lib/gcc/i686-linux-gnu/4.8/../../../i386-linux-gnu/crti.o
 .data          0x0000000000030020        0x0 /usr/lib/gcc/i686-linux-gnu/4.8/crtbeginS.o
 .data.rel      0x0000000000030020        0x4 /usr/lib/gcc/i686-linux-gnu/4.8/crtbeginS.o
                0x0000000000030020                __dso_handle
 .data          0x0000000000030024       0x10 udp-server.co
                0x0000000000030024                udp_server_process
 *fill*         0x0000000000030034        0xc 
 .data          0x0000000000030040       0x44 obj_cooja/mtype756.o
                0x0000000000030040                simInterfaces
                0x0000000000030074                sensors
 .data          0x0000000000030084        0x0 obj_cooja/mtype756.a(simEnvChange.o)
 .data          0x0000000000030084        0x0 obj_cooja/mtype756.a(cooja_mt.o)
 .data          0x0000000000030084        0x0 obj_cooja/mtype756.a(cooja_mtarch.o)
 .data          0x0000000000030084        0x0 obj_cooja/mtype756.a(rtimer-arch.o)
 .data          0x0000000000030084        0x0 obj_cooja/mtype756.a(beep.o)
 .data          0x0000000000030084        0x0 obj_cooja/mtype756.a(button-sensor.o)
 .data          0x0000000000030084        0x0 obj_cooja/mtype756.a(leds-arch.o)
 .data          0x0000000000030084        0x0 obj_cooja/mtype756.a(moteid.o)
 .data          0x0000000000030084        0x0 obj_cooja/mtype756.a(pir-sensor.o)
 .data          0x0000000000030084        0x0 obj_cooja/mtype756.a(rs232.o)
 .data          0x0000000000030084        0x0 obj_cooja/mtype756.a(vib-sensor.o)
 .data          0x0000000000030084        0x0 obj_cooja/mtype756.a(clock.o)
 .data          0x0000000000030084        0x0 obj_cooja/mtype756.a(log.o)
 .data          0x0000000000030084        0x0 obj_cooja/mtype756.a(cfs-cooja.o)
 .data          0x0000000000030084       0x2c obj_cooja/mtype756.a(cooja-radio.o)
                0x0000000000030084                simRadioHWOn
                0x0000000000030088                simSignalStrength
                0x000000000003008c                simLastSignalStrength
                0x0000000000030090                simPower
                0x0000000000030094                simRadioChannel
                0x0000000000030098                simRadioChannelLR
                0x000000000003009c                simLQI
                0x00000000000300a0                cooja_radio_process
 .data          0x00000000000300b0        0x0 obj_cooja/mtype756.a(eeprom.o)
 .data          0x00000000000300b0        0x0 obj_cooja/mtype756.a(random.o)
 .data          0x00000000000300b0       0x10 obj_cooja/mtype756.a(sensors.o)
                0x00000000000300b0                sensors_process
 .data          0x00000000000300c0       0x24 obj_cooja/mtype756.a(dual_conf.o)
                0x00000000000300c0                radio_received
                0x00000000000300c4                dual_dio_broadcast
                0x00000000000300d4                dual_dis_broadcast
 .data          0x00000000000300e4        0x0 obj_cooja/mtype756.a(autostart.o)
 .data          0x00000000000300e4       0x14 obj_cooja/mtype756.a(ctimer.o)
                0x00000000000300e8                ctimer_process
 .data          0x00000000000300f8       0x10 obj_cooja/mtype756.a(etimer.o)
                0x00000000000300f8                etimer_process
 .data          0x0000000000030108        0x0 obj_cooja/mtype756.a(process.o)
 .data          0x0000000000030108        0x0 obj_cooja/mtype756.a(rtimer.o)
 .data          0x0000000000030108        0x0 obj_cooja/mtype756.a(timer.o)
 .data          0x0000000000030108       0x10 obj_cooja/mtype756.a(serial-line.o)
                0x0000000000030108                serial_line_process
 .data          0x0000000000030118        0x0 obj_cooja/mtype756.a(list.o)
 .data          0x0000000000030118        0x0 obj_cooja/mtype756.a(ringbuf.o)
 .data          0x0000000000030118        0x0 obj_cooja/mtype756.a(sicslowpan.o)
 .data          0x0000000000030118       0x14 obj_cooja/mtype756.a(uip-ds6-nbr.o)
                0x0000000000030128                ds6_neighbors
 .data          0x000000000003012c        0x0 obj_cooja/mtype756.a(uip-ds6.o)
 .data          0x000000000003012c        0x0 obj_cooja/mtype756.a(uip6.o)
 .data          0x000000000003012c       0x10 obj_cooja/mtype756.a(tcpip.o)
                0x000000000003012c                tcpip_process
 .data          0x000000000003013c        0x0 obj_cooja/mtype756.a(uip-debug.o)
 .data          0x000000000003013c        0xc obj_cooja/mtype756.a(uip-packetqueue)
 .data          0x0000000000030148       0x14 obj_cooja/mtype756.a(rpl-dag.o)
                0x0000000000030158                rpl_parents
 .data          0x000000000003015c        0x0 obj_cooja/mtype756.a(rpl-ext-header.)
 .data          0x000000000003015c       0x34 obj_cooja/mtype756.a(rpl-icmp6.o)
 .data          0x0000000000030190       0x1c obj_cooja/mtype756.a(rpl-mrhof.o)
                0x0000000000030190                rpl_mrhof
 .data          0x00000000000301ac        0x0 obj_cooja/mtype756.a(rpl-timers.o)
 .data          0x00000000000301ac        0x0 obj_cooja/mtype756.a(rpl.o)
 .data          0x00000000000301ac        0x0 obj_cooja/mtype756.a(linkaddr.o)
 .data          0x00000000000301ac       0x10 obj_cooja/mtype756.a(nbr-table.o)
 .data          0x00000000000301bc        0x0 obj_cooja/mtype756.a(netstack.o)
 .data          0x00000000000301bc        0x4 obj_cooja/mtype756.a(packetbuf.o)
 .data          0x00000000000301c0       0x18 obj_cooja/mtype756.a(queuebuf.o)
 .data          0x00000000000301d8       0x28 obj_cooja/mtype756.a(csma.o)
 .data          0x0000000000030200        0x0 obj_cooja/mtype756.a(framer-802154.o)
 .data          0x0000000000030200        0x0 obj_cooja/mtype756.a(mac.o)
 .data          0x0000000000030200        0x0 obj_cooja/mtype756.a(nullrdc.o)
 .data          0x0000000000030200        0x0 obj_cooja/mtype756.a(nullsec.o)
 .data          0x0000000000030200        0x0 obj_cooja/mtype756.a(watchdog.o)
 .data          0x0000000000030200        0x0 obj_cooja/mtype756.a(rimestats.o)
 .data          0x0000000000030200        0x0 obj_cooja/mtype756.a(stimer.o)
 .data          0x0000000000030200        0x0 obj_cooja/mtype756.a(memb.o)
 .data          0x0000000000030200       0x44 obj_cooja/mtype756.a(uip-ds6-route.o)
                0x0000000000030210                nbr_routes
 .data          0x0000000000030244       0x20 obj_cooja/mtype756.a(uip-icmp6.o)
 .data          0x0000000000030264        0x0 obj_cooja/mtype756.a(uip-nd6.o)
 .data          0x0000000000030264        0x0 obj_cooja/mtype756.a(rpl-nbr-policy.)
 .data          0x0000000000030264        0x2 obj_cooja/mtype756.a(frame802154.o)
 .data          0x0000000000030266        0x0 obj_cooja/mtype756.a(mac-sequence.o)
 .data          0x0000000000030266        0x0 /usr/lib/gcc/i686-linux-gnu/4.8/crtendS.o
 .data          0x0000000000030266        0x0 /usr/lib/gcc/i686-linux-gnu/4.8/../../../i386-linux-gnu/crtn.o

.tm_clone_table
                0x0000000000030268        0x0
 .tm_clone_table
                0x0000000000030268        0x0 /usr/lib/gcc/i686-linux-gnu/4.8/crtbeginS.o
 .tm_clone_table
                0x0000000000030268        0x0 /usr/lib/gcc/i686-linux-gnu/4.8/crtendS.o

.data1
 *(.data1)
                0x0000000000030268                _edata = .
                0x0000000000030268                PROVIDE (edata, .)
                0x0000000000030268                . = .
                0x0000000000030268                __bss_start = .

.bss            0x0000000000030280     0x81e8
 *(.dynbss)
 .dynbss        0x0000000000000000        0x0 /usr/lib/gcc/i686-linux-gnu/4.8/../../../i386-linux-gnu/crti.o
 *(.bss .bss.* .gnu.linkonce.b.*)
 .bss           0x0000000000030280        0x0 /usr/lib/gcc/i686-linux-gnu/4.8/../../../i386-linux-gnu/crti.o
 .bss           0x0000000000030280        0x1 /usr/lib/gcc/i686-linux-gnu/4.8/crtbeginS.o
 *fill*         0x0000000000030281        0x3 
 .bss           0x0000000000030284        0x4 udp-server.co
 *fill*         0x0000000000030288       0x18 
 .bss           0x00000000000302a0     0x2030 obj_cooja/mtype756.o
 .bss           0x00000000000322d0        0x1 obj_cooja/mtype756.a(simEnvChange.o)
                0x00000000000322d0                simDontFallAsleep
 *fill*         0x00000000000322d1        0x3 
 .bss           0x00000000000322d4        0x4 obj_cooja/mtype756.a(cooja_mt.o)
 .bss           0x00000000000322d8        0x4 obj_cooja/mtype756.a(cooja_mtarch.o)
 .bss           0x00000000000322dc        0xc obj_cooja/mtype756.a(rtimer-arch.o)
 .bss           0x00000000000322e8        0x0 obj_cooja/mtype756.a(beep.o)
 .bss           0x00000000000322e8        0x8 obj_cooja/mtype756.a(button-sensor.o)
 .bss           0x00000000000322f0        0x0 obj_cooja/mtype756.a(leds-arch.o)
 .bss           0x00000000000322f0        0x0 obj_cooja/mtype756.a(moteid.o)
 .bss           0x00000000000322f0        0x1 obj_cooja/mtype756.a(pir-sensor.o)
                0x00000000000322f0                simPirValue
 *fill*         0x00000000000322f1        0x3 
 .bss           0x00000000000322f4        0x4 obj_cooja/mtype756.a(rs232.o)
 .bss           0x00000000000322f8        0x1 obj_cooja/mtype756.a(vib-sensor.o)
                0x00000000000322f8                simVibValue
 .bss           0x00000000000322f9        0x0 obj_cooja/mtype756.a(clock.o)
 *fill*         0x00000000000322f9        0x7 
 .bss           0x0000000000032300      0x420 obj_cooja/mtype756.a(log.o)
 .bss           0x0000000000032720      0xfc0 obj_cooja/mtype756.a(cfs-cooja.o)
                0x0000000000032720                simCFSData
                0x00000000000336c0                simCFSSize
                0x00000000000336c4                simCFSChanged
                0x00000000000336c8                simCFSRead
                0x00000000000336cc                simCFSWritten
 .bss           0x00000000000336e0       0x20 obj_cooja/mtype756.a(cooja-radio.o)
                0x00000000000336e0                simReceiving
                0x00000000000336e1                simReceivingLR
                0x00000000000336e4                simInSize
                0x00000000000336e8                simInSizeLR
                0x00000000000336ec                simOutSize
                0x00000000000336f0                simOutSizeLR
                0x00000000000336f4                LongRangeTransmit
                0x00000000000336f8                LongRangeReceiving
 .bss           0x0000000000033700        0xc obj_cooja/mtype756.a(eeprom.o)
                0x0000000000033700                simEEPROMChanged
                0x0000000000033704                simEEPROMRead
                0x0000000000033708                simEEPROMWritten
 .bss           0x000000000003370c        0x0 obj_cooja/mtype756.a(random.o)
 .bss           0x000000000003370c        0xc obj_cooja/mtype756.a(sensors.o)
 .bss           0x0000000000033718       0x28 obj_cooja/mtype756.a(dual_conf.o)
                0x0000000000033718                long_range_radio
 .bss           0x0000000000033740        0x0 obj_cooja/mtype756.a(autostart.o)
 .bss           0x0000000000033740        0x5 obj_cooja/mtype756.a(ctimer.o)
 *fill*         0x0000000000033745        0x3 
 .bss           0x0000000000033748        0x8 obj_cooja/mtype756.a(etimer.o)
 *fill*         0x0000000000033750       0x10 
 .bss           0x0000000000033760      0x1b1 obj_cooja/mtype756.a(process.o)
                0x0000000000033760                process_list
                0x0000000000033764                process_current
 *fill*         0x0000000000033911        0x3 
 .bss           0x0000000000033914        0x4 obj_cooja/mtype756.a(rtimer.o)
 .bss           0x0000000000033918        0x0 obj_cooja/mtype756.a(timer.o)
 *fill*         0x0000000000033918        0x8 
 .bss           0x0000000000033920      0x140 obj_cooja/mtype756.a(serial-line.o)
 .bss           0x0000000000033a60        0x0 obj_cooja/mtype756.a(list.o)
 .bss           0x0000000000033a60        0x0 obj_cooja/mtype756.a(ringbuf.o)
 .bss           0x0000000000033a60      0x6f0 obj_cooja/mtype756.a(sicslowpan.o)
 *fill*         0x0000000000034150       0x10 
 .bss           0x0000000000034160       0xf0 obj_cooja/mtype756.a(uip-ds6-nbr.o)
 .bss           0x0000000000034250       0x30 obj_cooja/mtype756.a(uip-ds6.o)
 .bss           0x0000000000034280        0xe obj_cooja/mtype756.a(uip6.o)
                0x0000000000034280                uip_ext_bitmap
                0x0000000000034281                uip_ext_len
                0x0000000000034282                uip_ext_opt_offset
 *fill*         0x000000000003428e       0x12 
 .bss           0x00000000000342a0       0x6a obj_cooja/mtype756.a(tcpip.o)
 .bss           0x000000000003430a        0x0 obj_cooja/mtype756.a(uip-debug.o)
 *fill*         0x000000000003430a       0x16 
 .bss           0x0000000000034320      0xcf8 obj_cooja/mtype756.a(uip-packetqueue)
 *fill*         0x0000000000035018        0x8 
 .bss           0x0000000000035020       0xa0 obj_cooja/mtype756.a(rpl-dag.o)
 .bss           0x00000000000350c0        0x0 obj_cooja/mtype756.a(rpl-ext-header.)
 .bss           0x00000000000350c0        0x0 obj_cooja/mtype756.a(rpl-icmp6.o)
 .bss           0x00000000000350c0        0x0 obj_cooja/mtype756.a(rpl-mrhof.o)
 .bss           0x00000000000350c0       0x23 obj_cooja/mtype756.a(rpl-timers.o)
 *fill*         0x00000000000350e3        0x1 
 .bss           0x00000000000350e4        0x4 obj_cooja/mtype756.a(rpl.o)
 .bss           0x00000000000350e8        0x0 obj_cooja/mtype756.a(linkaddr.o)
 *fill*         0x00000000000350e8       0x18 
 .bss           0x0000000000035100       0xdc obj_cooja/mtype756.a(nbr-table.o)
 .bss           0x00000000000351dc        0x0 obj_cooja/mtype756.a(netstack.o)
 *fill*         0x00000000000351dc        0x4 
 .bss           0x00000000000351e0       0xa0 obj_cooja/mtype756.a(packetbuf.o)
 .bss           0x0000000000035280      0xb80 obj_cooja/mtype756.a(queuebuf.o)
 .bss           0x0000000000035e00      0x248 obj_cooja/mtype756.a(csma.o)
 .bss           0x0000000000036048        0x2 obj_cooja/mtype756.a(framer-802154.o)
 .bss           0x000000000003604a        0x0 obj_cooja/mtype756.a(mac.o)
 .bss           0x000000000003604a        0x0 obj_cooja/mtype756.a(nullrdc.o)
 .bss           0x000000000003604a        0x0 obj_cooja/mtype756.a(nullsec.o)
 .bss           0x000000000003604a        0x0 obj_cooja/mtype756.a(watchdog.o)
 .bss           0x000000000003604a        0x0 obj_cooja/mtype756.a(rimestats.o)
 .bss           0x000000000003604a        0x0 obj_cooja/mtype756.a(stimer.o)
 .bss           0x000000000003604a        0x0 obj_cooja/mtype756.a(memb.o)
 *fill*         0x000000000003604a       0x16 
 .bss           0x0000000000036060      0x2a8 obj_cooja/mtype756.a(uip-ds6-route.o)
 .bss           0x0000000000036308       0x18 obj_cooja/mtype756.a(uip-icmp6.o)
 .bss           0x0000000000036320        0x0 obj_cooja/mtype756.a(uip-nd6.o)
 .bss           0x0000000000036320       0x44 obj_cooja/mtype756.a(rpl-nbr-policy.)
 .bss           0x0000000000036364        0x0 obj_cooja/mtype756.a(frame802154.o)
 *fill*         0x0000000000036364       0x1c 
 .bss           0x0000000000036380       0x90 obj_cooja/mtype756.a(mac-sequence.o)
 .bss           0x0000000000036410        0x0 /usr/lib/gcc/i686-linux-gnu/4.8/crtendS.o
 .bss           0x0000000000036410        0x0 /usr/lib/gcc/i686-linux-gnu/4.8/../../../i386-linux-gnu/crtn.o
 *(COMMON)
 COMMON         0x0000000000036410        0x8 obj_cooja/mtype756.o
                0x0000000000036410                referenceVar
                0x0000000000036414                sensors_flags
 COMMON         0x0000000000036418        0xc obj_cooja/mtype756.a(simEnvChange.o)
                0x0000000000036418                simEtimerPending
                0x000000000003641c                simProcessRunValue
                0x0000000000036420                simNextExpirationTime
 COMMON         0x0000000000036424        0x1 obj_cooja/mtype756.a(beep.o)
                0x0000000000036424                simBeeped
 COMMON         0x0000000000036425        0x3 obj_cooja/mtype756.a(button-sensor.o)
                0x0000000000036425                simButtonIsActive
                0x0000000000036426                simButtonIsDown
                0x0000000000036427                simButtonChanged
 COMMON         0x0000000000036428        0x1 obj_cooja/mtype756.a(leds-arch.o)
                0x0000000000036428                simLedsValue
 *fill*         0x0000000000036429        0x3 
 COMMON         0x000000000003642c        0xc obj_cooja/mtype756.a(moteid.o)
                0x000000000003642c                simRandomSeed
                0x0000000000036430                simMoteIDChanged
                0x0000000000036434                simMoteID
 COMMON         0x0000000000036438        0x2 obj_cooja/mtype756.a(pir-sensor.o)
                0x0000000000036438                simPirIsActive
                0x0000000000036439                simPirChanged
 *fill*         0x000000000003643a        0x6 
 COMMON         0x0000000000036440      0x820 obj_cooja/mtype756.a(rs232.o)
                0x0000000000036440                simSerialReceivingFlag
                0x0000000000036444                simSerialReceivingLength
                0x0000000000036460                simSerialReceivingData
 COMMON         0x0000000000036c60        0x2 obj_cooja/mtype756.a(vib-sensor.o)
                0x0000000000036c60                simVibChanged
                0x0000000000036c61                simVibIsActive
 *fill*         0x0000000000036c62        0x2 
 COMMON         0x0000000000036c64        0x4 obj_cooja/mtype756.a(clock.o)
                0x0000000000036c64                simCurrentTime
 *fill*         0x0000000000036c68       0x18 
 COMMON         0x0000000000036c80      0x420 obj_cooja/mtype756.a(log.o)
                0x0000000000036c80                simLoggedLength
                0x0000000000036c84                simLoggedFlag
                0x0000000000036ca0                simLoggedData
 COMMON         0x00000000000370a0      0x200 obj_cooja/mtype756.a(cooja-radio.o)
                0x00000000000370a0                simOutDataBuffer
                0x0000000000037120                simInDataBufferLR
                0x00000000000371a0                simOutDataBufferLR
                0x0000000000037220                simInDataBuffer
 COMMON         0x00000000000372a0      0x400 obj_cooja/mtype756.a(eeprom.o)
                0x00000000000372a0                simEEPROMData
 COMMON         0x00000000000376a0        0x1 obj_cooja/mtype756.a(sensors.o)
                0x00000000000376a0                sensors_event
 COMMON         0x00000000000376a1        0x1 obj_cooja/mtype756.a(serial-line.o)
                0x00000000000376a1                serial_line_event_message
 *fill*         0x00000000000376a2       0x1e 
 COMMON         0x00000000000376c0      0x298 obj_cooja/mtype756.a(uip-ds6.o)
                0x00000000000376c0                uip_ds6_prefix_list
                0x0000000000037720                uip_ds6_timer_periodic
                0x0000000000037730                uip_ds6_netif_addr_list_offset
                0x0000000000037740                uip_ds6_if
                0x0000000000037838                uip_ds6_timer_ra
                0x0000000000037840                uip_ds6_addr_size
                0x0000000000037860                long_uip_ds6_if
 *fill*         0x0000000000037958        0x8 
 COMMON         0x0000000000037960      0x8ec obj_cooja/mtype756.a(uip6.o)
                0x0000000000037960                uip_slen
                0x0000000000037962                uip_acc32
                0x0000000000037980                uip_conns
                0x0000000000037a40                uip_lladdr
                0x0000000000037a48                uip_appdata
                0x0000000000037a4c                uip_flags
                0x0000000000037a60                uip_aligned_buf
                0x00000000000380a0                uip_listenports
                0x00000000000380b0                uip_len
                0x00000000000380b2                uip_long_lladdr
                0x00000000000380bc                uip_sappdata
                0x00000000000380c0                uip_udp_conns
                0x0000000000038240                uip_udp_conn
                0x0000000000038244                uip_next_hdr
                0x0000000000038248                uip_conn
 COMMON         0x000000000003824c        0x1 obj_cooja/mtype756.a(tcpip.o)
                0x000000000003824c                tcpip_event
 *fill*         0x000000000003824d       0x13 
 COMMON         0x0000000000038260      0x170 obj_cooja/mtype756.a(rpl-dag.o)
                0x0000000000038260                default_instance
                0x0000000000038280                instance_table
 COMMON         0x00000000000383d0       0x10 obj_cooja/mtype756.a(linkaddr.o)
                0x00000000000383d0                linkaddr_node_addr
                0x00000000000383d8                long_linkaddr_node_addr
 COMMON         0x00000000000383e0       0x2e obj_cooja/mtype756.a(packetbuf.o)
                0x00000000000383e0                packetbuf_attrs
                0x00000000000383fe                packetbuf_addrs
 *fill*         0x000000000003840e       0x12 
 COMMON         0x0000000000038420       0x48 obj_cooja/mtype756.a(rimestats.o)
                0x0000000000038420                rimestats
                0x0000000000038468                . = ALIGN ((. != 0x0)?0x4:0x1)
                0x0000000000038468                . = ALIGN (0x4)
                0x0000000000038468                . = SEGMENT_START ("ldata-segment", .)
                0x0000000000038468                . = ALIGN (0x4)
                0x0000000000038468                _end = .
                0x0000000000038468                PROVIDE (end, .)
                0x0000000000038468                . = DATA_SEGMENT_END (.)

.stab
 *(.stab)

.stabstr
 *(.stabstr)

.stab.excl
 *(.stab.excl)

.stab.exclstr
 *(.stab.exclstr)

.stab.index
 *(.stab.index)

.stab.indexstr
 *(.stab.indexstr)

.comment        0x0000000000000000       0x54
 *(.comment)
 .comment       0x0000000000000000       0x2b /usr/lib/gcc/i686-linux-gnu/4.8/crtbeginS.o
                                         0x2c (size before relaxing)
 .comment       0x0000000000000000       0x2c udp-server.co
 .comment       0x0000000000000000       0x2c obj_cooja/mtype756.o
 .comment       0x000000000000002b       0x29 obj_cooja/mtype756.a(simEnvChange.o)
                                         0x2a (size before relaxing)
 .comment       0x0000000000000000       0x2a obj_cooja/mtype756.a(cooja_mt.o)
 .comment       0x0000000000000000       0x2a obj_cooja/mtype756.a(cooja_mtarch.o)
 .comment       0x0000000000000000       0x2a obj_cooja/mtype756.a(rtimer-arch.o)
 .comment       0x0000000000000000       0x2a obj_cooja/mtype756.a(beep.o)
 .comment       0x0000000000000000       0x2a obj_cooja/mtype756.a(button-sensor.o)
 .comment       0x0000000000000000       0x2a obj_cooja/mtype756.a(leds-arch.o)
 .comment       0x0000000000000000       0x2a obj_cooja/mtype756.a(moteid.o)
 .comment       0x0000000000000000       0x2a obj_cooja/mtype756.a(pir-sensor.o)
 .comment       0x0000000000000000       0x2a obj_cooja/mtype756.a(rs232.o)
 .comment       0x0000000000000000       0x2a obj_cooja/mtype756.a(vib-sensor.o)
 .comment       0x0000000000000000       0x2a obj_cooja/mtype756.a(clock.o)
 .comment       0x0000000000000000       0x2a obj_cooja/mtype756.a(log.o)
 .comment       0x0000000000000000       0x2a obj_cooja/mtype756.a(cfs-cooja.o)
 .comment       0x0000000000000000       0x2a obj_cooja/mtype756.a(cooja-radio.o)
 .comment       0x0000000000000000       0x2a obj_cooja/mtype756.a(eeprom.o)
 .comment       0x0000000000000000       0x2a obj_cooja/mtype756.a(random.o)
 .comment       0x0000000000000000       0x2a obj_cooja/mtype756.a(sensors.o)
 .comment       0x0000000000000000       0x2c obj_cooja/mtype756.a(dual_conf.o)
 .comment       0x0000000000000000       0x2a obj_cooja/mtype756.a(autostart.o)
 .comment       0x0000000000000000       0x2a obj_cooja/mtype756.a(ctimer.o)
 .comment       0x0000000000000000       0x2a obj_cooja/mtype756.a(etimer.o)
 .comment       0x0000000000000000       0x2a obj_cooja/mtype756.a(process.o)
 .comment       0x0000000000000000       0x2a obj_cooja/mtype756.a(rtimer.o)
 .comment       0x0000000000000000       0x2a obj_cooja/mtype756.a(timer.o)
 .comment       0x0000000000000000       0x2a obj_cooja/mtype756.a(serial-line.o)
 .comment       0x0000000000000000       0x2a obj_cooja/mtype756.a(list.o)
 .comment       0x0000000000000000       0x2a obj_cooja/mtype756.a(ringbuf.o)
 .comment       0x0000000000000000       0x2a obj_cooja/mtype756.a(sicslowpan.o)
 .comment       0x0000000000000000       0x2a obj_cooja/mtype756.a(uip-ds6-nbr.o)
 .comment       0x0000000000000000       0x2c obj_cooja/mtype756.a(uip-ds6.o)
 .comment       0x0000000000000000       0x2a obj_cooja/mtype756.a(uip6.o)
 .comment       0x0000000000000000       0x2c obj_cooja/mtype756.a(tcpip.o)
 .comment       0x0000000000000000       0x2a obj_cooja/mtype756.a(uip-debug.o)
 .comment       0x0000000000000000       0x2a obj_cooja/mtype756.a(uip-packetqueue)
 .comment       0x0000000000000000       0x2a obj_cooja/mtype756.a(rpl-dag.o)
 .comment       0x0000000000000000       0x2a obj_cooja/mtype756.a(rpl-ext-header.)
 .comment       0x0000000000000000       0x2a obj_cooja/mtype756.a(rpl-icmp6.o)
 .comment       0x0000000000000000       0x2a obj_cooja/mtype756.a(rpl-mrhof.o)
 .comment       0x0000000000000000       0x2a obj_cooja/mtype756.a(rpl-timers.o)
 .comment       0x0000000000000000       0x2a obj_cooja/mtype756.a(rpl.o)
 .comment       0x0000000000000000       0x2c obj_cooja/mtype756.a(linkaddr.o)
 .comment       0x0000000000000000       0x2a obj_cooja/mtype756.a(nbr-table.o)
 .comment       0x0000000000000000       0x2a obj_cooja/mtype756.a(netstack.o)
 .comment       0x0000000000000000       0x2a obj_cooja/mtype756.a(packetbuf.o)
 .comment       0x0000000000000000       0x2a obj_cooja/mtype756.a(queuebuf.o)
 .comment       0x0000000000000000       0x2a obj_cooja/mtype756.a(csma.o)
 .comment       0x0000000000000000       0x2a obj_cooja/mtype756.a(framer-802154.o)
 .comment       0x0000000000000000       0x2a obj_cooja/mtype756.a(mac.o)
 .comment       0x0000000000000000       0x2a obj_cooja/mtype756.a(nullrdc.o)
 .comment       0x0000000000000000       0x2a obj_cooja/mtype756.a(nullsec.o)
 .comment       0x0000000000000000       0x2a obj_cooja/mtype756.a(watchdog.o)
 .comment       0x0000000000000000       0x2a obj_cooja/mtype756.a(rimestats.o)
 .comment       0x0000000000000000       0x2a obj_cooja/mtype756.a(stimer.o)
 .comment       0x0000000000000000       0x2a obj_cooja/mtype756.a(memb.o)
 .comment       0x0000000000000000       0x2a obj_cooja/mtype756.a(uip-ds6-route.o)
 .comment       0x0000000000000000       0x2a obj_cooja/mtype756.a(uip-icmp6.o)
 .comment       0x0000000000000000       0x2a obj_cooja/mtype756.a(uip-nd6.o)
 .comment       0x0000000000000000       0x2a obj_cooja/mtype756.a(rpl-nbr-policy.)
 .comment       0x0000000000000000       0x2a obj_cooja/mtype756.a(frame802154.o)
 .comment       0x0000000000000000       0x2a obj_cooja/mtype756.a(mac-sequence.o)
 .comment       0x0000000000000000       0x2c /usr/lib/gcc/i686-linux-gnu/4.8/crtendS.o

.debug
 *(.debug)

.line
 *(.line)

.debug_srcinfo
 *(.debug_srcinfo)

.debug_sfnames
 *(.debug_sfnames)

.debug_aranges  0x0000000000000000      0x7d8
 *(.debug_aranges)
 .debug_aranges
                0x0000000000000000       0x20 udp-server.co
 .debug_aranges
                0x0000000000000020       0x20 obj_cooja/mtype756.o
 .debug_aranges
                0x0000000000000040       0x20 obj_cooja/mtype756.a(simEnvChange.o)
 .debug_aranges
                0x0000000000000060       0x20 obj_cooja/mtype756.a(cooja_mt.o)
 .debug_aranges
                0x0000000000000080       0x20 obj_cooja/mtype756.a(cooja_mtarch.o)
 .debug_aranges
                0x00000000000000a0       0x20 obj_cooja/mtype756.a(rtimer-arch.o)
 .debug_aranges
                0x00000000000000c0       0x20 obj_cooja/mtype756.a(beep.o)
 .debug_aranges
                0x00000000000000e0       0x20 obj_cooja/mtype756.a(button-sensor.o)
 .debug_aranges
                0x0000000000000100       0x20 obj_cooja/mtype756.a(leds-arch.o)
 .debug_aranges
                0x0000000000000120       0x20 obj_cooja/mtype756.a(moteid.o)
 .debug_aranges
                0x0000000000000140       0x20 obj_cooja/mtype756.a(pir-sensor.o)
 .debug_aranges
                0x0000000000000160       0x20 obj_cooja/mtype756.a(rs232.o)
 .debug_aranges
                0x0000000000000180       0x20 obj_cooja/mtype756.a(vib-sensor.o)
 .debug_aranges
                0x00000000000001a0       0x20 obj_cooja/mtype756.a(clock.o)
 .debug_aranges
                0x00000000000001c0       0x20 obj_cooja/mtype756.a(log.o)
 .debug_aranges
                0x00000000000001e0       0x20 obj_cooja/mtype756.a(cfs-cooja.o)
 .debug_aranges
                0x0000000000000200       0x20 obj_cooja/mtype756.a(cooja-radio.o)
 .debug_aranges
                0x0000000000000220       0x20 obj_cooja/mtype756.a(eeprom.o)
 .debug_aranges
                0x0000000000000240       0x20 obj_cooja/mtype756.a(random.o)
 .debug_aranges
                0x0000000000000260       0x20 obj_cooja/mtype756.a(sensors.o)
 .debug_aranges
                0x0000000000000280       0x20 obj_cooja/mtype756.a(dual_conf.o)
 .debug_aranges
                0x00000000000002a0       0x20 obj_cooja/mtype756.a(autostart.o)
 .debug_aranges
                0x00000000000002c0       0x20 obj_cooja/mtype756.a(ctimer.o)
 .debug_aranges
                0x00000000000002e0       0x20 obj_cooja/mtype756.a(etimer.o)
 .debug_aranges
                0x0000000000000300       0x20 obj_cooja/mtype756.a(process.o)
 .debug_aranges
                0x0000000000000320       0x20 obj_cooja/mtype756.a(rtimer.o)
 .debug_aranges
                0x0000000000000340       0x20 obj_cooja/mtype756.a(timer.o)
 .debug_aranges
                0x0000000000000360       0x20 obj_cooja/mtype756.a(serial-line.o)
 .debug_aranges
                0x0000000000000380       0x20 obj_cooja/mtype756.a(list.o)
 .debug_aranges
                0x00000000000003a0       0x20 obj_cooja/mtype756.a(ringbuf.o)
 .debug_aranges
                0x00000000000003c0       0x20 obj_cooja/mtype756.a(sicslowpan.o)
 .debug_aranges
                0x00000000000003e0       0x20 obj_cooja/mtype756.a(uip-ds6-nbr.o)
 .debug_aranges
                0x0000000000000400       0x20 obj_cooja/mtype756.a(uip-ds6.o)
 .debug_aranges
                0x0000000000000420       0x20 obj_cooja/mtype756.a(uip6.o)
 .debug_aranges
                0x0000000000000440       0x20 obj_cooja/mtype756.a(tcpip.o)
 .debug_aranges
                0x0000000000000460       0x20 obj_cooja/mtype756.a(uip-debug.o)
 .debug_aranges
                0x0000000000000480       0x20 obj_cooja/mtype756.a(uip-packetqueue)
 .debug_aranges
                0x00000000000004a0       0x20 obj_cooja/mtype756.a(rpl-dag.o)
 .debug_aranges
                0x00000000000004c0       0x20 obj_cooja/mtype756.a(rpl-ext-header.)
 .debug_aranges
                0x00000000000004e0       0x20 obj_cooja/mtype756.a(rpl-icmp6.o)
 .debug_aranges
                0x0000000000000500       0x20 obj_cooja/mtype756.a(rpl-mrhof.o)
 .debug_aranges
                0x0000000000000520       0x20 obj_cooja/mtype756.a(rpl-timers.o)
 .debug_aranges
                0x0000000000000540       0x20 obj_cooja/mtype756.a(rpl.o)
 .debug_aranges
                0x0000000000000560       0x20 obj_cooja/mtype756.a(linkaddr.o)
 .debug_aranges
                0x0000000000000580       0x20 obj_cooja/mtype756.a(nbr-table.o)
 .debug_aranges
                0x00000000000005a0       0x20 obj_cooja/mtype756.a(netstack.o)
 .debug_aranges
                0x00000000000005c0       0x20 obj_cooja/mtype756.a(packetbuf.o)
 .debug_aranges
                0x00000000000005e0       0x20 obj_cooja/mtype756.a(queuebuf.o)
 .debug_aranges
                0x0000000000000600       0x20 obj_cooja/mtype756.a(csma.o)
 .debug_aranges
                0x0000000000000620       0x20 obj_cooja/mtype756.a(framer-802154.o)
 .debug_aranges
                0x0000000000000640       0x20 obj_cooja/mtype756.a(mac.o)
 .debug_aranges
                0x0000000000000660       0x20 obj_cooja/mtype756.a(nullrdc.o)
 .debug_aranges
                0x0000000000000680       0x20 obj_cooja/mtype756.a(nullsec.o)
 .debug_aranges
                0x00000000000006a0       0x20 obj_cooja/mtype756.a(watchdog.o)
 .debug_aranges
                0x00000000000006c0       0x18 obj_cooja/mtype756.a(rimestats.o)
 .debug_aranges
                0x00000000000006d8       0x20 obj_cooja/mtype756.a(stimer.o)
 .debug_aranges
                0x00000000000006f8       0x20 obj_cooja/mtype756.a(memb.o)
 .debug_aranges
                0x0000000000000718       0x20 obj_cooja/mtype756.a(uip-ds6-route.o)
 .debug_aranges
                0x0000000000000738       0x20 obj_cooja/mtype756.a(uip-icmp6.o)
 .debug_aranges
                0x0000000000000758       0x20 obj_cooja/mtype756.a(uip-nd6.o)
 .debug_aranges
                0x0000000000000778       0x20 obj_cooja/mtype756.a(rpl-nbr-policy.)
 .debug_aranges
                0x0000000000000798       0x20 obj_cooja/mtype756.a(frame802154.o)
 .debug_aranges
                0x00000000000007b8       0x20 obj_cooja/mtype756.a(mac-sequence.o)

.debug_pubnames
 *(.debug_pubnames)

.debug_info     0x0000000000000000    0x1b333
 *(.debug_info .gnu.linkonce.wi.*)
 .debug_info    0x0000000000000000      0xdde udp-server.co
 .debug_info    0x0000000000000dde     0x377e obj_cooja/mtype756.o
 .debug_info    0x000000000000455c      0x15a obj_cooja/mtype756.a(simEnvChange.o)
 .debug_info    0x00000000000046b6      0x1e2 obj_cooja/mtype756.a(cooja_mt.o)
 .debug_info    0x0000000000004898      0x2e7 obj_cooja/mtype756.a(cooja_mtarch.o)
 .debug_info    0x0000000000004b7f      0x16b obj_cooja/mtype756.a(rtimer-arch.o)
 .debug_info    0x0000000000004cea      0x1f3 obj_cooja/mtype756.a(beep.o)
 .debug_info    0x0000000000004edd      0x257 obj_cooja/mtype756.a(button-sensor.o)
 .debug_info    0x0000000000005134      0x132 obj_cooja/mtype756.a(leds-arch.o)
 .debug_info    0x0000000000005266      0x10a obj_cooja/mtype756.a(moteid.o)
 .debug_info    0x0000000000005370      0x216 obj_cooja/mtype756.a(pir-sensor.o)
 .debug_info    0x0000000000005586      0x21e obj_cooja/mtype756.a(rs232.o)
 .debug_info    0x00000000000057a4      0x216 obj_cooja/mtype756.a(vib-sensor.o)
 .debug_info    0x00000000000059ba      0x152 obj_cooja/mtype756.a(clock.o)
 .debug_info    0x0000000000005b0c      0x2bb obj_cooja/mtype756.a(log.o)
 .debug_info    0x0000000000005dc7      0x3cf obj_cooja/mtype756.a(cfs-cooja.o)
 .debug_info    0x0000000000006196      0xc5e obj_cooja/mtype756.a(cooja-radio.o)
 .debug_info    0x0000000000006df4      0x1d5 obj_cooja/mtype756.a(eeprom.o)
 .debug_info    0x0000000000006fc9       0xb3 obj_cooja/mtype756.a(random.o)
 .debug_info    0x000000000000707c      0x36d obj_cooja/mtype756.a(sensors.o)
 .debug_info    0x00000000000073e9      0x99d obj_cooja/mtype756.a(dual_conf.o)
 .debug_info    0x0000000000007d86      0x1a5 obj_cooja/mtype756.a(autostart.o)
 .debug_info    0x0000000000007f2b      0x46c obj_cooja/mtype756.a(ctimer.o)
 .debug_info    0x0000000000008397      0x49c obj_cooja/mtype756.a(etimer.o)
 .debug_info    0x0000000000008833      0x4ba obj_cooja/mtype756.a(process.o)
 .debug_info    0x0000000000008ced      0x1ab obj_cooja/mtype756.a(rtimer.o)
 .debug_info    0x0000000000008e98      0x16c obj_cooja/mtype756.a(timer.o)
 .debug_info    0x0000000000009004      0x2de obj_cooja/mtype756.a(serial-line.o)
 .debug_info    0x00000000000092e2      0x2ed obj_cooja/mtype756.a(list.o)
 .debug_info    0x00000000000095cf      0x1aa obj_cooja/mtype756.a(ringbuf.o)
 .debug_info    0x0000000000009779      0xcba obj_cooja/mtype756.a(sicslowpan.o)
 .debug_info    0x000000000000a433      0x853 obj_cooja/mtype756.a(uip-ds6-nbr.o)
 .debug_info    0x000000000000ac86      0xc18 obj_cooja/mtype756.a(uip-ds6.o)
 .debug_info    0x000000000000b89e      0xeaf obj_cooja/mtype756.a(uip6.o)
 .debug_info    0x000000000000c74d     0x1437 obj_cooja/mtype756.a(tcpip.o)
 .debug_info    0x000000000000db84      0x1b5 obj_cooja/mtype756.a(uip-debug.o)
 .debug_info    0x000000000000dd39      0x470 obj_cooja/mtype756.a(uip-packetqueue)
 .debug_info    0x000000000000e1a9     0x1903 obj_cooja/mtype756.a(rpl-dag.o)
 .debug_info    0x000000000000faac      0xe2b obj_cooja/mtype756.a(rpl-ext-header.)
 .debug_info    0x00000000000108d7     0x1695 obj_cooja/mtype756.a(rpl-icmp6.o)
 .debug_info    0x0000000000011f6c      0xabe obj_cooja/mtype756.a(rpl-mrhof.o)
 .debug_info    0x0000000000012a2a      0xbeb obj_cooja/mtype756.a(rpl-timers.o)
 .debug_info    0x0000000000013615      0xcde obj_cooja/mtype756.a(rpl.o)
 .debug_info    0x00000000000142f3      0x198 obj_cooja/mtype756.a(linkaddr.o)
 .debug_info    0x000000000001448b      0x8d7 obj_cooja/mtype756.a(nbr-table.o)
 .debug_info    0x0000000000014d62      0x4b9 obj_cooja/mtype756.a(netstack.o)
 .debug_info    0x000000000001521b      0x478 obj_cooja/mtype756.a(packetbuf.o)
 .debug_info    0x0000000000015693      0x57d obj_cooja/mtype756.a(queuebuf.o)
 .debug_info    0x0000000000015c10      0xbff obj_cooja/mtype756.a(csma.o)
 .debug_info    0x000000000001680f      0x5ed obj_cooja/mtype756.a(framer-802154.o)
 .debug_info    0x0000000000016dfc      0x112 obj_cooja/mtype756.a(mac.o)
 .debug_info    0x0000000000016f0e      0xc96 obj_cooja/mtype756.a(nullrdc.o)
 .debug_info    0x0000000000017ba4      0x3aa obj_cooja/mtype756.a(nullsec.o)
 .debug_info    0x0000000000017f4e       0x7b obj_cooja/mtype756.a(watchdog.o)
 .debug_info    0x0000000000017fc9      0x119 obj_cooja/mtype756.a(rimestats.o)
 .debug_info    0x00000000000180e2      0x179 obj_cooja/mtype756.a(stimer.o)
 .debug_info    0x000000000001825b      0x1d7 obj_cooja/mtype756.a(memb.o)
 .debug_info    0x0000000000018432      0xd60 obj_cooja/mtype756.a(uip-ds6-route.o)
 .debug_info    0x0000000000019192      0x783 obj_cooja/mtype756.a(uip-icmp6.o)
 .debug_info    0x0000000000019915      0x331 obj_cooja/mtype756.a(uip-nd6.o)
 .debug_info    0x0000000000019c46      0xda2 obj_cooja/mtype756.a(rpl-nbr-policy.)
 .debug_info    0x000000000001a9e8      0x6b4 obj_cooja/mtype756.a(frame802154.o)
 .debug_info    0x000000000001b09c      0x297 obj_cooja/mtype756.a(mac-sequence.o)

.debug_abbrev   0x0000000000000000     0x6604
 *(.debug_abbrev)
 .debug_abbrev  0x0000000000000000      0x227 udp-server.co
 .debug_abbrev  0x0000000000000227      0x2c4 obj_cooja/mtype756.o
 .debug_abbrev  0x00000000000004eb       0xc3 obj_cooja/mtype756.a(simEnvChange.o)
 .debug_abbrev  0x00000000000005ae       0xe6 obj_cooja/mtype756.a(cooja_mt.o)
 .debug_abbrev  0x0000000000000694      0x147 obj_cooja/mtype756.a(cooja_mtarch.o)
 .debug_abbrev  0x00000000000007db       0xcc obj_cooja/mtype756.a(rtimer-arch.o)
 .debug_abbrev  0x00000000000008a7       0xe3 obj_cooja/mtype756.a(beep.o)
 .debug_abbrev  0x000000000000098a      0x11c obj_cooja/mtype756.a(button-sensor.o)
 .debug_abbrev  0x0000000000000aa6       0xe1 obj_cooja/mtype756.a(leds-arch.o)
 .debug_abbrev  0x0000000000000b87       0x9c obj_cooja/mtype756.a(moteid.o)
 .debug_abbrev  0x0000000000000c23       0xe6 obj_cooja/mtype756.a(pir-sensor.o)
 .debug_abbrev  0x0000000000000d09      0x14a obj_cooja/mtype756.a(rs232.o)
 .debug_abbrev  0x0000000000000e53       0xe6 obj_cooja/mtype756.a(vib-sensor.o)
 .debug_abbrev  0x0000000000000f39       0xee obj_cooja/mtype756.a(clock.o)
 .debug_abbrev  0x0000000000001027      0x141 obj_cooja/mtype756.a(log.o)
 .debug_abbrev  0x0000000000001168      0x139 obj_cooja/mtype756.a(cfs-cooja.o)
 .debug_abbrev  0x00000000000012a1      0x2f2 obj_cooja/mtype756.a(cooja-radio.o)
 .debug_abbrev  0x0000000000001593       0xf5 obj_cooja/mtype756.a(eeprom.o)