Archive member included to satisfy reference by file (symbol)

obj_cooja/mtype824.a(simEnvChange.o)
                              obj_cooja/mtype824.o (simDontFallAsleep)
obj_cooja/mtype824.a(cooja_mt.o)
                              obj_cooja/mtype824.o (cooja_mt_start)
obj_cooja/mtype824.a(cooja_mtarch.o)
                              obj_cooja/mtype824.a(cooja_mt.o) (cooja_mtarch_init)
obj_cooja/mtype824.a(rtimer-arch.o)
                              obj_cooja/mtype824.o (rtimer_arch_next)
obj_cooja/mtype824.a(beep.o)  obj_cooja/mtype824.o (beep_interface)
obj_cooja/mtype824.a(button-sensor.o)
                              obj_cooja/mtype824.o (button_interface)
obj_cooja/mtype824.a(leds-arch.o)
                              obj_cooja/mtype824.o (leds_interface)
obj_cooja/mtype824.a(moteid.o)
                              obj_cooja/mtype824.o (moteid_interface)
obj_cooja/mtype824.a(pir-sensor.o)
                              obj_cooja/mtype824.o (pir_interface)
obj_cooja/mtype824.a(rs232.o)
                              obj_cooja/mtype824.o (rs232_interface)
obj_cooja/mtype824.a(vib-sensor.o)
                              obj_cooja/mtype824.o (vib_interface)
obj_cooja/mtype824.a(clock.o)
                              obj_cooja/mtype824.o (clock_interface)
obj_cooja/mtype824.a(log.o)   obj_cooja/mtype824.o (simlog_interface)
obj_cooja/mtype824.a(cfs-cooja.o)
                              obj_cooja/mtype824.o (cfs_interface)
obj_cooja/mtype824.a(cooja-radio.o)
                              obj_cooja/mtype824.o (radio_interface)
obj_cooja/mtype824.a(eeprom.o)
                              obj_cooja/mtype824.o (eeprom_interface)
obj_cooja/mtype824.a(random.o)
                              obj_cooja/mtype824.a(moteid.o) (random_init)
obj_cooja/mtype824.a(sensors.o)
                              obj_cooja/mtype824.o (sensors_process)
obj_cooja/mtype824.a(dual_conf.o)
                              obj_cooja/mtype824.a(cooja-radio.o) (long_range_radio)
obj_cooja/mtype824.a(autostart.o)
                              obj_cooja/mtype824.o (autostart_start)
obj_cooja/mtype824.a(ctimer.o)
                              obj_cooja/mtype824.o (ctimer_init)
obj_cooja/mtype824.a(etimer.o)
                              obj_cooja/mtype824.o (etimer_process)
obj_cooja/mtype824.a(process.o)
                              udp-client.co (process_current)
obj_cooja/mtype824.a(rtimer.o)
                              obj_cooja/mtype824.a(rtimer-arch.o) (rtimer_run_next)
obj_cooja/mtype824.a(stimer.o)
                              udp-client.co (stimer_remaining)
obj_cooja/mtype824.a(timer.o)
                              obj_cooja/mtype824.a(button-sensor.o) (timer_set)
obj_cooja/mtype824.a(serial-line.o)
                              udp-client.co (serial_line_event_message)
obj_cooja/mtype824.a(list.o)  obj_cooja/mtype824.a(ctimer.o) (list_init)
obj_cooja/mtype824.a(ringbuf.o)
                              obj_cooja/mtype824.a(serial-line.o) (ringbuf_init)
obj_cooja/mtype824.a(sicslowpan.o)
                              obj_cooja/mtype824.o (sicslowpan_driver)
obj_cooja/mtype824.a(uip-ds6-nbr.o)
                              obj_cooja/mtype824.a(sicslowpan.o) (uip_ds6_link_neighbor_callback)
obj_cooja/mtype824.a(uip-ds6-route.o)
                              udp-client.co (uip_ds6_route_head)
obj_cooja/mtype824.a(uip-ds6.o)
                              udp-client.co (uip_ds6_if)
obj_cooja/mtype824.a(uip6.o)  udp-client.co (uip_lladdr)
obj_cooja/mtype824.a(tcpip.o)
                              udp-client.co (tcpip_event)
obj_cooja/mtype824.a(uip-debug.o)
                              udp-client.co (uip_debug_ipaddr_print)
obj_cooja/mtype824.a(uip-packetqueue)
                              obj_cooja/mtype824.a(uip-ds6-nbr.o) (uip_packetqueue_new)
obj_cooja/mtype824.a(uip-udp-packet.)
                              udp-client.co (uip_udp_packet_sendto)
obj_cooja/mtype824.a(rpl-dag.o)
                              obj_cooja/mtype824.a(tcpip.o) (rpl_repair_root)
obj_cooja/mtype824.a(rpl-ext-header.)
                              obj_cooja/mtype824.a(uip6.o) (rpl_verify_header)
obj_cooja/mtype824.a(rpl-icmp6.o)
                              obj_cooja/mtype824.a(rpl-dag.o) (rpl_icmp6_update_nbr_table)
obj_cooja/mtype824.a(rpl-mrhof.o)
                              obj_cooja/mtype824.a(rpl-dag.o) (rpl_mrhof)
obj_cooja/mtype824.a(rpl-timers.o)
                              obj_cooja/mtype824.a(rpl-dag.o) (rpl_reset_dio_timer)
obj_cooja/mtype824.a(rpl.o)   obj_cooja/mtype824.a(rpl-icmp6.o) (rpl_get_mode)
obj_cooja/mtype824.a(linkaddr.o)
                              obj_cooja/mtype824.o (linkaddr_node_addr)
obj_cooja/mtype824.a(nbr-table.o)
                              obj_cooja/mtype824.a(uip-ds6-nbr.o) (nbr_table_register)
obj_cooja/mtype824.a(netstack.o)
                              obj_cooja/mtype824.o (netstack_init)
obj_cooja/mtype824.a(packetbuf.o)
[...]
Memory Configuration

Name             Origin             Length             Attributes
*default*        0x0000000000000000 0xffffffffffffffff

Linker script and memory map

LOAD /usr/lib/gcc/i686-linux-gnu/4.8/../../../i386-linux-gnu/crti.o
LOAD /usr/lib/gcc/i686-linux-gnu/4.8/crtbeginS.o
LOAD udp-client.co
LOAD obj_cooja/mtype824.o
LOAD obj_cooja/mtype824.a
LOAD /usr/lib/gcc/i686-linux-gnu/4.8/libgcc.a
LOAD /usr/lib/gcc/i686-linux-gnu/4.8/libgcc_s.so
LOAD /usr/lib/gcc/i686-linux-gnu/4.8/../../../i386-linux-gnu/libc.so
START GROUP
LOAD /lib/i386-linux-gnu/libc.so.6
LOAD /usr/lib/i386-linux-gnu/libc_nonshared.a
LOAD /lib/i386-linux-gnu/ld-linux.so.2
END GROUP
LOAD /usr/lib/gcc/i686-linux-gnu/4.8/libgcc.a
LOAD /usr/lib/gcc/i686-linux-gnu/4.8/libgcc_s.so
LOAD /usr/lib/gcc/i686-linux-gnu/4.8/crtendS.o
LOAD /usr/lib/gcc/i686-linux-gnu/4.8/../../../i386-linux-gnu/crtn.o
                0x0000000000000114                . = (0x0 + SIZEOF_HEADERS)

.note.gnu.build-id
                0x0000000000000114       0x24
 *(.note.gnu.build-id)
 .note.gnu.build-id
                0x0000000000000114       0x24 /usr/lib/gcc/i686-linux-gnu/4.8/../../../i386-linux-gnu/crti.o

.hash
 *(.hash)

.gnu.hash       0x0000000000000138     0x1280
 *(.gnu.hash)
 .gnu.hash      0x0000000000000138     0x1280 /usr/lib/gcc/i686-linux-gnu/4.8/../../../i386-linux-gnu/crti.o

.dynsym         0x00000000000013b8     0x2240
 *(.dynsym)
 .dynsym        0x00000000000013b8     0x2240 /usr/lib/gcc/i686-linux-gnu/4.8/../../../i386-linux-gnu/crti.o

.dynstr         0x00000000000035f8     0x2387
 *(.dynstr)
 .dynstr        0x00000000000035f8     0x2387 /usr/lib/gcc/i686-linux-gnu/4.8/../../../i386-linux-gnu/crti.o

.gnu.version    0x0000000000005980      0x448
 *(.gnu.version)
 .gnu.version   0x0000000000005980      0x448 /usr/lib/gcc/i686-linux-gnu/4.8/../../../i386-linux-gnu/crti.o

.gnu.version_d  0x0000000000005dc8        0x0
 *(.gnu.version_d)
 .gnu.version_d
                0x0000000000000000        0x0 /usr/lib/gcc/i686-linux-gnu/4.8/../../../i386-linux-gnu/crti.o

.gnu.version_r  0x0000000000005dc8       0x40
 *(.gnu.version_r)
 .gnu.version_r
                0x0000000000005dc8       0x40 /usr/lib/gcc/i686-linux-gnu/4.8/../../../i386-linux-gnu/crti.o

.rel.dyn        0x0000000000005e08     0x9aa8
 *(.rel.init)
 .rel.init      0x0000000000000000        0x0 /usr/lib/gcc/i686-linux-gnu/4.8/../../../i386-linux-gnu/crti.o
 *(.rel.text .rel.text.* .rel.gnu.linkonce.t.*)
 .rel.text      0x0000000000005e08     0x9308 /usr/lib/gcc/i686-linux-gnu/4.8/../../../i386-linux-gnu/crti.o
 *(.rel.fini)
 .rel.fini      0x0000000000000000        0x0 /usr/lib/gcc/i686-linux-gnu/4.8/../../../i386-linux-gnu/crti.o
 *(.rel.rodata .rel.rodata.* .rel.gnu.linkonce.r.*)
 .rel.rodata    0x000000000000f110      0x4e0 /usr/lib/gcc/i686-linux-gnu/4.8/../../../i386-linux-gnu/crti.o
 *(.rel.data.rel.ro .rel.data.rel.ro.* .rel.gnu.linkonce.d.rel.ro.*)
 *(.rel.data .rel.data.* .rel.gnu.linkonce.d.*)
 .rel.data.rel  0x000000000000f5f0        0x8 /usr/lib/gcc/i686-linux-gnu/4.8/../../../i386-linux-gnu/crti.o
 .rel.data      0x000000000000f5f8      0x280 /usr/lib/gcc/i686-linux-gnu/4.8/../../../i386-linux-gnu/crti.o
 *(.rel.tdata .rel.tdata.* .rel.gnu.linkonce.td.*)
 *(.rel.tbss .rel.tbss.* .rel.gnu.linkonce.tb.*)
 *(.rel.ctors)
 *(.rel.dtors)
 *(.rel.got)
 .rel.got       0x000000000000f878       0x28 /usr/lib/gcc/i686-linux-gnu/4.8/../../../i386-linux-gnu/crti.o
 *(.rel.bss .rel.bss.* .rel.gnu.linkonce.b.*)
 *(.rel.ifunc)
 .rel.ifunc     0x0000000000000000        0x0 /usr/lib/gcc/i686-linux-gnu/4.8/../../../i386-linux-gnu/crti.o
 .rel.fini_array
                0x000000000000f8a0        0x8 /usr/lib/gcc/i686-linux-gnu/4.8/../../../i386-linux-gnu/crti.o
 .rel.init_array
                0x000000000000f8a8        0x8 /usr/lib/gcc/i686-linux-gnu/4.8/../../../i386-linux-gnu/crti.o

.rel.plt        0x000000000000f8b0       0x10
 *(.rel.plt)
 .rel.plt       0x000000000000f8b0       0x10 /usr/lib/gcc/i686-linux-gnu/4.8/../../../i386-linux-gnu/crti.o
 *(.rel.iplt)

.init           0x000000000000f8c0       0x23
 *(SORT(.init))
 .init          0x000000000000f8c0       0x1e /usr/lib/gcc/i686-linux-gnu/4.8/../../../i386-linux-gnu/crti.o
                0x000000000000f8c0                _init
 .init          0x000000000000f8de        0x5 /usr/lib/gcc/i686-linux-gnu/4.8/../../../i386-linux-gnu/crtn.o

.plt            0x000000000000f8f0       0x30
 *(.plt)
 .plt           0x000000000000f8f0       0x30 /usr/lib/gcc/i686-linux-gnu/4.8/../../../i386-linux-gnu/crti.o
 *(.iplt)

.text           0x000000000000f920    0x15fa9
 *(.text.unlikely .text.*_unlikely .text.unlikely.*)
 *(.text.exit .text.exit.*)
 *(.text.startup .text.startup.*)
 *(.text.hot .text.hot.*)
 *(.text .stub .text.* .gnu.linkonce.t.*)
 .text          0x000000000000f920        0x0 /usr/lib/gcc/i686-linux-gnu/4.8/../../../i386-linux-gnu/crti.o
 .gnu.linkonce.t.__x86.get_pc_thunk.bx
                0x000000000000f920        0x4 /usr/lib/gcc/i686-linux-gnu/4.8/../../../i386-linux-gnu/crti.o
                0x000000000000f920                __x86.get_pc_thunk.bx
 *fill*         0x000000000000f924        0xc 
 .text          0x000000000000f930      0x11b /usr/lib/gcc/i686-linux-gnu/4.8/crtbeginS.o
 .text          0x000000000000fa4b      0x5a4 udp-client.co
 .text          0x000000000000ffef      0x768 obj_cooja/mtype824.o
                0x0000000000010125                contiki_init
                0x000000000001056e                Java_org_contikios_cooja_corecomm_Lib25_init
                0x00000000000105ae                Java_org_contikios_cooja_corecomm_Lib25_getMemory
                0x00000000000105ee                Java_org_contikios_cooja_corecomm_Lib25_setMemory
                0x0000000000010665                Java_org_contikios_cooja_corecomm_Lib25_tick
                0x0000000000010745                Java_org_contikios_cooja_corecomm_Lib25_setReferenceAddress
 .text          0x0000000000010757       0x63 obj_cooja/mtype824.a(simEnvChange.o)
                0x0000000000010757                doActionsBeforeTick
                0x0000000000010788                doActionsAfterTick
 .text          0x00000000000107ba       0xbc obj_cooja/mtype824.a(cooja_mt.o)
                0x00000000000107ba                cooja_mt_init
                0x00000000000107c7                cooja_mt_remove
                0x00000000000107d4                cooja_mt_start
                0x0000000000010801                cooja_mt_exec
                0x0000000000010832                cooja_mt_exit
                0x0000000000010854                cooja_mt_yield
 .text          0x0000000000010876      0x115 obj_cooja/mtype824.a(cooja_mtarch.o)
                0x0000000000010876                cooja_mtarch_init
                0x000000000001087b                cooja_mtarch_start
                0x00000000000108f6                cooja_sw
                0x0000000000010918                cooja_mtarch_exec
                0x0000000000010934                cooja_mtarch_remove
                0x0000000000010939                cooja_mtarch_yield
                0x0000000000010943                cooja_mtarch_pstop
                0x0000000000010948                cooja_mtarch_pstart
                0x000000000001094d                cooja_mtarch_stack_usage
 .text          0x000000000001098b       0xc2 obj_cooja/mtype824.a(rtimer-arch.o)
                0x000000000001098b                rtimer_arch_init
                0x00000000000109ae                rtimer_arch_schedule
                0x00000000000109c5                rtimer_arch_next
                0x00000000000109cf                rtimer_arch_pending
                0x00000000000109d9                rtimer_arch_check
                0x0000000000010a0b                rtimer_arch_now
 .text          0x0000000000010a4d       0x76 obj_cooja/mtype824.a(beep.o)
                0x0000000000010a4d                beep_alarm
                0x0000000000010a59                beep_beep
                0x0000000000010a65                beep
                0x0000000000010a71                beep_down
                0x0000000000010a7d                beep_on
                0x0000000000010a89                beep_off
                0x0000000000010a95                beep_spinup
                0x0000000000010aa1                beep_quick
                0x0000000000010aad                beep_long
 .text          0x0000000000010ac3      0x103 obj_cooja/mtype824.a(button-sensor.o)
 .text          0x0000000000010bc6       0x45 obj_cooja/mtype824.a(leds-arch.o)
                0x0000000000010bc6                leds_arch_init
                0x0000000000010bd2                leds_arch_get
                0x0000000000010bde                leds_arch_set
 .text          0x0000000000010c0b       0x2f obj_cooja/mtype824.a(moteid.o)
 .text          0x0000000000010c3a       0xb1 obj_cooja/mtype824.a(pir-sensor.o)
 .text          0x0000000000010ceb      0x131 obj_cooja/mtype824.a(rs232.o)
                0x0000000000010ceb                rs232_init
                0x0000000000010cf0                rs232_set_speed
                0x0000000000010cfe                rs232_set_input
                0x0000000000010d0b                rs232_send
                0x0000000000010d2d                rs232_print
                0x0000000000010d48                slip_arch_writeb
 .text          0x0000000000010e1c       0xb1 obj_cooja/mtype824.a(vib-sensor.o)
 .text          0x0000000000010ecd       0x34 obj_cooja/mtype824.a(clock.o)
                0x0000000000010ecd                clock_init
                0x0000000000010ed2                clock_time
                0x0000000000010edc                clock_seconds
                0x0000000000010ef2                clock_delay
 .text          0x0000000000010f01      0x1ed obj_cooja/mtype824.a(log.o)
                0x0000000000010f01                simlog_char
                0x0000000000010f43                simlog
                0x0000000000010fb0                log_message
                0x0000000000010fd8                log_set_putchar_with_slip
                0x0000000000010fe5                log_putchar
                0x0000000000011069                log_puts
                0x000000000001108d                log_printf
 .text          0x00000000000110ee      0x2c4 obj_cooja/mtype824.a(cfs-cooja.o)
                0x00000000000110ee                cfs_open
                0x0000000000011157                cfs_close
                0x0000000000011163                cfs_read
                0x0000000000011201                cfs_write
                0x00000000000112de                cfs_seek
                0x0000000000011366                cfs_remove
                0x000000000001138f                cfs_opendir
                0x0000000000011399                cfs_readdir
                0x00000000000113a3                cfs_closedir
 .text          0x00000000000113b2      0x541 obj_cooja/mtype824.a(cooja-radio.o)
                0x00000000000113dc                radio_set_channel
                0x00000000000113f1                radio_set_txpower
                0x0000000000011408                radio_signal_strength_last
                0x0000000000011412                radio_signal_strength_current
                0x000000000001141c                radio_LQI
 .text          0x00000000000118f3       0xef obj_cooja/mtype824.a(eeprom.o)
                0x00000000000118f3                eeprom_init
                0x00000000000118f8                eeprom_read
                0x0000000000011968                eeprom_write
 .text          0x00000000000119e2       0x28 obj_cooja/mtype824.a(random.o)
                0x00000000000119e2                random_init
                0x00000000000119fd                random_rand
 .text          0x0000000000011a0a      0x2a1 obj_cooja/mtype824.a(sensors.o)
                0x0000000000011a45                sensors_first
                0x0000000000011a4f                sensors_next
                0x0000000000011a6c                sensors_changed
                0x0000000000011a9b                sensors_find
 .text          0x0000000000011cab      0x308 obj_cooja/mtype824.a(dual_conf.o)
                0x0000000000011cab                dual_radio_switch
                0x0000000000011d06                dual_radio_change
                0x0000000000011d40                sending_in_LR
                0x0000000000011d6b                dual_radio_received
                0x0000000000011dbe                radio_received_is_longrange
                0x0000000000011f69                dio_broadcast
                0x0000000000011f92                dis_broadcast
 .text          0x0000000000011fb3       0x8e obj_cooja/mtype824.a(autostart.o)
                0x0000000000011fb3                autostart_start
                0x0000000000011ffe                autostart_exit
 .text          0x0000000000012041      0x334 obj_cooja/mtype824.a(ctimer.o)
                0x0000000000012158                ctimer_init
                0x0000000000012188                ctimer_set
                0x00000000000121b9                ctimer_set_with_process
                0x0000000000012235                ctimer_reset
                0x0000000000012284                ctimer_restart
                0x00000000000122d3                ctimer_stop
                0x000000000001231e                ctimer_expired
 .text          0x0000000000012375      0x40b obj_cooja/mtype824.a(etimer.o)
                0x0000000000012588                etimer_request_poll
                0x000000000001260c                etimer_set
                0x0000000000012631                etimer_reset_with_new_interval
                0x0000000000012658                etimer_reset
                0x0000000000012676                etimer_restart
                0x0000000000012694                etimer_adjust
                0x00000000000126b0                etimer_expired
                0x00000000000126c3                etimer_expiration_time
                0x00000000000126d5                etimer_start_time
                0x00000000000126df                etimer_pending
                0x00000000000126f1                etimer_next_expiration_time
                0x000000000001270b                etimer_stop
 .text          0x0000000000012780      0x560 obj_cooja/mtype824.a(process.o)
                0x0000000000012780                process_alloc_event
                0x0000000000012795                process_start
                0x000000000001297e                process_exit
                0x000000000001299a                process_init
                0x0000000000012b6b                process_run
                0x0000000000012b9e                process_nevents
                0x0000000000012bb9                process_post
                0x0000000000012c65                process_post_synch
                0x0000000000012c9d                process_poll
                0x0000000000012ccc                process_is_running
 .text          0x0000000000012ce0       0xba obj_cooja/mtype824.a(rtimer.o)
                0x0000000000012ce0                rtimer_init
                0x0000000000012ced                rtimer_set
                0x0000000000012d44                rtimer_run_next
 .text          0x0000000000012d9a       0xa3 obj_cooja/mtype824.a(stimer.o)
                0x0000000000012d9a                stimer_set
                0x0000000000012db5                stimer_reset
                0x0000000000012dcc                stimer_restart
                0x0000000000012dde                stimer_expired
                0x0000000000012e05                stimer_remaining
                0x0000000000012e29                stimer_elapsed
 .text          0x0000000000012e3d       0x91 obj_cooja/mtype824.a(timer.o)
                0x0000000000012e3d                timer_set
                0x0000000000012e58                timer_reset
                0x0000000000012e6f                timer_restart
                0x0000000000012e81                timer_expired
                0x0000000000012eaa                timer_remaining
 .text          0x0000000000012ece      0x1fb obj_cooja/mtype824.a(serial-line.o)
                0x0000000000012ece                serial_line_input_byte
                0x0000000000013091                serial_line_init
 .text          0x00000000000130c9      0x244 obj_cooja/mtype824.a(list.o)
                0x00000000000130c9                list_init
                0x00000000000130d7                list_head
                0x00000000000130e1                list_copy
                0x00000000000130f0                list_tail
                0x0000000000013126                list_add
                0x000000000001316f                list_push
                0x000000000001319b                list_chop
                0x0000000000013205                list_pop
                0x000000000001322d                list_remove
                0x0000000000013294                list_length
                0x00000000000132c2                list_insert
                0x00000000000132f6                list_item_next
 .text          0x000000000001330d      0x155 obj_cooja/mtype824.a(ringbuf.o)
                0x000000000001330d                ringbuf_init
                0x000000000001333e                ringbuf_put
                0x00000000000133bc                ringbuf_get
                0x0000000000013429                ringbuf_size
                0x000000000001343b                ringbuf_elements
 .text          0x0000000000013462     0x102d obj_cooja/mtype824.a(sicslowpan.o)
                0x00000000000139ec                rime_sniffer_add
                0x00000000000139f9                rime_sniffer_remove
                0x0000000000014471                sicslowpan_init
                0x0000000000014485                sicslowpan_get_last_rssi
 .text          0x000000000001448f      0x298 obj_cooja/mtype824.a(uip-ds6-nbr.o)
                0x00000000000144ac                uip_ds6_neighbors_init
                0x00000000000144c9                uip_ds6_nbr_add
                0x0000000000014551                uip_ds6_nbr_rm
                0x0000000000014593                uip_ds6_nbr_get_ipaddr
                0x00000000000145a8                uip_ds6_nbr_get_ll
                0x00000000000145c4                uip_ds6_nbr_num
                0x0000000000014609                uip_ds6_nbr_lookup
                0x000000000001466e                uip_ds6_nbr_ll_lookup
                0x000000000001468a                uip_ds6_nbr_ipaddr_from_lladdr
                0x00000000000146b0                uip_ds6_nbr_lladdr_from_ipaddr
                0x00000000000146de                uip_ds6_link_neighbor_callback
 .text          0x0000000000014727      0xc68 obj_cooja/mtype824.a(uip-ds6-route.o)
                0x0000000000014815                uip_ds6_notification_add
                0x0000000000014846                uip_ds6_notification_rm
                0x0000000000014862                uip_ds6_route_init
                0x00000000000148ea                uip_ds6_route_nexthop
                0x0000000000014912                uip_ds6_route_head
                0x0000000000014927                uip_ds6_route_next
                0x000000000001494d                uip_ds6_route_is_nexthop
                0x000000000001498c                uip_ds6_route_num_routes
                0x0000000000014996                uip_ds6_route_lookup
                0x0000000000014ad1                uip_ds6_route_add
                0x0000000000014dee                uip_ds6_route_rm
                0x0000000000015001                uip_ds6_route_rm_by_nexthop
                0x0000000000015039                uip_ds6_defrt_add
                0x0000000000015149                uip_ds6_defrt_rm
                0x00000000000151de                uip_ds6_defrt_lookup
                0x0000000000015237                uip_ds6_defrt_choose
                0x000000000001531b                uip_ds6_defrt_periodic
 .text          0x000000000001538f     0x12e5 obj_cooja/mtype824.a(uip-ds6.o)
                0x000000000001538f                uip_ds6_init
                0x0000000000015799                uip_ds6_periodic
                0x0000000000015871                uip_ds6_list_loop
                0x0000000000015918                uip_ds6_prefix_add
                0x0000000000015a2c                uip_ds6_prefix_rm
                0x0000000000015a3e                uip_ds6_prefix_lookup
                0x0000000000015a8f                uip_ds6_is_addr_onlink
                0x0000000000015b03                uip_ds6_addr_add
                0x0000000000015c31                uip_ds6_long_addr_add
                0x0000000000015d5f                uip_ds6_addr_rm
                0x0000000000015dff                uip_ds6_addr_lookup
                0x0000000000015e4a                uip_ds6_long_addr_lookup
                0x0000000000015e95                uip_ds6_get_link_local
                0x0000000000015f14                uip_ds6_long_get_link_local
                0x0000000000015f93                uip_ds6_get_global
                0x0000000000016012                uip_ds6_long_get_global
                0x0000000000016091                uip_ds6_maddr_add
                0x0000000000016103                uip_ds6_long_maddr_add
                0x0000000000016175                uip_ds6_maddr_rm
                0x0000000000016187                uip_ds6_maddr_lookup
                0x00000000000161d2                uip_ds6_long_maddr_lookup
                0x000000000001621d                uip_ds6_aaddr_add
                0x000000000001628f                uip_ds6_long_aaddr_add
                0x0000000000016301                uip_ds6_aaddr_rm
                0x0000000000016313                uip_ds6_aaddr_lookup
                0x000000000001635e                uip_ds6_long_aaddr_lookup
                0x00000000000163a9                uip_ds6_select_src
                0x000000000001655f                uip_ds6_set_addr_iid
                0x0000000000016596                get_match_length
                0x0000000000016628                uip_ds6_compute_reachable_time
 .text          0x0000000000016674     0x2d47 obj_cooja/mtype824.a(uip6.o)
                0x0000000000016674                uip_add32
                0x000000000001680d                uip_chksum
                0x0000000000016923                uip_icmp6chksum
                0x0000000000016937                uip_tcpchksum
                0x000000000001694b                uip_udpchksum
                0x000000000001695f                uip_init
                0x0000000000016a2f                uip_connect
                0x0000000000016bde                remove_ext_hdr
                0x0000000000016ce7                uip_udp_new
                0x0000000000016e43                uip_unlisten
                0x0000000000016ea3                uip_listen
                0x00000000000171c9                uip_process
                0x00000000000192af                uip_htons
                0x00000000000192d1                uip_htonl
                0x0000000000019311                uip_send
 .text          0x00000000000193bb      0xa7d obj_cooja/mtype824.a(tcpip.o)
                0x00000000000193bb                tcpip_output
                0x000000000001940c                tcpip_set_outputfunc
                0x00000000000194ac                tcp_connect
                0x0000000000019501                tcp_unlisten
                0x000000000001955c                tcp_listen
                0x00000000000195b5                tcp_attach
                0x00000000000195da                udp_attach
                0x00000000000195ff                udp_new
                0x0000000000019651                udp_broadcast_new
                0x00000000000198c5                tcpip_input
                0x00000000000198f9                tcpip_ipv6_output
                0x0000000000019c7e                tcpip_poll_udp
                0x0000000000019ca1                tcpip_poll_tcp
                0x0000000000019cc4                tcpip_uipcall
 .text          0x0000000000019e38      0x1c1 obj_cooja/mtype824.a(uip-debug.o)
                0x0000000000019e38                uip_debug_ipaddr_print
                0x0000000000019f9a                uip_debug_lladdr_print
 .text          0x0000000000019ff9      0x141 obj_cooja/mtype824.a(uip-packetqueue)
                0x000000000001a025                uip_packetqueue_new
                0x000000000001a033                uip_packetqueue_alloc
                0x000000000001a093                uip_packetqueue_free
                0x000000000001a0d4                uip_packetqueue_buf
                0x000000000001a0f1                uip_packetqueue_buflen
                0x000000000001a112                uip_packetqueue_set_buflen
 .text          0x000000000001a13a      0x131 obj_cooja/mtype824.a(uip-udp-packet.)
                0x000000000001a13a                uip_udp_packet_send
                0x000000000001a19a                uip_udp_packet_sendto
 .text          0x000000000001a26b     0x2ce0 obj_cooja/mtype824.a(rpl-dag.o)
                0x000000000001a26b                rpl_print_neighbor_list
                0x000000000001a440                rpl_get_nbr
                0x000000000001a49a                rpl_dag_init
                0x000000000001a4b7                rpl_get_parent
                0x000000000001a4d9                rpl_get_parent_rank
                0x000000000001a50c                rpl_get_parent_link_metric
                0x000000000001a53f                rpl_get_parent_ipaddr
                0x000000000001a8eb                rpl_set_root
                0x000000000001ab5f                rpl_repair_root
                0x000000000001ae0e                rpl_set_prefix
                0x000000000001af31                rpl_set_default_route
                0x000000000001b026                rpl_alloc_instance
                0x000000000001b0b9                rpl_alloc_dag
                0x000000000001b16a                rpl_set_default_instance
                0x000000000001b177                rpl_get_default_instance
                0x000000000001b181                rpl_free_instance
                0x000000000001b24d                rpl_free_dag
                0x000000000001b2d6                rpl_add_parent
                0x000000000001b3e8                rpl_find_parent
                0x000000000001b440                rpl_find_parent_any_dag
                0x000000000001b47c                rpl_select_dag
                0x000000000001b899                rpl_select_parent
                0x000000000001b8fb                rpl_remove_parent
                0x000000000001b94d                rpl_nullify_parent
                0x000000000001ba49                rpl_move_parent
                0x000000000001bb54                rpl_has_downward_route
                0x000000000001bba7                rpl_get_any_dag
                0x000000000001bc09                rpl_get_instance
                0x000000000001bc6c                rpl_find_of
                0x000000000001bca9                rpl_join_instance
                0x000000000001bfe0                rpl_add_dag
                0x000000000001c4b1                rpl_local_repair
                0x000000000001c58d                rpl_recalculate_ranks
                0x000000000001c636                rpl_process_parent_event
                0x000000000001c84c                rpl_process_dio
 .text          0x000000000001cf4b      0xbf3 obj_cooja/mtype824.a(rpl-ext-header.)
                0x000000000001cf68                rpl_verify_header
                0x000000000001d3e2                rpl_update_header_empty
                0x000000000001d6f9                rpl_update_header_final
                0x000000000001d888                rpl_remove_header
                0x000000000001d992                rpl_invert_header
                0x000000000001db1c                rpl_insert_header
 .text          0x000000000001db3e     0x22c2 obj_cooja/mtype824.a(rpl-icmp6.o)
                0x000000000001dd9d                rpl_icmp6_update_nbr_table
                0x000000000001df97                dis_output
                0x000000000001e8be                dio_output
                0x000000000001f947                dao_output
                0x000000000001fa0e                dao_output_target
                0x000000000001fdb4                dao_ack_output
                0x000000000001fdc8                rpl_icmp6_register_handlers
 .text          0x000000000001fe00      0x315 obj_cooja/mtype824.a(rpl-mrhof.o)
 .text          0x0000000000020115      0x909 obj_cooja/mtype824.a(rpl-timers.o)
                0x0000000000020401                rpl_reset_periodic_timer
                0x0000000000020456                rpl_reset_dio_timer
                0x00000000000206ee                rpl_schedule_dao
                0x0000000000020709                rpl_schedule_dao_immediately
                0x0000000000020724                rpl_cancel_dao
                0x0000000000020786                rpl_schedule_unicast_dio_immediately
                0x00000000000209c6                rpl_schedule_probing
 .text          0x0000000000020a1e      0x6e0 obj_cooja/mtype824.a(rpl.o)
                0x0000000000020a1e                rpl_get_mode
                0x0000000000020a28                rpl_set_mode
                0x0000000000020aec                rpl_purge_routes
                0x0000000000020c1b                rpl_remove_routes
                0x0000000000020c61                rpl_remove_routes_by_nexthop
                0x0000000000020ccd                rpl_add_route
                0x0000000000020d98                rpl_link_neighbor_callback
                0x0000000000020eac                rpl_ipv6_neighbor_callback
                0x0000000000020f58                rpl_purge_dags
                0x000000000002106c                rpl_init
 .text          0x00000000000210fe       0xae obj_cooja/mtype824.a(linkaddr.o)
                0x00000000000210fe                linkaddr_copy
                0x0000000000021120                linkaddr_cmp
                0x000000000002114a                linkaddr_set_node_addr
 .text          0x00000000000211ac      0x769 obj_cooja/mtype824.a(nbr-table.o)
                0x000000000002160b                nbr_table_register
                0x0000000000021653                nbr_table_head
                0x00000000000216af                nbr_table_next
                0x0000000000021716                nbr_table_add_lladdr
                0x00000000000217f2                nbr_table_get_from_lladdr
                0x000000000002183f                nbr_table_remove
                0x0000000000021891                nbr_table_lock
                0x00000000000218bb                nbr_table_unlock
                0x00000000000218e5                nbr_table_get_lladdr
 .text          0x0000000000021915       0x2b obj_cooja/mtype824.a(netstack.o)
                0x0000000000021915                netstack_init
 .text          0x0000000000021940      0x3cd obj_cooja/mtype824.a(packetbuf.o)
                0x0000000000021940                packetbuf_clear
                0x000000000002196a                packetbuf_copyfrom
                0x00000000000219bc                packetbuf_compact
                0x0000000000021a39                packetbuf_copyto
                0x0000000000021ad0                packetbuf_hdralloc
                0x0000000000021b4d                packetbuf_hdrreduce
                0x0000000000021b95                packetbuf_set_datalen
                0x0000000000021bae                packetbuf_dataptr
                0x0000000000021bcb                packetbuf_hdrptr
                0x0000000000021bd5                packetbuf_datalen
                0x0000000000021be1                packetbuf_hdrlen
                0x0000000000021bf8                packetbuf_totlen
                0x0000000000021c0e                packetbuf_attr_clear
                0x0000000000021c60                packetbuf_attr_copyto
                0x0000000000021ca9                packetbuf_attr_copyfrom
                0x0000000000021cf1                packetbuf_holds_broadcast
 .text          0x0000000000021d0d      0x2b4 obj_cooja/mtype824.a(queuebuf.o)
                0x0000000000021d17                queuebuf_init
                0x0000000000021d37                queuebuf_numfree
                0x0000000000021d4b                queuebuf_new_from_packetbuf
                0x0000000000021ddb                queuebuf_update_attr_from_packetbuf
                0x0000000000021e0e                queuebuf_update_from_packetbuf
                0x0000000000021e58                queuebuf_free
                0x0000000000021e9f                queuebuf_to_packetbuf
                0x0000000000021f05                queuebuf_dataptr
                0x0000000000021f3c                queuebuf_datalen
                0x0000000000021f5f                queuebuf_addr
                0x0000000000021f91                queuebuf_attr
                0x0000000000021fbc                queuebuf_debug_print
 .text          0x0000000000021fc1      0x831 obj_cooja/mtype824.a(csma.o)
 .text          0x00000000000227f2      0x3f5 obj_cooja/mtype824.a(framer-802154.o)
 .text          0x0000000000022be7       0x3c obj_cooja/mtype824.a(mac.o)
                0x0000000000022be7                mac_call_sent_callback
 .text          0x0000000000022c23      0x556 obj_cooja/mtype824.a(nullrdc.o)
 .text          0x0000000000023179       0x6e obj_cooja/mtype824.a(nullsec.o)
 .text          0x00000000000231e7       0x19 obj_cooja/mtype824.a(watchdog.o)
                0x00000000000231e7                watchdog_init
                0x00000000000231ec                watchdog_start
                0x00000000000231f1                watchdog_periodic
                0x00000000000231f6                watchdog_stop
                0x00000000000231fb                watchdog_reboot
 .text          0x0000000000023200        0x0 obj_cooja/mtype824.a(rimestats.o)
 .text          0x0000000000023200      0x1c1 obj_cooja/mtype824.a(memb.o)
                0x0000000000023200                memb_init
                0x000000000002325e                memb_alloc
                0x00000000000232c3                memb_free
                0x000000000002333e                memb_inmemb
                0x000000000002337d                memb_numfree
 .text          0x00000000000233c1     0x1382 obj_cooja/mtype824.a(uip-icmp6.o)
                0x000000000002342f                uip_icmp6_input
                0x0000000000023485                uip_icmp6_register_input_handler
                0x0000000000023c45                uip_icmp6_error_output
                0x000000000002421c                uip_icmp6_send
                0x00000000000246d6                uip_icmp6_echo_reply_callback_add
                0x0000000000024707                uip_icmp6_echo_reply_callback_rm
                0x0000000000024723                uip_icmp6_init
 .text          0x0000000000024743      0x358 obj_cooja/mtype824.a(uip-nd6.o)
                0x0000000000024797                uip_nd6_ns_output
                0x0000000000024a96                uip_nd6_init
 .text          0x0000000000024a9b      0x331 obj_cooja/mtype824.a(rpl-nbr-policy.)
                0x0000000000024c73                find_removable_dis
                0x0000000000024c96                find_removable_dio
                0x0000000000024d25                find_removable_dao
                0x0000000000024d75                rpl_nbr_policy_find_removable
 .text          0x0000000000024dcc      0x97c obj_cooja/mtype824.a(frame802154.o)
                0x0000000000024dfd                frame802154_get_pan_id
                0x0000000000024e09                frame802154_set_pan_id
                0x0000000000024e22                frame802154_has_panid
                0x0000000000024f0e                frame802154_check_dest_panid
                0x0000000000024f76                frame802154_is_broadcast_addr
                0x0000000000024fc3                frame802154_extract_linkaddr
                0x0000000000025203                frame802154_hdrlen
                0x0000000000025254                frame802154_create
                0x000000000002543f                frame802154_parse
 .text          0x0000000000025748      0x181 obj_cooja/mtype824.a(mac-sequence.o)
                0x000000000002577f                mac_sequence_is_duplicate
                0x0000000000025802                mac_sequence_register_seqno
 .text          0x00000000000258c9        0x0 /usr/lib/gcc/i686-linux-gnu/4.8/crtendS.o
 .text          0x00000000000258c9        0x0 /usr/lib/gcc/i686-linux-gnu/4.8/../../../i386-linux-gnu/crtn.o
 *(.gnu.warning)

.fini           0x00000000000258cc       0x14
 *(SORT(.fini))
 .fini          0x00000000000258cc        0xf /usr/lib/gcc/i686-linux-gnu/4.8/../../../i386-linux-gnu/crti.o
                0x00000000000258cc                _fini
 .fini          0x00000000000258db        0x5 /usr/lib/gcc/i686-linux-gnu/4.8/../../../i386-linux-gnu/crtn.o
                0x00000000000258e0                PROVIDE (__etext, .)
                0x00000000000258e0                PROVIDE (_etext, .)
                0x00000000000258e0                PROVIDE (etext, .)

.rodata         0x00000000000258e0     0x2f09
 *(.rodata .rodata.* .gnu.linkonce.r.*)
 .rodata        0x00000000000258e0      0x18a udp-client.co
                0x00000000000258f4                autostart_processes
 *fill*         0x0000000000025a6a        0x2 
 .rodata        0x0000000000025a6c      0x127 obj_cooja/mtype824.o
 *fill*         0x0000000000025b93        0x1 
 .rodata        0x0000000000025b94        0x8 obj_cooja/mtype824.a(beep.o)
                0x0000000000025b94                beep_interface
 .rodata        0x0000000000025b9c       0x20 obj_cooja/mtype824.a(button-sensor.o)
                0x0000000000025b9c                button_interface
                0x0000000000025bac                button_sensor
 .rodata        0x0000000000025bbc        0x8 obj_cooja/mtype824.a(leds-arch.o)
                0x0000000000025bbc                leds_interface
 .rodata        0x0000000000025bc4        0x8 obj_cooja/mtype824.a(moteid.o)
                0x0000000000025bc4                moteid_interface
 .rodata        0x0000000000025bcc       0x1c obj_cooja/mtype824.a(pir-sensor.o)
                0x0000000000025bcc                pir_interface
                0x0000000000025bd8                pir_sensor
 .rodata        0x0000000000025be8        0xe obj_cooja/mtype824.a(rs232.o)
                0x0000000000025be8                rs232_interface
 *fill*         0x0000000000025bf6        0x2 
 .rodata        0x0000000000025bf8       0x24 obj_cooja/mtype824.a(vib-sensor.o)
                0x0000000000025bf8                vib_interface
                0x0000000000025c0c                vib_sensor
 .rodata        0x0000000000025c1c        0x8 obj_cooja/mtype824.a(clock.o)
                0x0000000000025c1c                clock_interface
 .rodata        0x0000000000025c24        0x8 obj_cooja/mtype824.a(log.o)
                0x0000000000025c24                simlog_interface
 .rodata        0x0000000000025c2c       0x2f obj_cooja/mtype824.a(cfs-cooja.o)
                0x0000000000025c2c                cfs_interface
 *fill*         0x0000000000025c5b        0x5 
 .rodata        0x0000000000025c60      0x120 obj_cooja/mtype824.a(cooja-radio.o)
                0x0000000000025d40                cooja_radio_driver
                0x0000000000025d78                radio_interface
 .rodata        0x0000000000025d80        0x8 obj_cooja/mtype824.a(eeprom.o)
                0x0000000000025d80                eeprom_interface
 .rodata        0x0000000000025d88        0x8 obj_cooja/mtype824.a(sensors.o)
 .rodata        0x0000000000025d90      0x196 obj_cooja/mtype824.a(dual_conf.o)
 .rodata        0x0000000000025f26        0xf obj_cooja/mtype824.a(ctimer.o)
 .rodata        0x0000000000025f35        0xc obj_cooja/mtype824.a(etimer.o)
 .rodata        0x0000000000025f41        0xe obj_cooja/mtype824.a(serial-line.o)
 *fill*         0x0000000000025f4f        0x1 
 .rodata        0x0000000000025f50       0x18 obj_cooja/mtype824.a(sicslowpan.o)
                0x0000000000025f5c                sicslowpan_driver
 .rodata        0x0000000000025f68      0x480 obj_cooja/mtype824.a(uip-ds6-route.o)
 .rodata        0x00000000000263e8      0x178 obj_cooja/mtype824.a(uip-ds6.o)
 .rodata        0x0000000000026560      0x590 obj_cooja/mtype824.a(uip6.o)
 .rodata        0x0000000000026af0      0x113 obj_cooja/mtype824.a(tcpip.o)
 .rodata        0x0000000000026c03       0x3e obj_cooja/mtype824.a(uip-debug.o)
 *fill*         0x0000000000026c41        0x3 
 .rodata        0x0000000000026c44      0xc0b obj_cooja/mtype824.a(rpl-dag.o)
 *fill*         0x000000000002784f        0x1 
 .rodata        0x0000000000027850      0x8a4 obj_cooja/mtype824.a(rpl-icmp6.o)
 .rodata        0x00000000000280f4       0x6f obj_cooja/mtype824.a(rpl-mrhof.o)
 *fill*         0x0000000000028163        0x1 
 .rodata        0x0000000000028164      0x260 obj_cooja/mtype824.a(rpl-timers.o)
 .rodata        0x00000000000283c4      0x1be obj_cooja/mtype824.a(rpl.o)
 .rodata        0x0000000000028582        0x8 obj_cooja/mtype824.a(linkaddr.o)
                0x0000000000028582                linkaddr_null
 *fill*         0x000000000002858a        0x2 
 .rodata        0x000000000002858c       0x24 obj_cooja/mtype824.a(csma.o)
                0x0000000000028594                csma_driver
 .rodata        0x00000000000285b0        0xc obj_cooja/mtype824.a(framer-802154.o)
                0x00000000000285b0                framer_802154
 *fill*         0x00000000000285bc        0x4 
 .rodata        0x00000000000285c0      0x140 obj_cooja/mtype824.a(nullrdc.o)
                0x00000000000286e0                nullrdc_driver
 .rodata        0x0000000000028700       0x18 obj_cooja/mtype824.a(nullsec.o)
                0x0000000000028708                nullsec_driver
 .rodata        0x0000000000028718       0xd1 obj_cooja/mtype824.a(uip-icmp6.o)

.rodata1
 *(.rodata1)

.eh_frame_hdr   0x00000000000287ec     0x1304
 *(.eh_frame_hdr)
 .eh_frame_hdr  0x00000000000287ec     0x1304 udp-client.co

.eh_frame       0x0000000000029af0     0x4d8c
 *(.eh_frame)
 .eh_frame      0x0000000000029af0       0x3c /usr/lib/gcc/i686-linux-gnu/4.8/../../../i386-linux-gnu/crti.o
                                         0x40 (size before relaxing)
 .eh_frame      0x0000000000029b2c       0xa8 udp-client.co
                                         0xc0 (size before relaxing)
 .eh_frame      0x0000000000029bd4      0x148 obj_cooja/mtype824.o
                                        0x160 (size before relaxing)
 .eh_frame      0x0000000000029d1c       0x40 obj_cooja/mtype824.a(simEnvChange.o)
                                         0x58 (size before relaxing)
 .eh_frame      0x0000000000029d5c       0xc0 obj_cooja/mtype824.a(cooja_mt.o)
                                         0xd8 (size before relaxing)
 .eh_frame      0x0000000000029e1c      0x120 obj_cooja/mtype824.a(cooja_mtarch.o)
                                        0x138 (size before relaxing)
 .eh_frame      0x0000000000029f3c       0xc0 obj_cooja/mtype824.a(rtimer-arch.o)
                                         0xd8 (size before relaxing)
 .eh_frame      0x0000000000029ffc      0x160 obj_cooja/mtype824.a(beep.o)
                                        0x178 (size before relaxing)
 .eh_frame      0x000000000002a15c       0xa0 obj_cooja/mtype824.a(button-sensor.o)
                                         0xb8 (size before relaxing)
 .eh_frame      0x000000000002a1fc       0xa0 obj_cooja/mtype824.a(leds-arch.o)
                                         0xb8 (size before relaxing)
 .eh_frame      0x000000000002a29c       0x40 obj_cooja/mtype824.a(moteid.o)
                                         0x58 (size before relaxing)
 .eh_frame      0x000000000002a2dc       0xa0 obj_cooja/mtype824.a(pir-sensor.o)
                                         0xb8 (size before relaxing)
 .eh_frame      0x000000000002a37c      0x100 obj_cooja/mtype824.a(rs232.o)
                                        0x118 (size before relaxing)
 .eh_frame      0x000000000002a47c       0xa0 obj_cooja/mtype824.a(vib-sensor.o)
                                         0xb8 (size before relaxing)
 .eh_frame      0x000000000002a51c       0xc0 obj_cooja/mtype824.a(clock.o)
                                         0xd8 (size before relaxing)
 .eh_frame      0x000000000002a5dc      0x120 obj_cooja/mtype824.a(log.o)
                                        0x138 (size before relaxing)
 .eh_frame      0x000000000002a6fc      0x160 obj_cooja/mtype824.a(cfs-cooja.o)
                                        0x178 (size before relaxing)
 .eh_frame      0x000000000002a85c      0x2e0 obj_cooja/mtype824.a(cooja-radio.o)
                                        0x2f8 (size before relaxing)
 .eh_frame      0x000000000002ab3c       0xa0 obj_cooja/mtype824.a(eeprom.o)
                                         0xb8 (size before relaxing)
 .eh_frame      0x000000000002abdc       0x40 obj_cooja/mtype824.a(random.o)
                                         0x58 (size before relaxing)
 .eh_frame      0x000000000002ac1c       0xc0 obj_cooja/mtype824.a(sensors.o)
                                         0xd8 (size before relaxing)
 .eh_frame      0x000000000002acdc      0x120 obj_cooja/mtype824.a(dual_conf.o)
                                        0x138 (size before relaxing)
 .eh_frame      0x000000000002adfc       0x40 obj_cooja/mtype824.a(autostart.o)
                                         0x58 (size before relaxing)
 .eh_frame      0x000000000002ae3c      0x100 obj_cooja/mtype824.a(ctimer.o)
                                        0x118 (size before relaxing)
 .eh_frame      0x000000000002af3c      0x1e0 obj_cooja/mtype824.a(etimer.o)
                                        0x1f8 (size before relaxing)
 .eh_frame      0x000000000002b11c      0x1c8 obj_cooja/mtype824.a(process.o)
                                        0x1e0 (size before relaxing)
 .eh_frame      0x000000000002b2e4       0x60 obj_cooja/mtype824.a(rtimer.o)
                                         0x78 (size before relaxing)
 .eh_frame      0x000000000002b344       0xc4 obj_cooja/mtype824.a(stimer.o)
                                         0xdc (size before relaxing)
 .eh_frame      0x000000000002b408       0xa4 obj_cooja/mtype824.a(timer.o)
                                         0xbc (size before relaxing)
 .eh_frame      0x000000000002b4ac       0x60 obj_cooja/mtype824.a(serial-line.o)
                                         0x78 (size before relaxing)
 .eh_frame      0x000000000002b50c      0x180 obj_cooja/mtype824.a(list.o)
                                        0x198 (size before relaxing)
 .eh_frame      0x000000000002b68c       0xa0 obj_cooja/mtype824.a(ringbuf.o)
                                         0xb8 (size before relaxing)
 .eh_frame      0x000000000002b72c      0x278 obj_cooja/mtype824.a(sicslowpan.o)
                                        0x290 (size before relaxing)
 .eh_frame      0x000000000002b9a4      0x180 obj_cooja/mtype824.a(uip-ds6-nbr.o)
                                        0x198 (size before relaxing)
 .eh_frame      0x000000000002bb24      0x2c0 obj_cooja/mtype824.a(uip-ds6-route.o)
                                        0x2d8 (size before relaxing)
 .eh_frame      0x000000000002bde4      0x3d4 obj_cooja/mtype824.a(uip-ds6.o)
                                        0x3ec (size before relaxing)
 .eh_frame      0x000000000002c1b8      0x27c obj_cooja/mtype824.a(uip6.o)
                                        0x294 (size before relaxing)
 .eh_frame      0x000000000002c434      0x270 obj_cooja/mtype824.a(tcpip.o)
                                        0x288 (size before relaxing)
 .eh_frame      0x000000000002c6a4       0x48 obj_cooja/mtype824.a(uip-debug.o)
                                         0x60 (size before relaxing)
 .eh_frame      0x000000000002c6ec       0xe0 obj_cooja/mtype824.a(uip-packetqueue)
                                         0xf8 (size before relaxing)
 .eh_frame      0x000000000002c7cc       0x40 obj_cooja/mtype824.a(uip-udp-packet.)
                                         0x58 (size before relaxing)
 .eh_frame      0x000000000002c80c      0x674 obj_cooja/mtype824.a(rpl-dag.o)
                                        0x68c (size before relaxing)
 .eh_frame      0x000000000002ce80      0x10c obj_cooja/mtype824.a(rpl-ext-header.)
                                        0x124 (size before relaxing)
 .eh_frame      0x000000000002cf8c      0x288 obj_cooja/mtype824.a(rpl-icmp6.o)
                                        0x2a0 (size before relaxing)
 .eh_frame      0x000000000002d214       0xe4 obj_cooja/mtype824.a(rpl-mrhof.o)
                                         0xfc (size before relaxing)
 .eh_frame      0x000000000002d2f8      0x210 obj_cooja/mtype824.a(rpl-timers.o)
                                        0x228 (size before relaxing)
 .eh_frame      0x000000000002d508      0x140 obj_cooja/mtype824.a(rpl.o)
                                        0x158 (size before relaxing)
 .eh_frame      0x000000000002d648       0x60 obj_cooja/mtype824.a(linkaddr.o)
                                         0x78 (size before relaxing)
 .eh_frame      0x000000000002d6a8      0x26c obj_cooja/mtype824.a(nbr-table.o)
                                        0x284 (size before relaxing)
 .eh_frame      0x000000000002d914       0x20 obj_cooja/mtype824.a(netstack.o)
                                         0x38 (size before relaxing)
 .eh_frame      0x000000000002d934      0x214 obj_cooja/mtype824.a(packetbuf.o)
                                        0x22c (size before relaxing)
 .eh_frame      0x000000000002db48      0x1a0 obj_cooja/mtype824.a(queuebuf.o)
                                        0x1b8 (size before relaxing)
 .eh_frame      0x000000000002dce8      0x28c obj_cooja/mtype824.a(csma.o)
                                        0x2a4 (size before relaxing)
 .eh_frame      0x000000000002df74      0x108 obj_cooja/mtype824.a(framer-802154.o)
                                        0x120 (size before relaxing)
 .eh_frame      0x000000000002e07c       0x20 obj_cooja/mtype824.a(mac.o)
                                         0x38 (size before relaxing)
 .eh_frame      0x000000000002e09c      0x18c obj_cooja/mtype824.a(nullrdc.o)
                                        0x1a4 (size before relaxing)
 .eh_frame      0x000000000002e228       0x80 obj_cooja/mtype824.a(nullsec.o)
                                         0x98 (size before relaxing)
 .eh_frame      0x000000000002e2a8       0xa0 obj_cooja/mtype824.a(watchdog.o)
                                         0xb8 (size before relaxing)
 .eh_frame      0x000000000002e348       0xa0 obj_cooja/mtype824.a(memb.o)
                                         0xb8 (size before relaxing)
 .eh_frame      0x000000000002e3e8      0x17c obj_cooja/mtype824.a(uip-icmp6.o)
                                        0x194 (size before relaxing)
 .eh_frame      0x000000000002e564       0x68 obj_cooja/mtype824.a(uip-nd6.o)
                                         0x80 (size before relaxing)
 .eh_frame      0x000000000002e5cc       0xc0 obj_cooja/mtype824.a(rpl-nbr-policy.)
                                         0xd8 (size before relaxing)
 .eh_frame      0x000000000002e68c      0x164 obj_cooja/mtype824.a(frame802154.o)
                                        0x17c (size before relaxing)
 .eh_frame      0x000000000002e7f0       0x88 obj_cooja/mtype824.a(mac-sequence.o)
                                         0xa0 (size before relaxing)
 .eh_frame      0x000000000002e878        0x4 /usr/lib/gcc/i686-linux-gnu/4.8/crtendS.o

.gcc_except_table
 *(.gcc_except_table .gcc_except_table.*)

.exception_ranges
 *(.exception_ranges .exception_ranges*)
                0x000000000002e87c                . = (ALIGN (0x1000) - ((0x1000 - .) & 0xfff))
                0x000000000002fef8                . = DATA_SEGMENT_ALIGN (0x1000, 0x1000)

.eh_frame
 *(.eh_frame)

.gcc_except_table
 *(.gcc_except_table .gcc_except_table.*)

.exception_ranges
 *(.exception_ranges .exception_ranges*)

.tdata
 *(.tdata .tdata.* .gnu.linkonce.td.*)

.tbss
 *(.tbss .tbss.* .gnu.linkonce.tb.*)
 *(.tcommon)

.preinit_array
 *(.preinit_array)

.init_array     0x000000000002fef8        0x4
 *(SORT(.init_array.*) SORT(.ctors.*))
 *(.init_array EXCLUDE_FILE(*crtend?.o *crtend.o *crtbegin?.o *crtbegin.o) .ctors)
 .init_array    0x000000000002fef8        0x4 /usr/lib/gcc/i686-linux-gnu/4.8/crtbeginS.o

.fini_array     0x000000000002fefc        0x4
 *(SORT(.fini_array.*) SORT(.dtors.*))
 *(.fini_array EXCLUDE_FILE(*crtend?.o *crtend.o *crtbegin?.o *crtbegin.o) .dtors)
 .fini_array    0x000000000002fefc        0x4 /usr/lib/gcc/i686-linux-gnu/4.8/crtbeginS.o

.ctors
 *crtbegin.o(.ctors)
 *crtbegin?.o(.ctors)
 *(EXCLUDE_FILE(*crtend?.o *crtend.o) .ctors)
 *(SORT(.ctors.*))
 *(.ctors)

.dtors
 *crtbegin.o(.dtors)
 *crtbegin?.o(.dtors)
 *(EXCLUDE_FILE(*crtend?.o *crtend.o) .dtors)
 *(SORT(.dtors.*))
 *(.dtors)

.jcr            0x000000000002ff00        0x4
 *(.jcr)
 .jcr           0x000000000002ff00        0x0 /usr/lib/gcc/i686-linux-gnu/4.8/crtbeginS.o
 .jcr           0x000000000002ff00        0x4 /usr/lib/gcc/i686-linux-gnu/4.8/crtendS.o

.data.rel.ro
 *(.data.rel.ro.local* .gnu.linkonce.d.rel.ro.local.*)
 *(.data.rel.ro .data.rel.ro.* .gnu.linkonce.d.rel.ro.*)

.dynamic        0x000000000002ff04       0xe8
 *(.dynamic)
 .dynamic       0x000000000002ff04       0xe8 /usr/lib/gcc/i686-linux-gnu/4.8/../../../i386-linux-gnu/crti.o
                0x000000000002ff04                _DYNAMIC

.got            0x000000000002ffec       0x14
 *(.got)
 .got           0x000000000002ffec       0x14 /usr/lib/gcc/i686-linux-gnu/4.8/../../../i386-linux-gnu/crti.o
 *(.igot)
                0x0000000000030ff4                . = DATA_SEGMENT_RELRO_END (., (SIZEOF (.got.plt) >= 0xc)?0xc:0x0)

.got.plt        0x0000000000030000       0x14
 *(.got.plt)
 .got.plt       0x0000000000030000       0x14 /usr/lib/gcc/i686-linux-gnu/4.8/../../../i386-linux-gnu/crti.o
                0x0000000000030000                _GLOBAL_OFFSET_TABLE_
 *(.igot.plt)

.data           0x0000000000030020      0x246
 *(.data .data.* .gnu.linkonce.d.*)
 .data          0x0000000000030020        0x0 /usr/lib/gcc/i686-linux-gnu/4.8/../../../i386-linux-gnu/crti.o
 .data          0x0000000000030020        0x0 /usr/lib/gcc/i686-linux-gnu/4.8/crtbeginS.o
 .data.rel      0x0000000000030020        0x4 /usr/lib/gcc/i686-linux-gnu/4.8/crtbeginS.o
                0x0000000000030020                __dso_handle
 .data          0x0000000000030024       0x10 udp-client.co
                0x0000000000030024                udp_client_process
 *fill*         0x0000000000030034        0xc 
 .data          0x0000000000030040       0x44 obj_cooja/mtype824.o
                0x0000000000030040                simInterfaces
                0x0000000000030074                sensors
 .data          0x0000000000030084        0x0 obj_cooja/mtype824.a(simEnvChange.o)
 .data          0x0000000000030084        0x0 obj_cooja/mtype824.a(cooja_mt.o)
 .data          0x0000000000030084        0x0 obj_cooja/mtype824.a(cooja_mtarch.o)
 .data          0x0000000000030084        0x0 obj_cooja/mtype824.a(rtimer-arch.o)
 .data          0x0000000000030084        0x0 obj_cooja/mtype824.a(beep.o)
 .data          0x0000000000030084        0x0 obj_cooja/mtype824.a(button-sensor.o)
 .data          0x0000000000030084        0x0 obj_cooja/mtype824.a(leds-arch.o)
 .data          0x0000000000030084        0x0 obj_cooja/mtype824.a(moteid.o)
 .data          0x0000000000030084        0x0 obj_cooja/mtype824.a(pir-sensor.o)
 .data          0x0000000000030084        0x0 obj_cooja/mtype824.a(rs232.o)
 .data          0x0000000000030084        0x0 obj_cooja/mtype824.a(vib-sensor.o)
 .data          0x0000000000030084        0x0 obj_cooja/mtype824.a(clock.o)
 .data          0x0000000000030084        0x0 obj_cooja/mtype824.a(log.o)
 .data          0x0000000000030084        0x0 obj_cooja/mtype824.a(cfs-cooja.o)
 .data          0x0000000000030084       0x2c obj_cooja/mtype824.a(cooja-radio.o)
                0x0000000000030084                simRadioHWOn
                0x0000000000030088                simSignalStrength
                0x000000000003008c                simLastSignalStrength
                0x0000000000030090                simPower
                0x0000000000030094                simRadioChannel
                0x0000000000030098                simRadioChannelLR
                0x000000000003009c                simLQI
                0x00000000000300a0                cooja_radio_process
 .data          0x00000000000300b0        0x0 obj_cooja/mtype824.a(eeprom.o)
 .data          0x00000000000300b0        0x0 obj_cooja/mtype824.a(random.o)
 .data          0x00000000000300b0       0x10 obj_cooja/mtype824.a(sensors.o)
                0x00000000000300b0                sensors_process
 .data          0x00000000000300c0       0x24 obj_cooja/mtype824.a(dual_conf.o)
                0x00000000000300c0                radio_received
                0x00000000000300c4                dual_dio_broadcast
                0x00000000000300d4                dual_dis_broadcast
 .data          0x00000000000300e4        0x0 obj_cooja/mtype824.a(autostart.o)
 .data          0x00000000000300e4       0x14 obj_cooja/mtype824.a(ctimer.o)
                0x00000000000300e8                ctimer_process
 .data          0x00000000000300f8       0x10 obj_cooja/mtype824.a(etimer.o)
                0x00000000000300f8                etimer_process
 .data          0x0000000000030108        0x0 obj_cooja/mtype824.a(process.o)
 .data          0x0000000000030108        0x0 obj_cooja/mtype824.a(rtimer.o)
 .data          0x0000000000030108        0x0 obj_cooja/mtype824.a(stimer.o)
 .data          0x0000000000030108        0x0 obj_cooja/mtype824.a(timer.o)
 .data          0x0000000000030108       0x10 obj_cooja/mtype824.a(serial-line.o)
                0x0000000000030108                serial_line_process
 .data          0x0000000000030118        0x0 obj_cooja/mtype824.a(list.o)
 .data          0x0000000000030118        0x0 obj_cooja/mtype824.a(ringbuf.o)
 .data          0x0000000000030118        0x0 obj_cooja/mtype824.a(sicslowpan.o)
 .data          0x0000000000030118       0x14 obj_cooja/mtype824.a(uip-ds6-nbr.o)
                0x0000000000030128                ds6_neighbors
 .data          0x000000000003012c       0x44 obj_cooja/mtype824.a(uip-ds6-route.o)
                0x000000000003013c                nbr_routes
 .data          0x0000000000030170        0x0 obj_cooja/mtype824.a(uip-ds6.o)
 .data          0x0000000000030170        0x0 obj_cooja/mtype824.a(uip6.o)
 .data          0x0000000000030170       0x10 obj_cooja/mtype824.a(tcpip.o)
                0x0000000000030170                tcpip_process
 .data          0x0000000000030180        0x0 obj_cooja/mtype824.a(uip-debug.o)
 .data          0x0000000000030180        0xc obj_cooja/mtype824.a(uip-packetqueue)
 .data          0x000000000003018c        0x0 obj_cooja/mtype824.a(uip-udp-packet.)
 .data          0x000000000003018c       0x14 obj_cooja/mtype824.a(rpl-dag.o)
                0x000000000003019c                rpl_parents
 .data          0x00000000000301a0        0x0 obj_cooja/mtype824.a(rpl-ext-header.)
 .data          0x00000000000301a0       0x34 obj_cooja/mtype824.a(rpl-icmp6.o)
 .data          0x00000000000301d4       0x1c obj_cooja/mtype824.a(rpl-mrhof.o)
                0x00000000000301d4                rpl_mrhof
 .data          0x00000000000301f0        0x0 obj_cooja/mtype824.a(rpl-timers.o)
 .data          0x00000000000301f0        0x0 obj_cooja/mtype824.a(rpl.o)
 .data          0x00000000000301f0        0x0 obj_cooja/mtype824.a(linkaddr.o)
 .data          0x00000000000301f0       0x10 obj_cooja/mtype824.a(nbr-table.o)
 .data          0x0000000000030200        0x0 obj_cooja/mtype824.a(netstack.o)
 .data          0x0000000000030200        0x4 obj_cooja/mtype824.a(packetbuf.o)
 .data          0x0000000000030204       0x18 obj_cooja/mtype824.a(queuebuf.o)
 .data          0x000000000003021c       0x28 obj_cooja/mtype824.a(csma.o)
 .data          0x0000000000030244        0x0 obj_cooja/mtype824.a(framer-802154.o)
 .data          0x0000000000030244        0x0 obj_cooja/mtype824.a(mac.o)
 .data          0x0000000000030244        0x0 obj_cooja/mtype824.a(nullrdc.o)
 .data          0x0000000000030244        0x0 obj_cooja/mtype824.a(nullsec.o)
 .data          0x0000000000030244        0x0 obj_cooja/mtype824.a(watchdog.o)
 .data          0x0000000000030244        0x0 obj_cooja/mtype824.a(rimestats.o)
 .data          0x0000000000030244        0x0 obj_cooja/mtype824.a(memb.o)
 .data          0x0000000000030244       0x20 obj_cooja/mtype824.a(uip-icmp6.o)
 .data          0x0000000000030264        0x0 obj_cooja/mtype824.a(uip-nd6.o)
 .data          0x0000000000030264        0x0 obj_cooja/mtype824.a(rpl-nbr-policy.)
 .data          0x0000000000030264        0x2 obj_cooja/mtype824.a(frame802154.o)
 .data          0x0000000000030266        0x0 obj_cooja/mtype824.a(mac-sequence.o)
 .data          0x0000000000030266        0x0 /usr/lib/gcc/i686-linux-gnu/4.8/crtendS.o
 .data          0x0000000000030266        0x0 /usr/lib/gcc/i686-linux-gnu/4.8/../../../i386-linux-gnu/crtn.o

.tm_clone_table
                0x0000000000030268        0x0
 .tm_clone_table
                0x0000000000030268        0x0 /usr/lib/gcc/i686-linux-gnu/4.8/crtbeginS.o
 .tm_clone_table
                0x0000000000030268        0x0 /usr/lib/gcc/i686-linux-gnu/4.8/crtendS.o

.data1
 *(.data1)
                0x0000000000030268                _edata = .
                0x0000000000030268                PROVIDE (edata, .)
                0x0000000000030268                . = .
                0x0000000000030268                __bss_start = .

.bss            0x0000000000030280     0x8268
 *(.dynbss)
 .dynbss        0x0000000000000000        0x0 /usr/lib/gcc/i686-linux-gnu/4.8/../../../i386-linux-gnu/crti.o
 *(.bss .bss.* .gnu.linkonce.b.*)
 .bss           0x0000000000030280        0x0 /usr/lib/gcc/i686-linux-gnu/4.8/../../../i386-linux-gnu/crti.o
 .bss           0x0000000000030280        0x1 /usr/lib/gcc/i686-linux-gnu/4.8/crtbeginS.o
 *fill*         0x0000000000030281       0x1f 
 .bss           0x00000000000302a0       0x60 udp-client.co
 .bss           0x0000000000030300     0x2030 obj_cooja/mtype824.o
 .bss           0x0000000000032330        0x1 obj_cooja/mtype824.a(simEnvChange.o)
                0x0000000000032330                simDontFallAsleep
 *fill*         0x0000000000032331        0x3 
 .bss           0x0000000000032334        0x4 obj_cooja/mtype824.a(cooja_mt.o)
 .bss           0x0000000000032338        0x4 obj_cooja/mtype824.a(cooja_mtarch.o)
 .bss           0x000000000003233c        0xc obj_cooja/mtype824.a(rtimer-arch.o)
 .bss           0x0000000000032348        0x0 obj_cooja/mtype824.a(beep.o)
 .bss           0x0000000000032348        0x8 obj_cooja/mtype824.a(button-sensor.o)
 .bss           0x0000000000032350        0x0 obj_cooja/mtype824.a(leds-arch.o)
 .bss           0x0000000000032350        0x0 obj_cooja/mtype824.a(moteid.o)
 .bss           0x0000000000032350        0x1 obj_cooja/mtype824.a(pir-sensor.o)
                0x0000000000032350                simPirValue
 *fill*         0x0000000000032351        0x3 
 .bss           0x0000000000032354        0x4 obj_cooja/mtype824.a(rs232.o)
 .bss           0x0000000000032358        0x1 obj_cooja/mtype824.a(vib-sensor.o)
                0x0000000000032358                simVibValue
 .bss           0x0000000000032359        0x0 obj_cooja/mtype824.a(clock.o)
 *fill*         0x0000000000032359        0x7 
 .bss           0x0000000000032360      0x420 obj_cooja/mtype824.a(log.o)
 .bss           0x0000000000032780      0xfc0 obj_cooja/mtype824.a(cfs-cooja.o)
                0x0000000000032780                simCFSData
                0x0000000000033720                simCFSSize
                0x0000000000033724                simCFSChanged
                0x0000000000033728                simCFSRead
                0x000000000003372c                simCFSWritten
 .bss           0x0000000000033740       0x20 obj_cooja/mtype824.a(cooja-radio.o)
                0x0000000000033740                simReceiving
                0x0000000000033741                simReceivingLR
                0x0000000000033744                simInSize
                0x0000000000033748                simInSizeLR
                0x000000000003374c                simOutSize
                0x0000000000033750                simOutSizeLR
                0x0000000000033754                LongRangeTransmit
                0x0000000000033758                LongRangeReceiving
 .bss           0x0000000000033760        0xc obj_cooja/mtype824.a(eeprom.o)
                0x0000000000033760                simEEPROMChanged
                0x0000000000033764                simEEPROMRead
                0x0000000000033768                simEEPROMWritten
 .bss           0x000000000003376c        0x0 obj_cooja/mtype824.a(random.o)
 .bss           0x000000000003376c        0xc obj_cooja/mtype824.a(sensors.o)
 .bss           0x0000000000033778       0x28 obj_cooja/mtype824.a(dual_conf.o)
                0x0000000000033778                long_range_radio
 .bss           0x00000000000337a0        0x0 obj_cooja/mtype824.a(autostart.o)
 .bss           0x00000000000337a0        0x5 obj_cooja/mtype824.a(ctimer.o)
 *fill*         0x00000000000337a5        0x3 
 .bss           0x00000000000337a8        0x8 obj_cooja/mtype824.a(etimer.o)
 *fill*         0x00000000000337b0       0x10 
 .bss           0x00000000000337c0      0x1b1 obj_cooja/mtype824.a(process.o)
                0x00000000000337c0                process_list
                0x00000000000337c4                process_current
 *fill*         0x0000000000033971        0x3 
 .bss           0x0000000000033974        0x4 obj_cooja/mtype824.a(rtimer.o)
 .bss           0x0000000000033978        0x0 obj_cooja/mtype824.a(stimer.o)
 .bss           0x0000000000033978        0x0 obj_cooja/mtype824.a(timer.o)
 *fill*         0x0000000000033978        0x8 
 .bss           0x0000000000033980      0x140 obj_cooja/mtype824.a(serial-line.o)
 .bss           0x0000000000033ac0        0x0 obj_cooja/mtype824.a(list.o)
 .bss           0x0000000000033ac0        0x0 obj_cooja/mtype824.a(ringbuf.o)
 .bss           0x0000000000033ac0      0x6f0 obj_cooja/mtype824.a(sicslowpan.o)
 *fill*         0x00000000000341b0       0x10 
 .bss           0x00000000000341c0       0xf0 obj_cooja/mtype824.a(uip-ds6-nbr.o)
 *fill*         0x00000000000342b0       0x10 
 .bss           0x00000000000342c0      0x2a8 obj_cooja/mtype824.a(uip-ds6-route.o)
 .bss           0x0000000000034568       0x30 obj_cooja/mtype824.a(uip-ds6.o)
 .bss           0x0000000000034598        0xe obj_cooja/mtype824.a(uip6.o)
                0x0000000000034598                uip_ext_bitmap
                0x0000000000034599                uip_ext_len
                0x000000000003459a                uip_ext_opt_offset
 *fill*         0x00000000000345a6       0x1a 
 .bss           0x00000000000345c0       0x6a obj_cooja/mtype824.a(tcpip.o)
 .bss           0x000000000003462a        0x0 obj_cooja/mtype824.a(uip-debug.o)
 *fill*         0x000000000003462a       0x16 
 .bss           0x0000000000034640      0xcf8 obj_cooja/mtype824.a(uip-packetqueue)
 .bss           0x0000000000035338        0x0 obj_cooja/mtype824.a(uip-udp-packet.)
 *fill*         0x0000000000035338        0x8 
 .bss           0x0000000000035340       0xa0 obj_cooja/mtype824.a(rpl-dag.o)
 .bss           0x00000000000353e0        0x0 obj_cooja/mtype824.a(rpl-ext-header.)
 .bss           0x00000000000353e0        0x0 obj_cooja/mtype824.a(rpl-icmp6.o)
 .bss           0x00000000000353e0        0x0 obj_cooja/mtype824.a(rpl-mrhof.o)
 .bss           0x00000000000353e0       0x23 obj_cooja/mtype824.a(rpl-timers.o)
 *fill*         0x0000000000035403        0x1 
 .bss           0x0000000000035404        0x4 obj_cooja/mtype824.a(rpl.o)
 .bss           0x0000000000035408        0x0 obj_cooja/mtype824.a(linkaddr.o)
 *fill*         0x0000000000035408       0x18 
 .bss           0x0000000000035420       0xdc obj_cooja/mtype824.a(nbr-table.o)
 .bss           0x00000000000354fc        0x0 obj_cooja/mtype824.a(netstack.o)
 *fill*         0x00000000000354fc        0x4 
 .bss           0x0000000000035500       0xa0 obj_cooja/mtype824.a(packetbuf.o)
 .bss           0x00000000000355a0      0xb80 obj_cooja/mtype824.a(queuebuf.o)
 .bss           0x0000000000036120      0x248 obj_cooja/mtype824.a(csma.o)
 .bss           0x0000000000036368        0x2 obj_cooja/mtype824.a(framer-802154.o)
 .bss           0x000000000003636a        0x0 obj_cooja/mtype824.a(mac.o)
 .bss           0x000000000003636a        0x0 obj_cooja/mtype824.a(nullrdc.o)
 .bss           0x000000000003636a        0x0 obj_cooja/mtype824.a(nullsec.o)
 .bss           0x000000000003636a        0x0 obj_cooja/mtype824.a(watchdog.o)
 .bss           0x000000000003636a        0x0 obj_cooja/mtype824.a(rimestats.o)
 .bss           0x000000000003636a        0x0 obj_cooja/mtype824.a(memb.o)
 *fill*         0x000000000003636a        0x2 
 .bss           0x000000000003636c       0x18 obj_cooja/mtype824.a(uip-icmp6.o)
 .bss           0x0000000000036384        0x0 obj_cooja/mtype824.a(uip-nd6.o)
 *fill*         0x0000000000036384       0x1c 
 .bss           0x00000000000363a0       0x44 obj_cooja/mtype824.a(rpl-nbr-policy.)
 .bss           0x00000000000363e4        0x0 obj_cooja/mtype824.a(frame802154.o)
 *fill*         0x00000000000363e4       0x1c 
 .bss           0x0000000000036400       0x90 obj_cooja/mtype824.a(mac-sequence.o)
 .bss           0x0000000000036490        0x0 /usr/lib/gcc/i686-linux-gnu/4.8/crtendS.o
 .bss           0x0000000000036490        0x0 /usr/lib/gcc/i686-linux-gnu/4.8/../../../i386-linux-gnu/crtn.o
 *(COMMON)
 COMMON         0x0000000000036490        0x8 obj_cooja/mtype824.o
                0x0000000000036490                referenceVar
                0x0000000000036494                sensors_flags
 COMMON         0x0000000000036498        0xc obj_cooja/mtype824.a(simEnvChange.o)
                0x0000000000036498                simEtimerPending
                0x000000000003649c                simProcessRunValue
                0x00000000000364a0                simNextExpirationTime
 COMMON         0x00000000000364a4        0x1 obj_cooja/mtype824.a(beep.o)
                0x00000000000364a4                simBeeped
 COMMON         0x00000000000364a5        0x3 obj_cooja/mtype824.a(button-sensor.o)
                0x00000000000364a5                simButtonIsActive
                0x00000000000364a6                simButtonIsDown
                0x00000000000364a7                simButtonChanged
 COMMON         0x00000000000364a8        0x1 obj_cooja/mtype824.a(leds-arch.o)
                0x00000000000364a8                simLedsValue
 *fill*         0x00000000000364a9        0x3 
 COMMON         0x00000000000364ac        0xc obj_cooja/mtype824.a(moteid.o)
                0x00000000000364ac                simRandomSeed
                0x00000000000364b0                simMoteIDChanged
                0x00000000000364b4                simMoteID
 COMMON         0x00000000000364b8        0x2 obj_cooja/mtype824.a(pir-sensor.o)
                0x00000000000364b8                simPirIsActive
                0x00000000000364b9                simPirChanged
 *fill*         0x00000000000364ba        0x6 
 COMMON         0x00000000000364c0      0x820 obj_cooja/mtype824.a(rs232.o)
                0x00000000000364c0                simSerialReceivingFlag
                0x00000000000364c4                simSerialReceivingLength
                0x00000000000364e0                simSerialReceivingData
 COMMON         0x0000000000036ce0        0x2 obj_cooja/mtype824.a(vib-sensor.o)
                0x0000000000036ce0                simVibChanged
                0x0000000000036ce1                simVibIsActive
 *fill*         0x0000000000036ce2        0x2 
 COMMON         0x0000000000036ce4        0x4 obj_cooja/mtype824.a(clock.o)
                0x0000000000036ce4                simCurrentTime
 *fill*         0x0000000000036ce8       0x18 
 COMMON         0x0000000000036d00      0x420 obj_cooja/mtype824.a(log.o)
                0x0000000000036d00                simLoggedLength
                0x0000000000036d04                simLoggedFlag
                0x0000000000036d20                simLoggedData
 COMMON         0x0000000000037120      0x200 obj_cooja/mtype824.a(cooja-radio.o)
                0x0000000000037120                simOutDataBuffer
                0x00000000000371a0                simInDataBufferLR
                0x0000000000037220                simOutDataBufferLR
                0x00000000000372a0                simInDataBuffer
 COMMON         0x0000000000037320      0x400 obj_cooja/mtype824.a(eeprom.o)
                0x0000000000037320                simEEPROMData
 COMMON         0x0000000000037720        0x1 obj_cooja/mtype824.a(sensors.o)
                0x0000000000037720                sensors_event
 COMMON         0x0000000000037721        0x1 obj_cooja/mtype824.a(serial-line.o)
                0x0000000000037721                serial_line_event_message
 *fill*         0x0000000000037722       0x1e 
 COMMON         0x0000000000037740      0x298 obj_cooja/mtype824.a(uip-ds6.o)
                0x0000000000037740                uip_ds6_prefix_list
                0x00000000000377a0                uip_ds6_timer_periodic
                0x00000000000377b0                uip_ds6_netif_addr_list_offset
                0x00000000000377c0                uip_ds6_if
                0x00000000000378b8                uip_ds6_timer_ra
                0x00000000000378c0                uip_ds6_addr_size
                0x00000000000378e0                long_uip_ds6_if
 *fill*         0x00000000000379d8        0x8 
 COMMON         0x00000000000379e0      0x8ec obj_cooja/mtype824.a(uip6.o)
                0x00000000000379e0                uip_slen
                0x00000000000379e2                uip_acc32
                0x0000000000037a00                uip_conns
                0x0000000000037ac0                uip_lladdr
                0x0000000000037ac8                uip_appdata
                0x0000000000037acc                uip_flags
                0x0000000000037ae0                uip_aligned_buf
                0x0000000000038120                uip_listenports
                0x0000000000038130                uip_len
                0x0000000000038132                uip_long_lladdr
                0x000000000003813c                uip_sappdata
                0x0000000000038140                uip_udp_conns
                0x00000000000382c0                uip_udp_conn
                0x00000000000382c4                uip_next_hdr
                0x00000000000382c8                uip_conn
 COMMON         0x00000000000382cc        0x1 obj_cooja/mtype824.a(tcpip.o)
                0x00000000000382cc                tcpip_event
 *fill*         0x00000000000382cd       0x13 
 COMMON         0x00000000000382e0      0x170 obj_cooja/mtype824.a(rpl-dag.o)
                0x00000000000382e0                default_instance
                0x0000000000038300                instance_table
 COMMON         0x0000000000038450       0x10 obj_cooja/mtype824.a(linkaddr.o)
                0x0000000000038450                linkaddr_node_addr
                0x0000000000038458                long_linkaddr_node_addr
 COMMON         0x0000000000038460       0x2e obj_cooja/mtype824.a(packetbuf.o)
                0x0000000000038460                packetbuf_attrs
                0x000000000003847e                packetbuf_addrs
 *fill*         0x000000000003848e       0x12 
 COMMON         0x00000000000384a0       0x48 obj_cooja/mtype824.a(rimestats.o)
                0x00000000000384a0                rimestats
                0x00000000000384e8                . = ALIGN ((. != 0x0)?0x4:0x1)
                0x00000000000384e8                . = ALIGN (0x4)
                0x00000000000384e8                . = SEGMENT_START ("ldata-segment", .)
                0x00000000000384e8                . = ALIGN (0x4)
                0x00000000000384e8                _end = .
                0x00000000000384e8                PROVIDE (end, .)
                0x00000000000384e8                . = DATA_SEGMENT_END (.)

.stab
 *(.stab)

.stabstr
 *(.stabstr)

.stab.excl
 *(.stab.excl)

.stab.exclstr
 *(.stab.exclstr)

.stab.index
 *(.stab.index)

.stab.indexstr
 *(.stab.indexstr)

.comment        0x0000000000000000       0x2b
 *(.comment)
 .comment       0x0000000000000000       0x2b /usr/lib/gcc/i686-linux-gnu/4.8/crtbeginS.o
                                         0x2c (size before relaxing)
 .comment       0x0000000000000000       0x2c udp-client.co
 .comment       0x0000000000000000       0x2c obj_cooja/mtype824.o
 .comment       0x0000000000000000       0x2c obj_cooja/mtype824.a(simEnvChange.o)
 .comment       0x0000000000000000       0x2c obj_cooja/mtype824.a(cooja_mt.o)
 .comment       0x0000000000000000       0x2c obj_cooja/mtype824.a(cooja_mtarch.o)
 .comment       0x0000000000000000       0x2c obj_cooja/mtype824.a(rtimer-arch.o)
 .comment       0x0000000000000000       0x2c obj_cooja/mtype824.a(beep.o)
 .comment       0x0000000000000000       0x2c obj_cooja/mtype824.a(button-sensor.o)
 .comment       0x0000000000000000       0x2c obj_cooja/mtype824.a(leds-arch.o)
 .comment       0x0000000000000000       0x2c obj_cooja/mtype824.a(moteid.o)
 .comment       0x0000000000000000       0x2c obj_cooja/mtype824.a(pir-sensor.o)
 .comment       0x0000000000000000       0x2c obj_cooja/mtype824.a(rs232.o)
 .comment       0x0000000000000000       0x2c obj_cooja/mtype824.a(vib-sensor.o)
 .comment       0x0000000000000000       0x2c obj_cooja/mtype824.a(clock.o)
 .comment       0x0000000000000000       0x2c obj_cooja/mtype824.a(log.o)
 .comment       0x0000000000000000       0x2c obj_cooja/mtype824.a(cfs-cooja.o)
 .comment       0x0000000000000000       0x2c obj_cooja/mtype824.a(cooja-radio.o)
 .comment       0x0000000000000000       0x2c obj_cooja/mtype824.a(eeprom.o)
 .comment       0x0000000000000000       0x2c obj_cooja/mtype824.a(random.o)
 .comment       0x0000000000000000       0x2c obj_cooja/mtype824.a(sensors.o)
 .comment       0x0000000000000000       0x2c obj_cooja/mtype824.a(dual_conf.o)
 .comment       0x0000000000000000       0x2c obj_cooja/mtype824.a(autostart.o)
 .comment       0x0000000000000000       0x2c obj_cooja/mtype824.a(ctimer.o)
 .comment       0x0000000000000000       0x2c obj_cooja/mtype824.a(etimer.o)
 .comment       0x0000000000000000       0x2c obj_cooja/mtype824.a(process.o)
 .comment       0x0000000000000000       0x2c obj_cooja/mtype824.a(rtimer.o)
 .comment       0x0000000000000000       0x2c obj_cooja/mtype824.a(stimer.o)
 .comment       0x0000000000000000       0x2c obj_cooja/mtype824.a(timer.o)
 .comment       0x0000000000000000       0x2c obj_cooja/mtype824.a(serial-line.o)
 .comment       0x0000000000000000       0x2c obj_cooja/mtype824.a(list.o)
 .comment       0x0000000000000000       0x2c obj_cooja/mtype824.a(ringbuf.o)
 .comment       0x0000000000000000       0x2c obj_cooja/mtype824.a(sicslowpan.o)
 .comment       0x0000000000000000       0x2c obj_cooja/mtype824.a(uip-ds6-nbr.o)
 .comment       0x0000000000000000       0x2c obj_cooja/mtype824.a(uip-ds6-route.o)
 .comment       0x0000000000000000       0x2c obj_cooja/mtype824.a(uip-ds6.o)
 .comment       0x0000000000000000       0x2c obj_cooja/mtype824.a(uip6.o)
 .comment       0x0000000000000000       0x2c obj_cooja/mtype824.a(tcpip.o)
 .comment       0x0000000000000000       0x2c obj_cooja/mtype824.a(uip-debug.o)
 .comment       0x0000000000000000       0x2c obj_cooja/mtype824.a(uip-packetqueue)
 .comment       0x0000000000000000       0x2c obj_cooja/mtype824.a(uip-udp-packet.)
 .comment       0x0000000000000000       0x2c obj_cooja/mtype824.a(rpl-dag.o)
 .comment       0x0000000000000000       0x2c obj_cooja/mtype824.a(rpl-ext-header.)
 .comment       0x0000000000000000       0x2c obj_cooja/mtype824.a(rpl-icmp6.o)
 .comment       0x0000000000000000       0x2c obj_cooja/mtype824.a(rpl-mrhof.o)
 .comment       0x0000000000000000       0x2c obj_cooja/mtype824.a(rpl-timers.o)
 .comment       0x0000000000000000       0x2c obj_cooja/mtype824.a(rpl.o)
 .comment       0x0000000000000000       0x2c obj_cooja/mtype824.a(linkaddr.o)
 .comment       0x0000000000000000       0x2c obj_cooja/mtype824.a(nbr-table.o)
 .comment       0x0000000000000000       0x2c obj_cooja/mtype824.a(netstack.o)
 .comment       0x0000000000000000       0x2c obj_cooja/mtype824.a(packetbuf.o)
 .comment       0x0000000000000000       0x2c obj_cooja/mtype824.a(queuebuf.o)
 .comment       0x0000000000000000       0x2c obj_cooja/mtype824.a(csma.o)
 .comment       0x0000000000000000       0x2c obj_cooja/mtype824.a(framer-802154.o)
 .comment       0x0000000000000000       0x2c obj_cooja/mtype824.a(mac.o)
 .comment       0x0000000000000000       0x2c obj_cooja/mtype824.a(nullrdc.o)
 .comment       0x0000000000000000       0x2c obj_cooja/mtype824.a(nullsec.o)
 .comment       0x0000000000000000       0x2c obj_cooja/mtype824.a(watchdog.o)
 .comment       0x0000000000000000       0x2c obj_cooja/mtype824.a(rimestats.o)
 .comment       0x0000000000000000       0x2c obj_cooja/mtype824.a(memb.o)
 .comment       0x0000000000000000       0x2c obj_cooja/mtype824.a(uip-icmp6.o)
 .comment       0x0000000000000000       0x2c obj_cooja/mtype824.a(uip-nd6.o)
 .comment       0x0000000000000000       0x2c obj_cooja/mtype824.a(rpl-nbr-policy.)
 .comment       0x0000000000000000       0x2c obj_cooja/mtype824.a(frame802154.o)
 .comment       0x0000000000000000       0x2c obj_cooja/mtype824.a(mac-sequence.o)
 .comment       0x0000000000000000       0x2c /usr/lib/gcc/i686-linux-gnu/4.8/crtendS.o

.debug
 *(.debug)

.line
 *(.line)

.debug_srcinfo
 *(.debug_srcinfo)

.debug_sfnames
 *(.debug_sfnames)

.debug_aranges  0x0000000000000000      0x7f8
 *(.debug_aranges)
 .debug_aranges
                0x0000000000000000       0x20 udp-client.co
 .debug_aranges
                0x0000000000000020       0x20 obj_cooja/mtype824.o
 .debug_aranges
                0x0000000000000040       0x20 obj_cooja/mtype824.a(simEnvChange.o)
 .debug_aranges
                0x0000000000000060       0x20 obj_cooja/mtype824.a(cooja_mt.o)
 .debug_aranges
                0x0000000000000080       0x20 obj_cooja/mtype824.a(cooja_mtarch.o)
 .debug_aranges
                0x00000000000000a0       0x20 obj_cooja/mtype824.a(rtimer-arch.o)
 .debug_aranges
                0x00000000000000c0       0x20 obj_cooja/mtype824.a(beep.o)
 .debug_aranges
                0x00000000000000e0       0x20 obj_cooja/mtype824.a(button-sensor.o)
 .debug_aranges
                0x0000000000000100       0x20 obj_cooja/mtype824.a(leds-arch.o)
 .debug_aranges
                0x0000000000000120       0x20 obj_cooja/mtype824.a(moteid.o)
 .debug_aranges
                0x0000000000000140       0x20 obj_cooja/mtype824.a(pir-sensor.o)
 .debug_aranges
                0x0000000000000160       0x20 obj_cooja/mtype824.a(rs232.o)
 .debug_aranges
                0x0000000000000180       0x20 obj_cooja/mtype824.a(vib-sensor.o)
 .debug_aranges
                0x00000000000001a0       0x20 obj_cooja/mtype824.a(clock.o)
 .debug_aranges
                0x00000000000001c0       0x20 obj_cooja/mtype824.a(log.o)
 .debug_aranges
                0x00000000000001e0       0x20 obj_cooja/mtype824.a(cfs-cooja.o)
 .debug_aranges
                0x0000000000000200       0x20 obj_cooja/mtype824.a(cooja-radio.o)
 .debug_aranges
                0x0000000000000220       0x20 obj_cooja/mtype824.a(eeprom.o)
 .debug_aranges
                0x0000000000000240       0x20 obj_cooja/mtype824.a(random.o)
 .debug_aranges
                0x0000000000000260       0x20 obj_cooja/mtype824.a(sensors.o)
 .debug_aranges
                0x0000000000000280       0x20 obj_cooja/mtype824.a(dual_conf.o)
 .debug_aranges
                0x00000000000002a0       0x20 obj_cooja/mtype824.a(autostart.o)
 .debug_aranges
                0x00000000000002c0       0x20 obj_cooja/mtype824.a(ctimer.o)
 .debug_aranges
                0x00000000000002e0       0x20 obj_cooja/mtype824.a(etimer.o)
 .debug_aranges
                0x0000000000000300       0x20 obj_cooja/mtype824.a(process.o)
 .debug_aranges
                0x0000000000000320       0x20 obj_cooja/mtype824.a(rtimer.o)
 .debug_aranges
                0x0000000000000340       0x20 obj_cooja/mtype824.a(stimer.o)
 .debug_aranges
                0x0000000000000360       0x20 obj_cooja/mtype824.a(timer.o)
 .debug_aranges
                0x0000000000000380       0x20 obj_cooja/mtype824.a(serial-line.o)
 .debug_aranges
                0x00000000000003a0       0x20 obj_cooja/mtype824.a(list.o)
 .debug_aranges
                0x00000000000003c0       0x20 obj_cooja/mtype824.a(ringbuf.o)
 .debug_aranges
                0x00000000000003e0       0x20 obj_cooja/mtype824.a(sicslowpan.o)
 .debug_aranges
                0x0000000000000400       0x20 obj_cooja/mtype824.a(uip-ds6-nbr.o)
 .debug_aranges
                0x0000000000000420       0x20 obj_cooja/mtype824.a(uip-ds6-route.o)
 .debug_aranges
                0x0000000000000440       0x20 obj_cooja/mtype824.a(uip-ds6.o)
 .debug_aranges
                0x0000000000000460       0x20 obj_cooja/mtype824.a(uip6.o)
 .debug_aranges
                0x0000000000000480       0x20 obj_cooja/mtype824.a(tcpip.o)
 .debug_aranges
                0x00000000000004a0       0x20 obj_cooja/mtype824.a(uip-debug.o)
 .debug_aranges
                0x00000000000004c0       0x20 obj_cooja/mtype824.a(uip-packetqueue)
 .debug_aranges
                0x00000000000004e0       0x20 obj_cooja/mtype824.a(uip-udp-packet.)
 .debug_aranges
                0x0000000000000500       0x20 obj_cooja/mtype824.a(rpl-dag.o)
 .debug_aranges
                0x0000000000000520       0x20 obj_cooja/mtype824.a(rpl-ext-header.)
 .debug_aranges
                0x0000000000000540       0x20 obj_cooja/mtype824.a(rpl-icmp6.o)
 .debug_aranges
                0x0000000000000560       0x20 obj_cooja/mtype824.a(rpl-mrhof.o)
 .debug_aranges
                0x0000000000000580       0x20 obj_cooja/mtype824.a(rpl-timers.o)
 .debug_aranges
                0x00000000000005a0       0x20 obj_cooja/mtype824.a(rpl.o)
 .debug_aranges
                0x00000000000005c0       0x20 obj_cooja/mtype824.a(linkaddr.o)
 .debug_aranges
                0x00000000000005e0       0x20 obj_cooja/mtype824.a(nbr-table.o)
 .debug_aranges
                0x0000000000000600       0x20 obj_cooja/mtype824.a(netstack.o)
 .debug_aranges
                0x0000000000000620       0x20 obj_cooja/mtype824.a(packetbuf.o)
 .debug_aranges
                0x0000000000000640       0x20 obj_cooja/mtype824.a(queuebuf.o)
 .debug_aranges
                0x0000000000000660       0x20 obj_cooja/mtype824.a(csma.o)
 .debug_aranges
                0x0000000000000680       0x20 obj_cooja/mtype824.a(framer-802154.o)
 .debug_aranges
                0x00000000000006a0       0x20 obj_cooja/mtype824.a(mac.o)
 .debug_aranges
                0x00000000000006c0       0x20 obj_cooja/mtype824.a(nullrdc.o)
 .debug_aranges
                0x00000000000006e0       0x20 obj_cooja/mtype824.a(nullsec.o)
 .debug_aranges
                0x0000000000000700       0x20 obj_cooja/mtype824.a(watchdog.o)
 .debug_aranges
                0x0000000000000720       0x18 obj_cooja/mtype824.a(rimestats.o)
 .debug_aranges
                0x0000000000000738       0x20 obj_cooja/mtype824.a(memb.o)
 .debug_aranges
                0x0000000000000758       0x20 obj_cooja/mtype824.a(uip-icmp6.o)
 .debug_aranges
                0x0000000000000778       0x20 obj_cooja/mtype824.a(uip-nd6.o)
 .debug_aranges
                0x0000000000000798       0x20 obj_cooja/mtype824.a(rpl-nbr-policy.)
 .debug_aranges
                0x00000000000007b8       0x20 obj_cooja/mtype824.a(frame802154.o)
 .debug_aranges
                0x00000000000007d8       0x20 obj_cooja/mtype824.a(mac-sequence.o)

.debug_pubnames
 *(.debug_pubnames)

.debug_info     0x0000000000000000    0x1b121
 *(.debug_info .gnu.linkonce.wi.*)
 .debug_info    0x0000000000000000      0x8a1 udp-client.co
 .debug_info    0x00000000000008a1     0x3734 obj_cooja/mtype824.o
 .debug_info    0x0000000000003fd5      0x15a obj_cooja/mtype824.a(simEnvChange.o)
 .debug_info    0x000000000000412f      0x1e2 obj_cooja/mtype824.a(cooja_mt.o)
 .debug_info    0x0000000000004311      0x2e7 obj_cooja/mtype824.a(cooja_mtarch.o)
 .debug_info    0x00000000000045f8      0x16b obj_cooja/mtype824.a(rtimer-arch.o)
 .debug_info    0x0000000000004763      0x1f3 obj_cooja/mtype824.a(beep.o)
 .debug_info    0x0000000000004956      0x257 obj_cooja/mtype824.a(button-sensor.o)
 .debug_info    0x0000000000004bad      0x132 obj_cooja/mtype824.a(leds-arch.o)
 .debug_info    0x0000000000004cdf      0x10a obj_cooja/mtype824.a(moteid.o)
 .debug_info    0x0000000000004de9      0x216 obj_cooja/mtype824.a(pir-sensor.o)
 .debug_info    0x0000000000004fff      0x21e obj_cooja/mtype824.a(rs232.o)
 .debug_info    0x000000000000521d      0x216 obj_cooja/mtype824.a(vib-sensor.o)
 .debug_info    0x0000000000005433      0x152 obj_cooja/mtype824.a(clock.o)
 .debug_info    0x0000000000005585      0x2bb obj_cooja/mtype824.a(log.o)
 .debug_info    0x0000000000005840      0x3cf obj_cooja/mtype824.a(cfs-cooja.o)
 .debug_info    0x0000000000005c0f      0xc5e obj_cooja/mtype824.a(cooja-radio.o)
 .debug_info    0x000000000000686d      0x1d5 obj_cooja/mtype824.a(eeprom.o)
 .debug_info    0x0000000000006a42       0xb3 obj_cooja/mtype824.a(random.o)
 .debug_info    0x0000000000006af5      0x36d obj_cooja/mtype824.a(sensors.o)
 .debug_info    0x0000000000006e62      0x99d obj_cooja/mtype824.a(dual_conf.o)
 .debug_info    0x00000000000077ff      0x1a5 obj_cooja/mtype824.a(autostart.o)
 .debug_info    0x00000000000079a4      0x46c obj_cooja/mtype824.a(ctimer.o)
 .debug_info    0x0000000000007e10      0x49c obj_cooja/mtype824.a(etimer.o)
 .debug_info    0x00000000000082ac      0x4ba obj_cooja/mtype824.a(process.o)
 .debug_info    0x0000000000008766      0x1ab obj_cooja/mtype824.a(rtimer.o)
 .debug_info    0x0000000000008911      0x179 obj_cooja/mtype824.a(stimer.o)
 .debug_info    0x0000000000008a8a      0x16c obj_cooja/mtype824.a(timer.o)
 .debug_info    0x0000000000008bf6      0x2de obj_cooja/mtype824.a(serial-line.o)
 .debug_info    0x0000000000008ed4      0x2ed obj_cooja/mtype824.a(list.o)
 .debug_info    0x00000000000091c1      0x1aa obj_cooja/mtype824.a(ringbuf.o)
 .debug_info    0x000000000000936b      0xcba obj_cooja/mtype824.a(sicslowpan.o)
 .debug_info    0x000000000000a025      0x853 obj_cooja/mtype824.a(uip-ds6-nbr.o)
 .debug_info    0x000000000000a878      0xd60 obj_cooja/mtype824.a(uip-ds6-route.o)
 .debug_info    0x000000000000b5d8      0xc27 obj_cooja/mtype824.a(uip-ds6.o)
 .debug_info    0x000000000000c1ff      0xeaf obj_cooja/mtype824.a(uip6.o)
 .debug_info    0x000000000000d0ae     0x1437 obj_cooja/mtype824.a(tcpip.o)
 .debug_info    0x000000000000e4e5      0x1b5 obj_cooja/mtype824.a(uip-debug.o)
 .debug_info    0x000000000000e69a      0x470 obj_cooja/mtype824.a(uip-packetqueue)
 .debug_info    0x000000000000eb0a      0x37a obj_cooja/mtype824.a(uip-udp-packet.)
 .debug_info    0x000000000000ee84     0x1903 obj_cooja/mtype824.a(rpl-dag.o)
 .debug_info    0x0000000000010787      0xe2b obj_cooja/mtype824.a(rpl-ext-header.)
 .debug_info    0x00000000000115b2     0x1695 obj_cooja/mtype824.a(rpl-icmp6.o)
 .debug_info    0x0000000000012c47      0xabe obj_cooja/mtype824.a(rpl-mrhof.o)
 .debug_info    0x0000000000013705      0xbeb obj_cooja/mtype824.a(rpl-timers.o)
 .debug_info    0x00000000000142f0      0xcde obj_cooja/mtype824.a(rpl.o)
 .debug_info    0x0000000000014fce      0x184 obj_cooja/mtype824.a(linkaddr.o)
 .debug_info    0x0000000000015152      0x8d7 obj_cooja/mtype824.a(nbr-table.o)
 .debug_info    0x0000000000015a29      0x4b9 obj_cooja/mtype824.a(netstack.o)
 .debug_info    0x0000000000015ee2      0x478 obj_cooja/mtype824.a(packetbuf.o)
 .debug_info    0x000000000001635a      0x57d obj_cooja/mtype824.a(queuebuf.o)
 .debug_info    0x00000000000168d7      0xbff obj_cooja/mtype824.a(csma.o)
 .debug_info    0x00000000000174d6      0x5ed obj_cooja/mtype824.a(framer-802154.o)
 .debug_info    0x0000000000017ac3      0x112 obj_cooja/mtype824.a(mac.o)
 .debug_info    0x0000000000017bd5      0xc96 obj_cooja/mtype824.a(nullrdc.o)
 .debug_info    0x000000000001886b      0x3aa obj_cooja/mtype824.a(nullsec.o)
 .debug_info    0x0000000000018c15       0x7b obj_cooja/mtype824.a(watchdog.o)
 .debug_info    0x0000000000018c90      0x119 obj_cooja/mtype824.a(rimestats.o)
 .debug_info    0x0000000000018da9      0x1d7 obj_cooja/mtype824.a(memb.o)
 .debug_info    0x0000000000018f80      0x783 obj_cooja/mtype824.a(uip-icmp6.o)
 .debug_info    0x0000000000019703      0x331 obj_cooja/mtype824.a(uip-nd6.o)
 .debug_info    0x0000000000019a34      0xda2 obj_cooja/mtype824.a(rpl-nbr-policy.)
 .debug_info    0x000000000001a7d6      0x6b4 obj_cooja/mtype824.a(frame802154.o)
 .debug_info    0x000000000001ae8a      0x297 obj_cooja/mtype824.a(mac-sequence.o)

.debug_abbrev   0x0000000000000000     0x6730
 *(.debug_abbrev)
 .debug_abbrev  0x0000000000000000      0x1c0 udp-client.co
 .debug_abbrev  0x00000000000001c0      0x2b3 obj_cooja/mtype824.o
 .debug_abbrev  0x0000000000000473       0xc3 obj_cooja/mtype824.a(simEnvChange.o)
 .debug_abbrev  0x0000000000000536       0xe6 obj_cooja/mtype824.a(cooja_mt.o)
 .debug_abbrev  0x000000000000061c      0x147 obj_cooja/mtype824.a(cooja_mtarch.o)
 .debug_abbrev  0x0000000000000763       0xcc obj_cooja/mtype824.a(rtimer-arch.o)
 .debug_abbrev  0x000000000000082f       0xe3 obj_cooja/mtype824.a(beep.o)
 .debug_abbrev  0x0000000000000912      0x11c obj_cooja/mtype824.a(button-sensor.o)