Archive member included to satisfy reference by file (symbol)

obj_cooja/mtype479.a(simEnvChange.o)
                              obj_cooja/mtype479.o (simDontFallAsleep)
obj_cooja/mtype479.a(cooja_mt.o)
                              obj_cooja/mtype479.o (cooja_mt_start)
obj_cooja/mtype479.a(cooja_mtarch.o)
                              obj_cooja/mtype479.a(cooja_mt.o) (cooja_mtarch_init)
obj_cooja/mtype479.a(rtimer-arch.o)
                              obj_cooja/mtype479.o (rtimer_arch_next)
obj_cooja/mtype479.a(beep.o)  obj_cooja/mtype479.o (beep_interface)
obj_cooja/mtype479.a(button-sensor.o)
                              obj_cooja/mtype479.o (button_interface)
obj_cooja/mtype479.a(leds-arch.o)
                              obj_cooja/mtype479.o (leds_interface)
obj_cooja/mtype479.a(moteid.o)
                              obj_cooja/mtype479.o (moteid_interface)
obj_cooja/mtype479.a(pir-sensor.o)
                              obj_cooja/mtype479.o (pir_interface)
obj_cooja/mtype479.a(rs232.o)
                              obj_cooja/mtype479.o (rs232_interface)
obj_cooja/mtype479.a(vib-sensor.o)
                              obj_cooja/mtype479.o (vib_interface)
obj_cooja/mtype479.a(clock.o)
                              obj_cooja/mtype479.o (clock_interface)
obj_cooja/mtype479.a(log.o)   obj_cooja/mtype479.o (simlog_interface)
obj_cooja/mtype479.a(cfs-cooja.o)
                              obj_cooja/mtype479.o (cfs_interface)
obj_cooja/mtype479.a(cooja-radio.o)
                              obj_cooja/mtype479.o (radio_interface)
obj_cooja/mtype479.a(eeprom.o)
                              obj_cooja/mtype479.o (eeprom_interface)
obj_cooja/mtype479.a(random.o)
                              obj_cooja/mtype479.a(moteid.o) (random_init)
obj_cooja/mtype479.a(sensors.o)
                              obj_cooja/mtype479.o (sensors_process)
obj_cooja/mtype479.a(dual_conf.o)
                              obj_cooja/mtype479.a(cooja-radio.o) (long_range_radio)
obj_cooja/mtype479.a(autostart.o)
                              obj_cooja/mtype479.o (autostart_start)
obj_cooja/mtype479.a(ctimer.o)
                              obj_cooja/mtype479.o (ctimer_init)
obj_cooja/mtype479.a(etimer.o)
                              obj_cooja/mtype479.o (etimer_process)
obj_cooja/mtype479.a(process.o)
                              udp-client.co (process_current)
obj_cooja/mtype479.a(rtimer.o)
                              obj_cooja/mtype479.a(rtimer-arch.o) (rtimer_run_next)
obj_cooja/mtype479.a(stimer.o)
                              udp-client.co (stimer_remaining)
obj_cooja/mtype479.a(timer.o)
                              obj_cooja/mtype479.a(button-sensor.o) (timer_set)
obj_cooja/mtype479.a(serial-line.o)
                              udp-client.co (serial_line_event_message)
obj_cooja/mtype479.a(list.o)  obj_cooja/mtype479.a(ctimer.o) (list_init)
obj_cooja/mtype479.a(ringbuf.o)
                              obj_cooja/mtype479.a(serial-line.o) (ringbuf_init)
obj_cooja/mtype479.a(sicslowpan.o)
                              obj_cooja/mtype479.o (sicslowpan_driver)
obj_cooja/mtype479.a(uip-ds6-nbr.o)
                              obj_cooja/mtype479.a(sicslowpan.o) (uip_ds6_link_neighbor_callback)
obj_cooja/mtype479.a(uip-ds6-route.o)
                              udp-client.co (uip_ds6_route_head)
obj_cooja/mtype479.a(uip-ds6.o)
                              udp-client.co (uip_ds6_if)
obj_cooja/mtype479.a(uip6.o)  udp-client.co (uip_lladdr)
obj_cooja/mtype479.a(tcpip.o)
                              udp-client.co (tcpip_event)
obj_cooja/mtype479.a(uip-debug.o)
                              udp-client.co (uip_debug_ipaddr_print)
obj_cooja/mtype479.a(uip-packetqueue)
                              obj_cooja/mtype479.a(uip-ds6-nbr.o) (uip_packetqueue_new)
obj_cooja/mtype479.a(uip-udp-packet.)
                              udp-client.co (uip_udp_packet_sendto)
obj_cooja/mtype479.a(rpl-dag.o)
                              obj_cooja/mtype479.a(tcpip.o) (rpl_repair_root)
obj_cooja/mtype479.a(rpl-ext-header.)
                              obj_cooja/mtype479.a(uip6.o) (rpl_verify_header)
obj_cooja/mtype479.a(rpl-icmp6.o)
                              obj_cooja/mtype479.a(rpl-dag.o) (rpl_icmp6_update_nbr_table)
obj_cooja/mtype479.a(rpl-mrhof.o)
                              obj_cooja/mtype479.a(rpl-dag.o) (rpl_mrhof)
obj_cooja/mtype479.a(rpl-timers.o)
                              obj_cooja/mtype479.a(rpl-dag.o) (rpl_reset_dio_timer)
obj_cooja/mtype479.a(rpl.o)   obj_cooja/mtype479.a(rpl-icmp6.o) (rpl_get_mode)
obj_cooja/mtype479.a(linkaddr.o)
                              obj_cooja/mtype479.o (linkaddr_node_addr)
obj_cooja/mtype479.a(nbr-table.o)
                              obj_cooja/mtype479.a(uip-ds6-nbr.o) (nbr_table_register)
obj_cooja/mtype479.a(netstack.o)
                              obj_cooja/mtype479.o (netstack_init)
obj_cooja/mtype479.a(packetbuf.o)
[...]
Memory Configuration

Name             Origin             Length             Attributes
*default*        0x0000000000000000 0xffffffffffffffff

Linker script and memory map

LOAD /usr/lib/gcc/i686-linux-gnu/4.8/../../../i386-linux-gnu/crti.o
LOAD /usr/lib/gcc/i686-linux-gnu/4.8/crtbeginS.o
LOAD udp-client.co
LOAD obj_cooja/mtype479.o
LOAD obj_cooja/mtype479.a
LOAD /usr/lib/gcc/i686-linux-gnu/4.8/libgcc.a
LOAD /usr/lib/gcc/i686-linux-gnu/4.8/libgcc_s.so
LOAD /usr/lib/gcc/i686-linux-gnu/4.8/../../../i386-linux-gnu/libc.so
START GROUP
LOAD /lib/i386-linux-gnu/libc.so.6
LOAD /usr/lib/i386-linux-gnu/libc_nonshared.a
LOAD /lib/i386-linux-gnu/ld-linux.so.2
END GROUP
LOAD /usr/lib/gcc/i686-linux-gnu/4.8/libgcc.a
LOAD /usr/lib/gcc/i686-linux-gnu/4.8/libgcc_s.so
LOAD /usr/lib/gcc/i686-linux-gnu/4.8/crtendS.o
LOAD /usr/lib/gcc/i686-linux-gnu/4.8/../../../i386-linux-gnu/crtn.o
                0x0000000000000114                . = (0x0 + SIZEOF_HEADERS)

.note.gnu.build-id
                0x0000000000000114       0x24
 *(.note.gnu.build-id)
 .note.gnu.build-id
                0x0000000000000114       0x24 /usr/lib/gcc/i686-linux-gnu/4.8/../../../i386-linux-gnu/crti.o

.hash
 *(.hash)

.gnu.hash       0x0000000000000138      0xe4c
 *(.gnu.hash)
 .gnu.hash      0x0000000000000138      0xe4c /usr/lib/gcc/i686-linux-gnu/4.8/../../../i386-linux-gnu/crti.o

.dynsym         0x0000000000000f84     0x21b0
 *(.dynsym)
 .dynsym        0x0000000000000f84     0x21b0 /usr/lib/gcc/i686-linux-gnu/4.8/../../../i386-linux-gnu/crti.o

.dynstr         0x0000000000003134     0x22b1
 *(.dynstr)
 .dynstr        0x0000000000003134     0x22b1 /usr/lib/gcc/i686-linux-gnu/4.8/../../../i386-linux-gnu/crti.o

.gnu.version    0x00000000000053e6      0x436
 *(.gnu.version)
 .gnu.version   0x00000000000053e6      0x436 /usr/lib/gcc/i686-linux-gnu/4.8/../../../i386-linux-gnu/crti.o

.gnu.version_d  0x000000000000581c        0x0
 *(.gnu.version_d)
 .gnu.version_d
                0x0000000000000000        0x0 /usr/lib/gcc/i686-linux-gnu/4.8/../../../i386-linux-gnu/crti.o

.gnu.version_r  0x000000000000581c       0x40
 *(.gnu.version_r)
 .gnu.version_r
                0x000000000000581c       0x40 /usr/lib/gcc/i686-linux-gnu/4.8/../../../i386-linux-gnu/crti.o

.rel.dyn        0x000000000000585c     0x9568
 *(.rel.init)
 .rel.init      0x0000000000000000        0x0 /usr/lib/gcc/i686-linux-gnu/4.8/../../../i386-linux-gnu/crti.o
 *(.rel.text .rel.text.* .rel.gnu.linkonce.t.*)
 .rel.text      0x000000000000585c     0x8dc8 /usr/lib/gcc/i686-linux-gnu/4.8/../../../i386-linux-gnu/crti.o
 *(.rel.fini)
 .rel.fini      0x0000000000000000        0x0 /usr/lib/gcc/i686-linux-gnu/4.8/../../../i386-linux-gnu/crti.o
 *(.rel.rodata .rel.rodata.* .rel.gnu.linkonce.r.*)
 .rel.rodata    0x000000000000e624      0x4e0 /usr/lib/gcc/i686-linux-gnu/4.8/../../../i386-linux-gnu/crti.o
 *(.rel.data.rel.ro .rel.data.rel.ro.* .rel.gnu.linkonce.d.rel.ro.*)
 *(.rel.data .rel.data.* .rel.gnu.linkonce.d.*)
 .rel.data.rel  0x000000000000eb04        0x8 /usr/lib/gcc/i686-linux-gnu/4.8/../../../i386-linux-gnu/crti.o
 .rel.data      0x000000000000eb0c      0x280 /usr/lib/gcc/i686-linux-gnu/4.8/../../../i386-linux-gnu/crti.o
 *(.rel.tdata .rel.tdata.* .rel.gnu.linkonce.td.*)
 *(.rel.tbss .rel.tbss.* .rel.gnu.linkonce.tb.*)
 *(.rel.ctors)
 *(.rel.dtors)
 *(.rel.got)
 .rel.got       0x000000000000ed8c       0x28 /usr/lib/gcc/i686-linux-gnu/4.8/../../../i386-linux-gnu/crti.o
 *(.rel.bss .rel.bss.* .rel.gnu.linkonce.b.*)
 *(.rel.ifunc)
 .rel.ifunc     0x0000000000000000        0x0 /usr/lib/gcc/i686-linux-gnu/4.8/../../../i386-linux-gnu/crti.o
 .rel.fini_array
                0x000000000000edb4        0x8 /usr/lib/gcc/i686-linux-gnu/4.8/../../../i386-linux-gnu/crti.o
 .rel.init_array
                0x000000000000edbc        0x8 /usr/lib/gcc/i686-linux-gnu/4.8/../../../i386-linux-gnu/crti.o

.rel.plt        0x000000000000edc4       0x10
 *(.rel.plt)
 .rel.plt       0x000000000000edc4       0x10 /usr/lib/gcc/i686-linux-gnu/4.8/../../../i386-linux-gnu/crti.o
 *(.rel.iplt)

.init           0x000000000000edd4       0x23
 *(SORT(.init))
 .init          0x000000000000edd4       0x1e /usr/lib/gcc/i686-linux-gnu/4.8/../../../i386-linux-gnu/crti.o
                0x000000000000edd4                _init
 .init          0x000000000000edf2        0x5 /usr/lib/gcc/i686-linux-gnu/4.8/../../../i386-linux-gnu/crtn.o

.plt            0x000000000000ee00       0x30
 *(.plt)
 .plt           0x000000000000ee00       0x30 /usr/lib/gcc/i686-linux-gnu/4.8/../../../i386-linux-gnu/crti.o
 *(.iplt)

.text           0x000000000000ee30    0x15767
 *(.text.unlikely .text.*_unlikely .text.unlikely.*)
 *(.text.exit .text.exit.*)
 *(.text.startup .text.startup.*)
 *(.text.hot .text.hot.*)
 *(.text .stub .text.* .gnu.linkonce.t.*)
 .text          0x000000000000ee30        0x0 /usr/lib/gcc/i686-linux-gnu/4.8/../../../i386-linux-gnu/crti.o
 .gnu.linkonce.t.__x86.get_pc_thunk.bx
                0x000000000000ee30        0x4 /usr/lib/gcc/i686-linux-gnu/4.8/../../../i386-linux-gnu/crti.o
                0x000000000000ee30                __x86.get_pc_thunk.bx
 *fill*         0x000000000000ee34        0xc 
 .text          0x000000000000ee40      0x11b /usr/lib/gcc/i686-linux-gnu/4.8/crtbeginS.o
 .text          0x000000000000ef5b      0x5a4 udp-client.co
 .text          0x000000000000f4ff      0x70e obj_cooja/mtype479.o
                0x000000000000f635                contiki_init
                0x000000000000fa24                Java_org_contikios_cooja_corecomm_Lib6_init
                0x000000000000fa64                Java_org_contikios_cooja_corecomm_Lib6_getMemory
                0x000000000000faa4                Java_org_contikios_cooja_corecomm_Lib6_setMemory
                0x000000000000fb1b                Java_org_contikios_cooja_corecomm_Lib6_tick
                0x000000000000fbfb                Java_org_contikios_cooja_corecomm_Lib6_setReferenceAddress
 .text          0x000000000000fc0d       0x63 obj_cooja/mtype479.a(simEnvChange.o)
                0x000000000000fc0d                doActionsBeforeTick
                0x000000000000fc3e                doActionsAfterTick
 .text          0x000000000000fc70       0xbc obj_cooja/mtype479.a(cooja_mt.o)
                0x000000000000fc70                cooja_mt_init
                0x000000000000fc7d                cooja_mt_remove
                0x000000000000fc8a                cooja_mt_start
                0x000000000000fcb7                cooja_mt_exec
                0x000000000000fce8                cooja_mt_exit
                0x000000000000fd0a                cooja_mt_yield
 .text          0x000000000000fd2c      0x115 obj_cooja/mtype479.a(cooja_mtarch.o)
                0x000000000000fd2c                cooja_mtarch_init
                0x000000000000fd31                cooja_mtarch_start
                0x000000000000fdac                cooja_sw
                0x000000000000fdce                cooja_mtarch_exec
                0x000000000000fdea                cooja_mtarch_remove
                0x000000000000fdef                cooja_mtarch_yield
                0x000000000000fdf9                cooja_mtarch_pstop
                0x000000000000fdfe                cooja_mtarch_pstart
                0x000000000000fe03                cooja_mtarch_stack_usage
 .text          0x000000000000fe41       0xc2 obj_cooja/mtype479.a(rtimer-arch.o)
                0x000000000000fe41                rtimer_arch_init
                0x000000000000fe64                rtimer_arch_schedule
                0x000000000000fe7b                rtimer_arch_next
                0x000000000000fe85                rtimer_arch_pending
                0x000000000000fe8f                rtimer_arch_check
                0x000000000000fec1                rtimer_arch_now
 .text          0x000000000000ff03       0x76 obj_cooja/mtype479.a(beep.o)
                0x000000000000ff03                beep_alarm
                0x000000000000ff0f                beep_beep
                0x000000000000ff1b                beep
                0x000000000000ff27                beep_down
                0x000000000000ff33                beep_on
                0x000000000000ff3f                beep_off
                0x000000000000ff4b                beep_spinup
                0x000000000000ff57                beep_quick
                0x000000000000ff63                beep_long
 .text          0x000000000000ff79      0x103 obj_cooja/mtype479.a(button-sensor.o)
 .text          0x000000000001007c       0x45 obj_cooja/mtype479.a(leds-arch.o)
                0x000000000001007c                leds_arch_init
                0x0000000000010088                leds_arch_get
                0x0000000000010094                leds_arch_set
 .text          0x00000000000100c1       0x2f obj_cooja/mtype479.a(moteid.o)
 .text          0x00000000000100f0       0xb1 obj_cooja/mtype479.a(pir-sensor.o)
 .text          0x00000000000101a1      0x131 obj_cooja/mtype479.a(rs232.o)
                0x00000000000101a1                rs232_init
                0x00000000000101a6                rs232_set_speed
                0x00000000000101b4                rs232_set_input
                0x00000000000101c1                rs232_send
                0x00000000000101e3                rs232_print
                0x00000000000101fe                slip_arch_writeb
 .text          0x00000000000102d2       0xb1 obj_cooja/mtype479.a(vib-sensor.o)
 .text          0x0000000000010383       0x34 obj_cooja/mtype479.a(clock.o)
                0x0000000000010383                clock_init
                0x0000000000010388                clock_time
                0x0000000000010392                clock_seconds
                0x00000000000103a8                clock_delay
 .text          0x00000000000103b7      0x1ed obj_cooja/mtype479.a(log.o)
                0x00000000000103b7                simlog_char
                0x00000000000103f9                simlog
                0x0000000000010466                log_message
                0x000000000001048e                log_set_putchar_with_slip
                0x000000000001049b                log_putchar
                0x000000000001051f                log_puts
                0x0000000000010543                log_printf
 .text          0x00000000000105a4      0x2c4 obj_cooja/mtype479.a(cfs-cooja.o)
                0x00000000000105a4                cfs_open
                0x000000000001060d                cfs_close
                0x0000000000010619                cfs_read
                0x00000000000106b7                cfs_write
                0x0000000000010794                cfs_seek
                0x000000000001081c                cfs_remove
                0x0000000000010845                cfs_opendir
                0x000000000001084f                cfs_readdir
                0x0000000000010859                cfs_closedir
 .text          0x0000000000010868      0x514 obj_cooja/mtype479.a(cooja-radio.o)
                0x0000000000010892                radio_set_channel
                0x00000000000108a7                radio_set_txpower
                0x00000000000108be                radio_signal_strength_last
                0x00000000000108c8                radio_signal_strength_current
                0x00000000000108d2                radio_LQI
 .text          0x0000000000010d7c       0xef obj_cooja/mtype479.a(eeprom.o)
                0x0000000000010d7c                eeprom_init
                0x0000000000010d81                eeprom_read
                0x0000000000010df1                eeprom_write
 .text          0x0000000000010e6b       0x28 obj_cooja/mtype479.a(random.o)
                0x0000000000010e6b                random_init
                0x0000000000010e86                random_rand
 .text          0x0000000000010e93      0x2a1 obj_cooja/mtype479.a(sensors.o)
                0x0000000000010ece                sensors_first
                0x0000000000010ed8                sensors_next
                0x0000000000010ef5                sensors_changed
                0x0000000000010f24                sensors_find
 .text          0x0000000000011134      0x308 obj_cooja/mtype479.a(dual_conf.o)
                0x0000000000011134                dual_radio_switch
                0x000000000001118f                dual_radio_change
                0x00000000000111c9                sending_in_LR
                0x00000000000111f4                dual_radio_received
                0x0000000000011247                radio_received_is_longrange
                0x00000000000113f2                dio_broadcast
                0x000000000001141b                dis_broadcast
 .text          0x000000000001143c       0x8e obj_cooja/mtype479.a(autostart.o)
                0x000000000001143c                autostart_start
                0x0000000000011487                autostart_exit
 .text          0x00000000000114ca      0x334 obj_cooja/mtype479.a(ctimer.o)
                0x00000000000115e1                ctimer_init
                0x0000000000011611                ctimer_set
                0x0000000000011642                ctimer_set_with_process
                0x00000000000116be                ctimer_reset
                0x000000000001170d                ctimer_restart
                0x000000000001175c                ctimer_stop
                0x00000000000117a7                ctimer_expired
 .text          0x00000000000117fe      0x40b obj_cooja/mtype479.a(etimer.o)
                0x0000000000011a11                etimer_request_poll
                0x0000000000011a95                etimer_set
                0x0000000000011aba                etimer_reset_with_new_interval
                0x0000000000011ae1                etimer_reset
                0x0000000000011aff                etimer_restart
                0x0000000000011b1d                etimer_adjust
                0x0000000000011b39                etimer_expired
                0x0000000000011b4c                etimer_expiration_time
                0x0000000000011b5e                etimer_start_time
                0x0000000000011b68                etimer_pending
                0x0000000000011b7a                etimer_next_expiration_time
                0x0000000000011b94                etimer_stop
 .text          0x0000000000011c09      0x560 obj_cooja/mtype479.a(process.o)
                0x0000000000011c09                process_alloc_event
                0x0000000000011c1e                process_start
                0x0000000000011e07                process_exit
                0x0000000000011e23                process_init
                0x0000000000011ff4                process_run
                0x0000000000012027                process_nevents
                0x0000000000012042                process_post
                0x00000000000120ee                process_post_synch
                0x0000000000012126                process_poll
                0x0000000000012155                process_is_running
 .text          0x0000000000012169       0xba obj_cooja/mtype479.a(rtimer.o)
                0x0000000000012169                rtimer_init
                0x0000000000012176                rtimer_set
                0x00000000000121cd                rtimer_run_next
 .text          0x0000000000012223       0xa3 obj_cooja/mtype479.a(stimer.o)
                0x0000000000012223                stimer_set
                0x000000000001223e                stimer_reset
                0x0000000000012255                stimer_restart
                0x0000000000012267                stimer_expired
                0x000000000001228e                stimer_remaining
                0x00000000000122b2                stimer_elapsed
 .text          0x00000000000122c6       0x91 obj_cooja/mtype479.a(timer.o)
                0x00000000000122c6                timer_set
                0x00000000000122e1                timer_reset
                0x00000000000122f8                timer_restart
                0x000000000001230a                timer_expired
                0x0000000000012333                timer_remaining
 .text          0x0000000000012357      0x1fb obj_cooja/mtype479.a(serial-line.o)
                0x0000000000012357                serial_line_input_byte
                0x000000000001251a                serial_line_init
 .text          0x0000000000012552      0x244 obj_cooja/mtype479.a(list.o)
                0x0000000000012552                list_init
                0x0000000000012560                list_head
                0x000000000001256a                list_copy
                0x0000000000012579                list_tail
                0x00000000000125af                list_add
                0x00000000000125f8                list_push
                0x0000000000012624                list_chop
                0x000000000001268e                list_pop
                0x00000000000126b6                list_remove
                0x000000000001271d                list_length
                0x000000000001274b                list_insert
                0x000000000001277f                list_item_next
 .text          0x0000000000012796      0x155 obj_cooja/mtype479.a(ringbuf.o)
                0x0000000000012796                ringbuf_init
                0x00000000000127c7                ringbuf_put
                0x0000000000012845                ringbuf_get
                0x00000000000128b2                ringbuf_size
                0x00000000000128c4                ringbuf_elements
 .text          0x00000000000128eb     0x102d obj_cooja/mtype479.a(sicslowpan.o)
                0x0000000000012e75                rime_sniffer_add
                0x0000000000012e82                rime_sniffer_remove
                0x00000000000138fa                sicslowpan_init
                0x000000000001390e                sicslowpan_get_last_rssi
 .text          0x0000000000013918      0x298 obj_cooja/mtype479.a(uip-ds6-nbr.o)
                0x0000000000013935                uip_ds6_neighbors_init
                0x0000000000013952                uip_ds6_nbr_add
                0x00000000000139da                uip_ds6_nbr_rm
                0x0000000000013a1c                uip_ds6_nbr_get_ipaddr
                0x0000000000013a31                uip_ds6_nbr_get_ll
                0x0000000000013a4d                uip_ds6_nbr_num
                0x0000000000013a92                uip_ds6_nbr_lookup
                0x0000000000013af7                uip_ds6_nbr_ll_lookup
                0x0000000000013b13                uip_ds6_nbr_ipaddr_from_lladdr
                0x0000000000013b39                uip_ds6_nbr_lladdr_from_ipaddr
                0x0000000000013b67                uip_ds6_link_neighbor_callback
 .text          0x0000000000013bb0      0xc68 obj_cooja/mtype479.a(uip-ds6-route.o)
                0x0000000000013c9e                uip_ds6_notification_add
                0x0000000000013ccf                uip_ds6_notification_rm
                0x0000000000013ceb                uip_ds6_route_init
                0x0000000000013d73                uip_ds6_route_nexthop
                0x0000000000013d9b                uip_ds6_route_head
                0x0000000000013db0                uip_ds6_route_next
                0x0000000000013dd6                uip_ds6_route_is_nexthop
                0x0000000000013e15                uip_ds6_route_num_routes
                0x0000000000013e1f                uip_ds6_route_lookup
                0x0000000000013f5a                uip_ds6_route_add
                0x0000000000014277                uip_ds6_route_rm
                0x000000000001448a                uip_ds6_route_rm_by_nexthop
                0x00000000000144c2                uip_ds6_defrt_add
                0x00000000000145d2                uip_ds6_defrt_rm
                0x0000000000014667                uip_ds6_defrt_lookup
                0x00000000000146c0                uip_ds6_defrt_choose
                0x00000000000147a4                uip_ds6_defrt_periodic
 .text          0x0000000000014818      0xbe5 obj_cooja/mtype479.a(uip-ds6.o)
                0x0000000000014818                uip_ds6_init
                0x00000000000149eb                uip_ds6_periodic
                0x0000000000014a64                uip_ds6_list_loop
                0x0000000000014b0b                uip_ds6_prefix_add
                0x0000000000014bc9                uip_ds6_prefix_rm
                0x0000000000014bdb                uip_ds6_prefix_lookup
                0x0000000000014c2c                uip_ds6_is_addr_onlink
                0x0000000000014ca0                uip_ds6_addr_add
                0x0000000000014dce                uip_ds6_addr_rm
                0x0000000000014e6e                uip_ds6_addr_lookup
                0x0000000000014eb9                uip_ds6_get_link_local
                0x0000000000014f38                uip_ds6_get_global
                0x0000000000014fb7                uip_ds6_maddr_add
                0x0000000000015029                uip_ds6_maddr_rm
                0x000000000001503b                uip_ds6_maddr_lookup
                0x0000000000015086                uip_ds6_aaddr_add
                0x00000000000150f8                uip_ds6_aaddr_rm
                0x000000000001510a                uip_ds6_aaddr_lookup
                0x0000000000015155                uip_ds6_select_src
                0x00000000000152e8                uip_ds6_set_addr_iid
                0x000000000001531f                get_match_length
                0x00000000000153b1                uip_ds6_compute_reachable_time
 .text          0x00000000000153fd     0x2d47 obj_cooja/mtype479.a(uip6.o)
                0x00000000000153fd                uip_add32
                0x0000000000015596                uip_chksum
                0x00000000000156ac                uip_icmp6chksum
                0x00000000000156c0                uip_tcpchksum
                0x00000000000156d4                uip_udpchksum
                0x00000000000156e8                uip_init
                0x00000000000157b8                uip_connect
                0x0000000000015967                remove_ext_hdr
                0x0000000000015a70                uip_udp_new
                0x0000000000015bcc                uip_unlisten
                0x0000000000015c2c                uip_listen
                0x0000000000015f52                uip_process
                0x0000000000018038                uip_htons
                0x000000000001805a                uip_htonl
                0x000000000001809a                uip_send
 .text          0x0000000000018144      0xa7d obj_cooja/mtype479.a(tcpip.o)
                0x0000000000018144                tcpip_output
                0x0000000000018195                tcpip_set_outputfunc
                0x0000000000018235                tcp_connect
                0x000000000001828a                tcp_unlisten
                0x00000000000182e5                tcp_listen
                0x000000000001833e                tcp_attach
                0x0000000000018363                udp_attach
                0x0000000000018388                udp_new
                0x00000000000183da                udp_broadcast_new
                0x000000000001864e                tcpip_input
                0x0000000000018682                tcpip_ipv6_output
                0x0000000000018a07                tcpip_poll_udp
                0x0000000000018a2a                tcpip_poll_tcp
                0x0000000000018a4d                tcpip_uipcall
 .text          0x0000000000018bc1      0x1c1 obj_cooja/mtype479.a(uip-debug.o)
                0x0000000000018bc1                uip_debug_ipaddr_print
                0x0000000000018d23                uip_debug_lladdr_print
 .text          0x0000000000018d82      0x141 obj_cooja/mtype479.a(uip-packetqueue)
                0x0000000000018dae                uip_packetqueue_new
                0x0000000000018dbc                uip_packetqueue_alloc
                0x0000000000018e1c                uip_packetqueue_free
                0x0000000000018e5d                uip_packetqueue_buf
                0x0000000000018e7a                uip_packetqueue_buflen
                0x0000000000018e9b                uip_packetqueue_set_buflen
 .text          0x0000000000018ec3      0x131 obj_cooja/mtype479.a(uip-udp-packet.)
                0x0000000000018ec3                uip_udp_packet_send
                0x0000000000018f23                uip_udp_packet_sendto
 .text          0x0000000000018ff4     0x2ce0 obj_cooja/mtype479.a(rpl-dag.o)
                0x0000000000018ff4                rpl_print_neighbor_list
                0x00000000000191c9                rpl_get_nbr
                0x0000000000019223                rpl_dag_init
                0x0000000000019240                rpl_get_parent
                0x0000000000019262                rpl_get_parent_rank
                0x0000000000019295                rpl_get_parent_link_metric
                0x00000000000192c8                rpl_get_parent_ipaddr
                0x0000000000019674                rpl_set_root
                0x00000000000198e8                rpl_repair_root
                0x0000000000019b97                rpl_set_prefix
                0x0000000000019cba                rpl_set_default_route
                0x0000000000019daf                rpl_alloc_instance
                0x0000000000019e42                rpl_alloc_dag
                0x0000000000019ef3                rpl_set_default_instance
                0x0000000000019f00                rpl_get_default_instance
                0x0000000000019f0a                rpl_free_instance
                0x0000000000019fd6                rpl_free_dag
                0x000000000001a05f                rpl_add_parent
                0x000000000001a171                rpl_find_parent
                0x000000000001a1c9                rpl_find_parent_any_dag
                0x000000000001a205                rpl_select_dag
                0x000000000001a622                rpl_select_parent
                0x000000000001a684                rpl_remove_parent
                0x000000000001a6d6                rpl_nullify_parent
                0x000000000001a7d2                rpl_move_parent
                0x000000000001a8dd                rpl_has_downward_route
                0x000000000001a930                rpl_get_any_dag
                0x000000000001a992                rpl_get_instance
                0x000000000001a9f5                rpl_find_of
                0x000000000001aa32                rpl_join_instance
                0x000000000001ad69                rpl_add_dag
                0x000000000001b23a                rpl_local_repair
                0x000000000001b316                rpl_recalculate_ranks
                0x000000000001b3bf                rpl_process_parent_event
                0x000000000001b5d5                rpl_process_dio
 .text          0x000000000001bcd4      0xbf3 obj_cooja/mtype479.a(rpl-ext-header.)
                0x000000000001bcf1                rpl_verify_header
                0x000000000001c16b                rpl_update_header_empty
                0x000000000001c482                rpl_update_header_final
                0x000000000001c611                rpl_remove_header
                0x000000000001c71b                rpl_invert_header
                0x000000000001c8a5                rpl_insert_header
 .text          0x000000000001c8c7     0x22c2 obj_cooja/mtype479.a(rpl-icmp6.o)
                0x000000000001cb26                rpl_icmp6_update_nbr_table
                0x000000000001cd20                dis_output
                0x000000000001d647                dio_output
                0x000000000001e6d0                dao_output
                0x000000000001e797                dao_output_target
                0x000000000001eb3d                dao_ack_output
                0x000000000001eb51                rpl_icmp6_register_handlers
 .text          0x000000000001eb89      0x315 obj_cooja/mtype479.a(rpl-mrhof.o)
 .text          0x000000000001ee9e      0x909 obj_cooja/mtype479.a(rpl-timers.o)
                0x000000000001f18a                rpl_reset_periodic_timer
                0x000000000001f1df                rpl_reset_dio_timer
                0x000000000001f477                rpl_schedule_dao
                0x000000000001f492                rpl_schedule_dao_immediately
                0x000000000001f4ad                rpl_cancel_dao
                0x000000000001f50f                rpl_schedule_unicast_dio_immediately
                0x000000000001f74f                rpl_schedule_probing
 .text          0x000000000001f7a7      0x6f6 obj_cooja/mtype479.a(rpl.o)
                0x000000000001f7a7                rpl_get_mode
                0x000000000001f7b1                rpl_set_mode
                0x000000000001f875                rpl_purge_routes
                0x000000000001f9a4                rpl_remove_routes
                0x000000000001f9ea                rpl_remove_routes_by_nexthop
                0x000000000001fa56                rpl_add_route
                0x000000000001fb37                rpl_link_neighbor_callback
                0x000000000001fc4b                rpl_ipv6_neighbor_callback
                0x000000000001fcf7                rpl_purge_dags
                0x000000000001fe0b                rpl_init
 .text          0x000000000001fe9d       0x67 obj_cooja/mtype479.a(linkaddr.o)
                0x000000000001fe9d                linkaddr_copy
                0x000000000001febf                linkaddr_cmp
                0x000000000001fee9                linkaddr_set_node_addr
 .text          0x000000000001ff04      0x769 obj_cooja/mtype479.a(nbr-table.o)
                0x0000000000020363                nbr_table_register
                0x00000000000203ab                nbr_table_head
                0x0000000000020407                nbr_table_next
                0x000000000002046e                nbr_table_add_lladdr
                0x000000000002054a                nbr_table_get_from_lladdr
                0x0000000000020597                nbr_table_remove
                0x00000000000205e9                nbr_table_lock
                0x0000000000020613                nbr_table_unlock
                0x000000000002063d                nbr_table_get_lladdr
 .text          0x000000000002066d       0x2b obj_cooja/mtype479.a(netstack.o)
                0x000000000002066d                netstack_init
 .text          0x0000000000020698      0x3cd obj_cooja/mtype479.a(packetbuf.o)
                0x0000000000020698                packetbuf_clear
                0x00000000000206c2                packetbuf_copyfrom
                0x0000000000020714                packetbuf_compact
                0x0000000000020791                packetbuf_copyto
                0x0000000000020828                packetbuf_hdralloc
                0x00000000000208a5                packetbuf_hdrreduce
                0x00000000000208ed                packetbuf_set_datalen
                0x0000000000020906                packetbuf_dataptr
                0x0000000000020923                packetbuf_hdrptr
                0x000000000002092d                packetbuf_datalen
                0x0000000000020939                packetbuf_hdrlen
                0x0000000000020950                packetbuf_totlen
                0x0000000000020966                packetbuf_attr_clear
                0x00000000000209b8                packetbuf_attr_copyto
                0x0000000000020a01                packetbuf_attr_copyfrom
                0x0000000000020a49                packetbuf_holds_broadcast
 .text          0x0000000000020a65      0x2b4 obj_cooja/mtype479.a(queuebuf.o)
                0x0000000000020a6f                queuebuf_init
                0x0000000000020a8f                queuebuf_numfree
                0x0000000000020aa3                queuebuf_new_from_packetbuf
                0x0000000000020b33                queuebuf_update_attr_from_packetbuf
                0x0000000000020b66                queuebuf_update_from_packetbuf
                0x0000000000020bb0                queuebuf_free
                0x0000000000020bf7                queuebuf_to_packetbuf
                0x0000000000020c5d                queuebuf_dataptr
                0x0000000000020c94                queuebuf_datalen
                0x0000000000020cb7                queuebuf_addr
                0x0000000000020ce9                queuebuf_attr
                0x0000000000020d14                queuebuf_debug_print
 .text          0x0000000000020d19      0x831 obj_cooja/mtype479.a(csma.o)
 .text          0x000000000002154a      0x3f5 obj_cooja/mtype479.a(framer-802154.o)
 .text          0x000000000002193f       0x3c obj_cooja/mtype479.a(mac.o)
                0x000000000002193f                mac_call_sent_callback
 .text          0x000000000002197b      0x4cc obj_cooja/mtype479.a(nullrdc.o)
 .text          0x0000000000021e47       0x6e obj_cooja/mtype479.a(nullsec.o)
 .text          0x0000000000021eb5       0x19 obj_cooja/mtype479.a(watchdog.o)
                0x0000000000021eb5                watchdog_init
                0x0000000000021eba                watchdog_start
                0x0000000000021ebf                watchdog_periodic
                0x0000000000021ec4                watchdog_stop
                0x0000000000021ec9                watchdog_reboot
 .text          0x0000000000021ece        0x0 obj_cooja/mtype479.a(rimestats.o)
 .text          0x0000000000021ece      0x1c1 obj_cooja/mtype479.a(memb.o)
                0x0000000000021ece                memb_init
                0x0000000000021f2c                memb_alloc
                0x0000000000021f91                memb_free
                0x000000000002200c                memb_inmemb
                0x000000000002204b                memb_numfree
 .text          0x000000000002208f     0x1382 obj_cooja/mtype479.a(uip-icmp6.o)
                0x00000000000220fd                uip_icmp6_input
                0x0000000000022153                uip_icmp6_register_input_handler
                0x0000000000022913                uip_icmp6_error_output
                0x0000000000022eea                uip_icmp6_send
                0x00000000000233a4                uip_icmp6_echo_reply_callback_add
                0x00000000000233d5                uip_icmp6_echo_reply_callback_rm
                0x00000000000233f1                uip_icmp6_init
 .text          0x0000000000023411      0x358 obj_cooja/mtype479.a(uip-nd6.o)
                0x0000000000023465                uip_nd6_ns_output
                0x0000000000023764                uip_nd6_init
 .text          0x0000000000023769      0x331 obj_cooja/mtype479.a(rpl-nbr-policy.)
                0x0000000000023941                find_removable_dis
                0x0000000000023964                find_removable_dio
                0x00000000000239f3                find_removable_dao
                0x0000000000023a43                rpl_nbr_policy_find_removable
 .text          0x0000000000023a9a      0x97c obj_cooja/mtype479.a(frame802154.o)
                0x0000000000023acb                frame802154_get_pan_id
                0x0000000000023ad7                frame802154_set_pan_id
                0x0000000000023af0                frame802154_has_panid
                0x0000000000023bdc                frame802154_check_dest_panid
                0x0000000000023c44                frame802154_is_broadcast_addr
                0x0000000000023c91                frame802154_extract_linkaddr
                0x0000000000023ed1                frame802154_hdrlen
                0x0000000000023f22                frame802154_create
                0x000000000002410d                frame802154_parse
 .text          0x0000000000024416      0x181 obj_cooja/mtype479.a(mac-sequence.o)
                0x000000000002444d                mac_sequence_is_duplicate
                0x00000000000244d0                mac_sequence_register_seqno
 .text          0x0000000000024597        0x0 /usr/lib/gcc/i686-linux-gnu/4.8/crtendS.o
 .text          0x0000000000024597        0x0 /usr/lib/gcc/i686-linux-gnu/4.8/../../../i386-linux-gnu/crtn.o
 *(.gnu.warning)

.fini           0x0000000000024598       0x14
 *(SORT(.fini))
 .fini          0x0000000000024598        0xf /usr/lib/gcc/i686-linux-gnu/4.8/../../../i386-linux-gnu/crti.o
                0x0000000000024598                _fini
 .fini          0x00000000000245a7        0x5 /usr/lib/gcc/i686-linux-gnu/4.8/../../../i386-linux-gnu/crtn.o
                0x00000000000245ac                PROVIDE (__etext, .)
                0x00000000000245ac                PROVIDE (_etext, .)
                0x00000000000245ac                PROVIDE (etext, .)

.rodata         0x00000000000245c0     0x2d89
 *(.rodata .rodata.* .gnu.linkonce.r.*)
 .rodata        0x00000000000245c0      0x18a udp-client.co
                0x00000000000245d4                autostart_processes
 *fill*         0x000000000002474a        0x2 
 .rodata        0x000000000002474c      0x127 obj_cooja/mtype479.o
 *fill*         0x0000000000024873        0x1 
 .rodata        0x0000000000024874        0x8 obj_cooja/mtype479.a(beep.o)
                0x0000000000024874                beep_interface
 .rodata        0x000000000002487c       0x20 obj_cooja/mtype479.a(button-sensor.o)
                0x000000000002487c                button_interface
                0x000000000002488c                button_sensor
 .rodata        0x000000000002489c        0x8 obj_cooja/mtype479.a(leds-arch.o)
                0x000000000002489c                leds_interface
 .rodata        0x00000000000248a4        0x8 obj_cooja/mtype479.a(moteid.o)
                0x00000000000248a4                moteid_interface
 .rodata        0x00000000000248ac       0x1c obj_cooja/mtype479.a(pir-sensor.o)
                0x00000000000248ac                pir_interface
                0x00000000000248b8                pir_sensor
 .rodata        0x00000000000248c8        0xe obj_cooja/mtype479.a(rs232.o)
                0x00000000000248c8                rs232_interface
 *fill*         0x00000000000248d6        0x2 
 .rodata        0x00000000000248d8       0x24 obj_cooja/mtype479.a(vib-sensor.o)
                0x00000000000248d8                vib_interface
                0x00000000000248ec                vib_sensor
 .rodata        0x00000000000248fc        0x8 obj_cooja/mtype479.a(clock.o)
                0x00000000000248fc                clock_interface
 .rodata        0x0000000000024904        0x8 obj_cooja/mtype479.a(log.o)
                0x0000000000024904                simlog_interface
 .rodata        0x000000000002490c       0x2f obj_cooja/mtype479.a(cfs-cooja.o)
                0x000000000002490c                cfs_interface
 *fill*         0x000000000002493b        0x5 
 .rodata        0x0000000000024940      0x120 obj_cooja/mtype479.a(cooja-radio.o)
                0x0000000000024a20                cooja_radio_driver
                0x0000000000024a58                radio_interface
 .rodata        0x0000000000024a60        0x8 obj_cooja/mtype479.a(eeprom.o)
                0x0000000000024a60                eeprom_interface
 .rodata        0x0000000000024a68        0x8 obj_cooja/mtype479.a(sensors.o)
 .rodata        0x0000000000024a70      0x196 obj_cooja/mtype479.a(dual_conf.o)
 .rodata        0x0000000000024c06        0xf obj_cooja/mtype479.a(ctimer.o)
 .rodata        0x0000000000024c15        0xc obj_cooja/mtype479.a(etimer.o)
 .rodata        0x0000000000024c21        0xe obj_cooja/mtype479.a(serial-line.o)
 *fill*         0x0000000000024c2f        0x1 
 .rodata        0x0000000000024c30       0x18 obj_cooja/mtype479.a(sicslowpan.o)
                0x0000000000024c3c                sicslowpan_driver
 .rodata        0x0000000000024c48      0x480 obj_cooja/mtype479.a(uip-ds6-route.o)
 .rodata        0x00000000000250c8      0x590 obj_cooja/mtype479.a(uip6.o)
 .rodata        0x0000000000025658      0x113 obj_cooja/mtype479.a(tcpip.o)
 .rodata        0x000000000002576b       0x3e obj_cooja/mtype479.a(uip-debug.o)
 *fill*         0x00000000000257a9        0x3 
 .rodata        0x00000000000257ac      0xc0b obj_cooja/mtype479.a(rpl-dag.o)
 *fill*         0x00000000000263b7        0x1 
 .rodata        0x00000000000263b8      0x8a4 obj_cooja/mtype479.a(rpl-icmp6.o)
 .rodata        0x0000000000026c5c       0x6f obj_cooja/mtype479.a(rpl-mrhof.o)
 *fill*         0x0000000000026ccb        0x1 
 .rodata        0x0000000000026ccc      0x260 obj_cooja/mtype479.a(rpl-timers.o)
 .rodata        0x0000000000026f2c      0x1be obj_cooja/mtype479.a(rpl.o)
 .rodata        0x00000000000270ea        0x8 obj_cooja/mtype479.a(linkaddr.o)
                0x00000000000270ea                linkaddr_null
 *fill*         0x00000000000270f2        0x2 
 .rodata        0x00000000000270f4       0x24 obj_cooja/mtype479.a(csma.o)
                0x00000000000270fc                csma_driver
 .rodata        0x0000000000027118        0xc obj_cooja/mtype479.a(framer-802154.o)
                0x0000000000027118                framer_802154
 *fill*         0x0000000000027124       0x1c 
 .rodata        0x0000000000027140      0x120 obj_cooja/mtype479.a(nullrdc.o)
                0x0000000000027240                nullrdc_driver
 .rodata        0x0000000000027260       0x18 obj_cooja/mtype479.a(nullsec.o)
                0x0000000000027268                nullsec_driver
 .rodata        0x0000000000027278       0xd1 obj_cooja/mtype479.a(uip-icmp6.o)

.rodata1
 *(.rodata1)

.eh_frame_hdr   0x000000000002734c     0x12c4
 *(.eh_frame_hdr)
 .eh_frame_hdr  0x000000000002734c     0x12c4 udp-client.co

.eh_frame       0x0000000000028610     0x4c80
 *(.eh_frame)
 .eh_frame      0x0000000000028610       0x3c /usr/lib/gcc/i686-linux-gnu/4.8/../../../i386-linux-gnu/crti.o
                                         0x40 (size before relaxing)
 .eh_frame      0x000000000002864c       0xa8 udp-client.co
                                         0xc0 (size before relaxing)
 .eh_frame      0x00000000000286f4      0x148 obj_cooja/mtype479.o
                                        0x160 (size before relaxing)
 .eh_frame      0x000000000002883c       0x40 obj_cooja/mtype479.a(simEnvChange.o)
                                         0x58 (size before relaxing)
 .eh_frame      0x000000000002887c       0xc0 obj_cooja/mtype479.a(cooja_mt.o)
                                         0xd8 (size before relaxing)
 .eh_frame      0x000000000002893c      0x120 obj_cooja/mtype479.a(cooja_mtarch.o)
                                        0x138 (size before relaxing)
 .eh_frame      0x0000000000028a5c       0xc0 obj_cooja/mtype479.a(rtimer-arch.o)
                                         0xd8 (size before relaxing)
 .eh_frame      0x0000000000028b1c      0x160 obj_cooja/mtype479.a(beep.o)
                                        0x178 (size before relaxing)
 .eh_frame      0x0000000000028c7c       0xa0 obj_cooja/mtype479.a(button-sensor.o)
                                         0xb8 (size before relaxing)
 .eh_frame      0x0000000000028d1c       0xa0 obj_cooja/mtype479.a(leds-arch.o)
                                         0xb8 (size before relaxing)
 .eh_frame      0x0000000000028dbc       0x40 obj_cooja/mtype479.a(moteid.o)
                                         0x58 (size before relaxing)
 .eh_frame      0x0000000000028dfc       0xa0 obj_cooja/mtype479.a(pir-sensor.o)
                                         0xb8 (size before relaxing)
 .eh_frame      0x0000000000028e9c      0x100 obj_cooja/mtype479.a(rs232.o)
                                        0x118 (size before relaxing)
 .eh_frame      0x0000000000028f9c       0xa0 obj_cooja/mtype479.a(vib-sensor.o)
                                         0xb8 (size before relaxing)
 .eh_frame      0x000000000002903c       0xc0 obj_cooja/mtype479.a(clock.o)
                                         0xd8 (size before relaxing)
 .eh_frame      0x00000000000290fc      0x120 obj_cooja/mtype479.a(log.o)
                                        0x138 (size before relaxing)
 .eh_frame      0x000000000002921c      0x160 obj_cooja/mtype479.a(cfs-cooja.o)
                                        0x178 (size before relaxing)
 .eh_frame      0x000000000002937c      0x2e0 obj_cooja/mtype479.a(cooja-radio.o)
                                        0x2f8 (size before relaxing)
 .eh_frame      0x000000000002965c       0xa0 obj_cooja/mtype479.a(eeprom.o)
                                         0xb8 (size before relaxing)
 .eh_frame      0x00000000000296fc       0x40 obj_cooja/mtype479.a(random.o)
                                         0x58 (size before relaxing)
 .eh_frame      0x000000000002973c       0xc0 obj_cooja/mtype479.a(sensors.o)
                                         0xd8 (size before relaxing)
 .eh_frame      0x00000000000297fc      0x120 obj_cooja/mtype479.a(dual_conf.o)
                                        0x138 (size before relaxing)
 .eh_frame      0x000000000002991c       0x40 obj_cooja/mtype479.a(autostart.o)
                                         0x58 (size before relaxing)
 .eh_frame      0x000000000002995c      0x100 obj_cooja/mtype479.a(ctimer.o)
                                        0x118 (size before relaxing)
 .eh_frame      0x0000000000029a5c      0x1e0 obj_cooja/mtype479.a(etimer.o)
                                        0x1f8 (size before relaxing)
 .eh_frame      0x0000000000029c3c      0x1c8 obj_cooja/mtype479.a(process.o)
                                        0x1e0 (size before relaxing)
 .eh_frame      0x0000000000029e04       0x60 obj_cooja/mtype479.a(rtimer.o)
                                         0x78 (size before relaxing)
 .eh_frame      0x0000000000029e64       0xc4 obj_cooja/mtype479.a(stimer.o)
                                         0xdc (size before relaxing)
 .eh_frame      0x0000000000029f28       0xa4 obj_cooja/mtype479.a(timer.o)
                                         0xbc (size before relaxing)
 .eh_frame      0x0000000000029fcc       0x60 obj_cooja/mtype479.a(serial-line.o)
                                         0x78 (size before relaxing)
 .eh_frame      0x000000000002a02c      0x180 obj_cooja/mtype479.a(list.o)
                                        0x198 (size before relaxing)
 .eh_frame      0x000000000002a1ac       0xa0 obj_cooja/mtype479.a(ringbuf.o)
                                         0xb8 (size before relaxing)
 .eh_frame      0x000000000002a24c      0x278 obj_cooja/mtype479.a(sicslowpan.o)
                                        0x290 (size before relaxing)
 .eh_frame      0x000000000002a4c4      0x180 obj_cooja/mtype479.a(uip-ds6-nbr.o)
                                        0x198 (size before relaxing)
 .eh_frame      0x000000000002a644      0x2c0 obj_cooja/mtype479.a(uip-ds6-route.o)
                                        0x2d8 (size before relaxing)
 .eh_frame      0x000000000002a904      0x2c8 obj_cooja/mtype479.a(uip-ds6.o)
                                        0x2e0 (size before relaxing)
 .eh_frame      0x000000000002abcc      0x27c obj_cooja/mtype479.a(uip6.o)
                                        0x294 (size before relaxing)
 .eh_frame      0x000000000002ae48      0x270 obj_cooja/mtype479.a(tcpip.o)
                                        0x288 (size before relaxing)
 .eh_frame      0x000000000002b0b8       0x48 obj_cooja/mtype479.a(uip-debug.o)
                                         0x60 (size before relaxing)
 .eh_frame      0x000000000002b100       0xe0 obj_cooja/mtype479.a(uip-packetqueue)
                                         0xf8 (size before relaxing)
 .eh_frame      0x000000000002b1e0       0x40 obj_cooja/mtype479.a(uip-udp-packet.)
                                         0x58 (size before relaxing)
 .eh_frame      0x000000000002b220      0x674 obj_cooja/mtype479.a(rpl-dag.o)
                                        0x68c (size before relaxing)
 .eh_frame      0x000000000002b894      0x10c obj_cooja/mtype479.a(rpl-ext-header.)
                                        0x124 (size before relaxing)
 .eh_frame      0x000000000002b9a0      0x288 obj_cooja/mtype479.a(rpl-icmp6.o)
                                        0x2a0 (size before relaxing)
 .eh_frame      0x000000000002bc28       0xe4 obj_cooja/mtype479.a(rpl-mrhof.o)
                                         0xfc (size before relaxing)
 .eh_frame      0x000000000002bd0c      0x210 obj_cooja/mtype479.a(rpl-timers.o)
                                        0x228 (size before relaxing)
 .eh_frame      0x000000000002bf1c      0x140 obj_cooja/mtype479.a(rpl.o)
                                        0x158 (size before relaxing)
 .eh_frame      0x000000000002c05c       0x60 obj_cooja/mtype479.a(linkaddr.o)
                                         0x78 (size before relaxing)
 .eh_frame      0x000000000002c0bc      0x26c obj_cooja/mtype479.a(nbr-table.o)
                                        0x284 (size before relaxing)
 .eh_frame      0x000000000002c328       0x20 obj_cooja/mtype479.a(netstack.o)
                                         0x38 (size before relaxing)
 .eh_frame      0x000000000002c348      0x214 obj_cooja/mtype479.a(packetbuf.o)
                                        0x22c (size before relaxing)
 .eh_frame      0x000000000002c55c      0x1a0 obj_cooja/mtype479.a(queuebuf.o)
                                        0x1b8 (size before relaxing)
 .eh_frame      0x000000000002c6fc      0x28c obj_cooja/mtype479.a(csma.o)
                                        0x2a4 (size before relaxing)
 .eh_frame      0x000000000002c988      0x108 obj_cooja/mtype479.a(framer-802154.o)
                                        0x120 (size before relaxing)
 .eh_frame      0x000000000002ca90       0x20 obj_cooja/mtype479.a(mac.o)
                                         0x38 (size before relaxing)
 .eh_frame      0x000000000002cab0      0x18c obj_cooja/mtype479.a(nullrdc.o)
                                        0x1a4 (size before relaxing)
 .eh_frame      0x000000000002cc3c       0x80 obj_cooja/mtype479.a(nullsec.o)
                                         0x98 (size before relaxing)
 .eh_frame      0x000000000002ccbc       0xa0 obj_cooja/mtype479.a(watchdog.o)
                                         0xb8 (size before relaxing)
 .eh_frame      0x000000000002cd5c       0xa0 obj_cooja/mtype479.a(memb.o)
                                         0xb8 (size before relaxing)
 .eh_frame      0x000000000002cdfc      0x17c obj_cooja/mtype479.a(uip-icmp6.o)
                                        0x194 (size before relaxing)
 .eh_frame      0x000000000002cf78       0x68 obj_cooja/mtype479.a(uip-nd6.o)
                                         0x80 (size before relaxing)
 .eh_frame      0x000000000002cfe0       0xc0 obj_cooja/mtype479.a(rpl-nbr-policy.)
                                         0xd8 (size before relaxing)
 .eh_frame      0x000000000002d0a0      0x164 obj_cooja/mtype479.a(frame802154.o)
                                        0x17c (size before relaxing)
 .eh_frame      0x000000000002d204       0x88 obj_cooja/mtype479.a(mac-sequence.o)
                                         0xa0 (size before relaxing)
 .eh_frame      0x000000000002d28c        0x4 /usr/lib/gcc/i686-linux-gnu/4.8/crtendS.o

.gcc_except_table
 *(.gcc_except_table .gcc_except_table.*)

.exception_ranges
 *(.exception_ranges .exception_ranges*)
                0x000000000002d290                . = (ALIGN (0x1000) - ((0x1000 - .) & 0xfff))
                0x000000000002eef8                . = DATA_SEGMENT_ALIGN (0x1000, 0x1000)

.eh_frame
 *(.eh_frame)

.gcc_except_table
 *(.gcc_except_table .gcc_except_table.*)

.exception_ranges
 *(.exception_ranges .exception_ranges*)

.tdata
 *(.tdata .tdata.* .gnu.linkonce.td.*)

.tbss
 *(.tbss .tbss.* .gnu.linkonce.tb.*)
 *(.tcommon)

.preinit_array
 *(.preinit_array)

.init_array     0x000000000002eef8        0x4
 *(SORT(.init_array.*) SORT(.ctors.*))
 *(.init_array EXCLUDE_FILE(*crtend?.o *crtend.o *crtbegin?.o *crtbegin.o) .ctors)
 .init_array    0x000000000002eef8        0x4 /usr/lib/gcc/i686-linux-gnu/4.8/crtbeginS.o

.fini_array     0x000000000002eefc        0x4
 *(SORT(.fini_array.*) SORT(.dtors.*))
 *(.fini_array EXCLUDE_FILE(*crtend?.o *crtend.o *crtbegin?.o *crtbegin.o) .dtors)
 .fini_array    0x000000000002eefc        0x4 /usr/lib/gcc/i686-linux-gnu/4.8/crtbeginS.o

.ctors
 *crtbegin.o(.ctors)
 *crtbegin?.o(.ctors)
 *(EXCLUDE_FILE(*crtend?.o *crtend.o) .ctors)
 *(SORT(.ctors.*))
 *(.ctors)

.dtors
 *crtbegin.o(.dtors)
 *crtbegin?.o(.dtors)
 *(EXCLUDE_FILE(*crtend?.o *crtend.o) .dtors)
 *(SORT(.dtors.*))
 *(.dtors)

.jcr            0x000000000002ef00        0x4
 *(.jcr)
 .jcr           0x000000000002ef00        0x0 /usr/lib/gcc/i686-linux-gnu/4.8/crtbeginS.o
 .jcr           0x000000000002ef00        0x4 /usr/lib/gcc/i686-linux-gnu/4.8/crtendS.o

.data.rel.ro
 *(.data.rel.ro.local* .gnu.linkonce.d.rel.ro.local.*)
 *(.data.rel.ro .data.rel.ro.* .gnu.linkonce.d.rel.ro.*)

.dynamic        0x000000000002ef04       0xe8
 *(.dynamic)
 .dynamic       0x000000000002ef04       0xe8 /usr/lib/gcc/i686-linux-gnu/4.8/../../../i386-linux-gnu/crti.o
                0x000000000002ef04                _DYNAMIC

.got            0x000000000002efec       0x14
 *(.got)
 .got           0x000000000002efec       0x14 /usr/lib/gcc/i686-linux-gnu/4.8/../../../i386-linux-gnu/crti.o
 *(.igot)
                0x000000000002fff4                . = DATA_SEGMENT_RELRO_END (., (SIZEOF (.got.plt) >= 0xc)?0xc:0x0)

.got.plt        0x000000000002f000       0x14
 *(.got.plt)
 .got.plt       0x000000000002f000       0x14 /usr/lib/gcc/i686-linux-gnu/4.8/../../../i386-linux-gnu/crti.o
                0x000000000002f000                _GLOBAL_OFFSET_TABLE_
 *(.igot.plt)

.data           0x000000000002f020      0x246
 *(.data .data.* .gnu.linkonce.d.*)
 .data          0x000000000002f020        0x0 /usr/lib/gcc/i686-linux-gnu/4.8/../../../i386-linux-gnu/crti.o
 .data          0x000000000002f020        0x0 /usr/lib/gcc/i686-linux-gnu/4.8/crtbeginS.o
 .data.rel      0x000000000002f020        0x4 /usr/lib/gcc/i686-linux-gnu/4.8/crtbeginS.o
                0x000000000002f020                __dso_handle
 .data          0x000000000002f024       0x10 udp-client.co
                0x000000000002f024                udp_client_process
 *fill*         0x000000000002f034        0xc 
 .data          0x000000000002f040       0x44 obj_cooja/mtype479.o
                0x000000000002f040                simInterfaces
                0x000000000002f074                sensors
 .data          0x000000000002f084        0x0 obj_cooja/mtype479.a(simEnvChange.o)
 .data          0x000000000002f084        0x0 obj_cooja/mtype479.a(cooja_mt.o)
 .data          0x000000000002f084        0x0 obj_cooja/mtype479.a(cooja_mtarch.o)
 .data          0x000000000002f084        0x0 obj_cooja/mtype479.a(rtimer-arch.o)
 .data          0x000000000002f084        0x0 obj_cooja/mtype479.a(beep.o)
 .data          0x000000000002f084        0x0 obj_cooja/mtype479.a(button-sensor.o)
 .data          0x000000000002f084        0x0 obj_cooja/mtype479.a(leds-arch.o)
 .data          0x000000000002f084        0x0 obj_cooja/mtype479.a(moteid.o)
 .data          0x000000000002f084        0x0 obj_cooja/mtype479.a(pir-sensor.o)
 .data          0x000000000002f084        0x0 obj_cooja/mtype479.a(rs232.o)
 .data          0x000000000002f084        0x0 obj_cooja/mtype479.a(vib-sensor.o)
 .data          0x000000000002f084        0x0 obj_cooja/mtype479.a(clock.o)
 .data          0x000000000002f084        0x0 obj_cooja/mtype479.a(log.o)
 .data          0x000000000002f084        0x0 obj_cooja/mtype479.a(cfs-cooja.o)
 .data          0x000000000002f084       0x2c obj_cooja/mtype479.a(cooja-radio.o)
                0x000000000002f084                simRadioHWOn
                0x000000000002f088                simSignalStrength
                0x000000000002f08c                simLastSignalStrength
                0x000000000002f090                simPower
                0x000000000002f094                simRadioChannel
                0x000000000002f098                simRadioChannelLR
                0x000000000002f09c                simLQI
                0x000000000002f0a0                cooja_radio_process
 .data          0x000000000002f0b0        0x0 obj_cooja/mtype479.a(eeprom.o)
 .data          0x000000000002f0b0        0x0 obj_cooja/mtype479.a(random.o)
 .data          0x000000000002f0b0       0x10 obj_cooja/mtype479.a(sensors.o)
                0x000000000002f0b0                sensors_process
 .data          0x000000000002f0c0       0x24 obj_cooja/mtype479.a(dual_conf.o)
                0x000000000002f0c0                radio_received
                0x000000000002f0c4                dual_dio_broadcast
                0x000000000002f0d4                dual_dis_broadcast
 .data          0x000000000002f0e4        0x0 obj_cooja/mtype479.a(autostart.o)
 .data          0x000000000002f0e4       0x14 obj_cooja/mtype479.a(ctimer.o)
                0x000000000002f0e8                ctimer_process
 .data          0x000000000002f0f8       0x10 obj_cooja/mtype479.a(etimer.o)
                0x000000000002f0f8                etimer_process
 .data          0x000000000002f108        0x0 obj_cooja/mtype479.a(process.o)
 .data          0x000000000002f108        0x0 obj_cooja/mtype479.a(rtimer.o)
 .data          0x000000000002f108        0x0 obj_cooja/mtype479.a(stimer.o)
 .data          0x000000000002f108        0x0 obj_cooja/mtype479.a(timer.o)
 .data          0x000000000002f108       0x10 obj_cooja/mtype479.a(serial-line.o)
                0x000000000002f108                serial_line_process
 .data          0x000000000002f118        0x0 obj_cooja/mtype479.a(list.o)
 .data          0x000000000002f118        0x0 obj_cooja/mtype479.a(ringbuf.o)
 .data          0x000000000002f118        0x0 obj_cooja/mtype479.a(sicslowpan.o)
 .data          0x000000000002f118       0x14 obj_cooja/mtype479.a(uip-ds6-nbr.o)
                0x000000000002f128                ds6_neighbors
 .data          0x000000000002f12c       0x44 obj_cooja/mtype479.a(uip-ds6-route.o)
                0x000000000002f13c                nbr_routes
 .data          0x000000000002f170        0x0 obj_cooja/mtype479.a(uip-ds6.o)
 .data          0x000000000002f170        0x0 obj_cooja/mtype479.a(uip6.o)
 .data          0x000000000002f170       0x10 obj_cooja/mtype479.a(tcpip.o)
                0x000000000002f170                tcpip_process
 .data          0x000000000002f180        0x0 obj_cooja/mtype479.a(uip-debug.o)
 .data          0x000000000002f180        0xc obj_cooja/mtype479.a(uip-packetqueue)
 .data          0x000000000002f18c        0x0 obj_cooja/mtype479.a(uip-udp-packet.)
 .data          0x000000000002f18c       0x14 obj_cooja/mtype479.a(rpl-dag.o)
                0x000000000002f19c                rpl_parents
 .data          0x000000000002f1a0        0x0 obj_cooja/mtype479.a(rpl-ext-header.)
 .data          0x000000000002f1a0       0x34 obj_cooja/mtype479.a(rpl-icmp6.o)
 .data          0x000000000002f1d4       0x1c obj_cooja/mtype479.a(rpl-mrhof.o)
                0x000000000002f1d4                rpl_mrhof
 .data          0x000000000002f1f0        0x0 obj_cooja/mtype479.a(rpl-timers.o)
 .data          0x000000000002f1f0        0x0 obj_cooja/mtype479.a(rpl.o)
 .data          0x000000000002f1f0        0x0 obj_cooja/mtype479.a(linkaddr.o)
 .data          0x000000000002f1f0       0x10 obj_cooja/mtype479.a(nbr-table.o)
 .data          0x000000000002f200        0x0 obj_cooja/mtype479.a(netstack.o)
 .data          0x000000000002f200        0x4 obj_cooja/mtype479.a(packetbuf.o)
 .data          0x000000000002f204       0x18 obj_cooja/mtype479.a(queuebuf.o)
 .data          0x000000000002f21c       0x28 obj_cooja/mtype479.a(csma.o)
 .data          0x000000000002f244        0x0 obj_cooja/mtype479.a(framer-802154.o)
 .data          0x000000000002f244        0x0 obj_cooja/mtype479.a(mac.o)
 .data          0x000000000002f244        0x0 obj_cooja/mtype479.a(nullrdc.o)
 .data          0x000000000002f244        0x0 obj_cooja/mtype479.a(nullsec.o)
 .data          0x000000000002f244        0x0 obj_cooja/mtype479.a(watchdog.o)
 .data          0x000000000002f244        0x0 obj_cooja/mtype479.a(rimestats.o)
 .data          0x000000000002f244        0x0 obj_cooja/mtype479.a(memb.o)
 .data          0x000000000002f244       0x20 obj_cooja/mtype479.a(uip-icmp6.o)
 .data          0x000000000002f264        0x0 obj_cooja/mtype479.a(uip-nd6.o)
 .data          0x000000000002f264        0x0 obj_cooja/mtype479.a(rpl-nbr-policy.)
 .data          0x000000000002f264        0x2 obj_cooja/mtype479.a(frame802154.o)
 .data          0x000000000002f266        0x0 obj_cooja/mtype479.a(mac-sequence.o)
 .data          0x000000000002f266        0x0 /usr/lib/gcc/i686-linux-gnu/4.8/crtendS.o
 .data          0x000000000002f266        0x0 /usr/lib/gcc/i686-linux-gnu/4.8/../../../i386-linux-gnu/crtn.o

.tm_clone_table
                0x000000000002f268        0x0
 .tm_clone_table
                0x000000000002f268        0x0 /usr/lib/gcc/i686-linux-gnu/4.8/crtbeginS.o
 .tm_clone_table
                0x000000000002f268        0x0 /usr/lib/gcc/i686-linux-gnu/4.8/crtendS.o

.data1
 *(.data1)
                0x000000000002f268                _edata = .
                0x000000000002f268                PROVIDE (edata, .)
                0x000000000002f268                . = .
                0x000000000002f268                __bss_start = .

.bss            0x000000000002f280     0x8148
 *(.dynbss)
 .dynbss        0x0000000000000000        0x0 /usr/lib/gcc/i686-linux-gnu/4.8/../../../i386-linux-gnu/crti.o
 *(.bss .bss.* .gnu.linkonce.b.*)
 .bss           0x000000000002f280        0x0 /usr/lib/gcc/i686-linux-gnu/4.8/../../../i386-linux-gnu/crti.o
 .bss           0x000000000002f280        0x1 /usr/lib/gcc/i686-linux-gnu/4.8/crtbeginS.o
 *fill*         0x000000000002f281       0x1f 
 .bss           0x000000000002f2a0       0x60 udp-client.co
 .bss           0x000000000002f300     0x2030 obj_cooja/mtype479.o
 .bss           0x0000000000031330        0x1 obj_cooja/mtype479.a(simEnvChange.o)
                0x0000000000031330                simDontFallAsleep
 *fill*         0x0000000000031331        0x3 
 .bss           0x0000000000031334        0x4 obj_cooja/mtype479.a(cooja_mt.o)
 .bss           0x0000000000031338        0x4 obj_cooja/mtype479.a(cooja_mtarch.o)
 .bss           0x000000000003133c        0xc obj_cooja/mtype479.a(rtimer-arch.o)
 .bss           0x0000000000031348        0x0 obj_cooja/mtype479.a(beep.o)
 .bss           0x0000000000031348        0x8 obj_cooja/mtype479.a(button-sensor.o)
 .bss           0x0000000000031350        0x0 obj_cooja/mtype479.a(leds-arch.o)
 .bss           0x0000000000031350        0x0 obj_cooja/mtype479.a(moteid.o)
 .bss           0x0000000000031350        0x1 obj_cooja/mtype479.a(pir-sensor.o)
                0x0000000000031350                simPirValue
 *fill*         0x0000000000031351        0x3 
 .bss           0x0000000000031354        0x4 obj_cooja/mtype479.a(rs232.o)
 .bss           0x0000000000031358        0x1 obj_cooja/mtype479.a(vib-sensor.o)
                0x0000000000031358                simVibValue
 .bss           0x0000000000031359        0x0 obj_cooja/mtype479.a(clock.o)
 *fill*         0x0000000000031359        0x7 
 .bss           0x0000000000031360      0x420 obj_cooja/mtype479.a(log.o)
 .bss           0x0000000000031780      0xfc0 obj_cooja/mtype479.a(cfs-cooja.o)
                0x0000000000031780                simCFSData
                0x0000000000032720                simCFSSize
                0x0000000000032724                simCFSChanged
                0x0000000000032728                simCFSRead
                0x000000000003272c                simCFSWritten
 .bss           0x0000000000032740       0x20 obj_cooja/mtype479.a(cooja-radio.o)
                0x0000000000032740                simReceiving
                0x0000000000032741                simReceivingLR
                0x0000000000032744                simInSize
                0x0000000000032748                simInSizeLR
                0x000000000003274c                simOutSize
                0x0000000000032750                simOutSizeLR
                0x0000000000032754                LongRangeTransmit
                0x0000000000032758                LongRangeReceiving
 .bss           0x0000000000032760        0xc obj_cooja/mtype479.a(eeprom.o)
                0x0000000000032760                simEEPROMChanged
                0x0000000000032764                simEEPROMRead
                0x0000000000032768                simEEPROMWritten
 .bss           0x000000000003276c        0x0 obj_cooja/mtype479.a(random.o)
 .bss           0x000000000003276c        0xc obj_cooja/mtype479.a(sensors.o)
 .bss           0x0000000000032778       0x28 obj_cooja/mtype479.a(dual_conf.o)
                0x0000000000032778                long_range_radio
 .bss           0x00000000000327a0        0x0 obj_cooja/mtype479.a(autostart.o)
 .bss           0x00000000000327a0        0x5 obj_cooja/mtype479.a(ctimer.o)
 *fill*         0x00000000000327a5        0x3 
 .bss           0x00000000000327a8        0x8 obj_cooja/mtype479.a(etimer.o)
 *fill*         0x00000000000327b0       0x10 
 .bss           0x00000000000327c0      0x1b1 obj_cooja/mtype479.a(process.o)
                0x00000000000327c0                process_list
                0x00000000000327c4                process_current
 *fill*         0x0000000000032971        0x3 
 .bss           0x0000000000032974        0x4 obj_cooja/mtype479.a(rtimer.o)
 .bss           0x0000000000032978        0x0 obj_cooja/mtype479.a(stimer.o)
 .bss           0x0000000000032978        0x0 obj_cooja/mtype479.a(timer.o)
 *fill*         0x0000000000032978        0x8 
 .bss           0x0000000000032980      0x140 obj_cooja/mtype479.a(serial-line.o)
 .bss           0x0000000000032ac0        0x0 obj_cooja/mtype479.a(list.o)
 .bss           0x0000000000032ac0        0x0 obj_cooja/mtype479.a(ringbuf.o)
 .bss           0x0000000000032ac0      0x6f0 obj_cooja/mtype479.a(sicslowpan.o)
 *fill*         0x00000000000331b0       0x10 
 .bss           0x00000000000331c0       0xf0 obj_cooja/mtype479.a(uip-ds6-nbr.o)
 *fill*         0x00000000000332b0       0x10 
 .bss           0x00000000000332c0      0x2a8 obj_cooja/mtype479.a(uip-ds6-route.o)
 .bss           0x0000000000033568       0x20 obj_cooja/mtype479.a(uip-ds6.o)
 .bss           0x0000000000033588        0xe obj_cooja/mtype479.a(uip6.o)
                0x0000000000033588                uip_ext_bitmap
                0x0000000000033589                uip_ext_len
                0x000000000003358a                uip_ext_opt_offset
 *fill*         0x0000000000033596        0xa 
 .bss           0x00000000000335a0       0x6a obj_cooja/mtype479.a(tcpip.o)
 .bss           0x000000000003360a        0x0 obj_cooja/mtype479.a(uip-debug.o)
 *fill*         0x000000000003360a       0x16 
 .bss           0x0000000000033620      0xcf8 obj_cooja/mtype479.a(uip-packetqueue)
 .bss           0x0000000000034318        0x0 obj_cooja/mtype479.a(uip-udp-packet.)
 *fill*         0x0000000000034318        0x8 
 .bss           0x0000000000034320       0xa0 obj_cooja/mtype479.a(rpl-dag.o)
 .bss           0x00000000000343c0        0x0 obj_cooja/mtype479.a(rpl-ext-header.)
 .bss           0x00000000000343c0        0x0 obj_cooja/mtype479.a(rpl-icmp6.o)
 .bss           0x00000000000343c0        0x0 obj_cooja/mtype479.a(rpl-mrhof.o)
 .bss           0x00000000000343c0       0x23 obj_cooja/mtype479.a(rpl-timers.o)
 *fill*         0x00000000000343e3        0x1 
 .bss           0x00000000000343e4        0x4 obj_cooja/mtype479.a(rpl.o)
 .bss           0x00000000000343e8        0x0 obj_cooja/mtype479.a(linkaddr.o)
 *fill*         0x00000000000343e8       0x18 
 .bss           0x0000000000034400       0xdc obj_cooja/mtype479.a(nbr-table.o)
 .bss           0x00000000000344dc        0x0 obj_cooja/mtype479.a(netstack.o)
 *fill*         0x00000000000344dc        0x4 
 .bss           0x00000000000344e0       0xa0 obj_cooja/mtype479.a(packetbuf.o)
 .bss           0x0000000000034580      0xb80 obj_cooja/mtype479.a(queuebuf.o)
 .bss           0x0000000000035100      0x248 obj_cooja/mtype479.a(csma.o)
 .bss           0x0000000000035348        0x2 obj_cooja/mtype479.a(framer-802154.o)
 .bss           0x000000000003534a        0x0 obj_cooja/mtype479.a(mac.o)
 .bss           0x000000000003534a        0x0 obj_cooja/mtype479.a(nullrdc.o)
 .bss           0x000000000003534a        0x0 obj_cooja/mtype479.a(nullsec.o)
 .bss           0x000000000003534a        0x0 obj_cooja/mtype479.a(watchdog.o)
 .bss           0x000000000003534a        0x0 obj_cooja/mtype479.a(rimestats.o)
 .bss           0x000000000003534a        0x0 obj_cooja/mtype479.a(memb.o)
 *fill*         0x000000000003534a        0x2 
 .bss           0x000000000003534c       0x18 obj_cooja/mtype479.a(uip-icmp6.o)
 .bss           0x0000000000035364        0x0 obj_cooja/mtype479.a(uip-nd6.o)
 *fill*         0x0000000000035364       0x1c 
 .bss           0x0000000000035380       0x44 obj_cooja/mtype479.a(rpl-nbr-policy.)
 .bss           0x00000000000353c4        0x0 obj_cooja/mtype479.a(frame802154.o)
 *fill*         0x00000000000353c4       0x1c 
 .bss           0x00000000000353e0       0x90 obj_cooja/mtype479.a(mac-sequence.o)
 .bss           0x0000000000035470        0x0 /usr/lib/gcc/i686-linux-gnu/4.8/crtendS.o
 .bss           0x0000000000035470        0x0 /usr/lib/gcc/i686-linux-gnu/4.8/../../../i386-linux-gnu/crtn.o
 *(COMMON)
 COMMON         0x0000000000035470        0x8 obj_cooja/mtype479.o
                0x0000000000035470                referenceVar
                0x0000000000035474                sensors_flags
 COMMON         0x0000000000035478        0xc obj_cooja/mtype479.a(simEnvChange.o)
                0x0000000000035478                simEtimerPending
                0x000000000003547c                simProcessRunValue
                0x0000000000035480                simNextExpirationTime
 COMMON         0x0000000000035484        0x1 obj_cooja/mtype479.a(beep.o)
                0x0000000000035484                simBeeped
 COMMON         0x0000000000035485        0x3 obj_cooja/mtype479.a(button-sensor.o)
                0x0000000000035485                simButtonIsActive
                0x0000000000035486                simButtonIsDown
                0x0000000000035487                simButtonChanged
 COMMON         0x0000000000035488        0x1 obj_cooja/mtype479.a(leds-arch.o)
                0x0000000000035488                simLedsValue
 *fill*         0x0000000000035489        0x3 
 COMMON         0x000000000003548c        0xc obj_cooja/mtype479.a(moteid.o)
                0x000000000003548c                simRandomSeed
                0x0000000000035490                simMoteIDChanged
                0x0000000000035494                simMoteID
 COMMON         0x0000000000035498        0x2 obj_cooja/mtype479.a(pir-sensor.o)
                0x0000000000035498                simPirIsActive
                0x0000000000035499                simPirChanged
 *fill*         0x000000000003549a        0x6 
 COMMON         0x00000000000354a0      0x820 obj_cooja/mtype479.a(rs232.o)
                0x00000000000354a0                simSerialReceivingFlag
                0x00000000000354a4                simSerialReceivingLength
                0x00000000000354c0                simSerialReceivingData
 COMMON         0x0000000000035cc0        0x2 obj_cooja/mtype479.a(vib-sensor.o)
                0x0000000000035cc0                simVibChanged
                0x0000000000035cc1                simVibIsActive
 *fill*         0x0000000000035cc2        0x2 
 COMMON         0x0000000000035cc4        0x4 obj_cooja/mtype479.a(clock.o)
                0x0000000000035cc4                simCurrentTime
 *fill*         0x0000000000035cc8       0x18 
 COMMON         0x0000000000035ce0      0x420 obj_cooja/mtype479.a(log.o)
                0x0000000000035ce0                simLoggedLength
                0x0000000000035ce4                simLoggedFlag
                0x0000000000035d00                simLoggedData
 COMMON         0x0000000000036100      0x200 obj_cooja/mtype479.a(cooja-radio.o)
                0x0000000000036100                simOutDataBuffer
                0x0000000000036180                simInDataBufferLR
                0x0000000000036200                simOutDataBufferLR
                0x0000000000036280                simInDataBuffer
 COMMON         0x0000000000036300      0x400 obj_cooja/mtype479.a(eeprom.o)
                0x0000000000036300                simEEPROMData
 COMMON         0x0000000000036700        0x1 obj_cooja/mtype479.a(sensors.o)
                0x0000000000036700                sensors_event
 COMMON         0x0000000000036701        0x1 obj_cooja/mtype479.a(serial-line.o)
                0x0000000000036701                serial_line_event_message
 *fill*         0x0000000000036702       0x1e 
 COMMON         0x0000000000036720      0x181 obj_cooja/mtype479.a(uip-ds6.o)
                0x0000000000036720                uip_ds6_prefix_list
                0x0000000000036780                uip_ds6_timer_periodic
                0x0000000000036790                uip_ds6_netif_addr_list_offset
                0x00000000000367a0                uip_ds6_if
                0x0000000000036898                uip_ds6_timer_ra
                0x00000000000368a0                uip_ds6_addr_size
 *fill*         0x00000000000368a1       0x1f 
 COMMON         0x00000000000368c0      0x8ec obj_cooja/mtype479.a(uip6.o)
                0x00000000000368c0                uip_slen
                0x00000000000368c2                uip_acc32
                0x00000000000368e0                uip_conns
                0x00000000000369a0                uip_lladdr
                0x00000000000369a8                uip_appdata
                0x00000000000369ac                uip_flags
                0x00000000000369c0                uip_aligned_buf
                0x0000000000037000                uip_listenports
                0x0000000000037010                uip_len
                0x0000000000037014                uip_sappdata
                0x0000000000037020                uip_udp_conns
                0x00000000000371a0                uip_udp_conn
                0x00000000000371a4                uip_next_hdr
                0x00000000000371a8                uip_conn
 COMMON         0x00000000000371ac        0x1 obj_cooja/mtype479.a(tcpip.o)
                0x00000000000371ac                tcpip_event
 *fill*         0x00000000000371ad       0x13 
 COMMON         0x00000000000371c0      0x170 obj_cooja/mtype479.a(rpl-dag.o)
                0x00000000000371c0                default_instance
                0x00000000000371e0                instance_table
 COMMON         0x0000000000037330        0x8 obj_cooja/mtype479.a(linkaddr.o)
                0x0000000000037330                linkaddr_node_addr
 COMMON         0x0000000000037338       0x2e obj_cooja/mtype479.a(packetbuf.o)
                0x0000000000037338                packetbuf_attrs
                0x0000000000037356                packetbuf_addrs
 *fill*         0x0000000000037366       0x1a 
 COMMON         0x0000000000037380       0x48 obj_cooja/mtype479.a(rimestats.o)
                0x0000000000037380                rimestats
                0x00000000000373c8                . = ALIGN ((. != 0x0)?0x4:0x1)
                0x00000000000373c8                . = ALIGN (0x4)
                0x00000000000373c8                . = SEGMENT_START ("ldata-segment", .)
                0x00000000000373c8                . = ALIGN (0x4)
                0x00000000000373c8                _end = .
                0x00000000000373c8                PROVIDE (end, .)
                0x00000000000373c8                . = DATA_SEGMENT_END (.)

.stab
 *(.stab)

.stabstr
 *(.stabstr)

.stab.excl
 *(.stab.excl)

.stab.exclstr
 *(.stab.exclstr)

.stab.index
 *(.stab.index)

.stab.indexstr
 *(.stab.indexstr)

.comment        0x0000000000000000       0x2b
 *(.comment)
 .comment       0x0000000000000000       0x2b /usr/lib/gcc/i686-linux-gnu/4.8/crtbeginS.o
                                         0x2c (size before relaxing)
 .comment       0x0000000000000000       0x2c udp-client.co
 .comment       0x0000000000000000       0x2c obj_cooja/mtype479.o
 .comment       0x0000000000000000       0x2c obj_cooja/mtype479.a(simEnvChange.o)
 .comment       0x0000000000000000       0x2c obj_cooja/mtype479.a(cooja_mt.o)
 .comment       0x0000000000000000       0x2c obj_cooja/mtype479.a(cooja_mtarch.o)
 .comment       0x0000000000000000       0x2c obj_cooja/mtype479.a(rtimer-arch.o)
 .comment       0x0000000000000000       0x2c obj_cooja/mtype479.a(beep.o)
 .comment       0x0000000000000000       0x2c obj_cooja/mtype479.a(button-sensor.o)
 .comment       0x0000000000000000       0x2c obj_cooja/mtype479.a(leds-arch.o)
 .comment       0x0000000000000000       0x2c obj_cooja/mtype479.a(moteid.o)
 .comment       0x0000000000000000       0x2c obj_cooja/mtype479.a(pir-sensor.o)
 .comment       0x0000000000000000       0x2c obj_cooja/mtype479.a(rs232.o)
 .comment       0x0000000000000000       0x2c obj_cooja/mtype479.a(vib-sensor.o)
 .comment       0x0000000000000000       0x2c obj_cooja/mtype479.a(clock.o)
 .comment       0x0000000000000000       0x2c obj_cooja/mtype479.a(log.o)
 .comment       0x0000000000000000       0x2c obj_cooja/mtype479.a(cfs-cooja.o)
 .comment       0x0000000000000000       0x2c obj_cooja/mtype479.a(cooja-radio.o)
 .comment       0x0000000000000000       0x2c obj_cooja/mtype479.a(eeprom.o)
 .comment       0x0000000000000000       0x2c obj_cooja/mtype479.a(random.o)
 .comment       0x0000000000000000       0x2c obj_cooja/mtype479.a(sensors.o)
 .comment       0x0000000000000000       0x2c obj_cooja/mtype479.a(dual_conf.o)
 .comment       0x0000000000000000       0x2c obj_cooja/mtype479.a(autostart.o)
 .comment       0x0000000000000000       0x2c obj_cooja/mtype479.a(ctimer.o)
 .comment       0x0000000000000000       0x2c obj_cooja/mtype479.a(etimer.o)
 .comment       0x0000000000000000       0x2c obj_cooja/mtype479.a(process.o)
 .comment       0x0000000000000000       0x2c obj_cooja/mtype479.a(rtimer.o)
 .comment       0x0000000000000000       0x2c obj_cooja/mtype479.a(stimer.o)
 .comment       0x0000000000000000       0x2c obj_cooja/mtype479.a(timer.o)
 .comment       0x0000000000000000       0x2c obj_cooja/mtype479.a(serial-line.o)
 .comment       0x0000000000000000       0x2c obj_cooja/mtype479.a(list.o)
 .comment       0x0000000000000000       0x2c obj_cooja/mtype479.a(ringbuf.o)
 .comment       0x0000000000000000       0x2c obj_cooja/mtype479.a(sicslowpan.o)
 .comment       0x0000000000000000       0x2c obj_cooja/mtype479.a(uip-ds6-nbr.o)
 .comment       0x0000000000000000       0x2c obj_cooja/mtype479.a(uip-ds6-route.o)
 .comment       0x0000000000000000       0x2c obj_cooja/mtype479.a(uip-ds6.o)
 .comment       0x0000000000000000       0x2c obj_cooja/mtype479.a(uip6.o)
 .comment       0x0000000000000000       0x2c obj_cooja/mtype479.a(tcpip.o)
 .comment       0x0000000000000000       0x2c obj_cooja/mtype479.a(uip-debug.o)
 .comment       0x0000000000000000       0x2c obj_cooja/mtype479.a(uip-packetqueue)
 .comment       0x0000000000000000       0x2c obj_cooja/mtype479.a(uip-udp-packet.)
 .comment       0x0000000000000000       0x2c obj_cooja/mtype479.a(rpl-dag.o)
 .comment       0x0000000000000000       0x2c obj_cooja/mtype479.a(rpl-ext-header.)
 .comment       0x0000000000000000       0x2c obj_cooja/mtype479.a(rpl-icmp6.o)
 .comment       0x0000000000000000       0x2c obj_cooja/mtype479.a(rpl-mrhof.o)
 .comment       0x0000000000000000       0x2c obj_cooja/mtype479.a(rpl-timers.o)
 .comment       0x0000000000000000       0x2c obj_cooja/mtype479.a(rpl.o)
 .comment       0x0000000000000000       0x2c obj_cooja/mtype479.a(linkaddr.o)
 .comment       0x0000000000000000       0x2c obj_cooja/mtype479.a(nbr-table.o)
 .comment       0x0000000000000000       0x2c obj_cooja/mtype479.a(netstack.o)
 .comment       0x0000000000000000       0x2c obj_cooja/mtype479.a(packetbuf.o)
 .comment       0x0000000000000000       0x2c obj_cooja/mtype479.a(queuebuf.o)
 .comment       0x0000000000000000       0x2c obj_cooja/mtype479.a(csma.o)
 .comment       0x0000000000000000       0x2c obj_cooja/mtype479.a(framer-802154.o)
 .comment       0x0000000000000000       0x2c obj_cooja/mtype479.a(mac.o)
 .comment       0x0000000000000000       0x2c obj_cooja/mtype479.a(nullrdc.o)
 .comment       0x0000000000000000       0x2c obj_cooja/mtype479.a(nullsec.o)
 .comment       0x0000000000000000       0x2c obj_cooja/mtype479.a(watchdog.o)
 .comment       0x0000000000000000       0x2c obj_cooja/mtype479.a(rimestats.o)
 .comment       0x0000000000000000       0x2c obj_cooja/mtype479.a(memb.o)
 .comment       0x0000000000000000       0x2c obj_cooja/mtype479.a(uip-icmp6.o)
 .comment       0x0000000000000000       0x2c obj_cooja/mtype479.a(uip-nd6.o)
 .comment       0x0000000000000000       0x2c obj_cooja/mtype479.a(rpl-nbr-policy.)
 .comment       0x0000000000000000       0x2c obj_cooja/mtype479.a(frame802154.o)
 .comment       0x0000000000000000       0x2c obj_cooja/mtype479.a(mac-sequence.o)
 .comment       0x0000000000000000       0x2c /usr/lib/gcc/i686-linux-gnu/4.8/crtendS.o

.debug
 *(.debug)

.line
 *(.line)

.debug_srcinfo
 *(.debug_srcinfo)

.debug_sfnames
 *(.debug_sfnames)

.debug_aranges  0x0000000000000000      0x7f8
 *(.debug_aranges)
 .debug_aranges
                0x0000000000000000       0x20 udp-client.co
 .debug_aranges
                0x0000000000000020       0x20 obj_cooja/mtype479.o
 .debug_aranges
                0x0000000000000040       0x20 obj_cooja/mtype479.a(simEnvChange.o)
 .debug_aranges
                0x0000000000000060       0x20 obj_cooja/mtype479.a(cooja_mt.o)
 .debug_aranges
                0x0000000000000080       0x20 obj_cooja/mtype479.a(cooja_mtarch.o)
 .debug_aranges
                0x00000000000000a0       0x20 obj_cooja/mtype479.a(rtimer-arch.o)
 .debug_aranges
                0x00000000000000c0       0x20 obj_cooja/mtype479.a(beep.o)
 .debug_aranges
                0x00000000000000e0       0x20 obj_cooja/mtype479.a(button-sensor.o)
 .debug_aranges
                0x0000000000000100       0x20 obj_cooja/mtype479.a(leds-arch.o)
 .debug_aranges
                0x0000000000000120       0x20 obj_cooja/mtype479.a(moteid.o)
 .debug_aranges
                0x0000000000000140       0x20 obj_cooja/mtype479.a(pir-sensor.o)
 .debug_aranges
                0x0000000000000160       0x20 obj_cooja/mtype479.a(rs232.o)
 .debug_aranges
                0x0000000000000180       0x20 obj_cooja/mtype479.a(vib-sensor.o)
 .debug_aranges
                0x00000000000001a0       0x20 obj_cooja/mtype479.a(clock.o)
 .debug_aranges
                0x00000000000001c0       0x20 obj_cooja/mtype479.a(log.o)
 .debug_aranges
                0x00000000000001e0       0x20 obj_cooja/mtype479.a(cfs-cooja.o)
 .debug_aranges
                0x0000000000000200       0x20 obj_cooja/mtype479.a(cooja-radio.o)
 .debug_aranges
                0x0000000000000220       0x20 obj_cooja/mtype479.a(eeprom.o)
 .debug_aranges
                0x0000000000000240       0x20 obj_cooja/mtype479.a(random.o)
 .debug_aranges
                0x0000000000000260       0x20 obj_cooja/mtype479.a(sensors.o)
 .debug_aranges
                0x0000000000000280       0x20 obj_cooja/mtype479.a(dual_conf.o)
 .debug_aranges
                0x00000000000002a0       0x20 obj_cooja/mtype479.a(autostart.o)
 .debug_aranges
                0x00000000000002c0       0x20 obj_cooja/mtype479.a(ctimer.o)
 .debug_aranges
                0x00000000000002e0       0x20 obj_cooja/mtype479.a(etimer.o)
 .debug_aranges
                0x0000000000000300       0x20 obj_cooja/mtype479.a(process.o)
 .debug_aranges
                0x0000000000000320       0x20 obj_cooja/mtype479.a(rtimer.o)
 .debug_aranges
                0x0000000000000340       0x20 obj_cooja/mtype479.a(stimer.o)
 .debug_aranges
                0x0000000000000360       0x20 obj_cooja/mtype479.a(timer.o)
 .debug_aranges
                0x0000000000000380       0x20 obj_cooja/mtype479.a(serial-line.o)
 .debug_aranges
                0x00000000000003a0       0x20 obj_cooja/mtype479.a(list.o)
 .debug_aranges
                0x00000000000003c0       0x20 obj_cooja/mtype479.a(ringbuf.o)
 .debug_aranges
                0x00000000000003e0       0x20 obj_cooja/mtype479.a(sicslowpan.o)
 .debug_aranges
                0x0000000000000400       0x20 obj_cooja/mtype479.a(uip-ds6-nbr.o)
 .debug_aranges
                0x0000000000000420       0x20 obj_cooja/mtype479.a(uip-ds6-route.o)
 .debug_aranges
                0x0000000000000440       0x20 obj_cooja/mtype479.a(uip-ds6.o)
 .debug_aranges
                0x0000000000000460       0x20 obj_cooja/mtype479.a(uip6.o)
 .debug_aranges
                0x0000000000000480       0x20 obj_cooja/mtype479.a(tcpip.o)
 .debug_aranges
                0x00000000000004a0       0x20 obj_cooja/mtype479.a(uip-debug.o)
 .debug_aranges
                0x00000000000004c0       0x20 obj_cooja/mtype479.a(uip-packetqueue)
 .debug_aranges
                0x00000000000004e0       0x20 obj_cooja/mtype479.a(uip-udp-packet.)
 .debug_aranges
                0x0000000000000500       0x20 obj_cooja/mtype479.a(rpl-dag.o)
 .debug_aranges
                0x0000000000000520       0x20 obj_cooja/mtype479.a(rpl-ext-header.)
 .debug_aranges
                0x0000000000000540       0x20 obj_cooja/mtype479.a(rpl-icmp6.o)
 .debug_aranges
                0x0000000000000560       0x20 obj_cooja/mtype479.a(rpl-mrhof.o)
 .debug_aranges
                0x0000000000000580       0x20 obj_cooja/mtype479.a(rpl-timers.o)
 .debug_aranges
                0x00000000000005a0       0x20 obj_cooja/mtype479.a(rpl.o)
 .debug_aranges
                0x00000000000005c0       0x20 obj_cooja/mtype479.a(linkaddr.o)
 .debug_aranges
                0x00000000000005e0       0x20 obj_cooja/mtype479.a(nbr-table.o)
 .debug_aranges
                0x0000000000000600       0x20 obj_cooja/mtype479.a(netstack.o)
 .debug_aranges
                0x0000000000000620       0x20 obj_cooja/mtype479.a(packetbuf.o)
 .debug_aranges
                0x0000000000000640       0x20 obj_cooja/mtype479.a(queuebuf.o)
 .debug_aranges
                0x0000000000000660       0x20 obj_cooja/mtype479.a(csma.o)
 .debug_aranges
                0x0000000000000680       0x20 obj_cooja/mtype479.a(framer-802154.o)
 .debug_aranges
                0x00000000000006a0       0x20 obj_cooja/mtype479.a(mac.o)
 .debug_aranges
                0x00000000000006c0       0x20 obj_cooja/mtype479.a(nullrdc.o)
 .debug_aranges
                0x00000000000006e0       0x20 obj_cooja/mtype479.a(nullsec.o)
 .debug_aranges
                0x0000000000000700       0x20 obj_cooja/mtype479.a(watchdog.o)
 .debug_aranges
                0x0000000000000720       0x18 obj_cooja/mtype479.a(rimestats.o)
 .debug_aranges
                0x0000000000000738       0x20 obj_cooja/mtype479.a(memb.o)
 .debug_aranges
                0x0000000000000758       0x20 obj_cooja/mtype479.a(uip-icmp6.o)
 .debug_aranges
                0x0000000000000778       0x20 obj_cooja/mtype479.a(uip-nd6.o)
 .debug_aranges
                0x0000000000000798       0x20 obj_cooja/mtype479.a(rpl-nbr-policy.)
 .debug_aranges
                0x00000000000007b8       0x20 obj_cooja/mtype479.a(frame802154.o)
 .debug_aranges
                0x00000000000007d8       0x20 obj_cooja/mtype479.a(mac-sequence.o)

.debug_pubnames
 *(.debug_pubnames)

.debug_info     0x0000000000000000    0x1aec4
 *(.debug_info .gnu.linkonce.wi.*)
 .debug_info    0x0000000000000000      0x8a1 udp-client.co
 .debug_info    0x00000000000008a1     0x370c obj_cooja/mtype479.o
 .debug_info    0x0000000000003fad      0x15a obj_cooja/mtype479.a(simEnvChange.o)
 .debug_info    0x0000000000004107      0x1e2 obj_cooja/mtype479.a(cooja_mt.o)
 .debug_info    0x00000000000042e9      0x2e7 obj_cooja/mtype479.a(cooja_mtarch.o)
 .debug_info    0x00000000000045d0      0x16b obj_cooja/mtype479.a(rtimer-arch.o)
 .debug_info    0x000000000000473b      0x1f3 obj_cooja/mtype479.a(beep.o)
 .debug_info    0x000000000000492e      0x257 obj_cooja/mtype479.a(button-sensor.o)
 .debug_info    0x0000000000004b85      0x132 obj_cooja/mtype479.a(leds-arch.o)
 .debug_info    0x0000000000004cb7      0x10a obj_cooja/mtype479.a(moteid.o)
 .debug_info    0x0000000000004dc1      0x216 obj_cooja/mtype479.a(pir-sensor.o)
 .debug_info    0x0000000000004fd7      0x21e obj_cooja/mtype479.a(rs232.o)
 .debug_info    0x00000000000051f5      0x216 obj_cooja/mtype479.a(vib-sensor.o)
 .debug_info    0x000000000000540b      0x152 obj_cooja/mtype479.a(clock.o)
 .debug_info    0x000000000000555d      0x2bb obj_cooja/mtype479.a(log.o)
 .debug_info    0x0000000000005818      0x3cf obj_cooja/mtype479.a(cfs-cooja.o)
 .debug_info    0x0000000000005be7      0xc5e obj_cooja/mtype479.a(cooja-radio.o)
 .debug_info    0x0000000000006845      0x1d5 obj_cooja/mtype479.a(eeprom.o)
 .debug_info    0x0000000000006a1a       0xb3 obj_cooja/mtype479.a(random.o)
 .debug_info    0x0000000000006acd      0x36d obj_cooja/mtype479.a(sensors.o)
 .debug_info    0x0000000000006e3a      0x99d obj_cooja/mtype479.a(dual_conf.o)
 .debug_info    0x00000000000077d7      0x1a5 obj_cooja/mtype479.a(autostart.o)
 .debug_info    0x000000000000797c      0x46c obj_cooja/mtype479.a(ctimer.o)
 .debug_info    0x0000000000007de8      0x49c obj_cooja/mtype479.a(etimer.o)
 .debug_info    0x0000000000008284      0x4ba obj_cooja/mtype479.a(process.o)
 .debug_info    0x000000000000873e      0x1ab obj_cooja/mtype479.a(rtimer.o)
 .debug_info    0x00000000000088e9      0x179 obj_cooja/mtype479.a(stimer.o)
 .debug_info    0x0000000000008a62      0x16c obj_cooja/mtype479.a(timer.o)
 .debug_info    0x0000000000008bce      0x2de obj_cooja/mtype479.a(serial-line.o)
 .debug_info    0x0000000000008eac      0x2ed obj_cooja/mtype479.a(list.o)
 .debug_info    0x0000000000009199      0x1aa obj_cooja/mtype479.a(ringbuf.o)
 .debug_info    0x0000000000009343      0xcba obj_cooja/mtype479.a(sicslowpan.o)
 .debug_info    0x0000000000009ffd      0x853 obj_cooja/mtype479.a(uip-ds6-nbr.o)
 .debug_info    0x000000000000a850      0xd60 obj_cooja/mtype479.a(uip-ds6-route.o)
 .debug_info    0x000000000000b5b0      0xa7c obj_cooja/mtype479.a(uip-ds6.o)
 .debug_info    0x000000000000c02c      0xe9e obj_cooja/mtype479.a(uip6.o)
 .debug_info    0x000000000000ceca     0x1437 obj_cooja/mtype479.a(tcpip.o)
 .debug_info    0x000000000000e301      0x1b5 obj_cooja/mtype479.a(uip-debug.o)
 .debug_info    0x000000000000e4b6      0x470 obj_cooja/mtype479.a(uip-packetqueue)
 .debug_info    0x000000000000e926      0x37a obj_cooja/mtype479.a(uip-udp-packet.)
 .debug_info    0x000000000000eca0     0x1903 obj_cooja/mtype479.a(rpl-dag.o)
 .debug_info    0x00000000000105a3      0xe2b obj_cooja/mtype479.a(rpl-ext-header.)
 .debug_info    0x00000000000113ce     0x1695 obj_cooja/mtype479.a(rpl-icmp6.o)
 .debug_info    0x0000000000012a63      0xabe obj_cooja/mtype479.a(rpl-mrhof.o)
 .debug_info    0x0000000000013521      0xbeb obj_cooja/mtype479.a(rpl-timers.o)
 .debug_info    0x000000000001410c      0xf05 obj_cooja/mtype479.a(rpl.o)
 .debug_info    0x0000000000015011      0x165 obj_cooja/mtype479.a(linkaddr.o)
 .debug_info    0x0000000000015176      0x8d7 obj_cooja/mtype479.a(nbr-table.o)
 .debug_info    0x0000000000015a4d      0x4b9 obj_cooja/mtype479.a(netstack.o)
 .debug_info    0x0000000000015f06      0x478 obj_cooja/mtype479.a(packetbuf.o)
 .debug_info    0x000000000001637e      0x57d obj_cooja/mtype479.a(queuebuf.o)
 .debug_info    0x00000000000168fb      0xbff obj_cooja/mtype479.a(csma.o)
 .debug_info    0x00000000000174fa      0x5ed obj_cooja/mtype479.a(framer-802154.o)
 .debug_info    0x0000000000017ae7      0x112 obj_cooja/mtype479.a(mac.o)
 .debug_info    0x0000000000017bf9      0xa15 obj_cooja/mtype479.a(nullrdc.o)
 .debug_info    0x000000000001860e      0x3aa obj_cooja/mtype479.a(nullsec.o)
 .debug_info    0x00000000000189b8       0x7b obj_cooja/mtype479.a(watchdog.o)
 .debug_info    0x0000000000018a33      0x119 obj_cooja/mtype479.a(rimestats.o)
 .debug_info    0x0000000000018b4c      0x1d7 obj_cooja/mtype479.a(memb.o)
 .debug_info    0x0000000000018d23      0x783 obj_cooja/mtype479.a(uip-icmp6.o)
 .debug_info    0x00000000000194a6      0x331 obj_cooja/mtype479.a(uip-nd6.o)
 .debug_info    0x00000000000197d7      0xda2 obj_cooja/mtype479.a(rpl-nbr-policy.)
 .debug_info    0x000000000001a579      0x6b4 obj_cooja/mtype479.a(frame802154.o)
 .debug_info    0x000000000001ac2d      0x297 obj_cooja/mtype479.a(mac-sequence.o)

.debug_abbrev   0x0000000000000000     0x674a
 *(.debug_abbrev)
 .debug_abbrev  0x0000000000000000      0x1c0 udp-client.co
 .debug_abbrev  0x00000000000001c0      0x2b3 obj_cooja/mtype479.o
 .debug_abbrev  0x0000000000000473       0xc3 obj_cooja/mtype479.a(simEnvChange.o)
 .debug_abbrev  0x0000000000000536       0xe6 obj_cooja/mtype479.a(cooja_mt.o)
 .debug_abbrev  0x000000000000061c      0x147 obj_cooja/mtype479.a(cooja_mtarch.o)
 .debug_abbrev  0x0000000000000763       0xcc obj_cooja/mtype479.a(rtimer-arch.o)
 .debug_abbrev  0x000000000000082f       0xe3 obj_cooja/mtype479.a(beep.o)
 .debug_abbrev  0x0000000000000912      0x11c obj_cooja/mtype479.a(button-sensor.o)
 .debug_abbrev  0x0000000000000a2e       0xe1 obj_cooja/mtype479.a(leds-arch.o)
 .debug_abbrev  0x0000000000000b0f       0x9c obj_cooja/mtype479.a(moteid.o)
 .debug_abbrev  0x0000000000000bab       0xe6 obj_cooja/mtype479.a(pir-sensor.o)
 .debug_abbrev  0x0000000000000c91      0x14a obj_cooja/mtype479.a(rs232.o)
 .debug_abbrev  0x0000000000000ddb       0xe6 obj_cooja/mtype479.a(vib-sensor.o)
 .debug_abbrev  0x0000000000000ec1       0xee obj_cooja/mtype479.a(clock.o)
 .debug_abbrev  0x0000000000000faf      0x141 obj_cooja/mtype479.a(log.o)
 .debug_abbrev  0x00000000000010f0      0x139 obj_cooja/mtype479.a(cfs-cooja.o)
 .debug_abbrev  0x0000000000001229      0x2f2 obj_cooja/mtype479.a(cooja-radio.o)
 .debug_abbrev  0x000000000000151b       0xf5 obj_cooja/mtype479.a(eeprom.o)
 .debug_abbrev  0x0000000000001610       0x6d obj_cooja/mtype479.a(random.o)