Archive member included to satisfy reference by file (symbol)

obj_cooja/mtype265.a(simEnvChange.o)
                              obj_cooja/mtype265.o (simDontFallAsleep)
obj_cooja/mtype265.a(cooja_mt.o)
                              obj_cooja/mtype265.o (cooja_mt_start)
obj_cooja/mtype265.a(cooja_mtarch.o)
                              obj_cooja/mtype265.a(cooja_mt.o) (cooja_mtarch_init)
obj_cooja/mtype265.a(rtimer-arch.o)
                              obj_cooja/mtype265.o (rtimer_arch_next)
obj_cooja/mtype265.a(beep.o)  obj_cooja/mtype265.o (beep_interface)
obj_cooja/mtype265.a(button-sensor.o)
                              obj_cooja/mtype265.o (button_interface)
obj_cooja/mtype265.a(leds-arch.o)
                              obj_cooja/mtype265.o (leds_interface)
obj_cooja/mtype265.a(moteid.o)
                              obj_cooja/mtype265.o (moteid_interface)
obj_cooja/mtype265.a(pir-sensor.o)
                              obj_cooja/mtype265.o (pir_interface)
obj_cooja/mtype265.a(rs232.o)
                              obj_cooja/mtype265.o (rs232_interface)
obj_cooja/mtype265.a(vib-sensor.o)
                              obj_cooja/mtype265.o (vib_interface)
obj_cooja/mtype265.a(clock.o)
                              obj_cooja/mtype265.o (clock_interface)
obj_cooja/mtype265.a(log.o)   obj_cooja/mtype265.o (simlog_interface)
obj_cooja/mtype265.a(cfs-cooja.o)
                              obj_cooja/mtype265.o (cfs_interface)
obj_cooja/mtype265.a(cooja-radio.o)
                              obj_cooja/mtype265.o (radio_interface)
obj_cooja/mtype265.a(eeprom.o)
                              obj_cooja/mtype265.o (eeprom_interface)
obj_cooja/mtype265.a(random.o)
                              obj_cooja/mtype265.a(moteid.o) (random_init)
obj_cooja/mtype265.a(sensors.o)
                              obj_cooja/mtype265.o (sensors_process)
obj_cooja/mtype265.a(dual_conf.o)
                              obj_cooja/mtype265.a(cooja-radio.o) (long_range_radio)
obj_cooja/mtype265.a(autostart.o)
                              obj_cooja/mtype265.o (autostart_start)
obj_cooja/mtype265.a(ctimer.o)
                              obj_cooja/mtype265.o (ctimer_init)
obj_cooja/mtype265.a(etimer.o)
                              obj_cooja/mtype265.o (etimer_process)
obj_cooja/mtype265.a(process.o)
                              udp-client.co (process_current)
obj_cooja/mtype265.a(rtimer.o)
                              obj_cooja/mtype265.a(rtimer-arch.o) (rtimer_run_next)
obj_cooja/mtype265.a(stimer.o)
                              udp-client.co (stimer_remaining)
obj_cooja/mtype265.a(timer.o)
                              obj_cooja/mtype265.a(button-sensor.o) (timer_set)
obj_cooja/mtype265.a(serial-line.o)
                              udp-client.co (serial_line_event_message)
obj_cooja/mtype265.a(list.o)  obj_cooja/mtype265.a(ctimer.o) (list_init)
obj_cooja/mtype265.a(ringbuf.o)
                              obj_cooja/mtype265.a(serial-line.o) (ringbuf_init)
obj_cooja/mtype265.a(sicslowpan.o)
                              obj_cooja/mtype265.o (sicslowpan_driver)
obj_cooja/mtype265.a(uip-ds6-nbr.o)
                              obj_cooja/mtype265.a(sicslowpan.o) (uip_ds6_link_neighbor_callback)
obj_cooja/mtype265.a(uip-ds6-route.o)
                              udp-client.co (uip_ds6_route_nexthop)
obj_cooja/mtype265.a(uip-ds6.o)
                              udp-client.co (uip_ds6_if)
obj_cooja/mtype265.a(uip6.o)  udp-client.co (uip_lladdr)
obj_cooja/mtype265.a(tcpip.o)
                              udp-client.co (tcpip_event)
obj_cooja/mtype265.a(uip-debug.o)
                              udp-client.co (uip_debug_ipaddr_print)
obj_cooja/mtype265.a(uip-packetqueue)
                              obj_cooja/mtype265.a(uip-ds6-nbr.o) (uip_packetqueue_new)
obj_cooja/mtype265.a(uip-udp-packet.)
                              udp-client.co (uip_udp_packet_sendto)
obj_cooja/mtype265.a(rpl-dag.o)
                              obj_cooja/mtype265.a(tcpip.o) (rpl_repair_root)
obj_cooja/mtype265.a(rpl-ext-header.)
                              obj_cooja/mtype265.a(uip6.o) (rpl_verify_header)
obj_cooja/mtype265.a(rpl-icmp6.o)
                              obj_cooja/mtype265.a(rpl-dag.o) (rpl_icmp6_update_nbr_table)
obj_cooja/mtype265.a(rpl-mrhof.o)
                              obj_cooja/mtype265.a(rpl-dag.o) (rpl_mrhof)
obj_cooja/mtype265.a(rpl-timers.o)
                              obj_cooja/mtype265.a(rpl-dag.o) (rpl_reset_dio_timer)
obj_cooja/mtype265.a(rpl.o)   obj_cooja/mtype265.a(rpl-icmp6.o) (rpl_get_mode)
obj_cooja/mtype265.a(linkaddr.o)
                              obj_cooja/mtype265.o (linkaddr_node_addr)
obj_cooja/mtype265.a(nbr-table.o)
                              obj_cooja/mtype265.a(uip-ds6-nbr.o) (lladdr_map_add_lr)
obj_cooja/mtype265.a(netstack.o)
                              obj_cooja/mtype265.o (netstack_init)
obj_cooja/mtype265.a(packetbuf.o)
[...]
Memory Configuration

Name             Origin             Length             Attributes
*default*        0x0000000000000000 0xffffffffffffffff

Linker script and memory map

LOAD /usr/lib/gcc/i686-linux-gnu/4.8/../../../i386-linux-gnu/crti.o
LOAD /usr/lib/gcc/i686-linux-gnu/4.8/crtbeginS.o
LOAD udp-client.co
LOAD obj_cooja/mtype265.o
LOAD obj_cooja/mtype265.a
LOAD /usr/lib/gcc/i686-linux-gnu/4.8/libgcc.a
LOAD /usr/lib/gcc/i686-linux-gnu/4.8/libgcc_s.so
LOAD /usr/lib/gcc/i686-linux-gnu/4.8/../../../i386-linux-gnu/libc.so
START GROUP
LOAD /lib/i386-linux-gnu/libc.so.6
LOAD /usr/lib/i386-linux-gnu/libc_nonshared.a
LOAD /lib/i386-linux-gnu/ld-linux.so.2
END GROUP
LOAD /usr/lib/gcc/i686-linux-gnu/4.8/libgcc.a
LOAD /usr/lib/gcc/i686-linux-gnu/4.8/libgcc_s.so
LOAD /usr/lib/gcc/i686-linux-gnu/4.8/crtendS.o
LOAD /usr/lib/gcc/i686-linux-gnu/4.8/../../../i386-linux-gnu/crtn.o
                0x0000000000000114                . = (0x0 + SIZEOF_HEADERS)

.note.gnu.build-id
                0x0000000000000114       0x24
 *(.note.gnu.build-id)
 .note.gnu.build-id
                0x0000000000000114       0x24 /usr/lib/gcc/i686-linux-gnu/4.8/../../../i386-linux-gnu/crti.o

.hash
 *(.hash)

.gnu.hash       0x0000000000000138     0x12a0
 *(.gnu.hash)
 .gnu.hash      0x0000000000000138     0x12a0 /usr/lib/gcc/i686-linux-gnu/4.8/../../../i386-linux-gnu/crti.o

.dynsym         0x00000000000013d8     0x22c0
 *(.dynsym)
 .dynsym        0x00000000000013d8     0x22c0 /usr/lib/gcc/i686-linux-gnu/4.8/../../../i386-linux-gnu/crti.o

.dynstr         0x0000000000003698     0x23fe
 *(.dynstr)
 .dynstr        0x0000000000003698     0x23fe /usr/lib/gcc/i686-linux-gnu/4.8/../../../i386-linux-gnu/crti.o

.gnu.version    0x0000000000005a96      0x458
 *(.gnu.version)
 .gnu.version   0x0000000000005a96      0x458 /usr/lib/gcc/i686-linux-gnu/4.8/../../../i386-linux-gnu/crti.o

.gnu.version_d  0x0000000000005ef0        0x0
 *(.gnu.version_d)
 .gnu.version_d
                0x0000000000000000        0x0 /usr/lib/gcc/i686-linux-gnu/4.8/../../../i386-linux-gnu/crti.o

.gnu.version_r  0x0000000000005ef0       0x40
 *(.gnu.version_r)
 .gnu.version_r
                0x0000000000005ef0       0x40 /usr/lib/gcc/i686-linux-gnu/4.8/../../../i386-linux-gnu/crti.o

.rel.dyn        0x0000000000005f30     0x8de8
 *(.rel.init)
 .rel.init      0x0000000000000000        0x0 /usr/lib/gcc/i686-linux-gnu/4.8/../../../i386-linux-gnu/crti.o
 *(.rel.text .rel.text.* .rel.gnu.linkonce.t.*)
 .rel.text      0x0000000000005f30     0x8680 /usr/lib/gcc/i686-linux-gnu/4.8/../../../i386-linux-gnu/crti.o
 *(.rel.fini)
 .rel.fini      0x0000000000000000        0x0 /usr/lib/gcc/i686-linux-gnu/4.8/../../../i386-linux-gnu/crti.o
 *(.rel.rodata .rel.rodata.* .rel.gnu.linkonce.r.*)
 .rel.rodata    0x000000000000e5b0      0x4e0 /usr/lib/gcc/i686-linux-gnu/4.8/../../../i386-linux-gnu/crti.o
 *(.rel.data.rel.ro .rel.data.rel.ro.* .rel.gnu.linkonce.d.rel.ro.*)
 *(.rel.data .rel.data.* .rel.gnu.linkonce.d.*)
 .rel.data.rel  0x000000000000ea90        0x8 /usr/lib/gcc/i686-linux-gnu/4.8/../../../i386-linux-gnu/crti.o
 .rel.data      0x000000000000ea98      0x248 /usr/lib/gcc/i686-linux-gnu/4.8/../../../i386-linux-gnu/crti.o
 *(.rel.tdata .rel.tdata.* .rel.gnu.linkonce.td.*)
 *(.rel.tbss .rel.tbss.* .rel.gnu.linkonce.tb.*)
 *(.rel.ctors)
 *(.rel.dtors)
 *(.rel.got)
 .rel.got       0x000000000000ece0       0x28 /usr/lib/gcc/i686-linux-gnu/4.8/../../../i386-linux-gnu/crti.o
 *(.rel.bss .rel.bss.* .rel.gnu.linkonce.b.*)
 *(.rel.ifunc)
 .rel.ifunc     0x0000000000000000        0x0 /usr/lib/gcc/i686-linux-gnu/4.8/../../../i386-linux-gnu/crti.o
 .rel.fini_array
                0x000000000000ed08        0x8 /usr/lib/gcc/i686-linux-gnu/4.8/../../../i386-linux-gnu/crti.o
 .rel.init_array
                0x000000000000ed10        0x8 /usr/lib/gcc/i686-linux-gnu/4.8/../../../i386-linux-gnu/crti.o

.rel.plt        0x000000000000ed18       0x10
 *(.rel.plt)
 .rel.plt       0x000000000000ed18       0x10 /usr/lib/gcc/i686-linux-gnu/4.8/../../../i386-linux-gnu/crti.o
 *(.rel.iplt)

.init           0x000000000000ed28       0x23
 *(SORT(.init))
 .init          0x000000000000ed28       0x1e /usr/lib/gcc/i686-linux-gnu/4.8/../../../i386-linux-gnu/crti.o
                0x000000000000ed28                _init
 .init          0x000000000000ed46        0x5 /usr/lib/gcc/i686-linux-gnu/4.8/../../../i386-linux-gnu/crtn.o

.plt            0x000000000000ed50       0x30
 *(.plt)
 .plt           0x000000000000ed50       0x30 /usr/lib/gcc/i686-linux-gnu/4.8/../../../i386-linux-gnu/crti.o
 *(.iplt)

.text           0x000000000000ed80    0x157d0
 *(.text.unlikely .text.*_unlikely .text.unlikely.*)
 *(.text.exit .text.exit.*)
 *(.text.startup .text.startup.*)
 *(.text.hot .text.hot.*)
 *(.text .stub .text.* .gnu.linkonce.t.*)
 .text          0x000000000000ed80        0x0 /usr/lib/gcc/i686-linux-gnu/4.8/../../../i386-linux-gnu/crti.o
 .gnu.linkonce.t.__x86.get_pc_thunk.bx
                0x000000000000ed80        0x4 /usr/lib/gcc/i686-linux-gnu/4.8/../../../i386-linux-gnu/crti.o
                0x000000000000ed80                __x86.get_pc_thunk.bx
 *fill*         0x000000000000ed84        0xc 
 .text          0x000000000000ed90      0x11b /usr/lib/gcc/i686-linux-gnu/4.8/crtbeginS.o
 .text          0x000000000000eeab      0x5cc udp-client.co
 .text          0x000000000000f477      0x944 obj_cooja/mtype265.o
                0x000000000000f625                contiki_init
                0x000000000000fbd2                Java_org_contikios_cooja_corecomm_Lib2_init
                0x000000000000fc12                Java_org_contikios_cooja_corecomm_Lib2_getMemory
                0x000000000000fc52                Java_org_contikios_cooja_corecomm_Lib2_setMemory
                0x000000000000fcc9                Java_org_contikios_cooja_corecomm_Lib2_tick
                0x000000000000fda9                Java_org_contikios_cooja_corecomm_Lib2_setReferenceAddress
 .text          0x000000000000fdbb       0x63 obj_cooja/mtype265.a(simEnvChange.o)
                0x000000000000fdbb                doActionsBeforeTick
                0x000000000000fdec                doActionsAfterTick
 .text          0x000000000000fe1e       0xbc obj_cooja/mtype265.a(cooja_mt.o)
                0x000000000000fe1e                cooja_mt_init
                0x000000000000fe2b                cooja_mt_remove
                0x000000000000fe38                cooja_mt_start
                0x000000000000fe65                cooja_mt_exec
                0x000000000000fe96                cooja_mt_exit
                0x000000000000feb8                cooja_mt_yield
 .text          0x000000000000feda      0x115 obj_cooja/mtype265.a(cooja_mtarch.o)
                0x000000000000feda                cooja_mtarch_init
                0x000000000000fedf                cooja_mtarch_start
                0x000000000000ff5a                cooja_sw
                0x000000000000ff7c                cooja_mtarch_exec
                0x000000000000ff98                cooja_mtarch_remove
                0x000000000000ff9d                cooja_mtarch_yield
                0x000000000000ffa7                cooja_mtarch_pstop
                0x000000000000ffac                cooja_mtarch_pstart
                0x000000000000ffb1                cooja_mtarch_stack_usage
 .text          0x000000000000ffef       0xc2 obj_cooja/mtype265.a(rtimer-arch.o)
                0x000000000000ffef                rtimer_arch_init
                0x0000000000010012                rtimer_arch_schedule
                0x0000000000010029                rtimer_arch_next
                0x0000000000010033                rtimer_arch_pending
                0x000000000001003d                rtimer_arch_check
                0x000000000001006f                rtimer_arch_now
 .text          0x00000000000100b1       0x76 obj_cooja/mtype265.a(beep.o)
                0x00000000000100b1                beep_alarm
                0x00000000000100bd                beep_beep
                0x00000000000100c9                beep
                0x00000000000100d5                beep_down
                0x00000000000100e1                beep_on
                0x00000000000100ed                beep_off
                0x00000000000100f9                beep_spinup
                0x0000000000010105                beep_quick
                0x0000000000010111                beep_long
 .text          0x0000000000010127      0x103 obj_cooja/mtype265.a(button-sensor.o)
 .text          0x000000000001022a       0x45 obj_cooja/mtype265.a(leds-arch.o)
                0x000000000001022a                leds_arch_init
                0x0000000000010236                leds_arch_get
                0x0000000000010242                leds_arch_set
 .text          0x000000000001026f       0x2f obj_cooja/mtype265.a(moteid.o)
 .text          0x000000000001029e       0xb1 obj_cooja/mtype265.a(pir-sensor.o)
 .text          0x000000000001034f      0x131 obj_cooja/mtype265.a(rs232.o)
                0x000000000001034f                rs232_init
                0x0000000000010354                rs232_set_speed
                0x0000000000010362                rs232_set_input
                0x000000000001036f                rs232_send
                0x0000000000010391                rs232_print
                0x00000000000103ac                slip_arch_writeb
 .text          0x0000000000010480       0xb1 obj_cooja/mtype265.a(vib-sensor.o)
 .text          0x0000000000010531       0x34 obj_cooja/mtype265.a(clock.o)
                0x0000000000010531                clock_init
                0x0000000000010536                clock_time
                0x0000000000010540                clock_seconds
                0x0000000000010556                clock_delay
 .text          0x0000000000010565      0x1ed obj_cooja/mtype265.a(log.o)
                0x0000000000010565                simlog_char
                0x00000000000105a7                simlog
                0x0000000000010614                log_message
                0x000000000001063c                log_set_putchar_with_slip
                0x0000000000010649                log_putchar
                0x00000000000106cd                log_puts
                0x00000000000106f1                log_printf
 .text          0x0000000000010752      0x2c4 obj_cooja/mtype265.a(cfs-cooja.o)
                0x0000000000010752                cfs_open
                0x00000000000107bb                cfs_close
                0x00000000000107c7                cfs_read
                0x0000000000010865                cfs_write
                0x0000000000010942                cfs_seek
                0x00000000000109ca                cfs_remove
                0x00000000000109f3                cfs_opendir
                0x00000000000109fd                cfs_readdir
                0x0000000000010a07                cfs_closedir
 .text          0x0000000000010a16      0x541 obj_cooja/mtype265.a(cooja-radio.o)
                0x0000000000010a40                radio_set_channel
                0x0000000000010a55                radio_set_txpower
                0x0000000000010a6c                radio_signal_strength_last
                0x0000000000010a76                radio_signal_strength_current
                0x0000000000010a80                radio_LQI
 .text          0x0000000000010f57       0xef obj_cooja/mtype265.a(eeprom.o)
                0x0000000000010f57                eeprom_init
                0x0000000000010f5c                eeprom_read
                0x0000000000010fcc                eeprom_write
 .text          0x0000000000011046       0x28 obj_cooja/mtype265.a(random.o)
                0x0000000000011046                random_init
                0x0000000000011061                random_rand
 .text          0x000000000001106e      0x2a1 obj_cooja/mtype265.a(sensors.o)
                0x00000000000110a9                sensors_first
                0x00000000000110b3                sensors_next
                0x00000000000110d0                sensors_changed
                0x00000000000110ff                sensors_find
 .text          0x000000000001130f      0x308 obj_cooja/mtype265.a(dual_conf.o)
                0x000000000001130f                dual_radio_switch
                0x000000000001136a                dual_radio_change
                0x00000000000113a4                sending_in_LR
                0x00000000000113cf                dual_radio_received
                0x0000000000011422                radio_received_is_longrange
                0x00000000000115cd                dio_broadcast
                0x00000000000115f6                dis_broadcast
 .text          0x0000000000011617       0x8e obj_cooja/mtype265.a(autostart.o)
                0x0000000000011617                autostart_start
                0x0000000000011662                autostart_exit
 .text          0x00000000000116a5      0x334 obj_cooja/mtype265.a(ctimer.o)
                0x00000000000117bc                ctimer_init
                0x00000000000117ec                ctimer_set
                0x000000000001181d                ctimer_set_with_process
                0x0000000000011899                ctimer_reset
                0x00000000000118e8                ctimer_restart
                0x0000000000011937                ctimer_stop
                0x0000000000011982                ctimer_expired
 .text          0x00000000000119d9      0x40b obj_cooja/mtype265.a(etimer.o)
                0x0000000000011bec                etimer_request_poll
                0x0000000000011c70                etimer_set
                0x0000000000011c95                etimer_reset_with_new_interval
                0x0000000000011cbc                etimer_reset
                0x0000000000011cda                etimer_restart
                0x0000000000011cf8                etimer_adjust
                0x0000000000011d14                etimer_expired
                0x0000000000011d27                etimer_expiration_time
                0x0000000000011d39                etimer_start_time
                0x0000000000011d43                etimer_pending
                0x0000000000011d55                etimer_next_expiration_time
                0x0000000000011d6f                etimer_stop
 .text          0x0000000000011de4      0x560 obj_cooja/mtype265.a(process.o)
                0x0000000000011de4                process_alloc_event
                0x0000000000011df9                process_start
                0x0000000000011fe2                process_exit
                0x0000000000011ffe                process_init
                0x00000000000121cf                process_run
                0x0000000000012202                process_nevents
                0x000000000001221d                process_post
                0x00000000000122c9                process_post_synch
                0x0000000000012301                process_poll
                0x0000000000012330                process_is_running
 .text          0x0000000000012344       0xba obj_cooja/mtype265.a(rtimer.o)
                0x0000000000012344                rtimer_init
                0x0000000000012351                rtimer_set
                0x00000000000123a8                rtimer_run_next
 .text          0x00000000000123fe       0xa3 obj_cooja/mtype265.a(stimer.o)
                0x00000000000123fe                stimer_set
                0x0000000000012419                stimer_reset
                0x0000000000012430                stimer_restart
                0x0000000000012442                stimer_expired
                0x0000000000012469                stimer_remaining
                0x000000000001248d                stimer_elapsed
 .text          0x00000000000124a1       0x91 obj_cooja/mtype265.a(timer.o)
                0x00000000000124a1                timer_set
                0x00000000000124bc                timer_reset
                0x00000000000124d3                timer_restart
                0x00000000000124e5                timer_expired
                0x000000000001250e                timer_remaining
 .text          0x0000000000012532      0x1fb obj_cooja/mtype265.a(serial-line.o)
                0x0000000000012532                serial_line_input_byte
                0x00000000000126f5                serial_line_init
 .text          0x000000000001272d      0x244 obj_cooja/mtype265.a(list.o)
                0x000000000001272d                list_init
                0x000000000001273b                list_head
                0x0000000000012745                list_copy
                0x0000000000012754                list_tail
                0x000000000001278a                list_add
                0x00000000000127d3                list_push
                0x00000000000127ff                list_chop
                0x0000000000012869                list_pop
                0x0000000000012891                list_remove
                0x00000000000128f8                list_length
                0x0000000000012926                list_insert
                0x000000000001295a                list_item_next
 .text          0x0000000000012971      0x155 obj_cooja/mtype265.a(ringbuf.o)
                0x0000000000012971                ringbuf_init
                0x00000000000129a2                ringbuf_put
                0x0000000000012a20                ringbuf_get
                0x0000000000012a8d                ringbuf_size
                0x0000000000012a9f                ringbuf_elements
 .text          0x0000000000012ac6     0x258b obj_cooja/mtype265.a(sicslowpan.o)
                0x0000000000013050                rime_sniffer_add
                0x000000000001305d                rime_sniffer_remove
                0x0000000000014ff0                sicslowpan_init
                0x0000000000015047                sicslowpan_get_last_rssi
 .text          0x0000000000015051      0x2dc obj_cooja/mtype265.a(uip-ds6-nbr.o)
                0x000000000001506e                uip_ds6_neighbors_init
                0x000000000001508b                uip_ds6_nbr_add
                0x000000000001513c                uip_ds6_nbr_rm
                0x0000000000015199                uip_ds6_nbr_get_ipaddr
                0x00000000000151ae                uip_ds6_nbr_get_ll
                0x00000000000151ca                uip_ds6_nbr_num
                0x000000000001520f                uip_ds6_nbr_lookup
                0x0000000000015274                uip_ds6_nbr_ll_lookup
                0x0000000000015290                uip_ds6_nbr_ipaddr_from_lladdr
                0x00000000000152b6                uip_ds6_nbr_lladdr_from_ipaddr
                0x00000000000152e4                uip_ds6_link_neighbor_callback
 .text          0x000000000001532d      0x916 obj_cooja/mtype265.a(uip-ds6-route.o)
                0x00000000000153a4                uip_ds6_notification_add
                0x00000000000153d5                uip_ds6_notification_rm
                0x00000000000153f1                uip_ds6_route_init
                0x0000000000015479                uip_ds6_route_nexthop
                0x00000000000154a1                uip_ds6_route_head
                0x00000000000154b6                uip_ds6_route_next
                0x00000000000154dc                uip_ds6_route_is_nexthop
                0x000000000001551b                uip_ds6_route_num_routes
                0x0000000000015525                uip_ds6_route_lookup
                0x00000000000155e7                uip_ds6_route_add
                0x000000000001581b                uip_ds6_route_rm
                0x00000000000159af                uip_ds6_route_rm_by_nexthop
                0x00000000000159e7                uip_ds6_defrt_add
                0x0000000000015a98                uip_ds6_defrt_rm
                0x0000000000015b17                uip_ds6_defrt_lookup
                0x0000000000015b70                uip_ds6_defrt_choose
                0x0000000000015bdb                uip_ds6_defrt_periodic
 .text          0x0000000000015c43     0x12ad obj_cooja/mtype265.a(uip-ds6.o)
                0x0000000000015c43                uip_ds6_init
                0x0000000000015f98                uip_ds6_periodic
                0x0000000000016070                uip_ds6_list_loop
                0x0000000000016117                uip_ds6_prefix_add
                0x00000000000161d5                uip_ds6_prefix_rm
                0x00000000000161e7                uip_ds6_prefix_lookup
                0x0000000000016238                uip_ds6_is_addr_onlink
                0x00000000000162ac                uip_ds6_addr_add
                0x00000000000163da                uip_ds6_long_addr_add
                0x0000000000016508                uip_ds6_addr_rm
                0x00000000000165a8                uip_ds6_addr_lookup
                0x00000000000165f3                uip_ds6_long_addr_lookup
                0x000000000001663e                uip_ds6_get_link_local
                0x00000000000166bd                uip_ds6_long_get_link_local
                0x000000000001673c                uip_ds6_get_global
                0x00000000000167bb                uip_ds6_long_get_global
                0x000000000001683a                uip_ds6_maddr_add
                0x00000000000168ac                uip_ds6_long_maddr_add
                0x000000000001691e                uip_ds6_maddr_rm
                0x0000000000016930                uip_ds6_maddr_lookup
                0x000000000001697b                uip_ds6_long_maddr_lookup
                0x00000000000169c6                uip_ds6_aaddr_add
                0x0000000000016a38                uip_ds6_long_aaddr_add
                0x0000000000016aaa                uip_ds6_aaddr_rm
                0x0000000000016abc                uip_ds6_aaddr_lookup
                0x0000000000016b07                uip_ds6_long_aaddr_lookup
                0x0000000000016b52                uip_ds6_select_src
                0x0000000000016ddb                uip_ds6_set_addr_iid
                0x0000000000016e12                get_match_length
                0x0000000000016ea4                uip_ds6_compute_reachable_time
 .text          0x0000000000016ef0     0x29f3 obj_cooja/mtype265.a(uip6.o)
                0x0000000000016ef0                uip_add32
                0x0000000000017089                uip_chksum
                0x0000000000017177                uip_icmp6chksum
                0x000000000001718b                uip_tcpchksum
                0x000000000001719f                uip_udpchksum
                0x00000000000171b3                uip_init
                0x0000000000017283                uip_connect
                0x0000000000017432                remove_ext_hdr
                0x0000000000017507                uip_udp_new
                0x0000000000017663                uip_unlisten
                0x00000000000176c3                uip_listen
                0x0000000000017985                uip_process
                0x00000000000197d7                uip_htons
                0x00000000000197f9                uip_htonl
                0x0000000000019839                uip_send
 .text          0x00000000000198e3      0xa66 obj_cooja/mtype265.a(tcpip.o)
                0x00000000000198e3                tcpip_output
                0x0000000000019911                tcpip_set_outputfunc
                0x00000000000199a5                tcp_connect
                0x00000000000199fa                tcp_unlisten
                0x0000000000019a55                tcp_listen
                0x0000000000019aae                tcp_attach
                0x0000000000019ad3                udp_attach
                0x0000000000019af8                udp_new
                0x0000000000019b4a                udp_broadcast_new
                0x0000000000019dbe                tcpip_input
                0x0000000000019df2                tcpip_ipv6_output
                0x000000000001a18f                tcpip_poll_udp
                0x000000000001a1b2                tcpip_poll_tcp
                0x000000000001a1d5                tcpip_uipcall
 .text          0x000000000001a349      0x1c1 obj_cooja/mtype265.a(uip-debug.o)
                0x000000000001a349                uip_debug_ipaddr_print
                0x000000000001a4ab                uip_debug_lladdr_print
 .text          0x000000000001a50a      0x141 obj_cooja/mtype265.a(uip-packetqueue)
                0x000000000001a536                uip_packetqueue_new
                0x000000000001a544                uip_packetqueue_alloc
                0x000000000001a5a4                uip_packetqueue_free
                0x000000000001a5e5                uip_packetqueue_buf
                0x000000000001a602                uip_packetqueue_buflen
                0x000000000001a623                uip_packetqueue_set_buflen
 .text          0x000000000001a64b      0x131 obj_cooja/mtype265.a(uip-udp-packet.)
                0x000000000001a64b                uip_udp_packet_send
                0x000000000001a6ab                uip_udp_packet_sendto
 .text          0x000000000001a77c     0x238e obj_cooja/mtype265.a(rpl-dag.o)
                0x000000000001a77c                rpl_print_neighbor_list
                0x000000000001a951                rpl_get_nbr
                0x000000000001a9ab                rpl_dag_init
                0x000000000001a9c8                rpl_get_parent
                0x000000000001a9ea                rpl_get_parent_rank
                0x000000000001aa1d                rpl_get_parent_link_metric
                0x000000000001aa50                rpl_get_parent_ipaddr
                0x000000000001ad53                rpl_set_root
                0x000000000001af7a                rpl_repair_root
                0x000000000001b1b6                rpl_set_prefix
                0x000000000001b2b5                rpl_set_default_route
                0x000000000001b341                rpl_alloc_instance
                0x000000000001b3d4                rpl_alloc_dag
                0x000000000001b485                rpl_set_default_instance
                0x000000000001b492                rpl_get_default_instance
                0x000000000001b49c                rpl_free_instance
                0x000000000001b54b                rpl_free_dag
                0x000000000001b5b1                rpl_add_parent
                0x000000000001b687                rpl_find_parent
                0x000000000001b6df                rpl_find_parent_any_dag
                0x000000000001b71b                rpl_select_dag
                0x000000000001bab1                rpl_select_parent
                0x000000000001bb13                rpl_remove_parent
                0x000000000001bb3a                rpl_nullify_parent
                0x000000000001bbd8                rpl_move_parent
                0x000000000001bc75                rpl_has_downward_route
                0x000000000001bcc8                rpl_get_any_dag
                0x000000000001bd2a                rpl_get_instance
                0x000000000001bd8d                rpl_find_of
                0x000000000001bdca                rpl_join_instance
                0x000000000001c045                rpl_add_dag
                0x000000000001c434                rpl_local_repair
                0x000000000001c4f8                rpl_recalculate_ranks
                0x000000000001c57e                rpl_process_parent_event
                0x000000000001c630                rpl_process_dio
 .text          0x000000000001cb0a      0xbf3 obj_cooja/mtype265.a(rpl-ext-header.)
                0x000000000001cb27                rpl_verify_header
                0x000000000001cfa1                rpl_update_header_empty
                0x000000000001d2b8                rpl_update_header_final
                0x000000000001d447                rpl_remove_header
                0x000000000001d551                rpl_invert_header
                0x000000000001d6db                rpl_insert_header
 .text          0x000000000001d6fd     0x25e3 obj_cooja/mtype265.a(rpl-icmp6.o)
                0x000000000001d95c                rpl_icmp6_update_nbr_table
                0x000000000001db29                dis_output
                0x000000000001e450                dio_output
                0x000000000001f76e                dao_output
                0x000000000001f835                dao_output_target
                0x000000000001fc94                dao_ack_output
                0x000000000001fca8                rpl_icmp6_register_handlers
 .text          0x000000000001fce0      0x2c1 obj_cooja/mtype265.a(rpl-mrhof.o)
 .text          0x000000000001ffa1      0x7b3 obj_cooja/mtype265.a(rpl-timers.o)
                0x00000000000201e7                rpl_reset_periodic_timer
                0x000000000002023c                rpl_reset_dio_timer
                0x0000000000020476                rpl_schedule_dao
                0x0000000000020491                rpl_schedule_dao_immediately
                0x00000000000204ac                rpl_cancel_dao
                0x000000000002050e                rpl_schedule_unicast_dio_immediately
                0x00000000000206fc                rpl_schedule_probing
 .text          0x0000000000020754      0x59b obj_cooja/mtype265.a(rpl.o)
                0x0000000000020754                rpl_get_mode
                0x000000000002075e                rpl_set_mode
                0x00000000000207ec                rpl_purge_routes
                0x00000000000208e6                rpl_remove_routes
                0x000000000002092c                rpl_remove_routes_by_nexthop
                0x0000000000020998                rpl_add_route
                0x0000000000020a13                rpl_link_neighbor_callback
                0x0000000000020b18                rpl_ipv6_neighbor_callback
                0x0000000000020b87                rpl_purge_dags
                0x0000000000020c69                rpl_init
 .text          0x0000000000020cef       0x82 obj_cooja/mtype265.a(linkaddr.o)
                0x0000000000020cef                linkaddr_copy
                0x0000000000020d11                linkaddr_cmp
                0x0000000000020d3b                linkaddr_set_node_addr
                0x0000000000020d56                linkaddr_set_node_long_addr
 .text          0x0000000000020d71      0x88c obj_cooja/mtype265.a(nbr-table.o)
                0x0000000000020d71                lladdr_map_add_lr
                0x0000000000020e2e                lladdr_map_rm_lr
                0x00000000000212f3                nbr_table_register
                0x000000000002133b                nbr_table_head
                0x0000000000021397                nbr_table_next
                0x00000000000213fe                nbr_table_add_lladdr
                0x00000000000214da                nbr_table_get_from_lladdr
                0x0000000000021527                nbr_table_remove
                0x0000000000021579                nbr_table_lock
                0x00000000000215a3                nbr_table_unlock
                0x00000000000215cd                nbr_table_get_lladdr
 .text          0x00000000000215fd       0x2b obj_cooja/mtype265.a(netstack.o)
                0x00000000000215fd                netstack_init
 .text          0x0000000000021628      0x3cd obj_cooja/mtype265.a(packetbuf.o)
                0x0000000000021628                packetbuf_clear
                0x0000000000021652                packetbuf_copyfrom
                0x00000000000216a4                packetbuf_compact
                0x0000000000021721                packetbuf_copyto
                0x00000000000217b8                packetbuf_hdralloc
                0x0000000000021835                packetbuf_hdrreduce
                0x000000000002187d                packetbuf_set_datalen
                0x0000000000021896                packetbuf_dataptr
                0x00000000000218b3                packetbuf_hdrptr
                0x00000000000218bd                packetbuf_datalen
                0x00000000000218c9                packetbuf_hdrlen
                0x00000000000218e0                packetbuf_totlen
                0x00000000000218f6                packetbuf_attr_clear
                0x0000000000021948                packetbuf_attr_copyto
                0x0000000000021991                packetbuf_attr_copyfrom
                0x00000000000219d9                packetbuf_holds_broadcast
 .text          0x00000000000219f5      0x2b4 obj_cooja/mtype265.a(queuebuf.o)
                0x00000000000219ff                queuebuf_init
                0x0000000000021a1f                queuebuf_numfree
                0x0000000000021a33                queuebuf_new_from_packetbuf
                0x0000000000021ac3                queuebuf_update_attr_from_packetbuf
                0x0000000000021af6                queuebuf_update_from_packetbuf
                0x0000000000021b40                queuebuf_free
                0x0000000000021b87                queuebuf_to_packetbuf
                0x0000000000021bed                queuebuf_dataptr
                0x0000000000021c24                queuebuf_datalen
                0x0000000000021c47                queuebuf_addr
                0x0000000000021c79                queuebuf_attr
                0x0000000000021ca4                queuebuf_debug_print
 .text          0x0000000000021ca9      0x3f5 obj_cooja/mtype265.a(framer-802154.o)
 .text          0x000000000002209e       0x5e obj_cooja/mtype265.a(nullmac.o)
 .text          0x00000000000220fc      0x598 obj_cooja/mtype265.a(nullrdc.o)
 .text          0x0000000000022694       0x6e obj_cooja/mtype265.a(nullsec.o)
 .text          0x0000000000022702       0x19 obj_cooja/mtype265.a(watchdog.o)
                0x0000000000022702                watchdog_init
                0x0000000000022707                watchdog_start
                0x000000000002270c                watchdog_periodic
                0x0000000000022711                watchdog_stop
                0x0000000000022716                watchdog_reboot
 .text          0x000000000002271b        0x0 obj_cooja/mtype265.a(rimestats.o)
 .text          0x000000000002271b      0x1c1 obj_cooja/mtype265.a(memb.o)
                0x000000000002271b                memb_init
                0x0000000000022779                memb_alloc
                0x00000000000227de                memb_free
                0x0000000000022859                memb_inmemb
                0x0000000000022898                memb_numfree
 .text          0x00000000000228dc      0xab2 obj_cooja/mtype265.a(uip-icmp6.o)
                0x000000000002294a                uip_icmp6_input
                0x00000000000229a0                uip_icmp6_register_input_handler
                0x0000000000022c68                uip_icmp6_error_output
                0x0000000000022fad                uip_icmp6_send
                0x0000000000023321                uip_icmp6_echo_reply_callback_add
                0x0000000000023352                uip_icmp6_echo_reply_callback_rm
                0x000000000002336e                uip_icmp6_init
 .text          0x000000000002338e      0x358 obj_cooja/mtype265.a(uip-nd6.o)
                0x00000000000233e2                uip_nd6_ns_output
                0x00000000000236e1                uip_nd6_init
 .text          0x00000000000236e6      0x331 obj_cooja/mtype265.a(rpl-nbr-policy.)
                0x00000000000238be                find_removable_dis
                0x00000000000238e1                find_removable_dio
                0x0000000000023970                find_removable_dao
                0x00000000000239c0                rpl_nbr_policy_find_removable
 .text          0x0000000000023a17      0x97c obj_cooja/mtype265.a(frame802154.o)
                0x0000000000023a48                frame802154_get_pan_id
                0x0000000000023a54                frame802154_set_pan_id
                0x0000000000023a6d                frame802154_has_panid
                0x0000000000023b59                frame802154_check_dest_panid
                0x0000000000023bc1                frame802154_is_broadcast_addr
                0x0000000000023c0e                frame802154_extract_linkaddr
                0x0000000000023e4e                frame802154_hdrlen
                0x0000000000023e9f                frame802154_create
                0x000000000002408a                frame802154_parse
 .text          0x0000000000024393      0x181 obj_cooja/mtype265.a(mac-sequence.o)
                0x00000000000243ca                mac_sequence_is_duplicate
                0x000000000002444d                mac_sequence_register_seqno
 .text          0x0000000000024514       0x3c obj_cooja/mtype265.a(mac.o)
                0x0000000000024514                mac_call_sent_callback
 .text          0x0000000000024550        0x0 /usr/lib/gcc/i686-linux-gnu/4.8/crtendS.o
 .text          0x0000000000024550        0x0 /usr/lib/gcc/i686-linux-gnu/4.8/../../../i386-linux-gnu/crtn.o
 *(.gnu.warning)

.fini           0x0000000000024550       0x14
 *(SORT(.fini))
 .fini          0x0000000000024550        0xf /usr/lib/gcc/i686-linux-gnu/4.8/../../../i386-linux-gnu/crti.o
                0x0000000000024550                _fini
 .fini          0x000000000002455f        0x5 /usr/lib/gcc/i686-linux-gnu/4.8/../../../i386-linux-gnu/crtn.o
                0x0000000000024564                PROVIDE (__etext, .)
                0x0000000000024564                PROVIDE (_etext, .)
                0x0000000000024564                PROVIDE (etext, .)

.rodata         0x0000000000024580     0x1318
 *(.rodata .rodata.* .gnu.linkonce.r.*)
 .rodata        0x0000000000024580      0x17a udp-client.co
                0x0000000000024594                autostart_processes
 *fill*         0x00000000000246fa        0x2 
 .rodata        0x00000000000246fc      0x1b6 obj_cooja/mtype265.o
 *fill*         0x00000000000248b2        0x2 
 .rodata        0x00000000000248b4        0x8 obj_cooja/mtype265.a(beep.o)
                0x00000000000248b4                beep_interface
 .rodata        0x00000000000248bc       0x20 obj_cooja/mtype265.a(button-sensor.o)
                0x00000000000248bc                button_interface
                0x00000000000248cc                button_sensor
 .rodata        0x00000000000248dc        0x8 obj_cooja/mtype265.a(leds-arch.o)
                0x00000000000248dc                leds_interface
 .rodata        0x00000000000248e4        0x8 obj_cooja/mtype265.a(moteid.o)
                0x00000000000248e4                moteid_interface
 .rodata        0x00000000000248ec       0x1c obj_cooja/mtype265.a(pir-sensor.o)
                0x00000000000248ec                pir_interface
                0x00000000000248f8                pir_sensor
 .rodata        0x0000000000024908        0xe obj_cooja/mtype265.a(rs232.o)
                0x0000000000024908                rs232_interface
 *fill*         0x0000000000024916        0x2 
 .rodata        0x0000000000024918       0x24 obj_cooja/mtype265.a(vib-sensor.o)
                0x0000000000024918                vib_interface
                0x000000000002492c                vib_sensor
 .rodata        0x000000000002493c        0x8 obj_cooja/mtype265.a(clock.o)
                0x000000000002493c                clock_interface
 .rodata        0x0000000000024944        0x8 obj_cooja/mtype265.a(log.o)
                0x0000000000024944                simlog_interface
 .rodata        0x000000000002494c       0x2f obj_cooja/mtype265.a(cfs-cooja.o)
                0x000000000002494c                cfs_interface
 *fill*         0x000000000002497b        0x5 
 .rodata        0x0000000000024980      0x120 obj_cooja/mtype265.a(cooja-radio.o)
                0x0000000000024a60                cooja_radio_driver
                0x0000000000024a98                radio_interface
 .rodata        0x0000000000024aa0        0x8 obj_cooja/mtype265.a(eeprom.o)
                0x0000000000024aa0                eeprom_interface
 .rodata        0x0000000000024aa8        0x8 obj_cooja/mtype265.a(sensors.o)
 .rodata        0x0000000000024ab0      0x21d obj_cooja/mtype265.a(dual_conf.o)
 .rodata        0x0000000000024ccd        0xf obj_cooja/mtype265.a(ctimer.o)
 .rodata        0x0000000000024cdc        0xc obj_cooja/mtype265.a(etimer.o)
 .rodata        0x0000000000024ce8        0xe obj_cooja/mtype265.a(serial-line.o)
 *fill*         0x0000000000024cf6        0x2 
 .rodata        0x0000000000024cf8       0x2c obj_cooja/mtype265.a(sicslowpan.o)
                0x0000000000024cf8                unc_llconf
                0x0000000000024cfc                unc_ctxconf
                0x0000000000024d00                unc_mxconf
                0x0000000000024d04                llprefix
                0x0000000000024d18                sicslowpan_driver
 .rodata        0x0000000000024d24      0x13c obj_cooja/mtype265.a(uip6.o)
 .rodata        0x0000000000024e60       0x29 obj_cooja/mtype265.a(tcpip.o)
 .rodata        0x0000000000024e89       0x3e obj_cooja/mtype265.a(uip-debug.o)
 *fill*         0x0000000000024ec7        0x1 
 .rodata        0x0000000000024ec8       0x72 obj_cooja/mtype265.a(rpl-dag.o)
 *fill*         0x0000000000024f3a        0x2 
 .rodata        0x0000000000024f3c      0x8a4 obj_cooja/mtype265.a(rpl-icmp6.o)
 .rodata        0x00000000000257e0        0x8 obj_cooja/mtype265.a(linkaddr.o)
                0x00000000000257e0                linkaddr_null
 .rodata        0x00000000000257e8        0xc obj_cooja/mtype265.a(framer-802154.o)
                0x00000000000257e8                framer_802154
 .rodata        0x00000000000257f4       0x24 obj_cooja/mtype265.a(nullmac.o)
                0x00000000000257fc                nullmac_driver
 *fill*         0x0000000000025818        0x8 
 .rodata        0x0000000000025820       0x60 obj_cooja/mtype265.a(nullrdc.o)
                0x0000000000025860                nullrdc_driver
 .rodata        0x0000000000025880       0x18 obj_cooja/mtype265.a(nullsec.o)
                0x0000000000025888                nullsec_driver

.rodata1
 *(.rodata1)

.eh_frame_hdr   0x0000000000025898     0x12cc
 *(.eh_frame_hdr)
 .eh_frame_hdr  0x0000000000025898     0x12cc udp-client.co

.eh_frame       0x0000000000026b64     0x4c84
 *(.eh_frame)
 .eh_frame      0x0000000000026b64       0x3c /usr/lib/gcc/i686-linux-gnu/4.8/../../../i386-linux-gnu/crti.o
                                         0x40 (size before relaxing)
 .eh_frame      0x0000000000026ba0       0xa8 udp-client.co
                                         0xc0 (size before relaxing)
 .eh_frame      0x0000000000026c48      0x148 obj_cooja/mtype265.o
                                        0x160 (size before relaxing)
 .eh_frame      0x0000000000026d90       0x40 obj_cooja/mtype265.a(simEnvChange.o)
                                         0x58 (size before relaxing)
 .eh_frame      0x0000000000026dd0       0xc0 obj_cooja/mtype265.a(cooja_mt.o)
                                         0xd8 (size before relaxing)
 .eh_frame      0x0000000000026e90      0x120 obj_cooja/mtype265.a(cooja_mtarch.o)
                                        0x138 (size before relaxing)
 .eh_frame      0x0000000000026fb0       0xc0 obj_cooja/mtype265.a(rtimer-arch.o)
                                         0xd8 (size before relaxing)
 .eh_frame      0x0000000000027070      0x160 obj_cooja/mtype265.a(beep.o)
                                        0x178 (size before relaxing)
 .eh_frame      0x00000000000271d0       0xa0 obj_cooja/mtype265.a(button-sensor.o)
                                         0xb8 (size before relaxing)
 .eh_frame      0x0000000000027270       0xa0 obj_cooja/mtype265.a(leds-arch.o)
                                         0xb8 (size before relaxing)
 .eh_frame      0x0000000000027310       0x40 obj_cooja/mtype265.a(moteid.o)
                                         0x58 (size before relaxing)
 .eh_frame      0x0000000000027350       0xa0 obj_cooja/mtype265.a(pir-sensor.o)
                                         0xb8 (size before relaxing)
 .eh_frame      0x00000000000273f0      0x100 obj_cooja/mtype265.a(rs232.o)
                                        0x118 (size before relaxing)
 .eh_frame      0x00000000000274f0       0xa0 obj_cooja/mtype265.a(vib-sensor.o)
                                         0xb8 (size before relaxing)
 .eh_frame      0x0000000000027590       0xc0 obj_cooja/mtype265.a(clock.o)
                                         0xd8 (size before relaxing)
 .eh_frame      0x0000000000027650      0x120 obj_cooja/mtype265.a(log.o)
                                        0x138 (size before relaxing)
 .eh_frame      0x0000000000027770      0x160 obj_cooja/mtype265.a(cfs-cooja.o)
                                        0x178 (size before relaxing)
 .eh_frame      0x00000000000278d0      0x2e0 obj_cooja/mtype265.a(cooja-radio.o)
                                        0x2f8 (size before relaxing)
 .eh_frame      0x0000000000027bb0       0xa0 obj_cooja/mtype265.a(eeprom.o)
                                         0xb8 (size before relaxing)
 .eh_frame      0x0000000000027c50       0x40 obj_cooja/mtype265.a(random.o)
                                         0x58 (size before relaxing)
 .eh_frame      0x0000000000027c90       0xc0 obj_cooja/mtype265.a(sensors.o)
                                         0xd8 (size before relaxing)
 .eh_frame      0x0000000000027d50      0x120 obj_cooja/mtype265.a(dual_conf.o)
                                        0x138 (size before relaxing)
 .eh_frame      0x0000000000027e70       0x40 obj_cooja/mtype265.a(autostart.o)
                                         0x58 (size before relaxing)
 .eh_frame      0x0000000000027eb0      0x100 obj_cooja/mtype265.a(ctimer.o)
                                        0x118 (size before relaxing)
 .eh_frame      0x0000000000027fb0      0x1e0 obj_cooja/mtype265.a(etimer.o)
                                        0x1f8 (size before relaxing)
 .eh_frame      0x0000000000028190      0x1c8 obj_cooja/mtype265.a(process.o)
                                        0x1e0 (size before relaxing)
 .eh_frame      0x0000000000028358       0x60 obj_cooja/mtype265.a(rtimer.o)
                                         0x78 (size before relaxing)
 .eh_frame      0x00000000000283b8       0xc4 obj_cooja/mtype265.a(stimer.o)
                                         0xdc (size before relaxing)
 .eh_frame      0x000000000002847c       0xa4 obj_cooja/mtype265.a(timer.o)
                                         0xbc (size before relaxing)
 .eh_frame      0x0000000000028520       0x60 obj_cooja/mtype265.a(serial-line.o)
                                         0x78 (size before relaxing)
 .eh_frame      0x0000000000028580      0x180 obj_cooja/mtype265.a(list.o)
                                        0x198 (size before relaxing)
 .eh_frame      0x0000000000028700       0xa0 obj_cooja/mtype265.a(ringbuf.o)
                                         0xb8 (size before relaxing)
 .eh_frame      0x00000000000287a0      0x350 obj_cooja/mtype265.a(sicslowpan.o)
                                        0x368 (size before relaxing)
 .eh_frame      0x0000000000028af0      0x180 obj_cooja/mtype265.a(uip-ds6-nbr.o)
                                        0x198 (size before relaxing)
 .eh_frame      0x0000000000028c70      0x2a0 obj_cooja/mtype265.a(uip-ds6-route.o)
                                        0x2b8 (size before relaxing)
 .eh_frame      0x0000000000028f10      0x3c8 obj_cooja/mtype265.a(uip-ds6.o)
                                        0x3e0 (size before relaxing)
 .eh_frame      0x00000000000292d8      0x27c obj_cooja/mtype265.a(uip6.o)
                                        0x294 (size before relaxing)
 .eh_frame      0x0000000000029554      0x270 obj_cooja/mtype265.a(tcpip.o)
                                        0x288 (size before relaxing)
 .eh_frame      0x00000000000297c4       0x48 obj_cooja/mtype265.a(uip-debug.o)
                                         0x60 (size before relaxing)
 .eh_frame      0x000000000002980c       0xe0 obj_cooja/mtype265.a(uip-packetqueue)
                                         0xf8 (size before relaxing)
 .eh_frame      0x00000000000298ec       0x40 obj_cooja/mtype265.a(uip-udp-packet.)
                                         0x58 (size before relaxing)
 .eh_frame      0x000000000002992c      0x65c obj_cooja/mtype265.a(rpl-dag.o)
                                        0x674 (size before relaxing)
 .eh_frame      0x0000000000029f88      0x10c obj_cooja/mtype265.a(rpl-ext-header.)
                                        0x124 (size before relaxing)
 .eh_frame      0x000000000002a094      0x288 obj_cooja/mtype265.a(rpl-icmp6.o)
                                        0x2a0 (size before relaxing)
 .eh_frame      0x000000000002a31c       0xe0 obj_cooja/mtype265.a(rpl-mrhof.o)
                                         0xf8 (size before relaxing)
 .eh_frame      0x000000000002a3fc      0x20c obj_cooja/mtype265.a(rpl-timers.o)
                                        0x224 (size before relaxing)
 .eh_frame      0x000000000002a608      0x140 obj_cooja/mtype265.a(rpl.o)
                                        0x158 (size before relaxing)
 .eh_frame      0x000000000002a748       0x80 obj_cooja/mtype265.a(linkaddr.o)
                                         0x98 (size before relaxing)
 .eh_frame      0x000000000002a7c8      0x2ac obj_cooja/mtype265.a(nbr-table.o)
                                        0x2c4 (size before relaxing)
 .eh_frame      0x000000000002aa74       0x20 obj_cooja/mtype265.a(netstack.o)
                                         0x38 (size before relaxing)
 .eh_frame      0x000000000002aa94      0x214 obj_cooja/mtype265.a(packetbuf.o)
                                        0x22c (size before relaxing)
 .eh_frame      0x000000000002aca8      0x1a0 obj_cooja/mtype265.a(queuebuf.o)
                                        0x1b8 (size before relaxing)
 .eh_frame      0x000000000002ae48      0x108 obj_cooja/mtype265.a(framer-802154.o)
                                        0x120 (size before relaxing)
 .eh_frame      0x000000000002af50       0xc0 obj_cooja/mtype265.a(nullmac.o)
                                         0xd8 (size before relaxing)
 .eh_frame      0x000000000002b010      0x17c obj_cooja/mtype265.a(nullrdc.o)
                                        0x194 (size before relaxing)
 .eh_frame      0x000000000002b18c       0x80 obj_cooja/mtype265.a(nullsec.o)
                                         0x98 (size before relaxing)
 .eh_frame      0x000000000002b20c       0xa0 obj_cooja/mtype265.a(watchdog.o)
                                         0xb8 (size before relaxing)
 .eh_frame      0x000000000002b2ac       0xa0 obj_cooja/mtype265.a(memb.o)
                                         0xb8 (size before relaxing)
 .eh_frame      0x000000000002b34c      0x164 obj_cooja/mtype265.a(uip-icmp6.o)
                                        0x17c (size before relaxing)
 .eh_frame      0x000000000002b4b0       0x68 obj_cooja/mtype265.a(uip-nd6.o)
                                         0x80 (size before relaxing)
 .eh_frame      0x000000000002b518       0xc0 obj_cooja/mtype265.a(rpl-nbr-policy.)
                                         0xd8 (size before relaxing)
 .eh_frame      0x000000000002b5d8      0x164 obj_cooja/mtype265.a(frame802154.o)
                                        0x17c (size before relaxing)
 .eh_frame      0x000000000002b73c       0x88 obj_cooja/mtype265.a(mac-sequence.o)
                                         0xa0 (size before relaxing)
 .eh_frame      0x000000000002b7c4       0x20 obj_cooja/mtype265.a(mac.o)
                                         0x38 (size before relaxing)
 .eh_frame      0x000000000002b7e4        0x4 /usr/lib/gcc/i686-linux-gnu/4.8/crtendS.o

.gcc_except_table
 *(.gcc_except_table .gcc_except_table.*)

.exception_ranges
 *(.exception_ranges .exception_ranges*)
                0x000000000002b7e8                . = (ALIGN (0x1000) - ((0x1000 - .) & 0xfff))
                0x000000000002cef8                . = DATA_SEGMENT_ALIGN (0x1000, 0x1000)

.eh_frame
 *(.eh_frame)

.gcc_except_table
 *(.gcc_except_table .gcc_except_table.*)

.exception_ranges
 *(.exception_ranges .exception_ranges*)

.tdata
 *(.tdata .tdata.* .gnu.linkonce.td.*)

.tbss
 *(.tbss .tbss.* .gnu.linkonce.tb.*)
 *(.tcommon)

.preinit_array
 *(.preinit_array)

.init_array     0x000000000002cef8        0x4
 *(SORT(.init_array.*) SORT(.ctors.*))
 *(.init_array EXCLUDE_FILE(*crtend?.o *crtend.o *crtbegin?.o *crtbegin.o) .ctors)
 .init_array    0x000000000002cef8        0x4 /usr/lib/gcc/i686-linux-gnu/4.8/crtbeginS.o

.fini_array     0x000000000002cefc        0x4
 *(SORT(.fini_array.*) SORT(.dtors.*))
 *(.fini_array EXCLUDE_FILE(*crtend?.o *crtend.o *crtbegin?.o *crtbegin.o) .dtors)
 .fini_array    0x000000000002cefc        0x4 /usr/lib/gcc/i686-linux-gnu/4.8/crtbeginS.o

.ctors
 *crtbegin.o(.ctors)
 *crtbegin?.o(.ctors)
 *(EXCLUDE_FILE(*crtend?.o *crtend.o) .ctors)
 *(SORT(.ctors.*))
 *(.ctors)

.dtors
 *crtbegin.o(.dtors)
 *crtbegin?.o(.dtors)
 *(EXCLUDE_FILE(*crtend?.o *crtend.o) .dtors)
 *(SORT(.dtors.*))
 *(.dtors)

.jcr            0x000000000002cf00        0x4
 *(.jcr)
 .jcr           0x000000000002cf00        0x0 /usr/lib/gcc/i686-linux-gnu/4.8/crtbeginS.o
 .jcr           0x000000000002cf00        0x4 /usr/lib/gcc/i686-linux-gnu/4.8/crtendS.o

.data.rel.ro
 *(.data.rel.ro.local* .gnu.linkonce.d.rel.ro.local.*)
 *(.data.rel.ro .data.rel.ro.* .gnu.linkonce.d.rel.ro.*)

.dynamic        0x000000000002cf04       0xe8
 *(.dynamic)
 .dynamic       0x000000000002cf04       0xe8 /usr/lib/gcc/i686-linux-gnu/4.8/../../../i386-linux-gnu/crti.o
                0x000000000002cf04                _DYNAMIC

.got            0x000000000002cfec       0x14
 *(.got)
 .got           0x000000000002cfec       0x14 /usr/lib/gcc/i686-linux-gnu/4.8/../../../i386-linux-gnu/crti.o
 *(.igot)
                0x000000000002dff4                . = DATA_SEGMENT_RELRO_END (., (SIZEOF (.got.plt) >= 0xc)?0xc:0x0)

.got.plt        0x000000000002d000       0x14
 *(.got.plt)
 .got.plt       0x000000000002d000       0x14 /usr/lib/gcc/i686-linux-gnu/4.8/../../../i386-linux-gnu/crti.o
                0x000000000002d000                _GLOBAL_OFFSET_TABLE_
 *(.igot.plt)

.data           0x000000000002d020      0x21e
 *(.data .data.* .gnu.linkonce.d.*)
 .data          0x000000000002d020        0x0 /usr/lib/gcc/i686-linux-gnu/4.8/../../../i386-linux-gnu/crti.o
 .data          0x000000000002d020        0x0 /usr/lib/gcc/i686-linux-gnu/4.8/crtbeginS.o
 .data.rel      0x000000000002d020        0x4 /usr/lib/gcc/i686-linux-gnu/4.8/crtbeginS.o
                0x000000000002d020                __dso_handle
 .data          0x000000000002d024       0x10 udp-client.co
                0x000000000002d024                udp_client_process
 *fill*         0x000000000002d034        0xc 
 .data          0x000000000002d040       0x44 obj_cooja/mtype265.o
                0x000000000002d040                simInterfaces
                0x000000000002d074                sensors
 .data          0x000000000002d084        0x0 obj_cooja/mtype265.a(simEnvChange.o)
 .data          0x000000000002d084        0x0 obj_cooja/mtype265.a(cooja_mt.o)
 .data          0x000000000002d084        0x0 obj_cooja/mtype265.a(cooja_mtarch.o)
 .data          0x000000000002d084        0x0 obj_cooja/mtype265.a(rtimer-arch.o)
 .data          0x000000000002d084        0x0 obj_cooja/mtype265.a(beep.o)
 .data          0x000000000002d084        0x0 obj_cooja/mtype265.a(button-sensor.o)
 .data          0x000000000002d084        0x0 obj_cooja/mtype265.a(leds-arch.o)
 .data          0x000000000002d084        0x0 obj_cooja/mtype265.a(moteid.o)
 .data          0x000000000002d084        0x0 obj_cooja/mtype265.a(pir-sensor.o)
 .data          0x000000000002d084        0x0 obj_cooja/mtype265.a(rs232.o)
 .data          0x000000000002d084        0x0 obj_cooja/mtype265.a(vib-sensor.o)
 .data          0x000000000002d084        0x0 obj_cooja/mtype265.a(clock.o)
 .data          0x000000000002d084        0x0 obj_cooja/mtype265.a(log.o)
 .data          0x000000000002d084        0x0 obj_cooja/mtype265.a(cfs-cooja.o)
 .data          0x000000000002d084       0x2c obj_cooja/mtype265.a(cooja-radio.o)
                0x000000000002d084                simRadioHWOn
                0x000000000002d088                simSignalStrength
                0x000000000002d08c                simLastSignalStrength
                0x000000000002d090                simPower
                0x000000000002d094                simRadioChannel
                0x000000000002d098                simRadioChannelLR
                0x000000000002d09c                simLQI
                0x000000000002d0a0                cooja_radio_process
 .data          0x000000000002d0b0        0x0 obj_cooja/mtype265.a(eeprom.o)
 .data          0x000000000002d0b0        0x0 obj_cooja/mtype265.a(random.o)
 .data          0x000000000002d0b0       0x10 obj_cooja/mtype265.a(sensors.o)
                0x000000000002d0b0                sensors_process
 .data          0x000000000002d0c0       0x24 obj_cooja/mtype265.a(dual_conf.o)
                0x000000000002d0c0                radio_received
                0x000000000002d0c4                dual_dio_broadcast
                0x000000000002d0d4                dual_dis_broadcast
 .data          0x000000000002d0e4        0x0 obj_cooja/mtype265.a(autostart.o)
 .data          0x000000000002d0e4       0x14 obj_cooja/mtype265.a(ctimer.o)
                0x000000000002d0e8                ctimer_process
 .data          0x000000000002d0f8       0x10 obj_cooja/mtype265.a(etimer.o)
                0x000000000002d0f8                etimer_process
 .data          0x000000000002d108        0x0 obj_cooja/mtype265.a(process.o)
 .data          0x000000000002d108        0x0 obj_cooja/mtype265.a(rtimer.o)
 .data          0x000000000002d108        0x0 obj_cooja/mtype265.a(stimer.o)
 .data          0x000000000002d108        0x0 obj_cooja/mtype265.a(timer.o)
 .data          0x000000000002d108       0x10 obj_cooja/mtype265.a(serial-line.o)
                0x000000000002d108                serial_line_process
 .data          0x000000000002d118        0x0 obj_cooja/mtype265.a(list.o)
 .data          0x000000000002d118        0x0 obj_cooja/mtype265.a(ringbuf.o)
 .data          0x000000000002d118        0x0 obj_cooja/mtype265.a(sicslowpan.o)
 .data          0x000000000002d118       0x14 obj_cooja/mtype265.a(uip-ds6-nbr.o)
                0x000000000002d128                ds6_neighbors
 .data          0x000000000002d12c       0x44 obj_cooja/mtype265.a(uip-ds6-route.o)
                0x000000000002d13c                nbr_routes
 .data          0x000000000002d170        0x0 obj_cooja/mtype265.a(uip-ds6.o)
 .data          0x000000000002d170        0x0 obj_cooja/mtype265.a(uip6.o)
 .data          0x000000000002d170       0x10 obj_cooja/mtype265.a(tcpip.o)
                0x000000000002d170                tcpip_process
 .data          0x000000000002d180        0x0 obj_cooja/mtype265.a(uip-debug.o)
 .data          0x000000000002d180        0xc obj_cooja/mtype265.a(uip-packetqueue)
 .data          0x000000000002d18c        0x0 obj_cooja/mtype265.a(uip-udp-packet.)
 .data          0x000000000002d18c       0x14 obj_cooja/mtype265.a(rpl-dag.o)
                0x000000000002d19c                rpl_parents
 .data          0x000000000002d1a0        0x0 obj_cooja/mtype265.a(rpl-ext-header.)
 .data          0x000000000002d1a0       0x34 obj_cooja/mtype265.a(rpl-icmp6.o)
 .data          0x000000000002d1d4       0x1c obj_cooja/mtype265.a(rpl-mrhof.o)
                0x000000000002d1d4                rpl_mrhof
 .data          0x000000000002d1f0        0x0 obj_cooja/mtype265.a(rpl-timers.o)
 .data          0x000000000002d1f0        0x0 obj_cooja/mtype265.a(rpl.o)
 .data          0x000000000002d1f0        0x0 obj_cooja/mtype265.a(linkaddr.o)
 .data          0x000000000002d1f0       0x10 obj_cooja/mtype265.a(nbr-table.o)
 .data          0x000000000002d200        0x0 obj_cooja/mtype265.a(netstack.o)
 .data          0x000000000002d200        0x4 obj_cooja/mtype265.a(packetbuf.o)
 .data          0x000000000002d204       0x18 obj_cooja/mtype265.a(queuebuf.o)
 .data          0x000000000002d21c        0x0 obj_cooja/mtype265.a(framer-802154.o)
 .data          0x000000000002d21c        0x0 obj_cooja/mtype265.a(nullmac.o)
 .data          0x000000000002d21c        0x0 obj_cooja/mtype265.a(nullrdc.o)
 .data          0x000000000002d21c        0x0 obj_cooja/mtype265.a(nullsec.o)
 .data          0x000000000002d21c        0x0 obj_cooja/mtype265.a(watchdog.o)
 .data          0x000000000002d21c        0x0 obj_cooja/mtype265.a(rimestats.o)
 .data          0x000000000002d21c        0x0 obj_cooja/mtype265.a(memb.o)
 .data          0x000000000002d21c       0x20 obj_cooja/mtype265.a(uip-icmp6.o)
 .data          0x000000000002d23c        0x0 obj_cooja/mtype265.a(uip-nd6.o)
 .data          0x000000000002d23c        0x0 obj_cooja/mtype265.a(rpl-nbr-policy.)
 .data          0x000000000002d23c        0x2 obj_cooja/mtype265.a(frame802154.o)
 .data          0x000000000002d23e        0x0 obj_cooja/mtype265.a(mac-sequence.o)
 .data          0x000000000002d23e        0x0 obj_cooja/mtype265.a(mac.o)
 .data          0x000000000002d23e        0x0 /usr/lib/gcc/i686-linux-gnu/4.8/crtendS.o
 .data          0x000000000002d23e        0x0 /usr/lib/gcc/i686-linux-gnu/4.8/../../../i386-linux-gnu/crtn.o

.tm_clone_table
                0x000000000002d240        0x0
 .tm_clone_table
                0x000000000002d240        0x0 /usr/lib/gcc/i686-linux-gnu/4.8/crtbeginS.o
 .tm_clone_table
                0x000000000002d240        0x0 /usr/lib/gcc/i686-linux-gnu/4.8/crtendS.o

.data1
 *(.data1)
                0x000000000002d240                _edata = .
                0x000000000002d240                PROVIDE (edata, .)
                0x000000000002d240                . = .
                0x000000000002d240                __bss_start = .

.bss            0x000000000002d240     0x80a8
 *(.dynbss)
 .dynbss        0x0000000000000000        0x0 /usr/lib/gcc/i686-linux-gnu/4.8/../../../i386-linux-gnu/crti.o
 *(.bss .bss.* .gnu.linkonce.b.*)
 .bss           0x000000000002d240        0x0 /usr/lib/gcc/i686-linux-gnu/4.8/../../../i386-linux-gnu/crti.o
 .bss           0x000000000002d240        0x1 /usr/lib/gcc/i686-linux-gnu/4.8/crtbeginS.o
 *fill*         0x000000000002d241       0x1f 
 .bss           0x000000000002d260       0x60 udp-client.co
 .bss           0x000000000002d2c0     0x2030 obj_cooja/mtype265.o
 .bss           0x000000000002f2f0        0x1 obj_cooja/mtype265.a(simEnvChange.o)
                0x000000000002f2f0                simDontFallAsleep
 *fill*         0x000000000002f2f1        0x3 
 .bss           0x000000000002f2f4        0x4 obj_cooja/mtype265.a(cooja_mt.o)
 .bss           0x000000000002f2f8        0x4 obj_cooja/mtype265.a(cooja_mtarch.o)
 .bss           0x000000000002f2fc        0xc obj_cooja/mtype265.a(rtimer-arch.o)
 .bss           0x000000000002f308        0x0 obj_cooja/mtype265.a(beep.o)
 .bss           0x000000000002f308        0x8 obj_cooja/mtype265.a(button-sensor.o)
 .bss           0x000000000002f310        0x0 obj_cooja/mtype265.a(leds-arch.o)
 .bss           0x000000000002f310        0x0 obj_cooja/mtype265.a(moteid.o)
 .bss           0x000000000002f310        0x1 obj_cooja/mtype265.a(pir-sensor.o)
                0x000000000002f310                simPirValue
 *fill*         0x000000000002f311        0x3 
 .bss           0x000000000002f314        0x4 obj_cooja/mtype265.a(rs232.o)
 .bss           0x000000000002f318        0x1 obj_cooja/mtype265.a(vib-sensor.o)
                0x000000000002f318                simVibValue
 .bss           0x000000000002f319        0x0 obj_cooja/mtype265.a(clock.o)
 *fill*         0x000000000002f319        0x7 
 .bss           0x000000000002f320      0x420 obj_cooja/mtype265.a(log.o)
 .bss           0x000000000002f740      0xfc0 obj_cooja/mtype265.a(cfs-cooja.o)
                0x000000000002f740                simCFSData
                0x00000000000306e0                simCFSSize
                0x00000000000306e4                simCFSChanged
                0x00000000000306e8                simCFSRead
                0x00000000000306ec                simCFSWritten
 .bss           0x0000000000030700       0x20 obj_cooja/mtype265.a(cooja-radio.o)
                0x0000000000030700                simReceiving
                0x0000000000030701                simReceivingLR
                0x0000000000030704                simInSize
                0x0000000000030708                simInSizeLR
                0x000000000003070c                simOutSize
                0x0000000000030710                simOutSizeLR
                0x0000000000030714                LongRangeTransmit
                0x0000000000030718                LongRangeReceiving
 .bss           0x0000000000030720        0xc obj_cooja/mtype265.a(eeprom.o)
                0x0000000000030720                simEEPROMChanged
                0x0000000000030724                simEEPROMRead
                0x0000000000030728                simEEPROMWritten
 .bss           0x000000000003072c        0x0 obj_cooja/mtype265.a(random.o)
 .bss           0x000000000003072c        0xc obj_cooja/mtype265.a(sensors.o)
 .bss           0x0000000000030738       0x28 obj_cooja/mtype265.a(dual_conf.o)
                0x0000000000030738                long_range_radio
 .bss           0x0000000000030760        0x0 obj_cooja/mtype265.a(autostart.o)
 .bss           0x0000000000030760        0x5 obj_cooja/mtype265.a(ctimer.o)
 *fill*         0x0000000000030765        0x3 
 .bss           0x0000000000030768        0x8 obj_cooja/mtype265.a(etimer.o)
 *fill*         0x0000000000030770       0x10 
 .bss           0x0000000000030780      0x1b1 obj_cooja/mtype265.a(process.o)
                0x0000000000030780                process_list
                0x0000000000030784                process_current
 *fill*         0x0000000000030931        0x3 
 .bss           0x0000000000030934        0x4 obj_cooja/mtype265.a(rtimer.o)
 .bss           0x0000000000030938        0x0 obj_cooja/mtype265.a(stimer.o)
 .bss           0x0000000000030938        0x0 obj_cooja/mtype265.a(timer.o)
 *fill*         0x0000000000030938        0x8 
 .bss           0x0000000000030940      0x140 obj_cooja/mtype265.a(serial-line.o)
 .bss           0x0000000000030a80        0x0 obj_cooja/mtype265.a(list.o)
 .bss           0x0000000000030a80        0x0 obj_cooja/mtype265.a(ringbuf.o)
 .bss           0x0000000000030a80      0x70c obj_cooja/mtype265.a(sicslowpan.o)
 *fill*         0x000000000003118c       0x14 
 .bss           0x00000000000311a0       0xf0 obj_cooja/mtype265.a(uip-ds6-nbr.o)
 *fill*         0x0000000000031290       0x10 
 .bss           0x00000000000312a0      0x2a8 obj_cooja/mtype265.a(uip-ds6-route.o)
 .bss           0x0000000000031548       0x30 obj_cooja/mtype265.a(uip-ds6.o)
 .bss           0x0000000000031578        0xe obj_cooja/mtype265.a(uip6.o)
                0x0000000000031578                uip_ext_bitmap
                0x0000000000031579                uip_ext_len
                0x000000000003157a                uip_ext_opt_offset
 *fill*         0x0000000000031586       0x1a 
 .bss           0x00000000000315a0       0x6a obj_cooja/mtype265.a(tcpip.o)
 .bss           0x000000000003160a        0x0 obj_cooja/mtype265.a(uip-debug.o)
 *fill*         0x000000000003160a       0x16 
 .bss           0x0000000000031620      0xcf8 obj_cooja/mtype265.a(uip-packetqueue)
 .bss           0x0000000000032318        0x0 obj_cooja/mtype265.a(uip-udp-packet.)
 *fill*         0x0000000000032318        0x8 
 .bss           0x0000000000032320       0xa0 obj_cooja/mtype265.a(rpl-dag.o)
 .bss           0x00000000000323c0        0x0 obj_cooja/mtype265.a(rpl-ext-header.)
 .bss           0x00000000000323c0        0x0 obj_cooja/mtype265.a(rpl-icmp6.o)
 .bss           0x00000000000323c0        0x0 obj_cooja/mtype265.a(rpl-mrhof.o)
 .bss           0x00000000000323c0       0x23 obj_cooja/mtype265.a(rpl-timers.o)
 *fill*         0x00000000000323e3        0x1 
 .bss           0x00000000000323e4        0x4 obj_cooja/mtype265.a(rpl.o)
 .bss           0x00000000000323e8        0x0 obj_cooja/mtype265.a(linkaddr.o)
 *fill*         0x00000000000323e8       0x18 
 .bss           0x0000000000032400       0xdc obj_cooja/mtype265.a(nbr-table.o)
 .bss           0x00000000000324dc        0x0 obj_cooja/mtype265.a(netstack.o)
 *fill*         0x00000000000324dc        0x4 
 .bss           0x00000000000324e0       0xa0 obj_cooja/mtype265.a(packetbuf.o)
 .bss           0x0000000000032580      0xb80 obj_cooja/mtype265.a(queuebuf.o)
 .bss           0x0000000000033100        0x2 obj_cooja/mtype265.a(framer-802154.o)
 .bss           0x0000000000033102        0x0 obj_cooja/mtype265.a(nullmac.o)
 .bss           0x0000000000033102        0x0 obj_cooja/mtype265.a(nullrdc.o)
 .bss           0x0000000000033102        0x0 obj_cooja/mtype265.a(nullsec.o)
 .bss           0x0000000000033102        0x0 obj_cooja/mtype265.a(watchdog.o)
 .bss           0x0000000000033102        0x0 obj_cooja/mtype265.a(rimestats.o)
 .bss           0x0000000000033102        0x0 obj_cooja/mtype265.a(memb.o)
 *fill*         0x0000000000033102        0x2 
 .bss           0x0000000000033104       0x18 obj_cooja/mtype265.a(uip-icmp6.o)
 .bss           0x000000000003311c        0x0 obj_cooja/mtype265.a(uip-nd6.o)
 *fill*         0x000000000003311c        0x4 
 .bss           0x0000000000033120       0x44 obj_cooja/mtype265.a(rpl-nbr-policy.)
 .bss           0x0000000000033164        0x0 obj_cooja/mtype265.a(frame802154.o)
 *fill*         0x0000000000033164       0x1c 
 .bss           0x0000000000033180       0x90 obj_cooja/mtype265.a(mac-sequence.o)
 .bss           0x0000000000033210        0x0 obj_cooja/mtype265.a(mac.o)
 .bss           0x0000000000033210        0x0 /usr/lib/gcc/i686-linux-gnu/4.8/crtendS.o
 .bss           0x0000000000033210        0x0 /usr/lib/gcc/i686-linux-gnu/4.8/../../../i386-linux-gnu/crtn.o
 *(COMMON)
 COMMON         0x0000000000033210        0x8 obj_cooja/mtype265.o
                0x0000000000033210                referenceVar
                0x0000000000033214                sensors_flags
 COMMON         0x0000000000033218        0xc obj_cooja/mtype265.a(simEnvChange.o)
                0x0000000000033218                simEtimerPending
                0x000000000003321c                simProcessRunValue
                0x0000000000033220                simNextExpirationTime
 COMMON         0x0000000000033224        0x1 obj_cooja/mtype265.a(beep.o)
                0x0000000000033224                simBeeped
 COMMON         0x0000000000033225        0x3 obj_cooja/mtype265.a(button-sensor.o)
                0x0000000000033225                simButtonIsActive
                0x0000000000033226                simButtonIsDown
                0x0000000000033227                simButtonChanged
 COMMON         0x0000000000033228        0x1 obj_cooja/mtype265.a(leds-arch.o)
                0x0000000000033228                simLedsValue
 *fill*         0x0000000000033229        0x3 
 COMMON         0x000000000003322c        0xc obj_cooja/mtype265.a(moteid.o)
                0x000000000003322c                simRandomSeed
                0x0000000000033230                simMoteIDChanged
                0x0000000000033234                simMoteID
 COMMON         0x0000000000033238        0x2 obj_cooja/mtype265.a(pir-sensor.o)
                0x0000000000033238                simPirIsActive
                0x0000000000033239                simPirChanged
 *fill*         0x000000000003323a        0x6 
 COMMON         0x0000000000033240      0x820 obj_cooja/mtype265.a(rs232.o)
                0x0000000000033240                simSerialReceivingFlag
                0x0000000000033244                simSerialReceivingLength
                0x0000000000033260                simSerialReceivingData
 COMMON         0x0000000000033a60        0x2 obj_cooja/mtype265.a(vib-sensor.o)
                0x0000000000033a60                simVibChanged
                0x0000000000033a61                simVibIsActive
 *fill*         0x0000000000033a62        0x2 
 COMMON         0x0000000000033a64        0x4 obj_cooja/mtype265.a(clock.o)
                0x0000000000033a64                simCurrentTime
 *fill*         0x0000000000033a68       0x18 
 COMMON         0x0000000000033a80      0x420 obj_cooja/mtype265.a(log.o)
                0x0000000000033a80                simLoggedLength
                0x0000000000033a84                simLoggedFlag
                0x0000000000033aa0                simLoggedData
 COMMON         0x0000000000033ea0      0x200 obj_cooja/mtype265.a(cooja-radio.o)
                0x0000000000033ea0                simOutDataBuffer
                0x0000000000033f20                simInDataBufferLR
                0x0000000000033fa0                simOutDataBufferLR
                0x0000000000034020                simInDataBuffer
 COMMON         0x00000000000340a0      0x400 obj_cooja/mtype265.a(eeprom.o)
                0x00000000000340a0                simEEPROMData
 COMMON         0x00000000000344a0        0x1 obj_cooja/mtype265.a(sensors.o)
                0x00000000000344a0                sensors_event
 COMMON         0x00000000000344a1        0x1 obj_cooja/mtype265.a(serial-line.o)
                0x00000000000344a1                serial_line_event_message
 *fill*         0x00000000000344a2       0x1e 
 COMMON         0x00000000000344c0       0x64 obj_cooja/mtype265.a(uip-ds6-nbr.o)
                0x00000000000344c0                ds6_lr_addrmap
 *fill*         0x0000000000034524       0x1c 
 COMMON         0x0000000000034540      0x298 obj_cooja/mtype265.a(uip-ds6.o)
                0x0000000000034540                uip_ds6_prefix_list
                0x00000000000345a0                uip_ds6_timer_periodic
                0x00000000000345b0                uip_ds6_netif_addr_list_offset
                0x00000000000345c0                uip_ds6_if
                0x00000000000346b8                uip_ds6_timer_ra
                0x00000000000346c0                uip_ds6_addr_size
                0x00000000000346e0                long_uip_ds6_if
 *fill*         0x00000000000347d8        0x8 
 COMMON         0x00000000000347e0      0x8ec obj_cooja/mtype265.a(uip6.o)
                0x00000000000347e0                uip_slen
                0x00000000000347e2                uip_acc32
                0x0000000000034800                uip_conns
                0x00000000000348c0                uip_lladdr
                0x00000000000348c8                uip_appdata
                0x00000000000348cc                uip_flags
                0x00000000000348e0                uip_aligned_buf
                0x0000000000034f20                uip_listenports
                0x0000000000034f30                uip_len
                0x0000000000034f32                uip_long_lladdr
                0x0000000000034f3c                uip_sappdata
                0x0000000000034f40                uip_udp_conns
                0x00000000000350c0                uip_udp_conn
                0x00000000000350c4                uip_next_hdr
                0x00000000000350c8                uip_conn
 COMMON         0x00000000000350cc        0x1 obj_cooja/mtype265.a(tcpip.o)
                0x00000000000350cc                tcpip_event
 *fill*         0x00000000000350cd       0x13 
 COMMON         0x00000000000350e0      0x170 obj_cooja/mtype265.a(rpl-dag.o)
                0x00000000000350e0                default_instance
                0x0000000000035100                instance_table
 COMMON         0x0000000000035250       0x10 obj_cooja/mtype265.a(linkaddr.o)
                0x0000000000035250                linkaddr_node_addr
                0x0000000000035258                long_linkaddr_node_addr
 COMMON         0x0000000000035260       0x2e obj_cooja/mtype265.a(packetbuf.o)
                0x0000000000035260                packetbuf_attrs
                0x000000000003527e                packetbuf_addrs
 *fill*         0x000000000003528e       0x12 
 COMMON         0x00000000000352a0       0x48 obj_cooja/mtype265.a(rimestats.o)
                0x00000000000352a0                rimestats
                0x00000000000352e8                . = ALIGN ((. != 0x0)?0x4:0x1)
                0x00000000000352e8                . = ALIGN (0x4)
                0x00000000000352e8                . = SEGMENT_START ("ldata-segment", .)
                0x00000000000352e8                . = ALIGN (0x4)
                0x00000000000352e8                _end = .
                0x00000000000352e8                PROVIDE (end, .)
                0x00000000000352e8                . = DATA_SEGMENT_END (.)

.stab
 *(.stab)

.stabstr
 *(.stabstr)

.stab.excl
 *(.stab.excl)

.stab.exclstr
 *(.stab.exclstr)

.stab.index
 *(.stab.index)

.stab.indexstr
 *(.stab.indexstr)

.comment        0x0000000000000000       0x54
 *(.comment)
 .comment       0x0000000000000000       0x2b /usr/lib/gcc/i686-linux-gnu/4.8/crtbeginS.o
                                         0x2c (size before relaxing)
 .comment       0x0000000000000000       0x2c udp-client.co
 .comment       0x0000000000000000       0x2c obj_cooja/mtype265.o
 .comment       0x0000000000000000       0x2c obj_cooja/mtype265.a(simEnvChange.o)
 .comment       0x0000000000000000       0x2c obj_cooja/mtype265.a(cooja_mt.o)
 .comment       0x0000000000000000       0x2c obj_cooja/mtype265.a(cooja_mtarch.o)
 .comment       0x0000000000000000       0x2c obj_cooja/mtype265.a(rtimer-arch.o)
 .comment       0x0000000000000000       0x2c obj_cooja/mtype265.a(beep.o)
 .comment       0x0000000000000000       0x2c obj_cooja/mtype265.a(button-sensor.o)
 .comment       0x0000000000000000       0x2c obj_cooja/mtype265.a(leds-arch.o)
 .comment       0x0000000000000000       0x2c obj_cooja/mtype265.a(moteid.o)
 .comment       0x0000000000000000       0x2c obj_cooja/mtype265.a(pir-sensor.o)
 .comment       0x0000000000000000       0x2c obj_cooja/mtype265.a(rs232.o)
 .comment       0x0000000000000000       0x2c obj_cooja/mtype265.a(vib-sensor.o)
 .comment       0x0000000000000000       0x2c obj_cooja/mtype265.a(clock.o)
 .comment       0x0000000000000000       0x2c obj_cooja/mtype265.a(log.o)
 .comment       0x0000000000000000       0x2c obj_cooja/mtype265.a(cfs-cooja.o)
 .comment       0x0000000000000000       0x2c obj_cooja/mtype265.a(cooja-radio.o)
 .comment       0x0000000000000000       0x2c obj_cooja/mtype265.a(eeprom.o)
 .comment       0x0000000000000000       0x2c obj_cooja/mtype265.a(random.o)
 .comment       0x0000000000000000       0x2c obj_cooja/mtype265.a(sensors.o)
 .comment       0x0000000000000000       0x2c obj_cooja/mtype265.a(dual_conf.o)
 .comment       0x0000000000000000       0x2c obj_cooja/mtype265.a(autostart.o)
 .comment       0x0000000000000000       0x2c obj_cooja/mtype265.a(ctimer.o)
 .comment       0x0000000000000000       0x2c obj_cooja/mtype265.a(etimer.o)
 .comment       0x0000000000000000       0x2c obj_cooja/mtype265.a(process.o)
 .comment       0x0000000000000000       0x2c obj_cooja/mtype265.a(rtimer.o)
 .comment       0x0000000000000000       0x2c obj_cooja/mtype265.a(stimer.o)
 .comment       0x0000000000000000       0x2c obj_cooja/mtype265.a(timer.o)
 .comment       0x0000000000000000       0x2c obj_cooja/mtype265.a(serial-line.o)
 .comment       0x000000000000002b       0x29 obj_cooja/mtype265.a(list.o)
                                         0x2a (size before relaxing)
 .comment       0x0000000000000000       0x2c obj_cooja/mtype265.a(ringbuf.o)
 .comment       0x0000000000000000       0x2c obj_cooja/mtype265.a(sicslowpan.o)
 .comment       0x0000000000000000       0x2c obj_cooja/mtype265.a(uip-ds6-nbr.o)
 .comment       0x0000000000000000       0x2c obj_cooja/mtype265.a(uip-ds6-route.o)
 .comment       0x0000000000000000       0x2c obj_cooja/mtype265.a(uip-ds6.o)
 .comment       0x0000000000000000       0x2c obj_cooja/mtype265.a(uip6.o)
 .comment       0x0000000000000000       0x2c obj_cooja/mtype265.a(tcpip.o)
 .comment       0x0000000000000000       0x2c obj_cooja/mtype265.a(uip-debug.o)
 .comment       0x0000000000000000       0x2c obj_cooja/mtype265.a(uip-packetqueue)
 .comment       0x0000000000000000       0x2c obj_cooja/mtype265.a(uip-udp-packet.)
 .comment       0x0000000000000000       0x2c obj_cooja/mtype265.a(rpl-dag.o)
 .comment       0x0000000000000000       0x2c obj_cooja/mtype265.a(rpl-ext-header.)
 .comment       0x0000000000000000       0x2c obj_cooja/mtype265.a(rpl-icmp6.o)
 .comment       0x0000000000000000       0x2c obj_cooja/mtype265.a(rpl-mrhof.o)
 .comment       0x0000000000000000       0x2c obj_cooja/mtype265.a(rpl-timers.o)
 .comment       0x0000000000000000       0x2c obj_cooja/mtype265.a(rpl.o)
 .comment       0x0000000000000000       0x2c obj_cooja/mtype265.a(linkaddr.o)
 .comment       0x0000000000000000       0x2c obj_cooja/mtype265.a(nbr-table.o)
 .comment       0x0000000000000000       0x2c obj_cooja/mtype265.a(netstack.o)
 .comment       0x0000000000000000       0x2c obj_cooja/mtype265.a(packetbuf.o)
 .comment       0x0000000000000000       0x2c obj_cooja/mtype265.a(queuebuf.o)
 .comment       0x0000000000000000       0x2c obj_cooja/mtype265.a(framer-802154.o)
 .comment       0x0000000000000000       0x2c obj_cooja/mtype265.a(nullmac.o)
 .comment       0x0000000000000000       0x2c obj_cooja/mtype265.a(nullrdc.o)
 .comment       0x0000000000000000       0x2c obj_cooja/mtype265.a(nullsec.o)
 .comment       0x0000000000000000       0x2c obj_cooja/mtype265.a(watchdog.o)
 .comment       0x0000000000000000       0x2a obj_cooja/mtype265.a(rimestats.o)
 .comment       0x0000000000000000       0x2c obj_cooja/mtype265.a(memb.o)
 .comment       0x0000000000000000       0x2c obj_cooja/mtype265.a(uip-icmp6.o)
 .comment       0x0000000000000000       0x2c obj_cooja/mtype265.a(uip-nd6.o)
 .comment       0x0000000000000000       0x2c obj_cooja/mtype265.a(rpl-nbr-policy.)
 .comment       0x0000000000000000       0x2c obj_cooja/mtype265.a(frame802154.o)
 .comment       0x0000000000000000       0x2c obj_cooja/mtype265.a(mac-sequence.o)
 .comment       0x0000000000000000       0x2c obj_cooja/mtype265.a(mac.o)
 .comment       0x0000000000000000       0x2c /usr/lib/gcc/i686-linux-gnu/4.8/crtendS.o

.debug
 *(.debug)

.line
 *(.line)

.debug_srcinfo
 *(.debug_srcinfo)

.debug_sfnames
 *(.debug_sfnames)

.debug_aranges  0x0000000000000000      0x7f8
 *(.debug_aranges)
 .debug_aranges
                0x0000000000000000       0x20 udp-client.co
 .debug_aranges
                0x0000000000000020       0x20 obj_cooja/mtype265.o
 .debug_aranges
                0x0000000000000040       0x20 obj_cooja/mtype265.a(simEnvChange.o)
 .debug_aranges
                0x0000000000000060       0x20 obj_cooja/mtype265.a(cooja_mt.o)
 .debug_aranges
                0x0000000000000080       0x20 obj_cooja/mtype265.a(cooja_mtarch.o)
 .debug_aranges
                0x00000000000000a0       0x20 obj_cooja/mtype265.a(rtimer-arch.o)
 .debug_aranges
                0x00000000000000c0       0x20 obj_cooja/mtype265.a(beep.o)
 .debug_aranges
                0x00000000000000e0       0x20 obj_cooja/mtype265.a(button-sensor.o)
 .debug_aranges
                0x0000000000000100       0x20 obj_cooja/mtype265.a(leds-arch.o)
 .debug_aranges
                0x0000000000000120       0x20 obj_cooja/mtype265.a(moteid.o)
 .debug_aranges
                0x0000000000000140       0x20 obj_cooja/mtype265.a(pir-sensor.o)
 .debug_aranges
                0x0000000000000160       0x20 obj_cooja/mtype265.a(rs232.o)
 .debug_aranges
                0x0000000000000180       0x20 obj_cooja/mtype265.a(vib-sensor.o)
 .debug_aranges
                0x00000000000001a0       0x20 obj_cooja/mtype265.a(clock.o)
 .debug_aranges
                0x00000000000001c0       0x20 obj_cooja/mtype265.a(log.o)
 .debug_aranges
                0x00000000000001e0       0x20 obj_cooja/mtype265.a(cfs-cooja.o)
 .debug_aranges
                0x0000000000000200       0x20 obj_cooja/mtype265.a(cooja-radio.o)
 .debug_aranges
                0x0000000000000220       0x20 obj_cooja/mtype265.a(eeprom.o)
 .debug_aranges
                0x0000000000000240       0x20 obj_cooja/mtype265.a(random.o)
 .debug_aranges
                0x0000000000000260       0x20 obj_cooja/mtype265.a(sensors.o)
 .debug_aranges
                0x0000000000000280       0x20 obj_cooja/mtype265.a(dual_conf.o)
 .debug_aranges
                0x00000000000002a0       0x20 obj_cooja/mtype265.a(autostart.o)
 .debug_aranges
                0x00000000000002c0       0x20 obj_cooja/mtype265.a(ctimer.o)
 .debug_aranges
                0x00000000000002e0       0x20 obj_cooja/mtype265.a(etimer.o)
 .debug_aranges
                0x0000000000000300       0x20 obj_cooja/mtype265.a(process.o)
 .debug_aranges
                0x0000000000000320       0x20 obj_cooja/mtype265.a(rtimer.o)
 .debug_aranges
                0x0000000000000340       0x20 obj_cooja/mtype265.a(stimer.o)
 .debug_aranges
                0x0000000000000360       0x20 obj_cooja/mtype265.a(timer.o)
 .debug_aranges
                0x0000000000000380       0x20 obj_cooja/mtype265.a(serial-line.o)
 .debug_aranges
                0x00000000000003a0       0x20 obj_cooja/mtype265.a(list.o)
 .debug_aranges
                0x00000000000003c0       0x20 obj_cooja/mtype265.a(ringbuf.o)
 .debug_aranges
                0x00000000000003e0       0x20 obj_cooja/mtype265.a(sicslowpan.o)
 .debug_aranges
                0x0000000000000400       0x20 obj_cooja/mtype265.a(uip-ds6-nbr.o)
 .debug_aranges
                0x0000000000000420       0x20 obj_cooja/mtype265.a(uip-ds6-route.o)
 .debug_aranges
                0x0000000000000440       0x20 obj_cooja/mtype265.a(uip-ds6.o)
 .debug_aranges
                0x0000000000000460       0x20 obj_cooja/mtype265.a(uip6.o)
 .debug_aranges
                0x0000000000000480       0x20 obj_cooja/mtype265.a(tcpip.o)
 .debug_aranges
                0x00000000000004a0       0x20 obj_cooja/mtype265.a(uip-debug.o)
 .debug_aranges
                0x00000000000004c0       0x20 obj_cooja/mtype265.a(uip-packetqueue)
 .debug_aranges
                0x00000000000004e0       0x20 obj_cooja/mtype265.a(uip-udp-packet.)
 .debug_aranges
                0x0000000000000500       0x20 obj_cooja/mtype265.a(rpl-dag.o)
 .debug_aranges
                0x0000000000000520       0x20 obj_cooja/mtype265.a(rpl-ext-header.)
 .debug_aranges
                0x0000000000000540       0x20 obj_cooja/mtype265.a(rpl-icmp6.o)
 .debug_aranges
                0x0000000000000560       0x20 obj_cooja/mtype265.a(rpl-mrhof.o)
 .debug_aranges
                0x0000000000000580       0x20 obj_cooja/mtype265.a(rpl-timers.o)
 .debug_aranges
                0x00000000000005a0       0x20 obj_cooja/mtype265.a(rpl.o)
 .debug_aranges
                0x00000000000005c0       0x20 obj_cooja/mtype265.a(linkaddr.o)
 .debug_aranges
                0x00000000000005e0       0x20 obj_cooja/mtype265.a(nbr-table.o)
 .debug_aranges
                0x0000000000000600       0x20 obj_cooja/mtype265.a(netstack.o)
 .debug_aranges
                0x0000000000000620       0x20 obj_cooja/mtype265.a(packetbuf.o)
 .debug_aranges
                0x0000000000000640       0x20 obj_cooja/mtype265.a(queuebuf.o)
 .debug_aranges
                0x0000000000000660       0x20 obj_cooja/mtype265.a(framer-802154.o)
 .debug_aranges
                0x0000000000000680       0x20 obj_cooja/mtype265.a(nullmac.o)
 .debug_aranges
                0x00000000000006a0       0x20 obj_cooja/mtype265.a(nullrdc.o)
 .debug_aranges
                0x00000000000006c0       0x20 obj_cooja/mtype265.a(nullsec.o)
 .debug_aranges
                0x00000000000006e0       0x20 obj_cooja/mtype265.a(watchdog.o)
 .debug_aranges
                0x0000000000000700       0x18 obj_cooja/mtype265.a(rimestats.o)
 .debug_aranges
                0x0000000000000718       0x20 obj_cooja/mtype265.a(memb.o)
 .debug_aranges
                0x0000000000000738       0x20 obj_cooja/mtype265.a(uip-icmp6.o)
 .debug_aranges
                0x0000000000000758       0x20 obj_cooja/mtype265.a(uip-nd6.o)
 .debug_aranges
                0x0000000000000778       0x20 obj_cooja/mtype265.a(rpl-nbr-policy.)
 .debug_aranges
                0x0000000000000798       0x20 obj_cooja/mtype265.a(frame802154.o)
 .debug_aranges
                0x00000000000007b8       0x20 obj_cooja/mtype265.a(mac-sequence.o)
 .debug_aranges
                0x00000000000007d8       0x20 obj_cooja/mtype265.a(mac.o)

.debug_pubnames
 *(.debug_pubnames)

.debug_info     0x0000000000000000    0x1af85
 *(.debug_info .gnu.linkonce.wi.*)
 .debug_info    0x0000000000000000      0x8b3 udp-client.co
 .debug_info    0x00000000000008b3     0x3771 obj_cooja/mtype265.o
 .debug_info    0x0000000000004024      0x15a obj_cooja/mtype265.a(simEnvChange.o)
 .debug_info    0x000000000000417e      0x1e2 obj_cooja/mtype265.a(cooja_mt.o)
 .debug_info    0x0000000000004360      0x2e7 obj_cooja/mtype265.a(cooja_mtarch.o)
 .debug_info    0x0000000000004647      0x16b obj_cooja/mtype265.a(rtimer-arch.o)
 .debug_info    0x00000000000047b2      0x1f3 obj_cooja/mtype265.a(beep.o)
 .debug_info    0x00000000000049a5      0x257 obj_cooja/mtype265.a(button-sensor.o)
 .debug_info    0x0000000000004bfc      0x132 obj_cooja/mtype265.a(leds-arch.o)
 .debug_info    0x0000000000004d2e      0x10a obj_cooja/mtype265.a(moteid.o)
 .debug_info    0x0000000000004e38      0x216 obj_cooja/mtype265.a(pir-sensor.o)
 .debug_info    0x000000000000504e      0x21e obj_cooja/mtype265.a(rs232.o)
 .debug_info    0x000000000000526c      0x216 obj_cooja/mtype265.a(vib-sensor.o)
 .debug_info    0x0000000000005482      0x152 obj_cooja/mtype265.a(clock.o)
 .debug_info    0x00000000000055d4      0x2bb obj_cooja/mtype265.a(log.o)
 .debug_info    0x000000000000588f      0x3cf obj_cooja/mtype265.a(cfs-cooja.o)
 .debug_info    0x0000000000005c5e      0xc5e obj_cooja/mtype265.a(cooja-radio.o)
 .debug_info    0x00000000000068bc      0x1d5 obj_cooja/mtype265.a(eeprom.o)
 .debug_info    0x0000000000006a91       0xb3 obj_cooja/mtype265.a(random.o)
 .debug_info    0x0000000000006b44      0x36d obj_cooja/mtype265.a(sensors.o)
 .debug_info    0x0000000000006eb1      0x99d obj_cooja/mtype265.a(dual_conf.o)
 .debug_info    0x000000000000784e      0x1a5 obj_cooja/mtype265.a(autostart.o)
 .debug_info    0x00000000000079f3      0x46c obj_cooja/mtype265.a(ctimer.o)
 .debug_info    0x0000000000007e5f      0x49c obj_cooja/mtype265.a(etimer.o)
 .debug_info    0x00000000000082fb      0x4ba obj_cooja/mtype265.a(process.o)
 .debug_info    0x00000000000087b5      0x1ab obj_cooja/mtype265.a(rtimer.o)
 .debug_info    0x0000000000008960      0x179 obj_cooja/mtype265.a(stimer.o)
 .debug_info    0x0000000000008ad9      0x16c obj_cooja/mtype265.a(timer.o)
 .debug_info    0x0000000000008c45      0x2de obj_cooja/mtype265.a(serial-line.o)
 .debug_info    0x0000000000008f23      0x2ed obj_cooja/mtype265.a(list.o)
 .debug_info    0x0000000000009210      0x1aa obj_cooja/mtype265.a(ringbuf.o)
 .debug_info    0x00000000000093ba     0x105d obj_cooja/mtype265.a(sicslowpan.o)
 .debug_info    0x000000000000a417      0x8c7 obj_cooja/mtype265.a(uip-ds6-nbr.o)
 .debug_info    0x000000000000acde      0xd30 obj_cooja/mtype265.a(uip-ds6-route.o)
 .debug_info    0x000000000000ba0e      0xc19 obj_cooja/mtype265.a(uip-ds6.o)
 .debug_info    0x000000000000c627      0xea0 obj_cooja/mtype265.a(uip6.o)
 .debug_info    0x000000000000d4c7     0x14b3 obj_cooja/mtype265.a(tcpip.o)
 .debug_info    0x000000000000e97a      0x1b5 obj_cooja/mtype265.a(uip-debug.o)
 .debug_info    0x000000000000eb2f      0x470 obj_cooja/mtype265.a(uip-packetqueue)
 .debug_info    0x000000000000ef9f      0x37a obj_cooja/mtype265.a(uip-udp-packet.)
 .debug_info    0x000000000000f319     0x18f4 obj_cooja/mtype265.a(rpl-dag.o)
 .debug_info    0x0000000000010c0d      0xe2b obj_cooja/mtype265.a(rpl-ext-header.)
 .debug_info    0x0000000000011a38     0x1746 obj_cooja/mtype265.a(rpl-icmp6.o)
 .debug_info    0x000000000001317e      0xacc obj_cooja/mtype265.a(rpl-mrhof.o)
 .debug_info    0x0000000000013c4a      0xbeb obj_cooja/mtype265.a(rpl-timers.o)
 .debug_info    0x0000000000014835      0xcde obj_cooja/mtype265.a(rpl.o)
 .debug_info    0x0000000000015513      0x198 obj_cooja/mtype265.a(linkaddr.o)
 .debug_info    0x00000000000156ab      0x9c3 obj_cooja/mtype265.a(nbr-table.o)
 .debug_info    0x000000000001606e      0x4b9 obj_cooja/mtype265.a(netstack.o)
 .debug_info    0x0000000000016527      0x478 obj_cooja/mtype265.a(packetbuf.o)
 .debug_info    0x000000000001699f      0x57d obj_cooja/mtype265.a(queuebuf.o)
 .debug_info    0x0000000000016f1c      0x5ed obj_cooja/mtype265.a(framer-802154.o)
 .debug_info    0x0000000000017509      0x3d5 obj_cooja/mtype265.a(nullmac.o)
 .debug_info    0x00000000000178de      0xcde obj_cooja/mtype265.a(nullrdc.o)
 .debug_info    0x00000000000185bc      0x3aa obj_cooja/mtype265.a(nullsec.o)
 .debug_info    0x0000000000018966       0x7b obj_cooja/mtype265.a(watchdog.o)
 .debug_info    0x00000000000189e1      0x119 obj_cooja/mtype265.a(rimestats.o)
 .debug_info    0x0000000000018afa      0x1d7 obj_cooja/mtype265.a(memb.o)
 .debug_info    0x0000000000018cd1      0x784 obj_cooja/mtype265.a(uip-icmp6.o)
 .debug_info    0x0000000000019455      0x331 obj_cooja/mtype265.a(uip-nd6.o)
 .debug_info    0x0000000000019786      0xda2 obj_cooja/mtype265.a(rpl-nbr-policy.)
 .debug_info    0x000000000001a528      0x6b4 obj_cooja/mtype265.a(frame802154.o)
 .debug_info    0x000000000001abdc      0x297 obj_cooja/mtype265.a(mac-sequence.o)
 .debug_info    0x000000000001ae73      0x112 obj_cooja/mtype265.a(mac.o)

.debug_abbrev   0x0000000000000000     0x66a4
 *(.debug_abbrev)
 .debug_abbrev  0x0000000000000000      0x1c0 udp-client.co
 .debug_abbrev  0x00000000000001c0      0x2b3 obj_cooja/mtype265.o
 .debug_abbrev  0x0000000000000473       0xc3 obj_cooja/mtype265.a(simEnvChange.o)
 .debug_abbrev  0x0000000000000536       0xe6 obj_cooja/mtype265.a(cooja_mt.o)
 .debug_abbrev  0x000000000000061c      0x147 obj_cooja/mtype265.a(cooja_mtarch.o)
 .debug_abbrev  0x0000000000000763       0xcc obj_cooja/mtype265.a(rtimer-arch.o)