Archive member included to satisfy reference by file (symbol)

obj_cooja/mtype466.a(simEnvChange.o)
                              obj_cooja/mtype466.o (simDontFallAsleep)
obj_cooja/mtype466.a(cooja_mt.o)
                              obj_cooja/mtype466.o (cooja_mt_start)
obj_cooja/mtype466.a(cooja_mtarch.o)
                              obj_cooja/mtype466.a(cooja_mt.o) (cooja_mtarch_init)
obj_cooja/mtype466.a(rtimer-arch.o)
                              obj_cooja/mtype466.o (rtimer_arch_next)
obj_cooja/mtype466.a(beep.o)  obj_cooja/mtype466.o (beep_interface)
obj_cooja/mtype466.a(button-sensor.o)
                              obj_cooja/mtype466.o (button_interface)
obj_cooja/mtype466.a(leds-arch.o)
                              obj_cooja/mtype466.o (leds_interface)
obj_cooja/mtype466.a(moteid.o)
                              obj_cooja/mtype466.o (moteid_interface)
obj_cooja/mtype466.a(pir-sensor.o)
                              obj_cooja/mtype466.o (pir_interface)
obj_cooja/mtype466.a(rs232.o)
                              obj_cooja/mtype466.o (rs232_interface)
obj_cooja/mtype466.a(vib-sensor.o)
                              obj_cooja/mtype466.o (vib_interface)
obj_cooja/mtype466.a(clock.o)
                              obj_cooja/mtype466.o (clock_interface)
obj_cooja/mtype466.a(log.o)   obj_cooja/mtype466.o (simlog_interface)
obj_cooja/mtype466.a(cfs-cooja.o)
                              obj_cooja/mtype466.o (cfs_interface)
obj_cooja/mtype466.a(cooja-radio.o)
                              obj_cooja/mtype466.o (radio_interface)
obj_cooja/mtype466.a(eeprom.o)
                              obj_cooja/mtype466.o (eeprom_interface)
obj_cooja/mtype466.a(random.o)
                              obj_cooja/mtype466.a(moteid.o) (random_init)
obj_cooja/mtype466.a(sensors.o)
                              obj_cooja/mtype466.o (sensors_process)
obj_cooja/mtype466.a(dual_conf.o)
                              obj_cooja/mtype466.a(cooja-radio.o) (long_range_radio)
obj_cooja/mtype466.a(autostart.o)
                              obj_cooja/mtype466.o (autostart_start)
obj_cooja/mtype466.a(ctimer.o)
                              obj_cooja/mtype466.o (ctimer_init)
obj_cooja/mtype466.a(etimer.o)
                              obj_cooja/mtype466.o (etimer_process)
obj_cooja/mtype466.a(process.o)
                              udp-client.co (process_current)
obj_cooja/mtype466.a(rtimer.o)
                              obj_cooja/mtype466.a(rtimer-arch.o) (rtimer_run_next)
obj_cooja/mtype466.a(stimer.o)
                              udp-client.co (stimer_remaining)
obj_cooja/mtype466.a(timer.o)
                              obj_cooja/mtype466.a(button-sensor.o) (timer_set)
obj_cooja/mtype466.a(serial-line.o)
                              udp-client.co (serial_line_event_message)
obj_cooja/mtype466.a(list.o)  obj_cooja/mtype466.a(ctimer.o) (list_init)
obj_cooja/mtype466.a(ringbuf.o)
                              obj_cooja/mtype466.a(serial-line.o) (ringbuf_init)
obj_cooja/mtype466.a(sicslowpan.o)
                              obj_cooja/mtype466.o (sicslowpan_driver)
obj_cooja/mtype466.a(uip-ds6-nbr.o)
                              obj_cooja/mtype466.a(sicslowpan.o) (uip_ds6_link_neighbor_callback)
obj_cooja/mtype466.a(uip-ds6-route.o)
                              udp-client.co (uip_ds6_route_nexthop)
obj_cooja/mtype466.a(uip-ds6.o)
                              udp-client.co (uip_ds6_if)
obj_cooja/mtype466.a(uip6.o)  udp-client.co (uip_lladdr)
obj_cooja/mtype466.a(tcpip.o)
                              udp-client.co (tcpip_event)
obj_cooja/mtype466.a(uip-debug.o)
                              udp-client.co (uip_debug_ipaddr_print)
obj_cooja/mtype466.a(uip-packetqueue)
                              obj_cooja/mtype466.a(uip-ds6-nbr.o) (uip_packetqueue_new)
obj_cooja/mtype466.a(uip-udp-packet.)
                              udp-client.co (uip_udp_packet_sendto)
obj_cooja/mtype466.a(rpl-dag.o)
                              obj_cooja/mtype466.a(tcpip.o) (rpl_repair_root)
obj_cooja/mtype466.a(rpl-ext-header.)
                              obj_cooja/mtype466.a(uip6.o) (rpl_verify_header)
obj_cooja/mtype466.a(rpl-icmp6.o)
                              obj_cooja/mtype466.a(rpl-dag.o) (rpl_icmp6_update_nbr_table)
obj_cooja/mtype466.a(rpl-mrhof.o)
                              obj_cooja/mtype466.a(rpl-dag.o) (rpl_mrhof)
obj_cooja/mtype466.a(rpl-timers.o)
                              obj_cooja/mtype466.a(rpl-dag.o) (rpl_reset_dio_timer)
obj_cooja/mtype466.a(rpl.o)   obj_cooja/mtype466.a(rpl-icmp6.o) (rpl_get_mode)
obj_cooja/mtype466.a(linkaddr.o)
                              obj_cooja/mtype466.o (linkaddr_node_addr)
obj_cooja/mtype466.a(nbr-table.o)
                              obj_cooja/mtype466.a(uip-ds6-nbr.o) (lladdr_map_add_lr)
obj_cooja/mtype466.a(netstack.o)
                              obj_cooja/mtype466.o (netstack_init)
obj_cooja/mtype466.a(packetbuf.o)
[...]
Memory Configuration

Name             Origin             Length             Attributes
*default*        0x0000000000000000 0xffffffffffffffff

Linker script and memory map

LOAD /usr/lib/gcc/i686-linux-gnu/4.8/../../../i386-linux-gnu/crti.o
LOAD /usr/lib/gcc/i686-linux-gnu/4.8/crtbeginS.o
LOAD udp-client.co
LOAD obj_cooja/mtype466.o
LOAD obj_cooja/mtype466.a
LOAD /usr/lib/gcc/i686-linux-gnu/4.8/libgcc.a
LOAD /usr/lib/gcc/i686-linux-gnu/4.8/libgcc_s.so
LOAD /usr/lib/gcc/i686-linux-gnu/4.8/../../../i386-linux-gnu/libc.so
START GROUP
LOAD /lib/i386-linux-gnu/libc.so.6
LOAD /usr/lib/i386-linux-gnu/libc_nonshared.a
LOAD /lib/i386-linux-gnu/ld-linux.so.2
END GROUP
LOAD /usr/lib/gcc/i686-linux-gnu/4.8/libgcc.a
LOAD /usr/lib/gcc/i686-linux-gnu/4.8/libgcc_s.so
LOAD /usr/lib/gcc/i686-linux-gnu/4.8/crtendS.o
LOAD /usr/lib/gcc/i686-linux-gnu/4.8/../../../i386-linux-gnu/crtn.o
                0x0000000000000114                . = (0x0 + SIZEOF_HEADERS)

.note.gnu.build-id
                0x0000000000000114       0x24
 *(.note.gnu.build-id)
 .note.gnu.build-id
                0x0000000000000114       0x24 /usr/lib/gcc/i686-linux-gnu/4.8/../../../i386-linux-gnu/crti.o

.hash
 *(.hash)

.gnu.hash       0x0000000000000138     0x12a0
 *(.gnu.hash)
 .gnu.hash      0x0000000000000138     0x12a0 /usr/lib/gcc/i686-linux-gnu/4.8/../../../i386-linux-gnu/crti.o

.dynsym         0x00000000000013d8     0x22c0
 *(.dynsym)
 .dynsym        0x00000000000013d8     0x22c0 /usr/lib/gcc/i686-linux-gnu/4.8/../../../i386-linux-gnu/crti.o

.dynstr         0x0000000000003698     0x23fb
 *(.dynstr)
 .dynstr        0x0000000000003698     0x23fb /usr/lib/gcc/i686-linux-gnu/4.8/../../../i386-linux-gnu/crti.o

.gnu.version    0x0000000000005a94      0x458
 *(.gnu.version)
 .gnu.version   0x0000000000005a94      0x458 /usr/lib/gcc/i686-linux-gnu/4.8/../../../i386-linux-gnu/crti.o

.gnu.version_d  0x0000000000005eec        0x0
 *(.gnu.version_d)
 .gnu.version_d
                0x0000000000000000        0x0 /usr/lib/gcc/i686-linux-gnu/4.8/../../../i386-linux-gnu/crti.o

.gnu.version_r  0x0000000000005eec       0x40
 *(.gnu.version_r)
 .gnu.version_r
                0x0000000000005eec       0x40 /usr/lib/gcc/i686-linux-gnu/4.8/../../../i386-linux-gnu/crti.o

.rel.dyn        0x0000000000005f2c     0x9be8
 *(.rel.init)
 .rel.init      0x0000000000000000        0x0 /usr/lib/gcc/i686-linux-gnu/4.8/../../../i386-linux-gnu/crti.o
 *(.rel.text .rel.text.* .rel.gnu.linkonce.t.*)
 .rel.text      0x0000000000005f2c     0x9448 /usr/lib/gcc/i686-linux-gnu/4.8/../../../i386-linux-gnu/crti.o
 *(.rel.fini)
 .rel.fini      0x0000000000000000        0x0 /usr/lib/gcc/i686-linux-gnu/4.8/../../../i386-linux-gnu/crti.o
 *(.rel.rodata .rel.rodata.* .rel.gnu.linkonce.r.*)
 .rel.rodata    0x000000000000f374      0x4e0 /usr/lib/gcc/i686-linux-gnu/4.8/../../../i386-linux-gnu/crti.o
 *(.rel.data.rel.ro .rel.data.rel.ro.* .rel.gnu.linkonce.d.rel.ro.*)
 *(.rel.data .rel.data.* .rel.gnu.linkonce.d.*)
 .rel.data.rel  0x000000000000f854        0x8 /usr/lib/gcc/i686-linux-gnu/4.8/../../../i386-linux-gnu/crti.o
 .rel.data      0x000000000000f85c      0x280 /usr/lib/gcc/i686-linux-gnu/4.8/../../../i386-linux-gnu/crti.o
 *(.rel.tdata .rel.tdata.* .rel.gnu.linkonce.td.*)
 *(.rel.tbss .rel.tbss.* .rel.gnu.linkonce.tb.*)
 *(.rel.ctors)
 *(.rel.dtors)
 *(.rel.got)
 .rel.got       0x000000000000fadc       0x28 /usr/lib/gcc/i686-linux-gnu/4.8/../../../i386-linux-gnu/crti.o
 *(.rel.bss .rel.bss.* .rel.gnu.linkonce.b.*)
 *(.rel.ifunc)
 .rel.ifunc     0x0000000000000000        0x0 /usr/lib/gcc/i686-linux-gnu/4.8/../../../i386-linux-gnu/crti.o
 .rel.fini_array
                0x000000000000fb04        0x8 /usr/lib/gcc/i686-linux-gnu/4.8/../../../i386-linux-gnu/crti.o
 .rel.init_array
                0x000000000000fb0c        0x8 /usr/lib/gcc/i686-linux-gnu/4.8/../../../i386-linux-gnu/crti.o

.rel.plt        0x000000000000fb14       0x10
 *(.rel.plt)
 .rel.plt       0x000000000000fb14       0x10 /usr/lib/gcc/i686-linux-gnu/4.8/../../../i386-linux-gnu/crti.o
 *(.rel.iplt)

.init           0x000000000000fb24       0x23
 *(SORT(.init))
 .init          0x000000000000fb24       0x1e /usr/lib/gcc/i686-linux-gnu/4.8/../../../i386-linux-gnu/crti.o
                0x000000000000fb24                _init
 .init          0x000000000000fb42        0x5 /usr/lib/gcc/i686-linux-gnu/4.8/../../../i386-linux-gnu/crtn.o

.plt            0x000000000000fb50       0x30
 *(.plt)
 .plt           0x000000000000fb50       0x30 /usr/lib/gcc/i686-linux-gnu/4.8/../../../i386-linux-gnu/crti.o
 *(.iplt)

.text           0x000000000000fb80    0x16c3e
 *(.text.unlikely .text.*_unlikely .text.unlikely.*)
 *(.text.exit .text.exit.*)
 *(.text.startup .text.startup.*)
 *(.text.hot .text.hot.*)
 *(.text .stub .text.* .gnu.linkonce.t.*)
 .text          0x000000000000fb80        0x0 /usr/lib/gcc/i686-linux-gnu/4.8/../../../i386-linux-gnu/crti.o
 .gnu.linkonce.t.__x86.get_pc_thunk.bx
                0x000000000000fb80        0x4 /usr/lib/gcc/i686-linux-gnu/4.8/../../../i386-linux-gnu/crti.o
                0x000000000000fb80                __x86.get_pc_thunk.bx
 *fill*         0x000000000000fb84        0xc 
 .text          0x000000000000fb90      0x11b /usr/lib/gcc/i686-linux-gnu/4.8/crtbeginS.o
 .text          0x000000000000fcab      0x5a4 udp-client.co
 .text          0x000000000001024f      0x944 obj_cooja/mtype466.o
                0x00000000000103fd                contiki_init
                0x00000000000109aa                Java_org_contikios_cooja_corecomm_Lib6_init
                0x00000000000109ea                Java_org_contikios_cooja_corecomm_Lib6_getMemory
                0x0000000000010a2a                Java_org_contikios_cooja_corecomm_Lib6_setMemory
                0x0000000000010aa1                Java_org_contikios_cooja_corecomm_Lib6_tick
                0x0000000000010b81                Java_org_contikios_cooja_corecomm_Lib6_setReferenceAddress
 .text          0x0000000000010b93       0x63 obj_cooja/mtype466.a(simEnvChange.o)
                0x0000000000010b93                doActionsBeforeTick
                0x0000000000010bc4                doActionsAfterTick
 .text          0x0000000000010bf6       0xbc obj_cooja/mtype466.a(cooja_mt.o)
                0x0000000000010bf6                cooja_mt_init
                0x0000000000010c03                cooja_mt_remove
                0x0000000000010c10                cooja_mt_start
                0x0000000000010c3d                cooja_mt_exec
                0x0000000000010c6e                cooja_mt_exit
                0x0000000000010c90                cooja_mt_yield
 .text          0x0000000000010cb2      0x115 obj_cooja/mtype466.a(cooja_mtarch.o)
                0x0000000000010cb2                cooja_mtarch_init
                0x0000000000010cb7                cooja_mtarch_start
                0x0000000000010d32                cooja_sw
                0x0000000000010d54                cooja_mtarch_exec
                0x0000000000010d70                cooja_mtarch_remove
                0x0000000000010d75                cooja_mtarch_yield
                0x0000000000010d7f                cooja_mtarch_pstop
                0x0000000000010d84                cooja_mtarch_pstart
                0x0000000000010d89                cooja_mtarch_stack_usage
 .text          0x0000000000010dc7       0xc2 obj_cooja/mtype466.a(rtimer-arch.o)
                0x0000000000010dc7                rtimer_arch_init
                0x0000000000010dea                rtimer_arch_schedule
                0x0000000000010e01                rtimer_arch_next
                0x0000000000010e0b                rtimer_arch_pending
                0x0000000000010e15                rtimer_arch_check
                0x0000000000010e47                rtimer_arch_now
 .text          0x0000000000010e89       0x76 obj_cooja/mtype466.a(beep.o)
                0x0000000000010e89                beep_alarm
                0x0000000000010e95                beep_beep
                0x0000000000010ea1                beep
                0x0000000000010ead                beep_down
                0x0000000000010eb9                beep_on
                0x0000000000010ec5                beep_off
                0x0000000000010ed1                beep_spinup
                0x0000000000010edd                beep_quick
                0x0000000000010ee9                beep_long
 .text          0x0000000000010eff      0x103 obj_cooja/mtype466.a(button-sensor.o)
 .text          0x0000000000011002       0x45 obj_cooja/mtype466.a(leds-arch.o)
                0x0000000000011002                leds_arch_init
                0x000000000001100e                leds_arch_get
                0x000000000001101a                leds_arch_set
 .text          0x0000000000011047       0x2f obj_cooja/mtype466.a(moteid.o)
 .text          0x0000000000011076       0xb1 obj_cooja/mtype466.a(pir-sensor.o)
 .text          0x0000000000011127      0x131 obj_cooja/mtype466.a(rs232.o)
                0x0000000000011127                rs232_init
                0x000000000001112c                rs232_set_speed
                0x000000000001113a                rs232_set_input
                0x0000000000011147                rs232_send
                0x0000000000011169                rs232_print
                0x0000000000011184                slip_arch_writeb
 .text          0x0000000000011258       0xb1 obj_cooja/mtype466.a(vib-sensor.o)
 .text          0x0000000000011309       0x34 obj_cooja/mtype466.a(clock.o)
                0x0000000000011309                clock_init
                0x000000000001130e                clock_time
                0x0000000000011318                clock_seconds
                0x000000000001132e                clock_delay
 .text          0x000000000001133d      0x1ed obj_cooja/mtype466.a(log.o)
                0x000000000001133d                simlog_char
                0x000000000001137f                simlog
                0x00000000000113ec                log_message
                0x0000000000011414                log_set_putchar_with_slip
                0x0000000000011421                log_putchar
                0x00000000000114a5                log_puts
                0x00000000000114c9                log_printf
 .text          0x000000000001152a      0x2c4 obj_cooja/mtype466.a(cfs-cooja.o)
                0x000000000001152a                cfs_open
                0x0000000000011593                cfs_close
                0x000000000001159f                cfs_read
                0x000000000001163d                cfs_write
                0x000000000001171a                cfs_seek
                0x00000000000117a2                cfs_remove
                0x00000000000117cb                cfs_opendir
                0x00000000000117d5                cfs_readdir
                0x00000000000117df                cfs_closedir
 .text          0x00000000000117ee      0x541 obj_cooja/mtype466.a(cooja-radio.o)
                0x0000000000011818                radio_set_channel
                0x000000000001182d                radio_set_txpower
                0x0000000000011844                radio_signal_strength_last
                0x000000000001184e                radio_signal_strength_current
                0x0000000000011858                radio_LQI
 .text          0x0000000000011d2f       0xef obj_cooja/mtype466.a(eeprom.o)
                0x0000000000011d2f                eeprom_init
                0x0000000000011d34                eeprom_read
                0x0000000000011da4                eeprom_write
 .text          0x0000000000011e1e       0x28 obj_cooja/mtype466.a(random.o)
                0x0000000000011e1e                random_init
                0x0000000000011e39                random_rand
 .text          0x0000000000011e46      0x2a1 obj_cooja/mtype466.a(sensors.o)
                0x0000000000011e81                sensors_first
                0x0000000000011e8b                sensors_next
                0x0000000000011ea8                sensors_changed
                0x0000000000011ed7                sensors_find
 .text          0x00000000000120e7      0x308 obj_cooja/mtype466.a(dual_conf.o)
                0x00000000000120e7                dual_radio_switch
                0x0000000000012142                dual_radio_change
                0x000000000001217c                sending_in_LR
                0x00000000000121a7                dual_radio_received
                0x00000000000121fa                radio_received_is_longrange
                0x00000000000123a5                dio_broadcast
                0x00000000000123ce                dis_broadcast
 .text          0x00000000000123ef       0x8e obj_cooja/mtype466.a(autostart.o)
                0x00000000000123ef                autostart_start
                0x000000000001243a                autostart_exit
 .text          0x000000000001247d      0x334 obj_cooja/mtype466.a(ctimer.o)
                0x0000000000012594                ctimer_init
                0x00000000000125c4                ctimer_set
                0x00000000000125f5                ctimer_set_with_process
                0x0000000000012671                ctimer_reset
                0x00000000000126c0                ctimer_restart
                0x000000000001270f                ctimer_stop
                0x000000000001275a                ctimer_expired
 .text          0x00000000000127b1      0x40b obj_cooja/mtype466.a(etimer.o)
                0x00000000000129c4                etimer_request_poll
                0x0000000000012a48                etimer_set
                0x0000000000012a6d                etimer_reset_with_new_interval
                0x0000000000012a94                etimer_reset
                0x0000000000012ab2                etimer_restart
                0x0000000000012ad0                etimer_adjust
                0x0000000000012aec                etimer_expired
                0x0000000000012aff                etimer_expiration_time
                0x0000000000012b11                etimer_start_time
                0x0000000000012b1b                etimer_pending
                0x0000000000012b2d                etimer_next_expiration_time
                0x0000000000012b47                etimer_stop
 .text          0x0000000000012bbc      0x560 obj_cooja/mtype466.a(process.o)
                0x0000000000012bbc                process_alloc_event
                0x0000000000012bd1                process_start
                0x0000000000012dba                process_exit
                0x0000000000012dd6                process_init
                0x0000000000012fa7                process_run
                0x0000000000012fda                process_nevents
                0x0000000000012ff5                process_post
                0x00000000000130a1                process_post_synch
                0x00000000000130d9                process_poll
                0x0000000000013108                process_is_running
 .text          0x000000000001311c       0xba obj_cooja/mtype466.a(rtimer.o)
                0x000000000001311c                rtimer_init
                0x0000000000013129                rtimer_set
                0x0000000000013180                rtimer_run_next
 .text          0x00000000000131d6       0xa3 obj_cooja/mtype466.a(stimer.o)
                0x00000000000131d6                stimer_set
                0x00000000000131f1                stimer_reset
                0x0000000000013208                stimer_restart
                0x000000000001321a                stimer_expired
                0x0000000000013241                stimer_remaining
                0x0000000000013265                stimer_elapsed
 .text          0x0000000000013279       0x91 obj_cooja/mtype466.a(timer.o)
                0x0000000000013279                timer_set
                0x0000000000013294                timer_reset
                0x00000000000132ab                timer_restart
                0x00000000000132bd                timer_expired
                0x00000000000132e6                timer_remaining
 .text          0x000000000001330a      0x1fb obj_cooja/mtype466.a(serial-line.o)
                0x000000000001330a                serial_line_input_byte
                0x00000000000134cd                serial_line_init
 .text          0x0000000000013505      0x244 obj_cooja/mtype466.a(list.o)
                0x0000000000013505                list_init
                0x0000000000013513                list_head
                0x000000000001351d                list_copy
                0x000000000001352c                list_tail
                0x0000000000013562                list_add
                0x00000000000135ab                list_push
                0x00000000000135d7                list_chop
                0x0000000000013641                list_pop
                0x0000000000013669                list_remove
                0x00000000000136d0                list_length
                0x00000000000136fe                list_insert
                0x0000000000013732                list_item_next
 .text          0x0000000000013749      0x155 obj_cooja/mtype466.a(ringbuf.o)
                0x0000000000013749                ringbuf_init
                0x000000000001377a                ringbuf_put
                0x00000000000137f8                ringbuf_get
                0x0000000000013865                ringbuf_size
                0x0000000000013877                ringbuf_elements
 .text          0x000000000001389e     0x258b obj_cooja/mtype466.a(sicslowpan.o)
                0x0000000000013e28                rime_sniffer_add
                0x0000000000013e35                rime_sniffer_remove
                0x0000000000015dc8                sicslowpan_init
                0x0000000000015e1f                sicslowpan_get_last_rssi
 .text          0x0000000000015e29      0x371 obj_cooja/mtype466.a(uip-ds6-nbr.o)
                0x0000000000015e46                uip_ds6_neighbors_init
                0x0000000000015e63                uip_ds6_nbr_add
                0x0000000000015fa9                uip_ds6_nbr_rm
                0x0000000000016006                uip_ds6_nbr_get_ipaddr
                0x000000000001601b                uip_ds6_nbr_get_ll
                0x0000000000016037                uip_ds6_nbr_num
                0x000000000001607c                uip_ds6_nbr_lookup
                0x00000000000160e1                uip_ds6_nbr_ll_lookup
                0x00000000000160fd                uip_ds6_nbr_ipaddr_from_lladdr
                0x0000000000016123                uip_ds6_nbr_lladdr_from_ipaddr
                0x0000000000016151                uip_ds6_link_neighbor_callback
 .text          0x000000000001619a      0x916 obj_cooja/mtype466.a(uip-ds6-route.o)
                0x0000000000016211                uip_ds6_notification_add
                0x0000000000016242                uip_ds6_notification_rm
                0x000000000001625e                uip_ds6_route_init
                0x00000000000162e6                uip_ds6_route_nexthop
                0x000000000001630e                uip_ds6_route_head
                0x0000000000016323                uip_ds6_route_next
                0x0000000000016349                uip_ds6_route_is_nexthop
                0x0000000000016388                uip_ds6_route_num_routes
                0x0000000000016392                uip_ds6_route_lookup
                0x0000000000016454                uip_ds6_route_add
                0x0000000000016688                uip_ds6_route_rm
                0x000000000001681c                uip_ds6_route_rm_by_nexthop
                0x0000000000016854                uip_ds6_defrt_add
                0x0000000000016905                uip_ds6_defrt_rm
                0x0000000000016984                uip_ds6_defrt_lookup
                0x00000000000169dd                uip_ds6_defrt_choose
                0x0000000000016a48                uip_ds6_defrt_periodic
 .text          0x0000000000016ab0     0x12ad obj_cooja/mtype466.a(uip-ds6.o)
                0x0000000000016ab0                uip_ds6_init
                0x0000000000016e05                uip_ds6_periodic
                0x0000000000016edd                uip_ds6_list_loop
                0x0000000000016f84                uip_ds6_prefix_add
                0x0000000000017042                uip_ds6_prefix_rm
                0x0000000000017054                uip_ds6_prefix_lookup
                0x00000000000170a5                uip_ds6_is_addr_onlink
                0x0000000000017119                uip_ds6_addr_add
                0x0000000000017247                uip_ds6_long_addr_add
                0x0000000000017375                uip_ds6_addr_rm
                0x0000000000017415                uip_ds6_addr_lookup
                0x0000000000017460                uip_ds6_long_addr_lookup
                0x00000000000174ab                uip_ds6_get_link_local
                0x000000000001752a                uip_ds6_long_get_link_local
                0x00000000000175a9                uip_ds6_get_global
                0x0000000000017628                uip_ds6_long_get_global
                0x00000000000176a7                uip_ds6_maddr_add
                0x0000000000017719                uip_ds6_long_maddr_add
                0x000000000001778b                uip_ds6_maddr_rm
                0x000000000001779d                uip_ds6_maddr_lookup
                0x00000000000177e8                uip_ds6_long_maddr_lookup
                0x0000000000017833                uip_ds6_aaddr_add
                0x00000000000178a5                uip_ds6_long_aaddr_add
                0x0000000000017917                uip_ds6_aaddr_rm
                0x0000000000017929                uip_ds6_aaddr_lookup
                0x0000000000017974                uip_ds6_long_aaddr_lookup
                0x00000000000179bf                uip_ds6_select_src
                0x0000000000017c48                uip_ds6_set_addr_iid
                0x0000000000017c7f                get_match_length
                0x0000000000017d11                uip_ds6_compute_reachable_time
 .text          0x0000000000017d5d     0x29f3 obj_cooja/mtype466.a(uip6.o)
                0x0000000000017d5d                uip_add32
                0x0000000000017ef6                uip_chksum
                0x0000000000017fe4                uip_icmp6chksum
                0x0000000000017ff8                uip_tcpchksum
                0x000000000001800c                uip_udpchksum
                0x0000000000018020                uip_init
                0x00000000000180f0                uip_connect
                0x000000000001829f                remove_ext_hdr
                0x0000000000018374                uip_udp_new
                0x00000000000184d0                uip_unlisten
                0x0000000000018530                uip_listen
                0x00000000000187f2                uip_process
                0x000000000001a644                uip_htons
                0x000000000001a666                uip_htonl
                0x000000000001a6a6                uip_send
 .text          0x000000000001a750      0xb42 obj_cooja/mtype466.a(tcpip.o)
                0x000000000001a750                tcpip_output
                0x000000000001a7a1                tcpip_set_outputfunc
                0x000000000001a841                tcp_connect
                0x000000000001a896                tcp_unlisten
                0x000000000001a8f1                tcp_listen
                0x000000000001a94a                tcp_attach
                0x000000000001a96f                udp_attach
                0x000000000001a994                udp_new
                0x000000000001a9e6                udp_broadcast_new
                0x000000000001ac5a                tcpip_input
                0x000000000001ac8e                tcpip_ipv6_output
                0x000000000001b0d8                tcpip_poll_udp
                0x000000000001b0fb                tcpip_poll_tcp
                0x000000000001b11e                tcpip_uipcall
 .text          0x000000000001b292      0x1c1 obj_cooja/mtype466.a(uip-debug.o)
                0x000000000001b292                uip_debug_ipaddr_print
                0x000000000001b3f4                uip_debug_lladdr_print
 .text          0x000000000001b453      0x141 obj_cooja/mtype466.a(uip-packetqueue)
                0x000000000001b47f                uip_packetqueue_new
                0x000000000001b48d                uip_packetqueue_alloc
                0x000000000001b4ed                uip_packetqueue_free
                0x000000000001b52e                uip_packetqueue_buf
                0x000000000001b54b                uip_packetqueue_buflen
                0x000000000001b56c                uip_packetqueue_set_buflen
 .text          0x000000000001b594      0x131 obj_cooja/mtype466.a(uip-udp-packet.)
                0x000000000001b594                uip_udp_packet_send
                0x000000000001b5f4                uip_udp_packet_sendto
 .text          0x000000000001b6c5     0x2ce0 obj_cooja/mtype466.a(rpl-dag.o)
                0x000000000001b6c5                rpl_print_neighbor_list
                0x000000000001b89a                rpl_get_nbr
                0x000000000001b8f4                rpl_dag_init
                0x000000000001b911                rpl_get_parent
                0x000000000001b933                rpl_get_parent_rank
                0x000000000001b966                rpl_get_parent_link_metric
                0x000000000001b999                rpl_get_parent_ipaddr
                0x000000000001bd45                rpl_set_root
                0x000000000001bfb9                rpl_repair_root
                0x000000000001c268                rpl_set_prefix
                0x000000000001c38b                rpl_set_default_route
                0x000000000001c480                rpl_alloc_instance
                0x000000000001c513                rpl_alloc_dag
                0x000000000001c5c4                rpl_set_default_instance
                0x000000000001c5d1                rpl_get_default_instance
                0x000000000001c5db                rpl_free_instance
                0x000000000001c6a7                rpl_free_dag
                0x000000000001c730                rpl_add_parent
                0x000000000001c842                rpl_find_parent
                0x000000000001c89a                rpl_find_parent_any_dag
                0x000000000001c8d6                rpl_select_dag
                0x000000000001ccf3                rpl_select_parent
                0x000000000001cd55                rpl_remove_parent
                0x000000000001cda7                rpl_nullify_parent
                0x000000000001cea3                rpl_move_parent
                0x000000000001cfae                rpl_has_downward_route
                0x000000000001d001                rpl_get_any_dag
                0x000000000001d063                rpl_get_instance
                0x000000000001d0c6                rpl_find_of
                0x000000000001d103                rpl_join_instance
                0x000000000001d43a                rpl_add_dag
                0x000000000001d90b                rpl_local_repair
                0x000000000001d9e7                rpl_recalculate_ranks
                0x000000000001da90                rpl_process_parent_event
                0x000000000001dca6                rpl_process_dio
 .text          0x000000000001e3a5      0xbf3 obj_cooja/mtype466.a(rpl-ext-header.)
                0x000000000001e3c2                rpl_verify_header
                0x000000000001e83c                rpl_update_header_empty
                0x000000000001eb53                rpl_update_header_final
                0x000000000001ece2                rpl_remove_header
                0x000000000001edec                rpl_invert_header
                0x000000000001ef76                rpl_insert_header
 .text          0x000000000001ef98     0x25e3 obj_cooja/mtype466.a(rpl-icmp6.o)
                0x000000000001f1f7                rpl_icmp6_update_nbr_table
                0x000000000001f3c4                dis_output
                0x000000000001fceb                dio_output
                0x0000000000021009                dao_output
                0x00000000000210d0                dao_output_target
                0x000000000002152f                dao_ack_output
                0x0000000000021543                rpl_icmp6_register_handlers
 .text          0x000000000002157b      0x315 obj_cooja/mtype466.a(rpl-mrhof.o)
 .text          0x0000000000021890      0x909 obj_cooja/mtype466.a(rpl-timers.o)
                0x0000000000021b7c                rpl_reset_periodic_timer
                0x0000000000021bd1                rpl_reset_dio_timer
                0x0000000000021e69                rpl_schedule_dao
                0x0000000000021e84                rpl_schedule_dao_immediately
                0x0000000000021e9f                rpl_cancel_dao
                0x0000000000021f01                rpl_schedule_unicast_dio_immediately
                0x0000000000022141                rpl_schedule_probing
 .text          0x0000000000022199      0x6e0 obj_cooja/mtype466.a(rpl.o)
                0x0000000000022199                rpl_get_mode
                0x00000000000221a3                rpl_set_mode
                0x0000000000022267                rpl_purge_routes
                0x0000000000022396                rpl_remove_routes
                0x00000000000223dc                rpl_remove_routes_by_nexthop
                0x0000000000022448                rpl_add_route
                0x0000000000022513                rpl_link_neighbor_callback
                0x0000000000022627                rpl_ipv6_neighbor_callback
                0x00000000000226d3                rpl_purge_dags
                0x00000000000227e7                rpl_init
 .text          0x0000000000022879       0x82 obj_cooja/mtype466.a(linkaddr.o)
                0x0000000000022879                linkaddr_copy
                0x000000000002289b                linkaddr_cmp
                0x00000000000228c5                linkaddr_set_node_addr
                0x00000000000228e0                linkaddr_set_node_long_addr
 .text          0x00000000000228fb      0x88c obj_cooja/mtype466.a(nbr-table.o)
                0x00000000000228fb                lladdr_map_add_lr
                0x00000000000229b8                lladdr_map_rm_lr
                0x0000000000022e7d                nbr_table_register
                0x0000000000022ec5                nbr_table_head
                0x0000000000022f21                nbr_table_next
                0x0000000000022f88                nbr_table_add_lladdr
                0x0000000000023064                nbr_table_get_from_lladdr
                0x00000000000230b1                nbr_table_remove
                0x0000000000023103                nbr_table_lock
                0x000000000002312d                nbr_table_unlock
                0x0000000000023157                nbr_table_get_lladdr
 .text          0x0000000000023187       0x2b obj_cooja/mtype466.a(netstack.o)
                0x0000000000023187                netstack_init
 .text          0x00000000000231b2      0x3cd obj_cooja/mtype466.a(packetbuf.o)
                0x00000000000231b2                packetbuf_clear
                0x00000000000231dc                packetbuf_copyfrom
                0x000000000002322e                packetbuf_compact
                0x00000000000232ab                packetbuf_copyto
                0x0000000000023342                packetbuf_hdralloc
                0x00000000000233bf                packetbuf_hdrreduce
                0x0000000000023407                packetbuf_set_datalen
                0x0000000000023420                packetbuf_dataptr
                0x000000000002343d                packetbuf_hdrptr
                0x0000000000023447                packetbuf_datalen
                0x0000000000023453                packetbuf_hdrlen
                0x000000000002346a                packetbuf_totlen
                0x0000000000023480                packetbuf_attr_clear
                0x00000000000234d2                packetbuf_attr_copyto
                0x000000000002351b                packetbuf_attr_copyfrom
                0x0000000000023563                packetbuf_holds_broadcast
 .text          0x000000000002357f      0x2b4 obj_cooja/mtype466.a(queuebuf.o)
                0x0000000000023589                queuebuf_init
                0x00000000000235a9                queuebuf_numfree
                0x00000000000235bd                queuebuf_new_from_packetbuf
                0x000000000002364d                queuebuf_update_attr_from_packetbuf
                0x0000000000023680                queuebuf_update_from_packetbuf
                0x00000000000236ca                queuebuf_free
                0x0000000000023711                queuebuf_to_packetbuf
                0x0000000000023777                queuebuf_dataptr
                0x00000000000237ae                queuebuf_datalen
                0x00000000000237d1                queuebuf_addr
                0x0000000000023803                queuebuf_attr
                0x000000000002382e                queuebuf_debug_print
 .text          0x0000000000023833      0x831 obj_cooja/mtype466.a(csma.o)
 .text          0x0000000000024064      0x3f5 obj_cooja/mtype466.a(framer-802154.o)
 .text          0x0000000000024459       0x3c obj_cooja/mtype466.a(mac.o)
                0x0000000000024459                mac_call_sent_callback
 .text          0x0000000000024495      0x4a9 obj_cooja/mtype466.a(nullrdc.o)
 .text          0x000000000002493e       0x6e obj_cooja/mtype466.a(nullsec.o)
 .text          0x00000000000249ac       0x19 obj_cooja/mtype466.a(watchdog.o)
                0x00000000000249ac                watchdog_init
                0x00000000000249b1                watchdog_start
                0x00000000000249b6                watchdog_periodic
                0x00000000000249bb                watchdog_stop
                0x00000000000249c0                watchdog_reboot
 .text          0x00000000000249c5        0x0 obj_cooja/mtype466.a(rimestats.o)
 .text          0x00000000000249c5      0x1c1 obj_cooja/mtype466.a(memb.o)
                0x00000000000249c5                memb_init
                0x0000000000024a23                memb_alloc
                0x0000000000024a88                memb_free
                0x0000000000024b03                memb_inmemb
                0x0000000000024b42                memb_numfree
 .text          0x0000000000024b86      0xab2 obj_cooja/mtype466.a(uip-icmp6.o)
                0x0000000000024bf4                uip_icmp6_input
                0x0000000000024c4a                uip_icmp6_register_input_handler
                0x0000000000024f12                uip_icmp6_error_output
                0x0000000000025257                uip_icmp6_send
                0x00000000000255cb                uip_icmp6_echo_reply_callback_add
                0x00000000000255fc                uip_icmp6_echo_reply_callback_rm
                0x0000000000025618                uip_icmp6_init
 .text          0x0000000000025638      0x358 obj_cooja/mtype466.a(uip-nd6.o)
                0x000000000002568c                uip_nd6_ns_output
                0x000000000002598b                uip_nd6_init
 .text          0x0000000000025990      0x331 obj_cooja/mtype466.a(rpl-nbr-policy.)
                0x0000000000025b68                find_removable_dis
                0x0000000000025b8b                find_removable_dio
                0x0000000000025c1a                find_removable_dao
                0x0000000000025c6a                rpl_nbr_policy_find_removable
 .text          0x0000000000025cc1      0x97c obj_cooja/mtype466.a(frame802154.o)
                0x0000000000025cf2                frame802154_get_pan_id
                0x0000000000025cfe                frame802154_set_pan_id
                0x0000000000025d17                frame802154_has_panid
                0x0000000000025e03                frame802154_check_dest_panid
                0x0000000000025e6b                frame802154_is_broadcast_addr
                0x0000000000025eb8                frame802154_extract_linkaddr
                0x00000000000260f8                frame802154_hdrlen
                0x0000000000026149                frame802154_create
                0x0000000000026334                frame802154_parse
 .text          0x000000000002663d      0x181 obj_cooja/mtype466.a(mac-sequence.o)
                0x0000000000026674                mac_sequence_is_duplicate
                0x00000000000266f7                mac_sequence_register_seqno
 .text          0x00000000000267be        0x0 /usr/lib/gcc/i686-linux-gnu/4.8/crtendS.o
 .text          0x00000000000267be        0x0 /usr/lib/gcc/i686-linux-gnu/4.8/../../../i386-linux-gnu/crtn.o
 *(.gnu.warning)

.fini           0x00000000000267c0       0x14
 *(SORT(.fini))
 .fini          0x00000000000267c0        0xf /usr/lib/gcc/i686-linux-gnu/4.8/../../../i386-linux-gnu/crti.o
                0x00000000000267c0                _fini
 .fini          0x00000000000267cf        0x5 /usr/lib/gcc/i686-linux-gnu/4.8/../../../i386-linux-gnu/crtn.o
                0x00000000000267d4                PROVIDE (__etext, .)
                0x00000000000267d4                PROVIDE (_etext, .)
                0x00000000000267d4                PROVIDE (etext, .)

.rodata         0x00000000000267e0     0x24d8
 *(.rodata .rodata.* .gnu.linkonce.r.*)
 .rodata        0x00000000000267e0      0x18a udp-client.co
                0x00000000000267f4                autostart_processes
 *fill*         0x000000000002696a        0x2 
 .rodata        0x000000000002696c      0x1b6 obj_cooja/mtype466.o
 *fill*         0x0000000000026b22        0x2 
 .rodata        0x0000000000026b24        0x8 obj_cooja/mtype466.a(beep.o)
                0x0000000000026b24                beep_interface
 .rodata        0x0000000000026b2c       0x20 obj_cooja/mtype466.a(button-sensor.o)
                0x0000000000026b2c                button_interface
                0x0000000000026b3c                button_sensor
 .rodata        0x0000000000026b4c        0x8 obj_cooja/mtype466.a(leds-arch.o)
                0x0000000000026b4c                leds_interface
 .rodata        0x0000000000026b54        0x8 obj_cooja/mtype466.a(moteid.o)
                0x0000000000026b54                moteid_interface
 .rodata        0x0000000000026b5c       0x1c obj_cooja/mtype466.a(pir-sensor.o)
                0x0000000000026b5c                pir_interface
                0x0000000000026b68                pir_sensor
 .rodata        0x0000000000026b78        0xe obj_cooja/mtype466.a(rs232.o)
                0x0000000000026b78                rs232_interface
 *fill*         0x0000000000026b86        0x2 
 .rodata        0x0000000000026b88       0x24 obj_cooja/mtype466.a(vib-sensor.o)
                0x0000000000026b88                vib_interface
                0x0000000000026b9c                vib_sensor
 .rodata        0x0000000000026bac        0x8 obj_cooja/mtype466.a(clock.o)
                0x0000000000026bac                clock_interface
 .rodata        0x0000000000026bb4        0x8 obj_cooja/mtype466.a(log.o)
                0x0000000000026bb4                simlog_interface
 .rodata        0x0000000000026bbc       0x2f obj_cooja/mtype466.a(cfs-cooja.o)
                0x0000000000026bbc                cfs_interface
 *fill*         0x0000000000026beb       0x15 
 .rodata        0x0000000000026c00      0x120 obj_cooja/mtype466.a(cooja-radio.o)
                0x0000000000026ce0                cooja_radio_driver
                0x0000000000026d18                radio_interface
 .rodata        0x0000000000026d20        0x8 obj_cooja/mtype466.a(eeprom.o)
                0x0000000000026d20                eeprom_interface
 .rodata        0x0000000000026d28        0x8 obj_cooja/mtype466.a(sensors.o)
 .rodata        0x0000000000026d30      0x21d obj_cooja/mtype466.a(dual_conf.o)
 .rodata        0x0000000000026f4d        0xf obj_cooja/mtype466.a(ctimer.o)
 .rodata        0x0000000000026f5c        0xc obj_cooja/mtype466.a(etimer.o)
 .rodata        0x0000000000026f68        0xe obj_cooja/mtype466.a(serial-line.o)
 *fill*         0x0000000000026f76        0x2 
 .rodata        0x0000000000026f78       0x2c obj_cooja/mtype466.a(sicslowpan.o)
                0x0000000000026f78                unc_llconf
                0x0000000000026f7c                unc_ctxconf
                0x0000000000026f80                unc_mxconf
                0x0000000000026f84                llprefix
                0x0000000000026f98                sicslowpan_driver
 .rodata        0x0000000000026fa4       0x98 obj_cooja/mtype466.a(uip-ds6-nbr.o)
 .rodata        0x000000000002703c      0x13c obj_cooja/mtype466.a(uip6.o)
 .rodata        0x0000000000027178      0x12b obj_cooja/mtype466.a(tcpip.o)
 .rodata        0x00000000000272a3       0x3e obj_cooja/mtype466.a(uip-debug.o)
 *fill*         0x00000000000272e1        0x3 
 .rodata        0x00000000000272e4      0xc0b obj_cooja/mtype466.a(rpl-dag.o)
 *fill*         0x0000000000027eef        0x1 
 .rodata        0x0000000000027ef0      0x8a4 obj_cooja/mtype466.a(rpl-icmp6.o)
 .rodata        0x0000000000028794       0x6f obj_cooja/mtype466.a(rpl-mrhof.o)
 *fill*         0x0000000000028803        0x1 
 .rodata        0x0000000000028804      0x260 obj_cooja/mtype466.a(rpl-timers.o)
 .rodata        0x0000000000028a64      0x1be obj_cooja/mtype466.a(rpl.o)
 .rodata        0x0000000000028c22        0x8 obj_cooja/mtype466.a(linkaddr.o)
                0x0000000000028c22                linkaddr_null
 *fill*         0x0000000000028c2a        0x2 
 .rodata        0x0000000000028c2c       0x24 obj_cooja/mtype466.a(csma.o)
                0x0000000000028c34                csma_driver
 .rodata        0x0000000000028c50        0xc obj_cooja/mtype466.a(framer-802154.o)
                0x0000000000028c50                framer_802154
 *fill*         0x0000000000028c5c        0x4 
 .rodata        0x0000000000028c60       0x40 obj_cooja/mtype466.a(nullrdc.o)
                0x0000000000028c80                nullrdc_driver
 .rodata        0x0000000000028ca0       0x18 obj_cooja/mtype466.a(nullsec.o)
                0x0000000000028ca8                nullsec_driver

.rodata1
 *(.rodata1)

.eh_frame_hdr   0x0000000000028cb8     0x133c
 *(.eh_frame_hdr)
 .eh_frame_hdr  0x0000000000028cb8     0x133c udp-client.co

.eh_frame       0x0000000000029ff4     0x4e60
 *(.eh_frame)
 .eh_frame      0x0000000000029ff4       0x3c /usr/lib/gcc/i686-linux-gnu/4.8/../../../i386-linux-gnu/crti.o
                                         0x40 (size before relaxing)
 .eh_frame      0x000000000002a030       0xa8 udp-client.co
                                         0xc0 (size before relaxing)
 .eh_frame      0x000000000002a0d8      0x148 obj_cooja/mtype466.o
                                        0x160 (size before relaxing)
 .eh_frame      0x000000000002a220       0x40 obj_cooja/mtype466.a(simEnvChange.o)
                                         0x58 (size before relaxing)
 .eh_frame      0x000000000002a260       0xc0 obj_cooja/mtype466.a(cooja_mt.o)
                                         0xd8 (size before relaxing)
 .eh_frame      0x000000000002a320      0x120 obj_cooja/mtype466.a(cooja_mtarch.o)
                                        0x138 (size before relaxing)
 .eh_frame      0x000000000002a440       0xc0 obj_cooja/mtype466.a(rtimer-arch.o)
                                         0xd8 (size before relaxing)
 .eh_frame      0x000000000002a500      0x160 obj_cooja/mtype466.a(beep.o)
                                        0x178 (size before relaxing)
 .eh_frame      0x000000000002a660       0xa0 obj_cooja/mtype466.a(button-sensor.o)
                                         0xb8 (size before relaxing)
 .eh_frame      0x000000000002a700       0xa0 obj_cooja/mtype466.a(leds-arch.o)
                                         0xb8 (size before relaxing)
 .eh_frame      0x000000000002a7a0       0x40 obj_cooja/mtype466.a(moteid.o)
                                         0x58 (size before relaxing)
 .eh_frame      0x000000000002a7e0       0xa0 obj_cooja/mtype466.a(pir-sensor.o)
                                         0xb8 (size before relaxing)
 .eh_frame      0x000000000002a880      0x100 obj_cooja/mtype466.a(rs232.o)
                                        0x118 (size before relaxing)
 .eh_frame      0x000000000002a980       0xa0 obj_cooja/mtype466.a(vib-sensor.o)
                                         0xb8 (size before relaxing)
 .eh_frame      0x000000000002aa20       0xc0 obj_cooja/mtype466.a(clock.o)
                                         0xd8 (size before relaxing)
 .eh_frame      0x000000000002aae0      0x120 obj_cooja/mtype466.a(log.o)
                                        0x138 (size before relaxing)
 .eh_frame      0x000000000002ac00      0x160 obj_cooja/mtype466.a(cfs-cooja.o)
                                        0x178 (size before relaxing)
 .eh_frame      0x000000000002ad60      0x2e0 obj_cooja/mtype466.a(cooja-radio.o)
                                        0x2f8 (size before relaxing)
 .eh_frame      0x000000000002b040       0xa0 obj_cooja/mtype466.a(eeprom.o)
                                         0xb8 (size before relaxing)
 .eh_frame      0x000000000002b0e0       0x40 obj_cooja/mtype466.a(random.o)
                                         0x58 (size before relaxing)
 .eh_frame      0x000000000002b120       0xc0 obj_cooja/mtype466.a(sensors.o)
                                         0xd8 (size before relaxing)
 .eh_frame      0x000000000002b1e0      0x120 obj_cooja/mtype466.a(dual_conf.o)
                                        0x138 (size before relaxing)
 .eh_frame      0x000000000002b300       0x40 obj_cooja/mtype466.a(autostart.o)
                                         0x58 (size before relaxing)
 .eh_frame      0x000000000002b340      0x100 obj_cooja/mtype466.a(ctimer.o)
                                        0x118 (size before relaxing)
 .eh_frame      0x000000000002b440      0x1e0 obj_cooja/mtype466.a(etimer.o)
                                        0x1f8 (size before relaxing)
 .eh_frame      0x000000000002b620      0x1c8 obj_cooja/mtype466.a(process.o)
                                        0x1e0 (size before relaxing)
 .eh_frame      0x000000000002b7e8       0x60 obj_cooja/mtype466.a(rtimer.o)
                                         0x78 (size before relaxing)
 .eh_frame      0x000000000002b848       0xc4 obj_cooja/mtype466.a(stimer.o)
                                         0xdc (size before relaxing)
 .eh_frame      0x000000000002b90c       0xa4 obj_cooja/mtype466.a(timer.o)
                                         0xbc (size before relaxing)
 .eh_frame      0x000000000002b9b0       0x60 obj_cooja/mtype466.a(serial-line.o)
                                         0x78 (size before relaxing)
 .eh_frame      0x000000000002ba10      0x180 obj_cooja/mtype466.a(list.o)
                                        0x198 (size before relaxing)
 .eh_frame      0x000000000002bb90       0xa0 obj_cooja/mtype466.a(ringbuf.o)
                                         0xb8 (size before relaxing)
 .eh_frame      0x000000000002bc30      0x350 obj_cooja/mtype466.a(sicslowpan.o)
                                        0x368 (size before relaxing)
 .eh_frame      0x000000000002bf80      0x180 obj_cooja/mtype466.a(uip-ds6-nbr.o)
                                        0x198 (size before relaxing)
 .eh_frame      0x000000000002c100      0x2a0 obj_cooja/mtype466.a(uip-ds6-route.o)
                                        0x2b8 (size before relaxing)
 .eh_frame      0x000000000002c3a0      0x3c8 obj_cooja/mtype466.a(uip-ds6.o)
                                        0x3e0 (size before relaxing)
 .eh_frame      0x000000000002c768      0x27c obj_cooja/mtype466.a(uip6.o)
                                        0x294 (size before relaxing)
 .eh_frame      0x000000000002c9e4      0x270 obj_cooja/mtype466.a(tcpip.o)
                                        0x288 (size before relaxing)
 .eh_frame      0x000000000002cc54       0x48 obj_cooja/mtype466.a(uip-debug.o)
                                         0x60 (size before relaxing)
 .eh_frame      0x000000000002cc9c       0xe0 obj_cooja/mtype466.a(uip-packetqueue)
                                         0xf8 (size before relaxing)
 .eh_frame      0x000000000002cd7c       0x40 obj_cooja/mtype466.a(uip-udp-packet.)
                                         0x58 (size before relaxing)
 .eh_frame      0x000000000002cdbc      0x674 obj_cooja/mtype466.a(rpl-dag.o)
                                        0x68c (size before relaxing)
 .eh_frame      0x000000000002d430      0x10c obj_cooja/mtype466.a(rpl-ext-header.)
                                        0x124 (size before relaxing)
 .eh_frame      0x000000000002d53c      0x288 obj_cooja/mtype466.a(rpl-icmp6.o)
                                        0x2a0 (size before relaxing)
 .eh_frame      0x000000000002d7c4       0xe4 obj_cooja/mtype466.a(rpl-mrhof.o)
                                         0xfc (size before relaxing)
 .eh_frame      0x000000000002d8a8      0x210 obj_cooja/mtype466.a(rpl-timers.o)
                                        0x228 (size before relaxing)
 .eh_frame      0x000000000002dab8      0x140 obj_cooja/mtype466.a(rpl.o)
                                        0x158 (size before relaxing)
 .eh_frame      0x000000000002dbf8       0x80 obj_cooja/mtype466.a(linkaddr.o)
                                         0x98 (size before relaxing)
 .eh_frame      0x000000000002dc78      0x2ac obj_cooja/mtype466.a(nbr-table.o)
                                        0x2c4 (size before relaxing)
 .eh_frame      0x000000000002df24       0x20 obj_cooja/mtype466.a(netstack.o)
                                         0x38 (size before relaxing)
 .eh_frame      0x000000000002df44      0x214 obj_cooja/mtype466.a(packetbuf.o)
                                        0x22c (size before relaxing)
 .eh_frame      0x000000000002e158      0x1a0 obj_cooja/mtype466.a(queuebuf.o)
                                        0x1b8 (size before relaxing)
 .eh_frame      0x000000000002e2f8      0x28c obj_cooja/mtype466.a(csma.o)
                                        0x2a4 (size before relaxing)
 .eh_frame      0x000000000002e584      0x108 obj_cooja/mtype466.a(framer-802154.o)
                                        0x120 (size before relaxing)
 .eh_frame      0x000000000002e68c       0x20 obj_cooja/mtype466.a(mac.o)
                                         0x38 (size before relaxing)
 .eh_frame      0x000000000002e6ac      0x16c obj_cooja/mtype466.a(nullrdc.o)
                                        0x184 (size before relaxing)
 .eh_frame      0x000000000002e818       0x80 obj_cooja/mtype466.a(nullsec.o)
                                         0x98 (size before relaxing)
 .eh_frame      0x000000000002e898       0xa0 obj_cooja/mtype466.a(watchdog.o)
                                         0xb8 (size before relaxing)
 .eh_frame      0x000000000002e938       0xa0 obj_cooja/mtype466.a(memb.o)
                                         0xb8 (size before relaxing)
 .eh_frame      0x000000000002e9d8      0x164 obj_cooja/mtype466.a(uip-icmp6.o)
                                        0x17c (size before relaxing)
 .eh_frame      0x000000000002eb3c       0x68 obj_cooja/mtype466.a(uip-nd6.o)
                                         0x80 (size before relaxing)
 .eh_frame      0x000000000002eba4       0xc0 obj_cooja/mtype466.a(rpl-nbr-policy.)
                                         0xd8 (size before relaxing)
 .eh_frame      0x000000000002ec64      0x164 obj_cooja/mtype466.a(frame802154.o)
                                        0x17c (size before relaxing)
 .eh_frame      0x000000000002edc8       0x88 obj_cooja/mtype466.a(mac-sequence.o)
                                         0xa0 (size before relaxing)
 .eh_frame      0x000000000002ee50        0x4 /usr/lib/gcc/i686-linux-gnu/4.8/crtendS.o

.gcc_except_table
 *(.gcc_except_table .gcc_except_table.*)

.exception_ranges
 *(.exception_ranges .exception_ranges*)
                0x000000000002ee54                . = (ALIGN (0x1000) - ((0x1000 - .) & 0xfff))
                0x000000000002fef8                . = DATA_SEGMENT_ALIGN (0x1000, 0x1000)

.eh_frame
 *(.eh_frame)

.gcc_except_table
 *(.gcc_except_table .gcc_except_table.*)

.exception_ranges
 *(.exception_ranges .exception_ranges*)

.tdata
 *(.tdata .tdata.* .gnu.linkonce.td.*)

.tbss
 *(.tbss .tbss.* .gnu.linkonce.tb.*)
 *(.tcommon)

.preinit_array
 *(.preinit_array)

.init_array     0x000000000002fef8        0x4
 *(SORT(.init_array.*) SORT(.ctors.*))
 *(.init_array EXCLUDE_FILE(*crtend?.o *crtend.o *crtbegin?.o *crtbegin.o) .ctors)
 .init_array    0x000000000002fef8        0x4 /usr/lib/gcc/i686-linux-gnu/4.8/crtbeginS.o

.fini_array     0x000000000002fefc        0x4
 *(SORT(.fini_array.*) SORT(.dtors.*))
 *(.fini_array EXCLUDE_FILE(*crtend?.o *crtend.o *crtbegin?.o *crtbegin.o) .dtors)
 .fini_array    0x000000000002fefc        0x4 /usr/lib/gcc/i686-linux-gnu/4.8/crtbeginS.o

.ctors
 *crtbegin.o(.ctors)
 *crtbegin?.o(.ctors)
 *(EXCLUDE_FILE(*crtend?.o *crtend.o) .ctors)
 *(SORT(.ctors.*))
 *(.ctors)

.dtors
 *crtbegin.o(.dtors)
 *crtbegin?.o(.dtors)
 *(EXCLUDE_FILE(*crtend?.o *crtend.o) .dtors)
 *(SORT(.dtors.*))
 *(.dtors)

.jcr            0x000000000002ff00        0x4
 *(.jcr)
 .jcr           0x000000000002ff00        0x0 /usr/lib/gcc/i686-linux-gnu/4.8/crtbeginS.o
 .jcr           0x000000000002ff00        0x4 /usr/lib/gcc/i686-linux-gnu/4.8/crtendS.o

.data.rel.ro
 *(.data.rel.ro.local* .gnu.linkonce.d.rel.ro.local.*)
 *(.data.rel.ro .data.rel.ro.* .gnu.linkonce.d.rel.ro.*)

.dynamic        0x000000000002ff04       0xe8
 *(.dynamic)
 .dynamic       0x000000000002ff04       0xe8 /usr/lib/gcc/i686-linux-gnu/4.8/../../../i386-linux-gnu/crti.o
                0x000000000002ff04                _DYNAMIC

.got            0x000000000002ffec       0x14
 *(.got)
 .got           0x000000000002ffec       0x14 /usr/lib/gcc/i686-linux-gnu/4.8/../../../i386-linux-gnu/crti.o
 *(.igot)
                0x0000000000030ff4                . = DATA_SEGMENT_RELRO_END (., (SIZEOF (.got.plt) >= 0xc)?0xc:0x0)

.got.plt        0x0000000000030000       0x14
 *(.got.plt)
 .got.plt       0x0000000000030000       0x14 /usr/lib/gcc/i686-linux-gnu/4.8/../../../i386-linux-gnu/crti.o
                0x0000000000030000                _GLOBAL_OFFSET_TABLE_
 *(.igot.plt)

.data           0x0000000000030020      0x246
 *(.data .data.* .gnu.linkonce.d.*)
 .data          0x0000000000030020        0x0 /usr/lib/gcc/i686-linux-gnu/4.8/../../../i386-linux-gnu/crti.o
 .data          0x0000000000030020        0x0 /usr/lib/gcc/i686-linux-gnu/4.8/crtbeginS.o
 .data.rel      0x0000000000030020        0x4 /usr/lib/gcc/i686-linux-gnu/4.8/crtbeginS.o
                0x0000000000030020                __dso_handle
 .data          0x0000000000030024       0x10 udp-client.co
                0x0000000000030024                udp_client_process
 *fill*         0x0000000000030034        0xc 
 .data          0x0000000000030040       0x44 obj_cooja/mtype466.o
                0x0000000000030040                simInterfaces
                0x0000000000030074                sensors
 .data          0x0000000000030084        0x0 obj_cooja/mtype466.a(simEnvChange.o)
 .data          0x0000000000030084        0x0 obj_cooja/mtype466.a(cooja_mt.o)
 .data          0x0000000000030084        0x0 obj_cooja/mtype466.a(cooja_mtarch.o)
 .data          0x0000000000030084        0x0 obj_cooja/mtype466.a(rtimer-arch.o)
 .data          0x0000000000030084        0x0 obj_cooja/mtype466.a(beep.o)
 .data          0x0000000000030084        0x0 obj_cooja/mtype466.a(button-sensor.o)
 .data          0x0000000000030084        0x0 obj_cooja/mtype466.a(leds-arch.o)
 .data          0x0000000000030084        0x0 obj_cooja/mtype466.a(moteid.o)
 .data          0x0000000000030084        0x0 obj_cooja/mtype466.a(pir-sensor.o)
 .data          0x0000000000030084        0x0 obj_cooja/mtype466.a(rs232.o)
 .data          0x0000000000030084        0x0 obj_cooja/mtype466.a(vib-sensor.o)
 .data          0x0000000000030084        0x0 obj_cooja/mtype466.a(clock.o)
 .data          0x0000000000030084        0x0 obj_cooja/mtype466.a(log.o)
 .data          0x0000000000030084        0x0 obj_cooja/mtype466.a(cfs-cooja.o)
 .data          0x0000000000030084       0x2c obj_cooja/mtype466.a(cooja-radio.o)
                0x0000000000030084                simRadioHWOn
                0x0000000000030088                simSignalStrength
                0x000000000003008c                simLastSignalStrength
                0x0000000000030090                simPower
                0x0000000000030094                simRadioChannel
                0x0000000000030098                simRadioChannelLR
                0x000000000003009c                simLQI
                0x00000000000300a0                cooja_radio_process
 .data          0x00000000000300b0        0x0 obj_cooja/mtype466.a(eeprom.o)
 .data          0x00000000000300b0        0x0 obj_cooja/mtype466.a(random.o)
 .data          0x00000000000300b0       0x10 obj_cooja/mtype466.a(sensors.o)
                0x00000000000300b0                sensors_process
 .data          0x00000000000300c0       0x24 obj_cooja/mtype466.a(dual_conf.o)
                0x00000000000300c0                radio_received
                0x00000000000300c4                dual_dio_broadcast
                0x00000000000300d4                dual_dis_broadcast
 .data          0x00000000000300e4        0x0 obj_cooja/mtype466.a(autostart.o)
 .data          0x00000000000300e4       0x14 obj_cooja/mtype466.a(ctimer.o)
                0x00000000000300e8                ctimer_process
 .data          0x00000000000300f8       0x10 obj_cooja/mtype466.a(etimer.o)
                0x00000000000300f8                etimer_process
 .data          0x0000000000030108        0x0 obj_cooja/mtype466.a(process.o)
 .data          0x0000000000030108        0x0 obj_cooja/mtype466.a(rtimer.o)
 .data          0x0000000000030108        0x0 obj_cooja/mtype466.a(stimer.o)
 .data          0x0000000000030108        0x0 obj_cooja/mtype466.a(timer.o)
 .data          0x0000000000030108       0x10 obj_cooja/mtype466.a(serial-line.o)
                0x0000000000030108                serial_line_process
 .data          0x0000000000030118        0x0 obj_cooja/mtype466.a(list.o)
 .data          0x0000000000030118        0x0 obj_cooja/mtype466.a(ringbuf.o)
 .data          0x0000000000030118        0x0 obj_cooja/mtype466.a(sicslowpan.o)
 .data          0x0000000000030118       0x14 obj_cooja/mtype466.a(uip-ds6-nbr.o)
                0x0000000000030128                ds6_neighbors
 .data          0x000000000003012c       0x44 obj_cooja/mtype466.a(uip-ds6-route.o)
                0x000000000003013c                nbr_routes
 .data          0x0000000000030170        0x0 obj_cooja/mtype466.a(uip-ds6.o)
 .data          0x0000000000030170        0x0 obj_cooja/mtype466.a(uip6.o)
 .data          0x0000000000030170       0x10 obj_cooja/mtype466.a(tcpip.o)
                0x0000000000030170                tcpip_process
 .data          0x0000000000030180        0x0 obj_cooja/mtype466.a(uip-debug.o)
 .data          0x0000000000030180        0xc obj_cooja/mtype466.a(uip-packetqueue)
 .data          0x000000000003018c        0x0 obj_cooja/mtype466.a(uip-udp-packet.)
 .data          0x000000000003018c       0x14 obj_cooja/mtype466.a(rpl-dag.o)
                0x000000000003019c                rpl_parents
 .data          0x00000000000301a0        0x0 obj_cooja/mtype466.a(rpl-ext-header.)
 .data          0x00000000000301a0       0x34 obj_cooja/mtype466.a(rpl-icmp6.o)
 .data          0x00000000000301d4       0x1c obj_cooja/mtype466.a(rpl-mrhof.o)
                0x00000000000301d4                rpl_mrhof
 .data          0x00000000000301f0        0x0 obj_cooja/mtype466.a(rpl-timers.o)
 .data          0x00000000000301f0        0x0 obj_cooja/mtype466.a(rpl.o)
 .data          0x00000000000301f0        0x0 obj_cooja/mtype466.a(linkaddr.o)
 .data          0x00000000000301f0       0x10 obj_cooja/mtype466.a(nbr-table.o)
 .data          0x0000000000030200        0x0 obj_cooja/mtype466.a(netstack.o)
 .data          0x0000000000030200        0x4 obj_cooja/mtype466.a(packetbuf.o)
 .data          0x0000000000030204       0x18 obj_cooja/mtype466.a(queuebuf.o)
 .data          0x000000000003021c       0x28 obj_cooja/mtype466.a(csma.o)
 .data          0x0000000000030244        0x0 obj_cooja/mtype466.a(framer-802154.o)
 .data          0x0000000000030244        0x0 obj_cooja/mtype466.a(mac.o)
 .data          0x0000000000030244        0x0 obj_cooja/mtype466.a(nullrdc.o)
 .data          0x0000000000030244        0x0 obj_cooja/mtype466.a(nullsec.o)
 .data          0x0000000000030244        0x0 obj_cooja/mtype466.a(watchdog.o)
 .data          0x0000000000030244        0x0 obj_cooja/mtype466.a(rimestats.o)
 .data          0x0000000000030244        0x0 obj_cooja/mtype466.a(memb.o)
 .data          0x0000000000030244       0x20 obj_cooja/mtype466.a(uip-icmp6.o)
 .data          0x0000000000030264        0x0 obj_cooja/mtype466.a(uip-nd6.o)
 .data          0x0000000000030264        0x0 obj_cooja/mtype466.a(rpl-nbr-policy.)
 .data          0x0000000000030264        0x2 obj_cooja/mtype466.a(frame802154.o)
 .data          0x0000000000030266        0x0 obj_cooja/mtype466.a(mac-sequence.o)
 .data          0x0000000000030266        0x0 /usr/lib/gcc/i686-linux-gnu/4.8/crtendS.o
 .data          0x0000000000030266        0x0 /usr/lib/gcc/i686-linux-gnu/4.8/../../../i386-linux-gnu/crtn.o

.tm_clone_table
                0x0000000000030268        0x0
 .tm_clone_table
                0x0000000000030268        0x0 /usr/lib/gcc/i686-linux-gnu/4.8/crtbeginS.o
 .tm_clone_table
                0x0000000000030268        0x0 /usr/lib/gcc/i686-linux-gnu/4.8/crtendS.o

.data1
 *(.data1)
                0x0000000000030268                _edata = .
                0x0000000000030268                PROVIDE (edata, .)
                0x0000000000030268                . = .
                0x0000000000030268                __bss_start = .

.bss            0x0000000000030280     0x8308
 *(.dynbss)
 .dynbss        0x0000000000000000        0x0 /usr/lib/gcc/i686-linux-gnu/4.8/../../../i386-linux-gnu/crti.o
 *(.bss .bss.* .gnu.linkonce.b.*)
 .bss           0x0000000000030280        0x0 /usr/lib/gcc/i686-linux-gnu/4.8/../../../i386-linux-gnu/crti.o
 .bss           0x0000000000030280        0x1 /usr/lib/gcc/i686-linux-gnu/4.8/crtbeginS.o
 *fill*         0x0000000000030281       0x1f 
 .bss           0x00000000000302a0       0x60 udp-client.co
 .bss           0x0000000000030300     0x2030 obj_cooja/mtype466.o
 .bss           0x0000000000032330        0x1 obj_cooja/mtype466.a(simEnvChange.o)
                0x0000000000032330                simDontFallAsleep
 *fill*         0x0000000000032331        0x3 
 .bss           0x0000000000032334        0x4 obj_cooja/mtype466.a(cooja_mt.o)
 .bss           0x0000000000032338        0x4 obj_cooja/mtype466.a(cooja_mtarch.o)
 .bss           0x000000000003233c        0xc obj_cooja/mtype466.a(rtimer-arch.o)
 .bss           0x0000000000032348        0x0 obj_cooja/mtype466.a(beep.o)
 .bss           0x0000000000032348        0x8 obj_cooja/mtype466.a(button-sensor.o)
 .bss           0x0000000000032350        0x0 obj_cooja/mtype466.a(leds-arch.o)
 .bss           0x0000000000032350        0x0 obj_cooja/mtype466.a(moteid.o)
 .bss           0x0000000000032350        0x1 obj_cooja/mtype466.a(pir-sensor.o)
                0x0000000000032350                simPirValue
 *fill*         0x0000000000032351        0x3 
 .bss           0x0000000000032354        0x4 obj_cooja/mtype466.a(rs232.o)
 .bss           0x0000000000032358        0x1 obj_cooja/mtype466.a(vib-sensor.o)
                0x0000000000032358                simVibValue
 .bss           0x0000000000032359        0x0 obj_cooja/mtype466.a(clock.o)
 *fill*         0x0000000000032359        0x7 
 .bss           0x0000000000032360      0x420 obj_cooja/mtype466.a(log.o)
 .bss           0x0000000000032780      0xfc0 obj_cooja/mtype466.a(cfs-cooja.o)
                0x0000000000032780                simCFSData
                0x0000000000033720                simCFSSize
                0x0000000000033724                simCFSChanged
                0x0000000000033728                simCFSRead
                0x000000000003372c                simCFSWritten
 .bss           0x0000000000033740       0x20 obj_cooja/mtype466.a(cooja-radio.o)
                0x0000000000033740                simReceiving
                0x0000000000033741                simReceivingLR
                0x0000000000033744                simInSize
                0x0000000000033748                simInSizeLR
                0x000000000003374c                simOutSize
                0x0000000000033750                simOutSizeLR
                0x0000000000033754                LongRangeTransmit
                0x0000000000033758                LongRangeReceiving
 .bss           0x0000000000033760        0xc obj_cooja/mtype466.a(eeprom.o)
                0x0000000000033760                simEEPROMChanged
                0x0000000000033764                simEEPROMRead
                0x0000000000033768                simEEPROMWritten
 .bss           0x000000000003376c        0x0 obj_cooja/mtype466.a(random.o)
 .bss           0x000000000003376c        0xc obj_cooja/mtype466.a(sensors.o)
 .bss           0x0000000000033778       0x28 obj_cooja/mtype466.a(dual_conf.o)
                0x0000000000033778                long_range_radio
 .bss           0x00000000000337a0        0x0 obj_cooja/mtype466.a(autostart.o)
 .bss           0x00000000000337a0        0x5 obj_cooja/mtype466.a(ctimer.o)
 *fill*         0x00000000000337a5        0x3 
 .bss           0x00000000000337a8        0x8 obj_cooja/mtype466.a(etimer.o)
 *fill*         0x00000000000337b0       0x10 
 .bss           0x00000000000337c0      0x1b1 obj_cooja/mtype466.a(process.o)
                0x00000000000337c0                process_list
                0x00000000000337c4                process_current
 *fill*         0x0000000000033971        0x3 
 .bss           0x0000000000033974        0x4 obj_cooja/mtype466.a(rtimer.o)
 .bss           0x0000000000033978        0x0 obj_cooja/mtype466.a(stimer.o)
 .bss           0x0000000000033978        0x0 obj_cooja/mtype466.a(timer.o)
 *fill*         0x0000000000033978        0x8 
 .bss           0x0000000000033980      0x140 obj_cooja/mtype466.a(serial-line.o)
 .bss           0x0000000000033ac0        0x0 obj_cooja/mtype466.a(list.o)
 .bss           0x0000000000033ac0        0x0 obj_cooja/mtype466.a(ringbuf.o)
 .bss           0x0000000000033ac0      0x70c obj_cooja/mtype466.a(sicslowpan.o)
 *fill*         0x00000000000341cc       0x14 
 .bss           0x00000000000341e0       0xf0 obj_cooja/mtype466.a(uip-ds6-nbr.o)
 *fill*         0x00000000000342d0       0x10 
 .bss           0x00000000000342e0      0x2a8 obj_cooja/mtype466.a(uip-ds6-route.o)
 .bss           0x0000000000034588       0x30 obj_cooja/mtype466.a(uip-ds6.o)
 .bss           0x00000000000345b8        0xe obj_cooja/mtype466.a(uip6.o)
                0x00000000000345b8                uip_ext_bitmap
                0x00000000000345b9                uip_ext_len
                0x00000000000345ba                uip_ext_opt_offset
 *fill*         0x00000000000345c6       0x1a 
 .bss           0x00000000000345e0       0x6a obj_cooja/mtype466.a(tcpip.o)
 .bss           0x000000000003464a        0x0 obj_cooja/mtype466.a(uip-debug.o)
 *fill*         0x000000000003464a       0x16 
 .bss           0x0000000000034660      0xcf8 obj_cooja/mtype466.a(uip-packetqueue)
 .bss           0x0000000000035358        0x0 obj_cooja/mtype466.a(uip-udp-packet.)
 *fill*         0x0000000000035358        0x8 
 .bss           0x0000000000035360       0xa0 obj_cooja/mtype466.a(rpl-dag.o)
 .bss           0x0000000000035400        0x0 obj_cooja/mtype466.a(rpl-ext-header.)
 .bss           0x0000000000035400        0x0 obj_cooja/mtype466.a(rpl-icmp6.o)
 .bss           0x0000000000035400        0x0 obj_cooja/mtype466.a(rpl-mrhof.o)
 .bss           0x0000000000035400       0x23 obj_cooja/mtype466.a(rpl-timers.o)
 *fill*         0x0000000000035423        0x1 
 .bss           0x0000000000035424        0x4 obj_cooja/mtype466.a(rpl.o)
 .bss           0x0000000000035428        0x0 obj_cooja/mtype466.a(linkaddr.o)
 *fill*         0x0000000000035428       0x18 
 .bss           0x0000000000035440       0xdc obj_cooja/mtype466.a(nbr-table.o)
 .bss           0x000000000003551c        0x0 obj_cooja/mtype466.a(netstack.o)
 *fill*         0x000000000003551c        0x4 
 .bss           0x0000000000035520       0xa0 obj_cooja/mtype466.a(packetbuf.o)
 .bss           0x00000000000355c0      0xb80 obj_cooja/mtype466.a(queuebuf.o)
 .bss           0x0000000000036140      0x248 obj_cooja/mtype466.a(csma.o)
 .bss           0x0000000000036388        0x2 obj_cooja/mtype466.a(framer-802154.o)
 .bss           0x000000000003638a        0x0 obj_cooja/mtype466.a(mac.o)
 .bss           0x000000000003638a        0x0 obj_cooja/mtype466.a(nullrdc.o)
 .bss           0x000000000003638a        0x0 obj_cooja/mtype466.a(nullsec.o)
 .bss           0x000000000003638a        0x0 obj_cooja/mtype466.a(watchdog.o)
 .bss           0x000000000003638a        0x0 obj_cooja/mtype466.a(rimestats.o)
 .bss           0x000000000003638a        0x0 obj_cooja/mtype466.a(memb.o)
 *fill*         0x000000000003638a        0x2 
 .bss           0x000000000003638c       0x18 obj_cooja/mtype466.a(uip-icmp6.o)
 .bss           0x00000000000363a4        0x0 obj_cooja/mtype466.a(uip-nd6.o)
 *fill*         0x00000000000363a4       0x1c 
 .bss           0x00000000000363c0       0x44 obj_cooja/mtype466.a(rpl-nbr-policy.)
 .bss           0x0000000000036404        0x0 obj_cooja/mtype466.a(frame802154.o)
 *fill*         0x0000000000036404       0x1c 
 .bss           0x0000000000036420       0x90 obj_cooja/mtype466.a(mac-sequence.o)
 .bss           0x00000000000364b0        0x0 /usr/lib/gcc/i686-linux-gnu/4.8/crtendS.o
 .bss           0x00000000000364b0        0x0 /usr/lib/gcc/i686-linux-gnu/4.8/../../../i386-linux-gnu/crtn.o
 *(COMMON)
 COMMON         0x00000000000364b0        0x8 obj_cooja/mtype466.o
                0x00000000000364b0                referenceVar
                0x00000000000364b4                sensors_flags
 COMMON         0x00000000000364b8        0xc obj_cooja/mtype466.a(simEnvChange.o)
                0x00000000000364b8                simEtimerPending
                0x00000000000364bc                simProcessRunValue
                0x00000000000364c0                simNextExpirationTime
 COMMON         0x00000000000364c4        0x1 obj_cooja/mtype466.a(beep.o)
                0x00000000000364c4                simBeeped
 COMMON         0x00000000000364c5        0x3 obj_cooja/mtype466.a(button-sensor.o)
                0x00000000000364c5                simButtonIsActive
                0x00000000000364c6                simButtonIsDown
                0x00000000000364c7                simButtonChanged
 COMMON         0x00000000000364c8        0x1 obj_cooja/mtype466.a(leds-arch.o)
                0x00000000000364c8                simLedsValue
 *fill*         0x00000000000364c9        0x3 
 COMMON         0x00000000000364cc        0xc obj_cooja/mtype466.a(moteid.o)
                0x00000000000364cc                simRandomSeed
                0x00000000000364d0                simMoteIDChanged
                0x00000000000364d4                simMoteID
 COMMON         0x00000000000364d8        0x2 obj_cooja/mtype466.a(pir-sensor.o)
                0x00000000000364d8                simPirIsActive
                0x00000000000364d9                simPirChanged
 *fill*         0x00000000000364da        0x6 
 COMMON         0x00000000000364e0      0x820 obj_cooja/mtype466.a(rs232.o)
                0x00000000000364e0                simSerialReceivingFlag
                0x00000000000364e4                simSerialReceivingLength
                0x0000000000036500                simSerialReceivingData
 COMMON         0x0000000000036d00        0x2 obj_cooja/mtype466.a(vib-sensor.o)
                0x0000000000036d00                simVibChanged
                0x0000000000036d01                simVibIsActive
 *fill*         0x0000000000036d02        0x2 
 COMMON         0x0000000000036d04        0x4 obj_cooja/mtype466.a(clock.o)
                0x0000000000036d04                simCurrentTime
 *fill*         0x0000000000036d08       0x18 
 COMMON         0x0000000000036d20      0x420 obj_cooja/mtype466.a(log.o)
                0x0000000000036d20                simLoggedLength
                0x0000000000036d24                simLoggedFlag
                0x0000000000036d40                simLoggedData
 COMMON         0x0000000000037140      0x200 obj_cooja/mtype466.a(cooja-radio.o)
                0x0000000000037140                simOutDataBuffer
                0x00000000000371c0                simInDataBufferLR
                0x0000000000037240                simOutDataBufferLR
                0x00000000000372c0                simInDataBuffer
 COMMON         0x0000000000037340      0x400 obj_cooja/mtype466.a(eeprom.o)
                0x0000000000037340                simEEPROMData
 COMMON         0x0000000000037740        0x1 obj_cooja/mtype466.a(sensors.o)
                0x0000000000037740                sensors_event
 COMMON         0x0000000000037741        0x1 obj_cooja/mtype466.a(serial-line.o)
                0x0000000000037741                serial_line_event_message
 *fill*         0x0000000000037742       0x1e 
 COMMON         0x0000000000037760       0x64 obj_cooja/mtype466.a(uip-ds6-nbr.o)
                0x0000000000037760                ds6_lr_addrmap
 *fill*         0x00000000000377c4       0x1c 
 COMMON         0x00000000000377e0      0x298 obj_cooja/mtype466.a(uip-ds6.o)
                0x00000000000377e0                uip_ds6_prefix_list
                0x0000000000037840                uip_ds6_timer_periodic
                0x0000000000037850                uip_ds6_netif_addr_list_offset
                0x0000000000037860                uip_ds6_if
                0x0000000000037958                uip_ds6_timer_ra
                0x0000000000037960                uip_ds6_addr_size
                0x0000000000037980                long_uip_ds6_if
 *fill*         0x0000000000037a78        0x8 
 COMMON         0x0000000000037a80      0x8ec obj_cooja/mtype466.a(uip6.o)
                0x0000000000037a80                uip_slen
                0x0000000000037a82                uip_acc32
                0x0000000000037aa0                uip_conns
                0x0000000000037b60                uip_lladdr
                0x0000000000037b68                uip_appdata
                0x0000000000037b6c                uip_flags
                0x0000000000037b80                uip_aligned_buf
                0x00000000000381c0                uip_listenports
                0x00000000000381d0                uip_len
                0x00000000000381d2                uip_long_lladdr
                0x00000000000381dc                uip_sappdata
                0x00000000000381e0                uip_udp_conns
                0x0000000000038360                uip_udp_conn
                0x0000000000038364                uip_next_hdr
                0x0000000000038368                uip_conn
 COMMON         0x000000000003836c        0x1 obj_cooja/mtype466.a(tcpip.o)
                0x000000000003836c                tcpip_event
 *fill*         0x000000000003836d       0x13 
 COMMON         0x0000000000038380      0x170 obj_cooja/mtype466.a(rpl-dag.o)
                0x0000000000038380                default_instance
                0x00000000000383a0                instance_table
 COMMON         0x00000000000384f0       0x10 obj_cooja/mtype466.a(linkaddr.o)
                0x00000000000384f0                linkaddr_node_addr
                0x00000000000384f8                long_linkaddr_node_addr
 COMMON         0x0000000000038500       0x2e obj_cooja/mtype466.a(packetbuf.o)
                0x0000000000038500                packetbuf_attrs
                0x000000000003851e                packetbuf_addrs
 *fill*         0x000000000003852e       0x12 
 COMMON         0x0000000000038540       0x48 obj_cooja/mtype466.a(rimestats.o)
                0x0000000000038540                rimestats
                0x0000000000038588                . = ALIGN ((. != 0x0)?0x4:0x1)
                0x0000000000038588                . = ALIGN (0x4)
                0x0000000000038588                . = SEGMENT_START ("ldata-segment", .)
                0x0000000000038588                . = ALIGN (0x4)
                0x0000000000038588                _end = .
                0x0000000000038588                PROVIDE (end, .)
                0x0000000000038588                . = DATA_SEGMENT_END (.)

.stab
 *(.stab)

.stabstr
 *(.stabstr)

.stab.excl
 *(.stab.excl)

.stab.exclstr
 *(.stab.exclstr)

.stab.index
 *(.stab.index)

.stab.indexstr
 *(.stab.indexstr)

.comment        0x0000000000000000       0x2b
 *(.comment)
 .comment       0x0000000000000000       0x2b /usr/lib/gcc/i686-linux-gnu/4.8/crtbeginS.o
                                         0x2c (size before relaxing)
 .comment       0x0000000000000000       0x2c udp-client.co
 .comment       0x0000000000000000       0x2c obj_cooja/mtype466.o
 .comment       0x0000000000000000       0x2c obj_cooja/mtype466.a(simEnvChange.o)
 .comment       0x0000000000000000       0x2c obj_cooja/mtype466.a(cooja_mt.o)
 .comment       0x0000000000000000       0x2c obj_cooja/mtype466.a(cooja_mtarch.o)
 .comment       0x0000000000000000       0x2c obj_cooja/mtype466.a(rtimer-arch.o)
 .comment       0x0000000000000000       0x2c obj_cooja/mtype466.a(beep.o)
 .comment       0x0000000000000000       0x2c obj_cooja/mtype466.a(button-sensor.o)
 .comment       0x0000000000000000       0x2c obj_cooja/mtype466.a(leds-arch.o)
 .comment       0x0000000000000000       0x2c obj_cooja/mtype466.a(moteid.o)
 .comment       0x0000000000000000       0x2c obj_cooja/mtype466.a(pir-sensor.o)
 .comment       0x0000000000000000       0x2c obj_cooja/mtype466.a(rs232.o)
 .comment       0x0000000000000000       0x2c obj_cooja/mtype466.a(vib-sensor.o)
 .comment       0x0000000000000000       0x2c obj_cooja/mtype466.a(clock.o)
 .comment       0x0000000000000000       0x2c obj_cooja/mtype466.a(log.o)
 .comment       0x0000000000000000       0x2c obj_cooja/mtype466.a(cfs-cooja.o)
 .comment       0x0000000000000000       0x2c obj_cooja/mtype466.a(cooja-radio.o)
 .comment       0x0000000000000000       0x2c obj_cooja/mtype466.a(eeprom.o)
 .comment       0x0000000000000000       0x2c obj_cooja/mtype466.a(random.o)
 .comment       0x0000000000000000       0x2c obj_cooja/mtype466.a(sensors.o)
 .comment       0x0000000000000000       0x2c obj_cooja/mtype466.a(dual_conf.o)
 .comment       0x0000000000000000       0x2c obj_cooja/mtype466.a(autostart.o)
 .comment       0x0000000000000000       0x2c obj_cooja/mtype466.a(ctimer.o)
 .comment       0x0000000000000000       0x2c obj_cooja/mtype466.a(etimer.o)
 .comment       0x0000000000000000       0x2c obj_cooja/mtype466.a(process.o)
 .comment       0x0000000000000000       0x2c obj_cooja/mtype466.a(rtimer.o)
 .comment       0x0000000000000000       0x2c obj_cooja/mtype466.a(stimer.o)
 .comment       0x0000000000000000       0x2c obj_cooja/mtype466.a(timer.o)
 .comment       0x0000000000000000       0x2c obj_cooja/mtype466.a(serial-line.o)
 .comment       0x0000000000000000       0x2c obj_cooja/mtype466.a(list.o)
 .comment       0x0000000000000000       0x2c obj_cooja/mtype466.a(ringbuf.o)
 .comment       0x0000000000000000       0x2c obj_cooja/mtype466.a(sicslowpan.o)
 .comment       0x0000000000000000       0x2c obj_cooja/mtype466.a(uip-ds6-nbr.o)
 .comment       0x0000000000000000       0x2c obj_cooja/mtype466.a(uip-ds6-route.o)
 .comment       0x0000000000000000       0x2c obj_cooja/mtype466.a(uip-ds6.o)
 .comment       0x0000000000000000       0x2c obj_cooja/mtype466.a(uip6.o)
 .comment       0x0000000000000000       0x2c obj_cooja/mtype466.a(tcpip.o)
 .comment       0x0000000000000000       0x2c obj_cooja/mtype466.a(uip-debug.o)
 .comment       0x0000000000000000       0x2c obj_cooja/mtype466.a(uip-packetqueue)
 .comment       0x0000000000000000       0x2c obj_cooja/mtype466.a(uip-udp-packet.)
 .comment       0x0000000000000000       0x2c obj_cooja/mtype466.a(rpl-dag.o)
 .comment       0x0000000000000000       0x2c obj_cooja/mtype466.a(rpl-ext-header.)
 .comment       0x0000000000000000       0x2c obj_cooja/mtype466.a(rpl-icmp6.o)
 .comment       0x0000000000000000       0x2c obj_cooja/mtype466.a(rpl-mrhof.o)
 .comment       0x0000000000000000       0x2c obj_cooja/mtype466.a(rpl-timers.o)
 .comment       0x0000000000000000       0x2c obj_cooja/mtype466.a(rpl.o)
 .comment       0x0000000000000000       0x2c obj_cooja/mtype466.a(linkaddr.o)
 .comment       0x0000000000000000       0x2c obj_cooja/mtype466.a(nbr-table.o)
 .comment       0x0000000000000000       0x2c obj_cooja/mtype466.a(netstack.o)
 .comment       0x0000000000000000       0x2c obj_cooja/mtype466.a(packetbuf.o)
 .comment       0x0000000000000000       0x2c obj_cooja/mtype466.a(queuebuf.o)
 .comment       0x0000000000000000       0x2c obj_cooja/mtype466.a(csma.o)
 .comment       0x0000000000000000       0x2c obj_cooja/mtype466.a(framer-802154.o)
 .comment       0x0000000000000000       0x2c obj_cooja/mtype466.a(mac.o)
 .comment       0x0000000000000000       0x2c obj_cooja/mtype466.a(nullrdc.o)
 .comment       0x0000000000000000       0x2c obj_cooja/mtype466.a(nullsec.o)
 .comment       0x0000000000000000       0x2c obj_cooja/mtype466.a(watchdog.o)
 .comment       0x0000000000000000       0x2c obj_cooja/mtype466.a(rimestats.o)
 .comment       0x0000000000000000       0x2c obj_cooja/mtype466.a(memb.o)
 .comment       0x0000000000000000       0x2c obj_cooja/mtype466.a(uip-icmp6.o)
 .comment       0x0000000000000000       0x2c obj_cooja/mtype466.a(uip-nd6.o)
 .comment       0x0000000000000000       0x2c obj_cooja/mtype466.a(rpl-nbr-policy.)
 .comment       0x0000000000000000       0x2c obj_cooja/mtype466.a(frame802154.o)
 .comment       0x0000000000000000       0x2c obj_cooja/mtype466.a(mac-sequence.o)
 .comment       0x0000000000000000       0x2c /usr/lib/gcc/i686-linux-gnu/4.8/crtendS.o

.debug
 *(.debug)

.line
 *(.line)

.debug_srcinfo
 *(.debug_srcinfo)

.debug_sfnames
 *(.debug_sfnames)

.debug_aranges  0x0000000000000000      0x7f8
 *(.debug_aranges)
 .debug_aranges
                0x0000000000000000       0x20 udp-client.co
 .debug_aranges
                0x0000000000000020       0x20 obj_cooja/mtype466.o
 .debug_aranges
                0x0000000000000040       0x20 obj_cooja/mtype466.a(simEnvChange.o)
 .debug_aranges
                0x0000000000000060       0x20 obj_cooja/mtype466.a(cooja_mt.o)
 .debug_aranges
                0x0000000000000080       0x20 obj_cooja/mtype466.a(cooja_mtarch.o)
 .debug_aranges
                0x00000000000000a0       0x20 obj_cooja/mtype466.a(rtimer-arch.o)
 .debug_aranges
                0x00000000000000c0       0x20 obj_cooja/mtype466.a(beep.o)
 .debug_aranges
                0x00000000000000e0       0x20 obj_cooja/mtype466.a(button-sensor.o)
 .debug_aranges
                0x0000000000000100       0x20 obj_cooja/mtype466.a(leds-arch.o)
 .debug_aranges
                0x0000000000000120       0x20 obj_cooja/mtype466.a(moteid.o)
 .debug_aranges
                0x0000000000000140       0x20 obj_cooja/mtype466.a(pir-sensor.o)
 .debug_aranges
                0x0000000000000160       0x20 obj_cooja/mtype466.a(rs232.o)
 .debug_aranges
                0x0000000000000180       0x20 obj_cooja/mtype466.a(vib-sensor.o)
 .debug_aranges
                0x00000000000001a0       0x20 obj_cooja/mtype466.a(clock.o)
 .debug_aranges
                0x00000000000001c0       0x20 obj_cooja/mtype466.a(log.o)
 .debug_aranges
                0x00000000000001e0       0x20 obj_cooja/mtype466.a(cfs-cooja.o)
 .debug_aranges
                0x0000000000000200       0x20 obj_cooja/mtype466.a(cooja-radio.o)
 .debug_aranges
                0x0000000000000220       0x20 obj_cooja/mtype466.a(eeprom.o)
 .debug_aranges
                0x0000000000000240       0x20 obj_cooja/mtype466.a(random.o)
 .debug_aranges
                0x0000000000000260       0x20 obj_cooja/mtype466.a(sensors.o)
 .debug_aranges
                0x0000000000000280       0x20 obj_cooja/mtype466.a(dual_conf.o)
 .debug_aranges
                0x00000000000002a0       0x20 obj_cooja/mtype466.a(autostart.o)
 .debug_aranges
                0x00000000000002c0       0x20 obj_cooja/mtype466.a(ctimer.o)
 .debug_aranges
                0x00000000000002e0       0x20 obj_cooja/mtype466.a(etimer.o)
 .debug_aranges
                0x0000000000000300       0x20 obj_cooja/mtype466.a(process.o)
 .debug_aranges
                0x0000000000000320       0x20 obj_cooja/mtype466.a(rtimer.o)
 .debug_aranges
                0x0000000000000340       0x20 obj_cooja/mtype466.a(stimer.o)
 .debug_aranges
                0x0000000000000360       0x20 obj_cooja/mtype466.a(timer.o)
 .debug_aranges
                0x0000000000000380       0x20 obj_cooja/mtype466.a(serial-line.o)
 .debug_aranges
                0x00000000000003a0       0x20 obj_cooja/mtype466.a(list.o)
 .debug_aranges
                0x00000000000003c0       0x20 obj_cooja/mtype466.a(ringbuf.o)
 .debug_aranges
                0x00000000000003e0       0x20 obj_cooja/mtype466.a(sicslowpan.o)
 .debug_aranges
                0x0000000000000400       0x20 obj_cooja/mtype466.a(uip-ds6-nbr.o)
 .debug_aranges
                0x0000000000000420       0x20 obj_cooja/mtype466.a(uip-ds6-route.o)
 .debug_aranges
                0x0000000000000440       0x20 obj_cooja/mtype466.a(uip-ds6.o)
 .debug_aranges
                0x0000000000000460       0x20 obj_cooja/mtype466.a(uip6.o)
 .debug_aranges
                0x0000000000000480       0x20 obj_cooja/mtype466.a(tcpip.o)
 .debug_aranges
                0x00000000000004a0       0x20 obj_cooja/mtype466.a(uip-debug.o)
 .debug_aranges
                0x00000000000004c0       0x20 obj_cooja/mtype466.a(uip-packetqueue)
 .debug_aranges
                0x00000000000004e0       0x20 obj_cooja/mtype466.a(uip-udp-packet.)
 .debug_aranges
                0x0000000000000500       0x20 obj_cooja/mtype466.a(rpl-dag.o)
 .debug_aranges
                0x0000000000000520       0x20 obj_cooja/mtype466.a(rpl-ext-header.)
 .debug_aranges
                0x0000000000000540       0x20 obj_cooja/mtype466.a(rpl-icmp6.o)
 .debug_aranges
                0x0000000000000560       0x20 obj_cooja/mtype466.a(rpl-mrhof.o)
 .debug_aranges
                0x0000000000000580       0x20 obj_cooja/mtype466.a(rpl-timers.o)
 .debug_aranges
                0x00000000000005a0       0x20 obj_cooja/mtype466.a(rpl.o)
 .debug_aranges
                0x00000000000005c0       0x20 obj_cooja/mtype466.a(linkaddr.o)
 .debug_aranges
                0x00000000000005e0       0x20 obj_cooja/mtype466.a(nbr-table.o)
 .debug_aranges
                0x0000000000000600       0x20 obj_cooja/mtype466.a(netstack.o)
 .debug_aranges
                0x0000000000000620       0x20 obj_cooja/mtype466.a(packetbuf.o)
 .debug_aranges
                0x0000000000000640       0x20 obj_cooja/mtype466.a(queuebuf.o)
 .debug_aranges
                0x0000000000000660       0x20 obj_cooja/mtype466.a(csma.o)
 .debug_aranges
                0x0000000000000680       0x20 obj_cooja/mtype466.a(framer-802154.o)
 .debug_aranges
                0x00000000000006a0       0x20 obj_cooja/mtype466.a(mac.o)
 .debug_aranges
                0x00000000000006c0       0x20 obj_cooja/mtype466.a(nullrdc.o)
 .debug_aranges
                0x00000000000006e0       0x20 obj_cooja/mtype466.a(nullsec.o)
 .debug_aranges
                0x0000000000000700       0x20 obj_cooja/mtype466.a(watchdog.o)
 .debug_aranges
                0x0000000000000720       0x18 obj_cooja/mtype466.a(rimestats.o)
 .debug_aranges
                0x0000000000000738       0x20 obj_cooja/mtype466.a(memb.o)
 .debug_aranges
                0x0000000000000758       0x20 obj_cooja/mtype466.a(uip-icmp6.o)
 .debug_aranges
                0x0000000000000778       0x20 obj_cooja/mtype466.a(uip-nd6.o)
 .debug_aranges
                0x0000000000000798       0x20 obj_cooja/mtype466.a(rpl-nbr-policy.)
 .debug_aranges
                0x00000000000007b8       0x20 obj_cooja/mtype466.a(frame802154.o)
 .debug_aranges
                0x00000000000007d8       0x20 obj_cooja/mtype466.a(mac-sequence.o)

.debug_pubnames
 *(.debug_pubnames)

.debug_info     0x0000000000000000    0x1b715
 *(.debug_info .gnu.linkonce.wi.*)
 .debug_info    0x0000000000000000      0x8a2 udp-client.co
 .debug_info    0x00000000000008a2     0x3771 obj_cooja/mtype466.o
 .debug_info    0x0000000000004013      0x15a obj_cooja/mtype466.a(simEnvChange.o)
 .debug_info    0x000000000000416d      0x1e2 obj_cooja/mtype466.a(cooja_mt.o)
 .debug_info    0x000000000000434f      0x2e7 obj_cooja/mtype466.a(cooja_mtarch.o)
 .debug_info    0x0000000000004636      0x16b obj_cooja/mtype466.a(rtimer-arch.o)
 .debug_info    0x00000000000047a1      0x1f3 obj_cooja/mtype466.a(beep.o)
 .debug_info    0x0000000000004994      0x257 obj_cooja/mtype466.a(button-sensor.o)
 .debug_info    0x0000000000004beb      0x132 obj_cooja/mtype466.a(leds-arch.o)
 .debug_info    0x0000000000004d1d      0x10a obj_cooja/mtype466.a(moteid.o)
 .debug_info    0x0000000000004e27      0x216 obj_cooja/mtype466.a(pir-sensor.o)
 .debug_info    0x000000000000503d      0x21e obj_cooja/mtype466.a(rs232.o)
 .debug_info    0x000000000000525b      0x216 obj_cooja/mtype466.a(vib-sensor.o)
 .debug_info    0x0000000000005471      0x152 obj_cooja/mtype466.a(clock.o)
 .debug_info    0x00000000000055c3      0x2bb obj_cooja/mtype466.a(log.o)
 .debug_info    0x000000000000587e      0x3cf obj_cooja/mtype466.a(cfs-cooja.o)
 .debug_info    0x0000000000005c4d      0xc5e obj_cooja/mtype466.a(cooja-radio.o)
 .debug_info    0x00000000000068ab      0x1d5 obj_cooja/mtype466.a(eeprom.o)
 .debug_info    0x0000000000006a80       0xb3 obj_cooja/mtype466.a(random.o)
 .debug_info    0x0000000000006b33      0x36d obj_cooja/mtype466.a(sensors.o)
 .debug_info    0x0000000000006ea0      0x99d obj_cooja/mtype466.a(dual_conf.o)
 .debug_info    0x000000000000783d      0x1a5 obj_cooja/mtype466.a(autostart.o)
 .debug_info    0x00000000000079e2      0x46c obj_cooja/mtype466.a(ctimer.o)
 .debug_info    0x0000000000007e4e      0x49c obj_cooja/mtype466.a(etimer.o)
 .debug_info    0x00000000000082ea      0x4ba obj_cooja/mtype466.a(process.o)
 .debug_info    0x00000000000087a4      0x1ab obj_cooja/mtype466.a(rtimer.o)
 .debug_info    0x000000000000894f      0x179 obj_cooja/mtype466.a(stimer.o)
 .debug_info    0x0000000000008ac8      0x16c obj_cooja/mtype466.a(timer.o)
 .debug_info    0x0000000000008c34      0x2de obj_cooja/mtype466.a(serial-line.o)
 .debug_info    0x0000000000008f12      0x2ed obj_cooja/mtype466.a(list.o)
 .debug_info    0x00000000000091ff      0x1aa obj_cooja/mtype466.a(ringbuf.o)
 .debug_info    0x00000000000093a9     0x105d obj_cooja/mtype466.a(sicslowpan.o)
 .debug_info    0x000000000000a406      0x8af obj_cooja/mtype466.a(uip-ds6-nbr.o)
 .debug_info    0x000000000000acb5      0xd30 obj_cooja/mtype466.a(uip-ds6-route.o)
 .debug_info    0x000000000000b9e5      0xc19 obj_cooja/mtype466.a(uip-ds6.o)
 .debug_info    0x000000000000c5fe      0xea0 obj_cooja/mtype466.a(uip6.o)
 .debug_info    0x000000000000d49e     0x14b3 obj_cooja/mtype466.a(tcpip.o)
 .debug_info    0x000000000000e951      0x1b5 obj_cooja/mtype466.a(uip-debug.o)
 .debug_info    0x000000000000eb06      0x470 obj_cooja/mtype466.a(uip-packetqueue)
 .debug_info    0x000000000000ef76      0x37a obj_cooja/mtype466.a(uip-udp-packet.)
 .debug_info    0x000000000000f2f0     0x1903 obj_cooja/mtype466.a(rpl-dag.o)
 .debug_info    0x0000000000010bf3      0xe2b obj_cooja/mtype466.a(rpl-ext-header.)
 .debug_info    0x0000000000011a1e     0x1746 obj_cooja/mtype466.a(rpl-icmp6.o)
 .debug_info    0x0000000000013164      0xabe obj_cooja/mtype466.a(rpl-mrhof.o)
 .debug_info    0x0000000000013c22      0xbeb obj_cooja/mtype466.a(rpl-timers.o)
 .debug_info    0x000000000001480d      0xcde obj_cooja/mtype466.a(rpl.o)
 .debug_info    0x00000000000154eb      0x198 obj_cooja/mtype466.a(linkaddr.o)
 .debug_info    0x0000000000015683      0x9c3 obj_cooja/mtype466.a(nbr-table.o)
 .debug_info    0x0000000000016046      0x4b9 obj_cooja/mtype466.a(netstack.o)
 .debug_info    0x00000000000164ff      0x478 obj_cooja/mtype466.a(packetbuf.o)
 .debug_info    0x0000000000016977      0x57d obj_cooja/mtype466.a(queuebuf.o)
 .debug_info    0x0000000000016ef4      0xbff obj_cooja/mtype466.a(csma.o)
 .debug_info    0x0000000000017af3      0x5ed obj_cooja/mtype466.a(framer-802154.o)
 .debug_info    0x00000000000180e0      0x112 obj_cooja/mtype466.a(mac.o)
 .debug_info    0x00000000000181f2      0xc6c obj_cooja/mtype466.a(nullrdc.o)
 .debug_info    0x0000000000018e5e      0x3aa obj_cooja/mtype466.a(nullsec.o)
 .debug_info    0x0000000000019208       0x7b obj_cooja/mtype466.a(watchdog.o)
 .debug_info    0x0000000000019283      0x119 obj_cooja/mtype466.a(rimestats.o)
 .debug_info    0x000000000001939c      0x1d7 obj_cooja/mtype466.a(memb.o)
 .debug_info    0x0000000000019573      0x784 obj_cooja/mtype466.a(uip-icmp6.o)
 .debug_info    0x0000000000019cf7      0x331 obj_cooja/mtype466.a(uip-nd6.o)
 .debug_info    0x000000000001a028      0xda2 obj_cooja/mtype466.a(rpl-nbr-policy.)
 .debug_info    0x000000000001adca      0x6b4 obj_cooja/mtype466.a(frame802154.o)
 .debug_info    0x000000000001b47e      0x297 obj_cooja/mtype466.a(mac-sequence.o)

.debug_abbrev   0x0000000000000000     0x675f
 *(.debug_abbrev)
 .debug_abbrev  0x0000000000000000      0x1c0 udp-client.co
 .debug_abbrev  0x00000000000001c0      0x2b3 obj_cooja/mtype466.o