Archive member included to satisfy reference by file (symbol)

obj_cooja/mtype944.a(simEnvChange.o)
                              obj_cooja/mtype944.o (simDontFallAsleep)
obj_cooja/mtype944.a(cooja_mt.o)
                              obj_cooja/mtype944.o (cooja_mt_start)
obj_cooja/mtype944.a(cooja_mtarch.o)
                              obj_cooja/mtype944.a(cooja_mt.o) (cooja_mtarch_init)
obj_cooja/mtype944.a(rtimer-arch.o)
                              obj_cooja/mtype944.o (rtimer_arch_next)
obj_cooja/mtype944.a(beep.o)  obj_cooja/mtype944.o (beep_interface)
obj_cooja/mtype944.a(button-sensor.o)
                              obj_cooja/mtype944.o (button_interface)
obj_cooja/mtype944.a(leds-arch.o)
                              obj_cooja/mtype944.o (leds_interface)
obj_cooja/mtype944.a(moteid.o)
                              obj_cooja/mtype944.o (moteid_interface)
obj_cooja/mtype944.a(pir-sensor.o)
                              obj_cooja/mtype944.o (pir_interface)
obj_cooja/mtype944.a(rs232.o)
                              obj_cooja/mtype944.o (rs232_interface)
obj_cooja/mtype944.a(vib-sensor.o)
                              obj_cooja/mtype944.o (vib_interface)
obj_cooja/mtype944.a(clock.o)
                              obj_cooja/mtype944.o (clock_interface)
obj_cooja/mtype944.a(log.o)   obj_cooja/mtype944.o (simlog_interface)
obj_cooja/mtype944.a(cfs-cooja.o)
                              obj_cooja/mtype944.o (cfs_interface)
obj_cooja/mtype944.a(cooja-radio.o)
                              obj_cooja/mtype944.o (radio_interface)
obj_cooja/mtype944.a(eeprom.o)
                              obj_cooja/mtype944.o (eeprom_interface)
obj_cooja/mtype944.a(random.o)
                              obj_cooja/mtype944.a(moteid.o) (random_init)
obj_cooja/mtype944.a(sensors.o)
                              obj_cooja/mtype944.o (sensors_process)
obj_cooja/mtype944.a(dual_conf.o)
                              obj_cooja/mtype944.a(cooja-radio.o) (long_range_radio)
obj_cooja/mtype944.a(autostart.o)
                              obj_cooja/mtype944.o (autostart_start)
obj_cooja/mtype944.a(ctimer.o)
                              obj_cooja/mtype944.o (ctimer_init)
obj_cooja/mtype944.a(etimer.o)
                              obj_cooja/mtype944.o (etimer_process)
obj_cooja/mtype944.a(process.o)
                              udp-client.co (process_current)
obj_cooja/mtype944.a(rtimer.o)
                              obj_cooja/mtype944.a(rtimer-arch.o) (rtimer_run_next)
obj_cooja/mtype944.a(stimer.o)
                              udp-client.co (stimer_remaining)
obj_cooja/mtype944.a(timer.o)
                              obj_cooja/mtype944.a(button-sensor.o) (timer_set)
obj_cooja/mtype944.a(serial-line.o)
                              udp-client.co (serial_line_event_message)
obj_cooja/mtype944.a(list.o)  obj_cooja/mtype944.a(ctimer.o) (list_init)
obj_cooja/mtype944.a(ringbuf.o)
                              obj_cooja/mtype944.a(serial-line.o) (ringbuf_init)
obj_cooja/mtype944.a(sicslowpan.o)
                              obj_cooja/mtype944.o (sicslowpan_driver)
obj_cooja/mtype944.a(uip-ds6-nbr.o)
                              obj_cooja/mtype944.a(sicslowpan.o) (uip_ds6_link_neighbor_callback)
obj_cooja/mtype944.a(uip-ds6-route.o)
                              udp-client.co (uip_ds6_route_nexthop)
obj_cooja/mtype944.a(uip-ds6.o)
                              udp-client.co (uip_ds6_if)
obj_cooja/mtype944.a(uip6.o)  udp-client.co (uip_lladdr)
obj_cooja/mtype944.a(tcpip.o)
                              udp-client.co (tcpip_event)
obj_cooja/mtype944.a(uip-debug.o)
                              udp-client.co (uip_debug_ipaddr_print)
obj_cooja/mtype944.a(uip-packetqueue)
                              obj_cooja/mtype944.a(uip-ds6-nbr.o) (uip_packetqueue_new)
obj_cooja/mtype944.a(uip-udp-packet.)
                              udp-client.co (uip_udp_packet_sendto)
obj_cooja/mtype944.a(rpl-dag.o)
                              obj_cooja/mtype944.a(tcpip.o) (rpl_repair_root)
obj_cooja/mtype944.a(rpl-ext-header.)
                              obj_cooja/mtype944.a(uip6.o) (rpl_verify_header)
obj_cooja/mtype944.a(rpl-icmp6.o)
                              obj_cooja/mtype944.a(rpl-dag.o) (rpl_icmp6_update_nbr_table)
obj_cooja/mtype944.a(rpl-mrhof.o)
                              obj_cooja/mtype944.a(rpl-dag.o) (rpl_mrhof)
obj_cooja/mtype944.a(rpl-timers.o)
                              obj_cooja/mtype944.a(rpl-dag.o) (rpl_reset_dio_timer)
obj_cooja/mtype944.a(rpl.o)   obj_cooja/mtype944.a(rpl-icmp6.o) (rpl_get_mode)
obj_cooja/mtype944.a(linkaddr.o)
                              obj_cooja/mtype944.o (linkaddr_node_addr)
obj_cooja/mtype944.a(nbr-table.o)
                              obj_cooja/mtype944.a(uip-ds6-nbr.o) (lladdr_map_add_lr)
obj_cooja/mtype944.a(netstack.o)
                              obj_cooja/mtype944.o (netstack_init)
obj_cooja/mtype944.a(packetbuf.o)
[...]
Memory Configuration

Name             Origin             Length             Attributes
*default*        0x0000000000000000 0xffffffffffffffff

Linker script and memory map

LOAD /usr/lib/gcc/i686-linux-gnu/4.8/../../../i386-linux-gnu/crti.o
LOAD /usr/lib/gcc/i686-linux-gnu/4.8/crtbeginS.o
LOAD udp-client.co
LOAD obj_cooja/mtype944.o
LOAD obj_cooja/mtype944.a
LOAD /usr/lib/gcc/i686-linux-gnu/4.8/libgcc.a
LOAD /usr/lib/gcc/i686-linux-gnu/4.8/libgcc_s.so
LOAD /usr/lib/gcc/i686-linux-gnu/4.8/../../../i386-linux-gnu/libc.so
START GROUP
LOAD /lib/i386-linux-gnu/libc.so.6
LOAD /usr/lib/i386-linux-gnu/libc_nonshared.a
LOAD /lib/i386-linux-gnu/ld-linux.so.2
END GROUP
LOAD /usr/lib/gcc/i686-linux-gnu/4.8/libgcc.a
LOAD /usr/lib/gcc/i686-linux-gnu/4.8/libgcc_s.so
LOAD /usr/lib/gcc/i686-linux-gnu/4.8/crtendS.o
LOAD /usr/lib/gcc/i686-linux-gnu/4.8/../../../i386-linux-gnu/crtn.o
                0x0000000000000114                . = (0x0 + SIZEOF_HEADERS)

.note.gnu.build-id
                0x0000000000000114       0x24
 *(.note.gnu.build-id)
 .note.gnu.build-id
                0x0000000000000114       0x24 /usr/lib/gcc/i686-linux-gnu/4.8/../../../i386-linux-gnu/crti.o

.hash
 *(.hash)

.gnu.hash       0x0000000000000138     0x12a0
 *(.gnu.hash)
 .gnu.hash      0x0000000000000138     0x12a0 /usr/lib/gcc/i686-linux-gnu/4.8/../../../i386-linux-gnu/crti.o

.dynsym         0x00000000000013d8     0x22c0
 *(.dynsym)
 .dynsym        0x00000000000013d8     0x22c0 /usr/lib/gcc/i686-linux-gnu/4.8/../../../i386-linux-gnu/crti.o

.dynstr         0x0000000000003698     0x23fb
 *(.dynstr)
 .dynstr        0x0000000000003698     0x23fb /usr/lib/gcc/i686-linux-gnu/4.8/../../../i386-linux-gnu/crti.o

.gnu.version    0x0000000000005a94      0x458
 *(.gnu.version)
 .gnu.version   0x0000000000005a94      0x458 /usr/lib/gcc/i686-linux-gnu/4.8/../../../i386-linux-gnu/crti.o

.gnu.version_d  0x0000000000005eec        0x0
 *(.gnu.version_d)
 .gnu.version_d
                0x0000000000000000        0x0 /usr/lib/gcc/i686-linux-gnu/4.8/../../../i386-linux-gnu/crti.o

.gnu.version_r  0x0000000000005eec       0x40
 *(.gnu.version_r)
 .gnu.version_r
                0x0000000000005eec       0x40 /usr/lib/gcc/i686-linux-gnu/4.8/../../../i386-linux-gnu/crti.o

.rel.dyn        0x0000000000005f2c     0x9108
 *(.rel.init)
 .rel.init      0x0000000000000000        0x0 /usr/lib/gcc/i686-linux-gnu/4.8/../../../i386-linux-gnu/crti.o
 *(.rel.text .rel.text.* .rel.gnu.linkonce.t.*)
 .rel.text      0x0000000000005f2c     0x8968 /usr/lib/gcc/i686-linux-gnu/4.8/../../../i386-linux-gnu/crti.o
 *(.rel.fini)
 .rel.fini      0x0000000000000000        0x0 /usr/lib/gcc/i686-linux-gnu/4.8/../../../i386-linux-gnu/crti.o
 *(.rel.rodata .rel.rodata.* .rel.gnu.linkonce.r.*)
 .rel.rodata    0x000000000000e894      0x4e0 /usr/lib/gcc/i686-linux-gnu/4.8/../../../i386-linux-gnu/crti.o
 *(.rel.data.rel.ro .rel.data.rel.ro.* .rel.gnu.linkonce.d.rel.ro.*)
 *(.rel.data .rel.data.* .rel.gnu.linkonce.d.*)
 .rel.data.rel  0x000000000000ed74        0x8 /usr/lib/gcc/i686-linux-gnu/4.8/../../../i386-linux-gnu/crti.o
 .rel.data      0x000000000000ed7c      0x280 /usr/lib/gcc/i686-linux-gnu/4.8/../../../i386-linux-gnu/crti.o
 *(.rel.tdata .rel.tdata.* .rel.gnu.linkonce.td.*)
 *(.rel.tbss .rel.tbss.* .rel.gnu.linkonce.tb.*)
 *(.rel.ctors)
 *(.rel.dtors)
 *(.rel.got)
 .rel.got       0x000000000000effc       0x28 /usr/lib/gcc/i686-linux-gnu/4.8/../../../i386-linux-gnu/crti.o
 *(.rel.bss .rel.bss.* .rel.gnu.linkonce.b.*)
 *(.rel.ifunc)
 .rel.ifunc     0x0000000000000000        0x0 /usr/lib/gcc/i686-linux-gnu/4.8/../../../i386-linux-gnu/crti.o
 .rel.fini_array
                0x000000000000f024        0x8 /usr/lib/gcc/i686-linux-gnu/4.8/../../../i386-linux-gnu/crti.o
 .rel.init_array
                0x000000000000f02c        0x8 /usr/lib/gcc/i686-linux-gnu/4.8/../../../i386-linux-gnu/crti.o

.rel.plt        0x000000000000f034       0x10
 *(.rel.plt)
 .rel.plt       0x000000000000f034       0x10 /usr/lib/gcc/i686-linux-gnu/4.8/../../../i386-linux-gnu/crti.o
 *(.rel.iplt)

.init           0x000000000000f044       0x23
 *(SORT(.init))
 .init          0x000000000000f044       0x1e /usr/lib/gcc/i686-linux-gnu/4.8/../../../i386-linux-gnu/crti.o
                0x000000000000f044                _init
 .init          0x000000000000f062        0x5 /usr/lib/gcc/i686-linux-gnu/4.8/../../../i386-linux-gnu/crtn.o

.plt            0x000000000000f070       0x30
 *(.plt)
 .plt           0x000000000000f070       0x30 /usr/lib/gcc/i686-linux-gnu/4.8/../../../i386-linux-gnu/crti.o
 *(.iplt)

.text           0x000000000000f0a0    0x15fdd
 *(.text.unlikely .text.*_unlikely .text.unlikely.*)
 *(.text.exit .text.exit.*)
 *(.text.startup .text.startup.*)
 *(.text.hot .text.hot.*)
 *(.text .stub .text.* .gnu.linkonce.t.*)
 .text          0x000000000000f0a0        0x0 /usr/lib/gcc/i686-linux-gnu/4.8/../../../i386-linux-gnu/crti.o
 .gnu.linkonce.t.__x86.get_pc_thunk.bx
                0x000000000000f0a0        0x4 /usr/lib/gcc/i686-linux-gnu/4.8/../../../i386-linux-gnu/crti.o
                0x000000000000f0a0                __x86.get_pc_thunk.bx
 *fill*         0x000000000000f0a4        0xc 
 .text          0x000000000000f0b0      0x11b /usr/lib/gcc/i686-linux-gnu/4.8/crtbeginS.o
 .text          0x000000000000f1cb      0x5cc udp-client.co
 .text          0x000000000000f797      0x944 obj_cooja/mtype944.o
                0x000000000000f945                contiki_init
                0x000000000000fef2                Java_org_contikios_cooja_corecomm_Lib2_init
                0x000000000000ff32                Java_org_contikios_cooja_corecomm_Lib2_getMemory
                0x000000000000ff72                Java_org_contikios_cooja_corecomm_Lib2_setMemory
                0x000000000000ffe9                Java_org_contikios_cooja_corecomm_Lib2_tick
                0x00000000000100c9                Java_org_contikios_cooja_corecomm_Lib2_setReferenceAddress
 .text          0x00000000000100db       0x63 obj_cooja/mtype944.a(simEnvChange.o)
                0x00000000000100db                doActionsBeforeTick
                0x000000000001010c                doActionsAfterTick
 .text          0x000000000001013e       0xbc obj_cooja/mtype944.a(cooja_mt.o)
                0x000000000001013e                cooja_mt_init
                0x000000000001014b                cooja_mt_remove
                0x0000000000010158                cooja_mt_start
                0x0000000000010185                cooja_mt_exec
                0x00000000000101b6                cooja_mt_exit
                0x00000000000101d8                cooja_mt_yield
 .text          0x00000000000101fa      0x115 obj_cooja/mtype944.a(cooja_mtarch.o)
                0x00000000000101fa                cooja_mtarch_init
                0x00000000000101ff                cooja_mtarch_start
                0x000000000001027a                cooja_sw
                0x000000000001029c                cooja_mtarch_exec
                0x00000000000102b8                cooja_mtarch_remove
                0x00000000000102bd                cooja_mtarch_yield
                0x00000000000102c7                cooja_mtarch_pstop
                0x00000000000102cc                cooja_mtarch_pstart
                0x00000000000102d1                cooja_mtarch_stack_usage
 .text          0x000000000001030f       0xc2 obj_cooja/mtype944.a(rtimer-arch.o)
                0x000000000001030f                rtimer_arch_init
                0x0000000000010332                rtimer_arch_schedule
                0x0000000000010349                rtimer_arch_next
                0x0000000000010353                rtimer_arch_pending
                0x000000000001035d                rtimer_arch_check
                0x000000000001038f                rtimer_arch_now
 .text          0x00000000000103d1       0x76 obj_cooja/mtype944.a(beep.o)
                0x00000000000103d1                beep_alarm
                0x00000000000103dd                beep_beep
                0x00000000000103e9                beep
                0x00000000000103f5                beep_down
                0x0000000000010401                beep_on
                0x000000000001040d                beep_off
                0x0000000000010419                beep_spinup
                0x0000000000010425                beep_quick
                0x0000000000010431                beep_long
 .text          0x0000000000010447      0x103 obj_cooja/mtype944.a(button-sensor.o)
 .text          0x000000000001054a       0x45 obj_cooja/mtype944.a(leds-arch.o)
                0x000000000001054a                leds_arch_init
                0x0000000000010556                leds_arch_get
                0x0000000000010562                leds_arch_set
 .text          0x000000000001058f       0x2f obj_cooja/mtype944.a(moteid.o)
 .text          0x00000000000105be       0xb1 obj_cooja/mtype944.a(pir-sensor.o)
 .text          0x000000000001066f      0x131 obj_cooja/mtype944.a(rs232.o)
                0x000000000001066f                rs232_init
                0x0000000000010674                rs232_set_speed
                0x0000000000010682                rs232_set_input
                0x000000000001068f                rs232_send
                0x00000000000106b1                rs232_print
                0x00000000000106cc                slip_arch_writeb
 .text          0x00000000000107a0       0xb1 obj_cooja/mtype944.a(vib-sensor.o)
 .text          0x0000000000010851       0x34 obj_cooja/mtype944.a(clock.o)
                0x0000000000010851                clock_init
                0x0000000000010856                clock_time
                0x0000000000010860                clock_seconds
                0x0000000000010876                clock_delay
 .text          0x0000000000010885      0x1ed obj_cooja/mtype944.a(log.o)
                0x0000000000010885                simlog_char
                0x00000000000108c7                simlog
                0x0000000000010934                log_message
                0x000000000001095c                log_set_putchar_with_slip
                0x0000000000010969                log_putchar
                0x00000000000109ed                log_puts
                0x0000000000010a11                log_printf
 .text          0x0000000000010a72      0x2c4 obj_cooja/mtype944.a(cfs-cooja.o)
                0x0000000000010a72                cfs_open
                0x0000000000010adb                cfs_close
                0x0000000000010ae7                cfs_read
                0x0000000000010b85                cfs_write
                0x0000000000010c62                cfs_seek
                0x0000000000010cea                cfs_remove
                0x0000000000010d13                cfs_opendir
                0x0000000000010d1d                cfs_readdir
                0x0000000000010d27                cfs_closedir
 .text          0x0000000000010d36      0x541 obj_cooja/mtype944.a(cooja-radio.o)
                0x0000000000010d60                radio_set_channel
                0x0000000000010d75                radio_set_txpower
                0x0000000000010d8c                radio_signal_strength_last
                0x0000000000010d96                radio_signal_strength_current
                0x0000000000010da0                radio_LQI
 .text          0x0000000000011277       0xef obj_cooja/mtype944.a(eeprom.o)
                0x0000000000011277                eeprom_init
                0x000000000001127c                eeprom_read
                0x00000000000112ec                eeprom_write
 .text          0x0000000000011366       0x28 obj_cooja/mtype944.a(random.o)
                0x0000000000011366                random_init
                0x0000000000011381                random_rand
 .text          0x000000000001138e      0x2a1 obj_cooja/mtype944.a(sensors.o)
                0x00000000000113c9                sensors_first
                0x00000000000113d3                sensors_next
                0x00000000000113f0                sensors_changed
                0x000000000001141f                sensors_find
 .text          0x000000000001162f      0x308 obj_cooja/mtype944.a(dual_conf.o)
                0x000000000001162f                dual_radio_switch
                0x000000000001168a                dual_radio_change
                0x00000000000116c4                sending_in_LR
                0x00000000000116ef                dual_radio_received
                0x0000000000011742                radio_received_is_longrange
                0x00000000000118ed                dio_broadcast
                0x0000000000011916                dis_broadcast
 .text          0x0000000000011937       0x8e obj_cooja/mtype944.a(autostart.o)
                0x0000000000011937                autostart_start
                0x0000000000011982                autostart_exit
 .text          0x00000000000119c5      0x334 obj_cooja/mtype944.a(ctimer.o)
                0x0000000000011adc                ctimer_init
                0x0000000000011b0c                ctimer_set
                0x0000000000011b3d                ctimer_set_with_process
                0x0000000000011bb9                ctimer_reset
                0x0000000000011c08                ctimer_restart
                0x0000000000011c57                ctimer_stop
                0x0000000000011ca2                ctimer_expired
 .text          0x0000000000011cf9      0x40b obj_cooja/mtype944.a(etimer.o)
                0x0000000000011f0c                etimer_request_poll
                0x0000000000011f90                etimer_set
                0x0000000000011fb5                etimer_reset_with_new_interval
                0x0000000000011fdc                etimer_reset
                0x0000000000011ffa                etimer_restart
                0x0000000000012018                etimer_adjust
                0x0000000000012034                etimer_expired
                0x0000000000012047                etimer_expiration_time
                0x0000000000012059                etimer_start_time
                0x0000000000012063                etimer_pending
                0x0000000000012075                etimer_next_expiration_time
                0x000000000001208f                etimer_stop
 .text          0x0000000000012104      0x560 obj_cooja/mtype944.a(process.o)
                0x0000000000012104                process_alloc_event
                0x0000000000012119                process_start
                0x0000000000012302                process_exit
                0x000000000001231e                process_init
                0x00000000000124ef                process_run
                0x0000000000012522                process_nevents
                0x000000000001253d                process_post
                0x00000000000125e9                process_post_synch
                0x0000000000012621                process_poll
                0x0000000000012650                process_is_running
 .text          0x0000000000012664       0xba obj_cooja/mtype944.a(rtimer.o)
                0x0000000000012664                rtimer_init
                0x0000000000012671                rtimer_set
                0x00000000000126c8                rtimer_run_next
 .text          0x000000000001271e       0xa3 obj_cooja/mtype944.a(stimer.o)
                0x000000000001271e                stimer_set
                0x0000000000012739                stimer_reset
                0x0000000000012750                stimer_restart
                0x0000000000012762                stimer_expired
                0x0000000000012789                stimer_remaining
                0x00000000000127ad                stimer_elapsed
 .text          0x00000000000127c1       0x91 obj_cooja/mtype944.a(timer.o)
                0x00000000000127c1                timer_set
                0x00000000000127dc                timer_reset
                0x00000000000127f3                timer_restart
                0x0000000000012805                timer_expired
                0x000000000001282e                timer_remaining
 .text          0x0000000000012852      0x1fb obj_cooja/mtype944.a(serial-line.o)
                0x0000000000012852                serial_line_input_byte
                0x0000000000012a15                serial_line_init
 .text          0x0000000000012a4d      0x244 obj_cooja/mtype944.a(list.o)
                0x0000000000012a4d                list_init
                0x0000000000012a5b                list_head
                0x0000000000012a65                list_copy
                0x0000000000012a74                list_tail
                0x0000000000012aaa                list_add
                0x0000000000012af3                list_push
                0x0000000000012b1f                list_chop
                0x0000000000012b89                list_pop
                0x0000000000012bb1                list_remove
                0x0000000000012c18                list_length
                0x0000000000012c46                list_insert
                0x0000000000012c7a                list_item_next
 .text          0x0000000000012c91      0x155 obj_cooja/mtype944.a(ringbuf.o)
                0x0000000000012c91                ringbuf_init
                0x0000000000012cc2                ringbuf_put
                0x0000000000012d40                ringbuf_get
                0x0000000000012dad                ringbuf_size
                0x0000000000012dbf                ringbuf_elements
 .text          0x0000000000012de6     0x258b obj_cooja/mtype944.a(sicslowpan.o)
                0x0000000000013370                rime_sniffer_add
                0x000000000001337d                rime_sniffer_remove
                0x0000000000015310                sicslowpan_init
                0x0000000000015367                sicslowpan_get_last_rssi
 .text          0x0000000000015371      0x2dc obj_cooja/mtype944.a(uip-ds6-nbr.o)
                0x000000000001538e                uip_ds6_neighbors_init
                0x00000000000153ab                uip_ds6_nbr_add
                0x000000000001545c                uip_ds6_nbr_rm
                0x00000000000154b9                uip_ds6_nbr_get_ipaddr
                0x00000000000154ce                uip_ds6_nbr_get_ll
                0x00000000000154ea                uip_ds6_nbr_num
                0x000000000001552f                uip_ds6_nbr_lookup
                0x0000000000015594                uip_ds6_nbr_ll_lookup
                0x00000000000155b0                uip_ds6_nbr_ipaddr_from_lladdr
                0x00000000000155d6                uip_ds6_nbr_lladdr_from_ipaddr
                0x0000000000015604                uip_ds6_link_neighbor_callback
 .text          0x000000000001564d      0x916 obj_cooja/mtype944.a(uip-ds6-route.o)
                0x00000000000156c4                uip_ds6_notification_add
                0x00000000000156f5                uip_ds6_notification_rm
                0x0000000000015711                uip_ds6_route_init
                0x0000000000015799                uip_ds6_route_nexthop
                0x00000000000157c1                uip_ds6_route_head
                0x00000000000157d6                uip_ds6_route_next
                0x00000000000157fc                uip_ds6_route_is_nexthop
                0x000000000001583b                uip_ds6_route_num_routes
                0x0000000000015845                uip_ds6_route_lookup
                0x0000000000015907                uip_ds6_route_add
                0x0000000000015b3b                uip_ds6_route_rm
                0x0000000000015ccf                uip_ds6_route_rm_by_nexthop
                0x0000000000015d07                uip_ds6_defrt_add
                0x0000000000015db8                uip_ds6_defrt_rm
                0x0000000000015e37                uip_ds6_defrt_lookup
                0x0000000000015e90                uip_ds6_defrt_choose
                0x0000000000015efb                uip_ds6_defrt_periodic
 .text          0x0000000000015f63     0x12ad obj_cooja/mtype944.a(uip-ds6.o)
                0x0000000000015f63                uip_ds6_init
                0x00000000000162b8                uip_ds6_periodic
                0x0000000000016390                uip_ds6_list_loop
                0x0000000000016437                uip_ds6_prefix_add
                0x00000000000164f5                uip_ds6_prefix_rm
                0x0000000000016507                uip_ds6_prefix_lookup
                0x0000000000016558                uip_ds6_is_addr_onlink
                0x00000000000165cc                uip_ds6_addr_add
                0x00000000000166fa                uip_ds6_long_addr_add
                0x0000000000016828                uip_ds6_addr_rm
                0x00000000000168c8                uip_ds6_addr_lookup
                0x0000000000016913                uip_ds6_long_addr_lookup
                0x000000000001695e                uip_ds6_get_link_local
                0x00000000000169dd                uip_ds6_long_get_link_local
                0x0000000000016a5c                uip_ds6_get_global
                0x0000000000016adb                uip_ds6_long_get_global
                0x0000000000016b5a                uip_ds6_maddr_add
                0x0000000000016bcc                uip_ds6_long_maddr_add
                0x0000000000016c3e                uip_ds6_maddr_rm
                0x0000000000016c50                uip_ds6_maddr_lookup
                0x0000000000016c9b                uip_ds6_long_maddr_lookup
                0x0000000000016ce6                uip_ds6_aaddr_add
                0x0000000000016d58                uip_ds6_long_aaddr_add
                0x0000000000016dca                uip_ds6_aaddr_rm
                0x0000000000016ddc                uip_ds6_aaddr_lookup
                0x0000000000016e27                uip_ds6_long_aaddr_lookup
                0x0000000000016e72                uip_ds6_select_src
                0x00000000000170fb                uip_ds6_set_addr_iid
                0x0000000000017132                get_match_length
                0x00000000000171c4                uip_ds6_compute_reachable_time
 .text          0x0000000000017210     0x29f3 obj_cooja/mtype944.a(uip6.o)
                0x0000000000017210                uip_add32
                0x00000000000173a9                uip_chksum
                0x0000000000017497                uip_icmp6chksum
                0x00000000000174ab                uip_tcpchksum
                0x00000000000174bf                uip_udpchksum
                0x00000000000174d3                uip_init
                0x00000000000175a3                uip_connect
                0x0000000000017752                remove_ext_hdr
                0x0000000000017827                uip_udp_new
                0x0000000000017983                uip_unlisten
                0x00000000000179e3                uip_listen
                0x0000000000017ca5                uip_process
                0x0000000000019af7                uip_htons
                0x0000000000019b19                uip_htonl
                0x0000000000019b59                uip_send
 .text          0x0000000000019c03      0xa66 obj_cooja/mtype944.a(tcpip.o)
                0x0000000000019c03                tcpip_output
                0x0000000000019c31                tcpip_set_outputfunc
                0x0000000000019cc5                tcp_connect
                0x0000000000019d1a                tcp_unlisten
                0x0000000000019d75                tcp_listen
                0x0000000000019dce                tcp_attach
                0x0000000000019df3                udp_attach
                0x0000000000019e18                udp_new
                0x0000000000019e6a                udp_broadcast_new
                0x000000000001a0de                tcpip_input
                0x000000000001a112                tcpip_ipv6_output
                0x000000000001a4af                tcpip_poll_udp
                0x000000000001a4d2                tcpip_poll_tcp
                0x000000000001a4f5                tcpip_uipcall
 .text          0x000000000001a669      0x1c1 obj_cooja/mtype944.a(uip-debug.o)
                0x000000000001a669                uip_debug_ipaddr_print
                0x000000000001a7cb                uip_debug_lladdr_print
 .text          0x000000000001a82a      0x141 obj_cooja/mtype944.a(uip-packetqueue)
                0x000000000001a856                uip_packetqueue_new
                0x000000000001a864                uip_packetqueue_alloc
                0x000000000001a8c4                uip_packetqueue_free
                0x000000000001a905                uip_packetqueue_buf
                0x000000000001a922                uip_packetqueue_buflen
                0x000000000001a943                uip_packetqueue_set_buflen
 .text          0x000000000001a96b      0x131 obj_cooja/mtype944.a(uip-udp-packet.)
                0x000000000001a96b                uip_udp_packet_send
                0x000000000001a9cb                uip_udp_packet_sendto
 .text          0x000000000001aa9c     0x238e obj_cooja/mtype944.a(rpl-dag.o)
                0x000000000001aa9c                rpl_print_neighbor_list
                0x000000000001ac71                rpl_get_nbr
                0x000000000001accb                rpl_dag_init
                0x000000000001ace8                rpl_get_parent
                0x000000000001ad0a                rpl_get_parent_rank
                0x000000000001ad3d                rpl_get_parent_link_metric
                0x000000000001ad70                rpl_get_parent_ipaddr
                0x000000000001b073                rpl_set_root
                0x000000000001b29a                rpl_repair_root
                0x000000000001b4d6                rpl_set_prefix
                0x000000000001b5d5                rpl_set_default_route
                0x000000000001b661                rpl_alloc_instance
                0x000000000001b6f4                rpl_alloc_dag
                0x000000000001b7a5                rpl_set_default_instance
                0x000000000001b7b2                rpl_get_default_instance
                0x000000000001b7bc                rpl_free_instance
                0x000000000001b86b                rpl_free_dag
                0x000000000001b8d1                rpl_add_parent
                0x000000000001b9a7                rpl_find_parent
                0x000000000001b9ff                rpl_find_parent_any_dag
                0x000000000001ba3b                rpl_select_dag
                0x000000000001bdd1                rpl_select_parent
                0x000000000001be33                rpl_remove_parent
                0x000000000001be5a                rpl_nullify_parent
                0x000000000001bef8                rpl_move_parent
                0x000000000001bf95                rpl_has_downward_route
                0x000000000001bfe8                rpl_get_any_dag
                0x000000000001c04a                rpl_get_instance
                0x000000000001c0ad                rpl_find_of
                0x000000000001c0ea                rpl_join_instance
                0x000000000001c365                rpl_add_dag
                0x000000000001c754                rpl_local_repair
                0x000000000001c818                rpl_recalculate_ranks
                0x000000000001c89e                rpl_process_parent_event
                0x000000000001c950                rpl_process_dio
 .text          0x000000000001ce2a      0xbf3 obj_cooja/mtype944.a(rpl-ext-header.)
                0x000000000001ce47                rpl_verify_header
                0x000000000001d2c1                rpl_update_header_empty
                0x000000000001d5d8                rpl_update_header_final
                0x000000000001d767                rpl_remove_header
                0x000000000001d871                rpl_invert_header
                0x000000000001d9fb                rpl_insert_header
 .text          0x000000000001da1d     0x25e3 obj_cooja/mtype944.a(rpl-icmp6.o)
                0x000000000001dc7c                rpl_icmp6_update_nbr_table
                0x000000000001de49                dis_output
                0x000000000001e770                dio_output
                0x000000000001fa8e                dao_output
                0x000000000001fb55                dao_output_target
                0x000000000001ffb4                dao_ack_output
                0x000000000001ffc8                rpl_icmp6_register_handlers
 .text          0x0000000000020000      0x2c1 obj_cooja/mtype944.a(rpl-mrhof.o)
 .text          0x00000000000202c1      0x7b3 obj_cooja/mtype944.a(rpl-timers.o)
                0x0000000000020507                rpl_reset_periodic_timer
                0x000000000002055c                rpl_reset_dio_timer
                0x0000000000020796                rpl_schedule_dao
                0x00000000000207b1                rpl_schedule_dao_immediately
                0x00000000000207cc                rpl_cancel_dao
                0x000000000002082e                rpl_schedule_unicast_dio_immediately
                0x0000000000020a1c                rpl_schedule_probing
 .text          0x0000000000020a74      0x59b obj_cooja/mtype944.a(rpl.o)
                0x0000000000020a74                rpl_get_mode
                0x0000000000020a7e                rpl_set_mode
                0x0000000000020b0c                rpl_purge_routes
                0x0000000000020c06                rpl_remove_routes
                0x0000000000020c4c                rpl_remove_routes_by_nexthop
                0x0000000000020cb8                rpl_add_route
                0x0000000000020d33                rpl_link_neighbor_callback
                0x0000000000020e38                rpl_ipv6_neighbor_callback
                0x0000000000020ea7                rpl_purge_dags
                0x0000000000020f89                rpl_init
 .text          0x000000000002100f       0x82 obj_cooja/mtype944.a(linkaddr.o)
                0x000000000002100f                linkaddr_copy
                0x0000000000021031                linkaddr_cmp
                0x000000000002105b                linkaddr_set_node_addr
                0x0000000000021076                linkaddr_set_node_long_addr
 .text          0x0000000000021091      0x88c obj_cooja/mtype944.a(nbr-table.o)
                0x0000000000021091                lladdr_map_add_lr
                0x000000000002114e                lladdr_map_rm_lr
                0x0000000000021613                nbr_table_register
                0x000000000002165b                nbr_table_head
                0x00000000000216b7                nbr_table_next
                0x000000000002171e                nbr_table_add_lladdr
                0x00000000000217fa                nbr_table_get_from_lladdr
                0x0000000000021847                nbr_table_remove
                0x0000000000021899                nbr_table_lock
                0x00000000000218c3                nbr_table_unlock
                0x00000000000218ed                nbr_table_get_lladdr
 .text          0x000000000002191d       0x2b obj_cooja/mtype944.a(netstack.o)
                0x000000000002191d                netstack_init
 .text          0x0000000000021948      0x3cd obj_cooja/mtype944.a(packetbuf.o)
                0x0000000000021948                packetbuf_clear
                0x0000000000021972                packetbuf_copyfrom
                0x00000000000219c4                packetbuf_compact
                0x0000000000021a41                packetbuf_copyto
                0x0000000000021ad8                packetbuf_hdralloc
                0x0000000000021b55                packetbuf_hdrreduce
                0x0000000000021b9d                packetbuf_set_datalen
                0x0000000000021bb6                packetbuf_dataptr
                0x0000000000021bd3                packetbuf_hdrptr
                0x0000000000021bdd                packetbuf_datalen
                0x0000000000021be9                packetbuf_hdrlen
                0x0000000000021c00                packetbuf_totlen
                0x0000000000021c16                packetbuf_attr_clear
                0x0000000000021c68                packetbuf_attr_copyto
                0x0000000000021cb1                packetbuf_attr_copyfrom
                0x0000000000021cf9                packetbuf_holds_broadcast
 .text          0x0000000000021d15      0x2b4 obj_cooja/mtype944.a(queuebuf.o)
                0x0000000000021d1f                queuebuf_init
                0x0000000000021d3f                queuebuf_numfree
                0x0000000000021d53                queuebuf_new_from_packetbuf
                0x0000000000021de3                queuebuf_update_attr_from_packetbuf
                0x0000000000021e16                queuebuf_update_from_packetbuf
                0x0000000000021e60                queuebuf_free
                0x0000000000021ea7                queuebuf_to_packetbuf
                0x0000000000021f0d                queuebuf_dataptr
                0x0000000000021f44                queuebuf_datalen
                0x0000000000021f67                queuebuf_addr
                0x0000000000021f99                queuebuf_attr
                0x0000000000021fc4                queuebuf_debug_print
 .text          0x0000000000021fc9      0x831 obj_cooja/mtype944.a(csma.o)
 .text          0x00000000000227fa      0x3f5 obj_cooja/mtype944.a(framer-802154.o)
 .text          0x0000000000022bef       0x3c obj_cooja/mtype944.a(mac.o)
                0x0000000000022bef                mac_call_sent_callback
 .text          0x0000000000022c2b      0x5d2 obj_cooja/mtype944.a(nullrdc.o)
 .text          0x00000000000231fd       0x6e obj_cooja/mtype944.a(nullsec.o)
 .text          0x000000000002326b       0x19 obj_cooja/mtype944.a(watchdog.o)
                0x000000000002326b                watchdog_init
                0x0000000000023270                watchdog_start
                0x0000000000023275                watchdog_periodic
                0x000000000002327a                watchdog_stop
                0x000000000002327f                watchdog_reboot
 .text          0x0000000000023284        0x0 obj_cooja/mtype944.a(rimestats.o)
 .text          0x0000000000023284      0x1c1 obj_cooja/mtype944.a(memb.o)
                0x0000000000023284                memb_init
                0x00000000000232e2                memb_alloc
                0x0000000000023347                memb_free
                0x00000000000233c2                memb_inmemb
                0x0000000000023401                memb_numfree
 .text          0x0000000000023445      0xab2 obj_cooja/mtype944.a(uip-icmp6.o)
                0x00000000000234b3                uip_icmp6_input
                0x0000000000023509                uip_icmp6_register_input_handler
                0x00000000000237d1                uip_icmp6_error_output
                0x0000000000023b16                uip_icmp6_send
                0x0000000000023e8a                uip_icmp6_echo_reply_callback_add
                0x0000000000023ebb                uip_icmp6_echo_reply_callback_rm
                0x0000000000023ed7                uip_icmp6_init
 .text          0x0000000000023ef7      0x358 obj_cooja/mtype944.a(uip-nd6.o)
                0x0000000000023f4b                uip_nd6_ns_output
                0x000000000002424a                uip_nd6_init
 .text          0x000000000002424f      0x331 obj_cooja/mtype944.a(rpl-nbr-policy.)
                0x0000000000024427                find_removable_dis
                0x000000000002444a                find_removable_dio
                0x00000000000244d9                find_removable_dao
                0x0000000000024529                rpl_nbr_policy_find_removable
 .text          0x0000000000024580      0x97c obj_cooja/mtype944.a(frame802154.o)
                0x00000000000245b1                frame802154_get_pan_id
                0x00000000000245bd                frame802154_set_pan_id
                0x00000000000245d6                frame802154_has_panid
                0x00000000000246c2                frame802154_check_dest_panid
                0x000000000002472a                frame802154_is_broadcast_addr
                0x0000000000024777                frame802154_extract_linkaddr
                0x00000000000249b7                frame802154_hdrlen
                0x0000000000024a08                frame802154_create
                0x0000000000024bf3                frame802154_parse
 .text          0x0000000000024efc      0x181 obj_cooja/mtype944.a(mac-sequence.o)
                0x0000000000024f33                mac_sequence_is_duplicate
                0x0000000000024fb6                mac_sequence_register_seqno
 .text          0x000000000002507d        0x0 /usr/lib/gcc/i686-linux-gnu/4.8/crtendS.o
 .text          0x000000000002507d        0x0 /usr/lib/gcc/i686-linux-gnu/4.8/../../../i386-linux-gnu/crtn.o
 *(.gnu.warning)

.fini           0x0000000000025080       0x14
 *(SORT(.fini))
 .fini          0x0000000000025080        0xf /usr/lib/gcc/i686-linux-gnu/4.8/../../../i386-linux-gnu/crti.o
                0x0000000000025080                _fini
 .fini          0x000000000002508f        0x5 /usr/lib/gcc/i686-linux-gnu/4.8/../../../i386-linux-gnu/crtn.o
                0x0000000000025094                PROVIDE (__etext, .)
                0x0000000000025094                PROVIDE (_etext, .)
                0x0000000000025094                PROVIDE (etext, .)

.rodata         0x00000000000250a0     0x1418
 *(.rodata .rodata.* .gnu.linkonce.r.*)
 .rodata        0x00000000000250a0      0x17e udp-client.co
                0x00000000000250b4                autostart_processes
 *fill*         0x000000000002521e        0x2 
 .rodata        0x0000000000025220      0x1b6 obj_cooja/mtype944.o
 *fill*         0x00000000000253d6        0x2 
 .rodata        0x00000000000253d8        0x8 obj_cooja/mtype944.a(beep.o)
                0x00000000000253d8                beep_interface
 .rodata        0x00000000000253e0       0x20 obj_cooja/mtype944.a(button-sensor.o)
                0x00000000000253e0                button_interface
                0x00000000000253f0                button_sensor
 .rodata        0x0000000000025400        0x8 obj_cooja/mtype944.a(leds-arch.o)
                0x0000000000025400                leds_interface
 .rodata        0x0000000000025408        0x8 obj_cooja/mtype944.a(moteid.o)
                0x0000000000025408                moteid_interface
 .rodata        0x0000000000025410       0x1c obj_cooja/mtype944.a(pir-sensor.o)
                0x0000000000025410                pir_interface
                0x000000000002541c                pir_sensor
 .rodata        0x000000000002542c        0xe obj_cooja/mtype944.a(rs232.o)
                0x000000000002542c                rs232_interface
 *fill*         0x000000000002543a        0x2 
 .rodata        0x000000000002543c       0x24 obj_cooja/mtype944.a(vib-sensor.o)
                0x000000000002543c                vib_interface
                0x0000000000025450                vib_sensor
 .rodata        0x0000000000025460        0x8 obj_cooja/mtype944.a(clock.o)
                0x0000000000025460                clock_interface
 .rodata        0x0000000000025468        0x8 obj_cooja/mtype944.a(log.o)
                0x0000000000025468                simlog_interface
 .rodata        0x0000000000025470       0x2f obj_cooja/mtype944.a(cfs-cooja.o)
                0x0000000000025470                cfs_interface
 *fill*         0x000000000002549f        0x1 
 .rodata        0x00000000000254a0      0x120 obj_cooja/mtype944.a(cooja-radio.o)
                0x0000000000025580                cooja_radio_driver
                0x00000000000255b8                radio_interface
 .rodata        0x00000000000255c0        0x8 obj_cooja/mtype944.a(eeprom.o)
                0x00000000000255c0                eeprom_interface
 .rodata        0x00000000000255c8        0x8 obj_cooja/mtype944.a(sensors.o)
 .rodata        0x00000000000255d0      0x21d obj_cooja/mtype944.a(dual_conf.o)
 .rodata        0x00000000000257ed        0xf obj_cooja/mtype944.a(ctimer.o)
 .rodata        0x00000000000257fc        0xc obj_cooja/mtype944.a(etimer.o)
 .rodata        0x0000000000025808        0xe obj_cooja/mtype944.a(serial-line.o)
 *fill*         0x0000000000025816        0x2 
 .rodata        0x0000000000025818       0x2c obj_cooja/mtype944.a(sicslowpan.o)
                0x0000000000025818                unc_llconf
                0x000000000002581c                unc_ctxconf
                0x0000000000025820                unc_mxconf
                0x0000000000025824                llprefix
                0x0000000000025838                sicslowpan_driver
 .rodata        0x0000000000025844      0x13c obj_cooja/mtype944.a(uip6.o)
 .rodata        0x0000000000025980       0x29 obj_cooja/mtype944.a(tcpip.o)
 .rodata        0x00000000000259a9       0x3e obj_cooja/mtype944.a(uip-debug.o)
 *fill*         0x00000000000259e7        0x1 
 .rodata        0x00000000000259e8       0x72 obj_cooja/mtype944.a(rpl-dag.o)
 *fill*         0x0000000000025a5a        0x2 
 .rodata        0x0000000000025a5c      0x8a4 obj_cooja/mtype944.a(rpl-icmp6.o)
 .rodata        0x0000000000026300        0x8 obj_cooja/mtype944.a(linkaddr.o)
                0x0000000000026300                linkaddr_null
 .rodata        0x0000000000026308       0x24 obj_cooja/mtype944.a(csma.o)
                0x0000000000026310                csma_driver
 .rodata        0x000000000002632c        0xc obj_cooja/mtype944.a(framer-802154.o)
                0x000000000002632c                framer_802154
 *fill*         0x0000000000026338        0x8 
 .rodata        0x0000000000026340      0x160 obj_cooja/mtype944.a(nullrdc.o)
                0x0000000000026480                nullrdc_driver
 .rodata        0x00000000000264a0       0x18 obj_cooja/mtype944.a(nullsec.o)
                0x00000000000264a8                nullsec_driver

.rodata1
 *(.rodata1)

.eh_frame_hdr   0x00000000000264b8     0x1344
 *(.eh_frame_hdr)
 .eh_frame_hdr  0x00000000000264b8     0x1344 udp-client.co

.eh_frame       0x00000000000277fc     0x4e6c
 *(.eh_frame)
 .eh_frame      0x00000000000277fc       0x3c /usr/lib/gcc/i686-linux-gnu/4.8/../../../i386-linux-gnu/crti.o
                                         0x40 (size before relaxing)
 .eh_frame      0x0000000000027838       0xa8 udp-client.co
                                         0xc0 (size before relaxing)
 .eh_frame      0x00000000000278e0      0x148 obj_cooja/mtype944.o
                                        0x160 (size before relaxing)
 .eh_frame      0x0000000000027a28       0x40 obj_cooja/mtype944.a(simEnvChange.o)
                                         0x58 (size before relaxing)
 .eh_frame      0x0000000000027a68       0xc0 obj_cooja/mtype944.a(cooja_mt.o)
                                         0xd8 (size before relaxing)
 .eh_frame      0x0000000000027b28      0x120 obj_cooja/mtype944.a(cooja_mtarch.o)
                                        0x138 (size before relaxing)
 .eh_frame      0x0000000000027c48       0xc0 obj_cooja/mtype944.a(rtimer-arch.o)
                                         0xd8 (size before relaxing)
 .eh_frame      0x0000000000027d08      0x160 obj_cooja/mtype944.a(beep.o)
                                        0x178 (size before relaxing)
 .eh_frame      0x0000000000027e68       0xa0 obj_cooja/mtype944.a(button-sensor.o)
                                         0xb8 (size before relaxing)
 .eh_frame      0x0000000000027f08       0xa0 obj_cooja/mtype944.a(leds-arch.o)
                                         0xb8 (size before relaxing)
 .eh_frame      0x0000000000027fa8       0x40 obj_cooja/mtype944.a(moteid.o)
                                         0x58 (size before relaxing)
 .eh_frame      0x0000000000027fe8       0xa0 obj_cooja/mtype944.a(pir-sensor.o)
                                         0xb8 (size before relaxing)
 .eh_frame      0x0000000000028088      0x100 obj_cooja/mtype944.a(rs232.o)
                                        0x118 (size before relaxing)
 .eh_frame      0x0000000000028188       0xa0 obj_cooja/mtype944.a(vib-sensor.o)
                                         0xb8 (size before relaxing)
 .eh_frame      0x0000000000028228       0xc0 obj_cooja/mtype944.a(clock.o)
                                         0xd8 (size before relaxing)
 .eh_frame      0x00000000000282e8      0x120 obj_cooja/mtype944.a(log.o)
                                        0x138 (size before relaxing)
 .eh_frame      0x0000000000028408      0x160 obj_cooja/mtype944.a(cfs-cooja.o)
                                        0x178 (size before relaxing)
 .eh_frame      0x0000000000028568      0x2e0 obj_cooja/mtype944.a(cooja-radio.o)
                                        0x2f8 (size before relaxing)
 .eh_frame      0x0000000000028848       0xa0 obj_cooja/mtype944.a(eeprom.o)
                                         0xb8 (size before relaxing)
 .eh_frame      0x00000000000288e8       0x40 obj_cooja/mtype944.a(random.o)
                                         0x58 (size before relaxing)
 .eh_frame      0x0000000000028928       0xc0 obj_cooja/mtype944.a(sensors.o)
                                         0xd8 (size before relaxing)
 .eh_frame      0x00000000000289e8      0x120 obj_cooja/mtype944.a(dual_conf.o)
                                        0x138 (size before relaxing)
 .eh_frame      0x0000000000028b08       0x40 obj_cooja/mtype944.a(autostart.o)
                                         0x58 (size before relaxing)
 .eh_frame      0x0000000000028b48      0x100 obj_cooja/mtype944.a(ctimer.o)
                                        0x118 (size before relaxing)
 .eh_frame      0x0000000000028c48      0x1e0 obj_cooja/mtype944.a(etimer.o)
                                        0x1f8 (size before relaxing)
 .eh_frame      0x0000000000028e28      0x1c8 obj_cooja/mtype944.a(process.o)
                                        0x1e0 (size before relaxing)
 .eh_frame      0x0000000000028ff0       0x60 obj_cooja/mtype944.a(rtimer.o)
                                         0x78 (size before relaxing)
 .eh_frame      0x0000000000029050       0xc4 obj_cooja/mtype944.a(stimer.o)
                                         0xdc (size before relaxing)
 .eh_frame      0x0000000000029114       0xa4 obj_cooja/mtype944.a(timer.o)
                                         0xbc (size before relaxing)
 .eh_frame      0x00000000000291b8       0x60 obj_cooja/mtype944.a(serial-line.o)
                                         0x78 (size before relaxing)
 .eh_frame      0x0000000000029218      0x180 obj_cooja/mtype944.a(list.o)
                                        0x198 (size before relaxing)
 .eh_frame      0x0000000000029398       0xa0 obj_cooja/mtype944.a(ringbuf.o)
                                         0xb8 (size before relaxing)
 .eh_frame      0x0000000000029438      0x350 obj_cooja/mtype944.a(sicslowpan.o)
                                        0x368 (size before relaxing)
 .eh_frame      0x0000000000029788      0x180 obj_cooja/mtype944.a(uip-ds6-nbr.o)
                                        0x198 (size before relaxing)
 .eh_frame      0x0000000000029908      0x2a0 obj_cooja/mtype944.a(uip-ds6-route.o)
                                        0x2b8 (size before relaxing)
 .eh_frame      0x0000000000029ba8      0x3c8 obj_cooja/mtype944.a(uip-ds6.o)
                                        0x3e0 (size before relaxing)
 .eh_frame      0x0000000000029f70      0x27c obj_cooja/mtype944.a(uip6.o)
                                        0x294 (size before relaxing)
 .eh_frame      0x000000000002a1ec      0x270 obj_cooja/mtype944.a(tcpip.o)
                                        0x288 (size before relaxing)
 .eh_frame      0x000000000002a45c       0x48 obj_cooja/mtype944.a(uip-debug.o)
                                         0x60 (size before relaxing)
 .eh_frame      0x000000000002a4a4       0xe0 obj_cooja/mtype944.a(uip-packetqueue)
                                         0xf8 (size before relaxing)
 .eh_frame      0x000000000002a584       0x40 obj_cooja/mtype944.a(uip-udp-packet.)
                                         0x58 (size before relaxing)
 .eh_frame      0x000000000002a5c4      0x65c obj_cooja/mtype944.a(rpl-dag.o)
                                        0x674 (size before relaxing)
 .eh_frame      0x000000000002ac20      0x10c obj_cooja/mtype944.a(rpl-ext-header.)
                                        0x124 (size before relaxing)
 .eh_frame      0x000000000002ad2c      0x288 obj_cooja/mtype944.a(rpl-icmp6.o)
                                        0x2a0 (size before relaxing)
 .eh_frame      0x000000000002afb4       0xe0 obj_cooja/mtype944.a(rpl-mrhof.o)
                                         0xf8 (size before relaxing)
 .eh_frame      0x000000000002b094      0x20c obj_cooja/mtype944.a(rpl-timers.o)
                                        0x224 (size before relaxing)
 .eh_frame      0x000000000002b2a0      0x140 obj_cooja/mtype944.a(rpl.o)
                                        0x158 (size before relaxing)
 .eh_frame      0x000000000002b3e0       0x80 obj_cooja/mtype944.a(linkaddr.o)
                                         0x98 (size before relaxing)
 .eh_frame      0x000000000002b460      0x2ac obj_cooja/mtype944.a(nbr-table.o)
                                        0x2c4 (size before relaxing)
 .eh_frame      0x000000000002b70c       0x20 obj_cooja/mtype944.a(netstack.o)
                                         0x38 (size before relaxing)
 .eh_frame      0x000000000002b72c      0x214 obj_cooja/mtype944.a(packetbuf.o)
                                        0x22c (size before relaxing)
 .eh_frame      0x000000000002b940      0x1a0 obj_cooja/mtype944.a(queuebuf.o)
                                        0x1b8 (size before relaxing)
 .eh_frame      0x000000000002bae0      0x28c obj_cooja/mtype944.a(csma.o)
                                        0x2a4 (size before relaxing)
 .eh_frame      0x000000000002bd6c      0x108 obj_cooja/mtype944.a(framer-802154.o)
                                        0x120 (size before relaxing)
 .eh_frame      0x000000000002be74       0x20 obj_cooja/mtype944.a(mac.o)
                                         0x38 (size before relaxing)
 .eh_frame      0x000000000002be94      0x198 obj_cooja/mtype944.a(nullrdc.o)
                                        0x1b0 (size before relaxing)
 .eh_frame      0x000000000002c02c       0x80 obj_cooja/mtype944.a(nullsec.o)
                                         0x98 (size before relaxing)
 .eh_frame      0x000000000002c0ac       0xa0 obj_cooja/mtype944.a(watchdog.o)
                                         0xb8 (size before relaxing)
 .eh_frame      0x000000000002c14c       0xa0 obj_cooja/mtype944.a(memb.o)
                                         0xb8 (size before relaxing)
 .eh_frame      0x000000000002c1ec      0x164 obj_cooja/mtype944.a(uip-icmp6.o)
                                        0x17c (size before relaxing)
 .eh_frame      0x000000000002c350       0x68 obj_cooja/mtype944.a(uip-nd6.o)
                                         0x80 (size before relaxing)
 .eh_frame      0x000000000002c3b8       0xc0 obj_cooja/mtype944.a(rpl-nbr-policy.)
                                         0xd8 (size before relaxing)
 .eh_frame      0x000000000002c478      0x164 obj_cooja/mtype944.a(frame802154.o)
                                        0x17c (size before relaxing)
 .eh_frame      0x000000000002c5dc       0x88 obj_cooja/mtype944.a(mac-sequence.o)
                                         0xa0 (size before relaxing)
 .eh_frame      0x000000000002c664        0x4 /usr/lib/gcc/i686-linux-gnu/4.8/crtendS.o

.gcc_except_table
 *(.gcc_except_table .gcc_except_table.*)

.exception_ranges
 *(.exception_ranges .exception_ranges*)
                0x000000000002c668                . = (ALIGN (0x1000) - ((0x1000 - .) & 0xfff))
                0x000000000002def8                . = DATA_SEGMENT_ALIGN (0x1000, 0x1000)

.eh_frame
 *(.eh_frame)

.gcc_except_table
 *(.gcc_except_table .gcc_except_table.*)

.exception_ranges
 *(.exception_ranges .exception_ranges*)

.tdata
 *(.tdata .tdata.* .gnu.linkonce.td.*)

.tbss
 *(.tbss .tbss.* .gnu.linkonce.tb.*)
 *(.tcommon)

.preinit_array
 *(.preinit_array)

.init_array     0x000000000002def8        0x4
 *(SORT(.init_array.*) SORT(.ctors.*))
 *(.init_array EXCLUDE_FILE(*crtend?.o *crtend.o *crtbegin?.o *crtbegin.o) .ctors)
 .init_array    0x000000000002def8        0x4 /usr/lib/gcc/i686-linux-gnu/4.8/crtbeginS.o

.fini_array     0x000000000002defc        0x4
 *(SORT(.fini_array.*) SORT(.dtors.*))
 *(.fini_array EXCLUDE_FILE(*crtend?.o *crtend.o *crtbegin?.o *crtbegin.o) .dtors)
 .fini_array    0x000000000002defc        0x4 /usr/lib/gcc/i686-linux-gnu/4.8/crtbeginS.o

.ctors
 *crtbegin.o(.ctors)
 *crtbegin?.o(.ctors)
 *(EXCLUDE_FILE(*crtend?.o *crtend.o) .ctors)
 *(SORT(.ctors.*))
 *(.ctors)

.dtors
 *crtbegin.o(.dtors)
 *crtbegin?.o(.dtors)
 *(EXCLUDE_FILE(*crtend?.o *crtend.o) .dtors)
 *(SORT(.dtors.*))
 *(.dtors)

.jcr            0x000000000002df00        0x4
 *(.jcr)
 .jcr           0x000000000002df00        0x0 /usr/lib/gcc/i686-linux-gnu/4.8/crtbeginS.o
 .jcr           0x000000000002df00        0x4 /usr/lib/gcc/i686-linux-gnu/4.8/crtendS.o

.data.rel.ro
 *(.data.rel.ro.local* .gnu.linkonce.d.rel.ro.local.*)
 *(.data.rel.ro .data.rel.ro.* .gnu.linkonce.d.rel.ro.*)

.dynamic        0x000000000002df04       0xe8
 *(.dynamic)
 .dynamic       0x000000000002df04       0xe8 /usr/lib/gcc/i686-linux-gnu/4.8/../../../i386-linux-gnu/crti.o
                0x000000000002df04                _DYNAMIC

.got            0x000000000002dfec       0x14
 *(.got)
 .got           0x000000000002dfec       0x14 /usr/lib/gcc/i686-linux-gnu/4.8/../../../i386-linux-gnu/crti.o
 *(.igot)
                0x000000000002eff4                . = DATA_SEGMENT_RELRO_END (., (SIZEOF (.got.plt) >= 0xc)?0xc:0x0)

.got.plt        0x000000000002e000       0x14
 *(.got.plt)
 .got.plt       0x000000000002e000       0x14 /usr/lib/gcc/i686-linux-gnu/4.8/../../../i386-linux-gnu/crti.o
                0x000000000002e000                _GLOBAL_OFFSET_TABLE_
 *(.igot.plt)

.data           0x000000000002e020      0x246
 *(.data .data.* .gnu.linkonce.d.*)
 .data          0x000000000002e020        0x0 /usr/lib/gcc/i686-linux-gnu/4.8/../../../i386-linux-gnu/crti.o
 .data          0x000000000002e020        0x0 /usr/lib/gcc/i686-linux-gnu/4.8/crtbeginS.o
 .data.rel      0x000000000002e020        0x4 /usr/lib/gcc/i686-linux-gnu/4.8/crtbeginS.o
                0x000000000002e020                __dso_handle
 .data          0x000000000002e024       0x10 udp-client.co
                0x000000000002e024                udp_client_process
 *fill*         0x000000000002e034        0xc 
 .data          0x000000000002e040       0x44 obj_cooja/mtype944.o
                0x000000000002e040                simInterfaces
                0x000000000002e074                sensors
 .data          0x000000000002e084        0x0 obj_cooja/mtype944.a(simEnvChange.o)
 .data          0x000000000002e084        0x0 obj_cooja/mtype944.a(cooja_mt.o)
 .data          0x000000000002e084        0x0 obj_cooja/mtype944.a(cooja_mtarch.o)
 .data          0x000000000002e084        0x0 obj_cooja/mtype944.a(rtimer-arch.o)
 .data          0x000000000002e084        0x0 obj_cooja/mtype944.a(beep.o)
 .data          0x000000000002e084        0x0 obj_cooja/mtype944.a(button-sensor.o)
 .data          0x000000000002e084        0x0 obj_cooja/mtype944.a(leds-arch.o)
 .data          0x000000000002e084        0x0 obj_cooja/mtype944.a(moteid.o)
 .data          0x000000000002e084        0x0 obj_cooja/mtype944.a(pir-sensor.o)
 .data          0x000000000002e084        0x0 obj_cooja/mtype944.a(rs232.o)
 .data          0x000000000002e084        0x0 obj_cooja/mtype944.a(vib-sensor.o)
 .data          0x000000000002e084        0x0 obj_cooja/mtype944.a(clock.o)
 .data          0x000000000002e084        0x0 obj_cooja/mtype944.a(log.o)
 .data          0x000000000002e084        0x0 obj_cooja/mtype944.a(cfs-cooja.o)
 .data          0x000000000002e084       0x2c obj_cooja/mtype944.a(cooja-radio.o)
                0x000000000002e084                simRadioHWOn
                0x000000000002e088                simSignalStrength
                0x000000000002e08c                simLastSignalStrength
                0x000000000002e090                simPower
                0x000000000002e094                simRadioChannel
                0x000000000002e098                simRadioChannelLR
                0x000000000002e09c                simLQI
                0x000000000002e0a0                cooja_radio_process
 .data          0x000000000002e0b0        0x0 obj_cooja/mtype944.a(eeprom.o)
 .data          0x000000000002e0b0        0x0 obj_cooja/mtype944.a(random.o)
 .data          0x000000000002e0b0       0x10 obj_cooja/mtype944.a(sensors.o)
                0x000000000002e0b0                sensors_process
 .data          0x000000000002e0c0       0x24 obj_cooja/mtype944.a(dual_conf.o)
                0x000000000002e0c0                radio_received
                0x000000000002e0c4                dual_dio_broadcast
                0x000000000002e0d4                dual_dis_broadcast
 .data          0x000000000002e0e4        0x0 obj_cooja/mtype944.a(autostart.o)
 .data          0x000000000002e0e4       0x14 obj_cooja/mtype944.a(ctimer.o)
                0x000000000002e0e8                ctimer_process
 .data          0x000000000002e0f8       0x10 obj_cooja/mtype944.a(etimer.o)
                0x000000000002e0f8                etimer_process
 .data          0x000000000002e108        0x0 obj_cooja/mtype944.a(process.o)
 .data          0x000000000002e108        0x0 obj_cooja/mtype944.a(rtimer.o)
 .data          0x000000000002e108        0x0 obj_cooja/mtype944.a(stimer.o)
 .data          0x000000000002e108        0x0 obj_cooja/mtype944.a(timer.o)
 .data          0x000000000002e108       0x10 obj_cooja/mtype944.a(serial-line.o)
                0x000000000002e108                serial_line_process
 .data          0x000000000002e118        0x0 obj_cooja/mtype944.a(list.o)
 .data          0x000000000002e118        0x0 obj_cooja/mtype944.a(ringbuf.o)
 .data          0x000000000002e118        0x0 obj_cooja/mtype944.a(sicslowpan.o)
 .data          0x000000000002e118       0x14 obj_cooja/mtype944.a(uip-ds6-nbr.o)
                0x000000000002e128                ds6_neighbors
 .data          0x000000000002e12c       0x44 obj_cooja/mtype944.a(uip-ds6-route.o)
                0x000000000002e13c                nbr_routes
 .data          0x000000000002e170        0x0 obj_cooja/mtype944.a(uip-ds6.o)
 .data          0x000000000002e170        0x0 obj_cooja/mtype944.a(uip6.o)
 .data          0x000000000002e170       0x10 obj_cooja/mtype944.a(tcpip.o)
                0x000000000002e170                tcpip_process
 .data          0x000000000002e180        0x0 obj_cooja/mtype944.a(uip-debug.o)
 .data          0x000000000002e180        0xc obj_cooja/mtype944.a(uip-packetqueue)
 .data          0x000000000002e18c        0x0 obj_cooja/mtype944.a(uip-udp-packet.)
 .data          0x000000000002e18c       0x14 obj_cooja/mtype944.a(rpl-dag.o)
                0x000000000002e19c                rpl_parents
 .data          0x000000000002e1a0        0x0 obj_cooja/mtype944.a(rpl-ext-header.)
 .data          0x000000000002e1a0       0x34 obj_cooja/mtype944.a(rpl-icmp6.o)
 .data          0x000000000002e1d4       0x1c obj_cooja/mtype944.a(rpl-mrhof.o)
                0x000000000002e1d4                rpl_mrhof
 .data          0x000000000002e1f0        0x0 obj_cooja/mtype944.a(rpl-timers.o)
 .data          0x000000000002e1f0        0x0 obj_cooja/mtype944.a(rpl.o)
 .data          0x000000000002e1f0        0x0 obj_cooja/mtype944.a(linkaddr.o)
 .data          0x000000000002e1f0       0x10 obj_cooja/mtype944.a(nbr-table.o)
 .data          0x000000000002e200        0x0 obj_cooja/mtype944.a(netstack.o)
 .data          0x000000000002e200        0x4 obj_cooja/mtype944.a(packetbuf.o)
 .data          0x000000000002e204       0x18 obj_cooja/mtype944.a(queuebuf.o)
 .data          0x000000000002e21c       0x28 obj_cooja/mtype944.a(csma.o)
 .data          0x000000000002e244        0x0 obj_cooja/mtype944.a(framer-802154.o)
 .data          0x000000000002e244        0x0 obj_cooja/mtype944.a(mac.o)
 .data          0x000000000002e244        0x0 obj_cooja/mtype944.a(nullrdc.o)
 .data          0x000000000002e244        0x0 obj_cooja/mtype944.a(nullsec.o)
 .data          0x000000000002e244        0x0 obj_cooja/mtype944.a(watchdog.o)
 .data          0x000000000002e244        0x0 obj_cooja/mtype944.a(rimestats.o)
 .data          0x000000000002e244        0x0 obj_cooja/mtype944.a(memb.o)
 .data          0x000000000002e244       0x20 obj_cooja/mtype944.a(uip-icmp6.o)
 .data          0x000000000002e264        0x0 obj_cooja/mtype944.a(uip-nd6.o)
 .data          0x000000000002e264        0x0 obj_cooja/mtype944.a(rpl-nbr-policy.)
 .data          0x000000000002e264        0x2 obj_cooja/mtype944.a(frame802154.o)
 .data          0x000000000002e266        0x0 obj_cooja/mtype944.a(mac-sequence.o)
 .data          0x000000000002e266        0x0 /usr/lib/gcc/i686-linux-gnu/4.8/crtendS.o
 .data          0x000000000002e266        0x0 /usr/lib/gcc/i686-linux-gnu/4.8/../../../i386-linux-gnu/crtn.o

.tm_clone_table
                0x000000000002e268        0x0
 .tm_clone_table
                0x000000000002e268        0x0 /usr/lib/gcc/i686-linux-gnu/4.8/crtbeginS.o
 .tm_clone_table
                0x000000000002e268        0x0 /usr/lib/gcc/i686-linux-gnu/4.8/crtendS.o

.data1
 *(.data1)
                0x000000000002e268                _edata = .
                0x000000000002e268                PROVIDE (edata, .)
                0x000000000002e268                . = .
                0x000000000002e268                __bss_start = .

.bss            0x000000000002e280     0x8308
 *(.dynbss)
 .dynbss        0x0000000000000000        0x0 /usr/lib/gcc/i686-linux-gnu/4.8/../../../i386-linux-gnu/crti.o
 *(.bss .bss.* .gnu.linkonce.b.*)
 .bss           0x000000000002e280        0x0 /usr/lib/gcc/i686-linux-gnu/4.8/../../../i386-linux-gnu/crti.o
 .bss           0x000000000002e280        0x1 /usr/lib/gcc/i686-linux-gnu/4.8/crtbeginS.o
 *fill*         0x000000000002e281       0x1f 
 .bss           0x000000000002e2a0       0x60 udp-client.co
 .bss           0x000000000002e300     0x2030 obj_cooja/mtype944.o
 .bss           0x0000000000030330        0x1 obj_cooja/mtype944.a(simEnvChange.o)
                0x0000000000030330                simDontFallAsleep
 *fill*         0x0000000000030331        0x3 
 .bss           0x0000000000030334        0x4 obj_cooja/mtype944.a(cooja_mt.o)
 .bss           0x0000000000030338        0x4 obj_cooja/mtype944.a(cooja_mtarch.o)
 .bss           0x000000000003033c        0xc obj_cooja/mtype944.a(rtimer-arch.o)
 .bss           0x0000000000030348        0x0 obj_cooja/mtype944.a(beep.o)
 .bss           0x0000000000030348        0x8 obj_cooja/mtype944.a(button-sensor.o)
 .bss           0x0000000000030350        0x0 obj_cooja/mtype944.a(leds-arch.o)
 .bss           0x0000000000030350        0x0 obj_cooja/mtype944.a(moteid.o)
 .bss           0x0000000000030350        0x1 obj_cooja/mtype944.a(pir-sensor.o)
                0x0000000000030350                simPirValue
 *fill*         0x0000000000030351        0x3 
 .bss           0x0000000000030354        0x4 obj_cooja/mtype944.a(rs232.o)
 .bss           0x0000000000030358        0x1 obj_cooja/mtype944.a(vib-sensor.o)
                0x0000000000030358                simVibValue
 .bss           0x0000000000030359        0x0 obj_cooja/mtype944.a(clock.o)
 *fill*         0x0000000000030359        0x7 
 .bss           0x0000000000030360      0x420 obj_cooja/mtype944.a(log.o)
 .bss           0x0000000000030780      0xfc0 obj_cooja/mtype944.a(cfs-cooja.o)
                0x0000000000030780                simCFSData
                0x0000000000031720                simCFSSize
                0x0000000000031724                simCFSChanged
                0x0000000000031728                simCFSRead
                0x000000000003172c                simCFSWritten
 .bss           0x0000000000031740       0x20 obj_cooja/mtype944.a(cooja-radio.o)
                0x0000000000031740                simReceiving
                0x0000000000031741                simReceivingLR
                0x0000000000031744                simInSize
                0x0000000000031748                simInSizeLR
                0x000000000003174c                simOutSize
                0x0000000000031750                simOutSizeLR
                0x0000000000031754                LongRangeTransmit
                0x0000000000031758                LongRangeReceiving
 .bss           0x0000000000031760        0xc obj_cooja/mtype944.a(eeprom.o)
                0x0000000000031760                simEEPROMChanged
                0x0000000000031764                simEEPROMRead
                0x0000000000031768                simEEPROMWritten
 .bss           0x000000000003176c        0x0 obj_cooja/mtype944.a(random.o)
 .bss           0x000000000003176c        0xc obj_cooja/mtype944.a(sensors.o)
 .bss           0x0000000000031778       0x28 obj_cooja/mtype944.a(dual_conf.o)
                0x0000000000031778                long_range_radio
 .bss           0x00000000000317a0        0x0 obj_cooja/mtype944.a(autostart.o)
 .bss           0x00000000000317a0        0x5 obj_cooja/mtype944.a(ctimer.o)
 *fill*         0x00000000000317a5        0x3 
 .bss           0x00000000000317a8        0x8 obj_cooja/mtype944.a(etimer.o)
 *fill*         0x00000000000317b0       0x10 
 .bss           0x00000000000317c0      0x1b1 obj_cooja/mtype944.a(process.o)
                0x00000000000317c0                process_list
                0x00000000000317c4                process_current
 *fill*         0x0000000000031971        0x3 
 .bss           0x0000000000031974        0x4 obj_cooja/mtype944.a(rtimer.o)
 .bss           0x0000000000031978        0x0 obj_cooja/mtype944.a(stimer.o)
 .bss           0x0000000000031978        0x0 obj_cooja/mtype944.a(timer.o)
 *fill*         0x0000000000031978        0x8 
 .bss           0x0000000000031980      0x140 obj_cooja/mtype944.a(serial-line.o)
 .bss           0x0000000000031ac0        0x0 obj_cooja/mtype944.a(list.o)
 .bss           0x0000000000031ac0        0x0 obj_cooja/mtype944.a(ringbuf.o)
 .bss           0x0000000000031ac0      0x70c obj_cooja/mtype944.a(sicslowpan.o)
 *fill*         0x00000000000321cc       0x14 
 .bss           0x00000000000321e0       0xf0 obj_cooja/mtype944.a(uip-ds6-nbr.o)
 *fill*         0x00000000000322d0       0x10 
 .bss           0x00000000000322e0      0x2a8 obj_cooja/mtype944.a(uip-ds6-route.o)
 .bss           0x0000000000032588       0x30 obj_cooja/mtype944.a(uip-ds6.o)
 .bss           0x00000000000325b8        0xe obj_cooja/mtype944.a(uip6.o)
                0x00000000000325b8                uip_ext_bitmap
                0x00000000000325b9                uip_ext_len
                0x00000000000325ba                uip_ext_opt_offset
 *fill*         0x00000000000325c6       0x1a 
 .bss           0x00000000000325e0       0x6a obj_cooja/mtype944.a(tcpip.o)
 .bss           0x000000000003264a        0x0 obj_cooja/mtype944.a(uip-debug.o)
 *fill*         0x000000000003264a       0x16 
 .bss           0x0000000000032660      0xcf8 obj_cooja/mtype944.a(uip-packetqueue)
 .bss           0x0000000000033358        0x0 obj_cooja/mtype944.a(uip-udp-packet.)
 *fill*         0x0000000000033358        0x8 
 .bss           0x0000000000033360       0xa0 obj_cooja/mtype944.a(rpl-dag.o)
 .bss           0x0000000000033400        0x0 obj_cooja/mtype944.a(rpl-ext-header.)
 .bss           0x0000000000033400        0x0 obj_cooja/mtype944.a(rpl-icmp6.o)
 .bss           0x0000000000033400        0x0 obj_cooja/mtype944.a(rpl-mrhof.o)
 .bss           0x0000000000033400       0x23 obj_cooja/mtype944.a(rpl-timers.o)
 *fill*         0x0000000000033423        0x1 
 .bss           0x0000000000033424        0x4 obj_cooja/mtype944.a(rpl.o)
 .bss           0x0000000000033428        0x0 obj_cooja/mtype944.a(linkaddr.o)
 *fill*         0x0000000000033428       0x18 
 .bss           0x0000000000033440       0xdc obj_cooja/mtype944.a(nbr-table.o)
 .bss           0x000000000003351c        0x0 obj_cooja/mtype944.a(netstack.o)
 *fill*         0x000000000003351c        0x4 
 .bss           0x0000000000033520       0xa0 obj_cooja/mtype944.a(packetbuf.o)
 .bss           0x00000000000335c0      0xb80 obj_cooja/mtype944.a(queuebuf.o)
 .bss           0x0000000000034140      0x248 obj_cooja/mtype944.a(csma.o)
 .bss           0x0000000000034388        0x2 obj_cooja/mtype944.a(framer-802154.o)
 .bss           0x000000000003438a        0x0 obj_cooja/mtype944.a(mac.o)
 .bss           0x000000000003438a        0x0 obj_cooja/mtype944.a(nullrdc.o)
 .bss           0x000000000003438a        0x0 obj_cooja/mtype944.a(nullsec.o)
 .bss           0x000000000003438a        0x0 obj_cooja/mtype944.a(watchdog.o)
 .bss           0x000000000003438a        0x0 obj_cooja/mtype944.a(rimestats.o)
 .bss           0x000000000003438a        0x0 obj_cooja/mtype944.a(memb.o)
 *fill*         0x000000000003438a        0x2 
 .bss           0x000000000003438c       0x18 obj_cooja/mtype944.a(uip-icmp6.o)
 .bss           0x00000000000343a4        0x0 obj_cooja/mtype944.a(uip-nd6.o)
 *fill*         0x00000000000343a4       0x1c 
 .bss           0x00000000000343c0       0x44 obj_cooja/mtype944.a(rpl-nbr-policy.)
 .bss           0x0000000000034404        0x0 obj_cooja/mtype944.a(frame802154.o)
 *fill*         0x0000000000034404       0x1c 
 .bss           0x0000000000034420       0x90 obj_cooja/mtype944.a(mac-sequence.o)
 .bss           0x00000000000344b0        0x0 /usr/lib/gcc/i686-linux-gnu/4.8/crtendS.o
 .bss           0x00000000000344b0        0x0 /usr/lib/gcc/i686-linux-gnu/4.8/../../../i386-linux-gnu/crtn.o
 *(COMMON)
 COMMON         0x00000000000344b0        0x8 obj_cooja/mtype944.o
                0x00000000000344b0                referenceVar
                0x00000000000344b4                sensors_flags
 COMMON         0x00000000000344b8        0xc obj_cooja/mtype944.a(simEnvChange.o)
                0x00000000000344b8                simEtimerPending
                0x00000000000344bc                simProcessRunValue
                0x00000000000344c0                simNextExpirationTime
 COMMON         0x00000000000344c4        0x1 obj_cooja/mtype944.a(beep.o)
                0x00000000000344c4                simBeeped
 COMMON         0x00000000000344c5        0x3 obj_cooja/mtype944.a(button-sensor.o)
                0x00000000000344c5                simButtonIsActive
                0x00000000000344c6                simButtonIsDown
                0x00000000000344c7                simButtonChanged
 COMMON         0x00000000000344c8        0x1 obj_cooja/mtype944.a(leds-arch.o)
                0x00000000000344c8                simLedsValue
 *fill*         0x00000000000344c9        0x3 
 COMMON         0x00000000000344cc        0xc obj_cooja/mtype944.a(moteid.o)
                0x00000000000344cc                simRandomSeed
                0x00000000000344d0                simMoteIDChanged
                0x00000000000344d4                simMoteID
 COMMON         0x00000000000344d8        0x2 obj_cooja/mtype944.a(pir-sensor.o)
                0x00000000000344d8                simPirIsActive
                0x00000000000344d9                simPirChanged
 *fill*         0x00000000000344da        0x6 
 COMMON         0x00000000000344e0      0x820 obj_cooja/mtype944.a(rs232.o)
                0x00000000000344e0                simSerialReceivingFlag
                0x00000000000344e4                simSerialReceivingLength
                0x0000000000034500                simSerialReceivingData
 COMMON         0x0000000000034d00        0x2 obj_cooja/mtype944.a(vib-sensor.o)
                0x0000000000034d00                simVibChanged
                0x0000000000034d01                simVibIsActive
 *fill*         0x0000000000034d02        0x2 
 COMMON         0x0000000000034d04        0x4 obj_cooja/mtype944.a(clock.o)
                0x0000000000034d04                simCurrentTime
 *fill*         0x0000000000034d08       0x18 
 COMMON         0x0000000000034d20      0x420 obj_cooja/mtype944.a(log.o)
                0x0000000000034d20                simLoggedLength
                0x0000000000034d24                simLoggedFlag
                0x0000000000034d40                simLoggedData
 COMMON         0x0000000000035140      0x200 obj_cooja/mtype944.a(cooja-radio.o)
                0x0000000000035140                simOutDataBuffer
                0x00000000000351c0                simInDataBufferLR
                0x0000000000035240                simOutDataBufferLR
                0x00000000000352c0                simInDataBuffer
 COMMON         0x0000000000035340      0x400 obj_cooja/mtype944.a(eeprom.o)
                0x0000000000035340                simEEPROMData
 COMMON         0x0000000000035740        0x1 obj_cooja/mtype944.a(sensors.o)
                0x0000000000035740                sensors_event
 COMMON         0x0000000000035741        0x1 obj_cooja/mtype944.a(serial-line.o)
                0x0000000000035741                serial_line_event_message
 *fill*         0x0000000000035742       0x1e 
 COMMON         0x0000000000035760       0x64 obj_cooja/mtype944.a(uip-ds6-nbr.o)
                0x0000000000035760                ds6_lr_addrmap
 *fill*         0x00000000000357c4       0x1c 
 COMMON         0x00000000000357e0      0x298 obj_cooja/mtype944.a(uip-ds6.o)
                0x00000000000357e0                uip_ds6_prefix_list
                0x0000000000035840                uip_ds6_timer_periodic
                0x0000000000035850                uip_ds6_netif_addr_list_offset
                0x0000000000035860                uip_ds6_if
                0x0000000000035958                uip_ds6_timer_ra
                0x0000000000035960                uip_ds6_addr_size
                0x0000000000035980                long_uip_ds6_if
 *fill*         0x0000000000035a78        0x8 
 COMMON         0x0000000000035a80      0x8ec obj_cooja/mtype944.a(uip6.o)
                0x0000000000035a80                uip_slen
                0x0000000000035a82                uip_acc32
                0x0000000000035aa0                uip_conns
                0x0000000000035b60                uip_lladdr
                0x0000000000035b68                uip_appdata
                0x0000000000035b6c                uip_flags
                0x0000000000035b80                uip_aligned_buf
                0x00000000000361c0                uip_listenports
                0x00000000000361d0                uip_len
                0x00000000000361d2                uip_long_lladdr
                0x00000000000361dc                uip_sappdata
                0x00000000000361e0                uip_udp_conns
                0x0000000000036360                uip_udp_conn
                0x0000000000036364                uip_next_hdr
                0x0000000000036368                uip_conn
 COMMON         0x000000000003636c        0x1 obj_cooja/mtype944.a(tcpip.o)
                0x000000000003636c                tcpip_event
 *fill*         0x000000000003636d       0x13 
 COMMON         0x0000000000036380      0x170 obj_cooja/mtype944.a(rpl-dag.o)
                0x0000000000036380                default_instance
                0x00000000000363a0                instance_table
 COMMON         0x00000000000364f0       0x10 obj_cooja/mtype944.a(linkaddr.o)
                0x00000000000364f0                linkaddr_node_addr
                0x00000000000364f8                long_linkaddr_node_addr
 COMMON         0x0000000000036500       0x2e obj_cooja/mtype944.a(packetbuf.o)
                0x0000000000036500                packetbuf_attrs
                0x000000000003651e                packetbuf_addrs
 *fill*         0x000000000003652e       0x12 
 COMMON         0x0000000000036540       0x48 obj_cooja/mtype944.a(rimestats.o)
                0x0000000000036540                rimestats
                0x0000000000036588                . = ALIGN ((. != 0x0)?0x4:0x1)
                0x0000000000036588                . = ALIGN (0x4)
                0x0000000000036588                . = SEGMENT_START ("ldata-segment", .)
                0x0000000000036588                . = ALIGN (0x4)
                0x0000000000036588                _end = .
                0x0000000000036588                PROVIDE (end, .)
                0x0000000000036588                . = DATA_SEGMENT_END (.)

.stab
 *(.stab)

.stabstr
 *(.stabstr)

.stab.excl
 *(.stab.excl)

.stab.exclstr
 *(.stab.exclstr)

.stab.index
 *(.stab.index)

.stab.indexstr
 *(.stab.indexstr)

.comment        0x0000000000000000       0x29
 *(.comment)
 .comment       0x0000000000000000       0x29 /usr/lib/gcc/i686-linux-gnu/4.8/crtbeginS.o
                                         0x2a (size before relaxing)
 .comment       0x0000000000000000       0x2a udp-client.co
 .comment       0x0000000000000000       0x2a obj_cooja/mtype944.o
 .comment       0x0000000000000000       0x2a obj_cooja/mtype944.a(simEnvChange.o)
 .comment       0x0000000000000000       0x2a obj_cooja/mtype944.a(cooja_mt.o)
 .comment       0x0000000000000000       0x2a obj_cooja/mtype944.a(cooja_mtarch.o)
 .comment       0x0000000000000000       0x2a obj_cooja/mtype944.a(rtimer-arch.o)
 .comment       0x0000000000000000       0x2a obj_cooja/mtype944.a(beep.o)
 .comment       0x0000000000000000       0x2a obj_cooja/mtype944.a(button-sensor.o)
 .comment       0x0000000000000000       0x2a obj_cooja/mtype944.a(leds-arch.o)
 .comment       0x0000000000000000       0x2a obj_cooja/mtype944.a(moteid.o)
 .comment       0x0000000000000000       0x2a obj_cooja/mtype944.a(pir-sensor.o)
 .comment       0x0000000000000000       0x2a obj_cooja/mtype944.a(rs232.o)
 .comment       0x0000000000000000       0x2a obj_cooja/mtype944.a(vib-sensor.o)
 .comment       0x0000000000000000       0x2a obj_cooja/mtype944.a(clock.o)
 .comment       0x0000000000000000       0x2a obj_cooja/mtype944.a(log.o)
 .comment       0x0000000000000000       0x2a obj_cooja/mtype944.a(cfs-cooja.o)
 .comment       0x0000000000000000       0x2a obj_cooja/mtype944.a(cooja-radio.o)
 .comment       0x0000000000000000       0x2a obj_cooja/mtype944.a(eeprom.o)
 .comment       0x0000000000000000       0x2a obj_cooja/mtype944.a(random.o)
 .comment       0x0000000000000000       0x2a obj_cooja/mtype944.a(sensors.o)
 .comment       0x0000000000000000       0x2a obj_cooja/mtype944.a(dual_conf.o)
 .comment       0x0000000000000000       0x2a obj_cooja/mtype944.a(autostart.o)
 .comment       0x0000000000000000       0x2a obj_cooja/mtype944.a(ctimer.o)
 .comment       0x0000000000000000       0x2a obj_cooja/mtype944.a(etimer.o)
 .comment       0x0000000000000000       0x2a obj_cooja/mtype944.a(process.o)
 .comment       0x0000000000000000       0x2a obj_cooja/mtype944.a(rtimer.o)
 .comment       0x0000000000000000       0x2a obj_cooja/mtype944.a(stimer.o)
 .comment       0x0000000000000000       0x2a obj_cooja/mtype944.a(timer.o)
 .comment       0x0000000000000000       0x2a obj_cooja/mtype944.a(serial-line.o)
 .comment       0x0000000000000000       0x2a obj_cooja/mtype944.a(list.o)
 .comment       0x0000000000000000       0x2a obj_cooja/mtype944.a(ringbuf.o)
 .comment       0x0000000000000000       0x2a obj_cooja/mtype944.a(sicslowpan.o)
 .comment       0x0000000000000000       0x2a obj_cooja/mtype944.a(uip-ds6-nbr.o)
 .comment       0x0000000000000000       0x2a obj_cooja/mtype944.a(uip-ds6-route.o)
 .comment       0x0000000000000000       0x2a obj_cooja/mtype944.a(uip-ds6.o)
 .comment       0x0000000000000000       0x2a obj_cooja/mtype944.a(uip6.o)
 .comment       0x0000000000000000       0x2a obj_cooja/mtype944.a(tcpip.o)
 .comment       0x0000000000000000       0x2a obj_cooja/mtype944.a(uip-debug.o)
 .comment       0x0000000000000000       0x2a obj_cooja/mtype944.a(uip-packetqueue)
 .comment       0x0000000000000000       0x2a obj_cooja/mtype944.a(uip-udp-packet.)
 .comment       0x0000000000000000       0x2a obj_cooja/mtype944.a(rpl-dag.o)
 .comment       0x0000000000000000       0x2a obj_cooja/mtype944.a(rpl-ext-header.)
 .comment       0x0000000000000000       0x2a obj_cooja/mtype944.a(rpl-icmp6.o)
 .comment       0x0000000000000000       0x2a obj_cooja/mtype944.a(rpl-mrhof.o)
 .comment       0x0000000000000000       0x2a obj_cooja/mtype944.a(rpl-timers.o)
 .comment       0x0000000000000000       0x2a obj_cooja/mtype944.a(rpl.o)
 .comment       0x0000000000000000       0x2a obj_cooja/mtype944.a(linkaddr.o)
 .comment       0x0000000000000000       0x2a obj_cooja/mtype944.a(nbr-table.o)
 .comment       0x0000000000000000       0x2a obj_cooja/mtype944.a(netstack.o)
 .comment       0x0000000000000000       0x2a obj_cooja/mtype944.a(packetbuf.o)
 .comment       0x0000000000000000       0x2a obj_cooja/mtype944.a(queuebuf.o)
 .comment       0x0000000000000000       0x2a obj_cooja/mtype944.a(csma.o)
 .comment       0x0000000000000000       0x2a obj_cooja/mtype944.a(framer-802154.o)
 .comment       0x0000000000000000       0x2a obj_cooja/mtype944.a(mac.o)
 .comment       0x0000000000000000       0x2a obj_cooja/mtype944.a(nullrdc.o)
 .comment       0x0000000000000000       0x2a obj_cooja/mtype944.a(nullsec.o)
 .comment       0x0000000000000000       0x2a obj_cooja/mtype944.a(watchdog.o)
 .comment       0x0000000000000000       0x2a obj_cooja/mtype944.a(rimestats.o)
 .comment       0x0000000000000000       0x2a obj_cooja/mtype944.a(memb.o)
 .comment       0x0000000000000000       0x2a obj_cooja/mtype944.a(uip-icmp6.o)
 .comment       0x0000000000000000       0x2a obj_cooja/mtype944.a(uip-nd6.o)
 .comment       0x0000000000000000       0x2a obj_cooja/mtype944.a(rpl-nbr-policy.)
 .comment       0x0000000000000000       0x2a obj_cooja/mtype944.a(frame802154.o)
 .comment       0x0000000000000000       0x2a obj_cooja/mtype944.a(mac-sequence.o)
 .comment       0x0000000000000000       0x2a /usr/lib/gcc/i686-linux-gnu/4.8/crtendS.o

.debug
 *(.debug)

.line
 *(.line)

.debug_srcinfo
 *(.debug_srcinfo)

.debug_sfnames
 *(.debug_sfnames)

.debug_aranges  0x0000000000000000      0x7f8
 *(.debug_aranges)
 .debug_aranges
                0x0000000000000000       0x20 udp-client.co
 .debug_aranges
                0x0000000000000020       0x20 obj_cooja/mtype944.o
 .debug_aranges
                0x0000000000000040       0x20 obj_cooja/mtype944.a(simEnvChange.o)
 .debug_aranges
                0x0000000000000060       0x20 obj_cooja/mtype944.a(cooja_mt.o)
 .debug_aranges
                0x0000000000000080       0x20 obj_cooja/mtype944.a(cooja_mtarch.o)
 .debug_aranges
                0x00000000000000a0       0x20 obj_cooja/mtype944.a(rtimer-arch.o)
 .debug_aranges
                0x00000000000000c0       0x20 obj_cooja/mtype944.a(beep.o)
 .debug_aranges
                0x00000000000000e0       0x20 obj_cooja/mtype944.a(button-sensor.o)
 .debug_aranges
                0x0000000000000100       0x20 obj_cooja/mtype944.a(leds-arch.o)
 .debug_aranges
                0x0000000000000120       0x20 obj_cooja/mtype944.a(moteid.o)
 .debug_aranges
                0x0000000000000140       0x20 obj_cooja/mtype944.a(pir-sensor.o)
 .debug_aranges
                0x0000000000000160       0x20 obj_cooja/mtype944.a(rs232.o)
 .debug_aranges
                0x0000000000000180       0x20 obj_cooja/mtype944.a(vib-sensor.o)
 .debug_aranges
                0x00000000000001a0       0x20 obj_cooja/mtype944.a(clock.o)
 .debug_aranges
                0x00000000000001c0       0x20 obj_cooja/mtype944.a(log.o)
 .debug_aranges
                0x00000000000001e0       0x20 obj_cooja/mtype944.a(cfs-cooja.o)
 .debug_aranges
                0x0000000000000200       0x20 obj_cooja/mtype944.a(cooja-radio.o)
 .debug_aranges
                0x0000000000000220       0x20 obj_cooja/mtype944.a(eeprom.o)
 .debug_aranges
                0x0000000000000240       0x20 obj_cooja/mtype944.a(random.o)
 .debug_aranges
                0x0000000000000260       0x20 obj_cooja/mtype944.a(sensors.o)
 .debug_aranges
                0x0000000000000280       0x20 obj_cooja/mtype944.a(dual_conf.o)
 .debug_aranges
                0x00000000000002a0       0x20 obj_cooja/mtype944.a(autostart.o)
 .debug_aranges
                0x00000000000002c0       0x20 obj_cooja/mtype944.a(ctimer.o)
 .debug_aranges
                0x00000000000002e0       0x20 obj_cooja/mtype944.a(etimer.o)
 .debug_aranges
                0x0000000000000300       0x20 obj_cooja/mtype944.a(process.o)
 .debug_aranges
                0x0000000000000320       0x20 obj_cooja/mtype944.a(rtimer.o)
 .debug_aranges
                0x0000000000000340       0x20 obj_cooja/mtype944.a(stimer.o)
 .debug_aranges
                0x0000000000000360       0x20 obj_cooja/mtype944.a(timer.o)
 .debug_aranges
                0x0000000000000380       0x20 obj_cooja/mtype944.a(serial-line.o)
 .debug_aranges
                0x00000000000003a0       0x20 obj_cooja/mtype944.a(list.o)
 .debug_aranges
                0x00000000000003c0       0x20 obj_cooja/mtype944.a(ringbuf.o)
 .debug_aranges
                0x00000000000003e0       0x20 obj_cooja/mtype944.a(sicslowpan.o)
 .debug_aranges
                0x0000000000000400       0x20 obj_cooja/mtype944.a(uip-ds6-nbr.o)
 .debug_aranges
                0x0000000000000420       0x20 obj_cooja/mtype944.a(uip-ds6-route.o)
 .debug_aranges
                0x0000000000000440       0x20 obj_cooja/mtype944.a(uip-ds6.o)
 .debug_aranges
                0x0000000000000460       0x20 obj_cooja/mtype944.a(uip6.o)
 .debug_aranges
                0x0000000000000480       0x20 obj_cooja/mtype944.a(tcpip.o)
 .debug_aranges
                0x00000000000004a0       0x20 obj_cooja/mtype944.a(uip-debug.o)
 .debug_aranges
                0x00000000000004c0       0x20 obj_cooja/mtype944.a(uip-packetqueue)
 .debug_aranges
                0x00000000000004e0       0x20 obj_cooja/mtype944.a(uip-udp-packet.)
 .debug_aranges
                0x0000000000000500       0x20 obj_cooja/mtype944.a(rpl-dag.o)
 .debug_aranges
                0x0000000000000520       0x20 obj_cooja/mtype944.a(rpl-ext-header.)
 .debug_aranges
                0x0000000000000540       0x20 obj_cooja/mtype944.a(rpl-icmp6.o)
 .debug_aranges
                0x0000000000000560       0x20 obj_cooja/mtype944.a(rpl-mrhof.o)
 .debug_aranges
                0x0000000000000580       0x20 obj_cooja/mtype944.a(rpl-timers.o)
 .debug_aranges
                0x00000000000005a0       0x20 obj_cooja/mtype944.a(rpl.o)
 .debug_aranges
                0x00000000000005c0       0x20 obj_cooja/mtype944.a(linkaddr.o)
 .debug_aranges
                0x00000000000005e0       0x20 obj_cooja/mtype944.a(nbr-table.o)
 .debug_aranges
                0x0000000000000600       0x20 obj_cooja/mtype944.a(netstack.o)
 .debug_aranges
                0x0000000000000620       0x20 obj_cooja/mtype944.a(packetbuf.o)
 .debug_aranges
                0x0000000000000640       0x20 obj_cooja/mtype944.a(queuebuf.o)
 .debug_aranges
                0x0000000000000660       0x20 obj_cooja/mtype944.a(csma.o)
 .debug_aranges
                0x0000000000000680       0x20 obj_cooja/mtype944.a(framer-802154.o)
 .debug_aranges
                0x00000000000006a0       0x20 obj_cooja/mtype944.a(mac.o)
 .debug_aranges
                0x00000000000006c0       0x20 obj_cooja/mtype944.a(nullrdc.o)
 .debug_aranges
                0x00000000000006e0       0x20 obj_cooja/mtype944.a(nullsec.o)
 .debug_aranges
                0x0000000000000700       0x20 obj_cooja/mtype944.a(watchdog.o)
 .debug_aranges
                0x0000000000000720       0x18 obj_cooja/mtype944.a(rimestats.o)
 .debug_aranges
                0x0000000000000738       0x20 obj_cooja/mtype944.a(memb.o)
 .debug_aranges
                0x0000000000000758       0x20 obj_cooja/mtype944.a(uip-icmp6.o)
 .debug_aranges
                0x0000000000000778       0x20 obj_cooja/mtype944.a(uip-nd6.o)
 .debug_aranges
                0x0000000000000798       0x20 obj_cooja/mtype944.a(rpl-nbr-policy.)
 .debug_aranges
                0x00000000000007b8       0x20 obj_cooja/mtype944.a(frame802154.o)
 .debug_aranges
                0x00000000000007d8       0x20 obj_cooja/mtype944.a(mac-sequence.o)

.debug_pubnames
 *(.debug_pubnames)

.debug_info     0x0000000000000000    0x1b767
 *(.debug_info .gnu.linkonce.wi.*)
 .debug_info    0x0000000000000000      0x8b3 udp-client.co
 .debug_info    0x00000000000008b3     0x3771 obj_cooja/mtype944.o
 .debug_info    0x0000000000004024      0x15a obj_cooja/mtype944.a(simEnvChange.o)
 .debug_info    0x000000000000417e      0x1e2 obj_cooja/mtype944.a(cooja_mt.o)
 .debug_info    0x0000000000004360      0x2e7 obj_cooja/mtype944.a(cooja_mtarch.o)
 .debug_info    0x0000000000004647      0x16b obj_cooja/mtype944.a(rtimer-arch.o)
 .debug_info    0x00000000000047b2      0x1f3 obj_cooja/mtype944.a(beep.o)
 .debug_info    0x00000000000049a5      0x257 obj_cooja/mtype944.a(button-sensor.o)
 .debug_info    0x0000000000004bfc      0x132 obj_cooja/mtype944.a(leds-arch.o)
 .debug_info    0x0000000000004d2e      0x10a obj_cooja/mtype944.a(moteid.o)
 .debug_info    0x0000000000004e38      0x216 obj_cooja/mtype944.a(pir-sensor.o)
 .debug_info    0x000000000000504e      0x21e obj_cooja/mtype944.a(rs232.o)
 .debug_info    0x000000000000526c      0x216 obj_cooja/mtype944.a(vib-sensor.o)
 .debug_info    0x0000000000005482      0x152 obj_cooja/mtype944.a(clock.o)
 .debug_info    0x00000000000055d4      0x2bb obj_cooja/mtype944.a(log.o)
 .debug_info    0x000000000000588f      0x3cf obj_cooja/mtype944.a(cfs-cooja.o)
 .debug_info    0x0000000000005c5e      0xc5e obj_cooja/mtype944.a(cooja-radio.o)
 .debug_info    0x00000000000068bc      0x1d5 obj_cooja/mtype944.a(eeprom.o)
 .debug_info    0x0000000000006a91       0xb3 obj_cooja/mtype944.a(random.o)
 .debug_info    0x0000000000006b44      0x36d obj_cooja/mtype944.a(sensors.o)
 .debug_info    0x0000000000006eb1      0x99d obj_cooja/mtype944.a(dual_conf.o)
 .debug_info    0x000000000000784e      0x1a5 obj_cooja/mtype944.a(autostart.o)
 .debug_info    0x00000000000079f3      0x46c obj_cooja/mtype944.a(ctimer.o)
 .debug_info    0x0000000000007e5f      0x49c obj_cooja/mtype944.a(etimer.o)
 .debug_info    0x00000000000082fb      0x4ba obj_cooja/mtype944.a(process.o)
 .debug_info    0x00000000000087b5      0x1ab obj_cooja/mtype944.a(rtimer.o)
 .debug_info    0x0000000000008960      0x179 obj_cooja/mtype944.a(stimer.o)
 .debug_info    0x0000000000008ad9      0x16c obj_cooja/mtype944.a(timer.o)
 .debug_info    0x0000000000008c45      0x2de obj_cooja/mtype944.a(serial-line.o)
 .debug_info    0x0000000000008f23      0x2ed obj_cooja/mtype944.a(list.o)
 .debug_info    0x0000000000009210      0x1aa obj_cooja/mtype944.a(ringbuf.o)
 .debug_info    0x00000000000093ba     0x105d obj_cooja/mtype944.a(sicslowpan.o)
 .debug_info    0x000000000000a417      0x8c7 obj_cooja/mtype944.a(uip-ds6-nbr.o)
 .debug_info    0x000000000000acde      0xd30 obj_cooja/mtype944.a(uip-ds6-route.o)
 .debug_info    0x000000000000ba0e      0xc19 obj_cooja/mtype944.a(uip-ds6.o)
 .debug_info    0x000000000000c627      0xea0 obj_cooja/mtype944.a(uip6.o)
 .debug_info    0x000000000000d4c7     0x14b3 obj_cooja/mtype944.a(tcpip.o)
 .debug_info    0x000000000000e97a      0x1b5 obj_cooja/mtype944.a(uip-debug.o)
 .debug_info    0x000000000000eb2f      0x470 obj_cooja/mtype944.a(uip-packetqueue)
 .debug_info    0x000000000000ef9f      0x37a obj_cooja/mtype944.a(uip-udp-packet.)
 .debug_info    0x000000000000f319     0x18f4 obj_cooja/mtype944.a(rpl-dag.o)
 .debug_info    0x0000000000010c0d      0xe2b obj_cooja/mtype944.a(rpl-ext-header.)
 .debug_info    0x0000000000011a38     0x1746 obj_cooja/mtype944.a(rpl-icmp6.o)
 .debug_info    0x000000000001317e      0xacc obj_cooja/mtype944.a(rpl-mrhof.o)
 .debug_info    0x0000000000013c4a      0xbeb obj_cooja/mtype944.a(rpl-timers.o)
 .debug_info    0x0000000000014835      0xcde obj_cooja/mtype944.a(rpl.o)
 .debug_info    0x0000000000015513      0x198 obj_cooja/mtype944.a(linkaddr.o)
 .debug_info    0x00000000000156ab      0x9c3 obj_cooja/mtype944.a(nbr-table.o)
 .debug_info    0x000000000001606e      0x4b9 obj_cooja/mtype944.a(netstack.o)
 .debug_info    0x0000000000016527      0x478 obj_cooja/mtype944.a(packetbuf.o)
 .debug_info    0x000000000001699f      0x57d obj_cooja/mtype944.a(queuebuf.o)
 .debug_info    0x0000000000016f1c      0xbff obj_cooja/mtype944.a(csma.o)
 .debug_info    0x0000000000017b1b      0x5ed obj_cooja/mtype944.a(framer-802154.o)
 .debug_info    0x0000000000018108      0x112 obj_cooja/mtype944.a(mac.o)
 .debug_info    0x000000000001821a      0xc96 obj_cooja/mtype944.a(nullrdc.o)
 .debug_info    0x0000000000018eb0      0x3aa obj_cooja/mtype944.a(nullsec.o)
 .debug_info    0x000000000001925a       0x7b obj_cooja/mtype944.a(watchdog.o)
 .debug_info    0x00000000000192d5      0x119 obj_cooja/mtype944.a(rimestats.o)
 .debug_info    0x00000000000193ee      0x1d7 obj_cooja/mtype944.a(memb.o)
 .debug_info    0x00000000000195c5      0x784 obj_cooja/mtype944.a(uip-icmp6.o)
 .debug_info    0x0000000000019d49      0x331 obj_cooja/mtype944.a(uip-nd6.o)
 .debug_info    0x000000000001a07a      0xda2 obj_cooja/mtype944.a(rpl-nbr-policy.)
 .debug_info    0x000000000001ae1c      0x6b4 obj_cooja/mtype944.a(frame802154.o)
 .debug_info    0x000000000001b4d0      0x297 obj_cooja/mtype944.a(mac-sequence.o)

.debug_abbrev   0x0000000000000000     0x6777
 *(.debug_abbrev)
 .debug_abbrev  0x0000000000000000      0x1c0 udp-client.co
 .debug_abbrev  0x00000000000001c0      0x2b3 obj_cooja/mtype944.o
 .debug_abbrev  0x0000000000000473       0xc3 obj_cooja/mtype944.a(simEnvChange.o)
 .debug_abbrev  0x0000000000000536       0xe6 obj_cooja/mtype944.a(cooja_mt.o)
 .debug_abbrev  0x000000000000061c      0x147 obj_cooja/mtype944.a(cooja_mtarch.o)
 .debug_abbrev  0x0000000000000763       0xcc obj_cooja/mtype944.a(rtimer-arch.o)
 .debug_abbrev  0x000000000000082f       0xe3 obj_cooja/mtype944.a(beep.o)