Archive member included to satisfy reference by file (symbol)

obj_cooja/mtype79.a(simEnvChange.o)
                              obj_cooja/mtype79.o (simDontFallAsleep)
obj_cooja/mtype79.a(cooja_mt.o)
                              obj_cooja/mtype79.o (cooja_mt_start)
obj_cooja/mtype79.a(cooja_mtarch.o)
                              obj_cooja/mtype79.a(cooja_mt.o) (cooja_mtarch_init)
obj_cooja/mtype79.a(rtimer-arch.o)
                              obj_cooja/mtype79.o (rtimer_arch_next)
obj_cooja/mtype79.a(beep.o)   obj_cooja/mtype79.o (beep_interface)
obj_cooja/mtype79.a(button-sensor.o)
                              obj_cooja/mtype79.o (button_interface)
obj_cooja/mtype79.a(leds-arch.o)
                              obj_cooja/mtype79.o (leds_interface)
obj_cooja/mtype79.a(moteid.o)
                              obj_cooja/mtype79.o (moteid_interface)
obj_cooja/mtype79.a(pir-sensor.o)
                              obj_cooja/mtype79.o (pir_interface)
obj_cooja/mtype79.a(rs232.o)  obj_cooja/mtype79.o (rs232_interface)
obj_cooja/mtype79.a(vib-sensor.o)
                              obj_cooja/mtype79.o (vib_interface)
obj_cooja/mtype79.a(clock.o)  obj_cooja/mtype79.o (clock_interface)
obj_cooja/mtype79.a(log.o)    obj_cooja/mtype79.o (simlog_interface)
obj_cooja/mtype79.a(cfs-cooja.o)
                              obj_cooja/mtype79.o (cfs_interface)
obj_cooja/mtype79.a(cooja-radio.o)
                              obj_cooja/mtype79.o (radio_interface)
obj_cooja/mtype79.a(eeprom.o)
                              obj_cooja/mtype79.o (eeprom_interface)
obj_cooja/mtype79.a(random.o)
                              obj_cooja/mtype79.a(moteid.o) (random_init)
obj_cooja/mtype79.a(sensors.o)
                              obj_cooja/mtype79.o (sensors_process)
obj_cooja/mtype79.a(dual_conf.o)
                              obj_cooja/mtype79.a(cooja-radio.o) (long_range_radio)
obj_cooja/mtype79.a(autostart.o)
                              obj_cooja/mtype79.o (autostart_start)
obj_cooja/mtype79.a(ctimer.o)
                              obj_cooja/mtype79.o (ctimer_init)
obj_cooja/mtype79.a(etimer.o)
                              obj_cooja/mtype79.o (etimer_process)
obj_cooja/mtype79.a(process.o)
                              udp-client.co (process_current)
obj_cooja/mtype79.a(rtimer.o)
                              obj_cooja/mtype79.a(rtimer-arch.o) (rtimer_run_next)
obj_cooja/mtype79.a(stimer.o)
                              udp-client.co (stimer_remaining)
obj_cooja/mtype79.a(timer.o)  obj_cooja/mtype79.a(button-sensor.o) (timer_set)
obj_cooja/mtype79.a(serial-line.o)
                              udp-client.co (serial_line_event_message)
obj_cooja/mtype79.a(list.o)   obj_cooja/mtype79.a(ctimer.o) (list_init)
obj_cooja/mtype79.a(ringbuf.o)
                              obj_cooja/mtype79.a(serial-line.o) (ringbuf_init)
obj_cooja/mtype79.a(sicslowpan.o)
                              obj_cooja/mtype79.o (sicslowpan_driver)
obj_cooja/mtype79.a(uip-ds6-nbr.o)
                              obj_cooja/mtype79.a(sicslowpan.o) (uip_ds6_link_neighbor_callback)
obj_cooja/mtype79.a(uip-ds6-route.o)
                              udp-client.co (uip_ds6_route_nexthop)
obj_cooja/mtype79.a(uip-ds6.o)
                              udp-client.co (uip_ds6_if)
obj_cooja/mtype79.a(uip6.o)   udp-client.co (uip_lladdr)
obj_cooja/mtype79.a(tcpip.o)  udp-client.co (tcpip_event)
obj_cooja/mtype79.a(uip-debug.o)
                              udp-client.co (uip_debug_ipaddr_print)
obj_cooja/mtype79.a(uip-packetqueue)
                              obj_cooja/mtype79.a(uip-ds6-nbr.o) (uip_packetqueue_new)
obj_cooja/mtype79.a(uip-udp-packet.)
                              udp-client.co (uip_udp_packet_sendto)
obj_cooja/mtype79.a(rpl-dag.o)
                              obj_cooja/mtype79.a(tcpip.o) (rpl_repair_root)
obj_cooja/mtype79.a(rpl-ext-header.)
                              obj_cooja/mtype79.a(uip6.o) (rpl_verify_header)
obj_cooja/mtype79.a(rpl-icmp6.o)
                              obj_cooja/mtype79.a(rpl-dag.o) (rpl_icmp6_update_nbr_table)
obj_cooja/mtype79.a(rpl-mrhof.o)
                              obj_cooja/mtype79.a(rpl-dag.o) (rpl_mrhof)
obj_cooja/mtype79.a(rpl-timers.o)
                              obj_cooja/mtype79.a(rpl-dag.o) (rpl_reset_dio_timer)
obj_cooja/mtype79.a(rpl.o)    obj_cooja/mtype79.a(rpl-icmp6.o) (rpl_get_mode)
obj_cooja/mtype79.a(linkaddr.o)
                              obj_cooja/mtype79.o (linkaddr_node_addr)
obj_cooja/mtype79.a(nbr-table.o)
                              obj_cooja/mtype79.a(uip-ds6-nbr.o) (lladdr_map_add_lr)
obj_cooja/mtype79.a(netstack.o)
                              obj_cooja/mtype79.o (netstack_init)
obj_cooja/mtype79.a(packetbuf.o)
                              obj_cooja/mtype79.a(cooja-radio.o) (packetbuf_attrs)
obj_cooja/mtype79.a(queuebuf.o)
                              obj_cooja/mtype79.o (queuebuf_init)
obj_cooja/mtype79.a(csma.o)   obj_cooja/mtype79.o (csma_driver)
[...]
Memory Configuration

Name             Origin             Length             Attributes
*default*        0x0000000000000000 0xffffffffffffffff

Linker script and memory map

LOAD /usr/lib/gcc/i686-linux-gnu/4.8/../../../i386-linux-gnu/crti.o
LOAD /usr/lib/gcc/i686-linux-gnu/4.8/crtbeginS.o
LOAD udp-client.co
LOAD obj_cooja/mtype79.o
LOAD obj_cooja/mtype79.a
LOAD /usr/lib/gcc/i686-linux-gnu/4.8/libgcc.a
LOAD /usr/lib/gcc/i686-linux-gnu/4.8/libgcc_s.so
LOAD /usr/lib/gcc/i686-linux-gnu/4.8/../../../i386-linux-gnu/libc.so
START GROUP
LOAD /lib/i386-linux-gnu/libc.so.6
LOAD /usr/lib/i386-linux-gnu/libc_nonshared.a
LOAD /lib/i386-linux-gnu/ld-linux.so.2
END GROUP
LOAD /usr/lib/gcc/i686-linux-gnu/4.8/libgcc.a
LOAD /usr/lib/gcc/i686-linux-gnu/4.8/libgcc_s.so
LOAD /usr/lib/gcc/i686-linux-gnu/4.8/crtendS.o
LOAD /usr/lib/gcc/i686-linux-gnu/4.8/../../../i386-linux-gnu/crtn.o
                0x0000000000000114                . = (0x0 + SIZEOF_HEADERS)

.note.gnu.build-id
                0x0000000000000114       0x24
 *(.note.gnu.build-id)
 .note.gnu.build-id
                0x0000000000000114       0x24 /usr/lib/gcc/i686-linux-gnu/4.8/../../../i386-linux-gnu/crti.o

.hash
 *(.hash)

.gnu.hash       0x0000000000000138     0x12b4
 *(.gnu.hash)
 .gnu.hash      0x0000000000000138     0x12b4 /usr/lib/gcc/i686-linux-gnu/4.8/../../../i386-linux-gnu/crti.o

.dynsym         0x00000000000013ec     0x2310
 *(.dynsym)
 .dynsym        0x00000000000013ec     0x2310 /usr/lib/gcc/i686-linux-gnu/4.8/../../../i386-linux-gnu/crti.o

.dynstr         0x00000000000036fc     0x244a
 *(.dynstr)
 .dynstr        0x00000000000036fc     0x244a /usr/lib/gcc/i686-linux-gnu/4.8/../../../i386-linux-gnu/crti.o

.gnu.version    0x0000000000005b46      0x462
 *(.gnu.version)
 .gnu.version   0x0000000000005b46      0x462 /usr/lib/gcc/i686-linux-gnu/4.8/../../../i386-linux-gnu/crti.o

.gnu.version_d  0x0000000000005fa8        0x0
 *(.gnu.version_d)
 .gnu.version_d
                0x0000000000000000        0x0 /usr/lib/gcc/i686-linux-gnu/4.8/../../../i386-linux-gnu/crti.o

.gnu.version_r  0x0000000000005fa8       0x40
 *(.gnu.version_r)
 .gnu.version_r
                0x0000000000005fa8       0x40 /usr/lib/gcc/i686-linux-gnu/4.8/../../../i386-linux-gnu/crti.o

.rel.dyn        0x0000000000005fe8     0x9118
 *(.rel.init)
 .rel.init      0x0000000000000000        0x0 /usr/lib/gcc/i686-linux-gnu/4.8/../../../i386-linux-gnu/crti.o
 *(.rel.text .rel.text.* .rel.gnu.linkonce.t.*)
 .rel.text      0x0000000000005fe8     0x8978 /usr/lib/gcc/i686-linux-gnu/4.8/../../../i386-linux-gnu/crti.o
 *(.rel.fini)
 .rel.fini      0x0000000000000000        0x0 /usr/lib/gcc/i686-linux-gnu/4.8/../../../i386-linux-gnu/crti.o
 *(.rel.rodata .rel.rodata.* .rel.gnu.linkonce.r.*)
 .rel.rodata    0x000000000000e960      0x4e0 /usr/lib/gcc/i686-linux-gnu/4.8/../../../i386-linux-gnu/crti.o
 *(.rel.data.rel.ro .rel.data.rel.ro.* .rel.gnu.linkonce.d.rel.ro.*)
 *(.rel.data .rel.data.* .rel.gnu.linkonce.d.*)
 .rel.data.rel  0x000000000000ee40        0x8 /usr/lib/gcc/i686-linux-gnu/4.8/../../../i386-linux-gnu/crti.o
 .rel.data      0x000000000000ee48      0x280 /usr/lib/gcc/i686-linux-gnu/4.8/../../../i386-linux-gnu/crti.o
 *(.rel.tdata .rel.tdata.* .rel.gnu.linkonce.td.*)
 *(.rel.tbss .rel.tbss.* .rel.gnu.linkonce.tb.*)
 *(.rel.ctors)
 *(.rel.dtors)
 *(.rel.got)
 .rel.got       0x000000000000f0c8       0x28 /usr/lib/gcc/i686-linux-gnu/4.8/../../../i386-linux-gnu/crti.o
 *(.rel.bss .rel.bss.* .rel.gnu.linkonce.b.*)
 *(.rel.ifunc)
 .rel.ifunc     0x0000000000000000        0x0 /usr/lib/gcc/i686-linux-gnu/4.8/../../../i386-linux-gnu/crti.o
 .rel.fini_array
                0x000000000000f0f0        0x8 /usr/lib/gcc/i686-linux-gnu/4.8/../../../i386-linux-gnu/crti.o
 .rel.init_array
                0x000000000000f0f8        0x8 /usr/lib/gcc/i686-linux-gnu/4.8/../../../i386-linux-gnu/crti.o

.rel.plt        0x000000000000f100       0x10
 *(.rel.plt)
 .rel.plt       0x000000000000f100       0x10 /usr/lib/gcc/i686-linux-gnu/4.8/../../../i386-linux-gnu/crti.o
 *(.rel.iplt)

.init           0x000000000000f110       0x23
 *(SORT(.init))
 .init          0x000000000000f110       0x1e /usr/lib/gcc/i686-linux-gnu/4.8/../../../i386-linux-gnu/crti.o
                0x000000000000f110                _init
 .init          0x000000000000f12e        0x5 /usr/lib/gcc/i686-linux-gnu/4.8/../../../i386-linux-gnu/crtn.o

.plt            0x000000000000f140       0x30
 *(.plt)
 .plt           0x000000000000f140       0x30 /usr/lib/gcc/i686-linux-gnu/4.8/../../../i386-linux-gnu/crti.o
 *(.iplt)

.text           0x000000000000f170    0x16008
 *(.text.unlikely .text.*_unlikely .text.unlikely.*)
 *(.text.exit .text.exit.*)
 *(.text.startup .text.startup.*)
 *(.text.hot .text.hot.*)
 *(.text .stub .text.* .gnu.linkonce.t.*)
 .text          0x000000000000f170        0x0 /usr/lib/gcc/i686-linux-gnu/4.8/../../../i386-linux-gnu/crti.o
 .gnu.linkonce.t.__x86.get_pc_thunk.bx
                0x000000000000f170        0x4 /usr/lib/gcc/i686-linux-gnu/4.8/../../../i386-linux-gnu/crti.o
                0x000000000000f170                __x86.get_pc_thunk.bx
 *fill*         0x000000000000f174        0xc 
 .text          0x000000000000f180      0x11b /usr/lib/gcc/i686-linux-gnu/4.8/crtbeginS.o
 .text          0x000000000000f29b      0x5cc udp-client.co
 .text          0x000000000000f867      0x944 obj_cooja/mtype79.o
                0x000000000000fa15                contiki_init
                0x000000000000ffc2                Java_org_contikios_cooja_corecomm_Lib2_init
                0x0000000000010002                Java_org_contikios_cooja_corecomm_Lib2_getMemory
                0x0000000000010042                Java_org_contikios_cooja_corecomm_Lib2_setMemory
                0x00000000000100b9                Java_org_contikios_cooja_corecomm_Lib2_tick
                0x0000000000010199                Java_org_contikios_cooja_corecomm_Lib2_setReferenceAddress
 .text          0x00000000000101ab       0x63 obj_cooja/mtype79.a(simEnvChange.o)
                0x00000000000101ab                doActionsBeforeTick
                0x00000000000101dc                doActionsAfterTick
 .text          0x000000000001020e       0xbc obj_cooja/mtype79.a(cooja_mt.o)
                0x000000000001020e                cooja_mt_init
                0x000000000001021b                cooja_mt_remove
                0x0000000000010228                cooja_mt_start
                0x0000000000010255                cooja_mt_exec
                0x0000000000010286                cooja_mt_exit
                0x00000000000102a8                cooja_mt_yield
 .text          0x00000000000102ca      0x115 obj_cooja/mtype79.a(cooja_mtarch.o)
                0x00000000000102ca                cooja_mtarch_init
                0x00000000000102cf                cooja_mtarch_start
                0x000000000001034a                cooja_sw
                0x000000000001036c                cooja_mtarch_exec
                0x0000000000010388                cooja_mtarch_remove
                0x000000000001038d                cooja_mtarch_yield
                0x0000000000010397                cooja_mtarch_pstop
                0x000000000001039c                cooja_mtarch_pstart
                0x00000000000103a1                cooja_mtarch_stack_usage
 .text          0x00000000000103df       0xc2 obj_cooja/mtype79.a(rtimer-arch.o)
                0x00000000000103df                rtimer_arch_init
                0x0000000000010402                rtimer_arch_schedule
                0x0000000000010419                rtimer_arch_next
                0x0000000000010423                rtimer_arch_pending
                0x000000000001042d                rtimer_arch_check
                0x000000000001045f                rtimer_arch_now
 .text          0x00000000000104a1       0x76 obj_cooja/mtype79.a(beep.o)
                0x00000000000104a1                beep_alarm
                0x00000000000104ad                beep_beep
                0x00000000000104b9                beep
                0x00000000000104c5                beep_down
                0x00000000000104d1                beep_on
                0x00000000000104dd                beep_off
                0x00000000000104e9                beep_spinup
                0x00000000000104f5                beep_quick
                0x0000000000010501                beep_long
 .text          0x0000000000010517      0x103 obj_cooja/mtype79.a(button-sensor.o)
 .text          0x000000000001061a       0x45 obj_cooja/mtype79.a(leds-arch.o)
                0x000000000001061a                leds_arch_init
                0x0000000000010626                leds_arch_get
                0x0000000000010632                leds_arch_set
 .text          0x000000000001065f       0x2f obj_cooja/mtype79.a(moteid.o)
 .text          0x000000000001068e       0xb1 obj_cooja/mtype79.a(pir-sensor.o)
 .text          0x000000000001073f      0x131 obj_cooja/mtype79.a(rs232.o)
                0x000000000001073f                rs232_init
                0x0000000000010744                rs232_set_speed
                0x0000000000010752                rs232_set_input
                0x000000000001075f                rs232_send
                0x0000000000010781                rs232_print
                0x000000000001079c                slip_arch_writeb
 .text          0x0000000000010870       0xb1 obj_cooja/mtype79.a(vib-sensor.o)
 .text          0x0000000000010921       0x34 obj_cooja/mtype79.a(clock.o)
                0x0000000000010921                clock_init
                0x0000000000010926                clock_time
                0x0000000000010930                clock_seconds
                0x0000000000010946                clock_delay
 .text          0x0000000000010955      0x1ed obj_cooja/mtype79.a(log.o)
                0x0000000000010955                simlog_char
                0x0000000000010997                simlog
                0x0000000000010a04                log_message
                0x0000000000010a2c                log_set_putchar_with_slip
                0x0000000000010a39                log_putchar
                0x0000000000010abd                log_puts
                0x0000000000010ae1                log_printf
 .text          0x0000000000010b42      0x2c4 obj_cooja/mtype79.a(cfs-cooja.o)
                0x0000000000010b42                cfs_open
                0x0000000000010bab                cfs_close
                0x0000000000010bb7                cfs_read
                0x0000000000010c55                cfs_write
                0x0000000000010d32                cfs_seek
                0x0000000000010dba                cfs_remove
                0x0000000000010de3                cfs_opendir
                0x0000000000010ded                cfs_readdir
                0x0000000000010df7                cfs_closedir
 .text          0x0000000000010e06      0x5d8 obj_cooja/mtype79.a(cooja-radio.o)
                0x0000000000010e30                radio_set_channel
                0x0000000000010e45                radio_set_txpower
                0x0000000000010e65                radio_signal_strength_last
                0x0000000000010e6f                radio_signal_strength_current
                0x0000000000010e79                radio_LQI
 .text          0x00000000000113de       0xef obj_cooja/mtype79.a(eeprom.o)
                0x00000000000113de                eeprom_init
                0x00000000000113e3                eeprom_read
                0x0000000000011453                eeprom_write
 .text          0x00000000000114cd       0x28 obj_cooja/mtype79.a(random.o)
                0x00000000000114cd                random_init
                0x00000000000114e8                random_rand
 .text          0x00000000000114f5      0x2a1 obj_cooja/mtype79.a(sensors.o)
                0x0000000000011530                sensors_first
                0x000000000001153a                sensors_next
                0x0000000000011557                sensors_changed
                0x0000000000011586                sensors_find
 .text          0x0000000000011796      0x308 obj_cooja/mtype79.a(dual_conf.o)
                0x0000000000011796                dual_radio_switch
                0x00000000000117f1                dual_radio_change
                0x000000000001182b                sending_in_LR
                0x0000000000011856                dual_radio_received
                0x00000000000118a9                radio_received_is_longrange
                0x0000000000011a54                dio_broadcast
                0x0000000000011a7d                dis_broadcast
 .text          0x0000000000011a9e       0x8e obj_cooja/mtype79.a(autostart.o)
                0x0000000000011a9e                autostart_start
                0x0000000000011ae9                autostart_exit
 .text          0x0000000000011b2c      0x334 obj_cooja/mtype79.a(ctimer.o)
                0x0000000000011c43                ctimer_init
                0x0000000000011c73                ctimer_set
                0x0000000000011ca4                ctimer_set_with_process
                0x0000000000011d20                ctimer_reset
                0x0000000000011d6f                ctimer_restart
                0x0000000000011dbe                ctimer_stop
                0x0000000000011e09                ctimer_expired
 .text          0x0000000000011e60      0x40b obj_cooja/mtype79.a(etimer.o)
                0x0000000000012073                etimer_request_poll
                0x00000000000120f7                etimer_set
                0x000000000001211c                etimer_reset_with_new_interval
                0x0000000000012143                etimer_reset
                0x0000000000012161                etimer_restart
                0x000000000001217f                etimer_adjust
                0x000000000001219b                etimer_expired
                0x00000000000121ae                etimer_expiration_time
                0x00000000000121c0                etimer_start_time
                0x00000000000121ca                etimer_pending
                0x00000000000121dc                etimer_next_expiration_time
                0x00000000000121f6                etimer_stop
 .text          0x000000000001226b      0x560 obj_cooja/mtype79.a(process.o)
                0x000000000001226b                process_alloc_event
                0x0000000000012280                process_start
                0x0000000000012469                process_exit
                0x0000000000012485                process_init
                0x0000000000012656                process_run
                0x0000000000012689                process_nevents
                0x00000000000126a4                process_post
                0x0000000000012750                process_post_synch
                0x0000000000012788                process_poll
                0x00000000000127b7                process_is_running
 .text          0x00000000000127cb       0xba obj_cooja/mtype79.a(rtimer.o)
                0x00000000000127cb                rtimer_init
                0x00000000000127d8                rtimer_set
                0x000000000001282f                rtimer_run_next
 .text          0x0000000000012885       0xa3 obj_cooja/mtype79.a(stimer.o)
                0x0000000000012885                stimer_set
                0x00000000000128a0                stimer_reset
                0x00000000000128b7                stimer_restart
                0x00000000000128c9                stimer_expired
                0x00000000000128f0                stimer_remaining
                0x0000000000012914                stimer_elapsed
 .text          0x0000000000012928       0x91 obj_cooja/mtype79.a(timer.o)
                0x0000000000012928                timer_set
                0x0000000000012943                timer_reset
                0x000000000001295a                timer_restart
                0x000000000001296c                timer_expired
                0x0000000000012995                timer_remaining
 .text          0x00000000000129b9      0x1fb obj_cooja/mtype79.a(serial-line.o)
                0x00000000000129b9                serial_line_input_byte
                0x0000000000012b7c                serial_line_init
 .text          0x0000000000012bb4      0x244 obj_cooja/mtype79.a(list.o)
                0x0000000000012bb4                list_init
                0x0000000000012bc2                list_head
                0x0000000000012bcc                list_copy
                0x0000000000012bdb                list_tail
                0x0000000000012c11                list_add
                0x0000000000012c5a                list_push
                0x0000000000012c86                list_chop
                0x0000000000012cf0                list_pop
                0x0000000000012d18                list_remove
                0x0000000000012d7f                list_length
                0x0000000000012dad                list_insert
                0x0000000000012de1                list_item_next
 .text          0x0000000000012df8      0x155 obj_cooja/mtype79.a(ringbuf.o)
                0x0000000000012df8                ringbuf_init
                0x0000000000012e29                ringbuf_put
                0x0000000000012ea7                ringbuf_get
                0x0000000000012f14                ringbuf_size
                0x0000000000012f26                ringbuf_elements
 .text          0x0000000000012f4d     0x259f obj_cooja/mtype79.a(sicslowpan.o)
                0x00000000000134d7                rime_sniffer_add
                0x00000000000134e4                rime_sniffer_remove
                0x000000000001548b                sicslowpan_init
                0x00000000000154e2                sicslowpan_get_last_rssi
 .text          0x00000000000154ec      0x2dc obj_cooja/mtype79.a(uip-ds6-nbr.o)
                0x0000000000015509                uip_ds6_neighbors_init
                0x0000000000015526                uip_ds6_nbr_add
                0x00000000000155d7                uip_ds6_nbr_rm
                0x0000000000015634                uip_ds6_nbr_get_ipaddr
                0x0000000000015649                uip_ds6_nbr_get_ll
                0x0000000000015665                uip_ds6_nbr_num
                0x00000000000156aa                uip_ds6_nbr_lookup
                0x000000000001570f                uip_ds6_nbr_ll_lookup
                0x000000000001572b                uip_ds6_nbr_ipaddr_from_lladdr
                0x0000000000015751                uip_ds6_nbr_lladdr_from_ipaddr
                0x000000000001577f                uip_ds6_link_neighbor_callback
 .text          0x00000000000157c8      0x916 obj_cooja/mtype79.a(uip-ds6-route.o)
                0x000000000001583f                uip_ds6_notification_add
                0x0000000000015870                uip_ds6_notification_rm
                0x000000000001588c                uip_ds6_route_init
                0x0000000000015914                uip_ds6_route_nexthop
                0x000000000001593c                uip_ds6_route_head
                0x0000000000015951                uip_ds6_route_next
                0x0000000000015977                uip_ds6_route_is_nexthop
                0x00000000000159b6                uip_ds6_route_num_routes
                0x00000000000159c0                uip_ds6_route_lookup
                0x0000000000015a82                uip_ds6_route_add
                0x0000000000015cb6                uip_ds6_route_rm
                0x0000000000015e4a                uip_ds6_route_rm_by_nexthop
                0x0000000000015e82                uip_ds6_defrt_add
                0x0000000000015f33                uip_ds6_defrt_rm
                0x0000000000015fb2                uip_ds6_defrt_lookup
                0x000000000001600b                uip_ds6_defrt_choose
                0x0000000000016076                uip_ds6_defrt_periodic
 .text          0x00000000000160de     0x12ad obj_cooja/mtype79.a(uip-ds6.o)
                0x00000000000160de                uip_ds6_init
                0x0000000000016433                uip_ds6_periodic
                0x000000000001650b                uip_ds6_list_loop
                0x00000000000165b2                uip_ds6_prefix_add
                0x0000000000016670                uip_ds6_prefix_rm
                0x0000000000016682                uip_ds6_prefix_lookup
                0x00000000000166d3                uip_ds6_is_addr_onlink
                0x0000000000016747                uip_ds6_addr_add
                0x0000000000016875                uip_ds6_long_addr_add
                0x00000000000169a3                uip_ds6_addr_rm
                0x0000000000016a43                uip_ds6_addr_lookup
                0x0000000000016a8e                uip_ds6_long_addr_lookup
                0x0000000000016ad9                uip_ds6_get_link_local
                0x0000000000016b58                uip_ds6_long_get_link_local
                0x0000000000016bd7                uip_ds6_get_global
                0x0000000000016c56                uip_ds6_long_get_global
                0x0000000000016cd5                uip_ds6_maddr_add
                0x0000000000016d47                uip_ds6_long_maddr_add
                0x0000000000016db9                uip_ds6_maddr_rm
                0x0000000000016dcb                uip_ds6_maddr_lookup
                0x0000000000016e16                uip_ds6_long_maddr_lookup
                0x0000000000016e61                uip_ds6_aaddr_add
                0x0000000000016ed3                uip_ds6_long_aaddr_add
                0x0000000000016f45                uip_ds6_aaddr_rm
                0x0000000000016f57                uip_ds6_aaddr_lookup
                0x0000000000016fa2                uip_ds6_long_aaddr_lookup
                0x0000000000016fed                uip_ds6_select_src
                0x0000000000017276                uip_ds6_set_addr_iid
                0x00000000000172ad                get_match_length
                0x000000000001733f                uip_ds6_compute_reachable_time
 .text          0x000000000001738b     0x29f3 obj_cooja/mtype79.a(uip6.o)
                0x000000000001738b                uip_add32
                0x0000000000017524                uip_chksum
                0x0000000000017612                uip_icmp6chksum
                0x0000000000017626                uip_tcpchksum
                0x000000000001763a                uip_udpchksum
                0x000000000001764e                uip_init
                0x000000000001771e                uip_connect
                0x00000000000178cd                remove_ext_hdr
                0x00000000000179a2                uip_udp_new
                0x0000000000017afe                uip_unlisten
                0x0000000000017b5e                uip_listen
                0x0000000000017e20                uip_process
                0x0000000000019c72                uip_htons
                0x0000000000019c94                uip_htonl
                0x0000000000019cd4                uip_send
 .text          0x0000000000019d7e      0xa66 obj_cooja/mtype79.a(tcpip.o)
                0x0000000000019d7e                tcpip_output
                0x0000000000019dac                tcpip_set_outputfunc
                0x0000000000019e40                tcp_connect
                0x0000000000019e95                tcp_unlisten
                0x0000000000019ef0                tcp_listen
                0x0000000000019f49                tcp_attach
                0x0000000000019f6e                udp_attach
                0x0000000000019f93                udp_new
                0x0000000000019fe5                udp_broadcast_new
                0x000000000001a259                tcpip_input
                0x000000000001a28d                tcpip_ipv6_output
                0x000000000001a62a                tcpip_poll_udp
                0x000000000001a64d                tcpip_poll_tcp
                0x000000000001a670                tcpip_uipcall
 .text          0x000000000001a7e4      0x1c1 obj_cooja/mtype79.a(uip-debug.o)
                0x000000000001a7e4                uip_debug_ipaddr_print
                0x000000000001a946                uip_debug_lladdr_print
 .text          0x000000000001a9a5      0x141 obj_cooja/mtype79.a(uip-packetqueue)
                0x000000000001a9d1                uip_packetqueue_new
                0x000000000001a9df                uip_packetqueue_alloc
                0x000000000001aa3f                uip_packetqueue_free
                0x000000000001aa80                uip_packetqueue_buf
                0x000000000001aa9d                uip_packetqueue_buflen
                0x000000000001aabe                uip_packetqueue_set_buflen
 .text          0x000000000001aae6      0x131 obj_cooja/mtype79.a(uip-udp-packet.)
                0x000000000001aae6                uip_udp_packet_send
                0x000000000001ab46                uip_udp_packet_sendto
 .text          0x000000000001ac17     0x238e obj_cooja/mtype79.a(rpl-dag.o)
                0x000000000001ac17                rpl_print_neighbor_list
                0x000000000001adec                rpl_get_nbr
                0x000000000001ae46                rpl_dag_init
                0x000000000001ae63                rpl_get_parent
                0x000000000001ae85                rpl_get_parent_rank
                0x000000000001aeb8                rpl_get_parent_link_metric
                0x000000000001aeeb                rpl_get_parent_ipaddr
                0x000000000001b1ee                rpl_set_root
                0x000000000001b415                rpl_repair_root
                0x000000000001b651                rpl_set_prefix
                0x000000000001b750                rpl_set_default_route
                0x000000000001b7dc                rpl_alloc_instance
                0x000000000001b86f                rpl_alloc_dag
                0x000000000001b920                rpl_set_default_instance
                0x000000000001b92d                rpl_get_default_instance
                0x000000000001b937                rpl_free_instance
                0x000000000001b9e6                rpl_free_dag
                0x000000000001ba4c                rpl_add_parent
                0x000000000001bb22                rpl_find_parent
                0x000000000001bb7a                rpl_find_parent_any_dag
                0x000000000001bbb6                rpl_select_dag
                0x000000000001bf4c                rpl_select_parent
                0x000000000001bfae                rpl_remove_parent
                0x000000000001bfd5                rpl_nullify_parent
                0x000000000001c073                rpl_move_parent
                0x000000000001c110                rpl_has_downward_route
                0x000000000001c163                rpl_get_any_dag
                0x000000000001c1c5                rpl_get_instance
                0x000000000001c228                rpl_find_of
                0x000000000001c265                rpl_join_instance
                0x000000000001c4e0                rpl_add_dag
                0x000000000001c8cf                rpl_local_repair
                0x000000000001c993                rpl_recalculate_ranks
                0x000000000001ca19                rpl_process_parent_event
                0x000000000001cacb                rpl_process_dio
 .text          0x000000000001cfa5      0xbf3 obj_cooja/mtype79.a(rpl-ext-header.)
                0x000000000001cfc2                rpl_verify_header
                0x000000000001d43c                rpl_update_header_empty
                0x000000000001d753                rpl_update_header_final
                0x000000000001d8e2                rpl_remove_header
                0x000000000001d9ec                rpl_invert_header
                0x000000000001db76                rpl_insert_header
 .text          0x000000000001db98     0x25e3 obj_cooja/mtype79.a(rpl-icmp6.o)
                0x000000000001ddf7                rpl_icmp6_update_nbr_table
                0x000000000001dfc4                dis_output
                0x000000000001e8eb                dio_output
                0x000000000001fc09                dao_output
                0x000000000001fcd0                dao_output_target
                0x000000000002012f                dao_ack_output
                0x0000000000020143                rpl_icmp6_register_handlers
 .text          0x000000000002017b      0x2c1 obj_cooja/mtype79.a(rpl-mrhof.o)
 .text          0x000000000002043c      0x7b3 obj_cooja/mtype79.a(rpl-timers.o)
                0x0000000000020682                rpl_reset_periodic_timer
                0x00000000000206d7                rpl_reset_dio_timer
                0x0000000000020911                rpl_schedule_dao
                0x000000000002092c                rpl_schedule_dao_immediately
                0x0000000000020947                rpl_cancel_dao
                0x00000000000209a9                rpl_schedule_unicast_dio_immediately
                0x0000000000020b97                rpl_schedule_probing
 .text          0x0000000000020bef      0x59b obj_cooja/mtype79.a(rpl.o)
                0x0000000000020bef                rpl_get_mode
                0x0000000000020bf9                rpl_set_mode
                0x0000000000020c87                rpl_purge_routes
                0x0000000000020d81                rpl_remove_routes
                0x0000000000020dc7                rpl_remove_routes_by_nexthop
                0x0000000000020e33                rpl_add_route
                0x0000000000020eae                rpl_link_neighbor_callback
                0x0000000000020fb3                rpl_ipv6_neighbor_callback
                0x0000000000021022                rpl_purge_dags
                0x0000000000021104                rpl_init
 .text          0x000000000002118a       0x82 obj_cooja/mtype79.a(linkaddr.o)
                0x000000000002118a                linkaddr_copy
                0x00000000000211ac                linkaddr_cmp
                0x00000000000211d6                linkaddr_set_node_addr
                0x00000000000211f1                linkaddr_set_node_long_addr
 .text          0x000000000002120c      0x88c obj_cooja/mtype79.a(nbr-table.o)
                0x000000000002120c                lladdr_map_add_lr
                0x00000000000212c9                lladdr_map_rm_lr
                0x000000000002178e                nbr_table_register
                0x00000000000217d6                nbr_table_head
                0x0000000000021832                nbr_table_next
                0x0000000000021899                nbr_table_add_lladdr
                0x0000000000021975                nbr_table_get_from_lladdr
                0x00000000000219c2                nbr_table_remove
                0x0000000000021a14                nbr_table_lock
                0x0000000000021a3e                nbr_table_unlock
                0x0000000000021a68                nbr_table_get_lladdr
 .text          0x0000000000021a98       0x2b obj_cooja/mtype79.a(netstack.o)
                0x0000000000021a98                netstack_init
 .text          0x0000000000021ac3      0x3cd obj_cooja/mtype79.a(packetbuf.o)
                0x0000000000021ac3                packetbuf_clear
                0x0000000000021aed                packetbuf_copyfrom
                0x0000000000021b3f                packetbuf_compact
                0x0000000000021bbc                packetbuf_copyto
                0x0000000000021c53                packetbuf_hdralloc
                0x0000000000021cd0                packetbuf_hdrreduce
                0x0000000000021d18                packetbuf_set_datalen
                0x0000000000021d31                packetbuf_dataptr
                0x0000000000021d4e                packetbuf_hdrptr
                0x0000000000021d58                packetbuf_datalen
                0x0000000000021d64                packetbuf_hdrlen
                0x0000000000021d7b                packetbuf_totlen
                0x0000000000021d91                packetbuf_attr_clear
                0x0000000000021de3                packetbuf_attr_copyto
                0x0000000000021e2c                packetbuf_attr_copyfrom
                0x0000000000021e74                packetbuf_holds_broadcast
 .text          0x0000000000021e90      0x2b4 obj_cooja/mtype79.a(queuebuf.o)
                0x0000000000021e9a                queuebuf_init
                0x0000000000021eba                queuebuf_numfree
                0x0000000000021ece                queuebuf_new_from_packetbuf
                0x0000000000021f5e                queuebuf_update_attr_from_packetbuf
                0x0000000000021f91                queuebuf_update_from_packetbuf
                0x0000000000021fdb                queuebuf_free
                0x0000000000022022                queuebuf_to_packetbuf
                0x0000000000022088                queuebuf_dataptr
                0x00000000000220bf                queuebuf_datalen
                0x00000000000220e2                queuebuf_addr
                0x0000000000022114                queuebuf_attr
                0x000000000002213f                queuebuf_debug_print
 .text          0x0000000000022144      0x858 obj_cooja/mtype79.a(csma.o)
 .text          0x000000000002299c      0x3f5 obj_cooja/mtype79.a(framer-802154.o)
 .text          0x0000000000022d91       0x3c obj_cooja/mtype79.a(mac.o)
                0x0000000000022d91                mac_call_sent_callback
 .text          0x0000000000022dcd      0x518 obj_cooja/mtype79.a(nullrdc.o)
 .text          0x00000000000232e5       0x81 obj_cooja/mtype79.a(nullsec.o)
 .text          0x0000000000023366       0x19 obj_cooja/mtype79.a(watchdog.o)
                0x0000000000023366                watchdog_init
                0x000000000002336b                watchdog_start
                0x0000000000023370                watchdog_periodic
                0x0000000000023375                watchdog_stop
                0x000000000002337a                watchdog_reboot
 .text          0x000000000002337f        0x0 obj_cooja/mtype79.a(rimestats.o)
 .text          0x000000000002337f      0x1c1 obj_cooja/mtype79.a(memb.o)
                0x000000000002337f                memb_init
                0x00000000000233dd                memb_alloc
                0x0000000000023442                memb_free
                0x00000000000234bd                memb_inmemb
                0x00000000000234fc                memb_numfree
 .text          0x0000000000023540      0xab2 obj_cooja/mtype79.a(uip-icmp6.o)
                0x00000000000235ae                uip_icmp6_input
                0x0000000000023604                uip_icmp6_register_input_handler
                0x00000000000238cc                uip_icmp6_error_output
                0x0000000000023c11                uip_icmp6_send
                0x0000000000023f85                uip_icmp6_echo_reply_callback_add
                0x0000000000023fb6                uip_icmp6_echo_reply_callback_rm
                0x0000000000023fd2                uip_icmp6_init
 .text          0x0000000000023ff2      0x358 obj_cooja/mtype79.a(uip-nd6.o)
                0x0000000000024046                uip_nd6_ns_output
                0x0000000000024345                uip_nd6_init
 .text          0x000000000002434a      0x331 obj_cooja/mtype79.a(rpl-nbr-policy.)
                0x0000000000024522                find_removable_dis
                0x0000000000024545                find_removable_dio
                0x00000000000245d4                find_removable_dao
                0x0000000000024624                rpl_nbr_policy_find_removable
 .text          0x000000000002467b      0x97c obj_cooja/mtype79.a(frame802154.o)
                0x00000000000246ac                frame802154_get_pan_id
                0x00000000000246b8                frame802154_set_pan_id
                0x00000000000246d1                frame802154_has_panid
                0x00000000000247bd                frame802154_check_dest_panid
                0x0000000000024825                frame802154_is_broadcast_addr
                0x0000000000024872                frame802154_extract_linkaddr
                0x0000000000024ab2                frame802154_hdrlen
                0x0000000000024b03                frame802154_create
                0x0000000000024cee                frame802154_parse
 .text          0x0000000000024ff7      0x181 obj_cooja/mtype79.a(mac-sequence.o)
                0x000000000002502e                mac_sequence_is_duplicate
                0x00000000000250b1                mac_sequence_register_seqno
 .text          0x0000000000025178        0x0 /usr/lib/gcc/i686-linux-gnu/4.8/crtendS.o
 .text          0x0000000000025178        0x0 /usr/lib/gcc/i686-linux-gnu/4.8/../../../i386-linux-gnu/crtn.o
 *(.gnu.warning)

.fini           0x0000000000025178       0x14
 *(SORT(.fini))
 .fini          0x0000000000025178        0xf /usr/lib/gcc/i686-linux-gnu/4.8/../../../i386-linux-gnu/crti.o
                0x0000000000025178                _fini
 .fini          0x0000000000025187        0x5 /usr/lib/gcc/i686-linux-gnu/4.8/../../../i386-linux-gnu/crtn.o
                0x000000000002518c                PROVIDE (__etext, .)
                0x000000000002518c                PROVIDE (_etext, .)
                0x000000000002518c                PROVIDE (etext, .)

.rodata         0x00000000000251a0     0x1340
 *(.rodata .rodata.* .gnu.linkonce.r.*)
 .rodata        0x00000000000251a0      0x17e udp-client.co
                0x00000000000251b4                autostart_processes
 *fill*         0x000000000002531e        0x2 
 .rodata        0x0000000000025320      0x1b6 obj_cooja/mtype79.o
 *fill*         0x00000000000254d6        0x2 
 .rodata        0x00000000000254d8        0x8 obj_cooja/mtype79.a(beep.o)
                0x00000000000254d8                beep_interface
 .rodata        0x00000000000254e0       0x20 obj_cooja/mtype79.a(button-sensor.o)
                0x00000000000254e0                button_interface
                0x00000000000254f0                button_sensor
 .rodata        0x0000000000025500        0x8 obj_cooja/mtype79.a(leds-arch.o)
                0x0000000000025500                leds_interface
 .rodata        0x0000000000025508        0x8 obj_cooja/mtype79.a(moteid.o)
                0x0000000000025508                moteid_interface
 .rodata        0x0000000000025510       0x1c obj_cooja/mtype79.a(pir-sensor.o)
                0x0000000000025510                pir_interface
                0x000000000002551c                pir_sensor
 .rodata        0x000000000002552c        0xe obj_cooja/mtype79.a(rs232.o)
                0x000000000002552c                rs232_interface
 *fill*         0x000000000002553a        0x2 
 .rodata        0x000000000002553c       0x24 obj_cooja/mtype79.a(vib-sensor.o)
                0x000000000002553c                vib_interface
                0x0000000000025550                vib_sensor
 .rodata        0x0000000000025560        0x8 obj_cooja/mtype79.a(clock.o)
                0x0000000000025560                clock_interface
 .rodata        0x0000000000025568        0x8 obj_cooja/mtype79.a(log.o)
                0x0000000000025568                simlog_interface
 .rodata        0x0000000000025570       0x2f obj_cooja/mtype79.a(cfs-cooja.o)
                0x0000000000025570                cfs_interface
 *fill*         0x000000000002559f        0x1 
 .rodata        0x00000000000255a0      0x120 obj_cooja/mtype79.a(cooja-radio.o)
                0x0000000000025680                cooja_radio_driver
                0x00000000000256b8                radio_interface
 .rodata        0x00000000000256c0        0x8 obj_cooja/mtype79.a(eeprom.o)
                0x00000000000256c0                eeprom_interface
 .rodata        0x00000000000256c8        0x8 obj_cooja/mtype79.a(sensors.o)
 .rodata        0x00000000000256d0      0x21d obj_cooja/mtype79.a(dual_conf.o)
 .rodata        0x00000000000258ed        0xf obj_cooja/mtype79.a(ctimer.o)
 .rodata        0x00000000000258fc        0xc obj_cooja/mtype79.a(etimer.o)
 .rodata        0x0000000000025908        0xe obj_cooja/mtype79.a(serial-line.o)
 *fill*         0x0000000000025916        0x2 
 .rodata        0x0000000000025918       0x38 obj_cooja/mtype79.a(sicslowpan.o)
                0x0000000000025918                unc_llconf
                0x000000000002591c                unc_ctxconf
                0x0000000000025920                unc_mxconf
                0x0000000000025924                llprefix
                0x0000000000025944                sicslowpan_driver
 .rodata        0x0000000000025950      0x13c obj_cooja/mtype79.a(uip6.o)
 .rodata        0x0000000000025a8c       0x29 obj_cooja/mtype79.a(tcpip.o)
 .rodata        0x0000000000025ab5       0x3e obj_cooja/mtype79.a(uip-debug.o)
 *fill*         0x0000000000025af3        0x1 
 .rodata        0x0000000000025af4       0x72 obj_cooja/mtype79.a(rpl-dag.o)
 *fill*         0x0000000000025b66        0x2 
 .rodata        0x0000000000025b68      0x8a4 obj_cooja/mtype79.a(rpl-icmp6.o)
 .rodata        0x000000000002640c        0x8 obj_cooja/mtype79.a(linkaddr.o)
                0x000000000002640c                linkaddr_null
 .rodata        0x0000000000026414       0x40 obj_cooja/mtype79.a(csma.o)
                0x0000000000026438                csma_driver
 .rodata        0x0000000000026454        0xc obj_cooja/mtype79.a(framer-802154.o)
                0x0000000000026454                framer_802154
 .rodata        0x0000000000026460       0x60 obj_cooja/mtype79.a(nullrdc.o)
                0x00000000000264a0                nullrdc_driver
 .rodata        0x00000000000264c0       0x20 obj_cooja/mtype79.a(nullsec.o)
                0x00000000000264d0                nullsec_driver

.rodata1
 *(.rodata1)

.eh_frame_hdr   0x00000000000264e0     0x133c
 *(.eh_frame_hdr)
 .eh_frame_hdr  0x00000000000264e0     0x133c udp-client.co

.eh_frame       0x000000000002781c     0x4e4c
 *(.eh_frame)
 .eh_frame      0x000000000002781c       0x3c /usr/lib/gcc/i686-linux-gnu/4.8/../../../i386-linux-gnu/crti.o
                                         0x40 (size before relaxing)
 .eh_frame      0x0000000000027858       0xa8 udp-client.co
                                         0xc0 (size before relaxing)
 .eh_frame      0x0000000000027900      0x148 obj_cooja/mtype79.o
                                        0x160 (size before relaxing)
 .eh_frame      0x0000000000027a48       0x40 obj_cooja/mtype79.a(simEnvChange.o)
                                         0x58 (size before relaxing)
 .eh_frame      0x0000000000027a88       0xc0 obj_cooja/mtype79.a(cooja_mt.o)
                                         0xd8 (size before relaxing)
 .eh_frame      0x0000000000027b48      0x120 obj_cooja/mtype79.a(cooja_mtarch.o)
                                        0x138 (size before relaxing)
 .eh_frame      0x0000000000027c68       0xc0 obj_cooja/mtype79.a(rtimer-arch.o)
                                         0xd8 (size before relaxing)
 .eh_frame      0x0000000000027d28      0x160 obj_cooja/mtype79.a(beep.o)
                                        0x178 (size before relaxing)
 .eh_frame      0x0000000000027e88       0xa0 obj_cooja/mtype79.a(button-sensor.o)
                                         0xb8 (size before relaxing)
 .eh_frame      0x0000000000027f28       0xa0 obj_cooja/mtype79.a(leds-arch.o)
                                         0xb8 (size before relaxing)
 .eh_frame      0x0000000000027fc8       0x40 obj_cooja/mtype79.a(moteid.o)
                                         0x58 (size before relaxing)
 .eh_frame      0x0000000000028008       0xa0 obj_cooja/mtype79.a(pir-sensor.o)
                                         0xb8 (size before relaxing)
 .eh_frame      0x00000000000280a8      0x100 obj_cooja/mtype79.a(rs232.o)
                                        0x118 (size before relaxing)
 .eh_frame      0x00000000000281a8       0xa0 obj_cooja/mtype79.a(vib-sensor.o)
                                         0xb8 (size before relaxing)
 .eh_frame      0x0000000000028248       0xc0 obj_cooja/mtype79.a(clock.o)
                                         0xd8 (size before relaxing)
 .eh_frame      0x0000000000028308      0x120 obj_cooja/mtype79.a(log.o)
                                        0x138 (size before relaxing)
 .eh_frame      0x0000000000028428      0x160 obj_cooja/mtype79.a(cfs-cooja.o)
                                        0x178 (size before relaxing)
 .eh_frame      0x0000000000028588      0x2e0 obj_cooja/mtype79.a(cooja-radio.o)
                                        0x2f8 (size before relaxing)
 .eh_frame      0x0000000000028868       0xa0 obj_cooja/mtype79.a(eeprom.o)
                                         0xb8 (size before relaxing)
 .eh_frame      0x0000000000028908       0x40 obj_cooja/mtype79.a(random.o)
                                         0x58 (size before relaxing)
 .eh_frame      0x0000000000028948       0xc0 obj_cooja/mtype79.a(sensors.o)
                                         0xd8 (size before relaxing)
 .eh_frame      0x0000000000028a08      0x120 obj_cooja/mtype79.a(dual_conf.o)
                                        0x138 (size before relaxing)
 .eh_frame      0x0000000000028b28       0x40 obj_cooja/mtype79.a(autostart.o)
                                         0x58 (size before relaxing)
 .eh_frame      0x0000000000028b68      0x100 obj_cooja/mtype79.a(ctimer.o)
                                        0x118 (size before relaxing)
 .eh_frame      0x0000000000028c68      0x1e0 obj_cooja/mtype79.a(etimer.o)
                                        0x1f8 (size before relaxing)
 .eh_frame      0x0000000000028e48      0x1c8 obj_cooja/mtype79.a(process.o)
                                        0x1e0 (size before relaxing)
 .eh_frame      0x0000000000029010       0x60 obj_cooja/mtype79.a(rtimer.o)
                                         0x78 (size before relaxing)
 .eh_frame      0x0000000000029070       0xc4 obj_cooja/mtype79.a(stimer.o)
                                         0xdc (size before relaxing)
 .eh_frame      0x0000000000029134       0xa4 obj_cooja/mtype79.a(timer.o)
                                         0xbc (size before relaxing)
 .eh_frame      0x00000000000291d8       0x60 obj_cooja/mtype79.a(serial-line.o)
                                         0x78 (size before relaxing)
 .eh_frame      0x0000000000029238      0x180 obj_cooja/mtype79.a(list.o)
                                        0x198 (size before relaxing)
 .eh_frame      0x00000000000293b8       0xa0 obj_cooja/mtype79.a(ringbuf.o)
                                         0xb8 (size before relaxing)
 .eh_frame      0x0000000000029458      0x350 obj_cooja/mtype79.a(sicslowpan.o)
                                        0x368 (size before relaxing)
 .eh_frame      0x00000000000297a8      0x180 obj_cooja/mtype79.a(uip-ds6-nbr.o)
                                        0x198 (size before relaxing)
 .eh_frame      0x0000000000029928      0x2a0 obj_cooja/mtype79.a(uip-ds6-route.o)
                                        0x2b8 (size before relaxing)
 .eh_frame      0x0000000000029bc8      0x3c8 obj_cooja/mtype79.a(uip-ds6.o)
                                        0x3e0 (size before relaxing)
 .eh_frame      0x0000000000029f90      0x27c obj_cooja/mtype79.a(uip6.o)
                                        0x294 (size before relaxing)
 .eh_frame      0x000000000002a20c      0x270 obj_cooja/mtype79.a(tcpip.o)
                                        0x288 (size before relaxing)
 .eh_frame      0x000000000002a47c       0x48 obj_cooja/mtype79.a(uip-debug.o)
                                         0x60 (size before relaxing)
 .eh_frame      0x000000000002a4c4       0xe0 obj_cooja/mtype79.a(uip-packetqueue)
                                         0xf8 (size before relaxing)
 .eh_frame      0x000000000002a5a4       0x40 obj_cooja/mtype79.a(uip-udp-packet.)
                                         0x58 (size before relaxing)
 .eh_frame      0x000000000002a5e4      0x65c obj_cooja/mtype79.a(rpl-dag.o)
                                        0x674 (size before relaxing)
 .eh_frame      0x000000000002ac40      0x10c obj_cooja/mtype79.a(rpl-ext-header.)
                                        0x124 (size before relaxing)
 .eh_frame      0x000000000002ad4c      0x288 obj_cooja/mtype79.a(rpl-icmp6.o)
                                        0x2a0 (size before relaxing)
 .eh_frame      0x000000000002afd4       0xe0 obj_cooja/mtype79.a(rpl-mrhof.o)
                                         0xf8 (size before relaxing)
 .eh_frame      0x000000000002b0b4      0x20c obj_cooja/mtype79.a(rpl-timers.o)
                                        0x224 (size before relaxing)
 .eh_frame      0x000000000002b2c0      0x140 obj_cooja/mtype79.a(rpl.o)
                                        0x158 (size before relaxing)
 .eh_frame      0x000000000002b400       0x80 obj_cooja/mtype79.a(linkaddr.o)
                                         0x98 (size before relaxing)
 .eh_frame      0x000000000002b480      0x2ac obj_cooja/mtype79.a(nbr-table.o)
                                        0x2c4 (size before relaxing)
 .eh_frame      0x000000000002b72c       0x20 obj_cooja/mtype79.a(netstack.o)
                                         0x38 (size before relaxing)
 .eh_frame      0x000000000002b74c      0x214 obj_cooja/mtype79.a(packetbuf.o)
                                        0x22c (size before relaxing)
 .eh_frame      0x000000000002b960      0x1a0 obj_cooja/mtype79.a(queuebuf.o)
                                        0x1b8 (size before relaxing)
 .eh_frame      0x000000000002bb00      0x28c obj_cooja/mtype79.a(csma.o)
                                        0x2a4 (size before relaxing)
 .eh_frame      0x000000000002bd8c      0x108 obj_cooja/mtype79.a(framer-802154.o)
                                        0x120 (size before relaxing)
 .eh_frame      0x000000000002be94       0x20 obj_cooja/mtype79.a(mac.o)
                                         0x38 (size before relaxing)
 .eh_frame      0x000000000002beb4      0x178 obj_cooja/mtype79.a(nullrdc.o)
                                        0x190 (size before relaxing)
 .eh_frame      0x000000000002c02c       0x80 obj_cooja/mtype79.a(nullsec.o)
                                         0x98 (size before relaxing)
 .eh_frame      0x000000000002c0ac       0xa0 obj_cooja/mtype79.a(watchdog.o)
                                         0xb8 (size before relaxing)
 .eh_frame      0x000000000002c14c       0xa0 obj_cooja/mtype79.a(memb.o)
                                         0xb8 (size before relaxing)
 .eh_frame      0x000000000002c1ec      0x164 obj_cooja/mtype79.a(uip-icmp6.o)
                                        0x17c (size before relaxing)
 .eh_frame      0x000000000002c350       0x68 obj_cooja/mtype79.a(uip-nd6.o)
                                         0x80 (size before relaxing)
 .eh_frame      0x000000000002c3b8       0xc0 obj_cooja/mtype79.a(rpl-nbr-policy.)
                                         0xd8 (size before relaxing)
 .eh_frame      0x000000000002c478      0x164 obj_cooja/mtype79.a(frame802154.o)
                                        0x17c (size before relaxing)
 .eh_frame      0x000000000002c5dc       0x88 obj_cooja/mtype79.a(mac-sequence.o)
                                         0xa0 (size before relaxing)
 .eh_frame      0x000000000002c664        0x4 /usr/lib/gcc/i686-linux-gnu/4.8/crtendS.o

.gcc_except_table
 *(.gcc_except_table .gcc_except_table.*)

.exception_ranges
 *(.exception_ranges .exception_ranges*)
                0x000000000002c668                . = (ALIGN (0x1000) - ((0x1000 - .) & 0xfff))
                0x000000000002def8                . = DATA_SEGMENT_ALIGN (0x1000, 0x1000)

.eh_frame
 *(.eh_frame)

.gcc_except_table
 *(.gcc_except_table .gcc_except_table.*)

.exception_ranges
 *(.exception_ranges .exception_ranges*)

.tdata
 *(.tdata .tdata.* .gnu.linkonce.td.*)

.tbss
 *(.tbss .tbss.* .gnu.linkonce.tb.*)
 *(.tcommon)

.preinit_array
 *(.preinit_array)

.init_array     0x000000000002def8        0x4
 *(SORT(.init_array.*) SORT(.ctors.*))
 *(.init_array EXCLUDE_FILE(*crtend?.o *crtend.o *crtbegin?.o *crtbegin.o) .ctors)
 .init_array    0x000000000002def8        0x4 /usr/lib/gcc/i686-linux-gnu/4.8/crtbeginS.o

.fini_array     0x000000000002defc        0x4
 *(SORT(.fini_array.*) SORT(.dtors.*))
 *(.fini_array EXCLUDE_FILE(*crtend?.o *crtend.o *crtbegin?.o *crtbegin.o) .dtors)
 .fini_array    0x000000000002defc        0x4 /usr/lib/gcc/i686-linux-gnu/4.8/crtbeginS.o

.ctors
 *crtbegin.o(.ctors)
 *crtbegin?.o(.ctors)
 *(EXCLUDE_FILE(*crtend?.o *crtend.o) .ctors)
 *(SORT(.ctors.*))
 *(.ctors)

.dtors
 *crtbegin.o(.dtors)
 *crtbegin?.o(.dtors)
 *(EXCLUDE_FILE(*crtend?.o *crtend.o) .dtors)
 *(SORT(.dtors.*))
 *(.dtors)

.jcr            0x000000000002df00        0x4
 *(.jcr)
 .jcr           0x000000000002df00        0x0 /usr/lib/gcc/i686-linux-gnu/4.8/crtbeginS.o
 .jcr           0x000000000002df00        0x4 /usr/lib/gcc/i686-linux-gnu/4.8/crtendS.o

.data.rel.ro
 *(.data.rel.ro.local* .gnu.linkonce.d.rel.ro.local.*)
 *(.data.rel.ro .data.rel.ro.* .gnu.linkonce.d.rel.ro.*)

.dynamic        0x000000000002df04       0xe8
 *(.dynamic)
 .dynamic       0x000000000002df04       0xe8 /usr/lib/gcc/i686-linux-gnu/4.8/../../../i386-linux-gnu/crti.o
                0x000000000002df04                _DYNAMIC

.got            0x000000000002dfec       0x14
 *(.got)
 .got           0x000000000002dfec       0x14 /usr/lib/gcc/i686-linux-gnu/4.8/../../../i386-linux-gnu/crti.o
 *(.igot)
                0x000000000002eff4                . = DATA_SEGMENT_RELRO_END (., (SIZEOF (.got.plt) >= 0xc)?0xc:0x0)

.got.plt        0x000000000002e000       0x14
 *(.got.plt)
 .got.plt       0x000000000002e000       0x14 /usr/lib/gcc/i686-linux-gnu/4.8/../../../i386-linux-gnu/crti.o
                0x000000000002e000                _GLOBAL_OFFSET_TABLE_
 *(.igot.plt)

.data           0x000000000002e020      0x252
 *(.data .data.* .gnu.linkonce.d.*)
 .data          0x000000000002e020        0x0 /usr/lib/gcc/i686-linux-gnu/4.8/../../../i386-linux-gnu/crti.o
 .data          0x000000000002e020        0x0 /usr/lib/gcc/i686-linux-gnu/4.8/crtbeginS.o
 .data.rel      0x000000000002e020        0x4 /usr/lib/gcc/i686-linux-gnu/4.8/crtbeginS.o
                0x000000000002e020                __dso_handle
 .data          0x000000000002e024       0x10 udp-client.co
                0x000000000002e024                udp_client_process
 *fill*         0x000000000002e034        0xc 
 .data          0x000000000002e040       0x44 obj_cooja/mtype79.o
                0x000000000002e040                simInterfaces
                0x000000000002e074                sensors
 .data          0x000000000002e084        0x0 obj_cooja/mtype79.a(simEnvChange.o)
 .data          0x000000000002e084        0x0 obj_cooja/mtype79.a(cooja_mt.o)
 .data          0x000000000002e084        0x0 obj_cooja/mtype79.a(cooja_mtarch.o)
 .data          0x000000000002e084        0x0 obj_cooja/mtype79.a(rtimer-arch.o)
 .data          0x000000000002e084        0x0 obj_cooja/mtype79.a(beep.o)
 .data          0x000000000002e084        0x0 obj_cooja/mtype79.a(button-sensor.o)
 .data          0x000000000002e084        0x0 obj_cooja/mtype79.a(leds-arch.o)
 .data          0x000000000002e084        0x0 obj_cooja/mtype79.a(moteid.o)
 .data          0x000000000002e084        0x0 obj_cooja/mtype79.a(pir-sensor.o)
 .data          0x000000000002e084        0x0 obj_cooja/mtype79.a(rs232.o)
 .data          0x000000000002e084        0x0 obj_cooja/mtype79.a(vib-sensor.o)
 .data          0x000000000002e084        0x0 obj_cooja/mtype79.a(clock.o)
 .data          0x000000000002e084        0x0 obj_cooja/mtype79.a(log.o)
 .data          0x000000000002e084        0x0 obj_cooja/mtype79.a(cfs-cooja.o)
 .data          0x000000000002e084       0x38 obj_cooja/mtype79.a(cooja-radio.o)
                0x000000000002e084                simRadioChannel
                0x000000000002e088                simRadioChannelLR
                0x000000000002e08c                simRadioHWOn
                0x000000000002e08d                simRadioHWOnLR
                0x000000000002e090                simSignalStrength
                0x000000000002e094                simSignalStrengthLR
                0x000000000002e098                simLastSignalStrength
                0x000000000002e09c                simLastSignalStrengthLR
                0x000000000002e0a0                simPower
                0x000000000002e0a1                simPowerLR
                0x000000000002e0a4                simLQI
                0x000000000002e0a8                simLQILR
                0x000000000002e0ac                cooja_radio_process
 .data          0x000000000002e0bc        0x0 obj_cooja/mtype79.a(eeprom.o)
 .data          0x000000000002e0bc        0x0 obj_cooja/mtype79.a(random.o)
 .data          0x000000000002e0bc       0x10 obj_cooja/mtype79.a(sensors.o)
                0x000000000002e0bc                sensors_process
 .data          0x000000000002e0cc       0x24 obj_cooja/mtype79.a(dual_conf.o)
                0x000000000002e0cc                radio_received
                0x000000000002e0d0                dual_dio_broadcast
                0x000000000002e0e0                dual_dis_broadcast
 .data          0x000000000002e0f0        0x0 obj_cooja/mtype79.a(autostart.o)
 .data          0x000000000002e0f0       0x14 obj_cooja/mtype79.a(ctimer.o)
                0x000000000002e0f4                ctimer_process
 .data          0x000000000002e104       0x10 obj_cooja/mtype79.a(etimer.o)
                0x000000000002e104                etimer_process
 .data          0x000000000002e114        0x0 obj_cooja/mtype79.a(process.o)
 .data          0x000000000002e114        0x0 obj_cooja/mtype79.a(rtimer.o)
 .data          0x000000000002e114        0x0 obj_cooja/mtype79.a(stimer.o)
 .data          0x000000000002e114        0x0 obj_cooja/mtype79.a(timer.o)
 .data          0x000000000002e114       0x10 obj_cooja/mtype79.a(serial-line.o)
                0x000000000002e114                serial_line_process
 .data          0x000000000002e124        0x0 obj_cooja/mtype79.a(list.o)
 .data          0x000000000002e124        0x0 obj_cooja/mtype79.a(ringbuf.o)
 .data          0x000000000002e124        0x0 obj_cooja/mtype79.a(sicslowpan.o)
 .data          0x000000000002e124       0x14 obj_cooja/mtype79.a(uip-ds6-nbr.o)
                0x000000000002e134                ds6_neighbors
 .data          0x000000000002e138       0x44 obj_cooja/mtype79.a(uip-ds6-route.o)
                0x000000000002e148                nbr_routes
 .data          0x000000000002e17c        0x0 obj_cooja/mtype79.a(uip-ds6.o)
 .data          0x000000000002e17c        0x0 obj_cooja/mtype79.a(uip6.o)
 .data          0x000000000002e17c       0x10 obj_cooja/mtype79.a(tcpip.o)
                0x000000000002e17c                tcpip_process
 .data          0x000000000002e18c        0x0 obj_cooja/mtype79.a(uip-debug.o)
 .data          0x000000000002e18c        0xc obj_cooja/mtype79.a(uip-packetqueue)
 .data          0x000000000002e198        0x0 obj_cooja/mtype79.a(uip-udp-packet.)
 .data          0x000000000002e198       0x14 obj_cooja/mtype79.a(rpl-dag.o)
                0x000000000002e1a8                rpl_parents
 .data          0x000000000002e1ac        0x0 obj_cooja/mtype79.a(rpl-ext-header.)
 .data          0x000000000002e1ac       0x34 obj_cooja/mtype79.a(rpl-icmp6.o)
 .data          0x000000000002e1e0       0x1c obj_cooja/mtype79.a(rpl-mrhof.o)
                0x000000000002e1e0                rpl_mrhof
 .data          0x000000000002e1fc        0x0 obj_cooja/mtype79.a(rpl-timers.o)
 .data          0x000000000002e1fc        0x0 obj_cooja/mtype79.a(rpl.o)
 .data          0x000000000002e1fc        0x0 obj_cooja/mtype79.a(linkaddr.o)
 .data          0x000000000002e1fc       0x10 obj_cooja/mtype79.a(nbr-table.o)
 .data          0x000000000002e20c        0x0 obj_cooja/mtype79.a(netstack.o)
 .data          0x000000000002e20c        0x4 obj_cooja/mtype79.a(packetbuf.o)
 .data          0x000000000002e210       0x18 obj_cooja/mtype79.a(queuebuf.o)
 .data          0x000000000002e228       0x28 obj_cooja/mtype79.a(csma.o)
 .data          0x000000000002e250        0x0 obj_cooja/mtype79.a(framer-802154.o)
 .data          0x000000000002e250        0x0 obj_cooja/mtype79.a(mac.o)
 .data          0x000000000002e250        0x0 obj_cooja/mtype79.a(nullrdc.o)
 .data          0x000000000002e250        0x0 obj_cooja/mtype79.a(nullsec.o)
 .data          0x000000000002e250        0x0 obj_cooja/mtype79.a(watchdog.o)
 .data          0x000000000002e250        0x0 obj_cooja/mtype79.a(rimestats.o)
 .data          0x000000000002e250        0x0 obj_cooja/mtype79.a(memb.o)
 .data          0x000000000002e250       0x20 obj_cooja/mtype79.a(uip-icmp6.o)
 .data          0x000000000002e270        0x0 obj_cooja/mtype79.a(uip-nd6.o)
 .data          0x000000000002e270        0x0 obj_cooja/mtype79.a(rpl-nbr-policy.)
 .data          0x000000000002e270        0x2 obj_cooja/mtype79.a(frame802154.o)
 .data          0x000000000002e272        0x0 obj_cooja/mtype79.a(mac-sequence.o)
 .data          0x000000000002e272        0x0 /usr/lib/gcc/i686-linux-gnu/4.8/crtendS.o
 .data          0x000000000002e272        0x0 /usr/lib/gcc/i686-linux-gnu/4.8/../../../i386-linux-gnu/crtn.o

.tm_clone_table
                0x000000000002e274        0x0
 .tm_clone_table
                0x000000000002e274        0x0 /usr/lib/gcc/i686-linux-gnu/4.8/crtbeginS.o
 .tm_clone_table
                0x000000000002e274        0x0 /usr/lib/gcc/i686-linux-gnu/4.8/crtendS.o

.data1
 *(.data1)
                0x000000000002e274                _edata = .
                0x000000000002e274                PROVIDE (edata, .)
                0x000000000002e274                . = .
                0x000000000002e274                __bss_start = .

.bss            0x000000000002e280     0x8308
 *(.dynbss)
 .dynbss        0x0000000000000000        0x0 /usr/lib/gcc/i686-linux-gnu/4.8/../../../i386-linux-gnu/crti.o
 *(.bss .bss.* .gnu.linkonce.b.*)
 .bss           0x000000000002e280        0x0 /usr/lib/gcc/i686-linux-gnu/4.8/../../../i386-linux-gnu/crti.o
 .bss           0x000000000002e280        0x1 /usr/lib/gcc/i686-linux-gnu/4.8/crtbeginS.o
 *fill*         0x000000000002e281       0x1f 
 .bss           0x000000000002e2a0       0x60 udp-client.co
 .bss           0x000000000002e300     0x2030 obj_cooja/mtype79.o
 .bss           0x0000000000030330        0x1 obj_cooja/mtype79.a(simEnvChange.o)
                0x0000000000030330                simDontFallAsleep
 *fill*         0x0000000000030331        0x3 
 .bss           0x0000000000030334        0x4 obj_cooja/mtype79.a(cooja_mt.o)
 .bss           0x0000000000030338        0x4 obj_cooja/mtype79.a(cooja_mtarch.o)
 .bss           0x000000000003033c        0xc obj_cooja/mtype79.a(rtimer-arch.o)
 .bss           0x0000000000030348        0x0 obj_cooja/mtype79.a(beep.o)
 .bss           0x0000000000030348        0x8 obj_cooja/mtype79.a(button-sensor.o)
 .bss           0x0000000000030350        0x0 obj_cooja/mtype79.a(leds-arch.o)
 .bss           0x0000000000030350        0x0 obj_cooja/mtype79.a(moteid.o)
 .bss           0x0000000000030350        0x1 obj_cooja/mtype79.a(pir-sensor.o)
                0x0000000000030350                simPirValue
 *fill*         0x0000000000030351        0x3 
 .bss           0x0000000000030354        0x4 obj_cooja/mtype79.a(rs232.o)
 .bss           0x0000000000030358        0x1 obj_cooja/mtype79.a(vib-sensor.o)
                0x0000000000030358                simVibValue
 .bss           0x0000000000030359        0x0 obj_cooja/mtype79.a(clock.o)
 *fill*         0x0000000000030359        0x7 
 .bss           0x0000000000030360      0x420 obj_cooja/mtype79.a(log.o)
 .bss           0x0000000000030780      0xfc0 obj_cooja/mtype79.a(cfs-cooja.o)
                0x0000000000030780                simCFSData
                0x0000000000031720                simCFSSize
                0x0000000000031724                simCFSChanged
                0x0000000000031728                simCFSRead
                0x000000000003172c                simCFSWritten
 .bss           0x0000000000031740       0x20 obj_cooja/mtype79.a(cooja-radio.o)
                0x0000000000031740                simReceiving
                0x0000000000031741                simReceivingLR
                0x0000000000031744                simInSize
                0x0000000000031748                simInSizeLR
                0x000000000003174c                simOutSize
                0x0000000000031750                simOutSizeLR
                0x0000000000031754                LongRangeTransmit
                0x0000000000031758                LongRangeReceiving
 .bss           0x0000000000031760        0xc obj_cooja/mtype79.a(eeprom.o)
                0x0000000000031760                simEEPROMChanged
                0x0000000000031764                simEEPROMRead
                0x0000000000031768                simEEPROMWritten
 .bss           0x000000000003176c        0x0 obj_cooja/mtype79.a(random.o)
 .bss           0x000000000003176c        0xc obj_cooja/mtype79.a(sensors.o)
 .bss           0x0000000000031778       0x28 obj_cooja/mtype79.a(dual_conf.o)
                0x0000000000031778                long_range_radio
 .bss           0x00000000000317a0        0x0 obj_cooja/mtype79.a(autostart.o)
 .bss           0x00000000000317a0        0x5 obj_cooja/mtype79.a(ctimer.o)
 *fill*         0x00000000000317a5        0x3 
 .bss           0x00000000000317a8        0x8 obj_cooja/mtype79.a(etimer.o)
 *fill*         0x00000000000317b0       0x10 
 .bss           0x00000000000317c0      0x1b1 obj_cooja/mtype79.a(process.o)
                0x00000000000317c0                process_list
                0x00000000000317c4                process_current
 *fill*         0x0000000000031971        0x3 
 .bss           0x0000000000031974        0x4 obj_cooja/mtype79.a(rtimer.o)
 .bss           0x0000000000031978        0x0 obj_cooja/mtype79.a(stimer.o)
 .bss           0x0000000000031978        0x0 obj_cooja/mtype79.a(timer.o)
 *fill*         0x0000000000031978        0x8 
 .bss           0x0000000000031980      0x140 obj_cooja/mtype79.a(serial-line.o)
 .bss           0x0000000000031ac0        0x0 obj_cooja/mtype79.a(list.o)
 .bss           0x0000000000031ac0        0x0 obj_cooja/mtype79.a(ringbuf.o)
 .bss           0x0000000000031ac0      0x70c obj_cooja/mtype79.a(sicslowpan.o)
 *fill*         0x00000000000321cc       0x14 
 .bss           0x00000000000321e0       0xf0 obj_cooja/mtype79.a(uip-ds6-nbr.o)
 *fill*         0x00000000000322d0       0x10 
 .bss           0x00000000000322e0      0x2a8 obj_cooja/mtype79.a(uip-ds6-route.o)
 .bss           0x0000000000032588       0x30 obj_cooja/mtype79.a(uip-ds6.o)
 .bss           0x00000000000325b8        0xe obj_cooja/mtype79.a(uip6.o)
                0x00000000000325b8                uip_ext_bitmap
                0x00000000000325b9                uip_ext_len
                0x00000000000325ba                uip_ext_opt_offset
 *fill*         0x00000000000325c6       0x1a 
 .bss           0x00000000000325e0       0x6a obj_cooja/mtype79.a(tcpip.o)
 .bss           0x000000000003264a        0x0 obj_cooja/mtype79.a(uip-debug.o)
 *fill*         0x000000000003264a       0x16 
 .bss           0x0000000000032660      0xcf8 obj_cooja/mtype79.a(uip-packetqueue)
 .bss           0x0000000000033358        0x0 obj_cooja/mtype79.a(uip-udp-packet.)
 *fill*         0x0000000000033358        0x8 
 .bss           0x0000000000033360       0xa0 obj_cooja/mtype79.a(rpl-dag.o)
 .bss           0x0000000000033400        0x0 obj_cooja/mtype79.a(rpl-ext-header.)
 .bss           0x0000000000033400        0x0 obj_cooja/mtype79.a(rpl-icmp6.o)
 .bss           0x0000000000033400        0x0 obj_cooja/mtype79.a(rpl-mrhof.o)
 .bss           0x0000000000033400       0x23 obj_cooja/mtype79.a(rpl-timers.o)
 *fill*         0x0000000000033423        0x1 
 .bss           0x0000000000033424        0x4 obj_cooja/mtype79.a(rpl.o)
 .bss           0x0000000000033428        0x0 obj_cooja/mtype79.a(linkaddr.o)
 *fill*         0x0000000000033428       0x18 
 .bss           0x0000000000033440       0xdc obj_cooja/mtype79.a(nbr-table.o)
 .bss           0x000000000003351c        0x0 obj_cooja/mtype79.a(netstack.o)
 *fill*         0x000000000003351c        0x4 
 .bss           0x0000000000033520       0xa0 obj_cooja/mtype79.a(packetbuf.o)
 .bss           0x00000000000335c0      0xb80 obj_cooja/mtype79.a(queuebuf.o)
 .bss           0x0000000000034140      0x248 obj_cooja/mtype79.a(csma.o)
 .bss           0x0000000000034388        0x2 obj_cooja/mtype79.a(framer-802154.o)
 .bss           0x000000000003438a        0x0 obj_cooja/mtype79.a(mac.o)
 .bss           0x000000000003438a        0x0 obj_cooja/mtype79.a(nullrdc.o)
 .bss           0x000000000003438a        0x0 obj_cooja/mtype79.a(nullsec.o)
 .bss           0x000000000003438a        0x0 obj_cooja/mtype79.a(watchdog.o)
 .bss           0x000000000003438a        0x0 obj_cooja/mtype79.a(rimestats.o)
 .bss           0x000000000003438a        0x0 obj_cooja/mtype79.a(memb.o)
 *fill*         0x000000000003438a        0x2 
 .bss           0x000000000003438c       0x18 obj_cooja/mtype79.a(uip-icmp6.o)
 .bss           0x00000000000343a4        0x0 obj_cooja/mtype79.a(uip-nd6.o)
 *fill*         0x00000000000343a4       0x1c 
 .bss           0x00000000000343c0       0x44 obj_cooja/mtype79.a(rpl-nbr-policy.)
 .bss           0x0000000000034404        0x0 obj_cooja/mtype79.a(frame802154.o)
 *fill*         0x0000000000034404       0x1c 
 .bss           0x0000000000034420       0x90 obj_cooja/mtype79.a(mac-sequence.o)
 .bss           0x00000000000344b0        0x0 /usr/lib/gcc/i686-linux-gnu/4.8/crtendS.o
 .bss           0x00000000000344b0        0x0 /usr/lib/gcc/i686-linux-gnu/4.8/../../../i386-linux-gnu/crtn.o
 *(COMMON)
 COMMON         0x00000000000344b0        0x8 obj_cooja/mtype79.o
                0x00000000000344b0                referenceVar
                0x00000000000344b4                sensors_flags
 COMMON         0x00000000000344b8        0xc obj_cooja/mtype79.a(simEnvChange.o)
                0x00000000000344b8                simEtimerPending
                0x00000000000344bc                simProcessRunValue
                0x00000000000344c0                simNextExpirationTime
 COMMON         0x00000000000344c4        0x1 obj_cooja/mtype79.a(beep.o)
                0x00000000000344c4                simBeeped
 COMMON         0x00000000000344c5        0x3 obj_cooja/mtype79.a(button-sensor.o)
                0x00000000000344c5                simButtonIsActive
                0x00000000000344c6                simButtonIsDown
                0x00000000000344c7                simButtonChanged
 COMMON         0x00000000000344c8        0x1 obj_cooja/mtype79.a(leds-arch.o)
                0x00000000000344c8                simLedsValue
 *fill*         0x00000000000344c9        0x3 
 COMMON         0x00000000000344cc        0xc obj_cooja/mtype79.a(moteid.o)
                0x00000000000344cc                simRandomSeed
                0x00000000000344d0                simMoteIDChanged
                0x00000000000344d4                simMoteID
 COMMON         0x00000000000344d8        0x2 obj_cooja/mtype79.a(pir-sensor.o)
                0x00000000000344d8                simPirIsActive
                0x00000000000344d9                simPirChanged
 *fill*         0x00000000000344da        0x6 
 COMMON         0x00000000000344e0      0x820 obj_cooja/mtype79.a(rs232.o)
                0x00000000000344e0                simSerialReceivingFlag
                0x00000000000344e4                simSerialReceivingLength
                0x0000000000034500                simSerialReceivingData
 COMMON         0x0000000000034d00        0x2 obj_cooja/mtype79.a(vib-sensor.o)
                0x0000000000034d00                simVibChanged
                0x0000000000034d01                simVibIsActive
 *fill*         0x0000000000034d02        0x2 
 COMMON         0x0000000000034d04        0x4 obj_cooja/mtype79.a(clock.o)
                0x0000000000034d04                simCurrentTime
 *fill*         0x0000000000034d08       0x18 
 COMMON         0x0000000000034d20      0x420 obj_cooja/mtype79.a(log.o)
                0x0000000000034d20                simLoggedLength
                0x0000000000034d24                simLoggedFlag
                0x0000000000034d40                simLoggedData
 COMMON         0x0000000000035140      0x200 obj_cooja/mtype79.a(cooja-radio.o)
                0x0000000000035140                simOutDataBuffer
                0x00000000000351c0                simInDataBufferLR
                0x0000000000035240                simOutDataBufferLR
                0x00000000000352c0                simInDataBuffer
 COMMON         0x0000000000035340      0x400 obj_cooja/mtype79.a(eeprom.o)
                0x0000000000035340                simEEPROMData
 COMMON         0x0000000000035740        0x1 obj_cooja/mtype79.a(sensors.o)
                0x0000000000035740                sensors_event
 COMMON         0x0000000000035741        0x1 obj_cooja/mtype79.a(serial-line.o)
                0x0000000000035741                serial_line_event_message
 *fill*         0x0000000000035742       0x1e 
 COMMON         0x0000000000035760       0x64 obj_cooja/mtype79.a(uip-ds6-nbr.o)
                0x0000000000035760                ds6_lr_addrmap
 *fill*         0x00000000000357c4       0x1c 
 COMMON         0x00000000000357e0      0x298 obj_cooja/mtype79.a(uip-ds6.o)
                0x00000000000357e0                uip_ds6_prefix_list
                0x0000000000035840                uip_ds6_timer_periodic
                0x0000000000035850                uip_ds6_netif_addr_list_offset
                0x0000000000035860                uip_ds6_if
                0x0000000000035958                uip_ds6_timer_ra
                0x0000000000035960                uip_ds6_addr_size
                0x0000000000035980                long_uip_ds6_if
 *fill*         0x0000000000035a78        0x8 
 COMMON         0x0000000000035a80      0x8ec obj_cooja/mtype79.a(uip6.o)
                0x0000000000035a80                uip_slen
                0x0000000000035a82                uip_acc32
                0x0000000000035aa0                uip_conns
                0x0000000000035b60                uip_lladdr
                0x0000000000035b68                uip_appdata
                0x0000000000035b6c                uip_flags
                0x0000000000035b80                uip_aligned_buf
                0x00000000000361c0                uip_listenports
                0x00000000000361d0                uip_len
                0x00000000000361d2                uip_long_lladdr
                0x00000000000361dc                uip_sappdata
                0x00000000000361e0                uip_udp_conns
                0x0000000000036360                uip_udp_conn
                0x0000000000036364                uip_next_hdr
                0x0000000000036368                uip_conn
 COMMON         0x000000000003636c        0x1 obj_cooja/mtype79.a(tcpip.o)
                0x000000000003636c                tcpip_event
 *fill*         0x000000000003636d       0x13 
 COMMON         0x0000000000036380      0x170 obj_cooja/mtype79.a(rpl-dag.o)
                0x0000000000036380                default_instance
                0x00000000000363a0                instance_table
 COMMON         0x00000000000364f0       0x10 obj_cooja/mtype79.a(linkaddr.o)
                0x00000000000364f0                linkaddr_node_addr
                0x00000000000364f8                long_linkaddr_node_addr
 COMMON         0x0000000000036500       0x2e obj_cooja/mtype79.a(packetbuf.o)
                0x0000000000036500                packetbuf_attrs
                0x000000000003651e                packetbuf_addrs
 *fill*         0x000000000003652e       0x12 
 COMMON         0x0000000000036540       0x48 obj_cooja/mtype79.a(rimestats.o)
                0x0000000000036540                rimestats
                0x0000000000036588                . = ALIGN ((. != 0x0)?0x4:0x1)
                0x0000000000036588                . = ALIGN (0x4)
                0x0000000000036588                . = SEGMENT_START ("ldata-segment", .)
                0x0000000000036588                . = ALIGN (0x4)
                0x0000000000036588                _end = .
                0x0000000000036588                PROVIDE (end, .)
                0x0000000000036588                . = DATA_SEGMENT_END (.)

.stab
 *(.stab)

.stabstr
 *(.stabstr)

.stab.excl
 *(.stab.excl)

.stab.exclstr
 *(.stab.exclstr)

.stab.index
 *(.stab.index)

.stab.indexstr
 *(.stab.indexstr)

.comment        0x0000000000000000       0x2b
 *(.comment)
 .comment       0x0000000000000000       0x2b /usr/lib/gcc/i686-linux-gnu/4.8/crtbeginS.o
                                         0x2c (size before relaxing)
 .comment       0x0000000000000000       0x2c udp-client.co
 .comment       0x0000000000000000       0x2c obj_cooja/mtype79.o
 .comment       0x0000000000000000       0x2c obj_cooja/mtype79.a(simEnvChange.o)
 .comment       0x0000000000000000       0x2c obj_cooja/mtype79.a(cooja_mt.o)
 .comment       0x0000000000000000       0x2c obj_cooja/mtype79.a(cooja_mtarch.o)
 .comment       0x0000000000000000       0x2c obj_cooja/mtype79.a(rtimer-arch.o)
 .comment       0x0000000000000000       0x2c obj_cooja/mtype79.a(beep.o)
 .comment       0x0000000000000000       0x2c obj_cooja/mtype79.a(button-sensor.o)
 .comment       0x0000000000000000       0x2c obj_cooja/mtype79.a(leds-arch.o)
 .comment       0x0000000000000000       0x2c obj_cooja/mtype79.a(moteid.o)
 .comment       0x0000000000000000       0x2c obj_cooja/mtype79.a(pir-sensor.o)
 .comment       0x0000000000000000       0x2c obj_cooja/mtype79.a(rs232.o)
 .comment       0x0000000000000000       0x2c obj_cooja/mtype79.a(vib-sensor.o)
 .comment       0x0000000000000000       0x2c obj_cooja/mtype79.a(clock.o)
 .comment       0x0000000000000000       0x2c obj_cooja/mtype79.a(log.o)
 .comment       0x0000000000000000       0x2c obj_cooja/mtype79.a(cfs-cooja.o)
 .comment       0x0000000000000000       0x2c obj_cooja/mtype79.a(cooja-radio.o)
 .comment       0x0000000000000000       0x2c obj_cooja/mtype79.a(eeprom.o)
 .comment       0x0000000000000000       0x2c obj_cooja/mtype79.a(random.o)
 .comment       0x0000000000000000       0x2c obj_cooja/mtype79.a(sensors.o)
 .comment       0x0000000000000000       0x2c obj_cooja/mtype79.a(dual_conf.o)
 .comment       0x0000000000000000       0x2c obj_cooja/mtype79.a(autostart.o)
 .comment       0x0000000000000000       0x2c obj_cooja/mtype79.a(ctimer.o)
 .comment       0x0000000000000000       0x2c obj_cooja/mtype79.a(etimer.o)
 .comment       0x0000000000000000       0x2c obj_cooja/mtype79.a(process.o)
 .comment       0x0000000000000000       0x2c obj_cooja/mtype79.a(rtimer.o)
 .comment       0x0000000000000000       0x2c obj_cooja/mtype79.a(stimer.o)
 .comment       0x0000000000000000       0x2c obj_cooja/mtype79.a(timer.o)
 .comment       0x0000000000000000       0x2c obj_cooja/mtype79.a(serial-line.o)
 .comment       0x0000000000000000       0x2c obj_cooja/mtype79.a(list.o)
 .comment       0x0000000000000000       0x2c obj_cooja/mtype79.a(ringbuf.o)
 .comment       0x0000000000000000       0x2c obj_cooja/mtype79.a(sicslowpan.o)
 .comment       0x0000000000000000       0x2c obj_cooja/mtype79.a(uip-ds6-nbr.o)
 .comment       0x0000000000000000       0x2c obj_cooja/mtype79.a(uip-ds6-route.o)
 .comment       0x0000000000000000       0x2c obj_cooja/mtype79.a(uip-ds6.o)
 .comment       0x0000000000000000       0x2c obj_cooja/mtype79.a(uip6.o)
 .comment       0x0000000000000000       0x2c obj_cooja/mtype79.a(tcpip.o)
 .comment       0x0000000000000000       0x2c obj_cooja/mtype79.a(uip-debug.o)
 .comment       0x0000000000000000       0x2c obj_cooja/mtype79.a(uip-packetqueue)
 .comment       0x0000000000000000       0x2c obj_cooja/mtype79.a(uip-udp-packet.)
 .comment       0x0000000000000000       0x2c obj_cooja/mtype79.a(rpl-dag.o)
 .comment       0x0000000000000000       0x2c obj_cooja/mtype79.a(rpl-ext-header.)
 .comment       0x0000000000000000       0x2c obj_cooja/mtype79.a(rpl-icmp6.o)
 .comment       0x0000000000000000       0x2c obj_cooja/mtype79.a(rpl-mrhof.o)
 .comment       0x0000000000000000       0x2c obj_cooja/mtype79.a(rpl-timers.o)
 .comment       0x0000000000000000       0x2c obj_cooja/mtype79.a(rpl.o)
 .comment       0x0000000000000000       0x2c obj_cooja/mtype79.a(linkaddr.o)
 .comment       0x0000000000000000       0x2c obj_cooja/mtype79.a(nbr-table.o)
 .comment       0x0000000000000000       0x2c obj_cooja/mtype79.a(netstack.o)
 .comment       0x0000000000000000       0x2c obj_cooja/mtype79.a(packetbuf.o)
 .comment       0x0000000000000000       0x2c obj_cooja/mtype79.a(queuebuf.o)
 .comment       0x0000000000000000       0x2c obj_cooja/mtype79.a(csma.o)
 .comment       0x0000000000000000       0x2c obj_cooja/mtype79.a(framer-802154.o)
 .comment       0x0000000000000000       0x2c obj_cooja/mtype79.a(mac.o)
 .comment       0x0000000000000000       0x2c obj_cooja/mtype79.a(nullrdc.o)
 .comment       0x0000000000000000       0x2c obj_cooja/mtype79.a(nullsec.o)
 .comment       0x0000000000000000       0x2c obj_cooja/mtype79.a(watchdog.o)
 .comment       0x0000000000000000       0x2c obj_cooja/mtype79.a(rimestats.o)
 .comment       0x0000000000000000       0x2c obj_cooja/mtype79.a(memb.o)
 .comment       0x0000000000000000       0x2c obj_cooja/mtype79.a(uip-icmp6.o)
 .comment       0x0000000000000000       0x2c obj_cooja/mtype79.a(uip-nd6.o)
 .comment       0x0000000000000000       0x2c obj_cooja/mtype79.a(rpl-nbr-policy.)
 .comment       0x0000000000000000       0x2c obj_cooja/mtype79.a(frame802154.o)
 .comment       0x0000000000000000       0x2c obj_cooja/mtype79.a(mac-sequence.o)
 .comment       0x0000000000000000       0x2c /usr/lib/gcc/i686-linux-gnu/4.8/crtendS.o

.debug
 *(.debug)

.line
 *(.line)

.debug_srcinfo
 *(.debug_srcinfo)

.debug_sfnames
 *(.debug_sfnames)

.debug_aranges  0x0000000000000000      0x7f8
 *(.debug_aranges)
 .debug_aranges
                0x0000000000000000       0x20 udp-client.co
 .debug_aranges
                0x0000000000000020       0x20 obj_cooja/mtype79.o
 .debug_aranges
                0x0000000000000040       0x20 obj_cooja/mtype79.a(simEnvChange.o)
 .debug_aranges
                0x0000000000000060       0x20 obj_cooja/mtype79.a(cooja_mt.o)
 .debug_aranges
                0x0000000000000080       0x20 obj_cooja/mtype79.a(cooja_mtarch.o)
 .debug_aranges
                0x00000000000000a0       0x20 obj_cooja/mtype79.a(rtimer-arch.o)
 .debug_aranges
                0x00000000000000c0       0x20 obj_cooja/mtype79.a(beep.o)
 .debug_aranges
                0x00000000000000e0       0x20 obj_cooja/mtype79.a(button-sensor.o)
 .debug_aranges
                0x0000000000000100       0x20 obj_cooja/mtype79.a(leds-arch.o)
 .debug_aranges
                0x0000000000000120       0x20 obj_cooja/mtype79.a(moteid.o)
 .debug_aranges
                0x0000000000000140       0x20 obj_cooja/mtype79.a(pir-sensor.o)
 .debug_aranges
                0x0000000000000160       0x20 obj_cooja/mtype79.a(rs232.o)
 .debug_aranges
                0x0000000000000180       0x20 obj_cooja/mtype79.a(vib-sensor.o)
 .debug_aranges
                0x00000000000001a0       0x20 obj_cooja/mtype79.a(clock.o)
 .debug_aranges
                0x00000000000001c0       0x20 obj_cooja/mtype79.a(log.o)
 .debug_aranges
                0x00000000000001e0       0x20 obj_cooja/mtype79.a(cfs-cooja.o)
 .debug_aranges
                0x0000000000000200       0x20 obj_cooja/mtype79.a(cooja-radio.o)
 .debug_aranges
                0x0000000000000220       0x20 obj_cooja/mtype79.a(eeprom.o)
 .debug_aranges
                0x0000000000000240       0x20 obj_cooja/mtype79.a(random.o)
 .debug_aranges
                0x0000000000000260       0x20 obj_cooja/mtype79.a(sensors.o)
 .debug_aranges
                0x0000000000000280       0x20 obj_cooja/mtype79.a(dual_conf.o)
 .debug_aranges
                0x00000000000002a0       0x20 obj_cooja/mtype79.a(autostart.o)
 .debug_aranges
                0x00000000000002c0       0x20 obj_cooja/mtype79.a(ctimer.o)
 .debug_aranges
                0x00000000000002e0       0x20 obj_cooja/mtype79.a(etimer.o)
 .debug_aranges
                0x0000000000000300       0x20 obj_cooja/mtype79.a(process.o)
 .debug_aranges
                0x0000000000000320       0x20 obj_cooja/mtype79.a(rtimer.o)
 .debug_aranges
                0x0000000000000340       0x20 obj_cooja/mtype79.a(stimer.o)
 .debug_aranges
                0x0000000000000360       0x20 obj_cooja/mtype79.a(timer.o)
 .debug_aranges
                0x0000000000000380       0x20 obj_cooja/mtype79.a(serial-line.o)
 .debug_aranges
                0x00000000000003a0       0x20 obj_cooja/mtype79.a(list.o)
 .debug_aranges
                0x00000000000003c0       0x20 obj_cooja/mtype79.a(ringbuf.o)
 .debug_aranges
                0x00000000000003e0       0x20 obj_cooja/mtype79.a(sicslowpan.o)
 .debug_aranges
                0x0000000000000400       0x20 obj_cooja/mtype79.a(uip-ds6-nbr.o)
 .debug_aranges
                0x0000000000000420       0x20 obj_cooja/mtype79.a(uip-ds6-route.o)
 .debug_aranges
                0x0000000000000440       0x20 obj_cooja/mtype79.a(uip-ds6.o)
 .debug_aranges
                0x0000000000000460       0x20 obj_cooja/mtype79.a(uip6.o)
 .debug_aranges
                0x0000000000000480       0x20 obj_cooja/mtype79.a(tcpip.o)
 .debug_aranges
                0x00000000000004a0       0x20 obj_cooja/mtype79.a(uip-debug.o)
 .debug_aranges
                0x00000000000004c0       0x20 obj_cooja/mtype79.a(uip-packetqueue)
 .debug_aranges
                0x00000000000004e0       0x20 obj_cooja/mtype79.a(uip-udp-packet.)
 .debug_aranges
                0x0000000000000500       0x20 obj_cooja/mtype79.a(rpl-dag.o)
 .debug_aranges
                0x0000000000000520       0x20 obj_cooja/mtype79.a(rpl-ext-header.)
 .debug_aranges
                0x0000000000000540       0x20 obj_cooja/mtype79.a(rpl-icmp6.o)
 .debug_aranges
                0x0000000000000560       0x20 obj_cooja/mtype79.a(rpl-mrhof.o)
 .debug_aranges
                0x0000000000000580       0x20 obj_cooja/mtype79.a(rpl-timers.o)
 .debug_aranges
                0x00000000000005a0       0x20 obj_cooja/mtype79.a(rpl.o)
 .debug_aranges
                0x00000000000005c0       0x20 obj_cooja/mtype79.a(linkaddr.o)
 .debug_aranges
                0x00000000000005e0       0x20 obj_cooja/mtype79.a(nbr-table.o)
 .debug_aranges
                0x0000000000000600       0x20 obj_cooja/mtype79.a(netstack.o)
 .debug_aranges
                0x0000000000000620       0x20 obj_cooja/mtype79.a(packetbuf.o)
 .debug_aranges
                0x0000000000000640       0x20 obj_cooja/mtype79.a(queuebuf.o)
 .debug_aranges
                0x0000000000000660       0x20 obj_cooja/mtype79.a(csma.o)
 .debug_aranges
                0x0000000000000680       0x20 obj_cooja/mtype79.a(framer-802154.o)
 .debug_aranges
                0x00000000000006a0       0x20 obj_cooja/mtype79.a(mac.o)
 .debug_aranges
                0x00000000000006c0       0x20 obj_cooja/mtype79.a(nullrdc.o)
 .debug_aranges
                0x00000000000006e0       0x20 obj_cooja/mtype79.a(nullsec.o)
 .debug_aranges
                0x0000000000000700       0x20 obj_cooja/mtype79.a(watchdog.o)
 .debug_aranges
                0x0000000000000720       0x18 obj_cooja/mtype79.a(rimestats.o)
 .debug_aranges
                0x0000000000000738       0x20 obj_cooja/mtype79.a(memb.o)
 .debug_aranges
                0x0000000000000758       0x20 obj_cooja/mtype79.a(uip-icmp6.o)
 .debug_aranges
                0x0000000000000778       0x20 obj_cooja/mtype79.a(uip-nd6.o)
 .debug_aranges
                0x0000000000000798       0x20 obj_cooja/mtype79.a(rpl-nbr-policy.)
 .debug_aranges
                0x00000000000007b8       0x20 obj_cooja/mtype79.a(frame802154.o)
 .debug_aranges
                0x00000000000007d8       0x20 obj_cooja/mtype79.a(mac-sequence.o)

.debug_pubnames
 *(.debug_pubnames)

.debug_info     0x0000000000000000    0x1b7c1
 *(.debug_info .gnu.linkonce.wi.*)
 .debug_info    0x0000000000000000      0x8b3 udp-client.co
 .debug_info    0x00000000000008b3     0x3771 obj_cooja/mtype79.o
 .debug_info    0x0000000000004024      0x15a obj_cooja/mtype79.a(simEnvChange.o)
 .debug_info    0x000000000000417e      0x1e2 obj_cooja/mtype79.a(cooja_mt.o)
 .debug_info    0x0000000000004360      0x2e7 obj_cooja/mtype79.a(cooja_mtarch.o)
 .debug_info    0x0000000000004647      0x16b obj_cooja/mtype79.a(rtimer-arch.o)
 .debug_info    0x00000000000047b2      0x1f3 obj_cooja/mtype79.a(beep.o)
 .debug_info    0x00000000000049a5      0x257 obj_cooja/mtype79.a(button-sensor.o)
 .debug_info    0x0000000000004bfc      0x132 obj_cooja/mtype79.a(leds-arch.o)
 .debug_info    0x0000000000004d2e      0x10a obj_cooja/mtype79.a(moteid.o)
 .debug_info    0x0000000000004e38      0x216 obj_cooja/mtype79.a(pir-sensor.o)
 .debug_info    0x000000000000504e      0x21e obj_cooja/mtype79.a(rs232.o)
 .debug_info    0x000000000000526c      0x216 obj_cooja/mtype79.a(vib-sensor.o)
 .debug_info    0x0000000000005482      0x152 obj_cooja/mtype79.a(clock.o)
 .debug_info    0x00000000000055d4      0x2bb obj_cooja/mtype79.a(log.o)
 .debug_info    0x000000000000588f      0x3cf obj_cooja/mtype79.a(cfs-cooja.o)
 .debug_info    0x0000000000005c5e      0xcb3 obj_cooja/mtype79.a(cooja-radio.o)
 .debug_info    0x0000000000006911      0x1d5 obj_cooja/mtype79.a(eeprom.o)
 .debug_info    0x0000000000006ae6       0xb3 obj_cooja/mtype79.a(random.o)
 .debug_info    0x0000000000006b99      0x36d obj_cooja/mtype79.a(sensors.o)
 .debug_info    0x0000000000006f06      0x99d obj_cooja/mtype79.a(dual_conf.o)
 .debug_info    0x00000000000078a3      0x1a5 obj_cooja/mtype79.a(autostart.o)
 .debug_info    0x0000000000007a48      0x46c obj_cooja/mtype79.a(ctimer.o)
 .debug_info    0x0000000000007eb4      0x49c obj_cooja/mtype79.a(etimer.o)
 .debug_info    0x0000000000008350      0x4ba obj_cooja/mtype79.a(process.o)
 .debug_info    0x000000000000880a      0x1ab obj_cooja/mtype79.a(rtimer.o)
 .debug_info    0x00000000000089b5      0x179 obj_cooja/mtype79.a(stimer.o)
 .debug_info    0x0000000000008b2e      0x16c obj_cooja/mtype79.a(timer.o)
 .debug_info    0x0000000000008c9a      0x2de obj_cooja/mtype79.a(serial-line.o)
 .debug_info    0x0000000000008f78      0x2ed obj_cooja/mtype79.a(list.o)
 .debug_info    0x0000000000009265      0x1aa obj_cooja/mtype79.a(ringbuf.o)
 .debug_info    0x000000000000940f     0x105d obj_cooja/mtype79.a(sicslowpan.o)
 .debug_info    0x000000000000a46c      0x8c7 obj_cooja/mtype79.a(uip-ds6-nbr.o)
 .debug_info    0x000000000000ad33      0xd30 obj_cooja/mtype79.a(uip-ds6-route.o)
 .debug_info    0x000000000000ba63      0xc19 obj_cooja/mtype79.a(uip-ds6.o)
 .debug_info    0x000000000000c67c      0xea0 obj_cooja/mtype79.a(uip6.o)
 .debug_info    0x000000000000d51c     0x14b3 obj_cooja/mtype79.a(tcpip.o)
 .debug_info    0x000000000000e9cf      0x1b5 obj_cooja/mtype79.a(uip-debug.o)
 .debug_info    0x000000000000eb84      0x470 obj_cooja/mtype79.a(uip-packetqueue)
 .debug_info    0x000000000000eff4      0x37a obj_cooja/mtype79.a(uip-udp-packet.)
 .debug_info    0x000000000000f36e     0x18f4 obj_cooja/mtype79.a(rpl-dag.o)
 .debug_info    0x0000000000010c62      0xe2b obj_cooja/mtype79.a(rpl-ext-header.)
 .debug_info    0x0000000000011a8d     0x1746 obj_cooja/mtype79.a(rpl-icmp6.o)
 .debug_info    0x00000000000131d3      0xacc obj_cooja/mtype79.a(rpl-mrhof.o)
 .debug_info    0x0000000000013c9f      0xbeb obj_cooja/mtype79.a(rpl-timers.o)
 .debug_info    0x000000000001488a      0xcde obj_cooja/mtype79.a(rpl.o)
 .debug_info    0x0000000000015568      0x198 obj_cooja/mtype79.a(linkaddr.o)
 .debug_info    0x0000000000015700      0x9c3 obj_cooja/mtype79.a(nbr-table.o)
 .debug_info    0x00000000000160c3      0x4b9 obj_cooja/mtype79.a(netstack.o)
 .debug_info    0x000000000001657c      0x478 obj_cooja/mtype79.a(packetbuf.o)
 .debug_info    0x00000000000169f4      0x57d obj_cooja/mtype79.a(queuebuf.o)
 .debug_info    0x0000000000016f71      0xbff obj_cooja/mtype79.a(csma.o)
 .debug_info    0x0000000000017b70      0x5ed obj_cooja/mtype79.a(framer-802154.o)
 .debug_info    0x000000000001815d      0x112 obj_cooja/mtype79.a(mac.o)
 .debug_info    0x000000000001826f      0xc8e obj_cooja/mtype79.a(nullrdc.o)
 .debug_info    0x0000000000018efd      0x3b7 obj_cooja/mtype79.a(nullsec.o)
 .debug_info    0x00000000000192b4       0x7b obj_cooja/mtype79.a(watchdog.o)
 .debug_info    0x000000000001932f      0x119 obj_cooja/mtype79.a(rimestats.o)
 .debug_info    0x0000000000019448      0x1d7 obj_cooja/mtype79.a(memb.o)
 .debug_info    0x000000000001961f      0x784 obj_cooja/mtype79.a(uip-icmp6.o)
 .debug_info    0x0000000000019da3      0x331 obj_cooja/mtype79.a(uip-nd6.o)
 .debug_info    0x000000000001a0d4      0xda2 obj_cooja/mtype79.a(rpl-nbr-policy.)
 .debug_info    0x000000000001ae76      0x6b4 obj_cooja/mtype79.a(frame802154.o)
 .debug_info    0x000000000001b52a      0x297 obj_cooja/mtype79.a(mac-sequence.o)

.debug_abbrev   0x0000000000000000     0x67a5
 *(.debug_abbrev)
 .debug_abbrev  0x0000000000000000      0x1c0 udp-client.co
 .debug_abbrev  0x00000000000001c0      0x2b3 obj_cooja/mtype79.o
 .debug_abbrev  0x0000000000000473       0xc3 obj_cooja/mtype79.a(simEnvChange.o)
 .debug_abbrev  0x0000000000000536       0xe6 obj_cooja/mtype79.a(cooja_mt.o)
 .debug_abbrev  0x000000000000061c      0x147 obj_cooja/mtype79.a(cooja_mtarch.o)
 .debug_abbrev  0x0000000000000763       0xcc obj_cooja/mtype79.a(rtimer-arch.o)
 .debug_abbrev  0x000000000000082f       0xe3 obj_cooja/mtype79.a(beep.o)
 .debug_abbrev  0x0000000000000912      0x11c obj_cooja/mtype79.a(button-sensor.o)
 .debug_abbrev  0x0000000000000a2e       0xe1 obj_cooja/mtype79.a(leds-arch.o)
 .debug_abbrev  0x0000000000000b0f       0x9c obj_cooja/mtype79.a(moteid.o)