Archive member included to satisfy reference by file (symbol)

obj_cooja/mtype245.a(simEnvChange.o)
                              obj_cooja/mtype245.o (simDontFallAsleep)
obj_cooja/mtype245.a(cooja_mt.o)
                              obj_cooja/mtype245.o (cooja_mt_start)
obj_cooja/mtype245.a(cooja_mtarch.o)
                              obj_cooja/mtype245.a(cooja_mt.o) (cooja_mtarch_init)
obj_cooja/mtype245.a(rtimer-arch.o)
                              obj_cooja/mtype245.o (rtimer_arch_next)
obj_cooja/mtype245.a(beep.o)  obj_cooja/mtype245.o (beep_interface)
obj_cooja/mtype245.a(button-sensor.o)
                              obj_cooja/mtype245.o (button_interface)
obj_cooja/mtype245.a(leds-arch.o)
                              obj_cooja/mtype245.o (leds_interface)
obj_cooja/mtype245.a(moteid.o)
                              obj_cooja/mtype245.o (moteid_interface)
obj_cooja/mtype245.a(pir-sensor.o)
                              obj_cooja/mtype245.o (pir_interface)
obj_cooja/mtype245.a(rs232.o)
                              obj_cooja/mtype245.o (rs232_interface)
obj_cooja/mtype245.a(vib-sensor.o)
                              obj_cooja/mtype245.o (vib_interface)
obj_cooja/mtype245.a(clock.o)
                              obj_cooja/mtype245.o (clock_interface)
obj_cooja/mtype245.a(log.o)   obj_cooja/mtype245.o (simlog_interface)
obj_cooja/mtype245.a(cfs-cooja.o)
                              obj_cooja/mtype245.o (cfs_interface)
obj_cooja/mtype245.a(cooja-radio.o)
                              obj_cooja/mtype245.o (radio_interface)
obj_cooja/mtype245.a(eeprom.o)
                              obj_cooja/mtype245.o (eeprom_interface)
obj_cooja/mtype245.a(random.o)
                              obj_cooja/mtype245.a(moteid.o) (random_init)
obj_cooja/mtype245.a(sensors.o)
                              udp-server.co (sensors_event)
obj_cooja/mtype245.a(dual_conf.o)
                              obj_cooja/mtype245.a(cooja-radio.o) (long_range_radio)
obj_cooja/mtype245.a(autostart.o)
                              obj_cooja/mtype245.o (autostart_start)
obj_cooja/mtype245.a(ctimer.o)
                              obj_cooja/mtype245.o (ctimer_init)
obj_cooja/mtype245.a(etimer.o)
                              obj_cooja/mtype245.o (etimer_process)
obj_cooja/mtype245.a(process.o)
                              udp-server.co (process_current)
obj_cooja/mtype245.a(rtimer.o)
                              obj_cooja/mtype245.a(rtimer-arch.o) (rtimer_run_next)
obj_cooja/mtype245.a(timer.o)
                              obj_cooja/mtype245.a(button-sensor.o) (timer_set)
obj_cooja/mtype245.a(serial-line.o)
                              obj_cooja/mtype245.a(rs232.o) (serial_line_input_byte)
obj_cooja/mtype245.a(list.o)  obj_cooja/mtype245.a(ctimer.o) (list_init)
obj_cooja/mtype245.a(ringbuf.o)
                              obj_cooja/mtype245.a(serial-line.o) (ringbuf_init)
obj_cooja/mtype245.a(sicslowpan.o)
                              obj_cooja/mtype245.o (sicslowpan_driver)
obj_cooja/mtype245.a(uip-ds6-nbr.o)
                              obj_cooja/mtype245.a(sicslowpan.o) (uip_ds6_link_neighbor_callback)
obj_cooja/mtype245.a(uip-ds6.o)
                              udp-server.co (uip_ds6_if)
obj_cooja/mtype245.a(uip6.o)  obj_cooja/mtype245.o (uip_lladdr)
obj_cooja/mtype245.a(tcpip.o)
                              udp-server.co (tcpip_event)
obj_cooja/mtype245.a(uip-debug.o)
                              udp-server.co (uip_debug_ipaddr_print)
obj_cooja/mtype245.a(uip-packetqueue)
                              obj_cooja/mtype245.a(uip-ds6-nbr.o) (uip_packetqueue_new)
obj_cooja/mtype245.a(rpl-dag.o)
                              udp-server.co (rpl_set_root)
obj_cooja/mtype245.a(rpl-ext-header.)
                              obj_cooja/mtype245.a(uip6.o) (rpl_verify_header)
obj_cooja/mtype245.a(rpl-icmp6.o)
                              obj_cooja/mtype245.a(rpl-dag.o) (rpl_icmp6_update_nbr_table)
obj_cooja/mtype245.a(rpl-jkof.o)
                              obj_cooja/mtype245.a(rpl-dag.o) (rpl_jkof)
obj_cooja/mtype245.a(rpl-timers.o)
                              obj_cooja/mtype245.a(rpl-dag.o) (rpl_reset_dio_timer)
obj_cooja/mtype245.a(rpl.o)   obj_cooja/mtype245.a(rpl-icmp6.o) (rpl_get_mode)
obj_cooja/mtype245.a(linkaddr.o)
                              obj_cooja/mtype245.o (linkaddr_node_addr)
obj_cooja/mtype245.a(nbr-table.o)
                              obj_cooja/mtype245.a(uip-ds6-nbr.o) (lladdr_map_add_lr)
obj_cooja/mtype245.a(netstack.o)
                              obj_cooja/mtype245.o (netstack_init)
obj_cooja/mtype245.a(packetbuf.o)
                              obj_cooja/mtype245.a(cooja-radio.o) (packetbuf_attrs)
obj_cooja/mtype245.a(queuebuf.o)
                              obj_cooja/mtype245.o (queuebuf_init)
obj_cooja/mtype245.a(framer-802154.o)
                              obj_cooja/mtype245.a(sicslowpan.o) (framer_802154)
obj_cooja/mtype245.a(nullmac.o)
                              udp-server.co (nullmac_driver)
[...]
Memory Configuration

Name             Origin             Length             Attributes
*default*        0x0000000000000000 0xffffffffffffffff

Linker script and memory map

LOAD /usr/lib/gcc/i686-linux-gnu/4.8/../../../i386-linux-gnu/crti.o
LOAD /usr/lib/gcc/i686-linux-gnu/4.8/crtbeginS.o
LOAD udp-server.co
LOAD obj_cooja/mtype245.o
LOAD obj_cooja/mtype245.a
LOAD /usr/lib/gcc/i686-linux-gnu/4.8/libgcc.a
LOAD /usr/lib/gcc/i686-linux-gnu/4.8/libgcc_s.so
LOAD /usr/lib/gcc/i686-linux-gnu/4.8/../../../i386-linux-gnu/libc.so
START GROUP
LOAD /lib/i386-linux-gnu/libc.so.6
LOAD /usr/lib/i386-linux-gnu/libc_nonshared.a
LOAD /lib/i386-linux-gnu/ld-linux.so.2
END GROUP
LOAD /usr/lib/gcc/i686-linux-gnu/4.8/libgcc.a
LOAD /usr/lib/gcc/i686-linux-gnu/4.8/libgcc_s.so
LOAD /usr/lib/gcc/i686-linux-gnu/4.8/crtendS.o
LOAD /usr/lib/gcc/i686-linux-gnu/4.8/../../../i386-linux-gnu/crtn.o
                0x0000000000000114                . = (0x0 + SIZEOF_HEADERS)

.note.gnu.build-id
                0x0000000000000114       0x24
 *(.note.gnu.build-id)
 .note.gnu.build-id
                0x0000000000000114       0x24 /usr/lib/gcc/i686-linux-gnu/4.8/../../../i386-linux-gnu/crti.o

.hash
 *(.hash)

.gnu.hash       0x0000000000000138     0x12ac
 *(.gnu.hash)
 .gnu.hash      0x0000000000000138     0x12ac /usr/lib/gcc/i686-linux-gnu/4.8/../../../i386-linux-gnu/crti.o

.dynsym         0x00000000000013e4     0x22e0
 *(.dynsym)
 .dynsym        0x00000000000013e4     0x22e0 /usr/lib/gcc/i686-linux-gnu/4.8/../../../i386-linux-gnu/crti.o

.dynstr         0x00000000000036c4     0x241f
 *(.dynstr)
 .dynstr        0x00000000000036c4     0x241f /usr/lib/gcc/i686-linux-gnu/4.8/../../../i386-linux-gnu/crti.o

.gnu.version    0x0000000000005ae4      0x45c
 *(.gnu.version)
 .gnu.version   0x0000000000005ae4      0x45c /usr/lib/gcc/i686-linux-gnu/4.8/../../../i386-linux-gnu/crti.o

.gnu.version_d  0x0000000000005f40        0x0
 *(.gnu.version_d)
 .gnu.version_d
                0x0000000000000000        0x0 /usr/lib/gcc/i686-linux-gnu/4.8/../../../i386-linux-gnu/crti.o

.gnu.version_r  0x0000000000005f40       0x40
 *(.gnu.version_r)
 .gnu.version_r
                0x0000000000005f40       0x40 /usr/lib/gcc/i686-linux-gnu/4.8/../../../i386-linux-gnu/crti.o

.rel.dyn        0x0000000000005f80     0x8cc8
 *(.rel.init)
 .rel.init      0x0000000000000000        0x0 /usr/lib/gcc/i686-linux-gnu/4.8/../../../i386-linux-gnu/crti.o
 *(.rel.text .rel.text.* .rel.gnu.linkonce.t.*)
 .rel.text      0x0000000000005f80     0x8560 /usr/lib/gcc/i686-linux-gnu/4.8/../../../i386-linux-gnu/crti.o
 *(.rel.fini)
 .rel.fini      0x0000000000000000        0x0 /usr/lib/gcc/i686-linux-gnu/4.8/../../../i386-linux-gnu/crti.o
 *(.rel.rodata .rel.rodata.* .rel.gnu.linkonce.r.*)
 .rel.rodata    0x000000000000e4e0      0x4e0 /usr/lib/gcc/i686-linux-gnu/4.8/../../../i386-linux-gnu/crti.o
 *(.rel.data.rel.ro .rel.data.rel.ro.* .rel.gnu.linkonce.d.rel.ro.*)
 *(.rel.data .rel.data.* .rel.gnu.linkonce.d.*)
 .rel.data.rel  0x000000000000e9c0        0x8 /usr/lib/gcc/i686-linux-gnu/4.8/../../../i386-linux-gnu/crti.o
 .rel.data      0x000000000000e9c8      0x248 /usr/lib/gcc/i686-linux-gnu/4.8/../../../i386-linux-gnu/crti.o
 *(.rel.tdata .rel.tdata.* .rel.gnu.linkonce.td.*)
 *(.rel.tbss .rel.tbss.* .rel.gnu.linkonce.tb.*)
 *(.rel.ctors)
 *(.rel.dtors)
 *(.rel.got)
 .rel.got       0x000000000000ec10       0x28 /usr/lib/gcc/i686-linux-gnu/4.8/../../../i386-linux-gnu/crti.o
 *(.rel.bss .rel.bss.* .rel.gnu.linkonce.b.*)
 *(.rel.ifunc)
 .rel.ifunc     0x0000000000000000        0x0 /usr/lib/gcc/i686-linux-gnu/4.8/../../../i386-linux-gnu/crti.o
 .rel.fini_array
                0x000000000000ec38        0x8 /usr/lib/gcc/i686-linux-gnu/4.8/../../../i386-linux-gnu/crti.o
 .rel.init_array
                0x000000000000ec40        0x8 /usr/lib/gcc/i686-linux-gnu/4.8/../../../i386-linux-gnu/crti.o

.rel.plt        0x000000000000ec48       0x10
 *(.rel.plt)
 .rel.plt       0x000000000000ec48       0x10 /usr/lib/gcc/i686-linux-gnu/4.8/../../../i386-linux-gnu/crti.o
 *(.rel.iplt)

.init           0x000000000000ec58       0x23
 *(SORT(.init))
 .init          0x000000000000ec58       0x1e /usr/lib/gcc/i686-linux-gnu/4.8/../../../i386-linux-gnu/crti.o
                0x000000000000ec58                _init
 .init          0x000000000000ec76        0x5 /usr/lib/gcc/i686-linux-gnu/4.8/../../../i386-linux-gnu/crtn.o

.plt            0x000000000000ec80       0x30
 *(.plt)
 .plt           0x000000000000ec80       0x30 /usr/lib/gcc/i686-linux-gnu/4.8/../../../i386-linux-gnu/crti.o
 *(.iplt)

.text           0x000000000000ecb0    0x154ae
 *(.text.unlikely .text.*_unlikely .text.unlikely.*)
 *(.text.exit .text.exit.*)
 *(.text.startup .text.startup.*)
 *(.text.hot .text.hot.*)
 *(.text .stub .text.* .gnu.linkonce.t.*)
 .text          0x000000000000ecb0        0x0 /usr/lib/gcc/i686-linux-gnu/4.8/../../../i386-linux-gnu/crti.o
 .gnu.linkonce.t.__x86.get_pc_thunk.bx
                0x000000000000ecb0        0x4 /usr/lib/gcc/i686-linux-gnu/4.8/../../../i386-linux-gnu/crti.o
                0x000000000000ecb0                __x86.get_pc_thunk.bx
 *fill*         0x000000000000ecb4        0xc 
 .text          0x000000000000ecc0      0x11b /usr/lib/gcc/i686-linux-gnu/4.8/crtbeginS.o
 .text          0x000000000000eddb      0x3e4 udp-server.co
 .text          0x000000000000f1bf      0x944 obj_cooja/mtype245.o
                0x000000000000f36d                contiki_init
                0x000000000000f91a                Java_org_contikios_cooja_corecomm_Lib13_init
                0x000000000000f95a                Java_org_contikios_cooja_corecomm_Lib13_getMemory
                0x000000000000f99a                Java_org_contikios_cooja_corecomm_Lib13_setMemory
                0x000000000000fa11                Java_org_contikios_cooja_corecomm_Lib13_tick
                0x000000000000faf1                Java_org_contikios_cooja_corecomm_Lib13_setReferenceAddress
 .text          0x000000000000fb03       0x63 obj_cooja/mtype245.a(simEnvChange.o)
                0x000000000000fb03                doActionsBeforeTick
                0x000000000000fb34                doActionsAfterTick
 .text          0x000000000000fb66       0xbc obj_cooja/mtype245.a(cooja_mt.o)
                0x000000000000fb66                cooja_mt_init
                0x000000000000fb73                cooja_mt_remove
                0x000000000000fb80                cooja_mt_start
                0x000000000000fbad                cooja_mt_exec
                0x000000000000fbde                cooja_mt_exit
                0x000000000000fc00                cooja_mt_yield
 .text          0x000000000000fc22      0x115 obj_cooja/mtype245.a(cooja_mtarch.o)
                0x000000000000fc22                cooja_mtarch_init
                0x000000000000fc27                cooja_mtarch_start
                0x000000000000fca2                cooja_sw
                0x000000000000fcc4                cooja_mtarch_exec
                0x000000000000fce0                cooja_mtarch_remove
                0x000000000000fce5                cooja_mtarch_yield
                0x000000000000fcef                cooja_mtarch_pstop
                0x000000000000fcf4                cooja_mtarch_pstart
                0x000000000000fcf9                cooja_mtarch_stack_usage
 .text          0x000000000000fd37       0xc2 obj_cooja/mtype245.a(rtimer-arch.o)
                0x000000000000fd37                rtimer_arch_init
                0x000000000000fd5a                rtimer_arch_schedule
                0x000000000000fd71                rtimer_arch_next
                0x000000000000fd7b                rtimer_arch_pending
                0x000000000000fd85                rtimer_arch_check
                0x000000000000fdb7                rtimer_arch_now
 .text          0x000000000000fdf9       0x76 obj_cooja/mtype245.a(beep.o)
                0x000000000000fdf9                beep_alarm
                0x000000000000fe05                beep_beep
                0x000000000000fe11                beep
                0x000000000000fe1d                beep_down
                0x000000000000fe29                beep_on
                0x000000000000fe35                beep_off
                0x000000000000fe41                beep_spinup
                0x000000000000fe4d                beep_quick
                0x000000000000fe59                beep_long
 .text          0x000000000000fe6f      0x103 obj_cooja/mtype245.a(button-sensor.o)
 .text          0x000000000000ff72       0x45 obj_cooja/mtype245.a(leds-arch.o)
                0x000000000000ff72                leds_arch_init
                0x000000000000ff7e                leds_arch_get
                0x000000000000ff8a                leds_arch_set
 .text          0x000000000000ffb7       0x2f obj_cooja/mtype245.a(moteid.o)
 .text          0x000000000000ffe6       0xb1 obj_cooja/mtype245.a(pir-sensor.o)
 .text          0x0000000000010097      0x131 obj_cooja/mtype245.a(rs232.o)
                0x0000000000010097                rs232_init
                0x000000000001009c                rs232_set_speed
                0x00000000000100aa                rs232_set_input
                0x00000000000100b7                rs232_send
                0x00000000000100d9                rs232_print
                0x00000000000100f4                slip_arch_writeb
 .text          0x00000000000101c8       0xb1 obj_cooja/mtype245.a(vib-sensor.o)
 .text          0x0000000000010279       0x34 obj_cooja/mtype245.a(clock.o)
                0x0000000000010279                clock_init
                0x000000000001027e                clock_time
                0x0000000000010288                clock_seconds
                0x000000000001029e                clock_delay
 .text          0x00000000000102ad      0x1ed obj_cooja/mtype245.a(log.o)
                0x00000000000102ad                simlog_char
                0x00000000000102ef                simlog
                0x000000000001035c                log_message
                0x0000000000010384                log_set_putchar_with_slip
                0x0000000000010391                log_putchar
                0x0000000000010415                log_puts
                0x0000000000010439                log_printf
 .text          0x000000000001049a      0x2c4 obj_cooja/mtype245.a(cfs-cooja.o)
                0x000000000001049a                cfs_open
                0x0000000000010503                cfs_close
                0x000000000001050f                cfs_read
                0x00000000000105ad                cfs_write
                0x000000000001068a                cfs_seek
                0x0000000000010712                cfs_remove
                0x000000000001073b                cfs_opendir
                0x0000000000010745                cfs_readdir
                0x000000000001074f                cfs_closedir
 .text          0x000000000001075e      0x5c5 obj_cooja/mtype245.a(cooja-radio.o)
                0x0000000000010788                radio_set_channel
                0x000000000001079d                radio_set_txpower
                0x00000000000107bd                radio_signal_strength_last
                0x00000000000107c7                radio_signal_strength_current
                0x00000000000107d1                radio_LQI
 .text          0x0000000000010d23       0xef obj_cooja/mtype245.a(eeprom.o)
                0x0000000000010d23                eeprom_init
                0x0000000000010d28                eeprom_read
                0x0000000000010d98                eeprom_write
 .text          0x0000000000010e12       0x28 obj_cooja/mtype245.a(random.o)
                0x0000000000010e12                random_init
                0x0000000000010e2d                random_rand
 .text          0x0000000000010e3a      0x2a1 obj_cooja/mtype245.a(sensors.o)
                0x0000000000010e75                sensors_first
                0x0000000000010e7f                sensors_next
                0x0000000000010e9c                sensors_changed
                0x0000000000010ecb                sensors_find
 .text          0x00000000000110db      0x2d2 obj_cooja/mtype245.a(dual_conf.o)
                0x00000000000110db                dual_radio_switch
                0x000000000001111b                dual_radio_change
                0x0000000000011155                sending_in_LR
                0x0000000000011180                dual_radio_received
                0x00000000000111d3                radio_received_is_longrange
                0x0000000000011363                dio_broadcast
                0x000000000001138c                dis_broadcast
 .text          0x00000000000113ad       0x8e obj_cooja/mtype245.a(autostart.o)
                0x00000000000113ad                autostart_start
                0x00000000000113f8                autostart_exit
 .text          0x000000000001143b      0x334 obj_cooja/mtype245.a(ctimer.o)
                0x0000000000011552                ctimer_init
                0x0000000000011582                ctimer_set
                0x00000000000115b3                ctimer_set_with_process
                0x000000000001162f                ctimer_reset
                0x000000000001167e                ctimer_restart
                0x00000000000116cd                ctimer_stop
                0x0000000000011718                ctimer_expired
 .text          0x000000000001176f      0x40b obj_cooja/mtype245.a(etimer.o)
                0x0000000000011982                etimer_request_poll
                0x0000000000011a06                etimer_set
                0x0000000000011a2b                etimer_reset_with_new_interval
                0x0000000000011a52                etimer_reset
                0x0000000000011a70                etimer_restart
                0x0000000000011a8e                etimer_adjust
                0x0000000000011aaa                etimer_expired
                0x0000000000011abd                etimer_expiration_time
                0x0000000000011acf                etimer_start_time
                0x0000000000011ad9                etimer_pending
                0x0000000000011aeb                etimer_next_expiration_time
                0x0000000000011b05                etimer_stop
 .text          0x0000000000011b7a      0x560 obj_cooja/mtype245.a(process.o)
                0x0000000000011b7a                process_alloc_event
                0x0000000000011b8f                process_start
                0x0000000000011d78                process_exit
                0x0000000000011d94                process_init
                0x0000000000011f65                process_run
                0x0000000000011f98                process_nevents
                0x0000000000011fb3                process_post
                0x000000000001205f                process_post_synch
                0x0000000000012097                process_poll
                0x00000000000120c6                process_is_running
 .text          0x00000000000120da       0xba obj_cooja/mtype245.a(rtimer.o)
                0x00000000000120da                rtimer_init
                0x00000000000120e7                rtimer_set
                0x000000000001213e                rtimer_run_next
 .text          0x0000000000012194       0x91 obj_cooja/mtype245.a(timer.o)
                0x0000000000012194                timer_set
                0x00000000000121af                timer_reset
                0x00000000000121c6                timer_restart
                0x00000000000121d8                timer_expired
                0x0000000000012201                timer_remaining
 .text          0x0000000000012225      0x1fb obj_cooja/mtype245.a(serial-line.o)
                0x0000000000012225                serial_line_input_byte
                0x00000000000123e8                serial_line_init
 .text          0x0000000000012420      0x244 obj_cooja/mtype245.a(list.o)
                0x0000000000012420                list_init
                0x000000000001242e                list_head
                0x0000000000012438                list_copy
                0x0000000000012447                list_tail
                0x000000000001247d                list_add
                0x00000000000124c6                list_push
                0x00000000000124f2                list_chop
                0x000000000001255c                list_pop
                0x0000000000012584                list_remove
                0x00000000000125eb                list_length
                0x0000000000012619                list_insert
                0x000000000001264d                list_item_next
 .text          0x0000000000012664      0x155 obj_cooja/mtype245.a(ringbuf.o)
                0x0000000000012664                ringbuf_init
                0x0000000000012695                ringbuf_put
                0x0000000000012713                ringbuf_get
                0x0000000000012780                ringbuf_size
                0x0000000000012792                ringbuf_elements
 .text          0x00000000000127b9     0x258b obj_cooja/mtype245.a(sicslowpan.o)
                0x0000000000012d43                rime_sniffer_add
                0x0000000000012d50                rime_sniffer_remove
                0x0000000000014ce3                sicslowpan_init
                0x0000000000014d3a                sicslowpan_get_last_rssi
 .text          0x0000000000014d44      0x3d1 obj_cooja/mtype245.a(uip-ds6-nbr.o)
                0x0000000000014d61                uip_ds6_neighbors_init
                0x0000000000014d7e                uip_ds6_nbr_add
                0x0000000000014f24                uip_ds6_nbr_rm
                0x0000000000014f81                uip_ds6_nbr_get_ipaddr
                0x0000000000014f96                uip_ds6_nbr_get_ll
                0x0000000000014fb2                uip_ds6_nbr_num
                0x0000000000014ff7                uip_ds6_nbr_lookup
                0x000000000001505c                uip_ds6_nbr_ll_lookup
                0x0000000000015078                uip_ds6_nbr_ipaddr_from_lladdr
                0x000000000001509e                uip_ds6_nbr_lladdr_from_ipaddr
                0x00000000000150cc                uip_ds6_link_neighbor_callback
 .text          0x0000000000015115     0x12ad obj_cooja/mtype245.a(uip-ds6.o)
                0x0000000000015115                uip_ds6_init
                0x000000000001546a                uip_ds6_periodic
                0x0000000000015542                uip_ds6_list_loop
                0x00000000000155e9                uip_ds6_prefix_add
                0x00000000000156a7                uip_ds6_prefix_rm
                0x00000000000156b9                uip_ds6_prefix_lookup
                0x000000000001570a                uip_ds6_is_addr_onlink
                0x000000000001577e                uip_ds6_addr_add
                0x00000000000158ac                uip_ds6_long_addr_add
                0x00000000000159da                uip_ds6_addr_rm
                0x0000000000015a7a                uip_ds6_addr_lookup
                0x0000000000015ac5                uip_ds6_long_addr_lookup
                0x0000000000015b10                uip_ds6_get_link_local
                0x0000000000015b8f                uip_ds6_long_get_link_local
                0x0000000000015c0e                uip_ds6_get_global
                0x0000000000015c8d                uip_ds6_long_get_global
                0x0000000000015d0c                uip_ds6_maddr_add
                0x0000000000015d7e                uip_ds6_long_maddr_add
                0x0000000000015df0                uip_ds6_maddr_rm
                0x0000000000015e02                uip_ds6_maddr_lookup
                0x0000000000015e4d                uip_ds6_long_maddr_lookup
                0x0000000000015e98                uip_ds6_aaddr_add
                0x0000000000015f0a                uip_ds6_long_aaddr_add
                0x0000000000015f7c                uip_ds6_aaddr_rm
                0x0000000000015f8e                uip_ds6_aaddr_lookup
                0x0000000000015fd9                uip_ds6_long_aaddr_lookup
                0x0000000000016024                uip_ds6_select_src
                0x00000000000162ad                uip_ds6_set_addr_iid
                0x00000000000162e4                get_match_length
                0x0000000000016376                uip_ds6_compute_reachable_time
 .text          0x00000000000163c2     0x29f3 obj_cooja/mtype245.a(uip6.o)
                0x00000000000163c2                uip_add32
                0x000000000001655b                uip_chksum
                0x0000000000016649                uip_icmp6chksum
                0x000000000001665d                uip_tcpchksum
                0x0000000000016671                uip_udpchksum
                0x0000000000016685                uip_init
                0x0000000000016755                uip_connect
                0x0000000000016904                remove_ext_hdr
                0x00000000000169d9                uip_udp_new
                0x0000000000016b35                uip_unlisten
                0x0000000000016b95                uip_listen
                0x0000000000016e57                uip_process
                0x0000000000018ca9                uip_htons
                0x0000000000018ccb                uip_htonl
                0x0000000000018d0b                uip_send
 .text          0x0000000000018db5      0xa66 obj_cooja/mtype245.a(tcpip.o)
                0x0000000000018db5                tcpip_output
                0x0000000000018de3                tcpip_set_outputfunc
                0x0000000000018e77                tcp_connect
                0x0000000000018ecc                tcp_unlisten
                0x0000000000018f27                tcp_listen
                0x0000000000018f80                tcp_attach
                0x0000000000018fa5                udp_attach
                0x0000000000018fca                udp_new
                0x000000000001901c                udp_broadcast_new
                0x0000000000019290                tcpip_input
                0x00000000000192c4                tcpip_ipv6_output
                0x0000000000019661                tcpip_poll_udp
                0x0000000000019684                tcpip_poll_tcp
                0x00000000000196a7                tcpip_uipcall
 .text          0x000000000001981b      0x1c1 obj_cooja/mtype245.a(uip-debug.o)
                0x000000000001981b                uip_debug_ipaddr_print
                0x000000000001997d                uip_debug_lladdr_print
 .text          0x00000000000199dc      0x141 obj_cooja/mtype245.a(uip-packetqueue)
                0x0000000000019a08                uip_packetqueue_new
                0x0000000000019a16                uip_packetqueue_alloc
                0x0000000000019a76                uip_packetqueue_free
                0x0000000000019ab7                uip_packetqueue_buf
                0x0000000000019ad4                uip_packetqueue_buflen
                0x0000000000019af5                uip_packetqueue_set_buflen
 .text          0x0000000000019b1d     0x238e obj_cooja/mtype245.a(rpl-dag.o)
                0x0000000000019b1d                rpl_print_neighbor_list
                0x0000000000019cf2                rpl_get_nbr
                0x0000000000019d4c                rpl_dag_init
                0x0000000000019d69                rpl_get_parent
                0x0000000000019d8b                rpl_get_parent_rank
                0x0000000000019dbe                rpl_get_parent_link_metric
                0x0000000000019df1                rpl_get_parent_ipaddr
                0x000000000001a0f4                rpl_set_root
                0x000000000001a31b                rpl_repair_root
                0x000000000001a557                rpl_set_prefix
                0x000000000001a656                rpl_set_default_route
                0x000000000001a6e2                rpl_alloc_instance
                0x000000000001a775                rpl_alloc_dag
                0x000000000001a826                rpl_set_default_instance
                0x000000000001a833                rpl_get_default_instance
                0x000000000001a83d                rpl_free_instance
                0x000000000001a8ec                rpl_free_dag
                0x000000000001a952                rpl_add_parent
                0x000000000001aa28                rpl_find_parent
                0x000000000001aa80                rpl_find_parent_any_dag
                0x000000000001aabc                rpl_select_dag
                0x000000000001ae52                rpl_select_parent
                0x000000000001aeb4                rpl_remove_parent
                0x000000000001aedb                rpl_nullify_parent
                0x000000000001af79                rpl_move_parent
                0x000000000001b016                rpl_has_downward_route
                0x000000000001b069                rpl_get_any_dag
                0x000000000001b0cb                rpl_get_instance
                0x000000000001b12e                rpl_find_of
                0x000000000001b16b                rpl_join_instance
                0x000000000001b3e6                rpl_add_dag
                0x000000000001b7d5                rpl_local_repair
                0x000000000001b899                rpl_recalculate_ranks
                0x000000000001b91f                rpl_process_parent_event
                0x000000000001b9d1                rpl_process_dio
 .text          0x000000000001beab      0xbf3 obj_cooja/mtype245.a(rpl-ext-header.)
                0x000000000001bec8                rpl_verify_header
                0x000000000001c342                rpl_update_header_empty
                0x000000000001c659                rpl_update_header_final
                0x000000000001c7e8                rpl_remove_header
                0x000000000001c8f2                rpl_invert_header
                0x000000000001ca7c                rpl_insert_header
 .text          0x000000000001ca9e     0x24dd obj_cooja/mtype245.a(rpl-icmp6.o)
                0x000000000001ccfd                rpl_icmp6_update_nbr_table
                0x000000000001ceca                dis_output
                0x000000000001d7f1                dio_output
                0x000000000001ea4b                dao_output
                0x000000000001eb12                dao_output_target
                0x000000000001ef2f                dao_ack_output
                0x000000000001ef43                rpl_icmp6_register_handlers
 .text          0x000000000001ef7b      0x36a obj_cooja/mtype245.a(rpl-jkof.o)
 .text          0x000000000001f2e5      0x7b3 obj_cooja/mtype245.a(rpl-timers.o)
                0x000000000001f52b                rpl_reset_periodic_timer
                0x000000000001f580                rpl_reset_dio_timer
                0x000000000001f7ba                rpl_schedule_dao
                0x000000000001f7d5                rpl_schedule_dao_immediately
                0x000000000001f7f0                rpl_cancel_dao
                0x000000000001f852                rpl_schedule_unicast_dio_immediately
                0x000000000001fa40                rpl_schedule_probing
 .text          0x000000000001fa98      0x59b obj_cooja/mtype245.a(rpl.o)
                0x000000000001fa98                rpl_get_mode
                0x000000000001faa2                rpl_set_mode
                0x000000000001fb30                rpl_purge_routes
                0x000000000001fc2a                rpl_remove_routes
                0x000000000001fc70                rpl_remove_routes_by_nexthop
                0x000000000001fcdc                rpl_add_route
                0x000000000001fd57                rpl_link_neighbor_callback
                0x000000000001fe5c                rpl_ipv6_neighbor_callback
                0x000000000001fecb                rpl_purge_dags
                0x000000000001ffad                rpl_init
 .text          0x0000000000020033       0x82 obj_cooja/mtype245.a(linkaddr.o)
                0x0000000000020033                linkaddr_copy
                0x0000000000020055                linkaddr_cmp
                0x000000000002007f                linkaddr_set_node_addr
                0x000000000002009a                linkaddr_set_node_long_addr
 .text          0x00000000000200b5      0x88c obj_cooja/mtype245.a(nbr-table.o)
                0x00000000000200b5                lladdr_map_add_lr
                0x0000000000020172                lladdr_map_rm_lr
                0x0000000000020637                nbr_table_register
                0x000000000002067f                nbr_table_head
                0x00000000000206db                nbr_table_next
                0x0000000000020742                nbr_table_add_lladdr
                0x000000000002081e                nbr_table_get_from_lladdr
                0x000000000002086b                nbr_table_remove
                0x00000000000208bd                nbr_table_lock
                0x00000000000208e7                nbr_table_unlock
                0x0000000000020911                nbr_table_get_lladdr
 .text          0x0000000000020941       0x2b obj_cooja/mtype245.a(netstack.o)
                0x0000000000020941                netstack_init
 .text          0x000000000002096c      0x3cd obj_cooja/mtype245.a(packetbuf.o)
                0x000000000002096c                packetbuf_clear
                0x0000000000020996                packetbuf_copyfrom
                0x00000000000209e8                packetbuf_compact
                0x0000000000020a65                packetbuf_copyto
                0x0000000000020afc                packetbuf_hdralloc
                0x0000000000020b79                packetbuf_hdrreduce
                0x0000000000020bc1                packetbuf_set_datalen
                0x0000000000020bda                packetbuf_dataptr
                0x0000000000020bf7                packetbuf_hdrptr
                0x0000000000020c01                packetbuf_datalen
                0x0000000000020c0d                packetbuf_hdrlen
                0x0000000000020c24                packetbuf_totlen
                0x0000000000020c3a                packetbuf_attr_clear
                0x0000000000020c8c                packetbuf_attr_copyto
                0x0000000000020cd5                packetbuf_attr_copyfrom
                0x0000000000020d1d                packetbuf_holds_broadcast
 .text          0x0000000000020d39      0x2b4 obj_cooja/mtype245.a(queuebuf.o)
                0x0000000000020d43                queuebuf_init
                0x0000000000020d63                queuebuf_numfree
                0x0000000000020d77                queuebuf_new_from_packetbuf
                0x0000000000020e07                queuebuf_update_attr_from_packetbuf
                0x0000000000020e3a                queuebuf_update_from_packetbuf
                0x0000000000020e84                queuebuf_free
                0x0000000000020ecb                queuebuf_to_packetbuf
                0x0000000000020f31                queuebuf_dataptr
                0x0000000000020f68                queuebuf_datalen
                0x0000000000020f8b                queuebuf_addr
                0x0000000000020fbd                queuebuf_attr
                0x0000000000020fe8                queuebuf_debug_print
 .text          0x0000000000020fed      0x3f5 obj_cooja/mtype245.a(framer-802154.o)
 .text          0x00000000000213e2       0x5e obj_cooja/mtype245.a(nullmac.o)
 .text          0x0000000000021440      0x4a9 obj_cooja/mtype245.a(nullrdc.o)
 .text          0x00000000000218e9       0x6e obj_cooja/mtype245.a(nullsec.o)
 .text          0x0000000000021957       0x19 obj_cooja/mtype245.a(watchdog.o)
                0x0000000000021957                watchdog_init
                0x000000000002195c                watchdog_start
                0x0000000000021961                watchdog_periodic
                0x0000000000021966                watchdog_stop
                0x000000000002196b                watchdog_reboot
 .text          0x0000000000021970        0x0 obj_cooja/mtype245.a(rimestats.o)
 .text          0x0000000000021970       0xa3 obj_cooja/mtype245.a(stimer.o)
                0x0000000000021970                stimer_set
                0x000000000002198b                stimer_reset
                0x00000000000219a2                stimer_restart
                0x00000000000219b4                stimer_expired
                0x00000000000219db                stimer_remaining
                0x00000000000219ff                stimer_elapsed
 .text          0x0000000000021a13      0x1c1 obj_cooja/mtype245.a(memb.o)
                0x0000000000021a13                memb_init
                0x0000000000021a71                memb_alloc
                0x0000000000021ad6                memb_free
                0x0000000000021b51                memb_inmemb
                0x0000000000021b90                memb_numfree
 .text          0x0000000000021bd4      0x916 obj_cooja/mtype245.a(uip-ds6-route.o)
                0x0000000000021c4b                uip_ds6_notification_add
                0x0000000000021c7c                uip_ds6_notification_rm
                0x0000000000021c98                uip_ds6_route_init
                0x0000000000021d20                uip_ds6_route_nexthop
                0x0000000000021d48                uip_ds6_route_head
                0x0000000000021d5d                uip_ds6_route_next
                0x0000000000021d83                uip_ds6_route_is_nexthop
                0x0000000000021dc2                uip_ds6_route_num_routes
                0x0000000000021dcc                uip_ds6_route_lookup
                0x0000000000021e8e                uip_ds6_route_add
                0x00000000000220c2                uip_ds6_route_rm
                0x0000000000022256                uip_ds6_route_rm_by_nexthop
                0x000000000002228e                uip_ds6_defrt_add
                0x000000000002233f                uip_ds6_defrt_rm
                0x00000000000223be                uip_ds6_defrt_lookup
                0x0000000000022417                uip_ds6_defrt_choose
                0x0000000000022482                uip_ds6_defrt_periodic
 .text          0x00000000000224ea      0xab2 obj_cooja/mtype245.a(uip-icmp6.o)
                0x0000000000022558                uip_icmp6_input
                0x00000000000225ae                uip_icmp6_register_input_handler
                0x0000000000022876                uip_icmp6_error_output
                0x0000000000022bbb                uip_icmp6_send
                0x0000000000022f2f                uip_icmp6_echo_reply_callback_add
                0x0000000000022f60                uip_icmp6_echo_reply_callback_rm
                0x0000000000022f7c                uip_icmp6_init
 .text          0x0000000000022f9c      0x358 obj_cooja/mtype245.a(uip-nd6.o)
                0x0000000000022ff0                uip_nd6_ns_output
                0x00000000000232ef                uip_nd6_init
 .text          0x00000000000232f4      0x331 obj_cooja/mtype245.a(rpl-nbr-policy.)
                0x00000000000234cc                find_removable_dis
                0x00000000000234ef                find_removable_dio
                0x000000000002357e                find_removable_dao
                0x00000000000235ce                rpl_nbr_policy_find_removable
 .text          0x0000000000023625      0x97c obj_cooja/mtype245.a(frame802154.o)
                0x0000000000023656                frame802154_get_pan_id
                0x0000000000023662                frame802154_set_pan_id
                0x000000000002367b                frame802154_has_panid
                0x0000000000023767                frame802154_check_dest_panid
                0x00000000000237cf                frame802154_is_broadcast_addr
                0x000000000002381c                frame802154_extract_linkaddr
                0x0000000000023a5c                frame802154_hdrlen
                0x0000000000023aad                frame802154_create
                0x0000000000023c98                frame802154_parse
 .text          0x0000000000023fa1      0x181 obj_cooja/mtype245.a(mac-sequence.o)
                0x0000000000023fd8                mac_sequence_is_duplicate
                0x000000000002405b                mac_sequence_register_seqno
 .text          0x0000000000024122       0x3c obj_cooja/mtype245.a(mac.o)
                0x0000000000024122                mac_call_sent_callback
 .text          0x000000000002415e        0x0 /usr/lib/gcc/i686-linux-gnu/4.8/crtendS.o
 .text          0x000000000002415e        0x0 /usr/lib/gcc/i686-linux-gnu/4.8/../../../i386-linux-gnu/crtn.o
 *(.gnu.warning)

.fini           0x0000000000024160       0x14
 *(SORT(.fini))
 .fini          0x0000000000024160        0xf /usr/lib/gcc/i686-linux-gnu/4.8/../../../i386-linux-gnu/crti.o
                0x0000000000024160                _fini
 .fini          0x000000000002416f        0x5 /usr/lib/gcc/i686-linux-gnu/4.8/../../../i386-linux-gnu/crtn.o
                0x0000000000024174                PROVIDE (__etext, .)
                0x0000000000024174                PROVIDE (_etext, .)
                0x0000000000024174                PROVIDE (etext, .)

.rodata         0x0000000000024180     0x1398
 *(.rodata .rodata.* .gnu.linkonce.r.*)
 .rodata        0x0000000000024180      0x148 udp-server.co
                0x0000000000024194                autostart_processes
 .rodata        0x00000000000242c8      0x1b6 obj_cooja/mtype245.o
 *fill*         0x000000000002447e        0x2 
 .rodata        0x0000000000024480        0x8 obj_cooja/mtype245.a(beep.o)
                0x0000000000024480                beep_interface
 .rodata        0x0000000000024488       0x20 obj_cooja/mtype245.a(button-sensor.o)
                0x0000000000024488                button_interface
                0x0000000000024498                button_sensor
 .rodata        0x00000000000244a8        0x8 obj_cooja/mtype245.a(leds-arch.o)
                0x00000000000244a8                leds_interface
 .rodata        0x00000000000244b0        0x8 obj_cooja/mtype245.a(moteid.o)
                0x00000000000244b0                moteid_interface
 .rodata        0x00000000000244b8       0x1c obj_cooja/mtype245.a(pir-sensor.o)
                0x00000000000244b8                pir_interface
                0x00000000000244c4                pir_sensor
 .rodata        0x00000000000244d4        0xe obj_cooja/mtype245.a(rs232.o)
                0x00000000000244d4                rs232_interface
 *fill*         0x00000000000244e2        0x2 
 .rodata        0x00000000000244e4       0x24 obj_cooja/mtype245.a(vib-sensor.o)
                0x00000000000244e4                vib_interface
                0x00000000000244f8                vib_sensor
 .rodata        0x0000000000024508        0x8 obj_cooja/mtype245.a(clock.o)
                0x0000000000024508                clock_interface
 .rodata        0x0000000000024510        0x8 obj_cooja/mtype245.a(log.o)
                0x0000000000024510                simlog_interface
 .rodata        0x0000000000024518       0x2f obj_cooja/mtype245.a(cfs-cooja.o)
                0x0000000000024518                cfs_interface
 *fill*         0x0000000000024547       0x19 
 .rodata        0x0000000000024560      0x100 obj_cooja/mtype245.a(cooja-radio.o)
                0x0000000000024620                cooja_radio_driver
                0x0000000000024658                radio_interface
 .rodata        0x0000000000024660        0x8 obj_cooja/mtype245.a(eeprom.o)
                0x0000000000024660                eeprom_interface
 .rodata        0x0000000000024668        0x8 obj_cooja/mtype245.a(sensors.o)
 .rodata        0x0000000000024670      0x169 obj_cooja/mtype245.a(dual_conf.o)
 .rodata        0x00000000000247d9        0xf obj_cooja/mtype245.a(ctimer.o)
 .rodata        0x00000000000247e8        0xc obj_cooja/mtype245.a(etimer.o)
 .rodata        0x00000000000247f4        0xe obj_cooja/mtype245.a(serial-line.o)
 *fill*         0x0000000000024802        0x2 
 .rodata        0x0000000000024804       0x2c obj_cooja/mtype245.a(sicslowpan.o)
                0x0000000000024804                unc_llconf
                0x0000000000024808                unc_ctxconf
                0x000000000002480c                unc_mxconf
                0x0000000000024810                llprefix
                0x0000000000024824                sicslowpan_driver
 .rodata        0x0000000000024830       0xb1 obj_cooja/mtype245.a(uip-ds6-nbr.o)
 *fill*         0x00000000000248e1        0x3 
 .rodata        0x00000000000248e4      0x13c obj_cooja/mtype245.a(uip6.o)
 .rodata        0x0000000000024a20       0x29 obj_cooja/mtype245.a(tcpip.o)
 .rodata        0x0000000000024a49       0x3e obj_cooja/mtype245.a(uip-debug.o)
 *fill*         0x0000000000024a87        0x1 
 .rodata        0x0000000000024a88       0x72 obj_cooja/mtype245.a(rpl-dag.o)
 *fill*         0x0000000000024afa        0x2 
 .rodata        0x0000000000024afc      0x8b0 obj_cooja/mtype245.a(rpl-icmp6.o)
 .rodata        0x00000000000253ac       0xbf obj_cooja/mtype245.a(rpl-jkof.o)
 .rodata        0x000000000002546b        0x8 obj_cooja/mtype245.a(linkaddr.o)
                0x000000000002546b                linkaddr_null
 *fill*         0x0000000000025473        0x1 
 .rodata        0x0000000000025474        0xc obj_cooja/mtype245.a(framer-802154.o)
                0x0000000000025474                framer_802154
 .rodata        0x0000000000025480       0x24 obj_cooja/mtype245.a(nullmac.o)
                0x0000000000025488                nullmac_driver
 *fill*         0x00000000000254a4       0x1c 
 .rodata        0x00000000000254c0       0x40 obj_cooja/mtype245.a(nullrdc.o)
                0x00000000000254e0                nullrdc_driver
 .rodata        0x0000000000025500       0x18 obj_cooja/mtype245.a(nullsec.o)
                0x0000000000025508                nullsec_driver

.rodata1
 *(.rodata1)

.eh_frame_hdr   0x0000000000025518     0x12ac
 *(.eh_frame_hdr)
 .eh_frame_hdr  0x0000000000025518     0x12ac udp-server.co

.eh_frame       0x00000000000267c4     0x4bf8
 *(.eh_frame)
 .eh_frame      0x00000000000267c4       0x3c /usr/lib/gcc/i686-linux-gnu/4.8/../../../i386-linux-gnu/crti.o
                                         0x40 (size before relaxing)
 .eh_frame      0x0000000000026800       0x68 udp-server.co
                                         0x80 (size before relaxing)
 .eh_frame      0x0000000000026868      0x148 obj_cooja/mtype245.o
                                        0x160 (size before relaxing)
 .eh_frame      0x00000000000269b0       0x40 obj_cooja/mtype245.a(simEnvChange.o)
                                         0x58 (size before relaxing)
 .eh_frame      0x00000000000269f0       0xc0 obj_cooja/mtype245.a(cooja_mt.o)
                                         0xd8 (size before relaxing)
 .eh_frame      0x0000000000026ab0      0x120 obj_cooja/mtype245.a(cooja_mtarch.o)
                                        0x138 (size before relaxing)
 .eh_frame      0x0000000000026bd0       0xc0 obj_cooja/mtype245.a(rtimer-arch.o)
                                         0xd8 (size before relaxing)
 .eh_frame      0x0000000000026c90      0x160 obj_cooja/mtype245.a(beep.o)
                                        0x178 (size before relaxing)
 .eh_frame      0x0000000000026df0       0xa0 obj_cooja/mtype245.a(button-sensor.o)
                                         0xb8 (size before relaxing)
 .eh_frame      0x0000000000026e90       0xa0 obj_cooja/mtype245.a(leds-arch.o)
                                         0xb8 (size before relaxing)
 .eh_frame      0x0000000000026f30       0x40 obj_cooja/mtype245.a(moteid.o)
                                         0x58 (size before relaxing)
 .eh_frame      0x0000000000026f70       0xa0 obj_cooja/mtype245.a(pir-sensor.o)
                                         0xb8 (size before relaxing)
 .eh_frame      0x0000000000027010      0x100 obj_cooja/mtype245.a(rs232.o)
                                        0x118 (size before relaxing)
 .eh_frame      0x0000000000027110       0xa0 obj_cooja/mtype245.a(vib-sensor.o)
                                         0xb8 (size before relaxing)
 .eh_frame      0x00000000000271b0       0xc0 obj_cooja/mtype245.a(clock.o)
                                         0xd8 (size before relaxing)
 .eh_frame      0x0000000000027270      0x120 obj_cooja/mtype245.a(log.o)
                                        0x138 (size before relaxing)
 .eh_frame      0x0000000000027390      0x160 obj_cooja/mtype245.a(cfs-cooja.o)
                                        0x178 (size before relaxing)
 .eh_frame      0x00000000000274f0      0x2e0 obj_cooja/mtype245.a(cooja-radio.o)
                                        0x2f8 (size before relaxing)
 .eh_frame      0x00000000000277d0       0xa0 obj_cooja/mtype245.a(eeprom.o)
                                         0xb8 (size before relaxing)
 .eh_frame      0x0000000000027870       0x40 obj_cooja/mtype245.a(random.o)
                                         0x58 (size before relaxing)
 .eh_frame      0x00000000000278b0       0xc0 obj_cooja/mtype245.a(sensors.o)
                                         0xd8 (size before relaxing)
 .eh_frame      0x0000000000027970      0x120 obj_cooja/mtype245.a(dual_conf.o)
                                        0x138 (size before relaxing)
 .eh_frame      0x0000000000027a90       0x40 obj_cooja/mtype245.a(autostart.o)
                                         0x58 (size before relaxing)
 .eh_frame      0x0000000000027ad0      0x100 obj_cooja/mtype245.a(ctimer.o)
                                        0x118 (size before relaxing)
 .eh_frame      0x0000000000027bd0      0x1e0 obj_cooja/mtype245.a(etimer.o)
                                        0x1f8 (size before relaxing)
 .eh_frame      0x0000000000027db0      0x1c8 obj_cooja/mtype245.a(process.o)
                                        0x1e0 (size before relaxing)
 .eh_frame      0x0000000000027f78       0x60 obj_cooja/mtype245.a(rtimer.o)
                                         0x78 (size before relaxing)
 .eh_frame      0x0000000000027fd8       0xa4 obj_cooja/mtype245.a(timer.o)
                                         0xbc (size before relaxing)
 .eh_frame      0x000000000002807c       0x60 obj_cooja/mtype245.a(serial-line.o)
                                         0x78 (size before relaxing)
 .eh_frame      0x00000000000280dc      0x180 obj_cooja/mtype245.a(list.o)
                                        0x198 (size before relaxing)
 .eh_frame      0x000000000002825c       0xa0 obj_cooja/mtype245.a(ringbuf.o)
                                         0xb8 (size before relaxing)
 .eh_frame      0x00000000000282fc      0x350 obj_cooja/mtype245.a(sicslowpan.o)
                                        0x368 (size before relaxing)
 .eh_frame      0x000000000002864c      0x180 obj_cooja/mtype245.a(uip-ds6-nbr.o)
                                        0x198 (size before relaxing)
 .eh_frame      0x00000000000287cc      0x3c8 obj_cooja/mtype245.a(uip-ds6.o)
                                        0x3e0 (size before relaxing)
 .eh_frame      0x0000000000028b94      0x27c obj_cooja/mtype245.a(uip6.o)
                                        0x294 (size before relaxing)
 .eh_frame      0x0000000000028e10      0x270 obj_cooja/mtype245.a(tcpip.o)
                                        0x288 (size before relaxing)
 .eh_frame      0x0000000000029080       0x48 obj_cooja/mtype245.a(uip-debug.o)
                                         0x60 (size before relaxing)
 .eh_frame      0x00000000000290c8       0xe0 obj_cooja/mtype245.a(uip-packetqueue)
                                         0xf8 (size before relaxing)
 .eh_frame      0x00000000000291a8      0x65c obj_cooja/mtype245.a(rpl-dag.o)
                                        0x674 (size before relaxing)
 .eh_frame      0x0000000000029804      0x10c obj_cooja/mtype245.a(rpl-ext-header.)
                                        0x124 (size before relaxing)
 .eh_frame      0x0000000000029910      0x288 obj_cooja/mtype245.a(rpl-icmp6.o)
                                        0x2a0 (size before relaxing)
 .eh_frame      0x0000000000029b98       0xe4 obj_cooja/mtype245.a(rpl-jkof.o)
                                         0xfc (size before relaxing)
 .eh_frame      0x0000000000029c7c      0x20c obj_cooja/mtype245.a(rpl-timers.o)
                                        0x224 (size before relaxing)
 .eh_frame      0x0000000000029e88      0x140 obj_cooja/mtype245.a(rpl.o)
                                        0x158 (size before relaxing)
 .eh_frame      0x0000000000029fc8       0x80 obj_cooja/mtype245.a(linkaddr.o)
                                         0x98 (size before relaxing)
 .eh_frame      0x000000000002a048      0x2ac obj_cooja/mtype245.a(nbr-table.o)
                                        0x2c4 (size before relaxing)
 .eh_frame      0x000000000002a2f4       0x20 obj_cooja/mtype245.a(netstack.o)
                                         0x38 (size before relaxing)
 .eh_frame      0x000000000002a314      0x214 obj_cooja/mtype245.a(packetbuf.o)
                                        0x22c (size before relaxing)
 .eh_frame      0x000000000002a528      0x1a0 obj_cooja/mtype245.a(queuebuf.o)
                                        0x1b8 (size before relaxing)
 .eh_frame      0x000000000002a6c8      0x108 obj_cooja/mtype245.a(framer-802154.o)
                                        0x120 (size before relaxing)
 .eh_frame      0x000000000002a7d0       0xc0 obj_cooja/mtype245.a(nullmac.o)
                                         0xd8 (size before relaxing)
 .eh_frame      0x000000000002a890      0x16c obj_cooja/mtype245.a(nullrdc.o)
                                        0x184 (size before relaxing)
 .eh_frame      0x000000000002a9fc       0x80 obj_cooja/mtype245.a(nullsec.o)
                                         0x98 (size before relaxing)
 .eh_frame      0x000000000002aa7c       0xa0 obj_cooja/mtype245.a(watchdog.o)
                                         0xb8 (size before relaxing)
 .eh_frame      0x000000000002ab1c       0xc4 obj_cooja/mtype245.a(stimer.o)
                                         0xdc (size before relaxing)
 .eh_frame      0x000000000002abe0       0xa0 obj_cooja/mtype245.a(memb.o)
                                         0xb8 (size before relaxing)
 .eh_frame      0x000000000002ac80      0x2a0 obj_cooja/mtype245.a(uip-ds6-route.o)
                                        0x2b8 (size before relaxing)
 .eh_frame      0x000000000002af20      0x164 obj_cooja/mtype245.a(uip-icmp6.o)
                                        0x17c (size before relaxing)
 .eh_frame      0x000000000002b084       0x68 obj_cooja/mtype245.a(uip-nd6.o)
                                         0x80 (size before relaxing)
 .eh_frame      0x000000000002b0ec       0xc0 obj_cooja/mtype245.a(rpl-nbr-policy.)
                                         0xd8 (size before relaxing)
 .eh_frame      0x000000000002b1ac      0x164 obj_cooja/mtype245.a(frame802154.o)
                                        0x17c (size before relaxing)
 .eh_frame      0x000000000002b310       0x88 obj_cooja/mtype245.a(mac-sequence.o)
                                         0xa0 (size before relaxing)
 .eh_frame      0x000000000002b398       0x20 obj_cooja/mtype245.a(mac.o)
                                         0x38 (size before relaxing)
 .eh_frame      0x000000000002b3b8        0x4 /usr/lib/gcc/i686-linux-gnu/4.8/crtendS.o

.gcc_except_table
 *(.gcc_except_table .gcc_except_table.*)

.exception_ranges
 *(.exception_ranges .exception_ranges*)
                0x000000000002b3bc                . = (ALIGN (0x1000) - ((0x1000 - .) & 0xfff))
                0x000000000002cef8                . = DATA_SEGMENT_ALIGN (0x1000, 0x1000)

.eh_frame
 *(.eh_frame)

.gcc_except_table
 *(.gcc_except_table .gcc_except_table.*)

.exception_ranges
 *(.exception_ranges .exception_ranges*)

.tdata
 *(.tdata .tdata.* .gnu.linkonce.td.*)

.tbss
 *(.tbss .tbss.* .gnu.linkonce.tb.*)
 *(.tcommon)

.preinit_array
 *(.preinit_array)

.init_array     0x000000000002cef8        0x4
 *(SORT(.init_array.*) SORT(.ctors.*))
 *(.init_array EXCLUDE_FILE(*crtend?.o *crtend.o *crtbegin?.o *crtbegin.o) .ctors)
 .init_array    0x000000000002cef8        0x4 /usr/lib/gcc/i686-linux-gnu/4.8/crtbeginS.o

.fini_array     0x000000000002cefc        0x4
 *(SORT(.fini_array.*) SORT(.dtors.*))
 *(.fini_array EXCLUDE_FILE(*crtend?.o *crtend.o *crtbegin?.o *crtbegin.o) .dtors)
 .fini_array    0x000000000002cefc        0x4 /usr/lib/gcc/i686-linux-gnu/4.8/crtbeginS.o

.ctors
 *crtbegin.o(.ctors)
 *crtbegin?.o(.ctors)
 *(EXCLUDE_FILE(*crtend?.o *crtend.o) .ctors)
 *(SORT(.ctors.*))
 *(.ctors)

.dtors
 *crtbegin.o(.dtors)
 *crtbegin?.o(.dtors)
 *(EXCLUDE_FILE(*crtend?.o *crtend.o) .dtors)
 *(SORT(.dtors.*))
 *(.dtors)

.jcr            0x000000000002cf00        0x4
 *(.jcr)
 .jcr           0x000000000002cf00        0x0 /usr/lib/gcc/i686-linux-gnu/4.8/crtbeginS.o
 .jcr           0x000000000002cf00        0x4 /usr/lib/gcc/i686-linux-gnu/4.8/crtendS.o

.data.rel.ro
 *(.data.rel.ro.local* .gnu.linkonce.d.rel.ro.local.*)
 *(.data.rel.ro .data.rel.ro.* .gnu.linkonce.d.rel.ro.*)

.dynamic        0x000000000002cf04       0xe8
 *(.dynamic)
 .dynamic       0x000000000002cf04       0xe8 /usr/lib/gcc/i686-linux-gnu/4.8/../../../i386-linux-gnu/crti.o
                0x000000000002cf04                _DYNAMIC

.got            0x000000000002cfec       0x14
 *(.got)
 .got           0x000000000002cfec       0x14 /usr/lib/gcc/i686-linux-gnu/4.8/../../../i386-linux-gnu/crti.o
 *(.igot)
                0x000000000002dff4                . = DATA_SEGMENT_RELRO_END (., (SIZEOF (.got.plt) >= 0xc)?0xc:0x0)

.got.plt        0x000000000002d000       0x14
 *(.got.plt)
 .got.plt       0x000000000002d000       0x14 /usr/lib/gcc/i686-linux-gnu/4.8/../../../i386-linux-gnu/crti.o
                0x000000000002d000                _GLOBAL_OFFSET_TABLE_
 *(.igot.plt)

.data           0x000000000002d020      0x22a
 *(.data .data.* .gnu.linkonce.d.*)
 .data          0x000000000002d020        0x0 /usr/lib/gcc/i686-linux-gnu/4.8/../../../i386-linux-gnu/crti.o
 .data          0x000000000002d020        0x0 /usr/lib/gcc/i686-linux-gnu/4.8/crtbeginS.o
 .data.rel      0x000000000002d020        0x4 /usr/lib/gcc/i686-linux-gnu/4.8/crtbeginS.o
                0x000000000002d020                __dso_handle
 .data          0x000000000002d024       0x10 udp-server.co
                0x000000000002d024                udp_server_process
 *fill*         0x000000000002d034        0xc 
 .data          0x000000000002d040       0x44 obj_cooja/mtype245.o
                0x000000000002d040                simInterfaces
                0x000000000002d074                sensors
 .data          0x000000000002d084        0x0 obj_cooja/mtype245.a(simEnvChange.o)
 .data          0x000000000002d084        0x0 obj_cooja/mtype245.a(cooja_mt.o)
 .data          0x000000000002d084        0x0 obj_cooja/mtype245.a(cooja_mtarch.o)
 .data          0x000000000002d084        0x0 obj_cooja/mtype245.a(rtimer-arch.o)
 .data          0x000000000002d084        0x0 obj_cooja/mtype245.a(beep.o)
 .data          0x000000000002d084        0x0 obj_cooja/mtype245.a(button-sensor.o)
 .data          0x000000000002d084        0x0 obj_cooja/mtype245.a(leds-arch.o)
 .data          0x000000000002d084        0x0 obj_cooja/mtype245.a(moteid.o)
 .data          0x000000000002d084        0x0 obj_cooja/mtype245.a(pir-sensor.o)
 .data          0x000000000002d084        0x0 obj_cooja/mtype245.a(rs232.o)
 .data          0x000000000002d084        0x0 obj_cooja/mtype245.a(vib-sensor.o)
 .data          0x000000000002d084        0x0 obj_cooja/mtype245.a(clock.o)
 .data          0x000000000002d084        0x0 obj_cooja/mtype245.a(log.o)
 .data          0x000000000002d084        0x0 obj_cooja/mtype245.a(cfs-cooja.o)
 .data          0x000000000002d084       0x38 obj_cooja/mtype245.a(cooja-radio.o)
                0x000000000002d084                simRadioChannel
                0x000000000002d088                simRadioChannelLR
                0x000000000002d08c                simRadioHWOn
                0x000000000002d08d                simRadioHWOnLR
                0x000000000002d090                simSignalStrength
                0x000000000002d094                simSignalStrengthLR
                0x000000000002d098                simLastSignalStrength
                0x000000000002d09c                simLastSignalStrengthLR
                0x000000000002d0a0                simPower
                0x000000000002d0a1                simPowerLR
                0x000000000002d0a4                simLQI
                0x000000000002d0a8                simLQILR
                0x000000000002d0ac                cooja_radio_process
 .data          0x000000000002d0bc        0x0 obj_cooja/mtype245.a(eeprom.o)
 .data          0x000000000002d0bc        0x0 obj_cooja/mtype245.a(random.o)
 .data          0x000000000002d0bc       0x10 obj_cooja/mtype245.a(sensors.o)
                0x000000000002d0bc                sensors_process
 .data          0x000000000002d0cc       0x24 obj_cooja/mtype245.a(dual_conf.o)
                0x000000000002d0cc                radio_received
                0x000000000002d0d0                dual_dio_broadcast
                0x000000000002d0e0                dual_dis_broadcast
 .data          0x000000000002d0f0        0x0 obj_cooja/mtype245.a(autostart.o)
 .data          0x000000000002d0f0       0x14 obj_cooja/mtype245.a(ctimer.o)
                0x000000000002d0f4                ctimer_process
 .data          0x000000000002d104       0x10 obj_cooja/mtype245.a(etimer.o)
                0x000000000002d104                etimer_process
 .data          0x000000000002d114        0x0 obj_cooja/mtype245.a(process.o)
 .data          0x000000000002d114        0x0 obj_cooja/mtype245.a(rtimer.o)
 .data          0x000000000002d114        0x0 obj_cooja/mtype245.a(timer.o)
 .data          0x000000000002d114       0x10 obj_cooja/mtype245.a(serial-line.o)
                0x000000000002d114                serial_line_process
 .data          0x000000000002d124        0x0 obj_cooja/mtype245.a(list.o)
 .data          0x000000000002d124        0x0 obj_cooja/mtype245.a(ringbuf.o)
 .data          0x000000000002d124        0x0 obj_cooja/mtype245.a(sicslowpan.o)
 .data          0x000000000002d124       0x14 obj_cooja/mtype245.a(uip-ds6-nbr.o)
                0x000000000002d134                ds6_neighbors
 .data          0x000000000002d138        0x0 obj_cooja/mtype245.a(uip-ds6.o)
 .data          0x000000000002d138        0x0 obj_cooja/mtype245.a(uip6.o)
 .data          0x000000000002d138       0x10 obj_cooja/mtype245.a(tcpip.o)
                0x000000000002d138                tcpip_process
 .data          0x000000000002d148        0x0 obj_cooja/mtype245.a(uip-debug.o)
 .data          0x000000000002d148        0xc obj_cooja/mtype245.a(uip-packetqueue)
 .data          0x000000000002d154       0x14 obj_cooja/mtype245.a(rpl-dag.o)
                0x000000000002d164                rpl_parents
 .data          0x000000000002d168        0x0 obj_cooja/mtype245.a(rpl-ext-header.)
 .data          0x000000000002d168       0x34 obj_cooja/mtype245.a(rpl-icmp6.o)
 .data          0x000000000002d19c       0x1c obj_cooja/mtype245.a(rpl-jkof.o)
                0x000000000002d19c                rpl_jkof
 .data          0x000000000002d1b8        0x0 obj_cooja/mtype245.a(rpl-timers.o)
 .data          0x000000000002d1b8        0x0 obj_cooja/mtype245.a(rpl.o)
 .data          0x000000000002d1b8        0x0 obj_cooja/mtype245.a(linkaddr.o)
 .data          0x000000000002d1b8       0x10 obj_cooja/mtype245.a(nbr-table.o)
 .data          0x000000000002d1c8        0x0 obj_cooja/mtype245.a(netstack.o)
 .data          0x000000000002d1c8        0x4 obj_cooja/mtype245.a(packetbuf.o)
 .data          0x000000000002d1cc       0x18 obj_cooja/mtype245.a(queuebuf.o)
 .data          0x000000000002d1e4        0x0 obj_cooja/mtype245.a(framer-802154.o)
 .data          0x000000000002d1e4        0x0 obj_cooja/mtype245.a(nullmac.o)
 .data          0x000000000002d1e4        0x0 obj_cooja/mtype245.a(nullrdc.o)
 .data          0x000000000002d1e4        0x0 obj_cooja/mtype245.a(nullsec.o)
 .data          0x000000000002d1e4        0x0 obj_cooja/mtype245.a(watchdog.o)
 .data          0x000000000002d1e4        0x0 obj_cooja/mtype245.a(rimestats.o)
 .data          0x000000000002d1e4        0x0 obj_cooja/mtype245.a(stimer.o)
 .data          0x000000000002d1e4        0x0 obj_cooja/mtype245.a(memb.o)
 .data          0x000000000002d1e4       0x44 obj_cooja/mtype245.a(uip-ds6-route.o)
                0x000000000002d1f4                nbr_routes
 .data          0x000000000002d228       0x20 obj_cooja/mtype245.a(uip-icmp6.o)
 .data          0x000000000002d248        0x0 obj_cooja/mtype245.a(uip-nd6.o)
 .data          0x000000000002d248        0x0 obj_cooja/mtype245.a(rpl-nbr-policy.)
 .data          0x000000000002d248        0x2 obj_cooja/mtype245.a(frame802154.o)
 .data          0x000000000002d24a        0x0 obj_cooja/mtype245.a(mac-sequence.o)
 .data          0x000000000002d24a        0x0 obj_cooja/mtype245.a(mac.o)
 .data          0x000000000002d24a        0x0 /usr/lib/gcc/i686-linux-gnu/4.8/crtendS.o
 .data          0x000000000002d24a        0x0 /usr/lib/gcc/i686-linux-gnu/4.8/../../../i386-linux-gnu/crtn.o

.tm_clone_table
                0x000000000002d24c        0x0
 .tm_clone_table
                0x000000000002d24c        0x0 /usr/lib/gcc/i686-linux-gnu/4.8/crtbeginS.o
 .tm_clone_table
                0x000000000002d24c        0x0 /usr/lib/gcc/i686-linux-gnu/4.8/crtendS.o

.data1
 *(.data1)
                0x000000000002d24c                _edata = .
                0x000000000002d24c                PROVIDE (edata, .)
                0x000000000002d24c                . = .
                0x000000000002d24c                __bss_start = .

.bss            0x000000000002d260     0x8048
 *(.dynbss)
 .dynbss        0x0000000000000000        0x0 /usr/lib/gcc/i686-linux-gnu/4.8/../../../i386-linux-gnu/crti.o
 *(.bss .bss.* .gnu.linkonce.b.*)
 .bss           0x000000000002d260        0x0 /usr/lib/gcc/i686-linux-gnu/4.8/../../../i386-linux-gnu/crti.o
 .bss           0x000000000002d260        0x1 /usr/lib/gcc/i686-linux-gnu/4.8/crtbeginS.o
 *fill*         0x000000000002d261        0x3 
 .bss           0x000000000002d264        0x4 udp-server.co
 *fill*         0x000000000002d268       0x18 
 .bss           0x000000000002d280     0x2030 obj_cooja/mtype245.o
 .bss           0x000000000002f2b0        0x1 obj_cooja/mtype245.a(simEnvChange.o)
                0x000000000002f2b0                simDontFallAsleep
 *fill*         0x000000000002f2b1        0x3 
 .bss           0x000000000002f2b4        0x4 obj_cooja/mtype245.a(cooja_mt.o)
 .bss           0x000000000002f2b8        0x4 obj_cooja/mtype245.a(cooja_mtarch.o)
 .bss           0x000000000002f2bc        0xc obj_cooja/mtype245.a(rtimer-arch.o)
 .bss           0x000000000002f2c8        0x0 obj_cooja/mtype245.a(beep.o)
 .bss           0x000000000002f2c8        0x8 obj_cooja/mtype245.a(button-sensor.o)
 .bss           0x000000000002f2d0        0x0 obj_cooja/mtype245.a(leds-arch.o)
 .bss           0x000000000002f2d0        0x0 obj_cooja/mtype245.a(moteid.o)
 .bss           0x000000000002f2d0        0x1 obj_cooja/mtype245.a(pir-sensor.o)
                0x000000000002f2d0                simPirValue
 *fill*         0x000000000002f2d1        0x3 
 .bss           0x000000000002f2d4        0x4 obj_cooja/mtype245.a(rs232.o)
 .bss           0x000000000002f2d8        0x1 obj_cooja/mtype245.a(vib-sensor.o)
                0x000000000002f2d8                simVibValue
 .bss           0x000000000002f2d9        0x0 obj_cooja/mtype245.a(clock.o)
 *fill*         0x000000000002f2d9        0x7 
 .bss           0x000000000002f2e0      0x420 obj_cooja/mtype245.a(log.o)
 .bss           0x000000000002f700      0xfc0 obj_cooja/mtype245.a(cfs-cooja.o)
                0x000000000002f700                simCFSData
                0x00000000000306a0                simCFSSize
                0x00000000000306a4                simCFSChanged
                0x00000000000306a8                simCFSRead
                0x00000000000306ac                simCFSWritten
 .bss           0x00000000000306c0       0x20 obj_cooja/mtype245.a(cooja-radio.o)
                0x00000000000306c0                simReceiving
                0x00000000000306c1                simReceivingLR
                0x00000000000306c4                simInSize
                0x00000000000306c8                simInSizeLR
                0x00000000000306cc                simOutSize
                0x00000000000306d0                simOutSizeLR
                0x00000000000306d4                LongRangeTransmit
                0x00000000000306d8                LongRangeReceiving
 .bss           0x00000000000306e0        0xc obj_cooja/mtype245.a(eeprom.o)
                0x00000000000306e0                simEEPROMChanged
                0x00000000000306e4                simEEPROMRead
                0x00000000000306e8                simEEPROMWritten
 .bss           0x00000000000306ec        0x0 obj_cooja/mtype245.a(random.o)
 .bss           0x00000000000306ec        0xc obj_cooja/mtype245.a(sensors.o)
 .bss           0x00000000000306f8       0x28 obj_cooja/mtype245.a(dual_conf.o)
                0x00000000000306f8                long_range_radio
 .bss           0x0000000000030720        0x0 obj_cooja/mtype245.a(autostart.o)
 .bss           0x0000000000030720        0x5 obj_cooja/mtype245.a(ctimer.o)
 *fill*         0x0000000000030725        0x3 
 .bss           0x0000000000030728        0x8 obj_cooja/mtype245.a(etimer.o)
 *fill*         0x0000000000030730       0x10 
 .bss           0x0000000000030740      0x1b1 obj_cooja/mtype245.a(process.o)
                0x0000000000030740                process_list
                0x0000000000030744                process_current
 *fill*         0x00000000000308f1        0x3 
 .bss           0x00000000000308f4        0x4 obj_cooja/mtype245.a(rtimer.o)
 .bss           0x00000000000308f8        0x0 obj_cooja/mtype245.a(timer.o)
 *fill*         0x00000000000308f8        0x8 
 .bss           0x0000000000030900      0x140 obj_cooja/mtype245.a(serial-line.o)
 .bss           0x0000000000030a40        0x0 obj_cooja/mtype245.a(list.o)
 .bss           0x0000000000030a40        0x0 obj_cooja/mtype245.a(ringbuf.o)
 .bss           0x0000000000030a40      0x70c obj_cooja/mtype245.a(sicslowpan.o)
 *fill*         0x000000000003114c       0x14 
 .bss           0x0000000000031160       0xf0 obj_cooja/mtype245.a(uip-ds6-nbr.o)
 .bss           0x0000000000031250       0x30 obj_cooja/mtype245.a(uip-ds6.o)
 .bss           0x0000000000031280        0xe obj_cooja/mtype245.a(uip6.o)
                0x0000000000031280                uip_ext_bitmap
                0x0000000000031281                uip_ext_len
                0x0000000000031282                uip_ext_opt_offset
 *fill*         0x000000000003128e       0x12 
 .bss           0x00000000000312a0       0x6a obj_cooja/mtype245.a(tcpip.o)
 .bss           0x000000000003130a        0x0 obj_cooja/mtype245.a(uip-debug.o)
 *fill*         0x000000000003130a       0x16 
 .bss           0x0000000000031320      0xcf8 obj_cooja/mtype245.a(uip-packetqueue)
 *fill*         0x0000000000032018        0x8 
 .bss           0x0000000000032020       0xa0 obj_cooja/mtype245.a(rpl-dag.o)
 .bss           0x00000000000320c0        0x0 obj_cooja/mtype245.a(rpl-ext-header.)
 .bss           0x00000000000320c0        0x0 obj_cooja/mtype245.a(rpl-icmp6.o)
 .bss           0x00000000000320c0        0x0 obj_cooja/mtype245.a(rpl-jkof.o)
 .bss           0x00000000000320c0       0x23 obj_cooja/mtype245.a(rpl-timers.o)
 *fill*         0x00000000000320e3        0x1 
 .bss           0x00000000000320e4        0x4 obj_cooja/mtype245.a(rpl.o)
 .bss           0x00000000000320e8        0x0 obj_cooja/mtype245.a(linkaddr.o)
 *fill*         0x00000000000320e8       0x18 
 .bss           0x0000000000032100       0xdc obj_cooja/mtype245.a(nbr-table.o)
 .bss           0x00000000000321dc        0x0 obj_cooja/mtype245.a(netstack.o)
 *fill*         0x00000000000321dc        0x4 
 .bss           0x00000000000321e0       0xa0 obj_cooja/mtype245.a(packetbuf.o)
 .bss           0x0000000000032280      0xb80 obj_cooja/mtype245.a(queuebuf.o)
 .bss           0x0000000000032e00        0x2 obj_cooja/mtype245.a(framer-802154.o)
 .bss           0x0000000000032e02        0x0 obj_cooja/mtype245.a(nullmac.o)
 .bss           0x0000000000032e02        0x0 obj_cooja/mtype245.a(nullrdc.o)
 .bss           0x0000000000032e02        0x0 obj_cooja/mtype245.a(nullsec.o)
 .bss           0x0000000000032e02        0x0 obj_cooja/mtype245.a(watchdog.o)
 .bss           0x0000000000032e02        0x0 obj_cooja/mtype245.a(rimestats.o)
 .bss           0x0000000000032e02        0x0 obj_cooja/mtype245.a(stimer.o)
 .bss           0x0000000000032e02        0x0 obj_cooja/mtype245.a(memb.o)
 *fill*         0x0000000000032e02       0x1e 
 .bss           0x0000000000032e20      0x2a8 obj_cooja/mtype245.a(uip-ds6-route.o)
 .bss           0x00000000000330c8       0x18 obj_cooja/mtype245.a(uip-icmp6.o)
 .bss           0x00000000000330e0        0x0 obj_cooja/mtype245.a(uip-nd6.o)
 .bss           0x00000000000330e0       0x44 obj_cooja/mtype245.a(rpl-nbr-policy.)
 .bss           0x0000000000033124        0x0 obj_cooja/mtype245.a(frame802154.o)
 *fill*         0x0000000000033124       0x1c 
 .bss           0x0000000000033140       0x90 obj_cooja/mtype245.a(mac-sequence.o)
 .bss           0x00000000000331d0        0x0 obj_cooja/mtype245.a(mac.o)
 .bss           0x00000000000331d0        0x0 /usr/lib/gcc/i686-linux-gnu/4.8/crtendS.o
 .bss           0x00000000000331d0        0x0 /usr/lib/gcc/i686-linux-gnu/4.8/../../../i386-linux-gnu/crtn.o
 *(COMMON)
 COMMON         0x00000000000331d0        0x8 obj_cooja/mtype245.o
                0x00000000000331d0                referenceVar
                0x00000000000331d4                sensors_flags
 COMMON         0x00000000000331d8        0xc obj_cooja/mtype245.a(simEnvChange.o)
                0x00000000000331d8                simEtimerPending
                0x00000000000331dc                simProcessRunValue
                0x00000000000331e0                simNextExpirationTime
 COMMON         0x00000000000331e4        0x1 obj_cooja/mtype245.a(beep.o)
                0x00000000000331e4                simBeeped
 COMMON         0x00000000000331e5        0x3 obj_cooja/mtype245.a(button-sensor.o)
                0x00000000000331e5                simButtonIsActive
                0x00000000000331e6                simButtonIsDown
                0x00000000000331e7                simButtonChanged
 COMMON         0x00000000000331e8        0x1 obj_cooja/mtype245.a(leds-arch.o)
                0x00000000000331e8                simLedsValue
 *fill*         0x00000000000331e9        0x3 
 COMMON         0x00000000000331ec        0xc obj_cooja/mtype245.a(moteid.o)
                0x00000000000331ec                simRandomSeed
                0x00000000000331f0                simMoteIDChanged
                0x00000000000331f4                simMoteID
 COMMON         0x00000000000331f8        0x2 obj_cooja/mtype245.a(pir-sensor.o)
                0x00000000000331f8                simPirIsActive
                0x00000000000331f9                simPirChanged
 *fill*         0x00000000000331fa        0x6 
 COMMON         0x0000000000033200      0x820 obj_cooja/mtype245.a(rs232.o)
                0x0000000000033200                simSerialReceivingFlag
                0x0000000000033204                simSerialReceivingLength
                0x0000000000033220                simSerialReceivingData
 COMMON         0x0000000000033a20        0x2 obj_cooja/mtype245.a(vib-sensor.o)
                0x0000000000033a20                simVibChanged
                0x0000000000033a21                simVibIsActive
 *fill*         0x0000000000033a22        0x2 
 COMMON         0x0000000000033a24        0x4 obj_cooja/mtype245.a(clock.o)
                0x0000000000033a24                simCurrentTime
 *fill*         0x0000000000033a28       0x18 
 COMMON         0x0000000000033a40      0x420 obj_cooja/mtype245.a(log.o)
                0x0000000000033a40                simLoggedLength
                0x0000000000033a44                simLoggedFlag
                0x0000000000033a60                simLoggedData
 COMMON         0x0000000000033e60      0x200 obj_cooja/mtype245.a(cooja-radio.o)
                0x0000000000033e60                simOutDataBuffer
                0x0000000000033ee0                simInDataBufferLR
                0x0000000000033f60                simOutDataBufferLR
                0x0000000000033fe0                simInDataBuffer
 COMMON         0x0000000000034060      0x400 obj_cooja/mtype245.a(eeprom.o)
                0x0000000000034060                simEEPROMData
 COMMON         0x0000000000034460        0x1 obj_cooja/mtype245.a(sensors.o)
                0x0000000000034460                sensors_event
 COMMON         0x0000000000034461        0x1 obj_cooja/mtype245.a(serial-line.o)
                0x0000000000034461                serial_line_event_message
 *fill*         0x0000000000034462       0x1e 
 COMMON         0x0000000000034480       0x64 obj_cooja/mtype245.a(uip-ds6-nbr.o)
                0x0000000000034480                ds6_lr_addrmap
 *fill*         0x00000000000344e4       0x1c 
 COMMON         0x0000000000034500      0x298 obj_cooja/mtype245.a(uip-ds6.o)
                0x0000000000034500                uip_ds6_prefix_list
                0x0000000000034560                uip_ds6_timer_periodic
                0x0000000000034570                uip_ds6_netif_addr_list_offset
                0x0000000000034580                uip_ds6_if
                0x0000000000034678                uip_ds6_timer_ra
                0x0000000000034680                uip_ds6_addr_size
                0x00000000000346a0                long_uip_ds6_if
 *fill*         0x0000000000034798        0x8 
 COMMON         0x00000000000347a0      0x8ec obj_cooja/mtype245.a(uip6.o)
                0x00000000000347a0                uip_slen
                0x00000000000347a2                uip_acc32
                0x00000000000347c0                uip_conns
                0x0000000000034880                uip_lladdr
                0x0000000000034888                uip_appdata
                0x000000000003488c                uip_flags
                0x00000000000348a0                uip_aligned_buf
                0x0000000000034ee0                uip_listenports
                0x0000000000034ef0                uip_len
                0x0000000000034ef2                uip_long_lladdr
                0x0000000000034efc                uip_sappdata
                0x0000000000034f00                uip_udp_conns
                0x0000000000035080                uip_udp_conn
                0x0000000000035084                uip_next_hdr
                0x0000000000035088                uip_conn
 COMMON         0x000000000003508c        0x1 obj_cooja/mtype245.a(tcpip.o)
                0x000000000003508c                tcpip_event
 *fill*         0x000000000003508d       0x13 
 COMMON         0x00000000000350a0      0x170 obj_cooja/mtype245.a(rpl-dag.o)
                0x00000000000350a0                default_instance
                0x00000000000350c0                instance_table
 COMMON         0x0000000000035210       0x10 obj_cooja/mtype245.a(linkaddr.o)
                0x0000000000035210                linkaddr_node_addr
                0x0000000000035218                long_linkaddr_node_addr
 COMMON         0x0000000000035220       0x2e obj_cooja/mtype245.a(packetbuf.o)
                0x0000000000035220                packetbuf_attrs
                0x000000000003523e                packetbuf_addrs
 *fill*         0x000000000003524e       0x12 
 COMMON         0x0000000000035260       0x48 obj_cooja/mtype245.a(rimestats.o)
                0x0000000000035260                rimestats
                0x00000000000352a8                . = ALIGN ((. != 0x0)?0x4:0x1)
                0x00000000000352a8                . = ALIGN (0x4)
                0x00000000000352a8                . = SEGMENT_START ("ldata-segment", .)
                0x00000000000352a8                . = ALIGN (0x4)
                0x00000000000352a8                _end = .
                0x00000000000352a8                PROVIDE (end, .)
                0x00000000000352a8                . = DATA_SEGMENT_END (.)

.stab
 *(.stab)

.stabstr
 *(.stabstr)

.stab.excl
 *(.stab.excl)

.stab.exclstr
 *(.stab.exclstr)

.stab.index
 *(.stab.index)

.stab.indexstr
 *(.stab.indexstr)

.comment        0x0000000000000000       0x54
 *(.comment)
 .comment       0x0000000000000000       0x2b /usr/lib/gcc/i686-linux-gnu/4.8/crtbeginS.o
                                         0x2c (size before relaxing)
 .comment       0x0000000000000000       0x2c udp-server.co
 .comment       0x0000000000000000       0x2c obj_cooja/mtype245.o
 .comment       0x0000000000000000       0x2c obj_cooja/mtype245.a(simEnvChange.o)
 .comment       0x0000000000000000       0x2c obj_cooja/mtype245.a(cooja_mt.o)
 .comment       0x0000000000000000       0x2c obj_cooja/mtype245.a(cooja_mtarch.o)
 .comment       0x0000000000000000       0x2c obj_cooja/mtype245.a(rtimer-arch.o)
 .comment       0x0000000000000000       0x2c obj_cooja/mtype245.a(beep.o)
 .comment       0x0000000000000000       0x2c obj_cooja/mtype245.a(button-sensor.o)
 .comment       0x0000000000000000       0x2c obj_cooja/mtype245.a(leds-arch.o)
 .comment       0x0000000000000000       0x2c obj_cooja/mtype245.a(moteid.o)
 .comment       0x0000000000000000       0x2c obj_cooja/mtype245.a(pir-sensor.o)
 .comment       0x0000000000000000       0x2c obj_cooja/mtype245.a(rs232.o)
 .comment       0x0000000000000000       0x2c obj_cooja/mtype245.a(vib-sensor.o)
 .comment       0x0000000000000000       0x2c obj_cooja/mtype245.a(clock.o)
 .comment       0x0000000000000000       0x2c obj_cooja/mtype245.a(log.o)
 .comment       0x0000000000000000       0x2c obj_cooja/mtype245.a(cfs-cooja.o)
 .comment       0x0000000000000000       0x2c obj_cooja/mtype245.a(cooja-radio.o)
 .comment       0x0000000000000000       0x2c obj_cooja/mtype245.a(eeprom.o)
 .comment       0x0000000000000000       0x2c obj_cooja/mtype245.a(random.o)
 .comment       0x0000000000000000       0x2c obj_cooja/mtype245.a(sensors.o)
 .comment       0x0000000000000000       0x2c obj_cooja/mtype245.a(dual_conf.o)
 .comment       0x0000000000000000       0x2c obj_cooja/mtype245.a(autostart.o)
 .comment       0x0000000000000000       0x2c obj_cooja/mtype245.a(ctimer.o)
 .comment       0x0000000000000000       0x2c obj_cooja/mtype245.a(etimer.o)
 .comment       0x0000000000000000       0x2c obj_cooja/mtype245.a(process.o)
 .comment       0x0000000000000000       0x2c obj_cooja/mtype245.a(rtimer.o)
 .comment       0x0000000000000000       0x2c obj_cooja/mtype245.a(timer.o)
 .comment       0x0000000000000000       0x2c obj_cooja/mtype245.a(serial-line.o)
 .comment       0x000000000000002b       0x29 obj_cooja/mtype245.a(list.o)
                                         0x2a (size before relaxing)
 .comment       0x0000000000000000       0x2c obj_cooja/mtype245.a(ringbuf.o)
 .comment       0x0000000000000000       0x2c obj_cooja/mtype245.a(sicslowpan.o)
 .comment       0x0000000000000000       0x2c obj_cooja/mtype245.a(uip-ds6-nbr.o)
 .comment       0x0000000000000000       0x2c obj_cooja/mtype245.a(uip-ds6.o)
 .comment       0x0000000000000000       0x2c obj_cooja/mtype245.a(uip6.o)
 .comment       0x0000000000000000       0x2c obj_cooja/mtype245.a(tcpip.o)
 .comment       0x0000000000000000       0x2c obj_cooja/mtype245.a(uip-debug.o)
 .comment       0x0000000000000000       0x2c obj_cooja/mtype245.a(uip-packetqueue)
 .comment       0x0000000000000000       0x2c obj_cooja/mtype245.a(rpl-dag.o)
 .comment       0x0000000000000000       0x2c obj_cooja/mtype245.a(rpl-ext-header.)
 .comment       0x0000000000000000       0x2c obj_cooja/mtype245.a(rpl-icmp6.o)
 .comment       0x0000000000000000       0x2c obj_cooja/mtype245.a(rpl-jkof.o)
 .comment       0x0000000000000000       0x2c obj_cooja/mtype245.a(rpl-timers.o)
 .comment       0x0000000000000000       0x2c obj_cooja/mtype245.a(rpl.o)
 .comment       0x0000000000000000       0x2c obj_cooja/mtype245.a(linkaddr.o)
 .comment       0x0000000000000000       0x2c obj_cooja/mtype245.a(nbr-table.o)
 .comment       0x0000000000000000       0x2c obj_cooja/mtype245.a(netstack.o)
 .comment       0x0000000000000000       0x2c obj_cooja/mtype245.a(packetbuf.o)
 .comment       0x0000000000000000       0x2c obj_cooja/mtype245.a(queuebuf.o)
 .comment       0x0000000000000000       0x2c obj_cooja/mtype245.a(framer-802154.o)
 .comment       0x0000000000000000       0x2c obj_cooja/mtype245.a(nullmac.o)
 .comment       0x0000000000000000       0x2c obj_cooja/mtype245.a(nullrdc.o)
 .comment       0x0000000000000000       0x2c obj_cooja/mtype245.a(nullsec.o)
 .comment       0x0000000000000000       0x2a obj_cooja/mtype245.a(watchdog.o)
 .comment       0x0000000000000000       0x2a obj_cooja/mtype245.a(rimestats.o)
 .comment       0x0000000000000000       0x2c obj_cooja/mtype245.a(stimer.o)
 .comment       0x0000000000000000       0x2c obj_cooja/mtype245.a(memb.o)
 .comment       0x0000000000000000       0x2c obj_cooja/mtype245.a(uip-ds6-route.o)
 .comment       0x0000000000000000       0x2c obj_cooja/mtype245.a(uip-icmp6.o)
 .comment       0x0000000000000000       0x2c obj_cooja/mtype245.a(uip-nd6.o)
 .comment       0x0000000000000000       0x2c obj_cooja/mtype245.a(rpl-nbr-policy.)
 .comment       0x0000000000000000       0x2c obj_cooja/mtype245.a(frame802154.o)
 .comment       0x0000000000000000       0x2c obj_cooja/mtype245.a(mac-sequence.o)
 .comment       0x0000000000000000       0x2c obj_cooja/mtype245.a(mac.o)
 .comment       0x0000000000000000       0x2c /usr/lib/gcc/i686-linux-gnu/4.8/crtendS.o

.debug
 *(.debug)

.line
 *(.line)

.debug_srcinfo
 *(.debug_srcinfo)

.debug_sfnames
 *(.debug_sfnames)

.debug_aranges  0x0000000000000000      0x7d8
 *(.debug_aranges)
 .debug_aranges
                0x0000000000000000       0x20 udp-server.co
 .debug_aranges
                0x0000000000000020       0x20 obj_cooja/mtype245.o
 .debug_aranges
                0x0000000000000040       0x20 obj_cooja/mtype245.a(simEnvChange.o)
 .debug_aranges
                0x0000000000000060       0x20 obj_cooja/mtype245.a(cooja_mt.o)
 .debug_aranges
                0x0000000000000080       0x20 obj_cooja/mtype245.a(cooja_mtarch.o)
 .debug_aranges
                0x00000000000000a0       0x20 obj_cooja/mtype245.a(rtimer-arch.o)
 .debug_aranges
                0x00000000000000c0       0x20 obj_cooja/mtype245.a(beep.o)
 .debug_aranges
                0x00000000000000e0       0x20 obj_cooja/mtype245.a(button-sensor.o)
 .debug_aranges
                0x0000000000000100       0x20 obj_cooja/mtype245.a(leds-arch.o)
 .debug_aranges
                0x0000000000000120       0x20 obj_cooja/mtype245.a(moteid.o)
 .debug_aranges
                0x0000000000000140       0x20 obj_cooja/mtype245.a(pir-sensor.o)
 .debug_aranges
                0x0000000000000160       0x20 obj_cooja/mtype245.a(rs232.o)
 .debug_aranges
                0x0000000000000180       0x20 obj_cooja/mtype245.a(vib-sensor.o)
 .debug_aranges
                0x00000000000001a0       0x20 obj_cooja/mtype245.a(clock.o)
 .debug_aranges
                0x00000000000001c0       0x20 obj_cooja/mtype245.a(log.o)
 .debug_aranges
                0x00000000000001e0       0x20 obj_cooja/mtype245.a(cfs-cooja.o)
 .debug_aranges
                0x0000000000000200       0x20 obj_cooja/mtype245.a(cooja-radio.o)
 .debug_aranges
                0x0000000000000220       0x20 obj_cooja/mtype245.a(eeprom.o)
 .debug_aranges
                0x0000000000000240       0x20 obj_cooja/mtype245.a(random.o)
 .debug_aranges
                0x0000000000000260       0x20 obj_cooja/mtype245.a(sensors.o)
 .debug_aranges
                0x0000000000000280       0x20 obj_cooja/mtype245.a(dual_conf.o)
 .debug_aranges
                0x00000000000002a0       0x20 obj_cooja/mtype245.a(autostart.o)
 .debug_aranges
                0x00000000000002c0       0x20 obj_cooja/mtype245.a(ctimer.o)
 .debug_aranges
                0x00000000000002e0       0x20 obj_cooja/mtype245.a(etimer.o)
 .debug_aranges
                0x0000000000000300       0x20 obj_cooja/mtype245.a(process.o)
 .debug_aranges
                0x0000000000000320       0x20 obj_cooja/mtype245.a(rtimer.o)
 .debug_aranges
                0x0000000000000340       0x20 obj_cooja/mtype245.a(timer.o)
 .debug_aranges
                0x0000000000000360       0x20 obj_cooja/mtype245.a(serial-line.o)
 .debug_aranges
                0x0000000000000380       0x20 obj_cooja/mtype245.a(list.o)
 .debug_aranges
                0x00000000000003a0       0x20 obj_cooja/mtype245.a(ringbuf.o)
 .debug_aranges
                0x00000000000003c0       0x20 obj_cooja/mtype245.a(sicslowpan.o)
 .debug_aranges
                0x00000000000003e0       0x20 obj_cooja/mtype245.a(uip-ds6-nbr.o)
 .debug_aranges
                0x0000000000000400       0x20 obj_cooja/mtype245.a(uip-ds6.o)
 .debug_aranges
                0x0000000000000420       0x20 obj_cooja/mtype245.a(uip6.o)
 .debug_aranges
                0x0000000000000440       0x20 obj_cooja/mtype245.a(tcpip.o)
 .debug_aranges
                0x0000000000000460       0x20 obj_cooja/mtype245.a(uip-debug.o)
 .debug_aranges
                0x0000000000000480       0x20 obj_cooja/mtype245.a(uip-packetqueue)
 .debug_aranges
                0x00000000000004a0       0x20 obj_cooja/mtype245.a(rpl-dag.o)
 .debug_aranges
                0x00000000000004c0       0x20 obj_cooja/mtype245.a(rpl-ext-header.)
 .debug_aranges
                0x00000000000004e0       0x20 obj_cooja/mtype245.a(rpl-icmp6.o)
 .debug_aranges
                0x0000000000000500       0x20 obj_cooja/mtype245.a(rpl-jkof.o)
 .debug_aranges
                0x0000000000000520       0x20 obj_cooja/mtype245.a(rpl-timers.o)
 .debug_aranges
                0x0000000000000540       0x20 obj_cooja/mtype245.a(rpl.o)
 .debug_aranges
                0x0000000000000560       0x20 obj_cooja/mtype245.a(linkaddr.o)
 .debug_aranges
                0x0000000000000580       0x20 obj_cooja/mtype245.a(nbr-table.o)
 .debug_aranges
                0x00000000000005a0       0x20 obj_cooja/mtype245.a(netstack.o)
 .debug_aranges
                0x00000000000005c0       0x20 obj_cooja/mtype245.a(packetbuf.o)
 .debug_aranges
                0x00000000000005e0       0x20 obj_cooja/mtype245.a(queuebuf.o)
 .debug_aranges
                0x0000000000000600       0x20 obj_cooja/mtype245.a(framer-802154.o)
 .debug_aranges
                0x0000000000000620       0x20 obj_cooja/mtype245.a(nullmac.o)
 .debug_aranges
                0x0000000000000640       0x20 obj_cooja/mtype245.a(nullrdc.o)
 .debug_aranges
                0x0000000000000660       0x20 obj_cooja/mtype245.a(nullsec.o)
 .debug_aranges
                0x0000000000000680       0x20 obj_cooja/mtype245.a(watchdog.o)
 .debug_aranges
                0x00000000000006a0       0x18 obj_cooja/mtype245.a(rimestats.o)
 .debug_aranges
                0x00000000000006b8       0x20 obj_cooja/mtype245.a(stimer.o)
 .debug_aranges
                0x00000000000006d8       0x20 obj_cooja/mtype245.a(memb.o)
 .debug_aranges
                0x00000000000006f8       0x20 obj_cooja/mtype245.a(uip-ds6-route.o)
 .debug_aranges
                0x0000000000000718       0x20 obj_cooja/mtype245.a(uip-icmp6.o)
 .debug_aranges
                0x0000000000000738       0x20 obj_cooja/mtype245.a(uip-nd6.o)
 .debug_aranges
                0x0000000000000758       0x20 obj_cooja/mtype245.a(rpl-nbr-policy.)
 .debug_aranges
                0x0000000000000778       0x20 obj_cooja/mtype245.a(frame802154.o)
 .debug_aranges
                0x0000000000000798       0x20 obj_cooja/mtype245.a(mac-sequence.o)
 .debug_aranges
                0x00000000000007b8       0x20 obj_cooja/mtype245.a(mac.o)

.debug_pubnames
 *(.debug_pubnames)

.debug_info     0x0000000000000000    0x1b147
 *(.debug_info .gnu.linkonce.wi.*)
 .debug_info    0x0000000000000000      0xddf udp-server.co
 .debug_info    0x0000000000000ddf     0x3771 obj_cooja/mtype245.o
 .debug_info    0x0000000000004550      0x15a obj_cooja/mtype245.a(simEnvChange.o)
 .debug_info    0x00000000000046aa      0x1e2 obj_cooja/mtype245.a(cooja_mt.o)
 .debug_info    0x000000000000488c      0x2e7 obj_cooja/mtype245.a(cooja_mtarch.o)
 .debug_info    0x0000000000004b73      0x16b obj_cooja/mtype245.a(rtimer-arch.o)
 .debug_info    0x0000000000004cde      0x1f3 obj_cooja/mtype245.a(beep.o)
 .debug_info    0x0000000000004ed1      0x257 obj_cooja/mtype245.a(button-sensor.o)
 .debug_info    0x0000000000005128      0x132 obj_cooja/mtype245.a(leds-arch.o)
 .debug_info    0x000000000000525a      0x10a obj_cooja/mtype245.a(moteid.o)
 .debug_info    0x0000000000005364      0x216 obj_cooja/mtype245.a(pir-sensor.o)
 .debug_info    0x000000000000557a      0x21e obj_cooja/mtype245.a(rs232.o)
 .debug_info    0x0000000000005798      0x216 obj_cooja/mtype245.a(vib-sensor.o)
 .debug_info    0x00000000000059ae      0x152 obj_cooja/mtype245.a(clock.o)
 .debug_info    0x0000000000005b00      0x2bb obj_cooja/mtype245.a(log.o)
 .debug_info    0x0000000000005dbb      0x3cf obj_cooja/mtype245.a(cfs-cooja.o)
 .debug_info    0x000000000000618a      0xcb4 obj_cooja/mtype245.a(cooja-radio.o)
 .debug_info    0x0000000000006e3e      0x1d5 obj_cooja/mtype245.a(eeprom.o)
 .debug_info    0x0000000000007013       0xb3 obj_cooja/mtype245.a(random.o)
 .debug_info    0x00000000000070c6      0x36d obj_cooja/mtype245.a(sensors.o)
 .debug_info    0x0000000000007433      0x99d obj_cooja/mtype245.a(dual_conf.o)
 .debug_info    0x0000000000007dd0      0x1a5 obj_cooja/mtype245.a(autostart.o)
 .debug_info    0x0000000000007f75      0x46c obj_cooja/mtype245.a(ctimer.o)
 .debug_info    0x00000000000083e1      0x49c obj_cooja/mtype245.a(etimer.o)
 .debug_info    0x000000000000887d      0x4ba obj_cooja/mtype245.a(process.o)
 .debug_info    0x0000000000008d37      0x1ab obj_cooja/mtype245.a(rtimer.o)
 .debug_info    0x0000000000008ee2      0x16c obj_cooja/mtype245.a(timer.o)
 .debug_info    0x000000000000904e      0x2de obj_cooja/mtype245.a(serial-line.o)
 .debug_info    0x000000000000932c      0x2ed obj_cooja/mtype245.a(list.o)
 .debug_info    0x0000000000009619      0x1aa obj_cooja/mtype245.a(ringbuf.o)
 .debug_info    0x00000000000097c3     0x105e obj_cooja/mtype245.a(sicslowpan.o)
 .debug_info    0x000000000000a821      0x8c7 obj_cooja/mtype245.a(uip-ds6-nbr.o)
 .debug_info    0x000000000000b0e8      0xc19 obj_cooja/mtype245.a(uip-ds6.o)
 .debug_info    0x000000000000bd01      0xea0 obj_cooja/mtype245.a(uip6.o)
 .debug_info    0x000000000000cba1     0x14b3 obj_cooja/mtype245.a(tcpip.o)
 .debug_info    0x000000000000e054      0x1b5 obj_cooja/mtype245.a(uip-debug.o)
 .debug_info    0x000000000000e209      0x470 obj_cooja/mtype245.a(uip-packetqueue)
 .debug_info    0x000000000000e679     0x18f4 obj_cooja/mtype245.a(rpl-dag.o)
 .debug_info    0x000000000000ff6d      0xe2b obj_cooja/mtype245.a(rpl-ext-header.)
 .debug_info    0x0000000000010d98     0x1746 obj_cooja/mtype245.a(rpl-icmp6.o)
 .debug_info    0x00000000000124de      0xaf5 obj_cooja/mtype245.a(rpl-jkof.o)
 .debug_info    0x0000000000012fd3      0xbeb obj_cooja/mtype245.a(rpl-timers.o)
 .debug_info    0x0000000000013bbe      0xcde obj_cooja/mtype245.a(rpl.o)
 .debug_info    0x000000000001489c      0x198 obj_cooja/mtype245.a(linkaddr.o)
 .debug_info    0x0000000000014a34      0x9c3 obj_cooja/mtype245.a(nbr-table.o)
 .debug_info    0x00000000000153f7      0x4ba obj_cooja/mtype245.a(netstack.o)
 .debug_info    0x00000000000158b1      0x478 obj_cooja/mtype245.a(packetbuf.o)
 .debug_info    0x0000000000015d29      0x57d obj_cooja/mtype245.a(queuebuf.o)
 .debug_info    0x00000000000162a6      0x5ed obj_cooja/mtype245.a(framer-802154.o)
 .debug_info    0x0000000000016893      0x3d5 obj_cooja/mtype245.a(nullmac.o)
 .debug_info    0x0000000000016c68      0xc6d obj_cooja/mtype245.a(nullrdc.o)
 .debug_info    0x00000000000178d5      0x3aa obj_cooja/mtype245.a(nullsec.o)
 .debug_info    0x0000000000017c7f       0x7b obj_cooja/mtype245.a(watchdog.o)
 .debug_info    0x0000000000017cfa      0x119 obj_cooja/mtype245.a(rimestats.o)
 .debug_info    0x0000000000017e13      0x179 obj_cooja/mtype245.a(stimer.o)
 .debug_info    0x0000000000017f8c      0x1d7 obj_cooja/mtype245.a(memb.o)
 .debug_info    0x0000000000018163      0xd30 obj_cooja/mtype245.a(uip-ds6-route.o)
 .debug_info    0x0000000000018e93      0x784 obj_cooja/mtype245.a(uip-icmp6.o)
 .debug_info    0x0000000000019617      0x331 obj_cooja/mtype245.a(uip-nd6.o)
 .debug_info    0x0000000000019948      0xda2 obj_cooja/mtype245.a(rpl-nbr-policy.)
 .debug_info    0x000000000001a6ea      0x6b4 obj_cooja/mtype245.a(frame802154.o)
 .debug_info    0x000000000001ad9e      0x297 obj_cooja/mtype245.a(mac-sequence.o)
 .debug_info    0x000000000001b035      0x112 obj_cooja/mtype245.a(mac.o)

.debug_abbrev   0x0000000000000000     0x65a9
 *(.debug_abbrev)
 .debug_abbrev  0x0000000000000000      0x227 udp-server.co
 .debug_abbrev  0x0000000000000227      0x2b3 obj_cooja/mtype245.o
 .debug_abbrev  0x00000000000004da       0xc3 obj_cooja/mtype245.a(simEnvChange.o)
 .debug_abbrev  0x000000000000059d       0xe6 obj_cooja/mtype245.a(cooja_mt.o)
 .debug_abbrev  0x0000000000000683      0x147 obj_cooja/mtype245.a(cooja_mtarch.o)
 .debug_abbrev  0x00000000000007ca       0xcc obj_cooja/mtype245.a(rtimer-arch.o)
 .debug_abbrev  0x0000000000000896       0xe3 obj_cooja/mtype245.a(beep.o)
 .debug_abbrev  0x0000000000000979      0x11c obj_cooja/mtype245.a(button-sensor.o)
 .debug_abbrev  0x0000000000000a95       0xe1 obj_cooja/mtype245.a(leds-arch.o)
 .debug_abbrev  0x0000000000000b76       0x9c obj_cooja/mtype245.a(moteid.o)