Archive member included to satisfy reference by file (symbol)

obj_cooja/mtype404.a(simEnvChange.o)
                              obj_cooja/mtype404.o (simDontFallAsleep)
obj_cooja/mtype404.a(cooja_mt.o)
                              obj_cooja/mtype404.o (cooja_mt_start)
obj_cooja/mtype404.a(cooja_mtarch.o)
                              obj_cooja/mtype404.a(cooja_mt.o) (cooja_mtarch_init)
obj_cooja/mtype404.a(rtimer-arch.o)
                              obj_cooja/mtype404.o (rtimer_arch_next)
obj_cooja/mtype404.a(beep.o)  obj_cooja/mtype404.o (beep_interface)
obj_cooja/mtype404.a(button-sensor.o)
                              obj_cooja/mtype404.o (button_interface)
obj_cooja/mtype404.a(leds-arch.o)
                              obj_cooja/mtype404.o (leds_interface)
obj_cooja/mtype404.a(moteid.o)
                              obj_cooja/mtype404.o (moteid_interface)
obj_cooja/mtype404.a(pir-sensor.o)
                              obj_cooja/mtype404.o (pir_interface)
obj_cooja/mtype404.a(rs232.o)
                              obj_cooja/mtype404.o (rs232_interface)
obj_cooja/mtype404.a(vib-sensor.o)
                              obj_cooja/mtype404.o (vib_interface)
obj_cooja/mtype404.a(clock.o)
                              obj_cooja/mtype404.o (clock_interface)
obj_cooja/mtype404.a(log.o)   obj_cooja/mtype404.o (simlog_interface)
obj_cooja/mtype404.a(cfs-cooja.o)
                              obj_cooja/mtype404.o (cfs_interface)
obj_cooja/mtype404.a(cooja-radio.o)
                              obj_cooja/mtype404.o (radio_interface)
obj_cooja/mtype404.a(eeprom.o)
                              obj_cooja/mtype404.o (eeprom_interface)
obj_cooja/mtype404.a(random.o)
                              obj_cooja/mtype404.a(moteid.o) (random_init)
obj_cooja/mtype404.a(sensors.o)
                              udp-server.co (sensors_event)
obj_cooja/mtype404.a(dual_conf.o)
                              obj_cooja/mtype404.a(cooja-radio.o) (long_range_radio)
obj_cooja/mtype404.a(autostart.o)
                              obj_cooja/mtype404.o (autostart_start)
obj_cooja/mtype404.a(ctimer.o)
                              obj_cooja/mtype404.o (ctimer_init)
obj_cooja/mtype404.a(etimer.o)
                              obj_cooja/mtype404.o (etimer_process)
obj_cooja/mtype404.a(process.o)
                              udp-server.co (process_current)
obj_cooja/mtype404.a(rtimer.o)
                              obj_cooja/mtype404.a(rtimer-arch.o) (rtimer_run_next)
obj_cooja/mtype404.a(timer.o)
                              obj_cooja/mtype404.a(button-sensor.o) (timer_set)
obj_cooja/mtype404.a(serial-line.o)
                              obj_cooja/mtype404.a(rs232.o) (serial_line_input_byte)
obj_cooja/mtype404.a(list.o)  obj_cooja/mtype404.a(ctimer.o) (list_init)
obj_cooja/mtype404.a(ringbuf.o)
                              obj_cooja/mtype404.a(serial-line.o) (ringbuf_init)
obj_cooja/mtype404.a(sicslowpan.o)
                              obj_cooja/mtype404.o (sicslowpan_driver)
obj_cooja/mtype404.a(uip-ds6-nbr.o)
                              obj_cooja/mtype404.a(sicslowpan.o) (uip_ds6_link_neighbor_callback)
obj_cooja/mtype404.a(uip-ds6.o)
                              udp-server.co (uip_ds6_if)
obj_cooja/mtype404.a(uip6.o)  obj_cooja/mtype404.o (uip_lladdr)
obj_cooja/mtype404.a(tcpip.o)
                              udp-server.co (tcpip_event)
obj_cooja/mtype404.a(uip-debug.o)
                              udp-server.co (uip_debug_ipaddr_print)
obj_cooja/mtype404.a(uip-packetqueue)
                              obj_cooja/mtype404.a(uip-ds6-nbr.o) (uip_packetqueue_new)
obj_cooja/mtype404.a(rpl-dag.o)
                              udp-server.co (rpl_set_root)
obj_cooja/mtype404.a(rpl-ext-header.)
                              obj_cooja/mtype404.a(uip6.o) (rpl_verify_header)
obj_cooja/mtype404.a(rpl-icmp6.o)
                              obj_cooja/mtype404.a(rpl-dag.o) (rpl_icmp6_update_nbr_table)
obj_cooja/mtype404.a(rpl-mrhof.o)
                              obj_cooja/mtype404.a(rpl-dag.o) (rpl_mrhof)
obj_cooja/mtype404.a(rpl-timers.o)
                              obj_cooja/mtype404.a(rpl-dag.o) (rpl_reset_dio_timer)
obj_cooja/mtype404.a(rpl.o)   obj_cooja/mtype404.a(rpl-icmp6.o) (rpl_get_mode)
obj_cooja/mtype404.a(linkaddr.o)
                              obj_cooja/mtype404.o (linkaddr_node_addr)
obj_cooja/mtype404.a(nbr-table.o)
                              obj_cooja/mtype404.a(uip-ds6-nbr.o) (nbr_table_register)
obj_cooja/mtype404.a(netstack.o)
                              obj_cooja/mtype404.o (netstack_init)
obj_cooja/mtype404.a(packetbuf.o)
                              obj_cooja/mtype404.a(cooja-radio.o) (packetbuf_attrs)
obj_cooja/mtype404.a(queuebuf.o)
                              obj_cooja/mtype404.o (queuebuf_init)
obj_cooja/mtype404.a(csma.o)  udp-server.co (csma_driver)
obj_cooja/mtype404.a(framer-802154.o)
                              obj_cooja/mtype404.a(sicslowpan.o) (framer_802154)
[...]
Memory Configuration

Name             Origin             Length             Attributes
*default*        0x0000000000000000 0xffffffffffffffff

Linker script and memory map

LOAD /usr/lib/gcc/i686-linux-gnu/4.8/../../../i386-linux-gnu/crti.o
LOAD /usr/lib/gcc/i686-linux-gnu/4.8/crtbeginS.o
LOAD udp-server.co
LOAD obj_cooja/mtype404.o
LOAD obj_cooja/mtype404.a
LOAD /usr/lib/gcc/i686-linux-gnu/4.8/libgcc.a
LOAD /usr/lib/gcc/i686-linux-gnu/4.8/libgcc_s.so
LOAD /usr/lib/gcc/i686-linux-gnu/4.8/../../../i386-linux-gnu/libc.so
START GROUP
LOAD /lib/i386-linux-gnu/libc.so.6
LOAD /usr/lib/i386-linux-gnu/libc_nonshared.a
LOAD /lib/i386-linux-gnu/ld-linux.so.2
END GROUP
LOAD /usr/lib/gcc/i686-linux-gnu/4.8/libgcc.a
LOAD /usr/lib/gcc/i686-linux-gnu/4.8/libgcc_s.so
LOAD /usr/lib/gcc/i686-linux-gnu/4.8/crtendS.o
LOAD /usr/lib/gcc/i686-linux-gnu/4.8/../../../i386-linux-gnu/crtn.o
                0x0000000000000114                . = (0x0 + SIZEOF_HEADERS)

.note.gnu.build-id
                0x0000000000000114       0x24
 *(.note.gnu.build-id)
 .note.gnu.build-id
                0x0000000000000114       0x24 /usr/lib/gcc/i686-linux-gnu/4.8/../../../i386-linux-gnu/crti.o

.hash
 *(.hash)

.gnu.hash       0x0000000000000138      0xe2c
 *(.gnu.hash)
 .gnu.hash      0x0000000000000138      0xe2c /usr/lib/gcc/i686-linux-gnu/4.8/../../../i386-linux-gnu/crti.o

.dynsym         0x0000000000000f64     0x2100
 *(.dynsym)
 .dynsym        0x0000000000000f64     0x2100 /usr/lib/gcc/i686-linux-gnu/4.8/../../../i386-linux-gnu/crti.o

.dynstr         0x0000000000003064     0x2209
 *(.dynstr)
 .dynstr        0x0000000000003064     0x2209 /usr/lib/gcc/i686-linux-gnu/4.8/../../../i386-linux-gnu/crti.o

.gnu.version    0x000000000000526e      0x420
 *(.gnu.version)
 .gnu.version   0x000000000000526e      0x420 /usr/lib/gcc/i686-linux-gnu/4.8/../../../i386-linux-gnu/crti.o

.gnu.version_d  0x0000000000005690        0x0
 *(.gnu.version_d)
 .gnu.version_d
                0x0000000000000000        0x0 /usr/lib/gcc/i686-linux-gnu/4.8/../../../i386-linux-gnu/crti.o

.gnu.version_r  0x0000000000005690       0x40
 *(.gnu.version_r)
 .gnu.version_r
                0x0000000000005690       0x40 /usr/lib/gcc/i686-linux-gnu/4.8/../../../i386-linux-gnu/crti.o

.rel.dyn        0x00000000000056d0     0x9398
 *(.rel.init)
 .rel.init      0x0000000000000000        0x0 /usr/lib/gcc/i686-linux-gnu/4.8/../../../i386-linux-gnu/crti.o
 *(.rel.text .rel.text.* .rel.gnu.linkonce.t.*)
 .rel.text      0x00000000000056d0     0x8c18 /usr/lib/gcc/i686-linux-gnu/4.8/../../../i386-linux-gnu/crti.o
 *(.rel.fini)
 .rel.fini      0x0000000000000000        0x0 /usr/lib/gcc/i686-linux-gnu/4.8/../../../i386-linux-gnu/crti.o
 *(.rel.rodata .rel.rodata.* .rel.gnu.linkonce.r.*)
 .rel.rodata    0x000000000000e2e8      0x4e0 /usr/lib/gcc/i686-linux-gnu/4.8/../../../i386-linux-gnu/crti.o
 *(.rel.data.rel.ro .rel.data.rel.ro.* .rel.gnu.linkonce.d.rel.ro.*)
 *(.rel.data .rel.data.* .rel.gnu.linkonce.d.*)
 .rel.data.rel  0x000000000000e7c8        0x8 /usr/lib/gcc/i686-linux-gnu/4.8/../../../i386-linux-gnu/crti.o
 .rel.data      0x000000000000e7d0      0x260 /usr/lib/gcc/i686-linux-gnu/4.8/../../../i386-linux-gnu/crti.o
 *(.rel.tdata .rel.tdata.* .rel.gnu.linkonce.td.*)
 *(.rel.tbss .rel.tbss.* .rel.gnu.linkonce.tb.*)
 *(.rel.ctors)
 *(.rel.dtors)
 *(.rel.got)
 .rel.got       0x000000000000ea30       0x28 /usr/lib/gcc/i686-linux-gnu/4.8/../../../i386-linux-gnu/crti.o
 *(.rel.bss .rel.bss.* .rel.gnu.linkonce.b.*)
 *(.rel.ifunc)
 .rel.ifunc     0x0000000000000000        0x0 /usr/lib/gcc/i686-linux-gnu/4.8/../../../i386-linux-gnu/crti.o
 .rel.fini_array
                0x000000000000ea58        0x8 /usr/lib/gcc/i686-linux-gnu/4.8/../../../i386-linux-gnu/crti.o
 .rel.init_array
                0x000000000000ea60        0x8 /usr/lib/gcc/i686-linux-gnu/4.8/../../../i386-linux-gnu/crti.o

.rel.plt        0x000000000000ea68       0x10
 *(.rel.plt)
 .rel.plt       0x000000000000ea68       0x10 /usr/lib/gcc/i686-linux-gnu/4.8/../../../i386-linux-gnu/crti.o
 *(.rel.iplt)

.init           0x000000000000ea78       0x23
 *(SORT(.init))
 .init          0x000000000000ea78       0x1e /usr/lib/gcc/i686-linux-gnu/4.8/../../../i386-linux-gnu/crti.o
                0x000000000000ea78                _init
 .init          0x000000000000ea96        0x5 /usr/lib/gcc/i686-linux-gnu/4.8/../../../i386-linux-gnu/crtn.o

.plt            0x000000000000eaa0       0x30
 *(.plt)
 .plt           0x000000000000eaa0       0x30 /usr/lib/gcc/i686-linux-gnu/4.8/../../../i386-linux-gnu/crti.o
 *(.iplt)

.text           0x000000000000ead0    0x15b0d
 *(.text.unlikely .text.*_unlikely .text.unlikely.*)
 *(.text.exit .text.exit.*)
 *(.text.startup .text.startup.*)
 *(.text.hot .text.hot.*)
 *(.text .stub .text.* .gnu.linkonce.t.*)
 .text          0x000000000000ead0        0x0 /usr/lib/gcc/i686-linux-gnu/4.8/../../../i386-linux-gnu/crti.o
 .gnu.linkonce.t.__x86.get_pc_thunk.bx
                0x000000000000ead0        0x4 /usr/lib/gcc/i686-linux-gnu/4.8/../../../i386-linux-gnu/crti.o
                0x000000000000ead0                __x86.get_pc_thunk.bx
 *fill*         0x000000000000ead4        0xc 
 .text          0x000000000000eae0      0x11b /usr/lib/gcc/i686-linux-gnu/4.8/crtbeginS.o
 .text          0x000000000000ebfb      0x3e4 udp-server.co
 .text          0x000000000000efdf      0x70e obj_cooja/mtype404.o
                0x000000000000f115                contiki_init
                0x000000000000f504                Java_org_contikios_cooja_corecomm_Lib1_init
                0x000000000000f544                Java_org_contikios_cooja_corecomm_Lib1_getMemory
                0x000000000000f584                Java_org_contikios_cooja_corecomm_Lib1_setMemory
                0x000000000000f5fb                Java_org_contikios_cooja_corecomm_Lib1_tick
                0x000000000000f6db                Java_org_contikios_cooja_corecomm_Lib1_setReferenceAddress
 .text          0x000000000000f6ed       0x63 obj_cooja/mtype404.a(simEnvChange.o)
                0x000000000000f6ed                doActionsBeforeTick
                0x000000000000f71e                doActionsAfterTick
 .text          0x000000000000f750       0xbc obj_cooja/mtype404.a(cooja_mt.o)
                0x000000000000f750                cooja_mt_init
                0x000000000000f75d                cooja_mt_remove
                0x000000000000f76a                cooja_mt_start
                0x000000000000f797                cooja_mt_exec
                0x000000000000f7c8                cooja_mt_exit
                0x000000000000f7ea                cooja_mt_yield
 .text          0x000000000000f80c      0x115 obj_cooja/mtype404.a(cooja_mtarch.o)
                0x000000000000f80c                cooja_mtarch_init
                0x000000000000f811                cooja_mtarch_start
                0x000000000000f88c                cooja_sw
                0x000000000000f8ae                cooja_mtarch_exec
                0x000000000000f8ca                cooja_mtarch_remove
                0x000000000000f8cf                cooja_mtarch_yield
                0x000000000000f8d9                cooja_mtarch_pstop
                0x000000000000f8de                cooja_mtarch_pstart
                0x000000000000f8e3                cooja_mtarch_stack_usage
 .text          0x000000000000f921       0xc2 obj_cooja/mtype404.a(rtimer-arch.o)
                0x000000000000f921                rtimer_arch_init
                0x000000000000f944                rtimer_arch_schedule
                0x000000000000f95b                rtimer_arch_next
                0x000000000000f965                rtimer_arch_pending
                0x000000000000f96f                rtimer_arch_check
                0x000000000000f9a1                rtimer_arch_now
 .text          0x000000000000f9e3       0x76 obj_cooja/mtype404.a(beep.o)
                0x000000000000f9e3                beep_alarm
                0x000000000000f9ef                beep_beep
                0x000000000000f9fb                beep
                0x000000000000fa07                beep_down
                0x000000000000fa13                beep_on
                0x000000000000fa1f                beep_off
                0x000000000000fa2b                beep_spinup
                0x000000000000fa37                beep_quick
                0x000000000000fa43                beep_long
 .text          0x000000000000fa59      0x103 obj_cooja/mtype404.a(button-sensor.o)
 .text          0x000000000000fb5c       0x45 obj_cooja/mtype404.a(leds-arch.o)
                0x000000000000fb5c                leds_arch_init
                0x000000000000fb68                leds_arch_get
                0x000000000000fb74                leds_arch_set
 .text          0x000000000000fba1       0x2f obj_cooja/mtype404.a(moteid.o)
 .text          0x000000000000fbd0       0xb1 obj_cooja/mtype404.a(pir-sensor.o)
 .text          0x000000000000fc81      0x131 obj_cooja/mtype404.a(rs232.o)
                0x000000000000fc81                rs232_init
                0x000000000000fc86                rs232_set_speed
                0x000000000000fc94                rs232_set_input
                0x000000000000fca1                rs232_send
                0x000000000000fcc3                rs232_print
                0x000000000000fcde                slip_arch_writeb
 .text          0x000000000000fdb2       0xb1 obj_cooja/mtype404.a(vib-sensor.o)
 .text          0x000000000000fe63       0x34 obj_cooja/mtype404.a(clock.o)
                0x000000000000fe63                clock_init
                0x000000000000fe68                clock_time
                0x000000000000fe72                clock_seconds
                0x000000000000fe88                clock_delay
 .text          0x000000000000fe97      0x1ed obj_cooja/mtype404.a(log.o)
                0x000000000000fe97                simlog_char
                0x000000000000fed9                simlog
                0x000000000000ff46                log_message
                0x000000000000ff6e                log_set_putchar_with_slip
                0x000000000000ff7b                log_putchar
                0x000000000000ffff                log_puts
                0x0000000000010023                log_printf
 .text          0x0000000000010084      0x2c4 obj_cooja/mtype404.a(cfs-cooja.o)
                0x0000000000010084                cfs_open
                0x00000000000100ed                cfs_close
                0x00000000000100f9                cfs_read
                0x0000000000010197                cfs_write
                0x0000000000010274                cfs_seek
                0x00000000000102fc                cfs_remove
                0x0000000000010325                cfs_opendir
                0x000000000001032f                cfs_readdir
                0x0000000000010339                cfs_closedir
 .text          0x0000000000010348      0x418 obj_cooja/mtype404.a(cooja-radio.o)
                0x0000000000010372                radio_set_channel
                0x000000000001037f                radio_set_txpower
                0x0000000000010396                radio_signal_strength_last
                0x00000000000103a0                radio_signal_strength_current
                0x00000000000103aa                radio_LQI
 .text          0x0000000000010760       0xef obj_cooja/mtype404.a(eeprom.o)
                0x0000000000010760                eeprom_init
                0x0000000000010765                eeprom_read
                0x00000000000107d5                eeprom_write
 .text          0x000000000001084f       0x28 obj_cooja/mtype404.a(random.o)
                0x000000000001084f                random_init
                0x000000000001086a                random_rand
 .text          0x0000000000010877      0x2a1 obj_cooja/mtype404.a(sensors.o)
                0x00000000000108b2                sensors_first
                0x00000000000108bc                sensors_next
                0x00000000000108d9                sensors_changed
                0x0000000000010908                sensors_find
 .text          0x0000000000010b18       0xf9 obj_cooja/mtype404.a(dual_conf.o)
                0x0000000000010b18                dual_radio_switch
                0x0000000000010b5f                dual_radio_change
                0x0000000000010b99                dual_radio_received
                0x0000000000010bdb                radio_received_is_longrange
 .text          0x0000000000010c11       0x8e obj_cooja/mtype404.a(autostart.o)
                0x0000000000010c11                autostart_start
                0x0000000000010c5c                autostart_exit
 .text          0x0000000000010c9f      0x334 obj_cooja/mtype404.a(ctimer.o)
                0x0000000000010db6                ctimer_init
                0x0000000000010de6                ctimer_set
                0x0000000000010e17                ctimer_set_with_process
                0x0000000000010e93                ctimer_reset
                0x0000000000010ee2                ctimer_restart
                0x0000000000010f31                ctimer_stop
                0x0000000000010f7c                ctimer_expired
 .text          0x0000000000010fd3      0x40b obj_cooja/mtype404.a(etimer.o)
                0x00000000000111e6                etimer_request_poll
                0x000000000001126a                etimer_set
                0x000000000001128f                etimer_reset_with_new_interval
                0x00000000000112b6                etimer_reset
                0x00000000000112d4                etimer_restart
                0x00000000000112f2                etimer_adjust
                0x000000000001130e                etimer_expired
                0x0000000000011321                etimer_expiration_time
                0x0000000000011333                etimer_start_time
                0x000000000001133d                etimer_pending
                0x000000000001134f                etimer_next_expiration_time
                0x0000000000011369                etimer_stop
 .text          0x00000000000113de      0x560 obj_cooja/mtype404.a(process.o)
                0x00000000000113de                process_alloc_event
                0x00000000000113f3                process_start
                0x00000000000115dc                process_exit
                0x00000000000115f8                process_init
                0x00000000000117c9                process_run
                0x00000000000117fc                process_nevents
                0x0000000000011817                process_post
                0x00000000000118c3                process_post_synch
                0x00000000000118fb                process_poll
                0x000000000001192a                process_is_running
 .text          0x000000000001193e       0xba obj_cooja/mtype404.a(rtimer.o)
                0x000000000001193e                rtimer_init
                0x000000000001194b                rtimer_set
                0x00000000000119a2                rtimer_run_next
 .text          0x00000000000119f8       0x91 obj_cooja/mtype404.a(timer.o)
                0x00000000000119f8                timer_set
                0x0000000000011a13                timer_reset
                0x0000000000011a2a                timer_restart
                0x0000000000011a3c                timer_expired
                0x0000000000011a65                timer_remaining
 .text          0x0000000000011a89      0x1fb obj_cooja/mtype404.a(serial-line.o)
                0x0000000000011a89                serial_line_input_byte
                0x0000000000011c4c                serial_line_init
 .text          0x0000000000011c84      0x244 obj_cooja/mtype404.a(list.o)
                0x0000000000011c84                list_init
                0x0000000000011c92                list_head
                0x0000000000011c9c                list_copy
                0x0000000000011cab                list_tail
                0x0000000000011ce1                list_add
                0x0000000000011d2a                list_push
                0x0000000000011d56                list_chop
                0x0000000000011dc0                list_pop
                0x0000000000011de8                list_remove
                0x0000000000011e4f                list_length
                0x0000000000011e7d                list_insert
                0x0000000000011eb1                list_item_next
 .text          0x0000000000011ec8      0x155 obj_cooja/mtype404.a(ringbuf.o)
                0x0000000000011ec8                ringbuf_init
                0x0000000000011ef9                ringbuf_put
                0x0000000000011f77                ringbuf_get
                0x0000000000011fe4                ringbuf_size
                0x0000000000011ff6                ringbuf_elements
 .text          0x000000000001201d     0x2c51 obj_cooja/mtype404.a(sicslowpan.o)
                0x000000000001261d                rime_sniffer_add
                0x000000000001262a                rime_sniffer_remove
                0x0000000000014c0d                sicslowpan_init
                0x0000000000014c64                sicslowpan_get_last_rssi
 .text          0x0000000000014c6e      0x298 obj_cooja/mtype404.a(uip-ds6-nbr.o)
                0x0000000000014c8b                uip_ds6_neighbors_init
                0x0000000000014ca8                uip_ds6_nbr_add
                0x0000000000014d30                uip_ds6_nbr_rm
                0x0000000000014d72                uip_ds6_nbr_get_ipaddr
                0x0000000000014d87                uip_ds6_nbr_get_ll
                0x0000000000014da3                uip_ds6_nbr_num
                0x0000000000014de8                uip_ds6_nbr_lookup
                0x0000000000014e4d                uip_ds6_nbr_ll_lookup
                0x0000000000014e69                uip_ds6_nbr_ipaddr_from_lladdr
                0x0000000000014e8f                uip_ds6_nbr_lladdr_from_ipaddr
                0x0000000000014ebd                uip_ds6_link_neighbor_callback
 .text          0x0000000000014f06      0xb97 obj_cooja/mtype404.a(uip-ds6.o)
                0x0000000000014f06                uip_ds6_init
                0x00000000000150d9                uip_ds6_periodic
                0x0000000000015152                uip_ds6_list_loop
                0x00000000000151f9                uip_ds6_prefix_add
                0x00000000000152b7                uip_ds6_prefix_rm
                0x00000000000152c9                uip_ds6_prefix_lookup
                0x000000000001531a                uip_ds6_is_addr_onlink
                0x000000000001538e                uip_ds6_addr_add
                0x00000000000154bc                uip_ds6_addr_rm
                0x000000000001555c                uip_ds6_addr_lookup
                0x00000000000155a7                uip_ds6_get_link_local
                0x0000000000015626                uip_ds6_get_global
                0x00000000000156a5                uip_ds6_maddr_add
                0x0000000000015717                uip_ds6_maddr_rm
                0x0000000000015729                uip_ds6_maddr_lookup
                0x0000000000015774                uip_ds6_aaddr_add
                0x00000000000157e6                uip_ds6_aaddr_rm
                0x00000000000157f8                uip_ds6_aaddr_lookup
                0x0000000000015843                uip_ds6_select_src
                0x0000000000015988                uip_ds6_set_addr_iid
                0x00000000000159bf                get_match_length
                0x0000000000015a51                uip_ds6_compute_reachable_time
 .text          0x0000000000015a9d     0x296f obj_cooja/mtype404.a(uip6.o)
                0x0000000000015a9d                uip_add32
                0x0000000000015c36                uip_chksum
                0x0000000000015d24                uip_icmp6chksum
                0x0000000000015d38                uip_tcpchksum
                0x0000000000015d4c                uip_udpchksum
                0x0000000000015d60                uip_init
                0x0000000000015e30                uip_connect
                0x0000000000015fdf                remove_ext_hdr
                0x00000000000160b4                uip_udp_new
                0x0000000000016210                uip_unlisten
                0x0000000000016270                uip_listen
                0x0000000000016532                uip_process
                0x0000000000018300                uip_htons
                0x0000000000018322                uip_htonl
                0x0000000000018362                uip_send
 .text          0x000000000001840c      0x9bb obj_cooja/mtype404.a(tcpip.o)
                0x000000000001840c                tcpip_output
                0x000000000001843a                tcpip_set_outputfunc
                0x00000000000184ce                tcp_connect
                0x0000000000018523                tcp_unlisten
                0x000000000001857e                tcp_listen
                0x00000000000185d7                tcp_attach
                0x00000000000185fc                udp_attach
                0x0000000000018621                udp_new
                0x0000000000018673                udp_broadcast_new
                0x00000000000188e7                tcpip_input
                0x000000000001891b                tcpip_ipv6_output
                0x0000000000018c0d                tcpip_poll_udp
                0x0000000000018c30                tcpip_poll_tcp
                0x0000000000018c53                tcpip_uipcall
 .text          0x0000000000018dc7      0x1c1 obj_cooja/mtype404.a(uip-debug.o)
                0x0000000000018dc7                uip_debug_ipaddr_print
                0x0000000000018f29                uip_debug_lladdr_print
 .text          0x0000000000018f88      0x141 obj_cooja/mtype404.a(uip-packetqueue)
                0x0000000000018fb4                uip_packetqueue_new
                0x0000000000018fc2                uip_packetqueue_alloc
                0x0000000000019022                uip_packetqueue_free
                0x0000000000019063                uip_packetqueue_buf
                0x0000000000019080                uip_packetqueue_buflen
                0x00000000000190a1                uip_packetqueue_set_buflen
 .text          0x00000000000190c9     0x2ce0 obj_cooja/mtype404.a(rpl-dag.o)
                0x00000000000190c9                rpl_print_neighbor_list
                0x000000000001929e                rpl_get_nbr
                0x00000000000192f8                rpl_dag_init
                0x0000000000019315                rpl_get_parent
                0x0000000000019337                rpl_get_parent_rank
                0x000000000001936a                rpl_get_parent_link_metric
                0x000000000001939d                rpl_get_parent_ipaddr
                0x0000000000019749                rpl_set_root
                0x00000000000199bd                rpl_repair_root
                0x0000000000019c6c                rpl_set_prefix
                0x0000000000019d8f                rpl_set_default_route
                0x0000000000019e84                rpl_alloc_instance
                0x0000000000019f17                rpl_alloc_dag
                0x0000000000019fc8                rpl_set_default_instance
                0x0000000000019fd5                rpl_get_default_instance
                0x0000000000019fdf                rpl_free_instance
                0x000000000001a0ab                rpl_free_dag
                0x000000000001a134                rpl_add_parent
                0x000000000001a246                rpl_find_parent
                0x000000000001a29e                rpl_find_parent_any_dag
                0x000000000001a2da                rpl_select_dag
                0x000000000001a6f7                rpl_select_parent
                0x000000000001a759                rpl_remove_parent
                0x000000000001a7ab                rpl_nullify_parent
                0x000000000001a8a7                rpl_move_parent
                0x000000000001a9b2                rpl_has_downward_route
                0x000000000001aa05                rpl_get_any_dag
                0x000000000001aa67                rpl_get_instance
                0x000000000001aaca                rpl_find_of
                0x000000000001ab07                rpl_join_instance
                0x000000000001ae3e                rpl_add_dag
                0x000000000001b30f                rpl_local_repair
                0x000000000001b3eb                rpl_recalculate_ranks
                0x000000000001b494                rpl_process_parent_event
                0x000000000001b6aa                rpl_process_dio
 .text          0x000000000001bda9      0xbf3 obj_cooja/mtype404.a(rpl-ext-header.)
                0x000000000001bdc6                rpl_verify_header
                0x000000000001c240                rpl_update_header_empty
                0x000000000001c557                rpl_update_header_final
                0x000000000001c6e6                rpl_remove_header
                0x000000000001c7f0                rpl_invert_header
                0x000000000001c97a                rpl_insert_header
 .text          0x000000000001c99c     0x220a obj_cooja/mtype404.a(rpl-icmp6.o)
                0x000000000001cbfb                rpl_icmp6_update_nbr_table
                0x000000000001cdc8                dis_output
                0x000000000001d6ef                dio_output
                0x000000000001e70f                dao_output
                0x000000000001e7d6                dao_output_target
                0x000000000001eb5a                dao_ack_output
                0x000000000001eb6e                rpl_icmp6_register_handlers
 .text          0x000000000001eba6      0x315 obj_cooja/mtype404.a(rpl-mrhof.o)
 .text          0x000000000001eebb      0x918 obj_cooja/mtype404.a(rpl-timers.o)
                0x000000000001f1b6                rpl_reset_periodic_timer
                0x000000000001f20b                rpl_reset_dio_timer
                0x000000000001f4a3                rpl_schedule_dao
                0x000000000001f4be                rpl_schedule_dao_immediately
                0x000000000001f4d9                rpl_cancel_dao
                0x000000000001f53b                rpl_schedule_unicast_dio_immediately
                0x000000000001f77b                rpl_schedule_probing
 .text          0x000000000001f7d3      0x6e0 obj_cooja/mtype404.a(rpl.o)
                0x000000000001f7d3                rpl_get_mode
                0x000000000001f7dd                rpl_set_mode
                0x000000000001f8a1                rpl_purge_routes
                0x000000000001f9d0                rpl_remove_routes
                0x000000000001fa16                rpl_remove_routes_by_nexthop
                0x000000000001fa82                rpl_add_route
                0x000000000001fb4d                rpl_link_neighbor_callback
                0x000000000001fc61                rpl_ipv6_neighbor_callback
                0x000000000001fd0d                rpl_purge_dags
                0x000000000001fe21                rpl_init
 .text          0x000000000001feb3       0x67 obj_cooja/mtype404.a(linkaddr.o)
                0x000000000001feb3                linkaddr_copy
                0x000000000001fed5                linkaddr_cmp
                0x000000000001feff                linkaddr_set_node_addr
 .text          0x000000000001ff1a      0x769 obj_cooja/mtype404.a(nbr-table.o)
                0x0000000000020379                nbr_table_register
                0x00000000000203c1                nbr_table_head
                0x000000000002041d                nbr_table_next
                0x0000000000020484                nbr_table_add_lladdr
                0x0000000000020560                nbr_table_get_from_lladdr
                0x00000000000205ad                nbr_table_remove
                0x00000000000205ff                nbr_table_lock
                0x0000000000020629                nbr_table_unlock
                0x0000000000020653                nbr_table_get_lladdr
 .text          0x0000000000020683       0x2b obj_cooja/mtype404.a(netstack.o)
                0x0000000000020683                netstack_init
 .text          0x00000000000206ae      0x3cd obj_cooja/mtype404.a(packetbuf.o)
                0x00000000000206ae                packetbuf_clear
                0x00000000000206d8                packetbuf_copyfrom
                0x000000000002072a                packetbuf_compact
                0x00000000000207a7                packetbuf_copyto
                0x000000000002083e                packetbuf_hdralloc
                0x00000000000208bb                packetbuf_hdrreduce
                0x0000000000020903                packetbuf_set_datalen
                0x000000000002091c                packetbuf_dataptr
                0x0000000000020939                packetbuf_hdrptr
                0x0000000000020943                packetbuf_datalen
                0x000000000002094f                packetbuf_hdrlen
                0x0000000000020966                packetbuf_totlen
                0x000000000002097c                packetbuf_attr_clear
                0x00000000000209ce                packetbuf_attr_copyto
                0x0000000000020a17                packetbuf_attr_copyfrom
                0x0000000000020a5f                packetbuf_holds_broadcast
 .text          0x0000000000020a7b      0x2b4 obj_cooja/mtype404.a(queuebuf.o)
                0x0000000000020a85                queuebuf_init
                0x0000000000020aa5                queuebuf_numfree
                0x0000000000020ab9                queuebuf_new_from_packetbuf
                0x0000000000020b49                queuebuf_update_attr_from_packetbuf
                0x0000000000020b7c                queuebuf_update_from_packetbuf
                0x0000000000020bc6                queuebuf_free
                0x0000000000020c0d                queuebuf_to_packetbuf
                0x0000000000020c73                queuebuf_dataptr
                0x0000000000020caa                queuebuf_datalen
                0x0000000000020ccd                queuebuf_addr
                0x0000000000020cff                queuebuf_attr
                0x0000000000020d2a                queuebuf_debug_print
 .text          0x0000000000020d2f      0x831 obj_cooja/mtype404.a(csma.o)
 .text          0x0000000000021560      0x3ed obj_cooja/mtype404.a(framer-802154.o)
 .text          0x000000000002194d       0x3c obj_cooja/mtype404.a(mac.o)
                0x000000000002194d                mac_call_sent_callback
 .text          0x0000000000021989      0x41b obj_cooja/mtype404.a(nullrdc.o)
 .text          0x0000000000021da4       0x6e obj_cooja/mtype404.a(nullsec.o)
 .text          0x0000000000021e12       0x19 obj_cooja/mtype404.a(watchdog.o)
                0x0000000000021e12                watchdog_init
                0x0000000000021e17                watchdog_start
                0x0000000000021e1c                watchdog_periodic
                0x0000000000021e21                watchdog_stop
                0x0000000000021e26                watchdog_reboot
 .text          0x0000000000021e2b        0x0 obj_cooja/mtype404.a(rimestats.o)
 .text          0x0000000000021e2b       0xa3 obj_cooja/mtype404.a(stimer.o)
                0x0000000000021e2b                stimer_set
                0x0000000000021e46                stimer_reset
                0x0000000000021e5d                stimer_restart
                0x0000000000021e6f                stimer_expired
                0x0000000000021e96                stimer_remaining
                0x0000000000021eba                stimer_elapsed
 .text          0x0000000000021ece      0x1c1 obj_cooja/mtype404.a(memb.o)
                0x0000000000021ece                memb_init
                0x0000000000021f2c                memb_alloc
                0x0000000000021f91                memb_free
                0x000000000002200c                memb_inmemb
                0x000000000002204b                memb_numfree
 .text          0x000000000002208f      0x916 obj_cooja/mtype404.a(uip-ds6-route.o)
                0x0000000000022106                uip_ds6_notification_add
                0x0000000000022137                uip_ds6_notification_rm
                0x0000000000022153                uip_ds6_route_init
                0x00000000000221db                uip_ds6_route_nexthop
                0x0000000000022203                uip_ds6_route_head
                0x0000000000022218                uip_ds6_route_next
                0x000000000002223e                uip_ds6_route_is_nexthop
                0x000000000002227d                uip_ds6_route_num_routes
                0x0000000000022287                uip_ds6_route_lookup
                0x0000000000022349                uip_ds6_route_add
                0x000000000002257d                uip_ds6_route_rm
                0x0000000000022711                uip_ds6_route_rm_by_nexthop
                0x0000000000022749                uip_ds6_defrt_add
                0x00000000000227fa                uip_ds6_defrt_rm
                0x0000000000022879                uip_ds6_defrt_lookup
                0x00000000000228d2                uip_ds6_defrt_choose
                0x000000000002293d                uip_ds6_defrt_periodic
 .text          0x00000000000229a5      0xab2 obj_cooja/mtype404.a(uip-icmp6.o)
                0x0000000000022a13                uip_icmp6_input
                0x0000000000022a69                uip_icmp6_register_input_handler
                0x0000000000022d31                uip_icmp6_error_output
                0x0000000000023076                uip_icmp6_send
                0x00000000000233ea                uip_icmp6_echo_reply_callback_add
                0x000000000002341b                uip_icmp6_echo_reply_callback_rm
                0x0000000000023437                uip_icmp6_init
 .text          0x0000000000023457      0x358 obj_cooja/mtype404.a(uip-nd6.o)
                0x00000000000234ab                uip_nd6_ns_output
                0x00000000000237aa                uip_nd6_init
 .text          0x00000000000237af      0x331 obj_cooja/mtype404.a(rpl-nbr-policy.)
                0x0000000000023987                find_removable_dis
                0x00000000000239aa                find_removable_dio
                0x0000000000023a39                find_removable_dao
                0x0000000000023a89                rpl_nbr_policy_find_removable
 .text          0x0000000000023ae0      0x97c obj_cooja/mtype404.a(frame802154.o)
                0x0000000000023b11                frame802154_get_pan_id
                0x0000000000023b1d                frame802154_set_pan_id
                0x0000000000023b36                frame802154_has_panid
                0x0000000000023c22                frame802154_check_dest_panid
                0x0000000000023c8a                frame802154_is_broadcast_addr
                0x0000000000023cd7                frame802154_extract_linkaddr
                0x0000000000023f17                frame802154_hdrlen
                0x0000000000023f68                frame802154_create
                0x0000000000024153                frame802154_parse
 .text          0x000000000002445c      0x181 obj_cooja/mtype404.a(mac-sequence.o)
                0x0000000000024493                mac_sequence_is_duplicate
                0x0000000000024516                mac_sequence_register_seqno
 .text          0x00000000000245dd        0x0 /usr/lib/gcc/i686-linux-gnu/4.8/crtendS.o
 .text          0x00000000000245dd        0x0 /usr/lib/gcc/i686-linux-gnu/4.8/../../../i386-linux-gnu/crtn.o
 *(.gnu.warning)

.fini           0x00000000000245e0       0x14
 *(SORT(.fini))
 .fini          0x00000000000245e0        0xf /usr/lib/gcc/i686-linux-gnu/4.8/../../../i386-linux-gnu/crti.o
                0x00000000000245e0                _fini
 .fini          0x00000000000245ef        0x5 /usr/lib/gcc/i686-linux-gnu/4.8/../../../i386-linux-gnu/crtn.o
                0x00000000000245f4                PROVIDE (__etext, .)
                0x00000000000245f4                PROVIDE (_etext, .)
                0x00000000000245f4                PROVIDE (etext, .)

.rodata         0x0000000000024600     0x29b8
 *(.rodata .rodata.* .gnu.linkonce.r.*)
 .rodata        0x0000000000024600      0x148 udp-server.co
                0x0000000000024614                autostart_processes
 .rodata        0x0000000000024748      0x123 obj_cooja/mtype404.o
 *fill*         0x000000000002486b        0x1 
 .rodata        0x000000000002486c        0x8 obj_cooja/mtype404.a(beep.o)
                0x000000000002486c                beep_interface
 .rodata        0x0000000000024874       0x20 obj_cooja/mtype404.a(button-sensor.o)
                0x0000000000024874                button_interface
                0x0000000000024884                button_sensor
 .rodata        0x0000000000024894        0x8 obj_cooja/mtype404.a(leds-arch.o)
                0x0000000000024894                leds_interface
 .rodata        0x000000000002489c        0x8 obj_cooja/mtype404.a(moteid.o)
                0x000000000002489c                moteid_interface
 .rodata        0x00000000000248a4       0x1c obj_cooja/mtype404.a(pir-sensor.o)
                0x00000000000248a4                pir_interface
                0x00000000000248b0                pir_sensor
 .rodata        0x00000000000248c0        0xe obj_cooja/mtype404.a(rs232.o)
                0x00000000000248c0                rs232_interface
 *fill*         0x00000000000248ce        0x2 
 .rodata        0x00000000000248d0       0x24 obj_cooja/mtype404.a(vib-sensor.o)
                0x00000000000248d0                vib_interface
                0x00000000000248e4                vib_sensor
 .rodata        0x00000000000248f4        0x8 obj_cooja/mtype404.a(clock.o)
                0x00000000000248f4                clock_interface
 .rodata        0x00000000000248fc        0x8 obj_cooja/mtype404.a(log.o)
                0x00000000000248fc                simlog_interface
 .rodata        0x0000000000024904       0x2f obj_cooja/mtype404.a(cfs-cooja.o)
                0x0000000000024904                cfs_interface
 *fill*         0x0000000000024933        0xd 
 .rodata        0x0000000000024940       0x58 obj_cooja/mtype404.a(cooja-radio.o)
                0x0000000000024940                radio_interface
                0x0000000000024960                cooja_radio_driver
 .rodata        0x0000000000024998        0x8 obj_cooja/mtype404.a(eeprom.o)
                0x0000000000024998                eeprom_interface
 .rodata        0x00000000000249a0        0x8 obj_cooja/mtype404.a(sensors.o)
 .rodata        0x00000000000249a8      0x11a obj_cooja/mtype404.a(dual_conf.o)
 .rodata        0x0000000000024ac2        0xf obj_cooja/mtype404.a(ctimer.o)
 .rodata        0x0000000000024ad1        0xc obj_cooja/mtype404.a(etimer.o)
 .rodata        0x0000000000024add        0xe obj_cooja/mtype404.a(serial-line.o)
 *fill*         0x0000000000024aeb        0x1 
 .rodata        0x0000000000024aec      0x8cc obj_cooja/mtype404.a(sicslowpan.o)
                0x0000000000024bc5                unc_llconf
                0x0000000000024bc9                unc_ctxconf
                0x0000000000024bcd                unc_mxconf
                0x0000000000024bd1                llprefix
                0x00000000000253ac                sicslowpan_driver
 .rodata        0x00000000000253b8      0x13c obj_cooja/mtype404.a(uip6.o)
 .rodata        0x00000000000254f4       0x9a obj_cooja/mtype404.a(tcpip.o)
 .rodata        0x000000000002558e       0x3e obj_cooja/mtype404.a(uip-debug.o)
 .rodata        0x00000000000255cc      0xc0b obj_cooja/mtype404.a(rpl-dag.o)
 *fill*         0x00000000000261d7        0x1 
 .rodata        0x00000000000261d8      0x8a4 obj_cooja/mtype404.a(rpl-icmp6.o)
 .rodata        0x0000000000026a7c       0x6f obj_cooja/mtype404.a(rpl-mrhof.o)
 *fill*         0x0000000000026aeb        0x1 
 .rodata        0x0000000000026aec      0x260 obj_cooja/mtype404.a(rpl-timers.o)
 .rodata        0x0000000000026d4c      0x1be obj_cooja/mtype404.a(rpl.o)
 .rodata        0x0000000000026f0a        0x8 obj_cooja/mtype404.a(linkaddr.o)
                0x0000000000026f0a                linkaddr_null
 *fill*         0x0000000000026f12        0x2 
 .rodata        0x0000000000026f14       0x24 obj_cooja/mtype404.a(csma.o)
                0x0000000000026f1c                csma_driver
 .rodata        0x0000000000026f38        0xc obj_cooja/mtype404.a(framer-802154.o)
                0x0000000000026f38                framer_802154
 *fill*         0x0000000000026f44       0x1c 
 .rodata        0x0000000000026f60       0x40 obj_cooja/mtype404.a(nullrdc.o)
                0x0000000000026f80                nullrdc_driver
 .rodata        0x0000000000026fa0       0x18 obj_cooja/mtype404.a(nullsec.o)
                0x0000000000026fa8                nullsec_driver

.rodata1
 *(.rodata1)

.eh_frame_hdr   0x0000000000026fb8     0x129c
 *(.eh_frame_hdr)
 .eh_frame_hdr  0x0000000000026fb8     0x129c udp-server.co

.eh_frame       0x0000000000028254     0x4be0
 *(.eh_frame)
 .eh_frame      0x0000000000028254       0x3c /usr/lib/gcc/i686-linux-gnu/4.8/../../../i386-linux-gnu/crti.o
                                         0x40 (size before relaxing)
 .eh_frame      0x0000000000028290       0x68 udp-server.co
                                         0x80 (size before relaxing)
 .eh_frame      0x00000000000282f8      0x148 obj_cooja/mtype404.o
                                        0x160 (size before relaxing)
 .eh_frame      0x0000000000028440       0x40 obj_cooja/mtype404.a(simEnvChange.o)
                                         0x58 (size before relaxing)
 .eh_frame      0x0000000000028480       0xc0 obj_cooja/mtype404.a(cooja_mt.o)
                                         0xd8 (size before relaxing)
 .eh_frame      0x0000000000028540      0x120 obj_cooja/mtype404.a(cooja_mtarch.o)
                                        0x138 (size before relaxing)
 .eh_frame      0x0000000000028660       0xc0 obj_cooja/mtype404.a(rtimer-arch.o)
                                         0xd8 (size before relaxing)
 .eh_frame      0x0000000000028720      0x160 obj_cooja/mtype404.a(beep.o)
                                        0x178 (size before relaxing)
 .eh_frame      0x0000000000028880       0xa0 obj_cooja/mtype404.a(button-sensor.o)
                                         0xb8 (size before relaxing)
 .eh_frame      0x0000000000028920       0xa0 obj_cooja/mtype404.a(leds-arch.o)
                                         0xb8 (size before relaxing)
 .eh_frame      0x00000000000289c0       0x40 obj_cooja/mtype404.a(moteid.o)
                                         0x58 (size before relaxing)
 .eh_frame      0x0000000000028a00       0xa0 obj_cooja/mtype404.a(pir-sensor.o)
                                         0xb8 (size before relaxing)
 .eh_frame      0x0000000000028aa0      0x100 obj_cooja/mtype404.a(rs232.o)
                                        0x118 (size before relaxing)
 .eh_frame      0x0000000000028ba0       0xa0 obj_cooja/mtype404.a(vib-sensor.o)
                                         0xb8 (size before relaxing)
 .eh_frame      0x0000000000028c40       0xc0 obj_cooja/mtype404.a(clock.o)
                                         0xd8 (size before relaxing)
 .eh_frame      0x0000000000028d00      0x120 obj_cooja/mtype404.a(log.o)
                                        0x138 (size before relaxing)
 .eh_frame      0x0000000000028e20      0x160 obj_cooja/mtype404.a(cfs-cooja.o)
                                        0x178 (size before relaxing)
 .eh_frame      0x0000000000028f80      0x2e0 obj_cooja/mtype404.a(cooja-radio.o)
                                        0x2f8 (size before relaxing)
 .eh_frame      0x0000000000029260       0xa0 obj_cooja/mtype404.a(eeprom.o)
                                         0xb8 (size before relaxing)
 .eh_frame      0x0000000000029300       0x40 obj_cooja/mtype404.a(random.o)
                                         0x58 (size before relaxing)
 .eh_frame      0x0000000000029340       0xc0 obj_cooja/mtype404.a(sensors.o)
                                         0xd8 (size before relaxing)
 .eh_frame      0x0000000000029400       0x80 obj_cooja/mtype404.a(dual_conf.o)
                                         0x98 (size before relaxing)
 .eh_frame      0x0000000000029480       0x40 obj_cooja/mtype404.a(autostart.o)
                                         0x58 (size before relaxing)
 .eh_frame      0x00000000000294c0      0x100 obj_cooja/mtype404.a(ctimer.o)
                                        0x118 (size before relaxing)
 .eh_frame      0x00000000000295c0      0x1e0 obj_cooja/mtype404.a(etimer.o)
                                        0x1f8 (size before relaxing)
 .eh_frame      0x00000000000297a0      0x1c8 obj_cooja/mtype404.a(process.o)
                                        0x1e0 (size before relaxing)
 .eh_frame      0x0000000000029968       0x60 obj_cooja/mtype404.a(rtimer.o)
                                         0x78 (size before relaxing)
 .eh_frame      0x00000000000299c8       0xa4 obj_cooja/mtype404.a(timer.o)
                                         0xbc (size before relaxing)
 .eh_frame      0x0000000000029a6c       0x60 obj_cooja/mtype404.a(serial-line.o)
                                         0x78 (size before relaxing)
 .eh_frame      0x0000000000029acc      0x180 obj_cooja/mtype404.a(list.o)
                                        0x198 (size before relaxing)
 .eh_frame      0x0000000000029c4c       0xa0 obj_cooja/mtype404.a(ringbuf.o)
                                         0xb8 (size before relaxing)
 .eh_frame      0x0000000000029cec      0x350 obj_cooja/mtype404.a(sicslowpan.o)
                                        0x368 (size before relaxing)
 .eh_frame      0x000000000002a03c      0x180 obj_cooja/mtype404.a(uip-ds6-nbr.o)
                                        0x198 (size before relaxing)
 .eh_frame      0x000000000002a1bc      0x2c8 obj_cooja/mtype404.a(uip-ds6.o)
                                        0x2e0 (size before relaxing)
 .eh_frame      0x000000000002a484      0x27c obj_cooja/mtype404.a(uip6.o)
                                        0x294 (size before relaxing)
 .eh_frame      0x000000000002a700      0x270 obj_cooja/mtype404.a(tcpip.o)
                                        0x288 (size before relaxing)
 .eh_frame      0x000000000002a970       0x48 obj_cooja/mtype404.a(uip-debug.o)
                                         0x60 (size before relaxing)
 .eh_frame      0x000000000002a9b8       0xe0 obj_cooja/mtype404.a(uip-packetqueue)
                                         0xf8 (size before relaxing)
 .eh_frame      0x000000000002aa98      0x674 obj_cooja/mtype404.a(rpl-dag.o)
                                        0x68c (size before relaxing)
 .eh_frame      0x000000000002b10c      0x10c obj_cooja/mtype404.a(rpl-ext-header.)
                                        0x124 (size before relaxing)
 .eh_frame      0x000000000002b218      0x288 obj_cooja/mtype404.a(rpl-icmp6.o)
                                        0x2a0 (size before relaxing)
 .eh_frame      0x000000000002b4a0       0xe4 obj_cooja/mtype404.a(rpl-mrhof.o)
                                         0xfc (size before relaxing)
 .eh_frame      0x000000000002b584      0x210 obj_cooja/mtype404.a(rpl-timers.o)
                                        0x228 (size before relaxing)
 .eh_frame      0x000000000002b794      0x140 obj_cooja/mtype404.a(rpl.o)
                                        0x158 (size before relaxing)
 .eh_frame      0x000000000002b8d4       0x60 obj_cooja/mtype404.a(linkaddr.o)
                                         0x78 (size before relaxing)
 .eh_frame      0x000000000002b934      0x26c obj_cooja/mtype404.a(nbr-table.o)
                                        0x284 (size before relaxing)
 .eh_frame      0x000000000002bba0       0x20 obj_cooja/mtype404.a(netstack.o)
                                         0x38 (size before relaxing)
 .eh_frame      0x000000000002bbc0      0x214 obj_cooja/mtype404.a(packetbuf.o)
                                        0x22c (size before relaxing)
 .eh_frame      0x000000000002bdd4      0x1a0 obj_cooja/mtype404.a(queuebuf.o)
                                        0x1b8 (size before relaxing)
 .eh_frame      0x000000000002bf74      0x28c obj_cooja/mtype404.a(csma.o)
                                        0x2a4 (size before relaxing)
 .eh_frame      0x000000000002c200      0x108 obj_cooja/mtype404.a(framer-802154.o)
                                        0x120 (size before relaxing)
 .eh_frame      0x000000000002c308       0x20 obj_cooja/mtype404.a(mac.o)
                                         0x38 (size before relaxing)
 .eh_frame      0x000000000002c328      0x16c obj_cooja/mtype404.a(nullrdc.o)
                                        0x184 (size before relaxing)
 .eh_frame      0x000000000002c494       0x80 obj_cooja/mtype404.a(nullsec.o)
                                         0x98 (size before relaxing)
 .eh_frame      0x000000000002c514       0xa0 obj_cooja/mtype404.a(watchdog.o)
                                         0xb8 (size before relaxing)
 .eh_frame      0x000000000002c5b4       0xc4 obj_cooja/mtype404.a(stimer.o)
                                         0xdc (size before relaxing)
 .eh_frame      0x000000000002c678       0xa0 obj_cooja/mtype404.a(memb.o)
                                         0xb8 (size before relaxing)
 .eh_frame      0x000000000002c718      0x2a0 obj_cooja/mtype404.a(uip-ds6-route.o)
                                        0x2b8 (size before relaxing)
 .eh_frame      0x000000000002c9b8      0x164 obj_cooja/mtype404.a(uip-icmp6.o)
                                        0x17c (size before relaxing)
 .eh_frame      0x000000000002cb1c       0x68 obj_cooja/mtype404.a(uip-nd6.o)
                                         0x80 (size before relaxing)
 .eh_frame      0x000000000002cb84       0xc0 obj_cooja/mtype404.a(rpl-nbr-policy.)
                                         0xd8 (size before relaxing)
 .eh_frame      0x000000000002cc44      0x164 obj_cooja/mtype404.a(frame802154.o)
                                        0x17c (size before relaxing)
 .eh_frame      0x000000000002cda8       0x88 obj_cooja/mtype404.a(mac-sequence.o)
                                         0xa0 (size before relaxing)
 .eh_frame      0x000000000002ce30        0x4 /usr/lib/gcc/i686-linux-gnu/4.8/crtendS.o

.gcc_except_table
 *(.gcc_except_table .gcc_except_table.*)

.exception_ranges
 *(.exception_ranges .exception_ranges*)
                0x000000000002ce34                . = (ALIGN (0x1000) - ((0x1000 - .) & 0xfff))
                0x000000000002def8                . = DATA_SEGMENT_ALIGN (0x1000, 0x1000)

.eh_frame
 *(.eh_frame)

.gcc_except_table
 *(.gcc_except_table .gcc_except_table.*)

.exception_ranges
 *(.exception_ranges .exception_ranges*)

.tdata
 *(.tdata .tdata.* .gnu.linkonce.td.*)

.tbss
 *(.tbss .tbss.* .gnu.linkonce.tb.*)
 *(.tcommon)

.preinit_array
 *(.preinit_array)

.init_array     0x000000000002def8        0x4
 *(SORT(.init_array.*) SORT(.ctors.*))
 *(.init_array EXCLUDE_FILE(*crtend?.o *crtend.o *crtbegin?.o *crtbegin.o) .ctors)
 .init_array    0x000000000002def8        0x4 /usr/lib/gcc/i686-linux-gnu/4.8/crtbeginS.o

.fini_array     0x000000000002defc        0x4
 *(SORT(.fini_array.*) SORT(.dtors.*))
 *(.fini_array EXCLUDE_FILE(*crtend?.o *crtend.o *crtbegin?.o *crtbegin.o) .dtors)
 .fini_array    0x000000000002defc        0x4 /usr/lib/gcc/i686-linux-gnu/4.8/crtbeginS.o

.ctors
 *crtbegin.o(.ctors)
 *crtbegin?.o(.ctors)
 *(EXCLUDE_FILE(*crtend?.o *crtend.o) .ctors)
 *(SORT(.ctors.*))
 *(.ctors)

.dtors
 *crtbegin.o(.dtors)
 *crtbegin?.o(.dtors)
 *(EXCLUDE_FILE(*crtend?.o *crtend.o) .dtors)
 *(SORT(.dtors.*))
 *(.dtors)

.jcr            0x000000000002df00        0x4
 *(.jcr)
 .jcr           0x000000000002df00        0x0 /usr/lib/gcc/i686-linux-gnu/4.8/crtbeginS.o
 .jcr           0x000000000002df00        0x4 /usr/lib/gcc/i686-linux-gnu/4.8/crtendS.o

.data.rel.ro
 *(.data.rel.ro.local* .gnu.linkonce.d.rel.ro.local.*)
 *(.data.rel.ro .data.rel.ro.* .gnu.linkonce.d.rel.ro.*)

.dynamic        0x000000000002df04       0xe8
 *(.dynamic)
 .dynamic       0x000000000002df04       0xe8 /usr/lib/gcc/i686-linux-gnu/4.8/../../../i386-linux-gnu/crti.o
                0x000000000002df04                _DYNAMIC

.got            0x000000000002dfec       0x14
 *(.got)
 .got           0x000000000002dfec       0x14 /usr/lib/gcc/i686-linux-gnu/4.8/../../../i386-linux-gnu/crti.o
 *(.igot)
                0x000000000002eff4                . = DATA_SEGMENT_RELRO_END (., (SIZEOF (.got.plt) >= 0xc)?0xc:0x0)

.got.plt        0x000000000002e000       0x14
 *(.got.plt)
 .got.plt       0x000000000002e000       0x14 /usr/lib/gcc/i686-linux-gnu/4.8/../../../i386-linux-gnu/crti.o
                0x000000000002e000                _GLOBAL_OFFSET_TABLE_
 *(.igot.plt)

.data           0x000000000002e020      0x222
 *(.data .data.* .gnu.linkonce.d.*)
 .data          0x000000000002e020        0x0 /usr/lib/gcc/i686-linux-gnu/4.8/../../../i386-linux-gnu/crti.o
 .data          0x000000000002e020        0x0 /usr/lib/gcc/i686-linux-gnu/4.8/crtbeginS.o
 .data.rel      0x000000000002e020        0x4 /usr/lib/gcc/i686-linux-gnu/4.8/crtbeginS.o
                0x000000000002e020                __dso_handle
 .data          0x000000000002e024       0x10 udp-server.co
                0x000000000002e024                udp_server_process
 *fill*         0x000000000002e034        0xc 
 .data          0x000000000002e040       0x44 obj_cooja/mtype404.o
                0x000000000002e040                simInterfaces
                0x000000000002e074                sensors
 .data          0x000000000002e084        0x0 obj_cooja/mtype404.a(simEnvChange.o)
 .data          0x000000000002e084        0x0 obj_cooja/mtype404.a(cooja_mt.o)
 .data          0x000000000002e084        0x0 obj_cooja/mtype404.a(cooja_mtarch.o)
 .data          0x000000000002e084        0x0 obj_cooja/mtype404.a(rtimer-arch.o)
 .data          0x000000000002e084        0x0 obj_cooja/mtype404.a(beep.o)
 .data          0x000000000002e084        0x0 obj_cooja/mtype404.a(button-sensor.o)
 .data          0x000000000002e084        0x0 obj_cooja/mtype404.a(leds-arch.o)
 .data          0x000000000002e084        0x0 obj_cooja/mtype404.a(moteid.o)
 .data          0x000000000002e084        0x0 obj_cooja/mtype404.a(pir-sensor.o)
 .data          0x000000000002e084        0x0 obj_cooja/mtype404.a(rs232.o)
 .data          0x000000000002e084        0x0 obj_cooja/mtype404.a(vib-sensor.o)
 .data          0x000000000002e084        0x0 obj_cooja/mtype404.a(clock.o)
 .data          0x000000000002e084        0x0 obj_cooja/mtype404.a(log.o)
 .data          0x000000000002e084        0x0 obj_cooja/mtype404.a(cfs-cooja.o)
 .data          0x000000000002e084       0x28 obj_cooja/mtype404.a(cooja-radio.o)
                0x000000000002e084                simRadioHWOn
                0x000000000002e088                simSignalStrength
                0x000000000002e08c                simLastSignalStrength
                0x000000000002e090                simPower
                0x000000000002e094                simRadioChannel
                0x000000000002e098                simLQI
                0x000000000002e09c                cooja_radio_process
 .data          0x000000000002e0ac        0x0 obj_cooja/mtype404.a(eeprom.o)
 .data          0x000000000002e0ac        0x0 obj_cooja/mtype404.a(random.o)
 .data          0x000000000002e0ac       0x10 obj_cooja/mtype404.a(sensors.o)
                0x000000000002e0ac                sensors_process
 .data          0x000000000002e0bc        0x4 obj_cooja/mtype404.a(dual_conf.o)
                0x000000000002e0bc                radio_received
 .data          0x000000000002e0c0        0x0 obj_cooja/mtype404.a(autostart.o)
 .data          0x000000000002e0c0       0x14 obj_cooja/mtype404.a(ctimer.o)
                0x000000000002e0c4                ctimer_process
 .data          0x000000000002e0d4       0x10 obj_cooja/mtype404.a(etimer.o)
                0x000000000002e0d4                etimer_process
 .data          0x000000000002e0e4        0x0 obj_cooja/mtype404.a(process.o)
 .data          0x000000000002e0e4        0x0 obj_cooja/mtype404.a(rtimer.o)
 .data          0x000000000002e0e4        0x0 obj_cooja/mtype404.a(timer.o)
 .data          0x000000000002e0e4       0x10 obj_cooja/mtype404.a(serial-line.o)
                0x000000000002e0e4                serial_line_process
 .data          0x000000000002e0f4        0x0 obj_cooja/mtype404.a(list.o)
 .data          0x000000000002e0f4        0x0 obj_cooja/mtype404.a(ringbuf.o)
 .data          0x000000000002e0f4        0x0 obj_cooja/mtype404.a(sicslowpan.o)
 .data          0x000000000002e0f4       0x14 obj_cooja/mtype404.a(uip-ds6-nbr.o)
                0x000000000002e104                ds6_neighbors
 .data          0x000000000002e108        0x0 obj_cooja/mtype404.a(uip-ds6.o)
 .data          0x000000000002e108        0x0 obj_cooja/mtype404.a(uip6.o)
 .data          0x000000000002e108       0x10 obj_cooja/mtype404.a(tcpip.o)
                0x000000000002e108                tcpip_process
 .data          0x000000000002e118        0x0 obj_cooja/mtype404.a(uip-debug.o)
 .data          0x000000000002e118        0xc obj_cooja/mtype404.a(uip-packetqueue)
 .data          0x000000000002e124       0x14 obj_cooja/mtype404.a(rpl-dag.o)
                0x000000000002e134                rpl_parents
 .data          0x000000000002e138        0x0 obj_cooja/mtype404.a(rpl-ext-header.)
 .data          0x000000000002e138       0x34 obj_cooja/mtype404.a(rpl-icmp6.o)
 .data          0x000000000002e16c       0x1c obj_cooja/mtype404.a(rpl-mrhof.o)
                0x000000000002e16c                rpl_mrhof
 .data          0x000000000002e188        0x0 obj_cooja/mtype404.a(rpl-timers.o)
 .data          0x000000000002e188        0x0 obj_cooja/mtype404.a(rpl.o)
 .data          0x000000000002e188        0x0 obj_cooja/mtype404.a(linkaddr.o)
 .data          0x000000000002e188       0x10 obj_cooja/mtype404.a(nbr-table.o)
 .data          0x000000000002e198        0x0 obj_cooja/mtype404.a(netstack.o)
 .data          0x000000000002e198        0x4 obj_cooja/mtype404.a(packetbuf.o)
 .data          0x000000000002e19c       0x18 obj_cooja/mtype404.a(queuebuf.o)
 .data          0x000000000002e1b4       0x28 obj_cooja/mtype404.a(csma.o)
 .data          0x000000000002e1dc        0x0 obj_cooja/mtype404.a(framer-802154.o)
 .data          0x000000000002e1dc        0x0 obj_cooja/mtype404.a(mac.o)
 .data          0x000000000002e1dc        0x0 obj_cooja/mtype404.a(nullrdc.o)
 .data          0x000000000002e1dc        0x0 obj_cooja/mtype404.a(nullsec.o)
 .data          0x000000000002e1dc        0x0 obj_cooja/mtype404.a(watchdog.o)
 .data          0x000000000002e1dc        0x0 obj_cooja/mtype404.a(rimestats.o)
 .data          0x000000000002e1dc        0x0 obj_cooja/mtype404.a(stimer.o)
 .data          0x000000000002e1dc        0x0 obj_cooja/mtype404.a(memb.o)
 .data          0x000000000002e1dc       0x44 obj_cooja/mtype404.a(uip-ds6-route.o)
                0x000000000002e1ec                nbr_routes
 .data          0x000000000002e220       0x20 obj_cooja/mtype404.a(uip-icmp6.o)
 .data          0x000000000002e240        0x0 obj_cooja/mtype404.a(uip-nd6.o)
 .data          0x000000000002e240        0x0 obj_cooja/mtype404.a(rpl-nbr-policy.)
 .data          0x000000000002e240        0x2 obj_cooja/mtype404.a(frame802154.o)
 .data          0x000000000002e242        0x0 obj_cooja/mtype404.a(mac-sequence.o)
 .data          0x000000000002e242        0x0 /usr/lib/gcc/i686-linux-gnu/4.8/crtendS.o
 .data          0x000000000002e242        0x0 /usr/lib/gcc/i686-linux-gnu/4.8/../../../i386-linux-gnu/crtn.o

.tm_clone_table
                0x000000000002e244        0x0
 .tm_clone_table
                0x000000000002e244        0x0 /usr/lib/gcc/i686-linux-gnu/4.8/crtbeginS.o
 .tm_clone_table
                0x000000000002e244        0x0 /usr/lib/gcc/i686-linux-gnu/4.8/crtendS.o

.data1
 *(.data1)
                0x000000000002e244                _edata = .
                0x000000000002e244                PROVIDE (edata, .)
                0x000000000002e244                . = .
                0x000000000002e244                __bss_start = .

.bss            0x000000000002e260     0x7fc8
 *(.dynbss)
 .dynbss        0x0000000000000000        0x0 /usr/lib/gcc/i686-linux-gnu/4.8/../../../i386-linux-gnu/crti.o
 *(.bss .bss.* .gnu.linkonce.b.*)
 .bss           0x000000000002e260        0x0 /usr/lib/gcc/i686-linux-gnu/4.8/../../../i386-linux-gnu/crti.o
 .bss           0x000000000002e260        0x1 /usr/lib/gcc/i686-linux-gnu/4.8/crtbeginS.o
 *fill*         0x000000000002e261        0x3 
 .bss           0x000000000002e264        0x4 udp-server.co
 *fill*         0x000000000002e268       0x18 
 .bss           0x000000000002e280     0x2030 obj_cooja/mtype404.o
 .bss           0x00000000000302b0        0x1 obj_cooja/mtype404.a(simEnvChange.o)
                0x00000000000302b0                simDontFallAsleep
 *fill*         0x00000000000302b1        0x3 
 .bss           0x00000000000302b4        0x4 obj_cooja/mtype404.a(cooja_mt.o)
 .bss           0x00000000000302b8        0x4 obj_cooja/mtype404.a(cooja_mtarch.o)
 .bss           0x00000000000302bc        0xc obj_cooja/mtype404.a(rtimer-arch.o)
 .bss           0x00000000000302c8        0x0 obj_cooja/mtype404.a(beep.o)
 .bss           0x00000000000302c8        0x8 obj_cooja/mtype404.a(button-sensor.o)
 .bss           0x00000000000302d0        0x0 obj_cooja/mtype404.a(leds-arch.o)
 .bss           0x00000000000302d0        0x0 obj_cooja/mtype404.a(moteid.o)
 .bss           0x00000000000302d0        0x1 obj_cooja/mtype404.a(pir-sensor.o)
                0x00000000000302d0                simPirValue
 *fill*         0x00000000000302d1        0x3 
 .bss           0x00000000000302d4        0x4 obj_cooja/mtype404.a(rs232.o)
 .bss           0x00000000000302d8        0x1 obj_cooja/mtype404.a(vib-sensor.o)
                0x00000000000302d8                simVibValue
 .bss           0x00000000000302d9        0x0 obj_cooja/mtype404.a(clock.o)
 *fill*         0x00000000000302d9        0x7 
 .bss           0x00000000000302e0      0x420 obj_cooja/mtype404.a(log.o)
 .bss           0x0000000000030700      0xfc0 obj_cooja/mtype404.a(cfs-cooja.o)
                0x0000000000030700                simCFSData
                0x00000000000316a0                simCFSSize
                0x00000000000316a4                simCFSChanged
                0x00000000000316a8                simCFSRead
                0x00000000000316ac                simCFSWritten
 .bss           0x00000000000316c0       0x18 obj_cooja/mtype404.a(cooja-radio.o)
                0x00000000000316c0                simReceiving
                0x00000000000316c4                simInSize
                0x00000000000316c8                simOutSize
                0x00000000000316cc                LongRangeTransmit
                0x00000000000316d0                LongRangeReceiving
 .bss           0x00000000000316d8        0xc obj_cooja/mtype404.a(eeprom.o)
                0x00000000000316d8                simEEPROMChanged
                0x00000000000316dc                simEEPROMRead
                0x00000000000316e0                simEEPROMWritten
 .bss           0x00000000000316e4        0x0 obj_cooja/mtype404.a(random.o)
 .bss           0x00000000000316e4        0xc obj_cooja/mtype404.a(sensors.o)
 .bss           0x00000000000316f0        0x4 obj_cooja/mtype404.a(dual_conf.o)
                0x00000000000316f0                long_range_radio
 .bss           0x00000000000316f4        0x0 obj_cooja/mtype404.a(autostart.o)
 .bss           0x00000000000316f4        0x5 obj_cooja/mtype404.a(ctimer.o)
 *fill*         0x00000000000316f9        0x3 
 .bss           0x00000000000316fc        0x8 obj_cooja/mtype404.a(etimer.o)
 *fill*         0x0000000000031704       0x1c 
 .bss           0x0000000000031720      0x1b1 obj_cooja/mtype404.a(process.o)
                0x0000000000031720                process_list
                0x0000000000031724                process_current
 *fill*         0x00000000000318d1        0x3 
 .bss           0x00000000000318d4        0x4 obj_cooja/mtype404.a(rtimer.o)
 .bss           0x00000000000318d8        0x0 obj_cooja/mtype404.a(timer.o)
 *fill*         0x00000000000318d8        0x8 
 .bss           0x00000000000318e0      0x140 obj_cooja/mtype404.a(serial-line.o)
 .bss           0x0000000000031a20        0x0 obj_cooja/mtype404.a(list.o)
 .bss           0x0000000000031a20        0x0 obj_cooja/mtype404.a(ringbuf.o)
 .bss           0x0000000000031a20      0x70c obj_cooja/mtype404.a(sicslowpan.o)
 *fill*         0x000000000003212c       0x14 
 .bss           0x0000000000032140       0xf0 obj_cooja/mtype404.a(uip-ds6-nbr.o)
 .bss           0x0000000000032230       0x20 obj_cooja/mtype404.a(uip-ds6.o)
 .bss           0x0000000000032250        0xe obj_cooja/mtype404.a(uip6.o)
                0x0000000000032250                uip_ext_bitmap
                0x0000000000032251                uip_ext_len
                0x0000000000032252                uip_ext_opt_offset
 *fill*         0x000000000003225e        0x2 
 .bss           0x0000000000032260       0x6a obj_cooja/mtype404.a(tcpip.o)
 .bss           0x00000000000322ca        0x0 obj_cooja/mtype404.a(uip-debug.o)
 *fill*         0x00000000000322ca       0x16 
 .bss           0x00000000000322e0      0xcf8 obj_cooja/mtype404.a(uip-packetqueue)
 *fill*         0x0000000000032fd8        0x8 
 .bss           0x0000000000032fe0       0xa0 obj_cooja/mtype404.a(rpl-dag.o)
 .bss           0x0000000000033080        0x0 obj_cooja/mtype404.a(rpl-ext-header.)
 .bss           0x0000000000033080        0x0 obj_cooja/mtype404.a(rpl-icmp6.o)
 .bss           0x0000000000033080        0x0 obj_cooja/mtype404.a(rpl-mrhof.o)
 .bss           0x0000000000033080       0x23 obj_cooja/mtype404.a(rpl-timers.o)
 *fill*         0x00000000000330a3        0x1 
 .bss           0x00000000000330a4        0x4 obj_cooja/mtype404.a(rpl.o)
 .bss           0x00000000000330a8        0x0 obj_cooja/mtype404.a(linkaddr.o)
 *fill*         0x00000000000330a8       0x18 
 .bss           0x00000000000330c0       0xdc obj_cooja/mtype404.a(nbr-table.o)
 .bss           0x000000000003319c        0x0 obj_cooja/mtype404.a(netstack.o)
 *fill*         0x000000000003319c        0x4 
 .bss           0x00000000000331a0       0xa0 obj_cooja/mtype404.a(packetbuf.o)
 .bss           0x0000000000033240      0xb80 obj_cooja/mtype404.a(queuebuf.o)
 .bss           0x0000000000033dc0      0x248 obj_cooja/mtype404.a(csma.o)
 .bss           0x0000000000034008        0x2 obj_cooja/mtype404.a(framer-802154.o)
 .bss           0x000000000003400a        0x0 obj_cooja/mtype404.a(mac.o)
 .bss           0x000000000003400a        0x0 obj_cooja/mtype404.a(nullrdc.o)
 .bss           0x000000000003400a        0x0 obj_cooja/mtype404.a(nullsec.o)
 .bss           0x000000000003400a        0x0 obj_cooja/mtype404.a(watchdog.o)
 .bss           0x000000000003400a        0x0 obj_cooja/mtype404.a(rimestats.o)
 .bss           0x000000000003400a        0x0 obj_cooja/mtype404.a(stimer.o)
 .bss           0x000000000003400a        0x0 obj_cooja/mtype404.a(memb.o)
 *fill*         0x000000000003400a       0x16 
 .bss           0x0000000000034020      0x2a8 obj_cooja/mtype404.a(uip-ds6-route.o)
 .bss           0x00000000000342c8       0x18 obj_cooja/mtype404.a(uip-icmp6.o)
 .bss           0x00000000000342e0        0x0 obj_cooja/mtype404.a(uip-nd6.o)
 .bss           0x00000000000342e0       0x44 obj_cooja/mtype404.a(rpl-nbr-policy.)
 .bss           0x0000000000034324        0x0 obj_cooja/mtype404.a(frame802154.o)
 *fill*         0x0000000000034324       0x1c 
 .bss           0x0000000000034340       0x90 obj_cooja/mtype404.a(mac-sequence.o)
 .bss           0x00000000000343d0        0x0 /usr/lib/gcc/i686-linux-gnu/4.8/crtendS.o
 .bss           0x00000000000343d0        0x0 /usr/lib/gcc/i686-linux-gnu/4.8/../../../i386-linux-gnu/crtn.o
 *(COMMON)
 COMMON         0x00000000000343d0        0x8 obj_cooja/mtype404.o
                0x00000000000343d0                referenceVar
                0x00000000000343d4                sensors_flags
 COMMON         0x00000000000343d8        0xc obj_cooja/mtype404.a(simEnvChange.o)
                0x00000000000343d8                simEtimerPending
                0x00000000000343dc                simProcessRunValue
                0x00000000000343e0                simNextExpirationTime
 COMMON         0x00000000000343e4        0x1 obj_cooja/mtype404.a(beep.o)
                0x00000000000343e4                simBeeped
 COMMON         0x00000000000343e5        0x3 obj_cooja/mtype404.a(button-sensor.o)
                0x00000000000343e5                simButtonIsActive
                0x00000000000343e6                simButtonIsDown
                0x00000000000343e7                simButtonChanged
 COMMON         0x00000000000343e8        0x1 obj_cooja/mtype404.a(leds-arch.o)
                0x00000000000343e8                simLedsValue
 *fill*         0x00000000000343e9        0x3 
 COMMON         0x00000000000343ec        0xc obj_cooja/mtype404.a(moteid.o)
                0x00000000000343ec                simRandomSeed
                0x00000000000343f0                simMoteIDChanged
                0x00000000000343f4                simMoteID
 COMMON         0x00000000000343f8        0x2 obj_cooja/mtype404.a(pir-sensor.o)
                0x00000000000343f8                simPirIsActive
                0x00000000000343f9                simPirChanged
 *fill*         0x00000000000343fa        0x6 
 COMMON         0x0000000000034400      0x820 obj_cooja/mtype404.a(rs232.o)
                0x0000000000034400                simSerialReceivingFlag
                0x0000000000034404                simSerialReceivingLength
                0x0000000000034420                simSerialReceivingData
 COMMON         0x0000000000034c20        0x2 obj_cooja/mtype404.a(vib-sensor.o)
                0x0000000000034c20                simVibChanged
                0x0000000000034c21                simVibIsActive
 *fill*         0x0000000000034c22        0x2 
 COMMON         0x0000000000034c24        0x4 obj_cooja/mtype404.a(clock.o)
                0x0000000000034c24                simCurrentTime
 *fill*         0x0000000000034c28       0x18 
 COMMON         0x0000000000034c40      0x420 obj_cooja/mtype404.a(log.o)
                0x0000000000034c40                simLoggedLength
                0x0000000000034c44                simLoggedFlag
                0x0000000000034c60                simLoggedData
 COMMON         0x0000000000035060      0x100 obj_cooja/mtype404.a(cooja-radio.o)
                0x0000000000035060                simOutDataBuffer
                0x00000000000350e0                simInDataBuffer
 COMMON         0x0000000000035160      0x400 obj_cooja/mtype404.a(eeprom.o)
                0x0000000000035160                simEEPROMData
 COMMON         0x0000000000035560        0x1 obj_cooja/mtype404.a(sensors.o)
                0x0000000000035560                sensors_event
 COMMON         0x0000000000035561        0x1 obj_cooja/mtype404.a(serial-line.o)
                0x0000000000035561                serial_line_event_message
 COMMON         0x0000000000035562        0x1 obj_cooja/mtype404.a(sicslowpan.o)
                0x0000000000035562                p
 *fill*         0x0000000000035563       0x1d 
 COMMON         0x0000000000035580      0x181 obj_cooja/mtype404.a(uip-ds6.o)
                0x0000000000035580                uip_ds6_prefix_list
                0x00000000000355e0                uip_ds6_timer_periodic
                0x00000000000355f0                uip_ds6_netif_addr_list_offset
                0x0000000000035600                uip_ds6_if
                0x00000000000356f8                uip_ds6_timer_ra
                0x0000000000035700                uip_ds6_addr_size
 *fill*         0x0000000000035701       0x1f 
 COMMON         0x0000000000035720      0x8ec obj_cooja/mtype404.a(uip6.o)
                0x0000000000035720                uip_slen
                0x0000000000035722                uip_acc32
                0x0000000000035740                uip_conns
                0x0000000000035800                uip_lladdr
                0x0000000000035808                uip_appdata
                0x000000000003580c                uip_flags
                0x0000000000035820                uip_aligned_buf
                0x0000000000035e60                uip_listenports
                0x0000000000035e70                uip_len
                0x0000000000035e74                uip_sappdata
                0x0000000000035e80                uip_udp_conns
                0x0000000000036000                uip_udp_conn
                0x0000000000036004                uip_next_hdr
                0x0000000000036008                uip_conn
 COMMON         0x000000000003600c        0x1 obj_cooja/mtype404.a(tcpip.o)
                0x000000000003600c                tcpip_event
 *fill*         0x000000000003600d       0x13 
 COMMON         0x0000000000036020      0x170 obj_cooja/mtype404.a(rpl-dag.o)
                0x0000000000036020                default_instance
                0x0000000000036040                instance_table
 COMMON         0x0000000000036190        0x8 obj_cooja/mtype404.a(linkaddr.o)
                0x0000000000036190                linkaddr_node_addr
 COMMON         0x0000000000036198       0x2e obj_cooja/mtype404.a(packetbuf.o)
                0x0000000000036198                packetbuf_attrs
                0x00000000000361b6                packetbuf_addrs
 *fill*         0x00000000000361c6       0x1a 
 COMMON         0x00000000000361e0       0x48 obj_cooja/mtype404.a(rimestats.o)
                0x00000000000361e0                rimestats
                0x0000000000036228                . = ALIGN ((. != 0x0)?0x4:0x1)
                0x0000000000036228                . = ALIGN (0x4)
                0x0000000000036228                . = SEGMENT_START ("ldata-segment", .)
                0x0000000000036228                . = ALIGN (0x4)
                0x0000000000036228                _end = .
                0x0000000000036228                PROVIDE (end, .)
                0x0000000000036228                . = DATA_SEGMENT_END (.)

.stab
 *(.stab)

.stabstr
 *(.stabstr)

.stab.excl
 *(.stab.excl)

.stab.exclstr
 *(.stab.exclstr)

.stab.index
 *(.stab.index)

.stab.indexstr
 *(.stab.indexstr)

.comment        0x0000000000000000       0x2b
 *(.comment)
 .comment       0x0000000000000000       0x2b /usr/lib/gcc/i686-linux-gnu/4.8/crtbeginS.o
                                         0x2c (size before relaxing)
 .comment       0x0000000000000000       0x2c udp-server.co
 .comment       0x0000000000000000       0x2c obj_cooja/mtype404.o
 .comment       0x0000000000000000       0x2c obj_cooja/mtype404.a(simEnvChange.o)
 .comment       0x0000000000000000       0x2c obj_cooja/mtype404.a(cooja_mt.o)
 .comment       0x0000000000000000       0x2c obj_cooja/mtype404.a(cooja_mtarch.o)
 .comment       0x0000000000000000       0x2c obj_cooja/mtype404.a(rtimer-arch.o)
 .comment       0x0000000000000000       0x2c obj_cooja/mtype404.a(beep.o)
 .comment       0x0000000000000000       0x2c obj_cooja/mtype404.a(button-sensor.o)
 .comment       0x0000000000000000       0x2c obj_cooja/mtype404.a(leds-arch.o)
 .comment       0x0000000000000000       0x2c obj_cooja/mtype404.a(moteid.o)
 .comment       0x0000000000000000       0x2c obj_cooja/mtype404.a(pir-sensor.o)
 .comment       0x0000000000000000       0x2c obj_cooja/mtype404.a(rs232.o)
 .comment       0x0000000000000000       0x2c obj_cooja/mtype404.a(vib-sensor.o)
 .comment       0x0000000000000000       0x2c obj_cooja/mtype404.a(clock.o)
 .comment       0x0000000000000000       0x2c obj_cooja/mtype404.a(log.o)
 .comment       0x0000000000000000       0x2c obj_cooja/mtype404.a(cfs-cooja.o)
 .comment       0x0000000000000000       0x2c obj_cooja/mtype404.a(cooja-radio.o)
 .comment       0x0000000000000000       0x2c obj_cooja/mtype404.a(eeprom.o)
 .comment       0x0000000000000000       0x2c obj_cooja/mtype404.a(random.o)
 .comment       0x0000000000000000       0x2c obj_cooja/mtype404.a(sensors.o)
 .comment       0x0000000000000000       0x2c obj_cooja/mtype404.a(dual_conf.o)
 .comment       0x0000000000000000       0x2c obj_cooja/mtype404.a(autostart.o)
 .comment       0x0000000000000000       0x2c obj_cooja/mtype404.a(ctimer.o)
 .comment       0x0000000000000000       0x2c obj_cooja/mtype404.a(etimer.o)
 .comment       0x0000000000000000       0x2c obj_cooja/mtype404.a(process.o)
 .comment       0x0000000000000000       0x2c obj_cooja/mtype404.a(rtimer.o)
 .comment       0x0000000000000000       0x2c obj_cooja/mtype404.a(timer.o)
 .comment       0x0000000000000000       0x2c obj_cooja/mtype404.a(serial-line.o)
 .comment       0x0000000000000000       0x2c obj_cooja/mtype404.a(list.o)
 .comment       0x0000000000000000       0x2c obj_cooja/mtype404.a(ringbuf.o)
 .comment       0x0000000000000000       0x2c obj_cooja/mtype404.a(sicslowpan.o)
 .comment       0x0000000000000000       0x2c obj_cooja/mtype404.a(uip-ds6-nbr.o)
 .comment       0x0000000000000000       0x2c obj_cooja/mtype404.a(uip-ds6.o)
 .comment       0x0000000000000000       0x2c obj_cooja/mtype404.a(uip6.o)
 .comment       0x0000000000000000       0x2c obj_cooja/mtype404.a(tcpip.o)
 .comment       0x0000000000000000       0x2c obj_cooja/mtype404.a(uip-debug.o)
 .comment       0x0000000000000000       0x2c obj_cooja/mtype404.a(uip-packetqueue)
 .comment       0x0000000000000000       0x2c obj_cooja/mtype404.a(rpl-dag.o)
 .comment       0x0000000000000000       0x2c obj_cooja/mtype404.a(rpl-ext-header.)
 .comment       0x0000000000000000       0x2c obj_cooja/mtype404.a(rpl-icmp6.o)
 .comment       0x0000000000000000       0x2c obj_cooja/mtype404.a(rpl-mrhof.o)
 .comment       0x0000000000000000       0x2c obj_cooja/mtype404.a(rpl-timers.o)
 .comment       0x0000000000000000       0x2c obj_cooja/mtype404.a(rpl.o)
 .comment       0x0000000000000000       0x2c obj_cooja/mtype404.a(linkaddr.o)
 .comment       0x0000000000000000       0x2c obj_cooja/mtype404.a(nbr-table.o)
 .comment       0x0000000000000000       0x2c obj_cooja/mtype404.a(netstack.o)
 .comment       0x0000000000000000       0x2c obj_cooja/mtype404.a(packetbuf.o)
 .comment       0x0000000000000000       0x2c obj_cooja/mtype404.a(queuebuf.o)
 .comment       0x0000000000000000       0x2c obj_cooja/mtype404.a(csma.o)
 .comment       0x0000000000000000       0x2c obj_cooja/mtype404.a(framer-802154.o)
 .comment       0x0000000000000000       0x2c obj_cooja/mtype404.a(mac.o)
 .comment       0x0000000000000000       0x2c obj_cooja/mtype404.a(nullrdc.o)
 .comment       0x0000000000000000       0x2c obj_cooja/mtype404.a(nullsec.o)
 .comment       0x0000000000000000       0x2c obj_cooja/mtype404.a(watchdog.o)
 .comment       0x0000000000000000       0x2c obj_cooja/mtype404.a(rimestats.o)
 .comment       0x0000000000000000       0x2c obj_cooja/mtype404.a(stimer.o)
 .comment       0x0000000000000000       0x2c obj_cooja/mtype404.a(memb.o)
 .comment       0x0000000000000000       0x2c obj_cooja/mtype404.a(uip-ds6-route.o)
 .comment       0x0000000000000000       0x2c obj_cooja/mtype404.a(uip-icmp6.o)
 .comment       0x0000000000000000       0x2c obj_cooja/mtype404.a(uip-nd6.o)
 .comment       0x0000000000000000       0x2c obj_cooja/mtype404.a(rpl-nbr-policy.)
 .comment       0x0000000000000000       0x2c obj_cooja/mtype404.a(frame802154.o)
 .comment       0x0000000000000000       0x2c obj_cooja/mtype404.a(mac-sequence.o)
 .comment       0x0000000000000000       0x2c /usr/lib/gcc/i686-linux-gnu/4.8/crtendS.o

.debug
 *(.debug)

.line
 *(.line)

.debug_srcinfo
 *(.debug_srcinfo)

.debug_sfnames
 *(.debug_sfnames)

.debug_aranges  0x0000000000000000      0x7d8
 *(.debug_aranges)
 .debug_aranges
                0x0000000000000000       0x20 udp-server.co
 .debug_aranges
                0x0000000000000020       0x20 obj_cooja/mtype404.o
 .debug_aranges
                0x0000000000000040       0x20 obj_cooja/mtype404.a(simEnvChange.o)
 .debug_aranges
                0x0000000000000060       0x20 obj_cooja/mtype404.a(cooja_mt.o)
 .debug_aranges
                0x0000000000000080       0x20 obj_cooja/mtype404.a(cooja_mtarch.o)
 .debug_aranges
                0x00000000000000a0       0x20 obj_cooja/mtype404.a(rtimer-arch.o)
 .debug_aranges
                0x00000000000000c0       0x20 obj_cooja/mtype404.a(beep.o)
 .debug_aranges
                0x00000000000000e0       0x20 obj_cooja/mtype404.a(button-sensor.o)
 .debug_aranges
                0x0000000000000100       0x20 obj_cooja/mtype404.a(leds-arch.o)
 .debug_aranges
                0x0000000000000120       0x20 obj_cooja/mtype404.a(moteid.o)
 .debug_aranges
                0x0000000000000140       0x20 obj_cooja/mtype404.a(pir-sensor.o)
 .debug_aranges
                0x0000000000000160       0x20 obj_cooja/mtype404.a(rs232.o)
 .debug_aranges
                0x0000000000000180       0x20 obj_cooja/mtype404.a(vib-sensor.o)
 .debug_aranges
                0x00000000000001a0       0x20 obj_cooja/mtype404.a(clock.o)
 .debug_aranges
                0x00000000000001c0       0x20 obj_cooja/mtype404.a(log.o)
 .debug_aranges
                0x00000000000001e0       0x20 obj_cooja/mtype404.a(cfs-cooja.o)
 .debug_aranges
                0x0000000000000200       0x20 obj_cooja/mtype404.a(cooja-radio.o)
 .debug_aranges
                0x0000000000000220       0x20 obj_cooja/mtype404.a(eeprom.o)
 .debug_aranges
                0x0000000000000240       0x20 obj_cooja/mtype404.a(random.o)
 .debug_aranges
                0x0000000000000260       0x20 obj_cooja/mtype404.a(sensors.o)
 .debug_aranges
                0x0000000000000280       0x20 obj_cooja/mtype404.a(dual_conf.o)
 .debug_aranges
                0x00000000000002a0       0x20 obj_cooja/mtype404.a(autostart.o)
 .debug_aranges
                0x00000000000002c0       0x20 obj_cooja/mtype404.a(ctimer.o)
 .debug_aranges
                0x00000000000002e0       0x20 obj_cooja/mtype404.a(etimer.o)
 .debug_aranges
                0x0000000000000300       0x20 obj_cooja/mtype404.a(process.o)
 .debug_aranges
                0x0000000000000320       0x20 obj_cooja/mtype404.a(rtimer.o)
 .debug_aranges
                0x0000000000000340       0x20 obj_cooja/mtype404.a(timer.o)
 .debug_aranges
                0x0000000000000360       0x20 obj_cooja/mtype404.a(serial-line.o)
 .debug_aranges
                0x0000000000000380       0x20 obj_cooja/mtype404.a(list.o)
 .debug_aranges
                0x00000000000003a0       0x20 obj_cooja/mtype404.a(ringbuf.o)
 .debug_aranges
                0x00000000000003c0       0x20 obj_cooja/mtype404.a(sicslowpan.o)
 .debug_aranges
                0x00000000000003e0       0x20 obj_cooja/mtype404.a(uip-ds6-nbr.o)
 .debug_aranges
                0x0000000000000400       0x20 obj_cooja/mtype404.a(uip-ds6.o)
 .debug_aranges
                0x0000000000000420       0x20 obj_cooja/mtype404.a(uip6.o)
 .debug_aranges
                0x0000000000000440       0x20 obj_cooja/mtype404.a(tcpip.o)
 .debug_aranges
                0x0000000000000460       0x20 obj_cooja/mtype404.a(uip-debug.o)
 .debug_aranges
                0x0000000000000480       0x20 obj_cooja/mtype404.a(uip-packetqueue)
 .debug_aranges
                0x00000000000004a0       0x20 obj_cooja/mtype404.a(rpl-dag.o)
 .debug_aranges
                0x00000000000004c0       0x20 obj_cooja/mtype404.a(rpl-ext-header.)
 .debug_aranges
                0x00000000000004e0       0x20 obj_cooja/mtype404.a(rpl-icmp6.o)
 .debug_aranges
                0x0000000000000500       0x20 obj_cooja/mtype404.a(rpl-mrhof.o)
 .debug_aranges
                0x0000000000000520       0x20 obj_cooja/mtype404.a(rpl-timers.o)
 .debug_aranges
                0x0000000000000540       0x20 obj_cooja/mtype404.a(rpl.o)
 .debug_aranges
                0x0000000000000560       0x20 obj_cooja/mtype404.a(linkaddr.o)
 .debug_aranges
                0x0000000000000580       0x20 obj_cooja/mtype404.a(nbr-table.o)
 .debug_aranges
                0x00000000000005a0       0x20 obj_cooja/mtype404.a(netstack.o)
 .debug_aranges
                0x00000000000005c0       0x20 obj_cooja/mtype404.a(packetbuf.o)
 .debug_aranges
                0x00000000000005e0       0x20 obj_cooja/mtype404.a(queuebuf.o)
 .debug_aranges
                0x0000000000000600       0x20 obj_cooja/mtype404.a(csma.o)
 .debug_aranges
                0x0000000000000620       0x20 obj_cooja/mtype404.a(framer-802154.o)
 .debug_aranges
                0x0000000000000640       0x20 obj_cooja/mtype404.a(mac.o)
 .debug_aranges
                0x0000000000000660       0x20 obj_cooja/mtype404.a(nullrdc.o)
 .debug_aranges
                0x0000000000000680       0x20 obj_cooja/mtype404.a(nullsec.o)
 .debug_aranges
                0x00000000000006a0       0x20 obj_cooja/mtype404.a(watchdog.o)
 .debug_aranges
                0x00000000000006c0       0x18 obj_cooja/mtype404.a(rimestats.o)
 .debug_aranges
                0x00000000000006d8       0x20 obj_cooja/mtype404.a(stimer.o)
 .debug_aranges
                0x00000000000006f8       0x20 obj_cooja/mtype404.a(memb.o)
 .debug_aranges
                0x0000000000000718       0x20 obj_cooja/mtype404.a(uip-ds6-route.o)
 .debug_aranges
                0x0000000000000738       0x20 obj_cooja/mtype404.a(uip-icmp6.o)
 .debug_aranges
                0x0000000000000758       0x20 obj_cooja/mtype404.a(uip-nd6.o)
 .debug_aranges
                0x0000000000000778       0x20 obj_cooja/mtype404.a(rpl-nbr-policy.)
 .debug_aranges
                0x0000000000000798       0x20 obj_cooja/mtype404.a(frame802154.o)
 .debug_aranges
                0x00000000000007b8       0x20 obj_cooja/mtype404.a(mac-sequence.o)

.debug_pubnames
 *(.debug_pubnames)

.debug_info     0x0000000000000000    0x1aa26
 *(.debug_info .gnu.linkonce.wi.*)
 .debug_info    0x0000000000000000      0xdde udp-server.co
 .debug_info    0x0000000000000dde     0x370c obj_cooja/mtype404.o
 .debug_info    0x00000000000044ea      0x15a obj_cooja/mtype404.a(simEnvChange.o)
 .debug_info    0x0000000000004644      0x1e2 obj_cooja/mtype404.a(cooja_mt.o)
 .debug_info    0x0000000000004826      0x2e7 obj_cooja/mtype404.a(cooja_mtarch.o)
 .debug_info    0x0000000000004b0d      0x16b obj_cooja/mtype404.a(rtimer-arch.o)
 .debug_info    0x0000000000004c78      0x1f3 obj_cooja/mtype404.a(beep.o)
 .debug_info    0x0000000000004e6b      0x257 obj_cooja/mtype404.a(button-sensor.o)
 .debug_info    0x00000000000050c2      0x132 obj_cooja/mtype404.a(leds-arch.o)
 .debug_info    0x00000000000051f4      0x10a obj_cooja/mtype404.a(moteid.o)
 .debug_info    0x00000000000052fe      0x216 obj_cooja/mtype404.a(pir-sensor.o)
 .debug_info    0x0000000000005514      0x21e obj_cooja/mtype404.a(rs232.o)
 .debug_info    0x0000000000005732      0x216 obj_cooja/mtype404.a(vib-sensor.o)
 .debug_info    0x0000000000005948      0x152 obj_cooja/mtype404.a(clock.o)
 .debug_info    0x0000000000005a9a      0x2bb obj_cooja/mtype404.a(log.o)
 .debug_info    0x0000000000005d55      0x3cf obj_cooja/mtype404.a(cfs-cooja.o)
 .debug_info    0x0000000000006124      0xbeb obj_cooja/mtype404.a(cooja-radio.o)
 .debug_info    0x0000000000006d0f      0x1d5 obj_cooja/mtype404.a(eeprom.o)
 .debug_info    0x0000000000006ee4       0xb3 obj_cooja/mtype404.a(random.o)
 .debug_info    0x0000000000006f97      0x36d obj_cooja/mtype404.a(sensors.o)
 .debug_info    0x0000000000007304      0x116 obj_cooja/mtype404.a(dual_conf.o)
 .debug_info    0x000000000000741a      0x1a5 obj_cooja/mtype404.a(autostart.o)
 .debug_info    0x00000000000075bf      0x46c obj_cooja/mtype404.a(ctimer.o)
 .debug_info    0x0000000000007a2b      0x49c obj_cooja/mtype404.a(etimer.o)
 .debug_info    0x0000000000007ec7      0x4ba obj_cooja/mtype404.a(process.o)
 .debug_info    0x0000000000008381      0x1ab obj_cooja/mtype404.a(rtimer.o)
 .debug_info    0x000000000000852c      0x16c obj_cooja/mtype404.a(timer.o)
 .debug_info    0x0000000000008698      0x2de obj_cooja/mtype404.a(serial-line.o)
 .debug_info    0x0000000000008976      0x2ed obj_cooja/mtype404.a(list.o)
 .debug_info    0x0000000000008c63      0x1aa obj_cooja/mtype404.a(ringbuf.o)
 .debug_info    0x0000000000008e0d     0x10d4 obj_cooja/mtype404.a(sicslowpan.o)
 .debug_info    0x0000000000009ee1      0x853 obj_cooja/mtype404.a(uip-ds6-nbr.o)
 .debug_info    0x000000000000a734      0xa4b obj_cooja/mtype404.a(uip-ds6.o)
 .debug_info    0x000000000000b17f      0xe2c obj_cooja/mtype404.a(uip6.o)
 .debug_info    0x000000000000bfab     0x1402 obj_cooja/mtype404.a(tcpip.o)
 .debug_info    0x000000000000d3ad      0x1b5 obj_cooja/mtype404.a(uip-debug.o)
 .debug_info    0x000000000000d562      0x470 obj_cooja/mtype404.a(uip-packetqueue)
 .debug_info    0x000000000000d9d2     0x1903 obj_cooja/mtype404.a(rpl-dag.o)
 .debug_info    0x000000000000f2d5      0xe2b obj_cooja/mtype404.a(rpl-ext-header.)
 .debug_info    0x0000000000010100     0x164d obj_cooja/mtype404.a(rpl-icmp6.o)
 .debug_info    0x000000000001174d      0xabe obj_cooja/mtype404.a(rpl-mrhof.o)
 .debug_info    0x000000000001220b      0xbc9 obj_cooja/mtype404.a(rpl-timers.o)
 .debug_info    0x0000000000012dd4      0xcda obj_cooja/mtype404.a(rpl.o)
 .debug_info    0x0000000000013aae      0x165 obj_cooja/mtype404.a(linkaddr.o)
 .debug_info    0x0000000000013c13      0x8d7 obj_cooja/mtype404.a(nbr-table.o)
 .debug_info    0x00000000000144ea      0x4b9 obj_cooja/mtype404.a(netstack.o)
 .debug_info    0x00000000000149a3      0x478 obj_cooja/mtype404.a(packetbuf.o)
 .debug_info    0x0000000000014e1b      0x57d obj_cooja/mtype404.a(queuebuf.o)
 .debug_info    0x0000000000015398      0xbff obj_cooja/mtype404.a(csma.o)
 .debug_info    0x0000000000015f97      0x5f8 obj_cooja/mtype404.a(framer-802154.o)
 .debug_info    0x000000000001658f      0x112 obj_cooja/mtype404.a(mac.o)
 .debug_info    0x00000000000166a1      0xc26 obj_cooja/mtype404.a(nullrdc.o)
 .debug_info    0x00000000000172c7      0x3aa obj_cooja/mtype404.a(nullsec.o)
 .debug_info    0x0000000000017671       0x7b obj_cooja/mtype404.a(watchdog.o)
 .debug_info    0x00000000000176ec      0x119 obj_cooja/mtype404.a(rimestats.o)
 .debug_info    0x0000000000017805      0x179 obj_cooja/mtype404.a(stimer.o)
 .debug_info    0x000000000001797e      0x1d7 obj_cooja/mtype404.a(memb.o)
 .debug_info    0x0000000000017b55      0xd30 obj_cooja/mtype404.a(uip-ds6-route.o)
 .debug_info    0x0000000000018885      0x783 obj_cooja/mtype404.a(uip-icmp6.o)
 .debug_info    0x0000000000019008      0x331 obj_cooja/mtype404.a(uip-nd6.o)
 .debug_info    0x0000000000019339      0xda2 obj_cooja/mtype404.a(rpl-nbr-policy.)
 .debug_info    0x000000000001a0db      0x6b4 obj_cooja/mtype404.a(frame802154.o)
 .debug_info    0x000000000001a78f      0x297 obj_cooja/mtype404.a(mac-sequence.o)

.debug_abbrev   0x0000000000000000     0x648d
 *(.debug_abbrev)
 .debug_abbrev  0x0000000000000000      0x227 udp-server.co
 .debug_abbrev  0x0000000000000227      0x2b3 obj_cooja/mtype404.o
 .debug_abbrev  0x00000000000004da       0xc3 obj_cooja/mtype404.a(simEnvChange.o)
 .debug_abbrev  0x000000000000059d       0xe6 obj_cooja/mtype404.a(cooja_mt.o)
 .debug_abbrev  0x0000000000000683      0x147 obj_cooja/mtype404.a(cooja_mtarch.o)
 .debug_abbrev  0x00000000000007ca       0xcc obj_cooja/mtype404.a(rtimer-arch.o)
 .debug_abbrev  0x0000000000000896       0xe3 obj_cooja/mtype404.a(beep.o)
 .debug_abbrev  0x0000000000000979      0x11c obj_cooja/mtype404.a(button-sensor.o)
 .debug_abbrev  0x0000000000000a95       0xe1 obj_cooja/mtype404.a(leds-arch.o)
 .debug_abbrev  0x0000000000000b76       0x9c obj_cooja/mtype404.a(moteid.o)
 .debug_abbrev  0x0000000000000c12       0xe6 obj_cooja/mtype404.a(pir-sensor.o)
 .debug_abbrev  0x0000000000000cf8      0x14a obj_cooja/mtype404.a(rs232.o)
 .debug_abbrev  0x0000000000000e42       0xe6 obj_cooja/mtype404.a(vib-sensor.o)
 .debug_abbrev  0x0000000000000f28       0xee obj_cooja/mtype404.a(clock.o)
 .debug_abbrev  0x0000000000001016      0x141 obj_cooja/mtype404.a(log.o)
 .debug_abbrev  0x0000000000001157      0x139 obj_cooja/mtype404.a(cfs-cooja.o)
 .debug_abbrev  0x0000000000001290      0x2cb obj_cooja/mtype404.a(cooja-radio.o)
 .debug_abbrev  0x000000000000155b       0xf5 obj_cooja/mtype404.a(eeprom.o)
 .debug_abbrev  0x0000000000001650       0x6d obj_cooja/mtype404.a(random.o)
 .debug_abbrev  0x00000000000016bd      0x1c2 obj_cooja/mtype404.a(sensors.o)
 .debug_abbrev  0x000000000000187f       0x80 obj_cooja/mtype404.a(dual_conf.o)
 .debug_abbrev  0x00000000000018ff       0xfb obj_cooja/mtype404.a(autostart.o)
 .debug_abbrev  0x00000000000019fa      0x1a1 obj_cooja/mtype404.a(ctimer.o)
 .debug_abbrev  0x0000000000001b9b      0x1f1 obj_cooja/mtype404.a(etimer.o)
 .debug_abbrev  0x0000000000001d8c      0x244 obj_cooja/mtype404.a(process.o)
 .debug_abbrev  0x0000000000001fd0      0x124 obj_cooja/mtype404.a(rtimer.o)
 .debug_abbrev  0x00000000000020f4       0xf5 obj_cooja/mtype404.a(timer.o)
 .debug_abbrev  0x00000000000021e9      0x190 obj_cooja/mtype404.a(serial-line.o)
 .debug_abbrev  0x0000000000002379      0x145 obj_cooja/mtype404.a(list.o)
 .debug_abbrev  0x00000000000024be       0xdb obj_cooja/mtype404.a(ringbuf.o)
 .debug_abbrev  0x0000000000002599      0x2a1 obj_cooja/mtype404.a(sicslowpan.o)
 .debug_abbrev  0x000000000000283a      0x265 obj_cooja/mtype404.a(uip-ds6-nbr.o)
 .debug_abbrev  0x0000000000002a9f      0x23a obj_cooja/mtype404.a(uip-ds6.o)
 .debug_abbrev  0x0000000000002cd9      0x2d8 obj_cooja/mtype404.a(uip6.o)
 .debug_abbrev  0x0000000000002fb1      0x33a obj_cooja/mtype404.a(tcpip.o)
 .debug_abbrev  0x00000000000032eb       0xcb obj_cooja/mtype404.a(uip-debug.o)
 .debug_abbrev  0x00000000000033b6      0x1d4 obj_cooja/mtype404.a(uip-packetqueue)
 .debug_abbrev  0x000000000000358a      0x371 obj_cooja/mtype404.a(rpl-dag.o)