Archive member included to satisfy reference by file (symbol)

obj_cooja/mtype450.a(simEnvChange.o)
                              obj_cooja/mtype450.o (simDontFallAsleep)
obj_cooja/mtype450.a(cooja_mt.o)
                              obj_cooja/mtype450.o (cooja_mt_start)
obj_cooja/mtype450.a(cooja_mtarch.o)
                              obj_cooja/mtype450.a(cooja_mt.o) (cooja_mtarch_init)
obj_cooja/mtype450.a(rtimer-arch.o)
                              obj_cooja/mtype450.o (rtimer_arch_next)
obj_cooja/mtype450.a(beep.o)  obj_cooja/mtype450.o (beep_interface)
obj_cooja/mtype450.a(button-sensor.o)
                              obj_cooja/mtype450.o (button_interface)
obj_cooja/mtype450.a(leds-arch.o)
                              obj_cooja/mtype450.o (leds_interface)
obj_cooja/mtype450.a(moteid.o)
                              obj_cooja/mtype450.o (moteid_interface)
obj_cooja/mtype450.a(pir-sensor.o)
                              obj_cooja/mtype450.o (pir_interface)
obj_cooja/mtype450.a(rs232.o)
                              obj_cooja/mtype450.o (rs232_interface)
obj_cooja/mtype450.a(vib-sensor.o)
                              obj_cooja/mtype450.o (vib_interface)
obj_cooja/mtype450.a(clock.o)
                              obj_cooja/mtype450.o (clock_interface)
obj_cooja/mtype450.a(log.o)   obj_cooja/mtype450.o (simlog_interface)
obj_cooja/mtype450.a(cfs-cooja.o)
                              obj_cooja/mtype450.o (cfs_interface)
obj_cooja/mtype450.a(cooja-radio.o)
                              obj_cooja/mtype450.o (radio_interface)
obj_cooja/mtype450.a(eeprom.o)
                              obj_cooja/mtype450.o (eeprom_interface)
obj_cooja/mtype450.a(random.o)
                              obj_cooja/mtype450.a(moteid.o) (random_init)
obj_cooja/mtype450.a(sensors.o)
                              udp-server.co (sensors_event)
obj_cooja/mtype450.a(dual_conf.o)
                              obj_cooja/mtype450.a(cooja-radio.o) (long_range_radio)
obj_cooja/mtype450.a(autostart.o)
                              obj_cooja/mtype450.o (autostart_start)
obj_cooja/mtype450.a(ctimer.o)
                              obj_cooja/mtype450.o (ctimer_init)
obj_cooja/mtype450.a(etimer.o)
                              obj_cooja/mtype450.o (etimer_process)
obj_cooja/mtype450.a(process.o)
                              udp-server.co (process_current)
obj_cooja/mtype450.a(rtimer.o)
                              obj_cooja/mtype450.a(rtimer-arch.o) (rtimer_run_next)
obj_cooja/mtype450.a(timer.o)
                              obj_cooja/mtype450.a(button-sensor.o) (timer_set)
obj_cooja/mtype450.a(serial-line.o)
                              obj_cooja/mtype450.a(rs232.o) (serial_line_input_byte)
obj_cooja/mtype450.a(list.o)  obj_cooja/mtype450.a(ctimer.o) (list_init)
obj_cooja/mtype450.a(ringbuf.o)
                              obj_cooja/mtype450.a(serial-line.o) (ringbuf_init)
obj_cooja/mtype450.a(sicslowpan.o)
                              obj_cooja/mtype450.o (sicslowpan_driver)
obj_cooja/mtype450.a(uip-ds6-nbr.o)
                              obj_cooja/mtype450.a(sicslowpan.o) (uip_ds6_link_neighbor_callback)
obj_cooja/mtype450.a(uip-ds6.o)
                              udp-server.co (uip_ds6_if)
obj_cooja/mtype450.a(uip6.o)  obj_cooja/mtype450.o (uip_lladdr)
obj_cooja/mtype450.a(tcpip.o)
                              udp-server.co (tcpip_event)
obj_cooja/mtype450.a(uip-debug.o)
                              udp-server.co (uip_debug_ipaddr_print)
obj_cooja/mtype450.a(uip-packetqueue)
                              obj_cooja/mtype450.a(uip-ds6-nbr.o) (uip_packetqueue_new)
obj_cooja/mtype450.a(rpl-dag.o)
                              udp-server.co (rpl_set_root)
obj_cooja/mtype450.a(rpl-ext-header.)
                              obj_cooja/mtype450.a(uip6.o) (rpl_verify_header)
obj_cooja/mtype450.a(rpl-icmp6.o)
                              obj_cooja/mtype450.a(rpl-dag.o) (rpl_icmp6_update_nbr_table)
obj_cooja/mtype450.a(rpl-jkof.o)
                              obj_cooja/mtype450.a(rpl-dag.o) (rpl_jkof)
obj_cooja/mtype450.a(rpl-timers.o)
                              obj_cooja/mtype450.a(rpl-dag.o) (rpl_reset_dio_timer)
obj_cooja/mtype450.a(rpl.o)   obj_cooja/mtype450.a(rpl-icmp6.o) (rpl_get_mode)
obj_cooja/mtype450.a(linkaddr.o)
                              obj_cooja/mtype450.o (linkaddr_node_addr)
obj_cooja/mtype450.a(nbr-table.o)
                              obj_cooja/mtype450.a(uip-ds6-nbr.o) (lladdr_map_add_lr)
obj_cooja/mtype450.a(netstack.o)
                              obj_cooja/mtype450.o (netstack_init)
obj_cooja/mtype450.a(packetbuf.o)
                              obj_cooja/mtype450.a(cooja-radio.o) (packetbuf_attrs)
obj_cooja/mtype450.a(queuebuf.o)
                              obj_cooja/mtype450.o (queuebuf_init)
obj_cooja/mtype450.a(framer-802154.o)
                              obj_cooja/mtype450.a(sicslowpan.o) (framer_802154)
obj_cooja/mtype450.a(nullmac.o)
                              udp-server.co (nullmac_driver)
[...]
Memory Configuration

Name             Origin             Length             Attributes
*default*        0x0000000000000000 0xffffffffffffffff

Linker script and memory map

LOAD /usr/lib/gcc/i686-linux-gnu/4.8/../../../i386-linux-gnu/crti.o
LOAD /usr/lib/gcc/i686-linux-gnu/4.8/crtbeginS.o
LOAD udp-server.co
LOAD obj_cooja/mtype450.o
LOAD obj_cooja/mtype450.a
LOAD /usr/lib/gcc/i686-linux-gnu/4.8/libgcc.a
LOAD /usr/lib/gcc/i686-linux-gnu/4.8/libgcc_s.so
LOAD /usr/lib/gcc/i686-linux-gnu/4.8/../../../i386-linux-gnu/libc.so
START GROUP
LOAD /lib/i386-linux-gnu/libc.so.6
LOAD /usr/lib/i386-linux-gnu/libc_nonshared.a
LOAD /lib/i386-linux-gnu/ld-linux.so.2
END GROUP
LOAD /usr/lib/gcc/i686-linux-gnu/4.8/libgcc.a
LOAD /usr/lib/gcc/i686-linux-gnu/4.8/libgcc_s.so
LOAD /usr/lib/gcc/i686-linux-gnu/4.8/crtendS.o
LOAD /usr/lib/gcc/i686-linux-gnu/4.8/../../../i386-linux-gnu/crtn.o
                0x0000000000000114                . = (0x0 + SIZEOF_HEADERS)

.note.gnu.build-id
                0x0000000000000114       0x24
 *(.note.gnu.build-id)
 .note.gnu.build-id
                0x0000000000000114       0x24 /usr/lib/gcc/i686-linux-gnu/4.8/../../../i386-linux-gnu/crti.o

.hash
 *(.hash)

.gnu.hash       0x0000000000000138     0x12ac
 *(.gnu.hash)
 .gnu.hash      0x0000000000000138     0x12ac /usr/lib/gcc/i686-linux-gnu/4.8/../../../i386-linux-gnu/crti.o

.dynsym         0x00000000000013e4     0x22e0
 *(.dynsym)
 .dynsym        0x00000000000013e4     0x22e0 /usr/lib/gcc/i686-linux-gnu/4.8/../../../i386-linux-gnu/crti.o

.dynstr         0x00000000000036c4     0x241a
 *(.dynstr)
 .dynstr        0x00000000000036c4     0x241a /usr/lib/gcc/i686-linux-gnu/4.8/../../../i386-linux-gnu/crti.o

.gnu.version    0x0000000000005ade      0x45c
 *(.gnu.version)
 .gnu.version   0x0000000000005ade      0x45c /usr/lib/gcc/i686-linux-gnu/4.8/../../../i386-linux-gnu/crti.o

.gnu.version_d  0x0000000000005f3c        0x0
 *(.gnu.version_d)
 .gnu.version_d
                0x0000000000000000        0x0 /usr/lib/gcc/i686-linux-gnu/4.8/../../../i386-linux-gnu/crti.o

.gnu.version_r  0x0000000000005f3c       0x40
 *(.gnu.version_r)
 .gnu.version_r
                0x0000000000005f3c       0x40 /usr/lib/gcc/i686-linux-gnu/4.8/../../../i386-linux-gnu/crti.o

.rel.dyn        0x0000000000005f7c     0x8668
 *(.rel.init)
 .rel.init      0x0000000000000000        0x0 /usr/lib/gcc/i686-linux-gnu/4.8/../../../i386-linux-gnu/crti.o
 *(.rel.text .rel.text.* .rel.gnu.linkonce.t.*)
 .rel.text      0x0000000000005f7c     0x7f00 /usr/lib/gcc/i686-linux-gnu/4.8/../../../i386-linux-gnu/crti.o
 *(.rel.fini)
 .rel.fini      0x0000000000000000        0x0 /usr/lib/gcc/i686-linux-gnu/4.8/../../../i386-linux-gnu/crti.o
 *(.rel.rodata .rel.rodata.* .rel.gnu.linkonce.r.*)
 .rel.rodata    0x000000000000de7c      0x4e0 /usr/lib/gcc/i686-linux-gnu/4.8/../../../i386-linux-gnu/crti.o
 *(.rel.data.rel.ro .rel.data.rel.ro.* .rel.gnu.linkonce.d.rel.ro.*)
 *(.rel.data .rel.data.* .rel.gnu.linkonce.d.*)
 .rel.data.rel  0x000000000000e35c        0x8 /usr/lib/gcc/i686-linux-gnu/4.8/../../../i386-linux-gnu/crti.o
 .rel.data      0x000000000000e364      0x248 /usr/lib/gcc/i686-linux-gnu/4.8/../../../i386-linux-gnu/crti.o
 *(.rel.tdata .rel.tdata.* .rel.gnu.linkonce.td.*)
 *(.rel.tbss .rel.tbss.* .rel.gnu.linkonce.tb.*)
 *(.rel.ctors)
 *(.rel.dtors)
 *(.rel.got)
 .rel.got       0x000000000000e5ac       0x28 /usr/lib/gcc/i686-linux-gnu/4.8/../../../i386-linux-gnu/crti.o
 *(.rel.bss .rel.bss.* .rel.gnu.linkonce.b.*)
 *(.rel.ifunc)
 .rel.ifunc     0x0000000000000000        0x0 /usr/lib/gcc/i686-linux-gnu/4.8/../../../i386-linux-gnu/crti.o
 .rel.fini_array
                0x000000000000e5d4        0x8 /usr/lib/gcc/i686-linux-gnu/4.8/../../../i386-linux-gnu/crti.o
 .rel.init_array
                0x000000000000e5dc        0x8 /usr/lib/gcc/i686-linux-gnu/4.8/../../../i386-linux-gnu/crti.o

.rel.plt        0x000000000000e5e4       0x10
 *(.rel.plt)
 .rel.plt       0x000000000000e5e4       0x10 /usr/lib/gcc/i686-linux-gnu/4.8/../../../i386-linux-gnu/crti.o
 *(.rel.iplt)

.init           0x000000000000e5f4       0x23
 *(SORT(.init))
 .init          0x000000000000e5f4       0x1e /usr/lib/gcc/i686-linux-gnu/4.8/../../../i386-linux-gnu/crti.o
                0x000000000000e5f4                _init
 .init          0x000000000000e612        0x5 /usr/lib/gcc/i686-linux-gnu/4.8/../../../i386-linux-gnu/crtn.o

.plt            0x000000000000e620       0x30
 *(.plt)
 .plt           0x000000000000e620       0x30 /usr/lib/gcc/i686-linux-gnu/4.8/../../../i386-linux-gnu/crti.o
 *(.iplt)

.text           0x000000000000e650    0x14c25
 *(.text.unlikely .text.*_unlikely .text.unlikely.*)
 *(.text.exit .text.exit.*)
 *(.text.startup .text.startup.*)
 *(.text.hot .text.hot.*)
 *(.text .stub .text.* .gnu.linkonce.t.*)
 .text          0x000000000000e650        0x0 /usr/lib/gcc/i686-linux-gnu/4.8/../../../i386-linux-gnu/crti.o
 .gnu.linkonce.t.__x86.get_pc_thunk.bx
                0x000000000000e650        0x4 /usr/lib/gcc/i686-linux-gnu/4.8/../../../i386-linux-gnu/crti.o
                0x000000000000e650                __x86.get_pc_thunk.bx
 *fill*         0x000000000000e654        0xc 
 .text          0x000000000000e660      0x11b /usr/lib/gcc/i686-linux-gnu/4.8/crtbeginS.o
 .text          0x000000000000e77b      0x3e4 udp-server.co
 .text          0x000000000000eb5f      0x944 obj_cooja/mtype450.o
                0x000000000000ed0d                contiki_init
                0x000000000000f2ba                Java_org_contikios_cooja_corecomm_Lib7_init
                0x000000000000f2fa                Java_org_contikios_cooja_corecomm_Lib7_getMemory
                0x000000000000f33a                Java_org_contikios_cooja_corecomm_Lib7_setMemory
                0x000000000000f3b1                Java_org_contikios_cooja_corecomm_Lib7_tick
                0x000000000000f491                Java_org_contikios_cooja_corecomm_Lib7_setReferenceAddress
 .text          0x000000000000f4a3       0x63 obj_cooja/mtype450.a(simEnvChange.o)
                0x000000000000f4a3                doActionsBeforeTick
                0x000000000000f4d4                doActionsAfterTick
 .text          0x000000000000f506       0xbc obj_cooja/mtype450.a(cooja_mt.o)
                0x000000000000f506                cooja_mt_init
                0x000000000000f513                cooja_mt_remove
                0x000000000000f520                cooja_mt_start
                0x000000000000f54d                cooja_mt_exec
                0x000000000000f57e                cooja_mt_exit
                0x000000000000f5a0                cooja_mt_yield
 .text          0x000000000000f5c2      0x115 obj_cooja/mtype450.a(cooja_mtarch.o)
                0x000000000000f5c2                cooja_mtarch_init
                0x000000000000f5c7                cooja_mtarch_start
                0x000000000000f642                cooja_sw
                0x000000000000f664                cooja_mtarch_exec
                0x000000000000f680                cooja_mtarch_remove
                0x000000000000f685                cooja_mtarch_yield
                0x000000000000f68f                cooja_mtarch_pstop
                0x000000000000f694                cooja_mtarch_pstart
                0x000000000000f699                cooja_mtarch_stack_usage
 .text          0x000000000000f6d7       0xc2 obj_cooja/mtype450.a(rtimer-arch.o)
                0x000000000000f6d7                rtimer_arch_init
                0x000000000000f6fa                rtimer_arch_schedule
                0x000000000000f711                rtimer_arch_next
                0x000000000000f71b                rtimer_arch_pending
                0x000000000000f725                rtimer_arch_check
                0x000000000000f757                rtimer_arch_now
 .text          0x000000000000f799       0x76 obj_cooja/mtype450.a(beep.o)
                0x000000000000f799                beep_alarm
                0x000000000000f7a5                beep_beep
                0x000000000000f7b1                beep
                0x000000000000f7bd                beep_down
                0x000000000000f7c9                beep_on
                0x000000000000f7d5                beep_off
                0x000000000000f7e1                beep_spinup
                0x000000000000f7ed                beep_quick
                0x000000000000f7f9                beep_long
 .text          0x000000000000f80f      0x103 obj_cooja/mtype450.a(button-sensor.o)
 .text          0x000000000000f912       0x45 obj_cooja/mtype450.a(leds-arch.o)
                0x000000000000f912                leds_arch_init
                0x000000000000f91e                leds_arch_get
                0x000000000000f92a                leds_arch_set
 .text          0x000000000000f957       0x2f obj_cooja/mtype450.a(moteid.o)
 .text          0x000000000000f986       0xb1 obj_cooja/mtype450.a(pir-sensor.o)
 .text          0x000000000000fa37      0x131 obj_cooja/mtype450.a(rs232.o)
                0x000000000000fa37                rs232_init
                0x000000000000fa3c                rs232_set_speed
                0x000000000000fa4a                rs232_set_input
                0x000000000000fa57                rs232_send
                0x000000000000fa79                rs232_print
                0x000000000000fa94                slip_arch_writeb
 .text          0x000000000000fb68       0xb1 obj_cooja/mtype450.a(vib-sensor.o)
 .text          0x000000000000fc19       0x34 obj_cooja/mtype450.a(clock.o)
                0x000000000000fc19                clock_init
                0x000000000000fc1e                clock_time
                0x000000000000fc28                clock_seconds
                0x000000000000fc3e                clock_delay
 .text          0x000000000000fc4d      0x1ed obj_cooja/mtype450.a(log.o)
                0x000000000000fc4d                simlog_char
                0x000000000000fc8f                simlog
                0x000000000000fcfc                log_message
                0x000000000000fd24                log_set_putchar_with_slip
                0x000000000000fd31                log_putchar
                0x000000000000fdb5                log_puts
                0x000000000000fdd9                log_printf
 .text          0x000000000000fe3a      0x2c4 obj_cooja/mtype450.a(cfs-cooja.o)
                0x000000000000fe3a                cfs_open
                0x000000000000fea3                cfs_close
                0x000000000000feaf                cfs_read
                0x000000000000ff4d                cfs_write
                0x000000000001002a                cfs_seek
                0x00000000000100b2                cfs_remove
                0x00000000000100db                cfs_opendir
                0x00000000000100e5                cfs_readdir
                0x00000000000100ef                cfs_closedir
 .text          0x00000000000100fe      0x5c5 obj_cooja/mtype450.a(cooja-radio.o)
                0x0000000000010128                radio_set_channel
                0x000000000001013d                radio_set_txpower
                0x000000000001015d                radio_signal_strength_last
                0x0000000000010167                radio_signal_strength_current
                0x0000000000010171                radio_LQI
 .text          0x00000000000106c3       0xef obj_cooja/mtype450.a(eeprom.o)
                0x00000000000106c3                eeprom_init
                0x00000000000106c8                eeprom_read
                0x0000000000010738                eeprom_write
 .text          0x00000000000107b2       0x28 obj_cooja/mtype450.a(random.o)
                0x00000000000107b2                random_init
                0x00000000000107cd                random_rand
 .text          0x00000000000107da      0x2a1 obj_cooja/mtype450.a(sensors.o)
                0x0000000000010815                sensors_first
                0x000000000001081f                sensors_next
                0x000000000001083c                sensors_changed
                0x000000000001086b                sensors_find
 .text          0x0000000000010a7b      0x2d2 obj_cooja/mtype450.a(dual_conf.o)
                0x0000000000010a7b                dual_radio_switch
                0x0000000000010abb                dual_radio_change
                0x0000000000010af5                sending_in_LR
                0x0000000000010b20                dual_radio_received
                0x0000000000010b73                radio_received_is_longrange
                0x0000000000010d03                dio_broadcast
                0x0000000000010d2c                dis_broadcast
 .text          0x0000000000010d4d       0x8e obj_cooja/mtype450.a(autostart.o)
                0x0000000000010d4d                autostart_start
                0x0000000000010d98                autostart_exit
 .text          0x0000000000010ddb      0x334 obj_cooja/mtype450.a(ctimer.o)
                0x0000000000010ef2                ctimer_init
                0x0000000000010f22                ctimer_set
                0x0000000000010f53                ctimer_set_with_process
                0x0000000000010fcf                ctimer_reset
                0x000000000001101e                ctimer_restart
                0x000000000001106d                ctimer_stop
                0x00000000000110b8                ctimer_expired
 .text          0x000000000001110f      0x40b obj_cooja/mtype450.a(etimer.o)
                0x0000000000011322                etimer_request_poll
                0x00000000000113a6                etimer_set
                0x00000000000113cb                etimer_reset_with_new_interval
                0x00000000000113f2                etimer_reset
                0x0000000000011410                etimer_restart
                0x000000000001142e                etimer_adjust
                0x000000000001144a                etimer_expired
                0x000000000001145d                etimer_expiration_time
                0x000000000001146f                etimer_start_time
                0x0000000000011479                etimer_pending
                0x000000000001148b                etimer_next_expiration_time
                0x00000000000114a5                etimer_stop
 .text          0x000000000001151a      0x560 obj_cooja/mtype450.a(process.o)
                0x000000000001151a                process_alloc_event
                0x000000000001152f                process_start
                0x0000000000011718                process_exit
                0x0000000000011734                process_init
                0x0000000000011905                process_run
                0x0000000000011938                process_nevents
                0x0000000000011953                process_post
                0x00000000000119ff                process_post_synch
                0x0000000000011a37                process_poll
                0x0000000000011a66                process_is_running
 .text          0x0000000000011a7a       0xba obj_cooja/mtype450.a(rtimer.o)
                0x0000000000011a7a                rtimer_init
                0x0000000000011a87                rtimer_set
                0x0000000000011ade                rtimer_run_next
 .text          0x0000000000011b34       0x91 obj_cooja/mtype450.a(timer.o)
                0x0000000000011b34                timer_set
                0x0000000000011b4f                timer_reset
                0x0000000000011b66                timer_restart
                0x0000000000011b78                timer_expired
                0x0000000000011ba1                timer_remaining
 .text          0x0000000000011bc5      0x1fb obj_cooja/mtype450.a(serial-line.o)
                0x0000000000011bc5                serial_line_input_byte
                0x0000000000011d88                serial_line_init
 .text          0x0000000000011dc0      0x244 obj_cooja/mtype450.a(list.o)
                0x0000000000011dc0                list_init
                0x0000000000011dce                list_head
                0x0000000000011dd8                list_copy
                0x0000000000011de7                list_tail
                0x0000000000011e1d                list_add
                0x0000000000011e66                list_push
                0x0000000000011e92                list_chop
                0x0000000000011efc                list_pop
                0x0000000000011f24                list_remove
                0x0000000000011f8b                list_length
                0x0000000000011fb9                list_insert
                0x0000000000011fed                list_item_next
 .text          0x0000000000012004      0x155 obj_cooja/mtype450.a(ringbuf.o)
                0x0000000000012004                ringbuf_init
                0x0000000000012035                ringbuf_put
                0x00000000000120b3                ringbuf_get
                0x0000000000012120                ringbuf_size
                0x0000000000012132                ringbuf_elements
 .text          0x0000000000012159     0x258b obj_cooja/mtype450.a(sicslowpan.o)
                0x00000000000126e3                rime_sniffer_add
                0x00000000000126f0                rime_sniffer_remove
                0x0000000000014683                sicslowpan_init
                0x00000000000146da                sicslowpan_get_last_rssi
 .text          0x00000000000146e4      0x2dc obj_cooja/mtype450.a(uip-ds6-nbr.o)
                0x0000000000014701                uip_ds6_neighbors_init
                0x000000000001471e                uip_ds6_nbr_add
                0x00000000000147cf                uip_ds6_nbr_rm
                0x000000000001482c                uip_ds6_nbr_get_ipaddr
                0x0000000000014841                uip_ds6_nbr_get_ll
                0x000000000001485d                uip_ds6_nbr_num
                0x00000000000148a2                uip_ds6_nbr_lookup
                0x0000000000014907                uip_ds6_nbr_ll_lookup
                0x0000000000014923                uip_ds6_nbr_ipaddr_from_lladdr
                0x0000000000014949                uip_ds6_nbr_lladdr_from_ipaddr
                0x0000000000014977                uip_ds6_link_neighbor_callback
 .text          0x00000000000149c0     0x12ad obj_cooja/mtype450.a(uip-ds6.o)
                0x00000000000149c0                uip_ds6_init
                0x0000000000014d15                uip_ds6_periodic
                0x0000000000014ded                uip_ds6_list_loop
                0x0000000000014e94                uip_ds6_prefix_add
                0x0000000000014f52                uip_ds6_prefix_rm
                0x0000000000014f64                uip_ds6_prefix_lookup
                0x0000000000014fb5                uip_ds6_is_addr_onlink
                0x0000000000015029                uip_ds6_addr_add
                0x0000000000015157                uip_ds6_long_addr_add
                0x0000000000015285                uip_ds6_addr_rm
                0x0000000000015325                uip_ds6_addr_lookup
                0x0000000000015370                uip_ds6_long_addr_lookup
                0x00000000000153bb                uip_ds6_get_link_local
                0x000000000001543a                uip_ds6_long_get_link_local
                0x00000000000154b9                uip_ds6_get_global
                0x0000000000015538                uip_ds6_long_get_global
                0x00000000000155b7                uip_ds6_maddr_add
                0x0000000000015629                uip_ds6_long_maddr_add
                0x000000000001569b                uip_ds6_maddr_rm
                0x00000000000156ad                uip_ds6_maddr_lookup
                0x00000000000156f8                uip_ds6_long_maddr_lookup
                0x0000000000015743                uip_ds6_aaddr_add
                0x00000000000157b5                uip_ds6_long_aaddr_add
                0x0000000000015827                uip_ds6_aaddr_rm
                0x0000000000015839                uip_ds6_aaddr_lookup
                0x0000000000015884                uip_ds6_long_aaddr_lookup
                0x00000000000158cf                uip_ds6_select_src
                0x0000000000015b58                uip_ds6_set_addr_iid
                0x0000000000015b8f                get_match_length
                0x0000000000015c21                uip_ds6_compute_reachable_time
 .text          0x0000000000015c6d     0x29f3 obj_cooja/mtype450.a(uip6.o)
                0x0000000000015c6d                uip_add32
                0x0000000000015e06                uip_chksum
                0x0000000000015ef4                uip_icmp6chksum
                0x0000000000015f08                uip_tcpchksum
                0x0000000000015f1c                uip_udpchksum
                0x0000000000015f30                uip_init
                0x0000000000016000                uip_connect
                0x00000000000161af                remove_ext_hdr
                0x0000000000016284                uip_udp_new
                0x00000000000163e0                uip_unlisten
                0x0000000000016440                uip_listen
                0x0000000000016702                uip_process
                0x0000000000018554                uip_htons
                0x0000000000018576                uip_htonl
                0x00000000000185b6                uip_send
 .text          0x0000000000018660      0xa66 obj_cooja/mtype450.a(tcpip.o)
                0x0000000000018660                tcpip_output
                0x000000000001868e                tcpip_set_outputfunc
                0x0000000000018722                tcp_connect
                0x0000000000018777                tcp_unlisten
                0x00000000000187d2                tcp_listen
                0x000000000001882b                tcp_attach
                0x0000000000018850                udp_attach
                0x0000000000018875                udp_new
                0x00000000000188c7                udp_broadcast_new
                0x0000000000018b3b                tcpip_input
                0x0000000000018b6f                tcpip_ipv6_output
                0x0000000000018f0c                tcpip_poll_udp
                0x0000000000018f2f                tcpip_poll_tcp
                0x0000000000018f52                tcpip_uipcall
 .text          0x00000000000190c6      0x1c1 obj_cooja/mtype450.a(uip-debug.o)
                0x00000000000190c6                uip_debug_ipaddr_print
                0x0000000000019228                uip_debug_lladdr_print
 .text          0x0000000000019287      0x141 obj_cooja/mtype450.a(uip-packetqueue)
                0x00000000000192b3                uip_packetqueue_new
                0x00000000000192c1                uip_packetqueue_alloc
                0x0000000000019321                uip_packetqueue_free
                0x0000000000019362                uip_packetqueue_buf
                0x000000000001937f                uip_packetqueue_buflen
                0x00000000000193a0                uip_packetqueue_set_buflen
 .text          0x00000000000193c8     0x238e obj_cooja/mtype450.a(rpl-dag.o)
                0x00000000000193c8                rpl_print_neighbor_list
                0x000000000001959d                rpl_get_nbr
                0x00000000000195f7                rpl_dag_init
                0x0000000000019614                rpl_get_parent
                0x0000000000019636                rpl_get_parent_rank
                0x0000000000019669                rpl_get_parent_link_metric
                0x000000000001969c                rpl_get_parent_ipaddr
                0x000000000001999f                rpl_set_root
                0x0000000000019bc6                rpl_repair_root
                0x0000000000019e02                rpl_set_prefix
                0x0000000000019f01                rpl_set_default_route
                0x0000000000019f8d                rpl_alloc_instance
                0x000000000001a020                rpl_alloc_dag
                0x000000000001a0d1                rpl_set_default_instance
                0x000000000001a0de                rpl_get_default_instance
                0x000000000001a0e8                rpl_free_instance
                0x000000000001a197                rpl_free_dag
                0x000000000001a1fd                rpl_add_parent
                0x000000000001a2d3                rpl_find_parent
                0x000000000001a32b                rpl_find_parent_any_dag
                0x000000000001a367                rpl_select_dag
                0x000000000001a6fd                rpl_select_parent
                0x000000000001a75f                rpl_remove_parent
                0x000000000001a786                rpl_nullify_parent
                0x000000000001a824                rpl_move_parent
                0x000000000001a8c1                rpl_has_downward_route
                0x000000000001a914                rpl_get_any_dag
                0x000000000001a976                rpl_get_instance
                0x000000000001a9d9                rpl_find_of
                0x000000000001aa16                rpl_join_instance
                0x000000000001ac91                rpl_add_dag
                0x000000000001b080                rpl_local_repair
                0x000000000001b144                rpl_recalculate_ranks
                0x000000000001b1ca                rpl_process_parent_event
                0x000000000001b27c                rpl_process_dio
 .text          0x000000000001b756      0xbf3 obj_cooja/mtype450.a(rpl-ext-header.)
                0x000000000001b773                rpl_verify_header
                0x000000000001bbed                rpl_update_header_empty
                0x000000000001bf04                rpl_update_header_final
                0x000000000001c093                rpl_remove_header
                0x000000000001c19d                rpl_invert_header
                0x000000000001c327                rpl_insert_header
 .text          0x000000000001c349     0x1d71 obj_cooja/mtype450.a(rpl-icmp6.o)
                0x000000000001c5a8                rpl_icmp6_update_nbr_table
                0x000000000001c698                dis_output
                0x000000000001ccd6                dio_output
                0x000000000001dc32                dao_output
                0x000000000001dced                dao_output_target
                0x000000000001e06e                dao_ack_output
                0x000000000001e082                rpl_icmp6_register_handlers
 .text          0x000000000001e0ba      0x342 obj_cooja/mtype450.a(rpl-jkof.o)
 .text          0x000000000001e3fc      0x7b3 obj_cooja/mtype450.a(rpl-timers.o)
                0x000000000001e642                rpl_reset_periodic_timer
                0x000000000001e697                rpl_reset_dio_timer
                0x000000000001e8d1                rpl_schedule_dao
                0x000000000001e8ec                rpl_schedule_dao_immediately
                0x000000000001e907                rpl_cancel_dao
                0x000000000001e969                rpl_schedule_unicast_dio_immediately
                0x000000000001eb57                rpl_schedule_probing
 .text          0x000000000001ebaf      0x59b obj_cooja/mtype450.a(rpl.o)
                0x000000000001ebaf                rpl_get_mode
                0x000000000001ebb9                rpl_set_mode
                0x000000000001ec47                rpl_purge_routes
                0x000000000001ed41                rpl_remove_routes
                0x000000000001ed87                rpl_remove_routes_by_nexthop
                0x000000000001edf3                rpl_add_route
                0x000000000001ee6e                rpl_link_neighbor_callback
                0x000000000001ef73                rpl_ipv6_neighbor_callback
                0x000000000001efe2                rpl_purge_dags
                0x000000000001f0c4                rpl_init
 .text          0x000000000001f14a       0x82 obj_cooja/mtype450.a(linkaddr.o)
                0x000000000001f14a                linkaddr_copy
                0x000000000001f16c                linkaddr_cmp
                0x000000000001f196                linkaddr_set_node_addr
                0x000000000001f1b1                linkaddr_set_node_long_addr
 .text          0x000000000001f1cc      0x88c obj_cooja/mtype450.a(nbr-table.o)
                0x000000000001f1cc                lladdr_map_add_lr
                0x000000000001f289                lladdr_map_rm_lr
                0x000000000001f74e                nbr_table_register
                0x000000000001f796                nbr_table_head
                0x000000000001f7f2                nbr_table_next
                0x000000000001f859                nbr_table_add_lladdr
                0x000000000001f935                nbr_table_get_from_lladdr
                0x000000000001f982                nbr_table_remove
                0x000000000001f9d4                nbr_table_lock
                0x000000000001f9fe                nbr_table_unlock
                0x000000000001fa28                nbr_table_get_lladdr
 .text          0x000000000001fa58       0x2b obj_cooja/mtype450.a(netstack.o)
                0x000000000001fa58                netstack_init
 .text          0x000000000001fa83      0x3cd obj_cooja/mtype450.a(packetbuf.o)
                0x000000000001fa83                packetbuf_clear
                0x000000000001faad                packetbuf_copyfrom
                0x000000000001faff                packetbuf_compact
                0x000000000001fb7c                packetbuf_copyto
                0x000000000001fc13                packetbuf_hdralloc
                0x000000000001fc90                packetbuf_hdrreduce
                0x000000000001fcd8                packetbuf_set_datalen
                0x000000000001fcf1                packetbuf_dataptr
                0x000000000001fd0e                packetbuf_hdrptr
                0x000000000001fd18                packetbuf_datalen
                0x000000000001fd24                packetbuf_hdrlen
                0x000000000001fd3b                packetbuf_totlen
                0x000000000001fd51                packetbuf_attr_clear
                0x000000000001fda3                packetbuf_attr_copyto
                0x000000000001fdec                packetbuf_attr_copyfrom
                0x000000000001fe34                packetbuf_holds_broadcast
 .text          0x000000000001fe50      0x2b4 obj_cooja/mtype450.a(queuebuf.o)
                0x000000000001fe5a                queuebuf_init
                0x000000000001fe7a                queuebuf_numfree
                0x000000000001fe8e                queuebuf_new_from_packetbuf
                0x000000000001ff1e                queuebuf_update_attr_from_packetbuf
                0x000000000001ff51                queuebuf_update_from_packetbuf
                0x000000000001ff9b                queuebuf_free
                0x000000000001ffe2                queuebuf_to_packetbuf
                0x0000000000020048                queuebuf_dataptr
                0x000000000002007f                queuebuf_datalen
                0x00000000000200a2                queuebuf_addr
                0x00000000000200d4                queuebuf_attr
                0x00000000000200ff                queuebuf_debug_print
 .text          0x0000000000020104      0x3f5 obj_cooja/mtype450.a(framer-802154.o)
 .text          0x00000000000204f9       0x5e obj_cooja/mtype450.a(nullmac.o)
 .text          0x0000000000020557      0x4a9 obj_cooja/mtype450.a(nullrdc.o)
 .text          0x0000000000020a00       0x6e obj_cooja/mtype450.a(nullsec.o)
 .text          0x0000000000020a6e       0x19 obj_cooja/mtype450.a(watchdog.o)
                0x0000000000020a6e                watchdog_init
                0x0000000000020a73                watchdog_start
                0x0000000000020a78                watchdog_periodic
                0x0000000000020a7d                watchdog_stop
                0x0000000000020a82                watchdog_reboot
 .text          0x0000000000020a87        0x0 obj_cooja/mtype450.a(rimestats.o)
 .text          0x0000000000020a87       0xa3 obj_cooja/mtype450.a(stimer.o)
                0x0000000000020a87                stimer_set
                0x0000000000020aa2                stimer_reset
                0x0000000000020ab9                stimer_restart
                0x0000000000020acb                stimer_expired
                0x0000000000020af2                stimer_remaining
                0x0000000000020b16                stimer_elapsed
 .text          0x0000000000020b2a      0x1c1 obj_cooja/mtype450.a(memb.o)
                0x0000000000020b2a                memb_init
                0x0000000000020b88                memb_alloc
                0x0000000000020bed                memb_free
                0x0000000000020c68                memb_inmemb
                0x0000000000020ca7                memb_numfree
 .text          0x0000000000020ceb      0x916 obj_cooja/mtype450.a(uip-ds6-route.o)
                0x0000000000020d62                uip_ds6_notification_add
                0x0000000000020d93                uip_ds6_notification_rm
                0x0000000000020daf                uip_ds6_route_init
                0x0000000000020e37                uip_ds6_route_nexthop
                0x0000000000020e5f                uip_ds6_route_head
                0x0000000000020e74                uip_ds6_route_next
                0x0000000000020e9a                uip_ds6_route_is_nexthop
                0x0000000000020ed9                uip_ds6_route_num_routes
                0x0000000000020ee3                uip_ds6_route_lookup
                0x0000000000020fa5                uip_ds6_route_add
                0x00000000000211d9                uip_ds6_route_rm
                0x000000000002136d                uip_ds6_route_rm_by_nexthop
                0x00000000000213a5                uip_ds6_defrt_add
                0x0000000000021456                uip_ds6_defrt_rm
                0x00000000000214d5                uip_ds6_defrt_lookup
                0x000000000002152e                uip_ds6_defrt_choose
                0x0000000000021599                uip_ds6_defrt_periodic
 .text          0x0000000000021601      0xab2 obj_cooja/mtype450.a(uip-icmp6.o)
                0x000000000002166f                uip_icmp6_input
                0x00000000000216c5                uip_icmp6_register_input_handler
                0x000000000002198d                uip_icmp6_error_output
                0x0000000000021cd2                uip_icmp6_send
                0x0000000000022046                uip_icmp6_echo_reply_callback_add
                0x0000000000022077                uip_icmp6_echo_reply_callback_rm
                0x0000000000022093                uip_icmp6_init
 .text          0x00000000000220b3      0x358 obj_cooja/mtype450.a(uip-nd6.o)
                0x0000000000022107                uip_nd6_ns_output
                0x0000000000022406                uip_nd6_init
 .text          0x000000000002240b      0x331 obj_cooja/mtype450.a(rpl-nbr-policy.)
                0x00000000000225e3                find_removable_dis
                0x0000000000022606                find_removable_dio
                0x0000000000022695                find_removable_dao
                0x00000000000226e5                rpl_nbr_policy_find_removable
 .text          0x000000000002273c      0x97c obj_cooja/mtype450.a(frame802154.o)
                0x000000000002276d                frame802154_get_pan_id
                0x0000000000022779                frame802154_set_pan_id
                0x0000000000022792                frame802154_has_panid
                0x000000000002287e                frame802154_check_dest_panid
                0x00000000000228e6                frame802154_is_broadcast_addr
                0x0000000000022933                frame802154_extract_linkaddr
                0x0000000000022b73                frame802154_hdrlen
                0x0000000000022bc4                frame802154_create
                0x0000000000022daf                frame802154_parse
 .text          0x00000000000230b8      0x181 obj_cooja/mtype450.a(mac-sequence.o)
                0x00000000000230ef                mac_sequence_is_duplicate
                0x0000000000023172                mac_sequence_register_seqno
 .text          0x0000000000023239       0x3c obj_cooja/mtype450.a(mac.o)
                0x0000000000023239                mac_call_sent_callback
 .text          0x0000000000023275        0x0 /usr/lib/gcc/i686-linux-gnu/4.8/crtendS.o
 .text          0x0000000000023275        0x0 /usr/lib/gcc/i686-linux-gnu/4.8/../../../i386-linux-gnu/crtn.o
 *(.gnu.warning)

.fini           0x0000000000023278       0x14
 *(SORT(.fini))
 .fini          0x0000000000023278        0xf /usr/lib/gcc/i686-linux-gnu/4.8/../../../i386-linux-gnu/crti.o
                0x0000000000023278                _fini
 .fini          0x0000000000023287        0x5 /usr/lib/gcc/i686-linux-gnu/4.8/../../../i386-linux-gnu/crtn.o
                0x000000000002328c                PROVIDE (__etext, .)
                0x000000000002328c                PROVIDE (_etext, .)
                0x000000000002328c                PROVIDE (etext, .)

.rodata         0x00000000000232a0      0x9d8
 *(.rodata .rodata.* .gnu.linkonce.r.*)
 .rodata        0x00000000000232a0      0x148 udp-server.co
                0x00000000000232b4                autostart_processes
 .rodata        0x00000000000233e8      0x1b6 obj_cooja/mtype450.o
 *fill*         0x000000000002359e        0x2 
 .rodata        0x00000000000235a0        0x8 obj_cooja/mtype450.a(beep.o)
                0x00000000000235a0                beep_interface
 .rodata        0x00000000000235a8       0x20 obj_cooja/mtype450.a(button-sensor.o)
                0x00000000000235a8                button_interface
                0x00000000000235b8                button_sensor
 .rodata        0x00000000000235c8        0x8 obj_cooja/mtype450.a(leds-arch.o)
                0x00000000000235c8                leds_interface
 .rodata        0x00000000000235d0        0x8 obj_cooja/mtype450.a(moteid.o)
                0x00000000000235d0                moteid_interface
 .rodata        0x00000000000235d8       0x1c obj_cooja/mtype450.a(pir-sensor.o)
                0x00000000000235d8                pir_interface
                0x00000000000235e4                pir_sensor
 .rodata        0x00000000000235f4        0xe obj_cooja/mtype450.a(rs232.o)
                0x00000000000235f4                rs232_interface
 *fill*         0x0000000000023602        0x2 
 .rodata        0x0000000000023604       0x24 obj_cooja/mtype450.a(vib-sensor.o)
                0x0000000000023604                vib_interface
                0x0000000000023618                vib_sensor
 .rodata        0x0000000000023628        0x8 obj_cooja/mtype450.a(clock.o)
                0x0000000000023628                clock_interface
 .rodata        0x0000000000023630        0x8 obj_cooja/mtype450.a(log.o)
                0x0000000000023630                simlog_interface
 .rodata        0x0000000000023638       0x2f obj_cooja/mtype450.a(cfs-cooja.o)
                0x0000000000023638                cfs_interface
 *fill*         0x0000000000023667       0x19 
 .rodata        0x0000000000023680      0x100 obj_cooja/mtype450.a(cooja-radio.o)
                0x0000000000023740                cooja_radio_driver
                0x0000000000023778                radio_interface
 .rodata        0x0000000000023780        0x8 obj_cooja/mtype450.a(eeprom.o)
                0x0000000000023780                eeprom_interface
 .rodata        0x0000000000023788        0x8 obj_cooja/mtype450.a(sensors.o)
 .rodata        0x0000000000023790      0x169 obj_cooja/mtype450.a(dual_conf.o)
 .rodata        0x00000000000238f9        0xf obj_cooja/mtype450.a(ctimer.o)
 .rodata        0x0000000000023908        0xc obj_cooja/mtype450.a(etimer.o)
 .rodata        0x0000000000023914        0xe obj_cooja/mtype450.a(serial-line.o)
 *fill*         0x0000000000023922        0x2 
 .rodata        0x0000000000023924       0x2c obj_cooja/mtype450.a(sicslowpan.o)
                0x0000000000023924                unc_llconf
                0x0000000000023928                unc_ctxconf
                0x000000000002392c                unc_mxconf
                0x0000000000023930                llprefix
                0x0000000000023944                sicslowpan_driver
 .rodata        0x0000000000023950      0x13c obj_cooja/mtype450.a(uip6.o)
 .rodata        0x0000000000023a8c       0x29 obj_cooja/mtype450.a(tcpip.o)
 .rodata        0x0000000000023ab5       0x3e obj_cooja/mtype450.a(uip-debug.o)
 *fill*         0x0000000000023af3        0x1 
 .rodata        0x0000000000023af4       0x72 obj_cooja/mtype450.a(rpl-dag.o)
 *fill*         0x0000000000023b66        0x2 
 .rodata        0x0000000000023b68       0x6f obj_cooja/mtype450.a(rpl-jkof.o)
 .rodata        0x0000000000023bd7        0x8 obj_cooja/mtype450.a(linkaddr.o)
                0x0000000000023bd7                linkaddr_null
 *fill*         0x0000000000023bdf        0x1 
 .rodata        0x0000000000023be0        0xc obj_cooja/mtype450.a(framer-802154.o)
                0x0000000000023be0                framer_802154
 .rodata        0x0000000000023bec       0x24 obj_cooja/mtype450.a(nullmac.o)
                0x0000000000023bf4                nullmac_driver
 *fill*         0x0000000000023c10       0x10 
 .rodata        0x0000000000023c20       0x40 obj_cooja/mtype450.a(nullrdc.o)
                0x0000000000023c40                nullrdc_driver
 .rodata        0x0000000000023c60       0x18 obj_cooja/mtype450.a(nullsec.o)
                0x0000000000023c68                nullsec_driver

.rodata1
 *(.rodata1)

.eh_frame_hdr   0x0000000000023c78     0x12ac
 *(.eh_frame_hdr)
 .eh_frame_hdr  0x0000000000023c78     0x12ac udp-server.co

.eh_frame       0x0000000000024f24     0x4be8
 *(.eh_frame)
 .eh_frame      0x0000000000024f24       0x3c /usr/lib/gcc/i686-linux-gnu/4.8/../../../i386-linux-gnu/crti.o
                                         0x40 (size before relaxing)
 .eh_frame      0x0000000000024f60       0x68 udp-server.co
                                         0x80 (size before relaxing)
 .eh_frame      0x0000000000024fc8      0x148 obj_cooja/mtype450.o
                                        0x160 (size before relaxing)
 .eh_frame      0x0000000000025110       0x40 obj_cooja/mtype450.a(simEnvChange.o)
                                         0x58 (size before relaxing)
 .eh_frame      0x0000000000025150       0xc0 obj_cooja/mtype450.a(cooja_mt.o)
                                         0xd8 (size before relaxing)
 .eh_frame      0x0000000000025210      0x120 obj_cooja/mtype450.a(cooja_mtarch.o)
                                        0x138 (size before relaxing)
 .eh_frame      0x0000000000025330       0xc0 obj_cooja/mtype450.a(rtimer-arch.o)
                                         0xd8 (size before relaxing)
 .eh_frame      0x00000000000253f0      0x160 obj_cooja/mtype450.a(beep.o)
                                        0x178 (size before relaxing)
 .eh_frame      0x0000000000025550       0xa0 obj_cooja/mtype450.a(button-sensor.o)
                                         0xb8 (size before relaxing)
 .eh_frame      0x00000000000255f0       0xa0 obj_cooja/mtype450.a(leds-arch.o)
                                         0xb8 (size before relaxing)
 .eh_frame      0x0000000000025690       0x40 obj_cooja/mtype450.a(moteid.o)
                                         0x58 (size before relaxing)
 .eh_frame      0x00000000000256d0       0xa0 obj_cooja/mtype450.a(pir-sensor.o)
                                         0xb8 (size before relaxing)
 .eh_frame      0x0000000000025770      0x100 obj_cooja/mtype450.a(rs232.o)
                                        0x118 (size before relaxing)
 .eh_frame      0x0000000000025870       0xa0 obj_cooja/mtype450.a(vib-sensor.o)
                                         0xb8 (size before relaxing)
 .eh_frame      0x0000000000025910       0xc0 obj_cooja/mtype450.a(clock.o)
                                         0xd8 (size before relaxing)
 .eh_frame      0x00000000000259d0      0x120 obj_cooja/mtype450.a(log.o)
                                        0x138 (size before relaxing)
 .eh_frame      0x0000000000025af0      0x160 obj_cooja/mtype450.a(cfs-cooja.o)
                                        0x178 (size before relaxing)
 .eh_frame      0x0000000000025c50      0x2e0 obj_cooja/mtype450.a(cooja-radio.o)
                                        0x2f8 (size before relaxing)
 .eh_frame      0x0000000000025f30       0xa0 obj_cooja/mtype450.a(eeprom.o)
                                         0xb8 (size before relaxing)
 .eh_frame      0x0000000000025fd0       0x40 obj_cooja/mtype450.a(random.o)
                                         0x58 (size before relaxing)
 .eh_frame      0x0000000000026010       0xc0 obj_cooja/mtype450.a(sensors.o)
                                         0xd8 (size before relaxing)
 .eh_frame      0x00000000000260d0      0x120 obj_cooja/mtype450.a(dual_conf.o)
                                        0x138 (size before relaxing)
 .eh_frame      0x00000000000261f0       0x40 obj_cooja/mtype450.a(autostart.o)
                                         0x58 (size before relaxing)
 .eh_frame      0x0000000000026230      0x100 obj_cooja/mtype450.a(ctimer.o)
                                        0x118 (size before relaxing)
 .eh_frame      0x0000000000026330      0x1e0 obj_cooja/mtype450.a(etimer.o)
                                        0x1f8 (size before relaxing)
 .eh_frame      0x0000000000026510      0x1c8 obj_cooja/mtype450.a(process.o)
                                        0x1e0 (size before relaxing)
 .eh_frame      0x00000000000266d8       0x60 obj_cooja/mtype450.a(rtimer.o)
                                         0x78 (size before relaxing)
 .eh_frame      0x0000000000026738       0xa4 obj_cooja/mtype450.a(timer.o)
                                         0xbc (size before relaxing)
 .eh_frame      0x00000000000267dc       0x60 obj_cooja/mtype450.a(serial-line.o)
                                         0x78 (size before relaxing)
 .eh_frame      0x000000000002683c      0x180 obj_cooja/mtype450.a(list.o)
                                        0x198 (size before relaxing)
 .eh_frame      0x00000000000269bc       0xa0 obj_cooja/mtype450.a(ringbuf.o)
                                         0xb8 (size before relaxing)
 .eh_frame      0x0000000000026a5c      0x350 obj_cooja/mtype450.a(sicslowpan.o)
                                        0x368 (size before relaxing)
 .eh_frame      0x0000000000026dac      0x180 obj_cooja/mtype450.a(uip-ds6-nbr.o)
                                        0x198 (size before relaxing)
 .eh_frame      0x0000000000026f2c      0x3c8 obj_cooja/mtype450.a(uip-ds6.o)
                                        0x3e0 (size before relaxing)
 .eh_frame      0x00000000000272f4      0x27c obj_cooja/mtype450.a(uip6.o)
                                        0x294 (size before relaxing)
 .eh_frame      0x0000000000027570      0x270 obj_cooja/mtype450.a(tcpip.o)
                                        0x288 (size before relaxing)
 .eh_frame      0x00000000000277e0       0x48 obj_cooja/mtype450.a(uip-debug.o)
                                         0x60 (size before relaxing)
 .eh_frame      0x0000000000027828       0xe0 obj_cooja/mtype450.a(uip-packetqueue)
                                         0xf8 (size before relaxing)
 .eh_frame      0x0000000000027908      0x65c obj_cooja/mtype450.a(rpl-dag.o)
                                        0x674 (size before relaxing)
 .eh_frame      0x0000000000027f64      0x10c obj_cooja/mtype450.a(rpl-ext-header.)
                                        0x124 (size before relaxing)
 .eh_frame      0x0000000000028070      0x278 obj_cooja/mtype450.a(rpl-icmp6.o)
                                        0x290 (size before relaxing)
 .eh_frame      0x00000000000282e8       0xe4 obj_cooja/mtype450.a(rpl-jkof.o)
                                         0xfc (size before relaxing)
 .eh_frame      0x00000000000283cc      0x20c obj_cooja/mtype450.a(rpl-timers.o)
                                        0x224 (size before relaxing)
 .eh_frame      0x00000000000285d8      0x140 obj_cooja/mtype450.a(rpl.o)
                                        0x158 (size before relaxing)
 .eh_frame      0x0000000000028718       0x80 obj_cooja/mtype450.a(linkaddr.o)
                                         0x98 (size before relaxing)
 .eh_frame      0x0000000000028798      0x2ac obj_cooja/mtype450.a(nbr-table.o)
                                        0x2c4 (size before relaxing)
 .eh_frame      0x0000000000028a44       0x20 obj_cooja/mtype450.a(netstack.o)
                                         0x38 (size before relaxing)
 .eh_frame      0x0000000000028a64      0x214 obj_cooja/mtype450.a(packetbuf.o)
                                        0x22c (size before relaxing)
 .eh_frame      0x0000000000028c78      0x1a0 obj_cooja/mtype450.a(queuebuf.o)
                                        0x1b8 (size before relaxing)
 .eh_frame      0x0000000000028e18      0x108 obj_cooja/mtype450.a(framer-802154.o)
                                        0x120 (size before relaxing)
 .eh_frame      0x0000000000028f20       0xc0 obj_cooja/mtype450.a(nullmac.o)
                                         0xd8 (size before relaxing)
 .eh_frame      0x0000000000028fe0      0x16c obj_cooja/mtype450.a(nullrdc.o)
                                        0x184 (size before relaxing)
 .eh_frame      0x000000000002914c       0x80 obj_cooja/mtype450.a(nullsec.o)
                                         0x98 (size before relaxing)
 .eh_frame      0x00000000000291cc       0xa0 obj_cooja/mtype450.a(watchdog.o)
                                         0xb8 (size before relaxing)
 .eh_frame      0x000000000002926c       0xc4 obj_cooja/mtype450.a(stimer.o)
                                         0xdc (size before relaxing)
 .eh_frame      0x0000000000029330       0xa0 obj_cooja/mtype450.a(memb.o)
                                         0xb8 (size before relaxing)
 .eh_frame      0x00000000000293d0      0x2a0 obj_cooja/mtype450.a(uip-ds6-route.o)
                                        0x2b8 (size before relaxing)
 .eh_frame      0x0000000000029670      0x164 obj_cooja/mtype450.a(uip-icmp6.o)
                                        0x17c (size before relaxing)
 .eh_frame      0x00000000000297d4       0x68 obj_cooja/mtype450.a(uip-nd6.o)
                                         0x80 (size before relaxing)
 .eh_frame      0x000000000002983c       0xc0 obj_cooja/mtype450.a(rpl-nbr-policy.)
                                         0xd8 (size before relaxing)
 .eh_frame      0x00000000000298fc      0x164 obj_cooja/mtype450.a(frame802154.o)
                                        0x17c (size before relaxing)
 .eh_frame      0x0000000000029a60       0x88 obj_cooja/mtype450.a(mac-sequence.o)
                                         0xa0 (size before relaxing)
 .eh_frame      0x0000000000029ae8       0x20 obj_cooja/mtype450.a(mac.o)
                                         0x38 (size before relaxing)
 .eh_frame      0x0000000000029b08        0x4 /usr/lib/gcc/i686-linux-gnu/4.8/crtendS.o

.gcc_except_table
 *(.gcc_except_table .gcc_except_table.*)

.exception_ranges
 *(.exception_ranges .exception_ranges*)
                0x0000000000029b0c                . = (ALIGN (0x1000) - ((0x1000 - .) & 0xfff))
                0x000000000002aef8                . = DATA_SEGMENT_ALIGN (0x1000, 0x1000)

.eh_frame
 *(.eh_frame)

.gcc_except_table
 *(.gcc_except_table .gcc_except_table.*)

.exception_ranges
 *(.exception_ranges .exception_ranges*)

.tdata
 *(.tdata .tdata.* .gnu.linkonce.td.*)

.tbss
 *(.tbss .tbss.* .gnu.linkonce.tb.*)
 *(.tcommon)

.preinit_array
 *(.preinit_array)

.init_array     0x000000000002aef8        0x4
 *(SORT(.init_array.*) SORT(.ctors.*))
 *(.init_array EXCLUDE_FILE(*crtend?.o *crtend.o *crtbegin?.o *crtbegin.o) .ctors)
 .init_array    0x000000000002aef8        0x4 /usr/lib/gcc/i686-linux-gnu/4.8/crtbeginS.o

.fini_array     0x000000000002aefc        0x4
 *(SORT(.fini_array.*) SORT(.dtors.*))
 *(.fini_array EXCLUDE_FILE(*crtend?.o *crtend.o *crtbegin?.o *crtbegin.o) .dtors)
 .fini_array    0x000000000002aefc        0x4 /usr/lib/gcc/i686-linux-gnu/4.8/crtbeginS.o

.ctors
 *crtbegin.o(.ctors)
 *crtbegin?.o(.ctors)
 *(EXCLUDE_FILE(*crtend?.o *crtend.o) .ctors)
 *(SORT(.ctors.*))
 *(.ctors)

.dtors
 *crtbegin.o(.dtors)
 *crtbegin?.o(.dtors)
 *(EXCLUDE_FILE(*crtend?.o *crtend.o) .dtors)
 *(SORT(.dtors.*))
 *(.dtors)

.jcr            0x000000000002af00        0x4
 *(.jcr)
 .jcr           0x000000000002af00        0x0 /usr/lib/gcc/i686-linux-gnu/4.8/crtbeginS.o
 .jcr           0x000000000002af00        0x4 /usr/lib/gcc/i686-linux-gnu/4.8/crtendS.o

.data.rel.ro
 *(.data.rel.ro.local* .gnu.linkonce.d.rel.ro.local.*)
 *(.data.rel.ro .data.rel.ro.* .gnu.linkonce.d.rel.ro.*)

.dynamic        0x000000000002af04       0xe8
 *(.dynamic)
 .dynamic       0x000000000002af04       0xe8 /usr/lib/gcc/i686-linux-gnu/4.8/../../../i386-linux-gnu/crti.o
                0x000000000002af04                _DYNAMIC

.got            0x000000000002afec       0x14
 *(.got)
 .got           0x000000000002afec       0x14 /usr/lib/gcc/i686-linux-gnu/4.8/../../../i386-linux-gnu/crti.o
 *(.igot)
                0x000000000002bff4                . = DATA_SEGMENT_RELRO_END (., (SIZEOF (.got.plt) >= 0xc)?0xc:0x0)

.got.plt        0x000000000002b000       0x14
 *(.got.plt)
 .got.plt       0x000000000002b000       0x14 /usr/lib/gcc/i686-linux-gnu/4.8/../../../i386-linux-gnu/crti.o
                0x000000000002b000                _GLOBAL_OFFSET_TABLE_
 *(.igot.plt)

.data           0x000000000002b020      0x22a
 *(.data .data.* .gnu.linkonce.d.*)
 .data          0x000000000002b020        0x0 /usr/lib/gcc/i686-linux-gnu/4.8/../../../i386-linux-gnu/crti.o
 .data          0x000000000002b020        0x0 /usr/lib/gcc/i686-linux-gnu/4.8/crtbeginS.o
 .data.rel      0x000000000002b020        0x4 /usr/lib/gcc/i686-linux-gnu/4.8/crtbeginS.o
                0x000000000002b020                __dso_handle
 .data          0x000000000002b024       0x10 udp-server.co
                0x000000000002b024                udp_server_process
 *fill*         0x000000000002b034        0xc 
 .data          0x000000000002b040       0x44 obj_cooja/mtype450.o
                0x000000000002b040                simInterfaces
                0x000000000002b074                sensors
 .data          0x000000000002b084        0x0 obj_cooja/mtype450.a(simEnvChange.o)
 .data          0x000000000002b084        0x0 obj_cooja/mtype450.a(cooja_mt.o)
 .data          0x000000000002b084        0x0 obj_cooja/mtype450.a(cooja_mtarch.o)
 .data          0x000000000002b084        0x0 obj_cooja/mtype450.a(rtimer-arch.o)
 .data          0x000000000002b084        0x0 obj_cooja/mtype450.a(beep.o)
 .data          0x000000000002b084        0x0 obj_cooja/mtype450.a(button-sensor.o)
 .data          0x000000000002b084        0x0 obj_cooja/mtype450.a(leds-arch.o)
 .data          0x000000000002b084        0x0 obj_cooja/mtype450.a(moteid.o)
 .data          0x000000000002b084        0x0 obj_cooja/mtype450.a(pir-sensor.o)
 .data          0x000000000002b084        0x0 obj_cooja/mtype450.a(rs232.o)
 .data          0x000000000002b084        0x0 obj_cooja/mtype450.a(vib-sensor.o)
 .data          0x000000000002b084        0x0 obj_cooja/mtype450.a(clock.o)
 .data          0x000000000002b084        0x0 obj_cooja/mtype450.a(log.o)
 .data          0x000000000002b084        0x0 obj_cooja/mtype450.a(cfs-cooja.o)
 .data          0x000000000002b084       0x38 obj_cooja/mtype450.a(cooja-radio.o)
                0x000000000002b084                simRadioChannel
                0x000000000002b088                simRadioChannelLR
                0x000000000002b08c                simRadioHWOn
                0x000000000002b08d                simRadioHWOnLR
                0x000000000002b090                simSignalStrength
                0x000000000002b094                simSignalStrengthLR
                0x000000000002b098                simLastSignalStrength
                0x000000000002b09c                simLastSignalStrengthLR
                0x000000000002b0a0                simPower
                0x000000000002b0a1                simPowerLR
                0x000000000002b0a4                simLQI
                0x000000000002b0a8                simLQILR
                0x000000000002b0ac                cooja_radio_process
 .data          0x000000000002b0bc        0x0 obj_cooja/mtype450.a(eeprom.o)
 .data          0x000000000002b0bc        0x0 obj_cooja/mtype450.a(random.o)
 .data          0x000000000002b0bc       0x10 obj_cooja/mtype450.a(sensors.o)
                0x000000000002b0bc                sensors_process
 .data          0x000000000002b0cc       0x24 obj_cooja/mtype450.a(dual_conf.o)
                0x000000000002b0cc                radio_received
                0x000000000002b0d0                dual_dio_broadcast
                0x000000000002b0e0                dual_dis_broadcast
 .data          0x000000000002b0f0        0x0 obj_cooja/mtype450.a(autostart.o)
 .data          0x000000000002b0f0       0x14 obj_cooja/mtype450.a(ctimer.o)
                0x000000000002b0f4                ctimer_process
 .data          0x000000000002b104       0x10 obj_cooja/mtype450.a(etimer.o)
                0x000000000002b104                etimer_process
 .data          0x000000000002b114        0x0 obj_cooja/mtype450.a(process.o)
 .data          0x000000000002b114        0x0 obj_cooja/mtype450.a(rtimer.o)
 .data          0x000000000002b114        0x0 obj_cooja/mtype450.a(timer.o)
 .data          0x000000000002b114       0x10 obj_cooja/mtype450.a(serial-line.o)
                0x000000000002b114                serial_line_process
 .data          0x000000000002b124        0x0 obj_cooja/mtype450.a(list.o)
 .data          0x000000000002b124        0x0 obj_cooja/mtype450.a(ringbuf.o)
 .data          0x000000000002b124        0x0 obj_cooja/mtype450.a(sicslowpan.o)
 .data          0x000000000002b124       0x14 obj_cooja/mtype450.a(uip-ds6-nbr.o)
                0x000000000002b134                ds6_neighbors
 .data          0x000000000002b138        0x0 obj_cooja/mtype450.a(uip-ds6.o)
 .data          0x000000000002b138        0x0 obj_cooja/mtype450.a(uip6.o)
 .data          0x000000000002b138       0x10 obj_cooja/mtype450.a(tcpip.o)
                0x000000000002b138                tcpip_process
 .data          0x000000000002b148        0x0 obj_cooja/mtype450.a(uip-debug.o)
 .data          0x000000000002b148        0xc obj_cooja/mtype450.a(uip-packetqueue)
 .data          0x000000000002b154       0x14 obj_cooja/mtype450.a(rpl-dag.o)
                0x000000000002b164                rpl_parents
 .data          0x000000000002b168        0x0 obj_cooja/mtype450.a(rpl-ext-header.)
 .data          0x000000000002b168       0x34 obj_cooja/mtype450.a(rpl-icmp6.o)
 .data          0x000000000002b19c       0x1c obj_cooja/mtype450.a(rpl-jkof.o)
                0x000000000002b19c                rpl_jkof
 .data          0x000000000002b1b8        0x0 obj_cooja/mtype450.a(rpl-timers.o)
 .data          0x000000000002b1b8        0x0 obj_cooja/mtype450.a(rpl.o)
 .data          0x000000000002b1b8        0x0 obj_cooja/mtype450.a(linkaddr.o)
 .data          0x000000000002b1b8       0x10 obj_cooja/mtype450.a(nbr-table.o)
 .data          0x000000000002b1c8        0x0 obj_cooja/mtype450.a(netstack.o)
 .data          0x000000000002b1c8        0x4 obj_cooja/mtype450.a(packetbuf.o)
 .data          0x000000000002b1cc       0x18 obj_cooja/mtype450.a(queuebuf.o)
 .data          0x000000000002b1e4        0x0 obj_cooja/mtype450.a(framer-802154.o)
 .data          0x000000000002b1e4        0x0 obj_cooja/mtype450.a(nullmac.o)
 .data          0x000000000002b1e4        0x0 obj_cooja/mtype450.a(nullrdc.o)
 .data          0x000000000002b1e4        0x0 obj_cooja/mtype450.a(nullsec.o)
 .data          0x000000000002b1e4        0x0 obj_cooja/mtype450.a(watchdog.o)
 .data          0x000000000002b1e4        0x0 obj_cooja/mtype450.a(rimestats.o)
 .data          0x000000000002b1e4        0x0 obj_cooja/mtype450.a(stimer.o)
 .data          0x000000000002b1e4        0x0 obj_cooja/mtype450.a(memb.o)
 .data          0x000000000002b1e4       0x44 obj_cooja/mtype450.a(uip-ds6-route.o)
                0x000000000002b1f4                nbr_routes
 .data          0x000000000002b228       0x20 obj_cooja/mtype450.a(uip-icmp6.o)
 .data          0x000000000002b248        0x0 obj_cooja/mtype450.a(uip-nd6.o)
 .data          0x000000000002b248        0x0 obj_cooja/mtype450.a(rpl-nbr-policy.)
 .data          0x000000000002b248        0x2 obj_cooja/mtype450.a(frame802154.o)
 .data          0x000000000002b24a        0x0 obj_cooja/mtype450.a(mac-sequence.o)
 .data          0x000000000002b24a        0x0 obj_cooja/mtype450.a(mac.o)
 .data          0x000000000002b24a        0x0 /usr/lib/gcc/i686-linux-gnu/4.8/crtendS.o
 .data          0x000000000002b24a        0x0 /usr/lib/gcc/i686-linux-gnu/4.8/../../../i386-linux-gnu/crtn.o

.tm_clone_table
                0x000000000002b24c        0x0
 .tm_clone_table
                0x000000000002b24c        0x0 /usr/lib/gcc/i686-linux-gnu/4.8/crtbeginS.o
 .tm_clone_table
                0x000000000002b24c        0x0 /usr/lib/gcc/i686-linux-gnu/4.8/crtendS.o

.data1
 *(.data1)
                0x000000000002b24c                _edata = .
                0x000000000002b24c                PROVIDE (edata, .)
                0x000000000002b24c                . = .
                0x000000000002b24c                __bss_start = .

.bss            0x000000000002b260     0x8048
 *(.dynbss)
 .dynbss        0x0000000000000000        0x0 /usr/lib/gcc/i686-linux-gnu/4.8/../../../i386-linux-gnu/crti.o
 *(.bss .bss.* .gnu.linkonce.b.*)
 .bss           0x000000000002b260        0x0 /usr/lib/gcc/i686-linux-gnu/4.8/../../../i386-linux-gnu/crti.o
 .bss           0x000000000002b260        0x1 /usr/lib/gcc/i686-linux-gnu/4.8/crtbeginS.o
 *fill*         0x000000000002b261        0x3 
 .bss           0x000000000002b264        0x4 udp-server.co
 *fill*         0x000000000002b268       0x18 
 .bss           0x000000000002b280     0x2030 obj_cooja/mtype450.o
 .bss           0x000000000002d2b0        0x1 obj_cooja/mtype450.a(simEnvChange.o)
                0x000000000002d2b0                simDontFallAsleep
 *fill*         0x000000000002d2b1        0x3 
 .bss           0x000000000002d2b4        0x4 obj_cooja/mtype450.a(cooja_mt.o)
 .bss           0x000000000002d2b8        0x4 obj_cooja/mtype450.a(cooja_mtarch.o)
 .bss           0x000000000002d2bc        0xc obj_cooja/mtype450.a(rtimer-arch.o)
 .bss           0x000000000002d2c8        0x0 obj_cooja/mtype450.a(beep.o)
 .bss           0x000000000002d2c8        0x8 obj_cooja/mtype450.a(button-sensor.o)
 .bss           0x000000000002d2d0        0x0 obj_cooja/mtype450.a(leds-arch.o)
 .bss           0x000000000002d2d0        0x0 obj_cooja/mtype450.a(moteid.o)
 .bss           0x000000000002d2d0        0x1 obj_cooja/mtype450.a(pir-sensor.o)
                0x000000000002d2d0                simPirValue
 *fill*         0x000000000002d2d1        0x3 
 .bss           0x000000000002d2d4        0x4 obj_cooja/mtype450.a(rs232.o)
 .bss           0x000000000002d2d8        0x1 obj_cooja/mtype450.a(vib-sensor.o)
                0x000000000002d2d8                simVibValue
 .bss           0x000000000002d2d9        0x0 obj_cooja/mtype450.a(clock.o)
 *fill*         0x000000000002d2d9        0x7 
 .bss           0x000000000002d2e0      0x420 obj_cooja/mtype450.a(log.o)
 .bss           0x000000000002d700      0xfc0 obj_cooja/mtype450.a(cfs-cooja.o)
                0x000000000002d700                simCFSData
                0x000000000002e6a0                simCFSSize
                0x000000000002e6a4                simCFSChanged
                0x000000000002e6a8                simCFSRead
                0x000000000002e6ac                simCFSWritten
 .bss           0x000000000002e6c0       0x20 obj_cooja/mtype450.a(cooja-radio.o)
                0x000000000002e6c0                simReceiving
                0x000000000002e6c1                simReceivingLR
                0x000000000002e6c4                simInSize
                0x000000000002e6c8                simInSizeLR
                0x000000000002e6cc                simOutSize
                0x000000000002e6d0                simOutSizeLR
                0x000000000002e6d4                LongRangeTransmit
                0x000000000002e6d8                LongRangeReceiving
 .bss           0x000000000002e6e0        0xc obj_cooja/mtype450.a(eeprom.o)
                0x000000000002e6e0                simEEPROMChanged
                0x000000000002e6e4                simEEPROMRead
                0x000000000002e6e8                simEEPROMWritten
 .bss           0x000000000002e6ec        0x0 obj_cooja/mtype450.a(random.o)
 .bss           0x000000000002e6ec        0xc obj_cooja/mtype450.a(sensors.o)
 .bss           0x000000000002e6f8       0x28 obj_cooja/mtype450.a(dual_conf.o)
                0x000000000002e6f8                long_range_radio
 .bss           0x000000000002e720        0x0 obj_cooja/mtype450.a(autostart.o)
 .bss           0x000000000002e720        0x5 obj_cooja/mtype450.a(ctimer.o)
 *fill*         0x000000000002e725        0x3 
 .bss           0x000000000002e728        0x8 obj_cooja/mtype450.a(etimer.o)
 *fill*         0x000000000002e730       0x10 
 .bss           0x000000000002e740      0x1b1 obj_cooja/mtype450.a(process.o)
                0x000000000002e740                process_list
                0x000000000002e744                process_current
 *fill*         0x000000000002e8f1        0x3 
 .bss           0x000000000002e8f4        0x4 obj_cooja/mtype450.a(rtimer.o)
 .bss           0x000000000002e8f8        0x0 obj_cooja/mtype450.a(timer.o)
 *fill*         0x000000000002e8f8        0x8 
 .bss           0x000000000002e900      0x140 obj_cooja/mtype450.a(serial-line.o)
 .bss           0x000000000002ea40        0x0 obj_cooja/mtype450.a(list.o)
 .bss           0x000000000002ea40        0x0 obj_cooja/mtype450.a(ringbuf.o)
 .bss           0x000000000002ea40      0x70c obj_cooja/mtype450.a(sicslowpan.o)
 *fill*         0x000000000002f14c       0x14 
 .bss           0x000000000002f160       0xf0 obj_cooja/mtype450.a(uip-ds6-nbr.o)
 .bss           0x000000000002f250       0x30 obj_cooja/mtype450.a(uip-ds6.o)
 .bss           0x000000000002f280        0xe obj_cooja/mtype450.a(uip6.o)
                0x000000000002f280                uip_ext_bitmap
                0x000000000002f281                uip_ext_len
                0x000000000002f282                uip_ext_opt_offset
 *fill*         0x000000000002f28e       0x12 
 .bss           0x000000000002f2a0       0x6a obj_cooja/mtype450.a(tcpip.o)
 .bss           0x000000000002f30a        0x0 obj_cooja/mtype450.a(uip-debug.o)
 *fill*         0x000000000002f30a       0x16 
 .bss           0x000000000002f320      0xcf8 obj_cooja/mtype450.a(uip-packetqueue)
 *fill*         0x0000000000030018        0x8 
 .bss           0x0000000000030020       0xa0 obj_cooja/mtype450.a(rpl-dag.o)
 .bss           0x00000000000300c0        0x0 obj_cooja/mtype450.a(rpl-ext-header.)
 .bss           0x00000000000300c0        0x0 obj_cooja/mtype450.a(rpl-icmp6.o)
 .bss           0x00000000000300c0        0x0 obj_cooja/mtype450.a(rpl-jkof.o)
 .bss           0x00000000000300c0       0x23 obj_cooja/mtype450.a(rpl-timers.o)
 *fill*         0x00000000000300e3        0x1 
 .bss           0x00000000000300e4        0x4 obj_cooja/mtype450.a(rpl.o)
 .bss           0x00000000000300e8        0x0 obj_cooja/mtype450.a(linkaddr.o)
 *fill*         0x00000000000300e8       0x18 
 .bss           0x0000000000030100       0xdc obj_cooja/mtype450.a(nbr-table.o)
 .bss           0x00000000000301dc        0x0 obj_cooja/mtype450.a(netstack.o)
 *fill*         0x00000000000301dc        0x4 
 .bss           0x00000000000301e0       0xa0 obj_cooja/mtype450.a(packetbuf.o)
 .bss           0x0000000000030280      0xb80 obj_cooja/mtype450.a(queuebuf.o)
 .bss           0x0000000000030e00        0x2 obj_cooja/mtype450.a(framer-802154.o)
 .bss           0x0000000000030e02        0x0 obj_cooja/mtype450.a(nullmac.o)
 .bss           0x0000000000030e02        0x0 obj_cooja/mtype450.a(nullrdc.o)
 .bss           0x0000000000030e02        0x0 obj_cooja/mtype450.a(nullsec.o)
 .bss           0x0000000000030e02        0x0 obj_cooja/mtype450.a(watchdog.o)
 .bss           0x0000000000030e02        0x0 obj_cooja/mtype450.a(rimestats.o)
 .bss           0x0000000000030e02        0x0 obj_cooja/mtype450.a(stimer.o)
 .bss           0x0000000000030e02        0x0 obj_cooja/mtype450.a(memb.o)
 *fill*         0x0000000000030e02       0x1e 
 .bss           0x0000000000030e20      0x2a8 obj_cooja/mtype450.a(uip-ds6-route.o)
 .bss           0x00000000000310c8       0x18 obj_cooja/mtype450.a(uip-icmp6.o)
 .bss           0x00000000000310e0        0x0 obj_cooja/mtype450.a(uip-nd6.o)
 .bss           0x00000000000310e0       0x44 obj_cooja/mtype450.a(rpl-nbr-policy.)
 .bss           0x0000000000031124        0x0 obj_cooja/mtype450.a(frame802154.o)
 *fill*         0x0000000000031124       0x1c 
 .bss           0x0000000000031140       0x90 obj_cooja/mtype450.a(mac-sequence.o)
 .bss           0x00000000000311d0        0x0 obj_cooja/mtype450.a(mac.o)
 .bss           0x00000000000311d0        0x0 /usr/lib/gcc/i686-linux-gnu/4.8/crtendS.o
 .bss           0x00000000000311d0        0x0 /usr/lib/gcc/i686-linux-gnu/4.8/../../../i386-linux-gnu/crtn.o
 *(COMMON)
 COMMON         0x00000000000311d0        0x8 obj_cooja/mtype450.o
                0x00000000000311d0                referenceVar
                0x00000000000311d4                sensors_flags
 COMMON         0x00000000000311d8        0xc obj_cooja/mtype450.a(simEnvChange.o)
                0x00000000000311d8                simEtimerPending
                0x00000000000311dc                simProcessRunValue
                0x00000000000311e0                simNextExpirationTime
 COMMON         0x00000000000311e4        0x1 obj_cooja/mtype450.a(beep.o)
                0x00000000000311e4                simBeeped
 COMMON         0x00000000000311e5        0x3 obj_cooja/mtype450.a(button-sensor.o)
                0x00000000000311e5                simButtonIsActive
                0x00000000000311e6                simButtonIsDown
                0x00000000000311e7                simButtonChanged
 COMMON         0x00000000000311e8        0x1 obj_cooja/mtype450.a(leds-arch.o)
                0x00000000000311e8                simLedsValue
 *fill*         0x00000000000311e9        0x3 
 COMMON         0x00000000000311ec        0xc obj_cooja/mtype450.a(moteid.o)
                0x00000000000311ec                simRandomSeed
                0x00000000000311f0                simMoteIDChanged
                0x00000000000311f4                simMoteID
 COMMON         0x00000000000311f8        0x2 obj_cooja/mtype450.a(pir-sensor.o)
                0x00000000000311f8                simPirIsActive
                0x00000000000311f9                simPirChanged
 *fill*         0x00000000000311fa        0x6 
 COMMON         0x0000000000031200      0x820 obj_cooja/mtype450.a(rs232.o)
                0x0000000000031200                simSerialReceivingFlag
                0x0000000000031204                simSerialReceivingLength
                0x0000000000031220                simSerialReceivingData
 COMMON         0x0000000000031a20        0x2 obj_cooja/mtype450.a(vib-sensor.o)
                0x0000000000031a20                simVibChanged
                0x0000000000031a21                simVibIsActive
 *fill*         0x0000000000031a22        0x2 
 COMMON         0x0000000000031a24        0x4 obj_cooja/mtype450.a(clock.o)
                0x0000000000031a24                simCurrentTime
 *fill*         0x0000000000031a28       0x18 
 COMMON         0x0000000000031a40      0x420 obj_cooja/mtype450.a(log.o)
                0x0000000000031a40                simLoggedLength
                0x0000000000031a44                simLoggedFlag
                0x0000000000031a60                simLoggedData
 COMMON         0x0000000000031e60      0x200 obj_cooja/mtype450.a(cooja-radio.o)
                0x0000000000031e60                simOutDataBuffer
                0x0000000000031ee0                simInDataBufferLR
                0x0000000000031f60                simOutDataBufferLR
                0x0000000000031fe0                simInDataBuffer
 COMMON         0x0000000000032060      0x400 obj_cooja/mtype450.a(eeprom.o)
                0x0000000000032060                simEEPROMData
 COMMON         0x0000000000032460        0x1 obj_cooja/mtype450.a(sensors.o)
                0x0000000000032460                sensors_event
 COMMON         0x0000000000032461        0x1 obj_cooja/mtype450.a(serial-line.o)
                0x0000000000032461                serial_line_event_message
 *fill*         0x0000000000032462       0x1e 
 COMMON         0x0000000000032480       0x64 obj_cooja/mtype450.a(uip-ds6-nbr.o)
                0x0000000000032480                ds6_lr_addrmap
 *fill*         0x00000000000324e4       0x1c 
 COMMON         0x0000000000032500      0x298 obj_cooja/mtype450.a(uip-ds6.o)
                0x0000000000032500                uip_ds6_prefix_list
                0x0000000000032560                uip_ds6_timer_periodic
                0x0000000000032570                uip_ds6_netif_addr_list_offset
                0x0000000000032580                uip_ds6_if
                0x0000000000032678                uip_ds6_timer_ra
                0x0000000000032680                uip_ds6_addr_size
                0x00000000000326a0                long_uip_ds6_if
 *fill*         0x0000000000032798        0x8 
 COMMON         0x00000000000327a0      0x8ec obj_cooja/mtype450.a(uip6.o)
                0x00000000000327a0                uip_slen
                0x00000000000327a2                uip_acc32
                0x00000000000327c0                uip_conns
                0x0000000000032880                uip_lladdr
                0x0000000000032888                uip_appdata
                0x000000000003288c                uip_flags
                0x00000000000328a0                uip_aligned_buf
                0x0000000000032ee0                uip_listenports
                0x0000000000032ef0                uip_len
                0x0000000000032ef2                uip_long_lladdr
                0x0000000000032efc                uip_sappdata
                0x0000000000032f00                uip_udp_conns
                0x0000000000033080                uip_udp_conn
                0x0000000000033084                uip_next_hdr
                0x0000000000033088                uip_conn
 COMMON         0x000000000003308c        0x1 obj_cooja/mtype450.a(tcpip.o)
                0x000000000003308c                tcpip_event
 *fill*         0x000000000003308d       0x13 
 COMMON         0x00000000000330a0      0x170 obj_cooja/mtype450.a(rpl-dag.o)
                0x00000000000330a0                default_instance
                0x00000000000330c0                instance_table
 COMMON         0x0000000000033210       0x10 obj_cooja/mtype450.a(linkaddr.o)
                0x0000000000033210                linkaddr_node_addr
                0x0000000000033218                long_linkaddr_node_addr
 COMMON         0x0000000000033220       0x2e obj_cooja/mtype450.a(packetbuf.o)
                0x0000000000033220                packetbuf_attrs
                0x000000000003323e                packetbuf_addrs
 *fill*         0x000000000003324e       0x12 
 COMMON         0x0000000000033260       0x48 obj_cooja/mtype450.a(rimestats.o)
                0x0000000000033260                rimestats
                0x00000000000332a8                . = ALIGN ((. != 0x0)?0x4:0x1)
                0x00000000000332a8                . = ALIGN (0x4)
                0x00000000000332a8                . = SEGMENT_START ("ldata-segment", .)
                0x00000000000332a8                . = ALIGN (0x4)
                0x00000000000332a8                _end = .
                0x00000000000332a8                PROVIDE (end, .)
                0x00000000000332a8                . = DATA_SEGMENT_END (.)

.stab
 *(.stab)

.stabstr
 *(.stabstr)

.stab.excl
 *(.stab.excl)

.stab.exclstr
 *(.stab.exclstr)

.stab.index
 *(.stab.index)

.stab.indexstr
 *(.stab.indexstr)

.comment        0x0000000000000000       0x54
 *(.comment)
 .comment       0x0000000000000000       0x2b /usr/lib/gcc/i686-linux-gnu/4.8/crtbeginS.o
                                         0x2c (size before relaxing)
 .comment       0x0000000000000000       0x2c udp-server.co
 .comment       0x0000000000000000       0x2c obj_cooja/mtype450.o
 .comment       0x0000000000000000       0x2c obj_cooja/mtype450.a(simEnvChange.o)
 .comment       0x0000000000000000       0x2c obj_cooja/mtype450.a(cooja_mt.o)
 .comment       0x0000000000000000       0x2c obj_cooja/mtype450.a(cooja_mtarch.o)
 .comment       0x0000000000000000       0x2c obj_cooja/mtype450.a(rtimer-arch.o)
 .comment       0x0000000000000000       0x2c obj_cooja/mtype450.a(beep.o)
 .comment       0x0000000000000000       0x2c obj_cooja/mtype450.a(button-sensor.o)
 .comment       0x0000000000000000       0x2c obj_cooja/mtype450.a(leds-arch.o)
 .comment       0x0000000000000000       0x2c obj_cooja/mtype450.a(moteid.o)
 .comment       0x0000000000000000       0x2c obj_cooja/mtype450.a(pir-sensor.o)
 .comment       0x0000000000000000       0x2c obj_cooja/mtype450.a(rs232.o)
 .comment       0x0000000000000000       0x2c obj_cooja/mtype450.a(vib-sensor.o)
 .comment       0x0000000000000000       0x2c obj_cooja/mtype450.a(clock.o)
 .comment       0x0000000000000000       0x2c obj_cooja/mtype450.a(log.o)
 .comment       0x0000000000000000       0x2c obj_cooja/mtype450.a(cfs-cooja.o)
 .comment       0x0000000000000000       0x2c obj_cooja/mtype450.a(cooja-radio.o)
 .comment       0x0000000000000000       0x2c obj_cooja/mtype450.a(eeprom.o)
 .comment       0x0000000000000000       0x2c obj_cooja/mtype450.a(random.o)
 .comment       0x0000000000000000       0x2c obj_cooja/mtype450.a(sensors.o)
 .comment       0x0000000000000000       0x2c obj_cooja/mtype450.a(dual_conf.o)
 .comment       0x0000000000000000       0x2c obj_cooja/mtype450.a(autostart.o)
 .comment       0x0000000000000000       0x2c obj_cooja/mtype450.a(ctimer.o)
 .comment       0x0000000000000000       0x2c obj_cooja/mtype450.a(etimer.o)
 .comment       0x0000000000000000       0x2c obj_cooja/mtype450.a(process.o)
 .comment       0x0000000000000000       0x2c obj_cooja/mtype450.a(rtimer.o)
 .comment       0x0000000000000000       0x2c obj_cooja/mtype450.a(timer.o)
 .comment       0x0000000000000000       0x2c obj_cooja/mtype450.a(serial-line.o)
 .comment       0x000000000000002b       0x29 obj_cooja/mtype450.a(list.o)
                                         0x2a (size before relaxing)
 .comment       0x0000000000000000       0x2c obj_cooja/mtype450.a(ringbuf.o)
 .comment       0x0000000000000000       0x2c obj_cooja/mtype450.a(sicslowpan.o)
 .comment       0x0000000000000000       0x2c obj_cooja/mtype450.a(uip-ds6-nbr.o)
 .comment       0x0000000000000000       0x2c obj_cooja/mtype450.a(uip-ds6.o)
 .comment       0x0000000000000000       0x2c obj_cooja/mtype450.a(uip6.o)
 .comment       0x0000000000000000       0x2c obj_cooja/mtype450.a(tcpip.o)
 .comment       0x0000000000000000       0x2c obj_cooja/mtype450.a(uip-debug.o)
 .comment       0x0000000000000000       0x2c obj_cooja/mtype450.a(uip-packetqueue)
 .comment       0x0000000000000000       0x2c obj_cooja/mtype450.a(rpl-dag.o)
 .comment       0x0000000000000000       0x2c obj_cooja/mtype450.a(rpl-ext-header.)
 .comment       0x0000000000000000       0x2c obj_cooja/mtype450.a(rpl-icmp6.o)
 .comment       0x0000000000000000       0x2c obj_cooja/mtype450.a(rpl-jkof.o)
 .comment       0x0000000000000000       0x2c obj_cooja/mtype450.a(rpl-timers.o)
 .comment       0x0000000000000000       0x2c obj_cooja/mtype450.a(rpl.o)
 .comment       0x0000000000000000       0x2c obj_cooja/mtype450.a(linkaddr.o)
 .comment       0x0000000000000000       0x2c obj_cooja/mtype450.a(nbr-table.o)
 .comment       0x0000000000000000       0x2c obj_cooja/mtype450.a(netstack.o)
 .comment       0x0000000000000000       0x2c obj_cooja/mtype450.a(packetbuf.o)
 .comment       0x0000000000000000       0x2c obj_cooja/mtype450.a(queuebuf.o)
 .comment       0x0000000000000000       0x2c obj_cooja/mtype450.a(framer-802154.o)
 .comment       0x0000000000000000       0x2c obj_cooja/mtype450.a(nullmac.o)
 .comment       0x0000000000000000       0x2c obj_cooja/mtype450.a(nullrdc.o)
 .comment       0x0000000000000000       0x2c obj_cooja/mtype450.a(nullsec.o)
 .comment       0x0000000000000000       0x2a obj_cooja/mtype450.a(watchdog.o)
 .comment       0x0000000000000000       0x2a obj_cooja/mtype450.a(rimestats.o)
 .comment       0x0000000000000000       0x2c obj_cooja/mtype450.a(stimer.o)
 .comment       0x0000000000000000       0x2c obj_cooja/mtype450.a(memb.o)
 .comment       0x0000000000000000       0x2c obj_cooja/mtype450.a(uip-ds6-route.o)
 .comment       0x0000000000000000       0x2c obj_cooja/mtype450.a(uip-icmp6.o)
 .comment       0x0000000000000000       0x2c obj_cooja/mtype450.a(uip-nd6.o)
 .comment       0x0000000000000000       0x2c obj_cooja/mtype450.a(rpl-nbr-policy.)
 .comment       0x0000000000000000       0x2c obj_cooja/mtype450.a(frame802154.o)
 .comment       0x0000000000000000       0x2c obj_cooja/mtype450.a(mac-sequence.o)
 .comment       0x0000000000000000       0x2c obj_cooja/mtype450.a(mac.o)
 .comment       0x0000000000000000       0x2c /usr/lib/gcc/i686-linux-gnu/4.8/crtendS.o

.debug
 *(.debug)

.line
 *(.line)

.debug_srcinfo
 *(.debug_srcinfo)

.debug_sfnames
 *(.debug_sfnames)

.debug_aranges  0x0000000000000000      0x7d8
 *(.debug_aranges)
 .debug_aranges
                0x0000000000000000       0x20 udp-server.co
 .debug_aranges
                0x0000000000000020       0x20 obj_cooja/mtype450.o
 .debug_aranges
                0x0000000000000040       0x20 obj_cooja/mtype450.a(simEnvChange.o)
 .debug_aranges
                0x0000000000000060       0x20 obj_cooja/mtype450.a(cooja_mt.o)
 .debug_aranges
                0x0000000000000080       0x20 obj_cooja/mtype450.a(cooja_mtarch.o)
 .debug_aranges
                0x00000000000000a0       0x20 obj_cooja/mtype450.a(rtimer-arch.o)
 .debug_aranges
                0x00000000000000c0       0x20 obj_cooja/mtype450.a(beep.o)
 .debug_aranges
                0x00000000000000e0       0x20 obj_cooja/mtype450.a(button-sensor.o)
 .debug_aranges
                0x0000000000000100       0x20 obj_cooja/mtype450.a(leds-arch.o)
 .debug_aranges
                0x0000000000000120       0x20 obj_cooja/mtype450.a(moteid.o)
 .debug_aranges
                0x0000000000000140       0x20 obj_cooja/mtype450.a(pir-sensor.o)
 .debug_aranges
                0x0000000000000160       0x20 obj_cooja/mtype450.a(rs232.o)
 .debug_aranges
                0x0000000000000180       0x20 obj_cooja/mtype450.a(vib-sensor.o)
 .debug_aranges
                0x00000000000001a0       0x20 obj_cooja/mtype450.a(clock.o)
 .debug_aranges
                0x00000000000001c0       0x20 obj_cooja/mtype450.a(log.o)
 .debug_aranges
                0x00000000000001e0       0x20 obj_cooja/mtype450.a(cfs-cooja.o)
 .debug_aranges
                0x0000000000000200       0x20 obj_cooja/mtype450.a(cooja-radio.o)
 .debug_aranges
                0x0000000000000220       0x20 obj_cooja/mtype450.a(eeprom.o)
 .debug_aranges
                0x0000000000000240       0x20 obj_cooja/mtype450.a(random.o)
 .debug_aranges
                0x0000000000000260       0x20 obj_cooja/mtype450.a(sensors.o)
 .debug_aranges
                0x0000000000000280       0x20 obj_cooja/mtype450.a(dual_conf.o)
 .debug_aranges
                0x00000000000002a0       0x20 obj_cooja/mtype450.a(autostart.o)
 .debug_aranges
                0x00000000000002c0       0x20 obj_cooja/mtype450.a(ctimer.o)
 .debug_aranges
                0x00000000000002e0       0x20 obj_cooja/mtype450.a(etimer.o)
 .debug_aranges
                0x0000000000000300       0x20 obj_cooja/mtype450.a(process.o)
 .debug_aranges
                0x0000000000000320       0x20 obj_cooja/mtype450.a(rtimer.o)
 .debug_aranges
                0x0000000000000340       0x20 obj_cooja/mtype450.a(timer.o)
 .debug_aranges
                0x0000000000000360       0x20 obj_cooja/mtype450.a(serial-line.o)
 .debug_aranges
                0x0000000000000380       0x20 obj_cooja/mtype450.a(list.o)
 .debug_aranges
                0x00000000000003a0       0x20 obj_cooja/mtype450.a(ringbuf.o)
 .debug_aranges
                0x00000000000003c0       0x20 obj_cooja/mtype450.a(sicslowpan.o)
 .debug_aranges
                0x00000000000003e0       0x20 obj_cooja/mtype450.a(uip-ds6-nbr.o)
 .debug_aranges
                0x0000000000000400       0x20 obj_cooja/mtype450.a(uip-ds6.o)
 .debug_aranges
                0x0000000000000420       0x20 obj_cooja/mtype450.a(uip6.o)
 .debug_aranges
                0x0000000000000440       0x20 obj_cooja/mtype450.a(tcpip.o)
 .debug_aranges
                0x0000000000000460       0x20 obj_cooja/mtype450.a(uip-debug.o)
 .debug_aranges
                0x0000000000000480       0x20 obj_cooja/mtype450.a(uip-packetqueue)
 .debug_aranges
                0x00000000000004a0       0x20 obj_cooja/mtype450.a(rpl-dag.o)
 .debug_aranges
                0x00000000000004c0       0x20 obj_cooja/mtype450.a(rpl-ext-header.)
 .debug_aranges
                0x00000000000004e0       0x20 obj_cooja/mtype450.a(rpl-icmp6.o)
 .debug_aranges
                0x0000000000000500       0x20 obj_cooja/mtype450.a(rpl-jkof.o)
 .debug_aranges
                0x0000000000000520       0x20 obj_cooja/mtype450.a(rpl-timers.o)
 .debug_aranges
                0x0000000000000540       0x20 obj_cooja/mtype450.a(rpl.o)
 .debug_aranges
                0x0000000000000560       0x20 obj_cooja/mtype450.a(linkaddr.o)
 .debug_aranges
                0x0000000000000580       0x20 obj_cooja/mtype450.a(nbr-table.o)
 .debug_aranges
                0x00000000000005a0       0x20 obj_cooja/mtype450.a(netstack.o)
 .debug_aranges
                0x00000000000005c0       0x20 obj_cooja/mtype450.a(packetbuf.o)
 .debug_aranges
                0x00000000000005e0       0x20 obj_cooja/mtype450.a(queuebuf.o)
 .debug_aranges
                0x0000000000000600       0x20 obj_cooja/mtype450.a(framer-802154.o)
 .debug_aranges
                0x0000000000000620       0x20 obj_cooja/mtype450.a(nullmac.o)
 .debug_aranges
                0x0000000000000640       0x20 obj_cooja/mtype450.a(nullrdc.o)
 .debug_aranges
                0x0000000000000660       0x20 obj_cooja/mtype450.a(nullsec.o)
 .debug_aranges
                0x0000000000000680       0x20 obj_cooja/mtype450.a(watchdog.o)
 .debug_aranges
                0x00000000000006a0       0x18 obj_cooja/mtype450.a(rimestats.o)
 .debug_aranges
                0x00000000000006b8       0x20 obj_cooja/mtype450.a(stimer.o)
 .debug_aranges
                0x00000000000006d8       0x20 obj_cooja/mtype450.a(memb.o)
 .debug_aranges
                0x00000000000006f8       0x20 obj_cooja/mtype450.a(uip-ds6-route.o)
 .debug_aranges
                0x0000000000000718       0x20 obj_cooja/mtype450.a(uip-icmp6.o)
 .debug_aranges
                0x0000000000000738       0x20 obj_cooja/mtype450.a(uip-nd6.o)
 .debug_aranges
                0x0000000000000758       0x20 obj_cooja/mtype450.a(rpl-nbr-policy.)
 .debug_aranges
                0x0000000000000778       0x20 obj_cooja/mtype450.a(frame802154.o)
 .debug_aranges
                0x0000000000000798       0x20 obj_cooja/mtype450.a(mac-sequence.o)
 .debug_aranges
                0x00000000000007b8       0x20 obj_cooja/mtype450.a(mac.o)

.debug_pubnames
 *(.debug_pubnames)

.debug_info     0x0000000000000000    0x1b144
 *(.debug_info .gnu.linkonce.wi.*)
 .debug_info    0x0000000000000000      0xddf udp-server.co
 .debug_info    0x0000000000000ddf     0x3771 obj_cooja/mtype450.o
 .debug_info    0x0000000000004550      0x15a obj_cooja/mtype450.a(simEnvChange.o)
 .debug_info    0x00000000000046aa      0x1e2 obj_cooja/mtype450.a(cooja_mt.o)
 .debug_info    0x000000000000488c      0x2e7 obj_cooja/mtype450.a(cooja_mtarch.o)
 .debug_info    0x0000000000004b73      0x16b obj_cooja/mtype450.a(rtimer-arch.o)
 .debug_info    0x0000000000004cde      0x1f3 obj_cooja/mtype450.a(beep.o)
 .debug_info    0x0000000000004ed1      0x257 obj_cooja/mtype450.a(button-sensor.o)
 .debug_info    0x0000000000005128      0x132 obj_cooja/mtype450.a(leds-arch.o)
 .debug_info    0x000000000000525a      0x10a obj_cooja/mtype450.a(moteid.o)
 .debug_info    0x0000000000005364      0x216 obj_cooja/mtype450.a(pir-sensor.o)
 .debug_info    0x000000000000557a      0x21e obj_cooja/mtype450.a(rs232.o)
 .debug_info    0x0000000000005798      0x216 obj_cooja/mtype450.a(vib-sensor.o)
 .debug_info    0x00000000000059ae      0x152 obj_cooja/mtype450.a(clock.o)
 .debug_info    0x0000000000005b00      0x2bb obj_cooja/mtype450.a(log.o)
 .debug_info    0x0000000000005dbb      0x3cf obj_cooja/mtype450.a(cfs-cooja.o)
 .debug_info    0x000000000000618a      0xcb4 obj_cooja/mtype450.a(cooja-radio.o)
 .debug_info    0x0000000000006e3e      0x1d5 obj_cooja/mtype450.a(eeprom.o)
 .debug_info    0x0000000000007013       0xb3 obj_cooja/mtype450.a(random.o)
 .debug_info    0x00000000000070c6      0x36d obj_cooja/mtype450.a(sensors.o)
 .debug_info    0x0000000000007433      0x99d obj_cooja/mtype450.a(dual_conf.o)
 .debug_info    0x0000000000007dd0      0x1a5 obj_cooja/mtype450.a(autostart.o)
 .debug_info    0x0000000000007f75      0x46c obj_cooja/mtype450.a(ctimer.o)
 .debug_info    0x00000000000083e1      0x49c obj_cooja/mtype450.a(etimer.o)
 .debug_info    0x000000000000887d      0x4ba obj_cooja/mtype450.a(process.o)
 .debug_info    0x0000000000008d37      0x1ab obj_cooja/mtype450.a(rtimer.o)
 .debug_info    0x0000000000008ee2      0x16c obj_cooja/mtype450.a(timer.o)
 .debug_info    0x000000000000904e      0x2de obj_cooja/mtype450.a(serial-line.o)
 .debug_info    0x000000000000932c      0x2ed obj_cooja/mtype450.a(list.o)
 .debug_info    0x0000000000009619      0x1aa obj_cooja/mtype450.a(ringbuf.o)
 .debug_info    0x00000000000097c3     0x105e obj_cooja/mtype450.a(sicslowpan.o)
 .debug_info    0x000000000000a821      0x8c7 obj_cooja/mtype450.a(uip-ds6-nbr.o)
 .debug_info    0x000000000000b0e8      0xc19 obj_cooja/mtype450.a(uip-ds6.o)
 .debug_info    0x000000000000bd01      0xea0 obj_cooja/mtype450.a(uip6.o)
 .debug_info    0x000000000000cba1     0x14b3 obj_cooja/mtype450.a(tcpip.o)
 .debug_info    0x000000000000e054      0x1b5 obj_cooja/mtype450.a(uip-debug.o)
 .debug_info    0x000000000000e209      0x470 obj_cooja/mtype450.a(uip-packetqueue)
 .debug_info    0x000000000000e679     0x18f4 obj_cooja/mtype450.a(rpl-dag.o)
 .debug_info    0x000000000000ff6d      0xe2b obj_cooja/mtype450.a(rpl-ext-header.)
 .debug_info    0x0000000000010d98     0x1746 obj_cooja/mtype450.a(rpl-icmp6.o)
 .debug_info    0x00000000000124de      0xaf2 obj_cooja/mtype450.a(rpl-jkof.o)
 .debug_info    0x0000000000012fd0      0xbeb obj_cooja/mtype450.a(rpl-timers.o)
 .debug_info    0x0000000000013bbb      0xcde obj_cooja/mtype450.a(rpl.o)
 .debug_info    0x0000000000014899      0x198 obj_cooja/mtype450.a(linkaddr.o)
 .debug_info    0x0000000000014a31      0x9c3 obj_cooja/mtype450.a(nbr-table.o)
 .debug_info    0x00000000000153f4      0x4ba obj_cooja/mtype450.a(netstack.o)
 .debug_info    0x00000000000158ae      0x478 obj_cooja/mtype450.a(packetbuf.o)
 .debug_info    0x0000000000015d26      0x57d obj_cooja/mtype450.a(queuebuf.o)
 .debug_info    0x00000000000162a3      0x5ed obj_cooja/mtype450.a(framer-802154.o)
 .debug_info    0x0000000000016890      0x3d5 obj_cooja/mtype450.a(nullmac.o)
 .debug_info    0x0000000000016c65      0xc6d obj_cooja/mtype450.a(nullrdc.o)
 .debug_info    0x00000000000178d2      0x3aa obj_cooja/mtype450.a(nullsec.o)
 .debug_info    0x0000000000017c7c       0x7b obj_cooja/mtype450.a(watchdog.o)
 .debug_info    0x0000000000017cf7      0x119 obj_cooja/mtype450.a(rimestats.o)
 .debug_info    0x0000000000017e10      0x179 obj_cooja/mtype450.a(stimer.o)
 .debug_info    0x0000000000017f89      0x1d7 obj_cooja/mtype450.a(memb.o)
 .debug_info    0x0000000000018160      0xd30 obj_cooja/mtype450.a(uip-ds6-route.o)
 .debug_info    0x0000000000018e90      0x784 obj_cooja/mtype450.a(uip-icmp6.o)
 .debug_info    0x0000000000019614      0x331 obj_cooja/mtype450.a(uip-nd6.o)
 .debug_info    0x0000000000019945      0xda2 obj_cooja/mtype450.a(rpl-nbr-policy.)
 .debug_info    0x000000000001a6e7      0x6b4 obj_cooja/mtype450.a(frame802154.o)
 .debug_info    0x000000000001ad9b      0x297 obj_cooja/mtype450.a(mac-sequence.o)
 .debug_info    0x000000000001b032      0x112 obj_cooja/mtype450.a(mac.o)

.debug_abbrev   0x0000000000000000     0x6580
 *(.debug_abbrev)
 .debug_abbrev  0x0000000000000000      0x227 udp-server.co
 .debug_abbrev  0x0000000000000227      0x2b3 obj_cooja/mtype450.o
 .debug_abbrev  0x00000000000004da       0xc3 obj_cooja/mtype450.a(simEnvChange.o)
 .debug_abbrev  0x000000000000059d       0xe6 obj_cooja/mtype450.a(cooja_mt.o)
 .debug_abbrev  0x0000000000000683      0x147 obj_cooja/mtype450.a(cooja_mtarch.o)
 .debug_abbrev  0x00000000000007ca       0xcc obj_cooja/mtype450.a(rtimer-arch.o)
 .debug_abbrev  0x0000000000000896       0xe3 obj_cooja/mtype450.a(beep.o)
 .debug_abbrev  0x0000000000000979      0x11c obj_cooja/mtype450.a(button-sensor.o)
 .debug_abbrev  0x0000000000000a95       0xe1 obj_cooja/mtype450.a(leds-arch.o)
 .debug_abbrev  0x0000000000000b76       0x9c obj_cooja/mtype450.a(moteid.o)
 .debug_abbrev  0x0000000000000c12       0xe6 obj_cooja/mtype450.a(pir-sensor.o)
 .debug_abbrev  0x0000000000000cf8      0x14a obj_cooja/mtype450.a(rs232.o)
 .debug_abbrev  0x0000000000000e42       0xe6 obj_cooja/mtype450.a(vib-sensor.o)