Archive member included to satisfy reference by file (symbol)

obj_cooja/mtype674.a(simEnvChange.o)
                              obj_cooja/mtype674.o (simDontFallAsleep)
obj_cooja/mtype674.a(cooja_mt.o)
                              obj_cooja/mtype674.o (cooja_mt_start)
obj_cooja/mtype674.a(cooja_mtarch.o)
                              obj_cooja/mtype674.a(cooja_mt.o) (cooja_mtarch_init)
obj_cooja/mtype674.a(rtimer-arch.o)
                              obj_cooja/mtype674.o (rtimer_arch_next)
obj_cooja/mtype674.a(beep.o)  obj_cooja/mtype674.o (beep_interface)
obj_cooja/mtype674.a(button-sensor.o)
                              obj_cooja/mtype674.o (button_interface)
obj_cooja/mtype674.a(leds-arch.o)
                              obj_cooja/mtype674.o (leds_interface)
obj_cooja/mtype674.a(moteid.o)
                              obj_cooja/mtype674.o (moteid_interface)
obj_cooja/mtype674.a(pir-sensor.o)
                              obj_cooja/mtype674.o (pir_interface)
obj_cooja/mtype674.a(rs232.o)
                              obj_cooja/mtype674.o (rs232_interface)
obj_cooja/mtype674.a(vib-sensor.o)
                              obj_cooja/mtype674.o (vib_interface)
obj_cooja/mtype674.a(clock.o)
                              obj_cooja/mtype674.o (clock_interface)
obj_cooja/mtype674.a(log.o)   obj_cooja/mtype674.o (simlog_interface)
obj_cooja/mtype674.a(cfs-cooja.o)
                              obj_cooja/mtype674.o (cfs_interface)
obj_cooja/mtype674.a(cooja-radio.o)
                              obj_cooja/mtype674.o (radio_interface)
obj_cooja/mtype674.a(eeprom.o)
                              obj_cooja/mtype674.o (eeprom_interface)
obj_cooja/mtype674.a(random.o)
                              obj_cooja/mtype674.a(moteid.o) (random_init)
obj_cooja/mtype674.a(sensors.o)
                              udp-server.co (sensors_event)
obj_cooja/mtype674.a(dual_conf.o)
                              obj_cooja/mtype674.a(cooja-radio.o) (long_range_radio)
obj_cooja/mtype674.a(autostart.o)
                              obj_cooja/mtype674.o (autostart_start)
obj_cooja/mtype674.a(ctimer.o)
                              obj_cooja/mtype674.o (ctimer_init)
obj_cooja/mtype674.a(etimer.o)
                              obj_cooja/mtype674.o (etimer_process)
obj_cooja/mtype674.a(process.o)
                              udp-server.co (process_current)
obj_cooja/mtype674.a(rtimer.o)
                              obj_cooja/mtype674.a(rtimer-arch.o) (rtimer_run_next)
obj_cooja/mtype674.a(timer.o)
                              obj_cooja/mtype674.a(button-sensor.o) (timer_set)
obj_cooja/mtype674.a(serial-line.o)
                              obj_cooja/mtype674.a(rs232.o) (serial_line_input_byte)
obj_cooja/mtype674.a(list.o)  obj_cooja/mtype674.a(ctimer.o) (list_init)
obj_cooja/mtype674.a(ringbuf.o)
                              obj_cooja/mtype674.a(serial-line.o) (ringbuf_init)
obj_cooja/mtype674.a(sicslowpan.o)
                              obj_cooja/mtype674.o (sicslowpan_driver)
obj_cooja/mtype674.a(uip-ds6-nbr.o)
                              obj_cooja/mtype674.a(sicslowpan.o) (uip_ds6_link_neighbor_callback)
obj_cooja/mtype674.a(uip-ds6.o)
                              udp-server.co (uip_ds6_if)
obj_cooja/mtype674.a(uip6.o)  obj_cooja/mtype674.o (uip_lladdr)
obj_cooja/mtype674.a(tcpip.o)
                              udp-server.co (tcpip_event)
obj_cooja/mtype674.a(uip-debug.o)
                              udp-server.co (uip_debug_ipaddr_print)
obj_cooja/mtype674.a(uip-packetqueue)
                              obj_cooja/mtype674.a(uip-ds6-nbr.o) (uip_packetqueue_new)
obj_cooja/mtype674.a(rpl-dag.o)
                              udp-server.co (rpl_set_root)
obj_cooja/mtype674.a(rpl-ext-header.)
                              obj_cooja/mtype674.a(uip6.o) (rpl_verify_header)
obj_cooja/mtype674.a(rpl-icmp6.o)
                              obj_cooja/mtype674.a(rpl-dag.o) (rpl_icmp6_update_nbr_table)
obj_cooja/mtype674.a(rpl-mrhof.o)
                              obj_cooja/mtype674.a(rpl-dag.o) (rpl_mrhof)
obj_cooja/mtype674.a(rpl-timers.o)
                              obj_cooja/mtype674.a(rpl-dag.o) (rpl_reset_dio_timer)
obj_cooja/mtype674.a(rpl.o)   obj_cooja/mtype674.a(rpl-icmp6.o) (rpl_get_mode)
obj_cooja/mtype674.a(linkaddr.o)
                              obj_cooja/mtype674.o (linkaddr_node_addr)
obj_cooja/mtype674.a(nbr-table.o)
                              obj_cooja/mtype674.a(uip-ds6-nbr.o) (nbr_table_register)
obj_cooja/mtype674.a(netstack.o)
                              obj_cooja/mtype674.o (netstack_init)
obj_cooja/mtype674.a(packetbuf.o)
                              obj_cooja/mtype674.a(cooja-radio.o) (packetbuf_attrs)
obj_cooja/mtype674.a(queuebuf.o)
                              obj_cooja/mtype674.o (queuebuf_init)
obj_cooja/mtype674.a(csma.o)  udp-server.co (csma_driver)
obj_cooja/mtype674.a(framer-802154.o)
                              obj_cooja/mtype674.a(sicslowpan.o) (framer_802154)
[...]
Memory Configuration

Name             Origin             Length             Attributes
*default*        0x0000000000000000 0xffffffffffffffff

Linker script and memory map

LOAD /usr/lib/gcc/i686-linux-gnu/4.8/../../../i386-linux-gnu/crti.o
LOAD /usr/lib/gcc/i686-linux-gnu/4.8/crtbeginS.o
LOAD udp-server.co
LOAD obj_cooja/mtype674.o
LOAD obj_cooja/mtype674.a
LOAD /usr/lib/gcc/i686-linux-gnu/4.8/libgcc.a
LOAD /usr/lib/gcc/i686-linux-gnu/4.8/libgcc_s.so
LOAD /usr/lib/gcc/i686-linux-gnu/4.8/../../../i386-linux-gnu/libc.so
START GROUP
LOAD /lib/i386-linux-gnu/libc.so.6
LOAD /usr/lib/i386-linux-gnu/libc_nonshared.a
LOAD /lib/i386-linux-gnu/ld-linux.so.2
END GROUP
LOAD /usr/lib/gcc/i686-linux-gnu/4.8/libgcc.a
LOAD /usr/lib/gcc/i686-linux-gnu/4.8/libgcc_s.so
LOAD /usr/lib/gcc/i686-linux-gnu/4.8/crtendS.o
LOAD /usr/lib/gcc/i686-linux-gnu/4.8/../../../i386-linux-gnu/crtn.o
                0x0000000000000114                . = (0x0 + SIZEOF_HEADERS)

.note.gnu.build-id
                0x0000000000000114       0x24
 *(.note.gnu.build-id)
 .note.gnu.build-id
                0x0000000000000114       0x24 /usr/lib/gcc/i686-linux-gnu/4.8/../../../i386-linux-gnu/crti.o

.hash
 *(.hash)

.gnu.hash       0x0000000000000138     0x125c
 *(.gnu.hash)
 .gnu.hash      0x0000000000000138     0x125c /usr/lib/gcc/i686-linux-gnu/4.8/../../../i386-linux-gnu/crti.o

.dynsym         0x0000000000001394     0x21a0
 *(.dynsym)
 .dynsym        0x0000000000001394     0x21a0 /usr/lib/gcc/i686-linux-gnu/4.8/../../../i386-linux-gnu/crti.o

.dynstr         0x0000000000003534     0x229c
 *(.dynstr)
 .dynstr        0x0000000000003534     0x229c /usr/lib/gcc/i686-linux-gnu/4.8/../../../i386-linux-gnu/crti.o

.gnu.version    0x00000000000057d0      0x434
 *(.gnu.version)
 .gnu.version   0x00000000000057d0      0x434 /usr/lib/gcc/i686-linux-gnu/4.8/../../../i386-linux-gnu/crti.o

.gnu.version_d  0x0000000000005c04        0x0
 *(.gnu.version_d)
 .gnu.version_d
                0x0000000000000000        0x0 /usr/lib/gcc/i686-linux-gnu/4.8/../../../i386-linux-gnu/crti.o

.gnu.version_r  0x0000000000005c04       0x40
 *(.gnu.version_r)
 .gnu.version_r
                0x0000000000005c04       0x40 /usr/lib/gcc/i686-linux-gnu/4.8/../../../i386-linux-gnu/crti.o

.rel.dyn        0x0000000000005c44     0x8238
 *(.rel.init)
 .rel.init      0x0000000000000000        0x0 /usr/lib/gcc/i686-linux-gnu/4.8/../../../i386-linux-gnu/crti.o
 *(.rel.text .rel.text.* .rel.gnu.linkonce.t.*)
 .rel.text      0x0000000000005c44     0x7a98 /usr/lib/gcc/i686-linux-gnu/4.8/../../../i386-linux-gnu/crti.o
 *(.rel.fini)
 .rel.fini      0x0000000000000000        0x0 /usr/lib/gcc/i686-linux-gnu/4.8/../../../i386-linux-gnu/crti.o
 *(.rel.rodata .rel.rodata.* .rel.gnu.linkonce.r.*)
 .rel.rodata    0x000000000000d6dc      0x4e0 /usr/lib/gcc/i686-linux-gnu/4.8/../../../i386-linux-gnu/crti.o
 *(.rel.data.rel.ro .rel.data.rel.ro.* .rel.gnu.linkonce.d.rel.ro.*)
 *(.rel.data .rel.data.* .rel.gnu.linkonce.d.*)
 .rel.data.rel  0x000000000000dbbc        0x8 /usr/lib/gcc/i686-linux-gnu/4.8/../../../i386-linux-gnu/crti.o
 .rel.data      0x000000000000dbc4      0x280 /usr/lib/gcc/i686-linux-gnu/4.8/../../../i386-linux-gnu/crti.o
 *(.rel.tdata .rel.tdata.* .rel.gnu.linkonce.td.*)
 *(.rel.tbss .rel.tbss.* .rel.gnu.linkonce.tb.*)
 *(.rel.ctors)
 *(.rel.dtors)
 *(.rel.got)
 .rel.got       0x000000000000de44       0x28 /usr/lib/gcc/i686-linux-gnu/4.8/../../../i386-linux-gnu/crti.o
 *(.rel.bss .rel.bss.* .rel.gnu.linkonce.b.*)
 *(.rel.ifunc)
 .rel.ifunc     0x0000000000000000        0x0 /usr/lib/gcc/i686-linux-gnu/4.8/../../../i386-linux-gnu/crti.o
 .rel.fini_array
                0x000000000000de6c        0x8 /usr/lib/gcc/i686-linux-gnu/4.8/../../../i386-linux-gnu/crti.o
 .rel.init_array
                0x000000000000de74        0x8 /usr/lib/gcc/i686-linux-gnu/4.8/../../../i386-linux-gnu/crti.o

.rel.plt        0x000000000000de7c       0x10
 *(.rel.plt)
 .rel.plt       0x000000000000de7c       0x10 /usr/lib/gcc/i686-linux-gnu/4.8/../../../i386-linux-gnu/crti.o
 *(.rel.iplt)

.init           0x000000000000de8c       0x23
 *(SORT(.init))
 .init          0x000000000000de8c       0x1e /usr/lib/gcc/i686-linux-gnu/4.8/../../../i386-linux-gnu/crti.o
                0x000000000000de8c                _init
 .init          0x000000000000deaa        0x5 /usr/lib/gcc/i686-linux-gnu/4.8/../../../i386-linux-gnu/crtn.o

.plt            0x000000000000deb0       0x30
 *(.plt)
 .plt           0x000000000000deb0       0x30 /usr/lib/gcc/i686-linux-gnu/4.8/../../../i386-linux-gnu/crti.o
 *(.iplt)

.text           0x000000000000dee0    0x1454e
 *(.text.unlikely .text.*_unlikely .text.unlikely.*)
 *(.text.exit .text.exit.*)
 *(.text.startup .text.startup.*)
 *(.text.hot .text.hot.*)
 *(.text .stub .text.* .gnu.linkonce.t.*)
 .text          0x000000000000dee0        0x0 /usr/lib/gcc/i686-linux-gnu/4.8/../../../i386-linux-gnu/crti.o
 .gnu.linkonce.t.__x86.get_pc_thunk.bx
                0x000000000000dee0        0x4 /usr/lib/gcc/i686-linux-gnu/4.8/../../../i386-linux-gnu/crti.o
                0x000000000000dee0                __x86.get_pc_thunk.bx
 *fill*         0x000000000000dee4        0xc 
 .text          0x000000000000def0      0x11b /usr/lib/gcc/i686-linux-gnu/4.8/crtbeginS.o
 .text          0x000000000000e00b      0x3e4 udp-server.co
 .text          0x000000000000e3ef      0x70e obj_cooja/mtype674.o
                0x000000000000e525                contiki_init
                0x000000000000e914                Java_org_contikios_cooja_corecomm_Lib5_init
                0x000000000000e954                Java_org_contikios_cooja_corecomm_Lib5_getMemory
                0x000000000000e994                Java_org_contikios_cooja_corecomm_Lib5_setMemory
                0x000000000000ea0b                Java_org_contikios_cooja_corecomm_Lib5_tick
                0x000000000000eaeb                Java_org_contikios_cooja_corecomm_Lib5_setReferenceAddress
 .text          0x000000000000eafd       0x63 obj_cooja/mtype674.a(simEnvChange.o)
                0x000000000000eafd                doActionsBeforeTick
                0x000000000000eb2e                doActionsAfterTick
 .text          0x000000000000eb60       0xbc obj_cooja/mtype674.a(cooja_mt.o)
                0x000000000000eb60                cooja_mt_init
                0x000000000000eb6d                cooja_mt_remove
                0x000000000000eb7a                cooja_mt_start
                0x000000000000eba7                cooja_mt_exec
                0x000000000000ebd8                cooja_mt_exit
                0x000000000000ebfa                cooja_mt_yield
 .text          0x000000000000ec1c      0x115 obj_cooja/mtype674.a(cooja_mtarch.o)
                0x000000000000ec1c                cooja_mtarch_init
                0x000000000000ec21                cooja_mtarch_start
                0x000000000000ec9c                cooja_sw
                0x000000000000ecbe                cooja_mtarch_exec
                0x000000000000ecda                cooja_mtarch_remove
                0x000000000000ecdf                cooja_mtarch_yield
                0x000000000000ece9                cooja_mtarch_pstop
                0x000000000000ecee                cooja_mtarch_pstart
                0x000000000000ecf3                cooja_mtarch_stack_usage
 .text          0x000000000000ed31       0xc2 obj_cooja/mtype674.a(rtimer-arch.o)
                0x000000000000ed31                rtimer_arch_init
                0x000000000000ed54                rtimer_arch_schedule
                0x000000000000ed6b                rtimer_arch_next
                0x000000000000ed75                rtimer_arch_pending
                0x000000000000ed7f                rtimer_arch_check
                0x000000000000edb1                rtimer_arch_now
 .text          0x000000000000edf3       0x76 obj_cooja/mtype674.a(beep.o)
                0x000000000000edf3                beep_alarm
                0x000000000000edff                beep_beep
                0x000000000000ee0b                beep
                0x000000000000ee17                beep_down
                0x000000000000ee23                beep_on
                0x000000000000ee2f                beep_off
                0x000000000000ee3b                beep_spinup
                0x000000000000ee47                beep_quick
                0x000000000000ee53                beep_long
 .text          0x000000000000ee69      0x103 obj_cooja/mtype674.a(button-sensor.o)
 .text          0x000000000000ef6c       0x45 obj_cooja/mtype674.a(leds-arch.o)
                0x000000000000ef6c                leds_arch_init
                0x000000000000ef78                leds_arch_get
                0x000000000000ef84                leds_arch_set
 .text          0x000000000000efb1       0x2f obj_cooja/mtype674.a(moteid.o)
 .text          0x000000000000efe0       0xb1 obj_cooja/mtype674.a(pir-sensor.o)
 .text          0x000000000000f091      0x131 obj_cooja/mtype674.a(rs232.o)
                0x000000000000f091                rs232_init
                0x000000000000f096                rs232_set_speed
                0x000000000000f0a4                rs232_set_input
                0x000000000000f0b1                rs232_send
                0x000000000000f0d3                rs232_print
                0x000000000000f0ee                slip_arch_writeb
 .text          0x000000000000f1c2       0xb1 obj_cooja/mtype674.a(vib-sensor.o)
 .text          0x000000000000f273       0x34 obj_cooja/mtype674.a(clock.o)
                0x000000000000f273                clock_init
                0x000000000000f278                clock_time
                0x000000000000f282                clock_seconds
                0x000000000000f298                clock_delay
 .text          0x000000000000f2a7      0x1ed obj_cooja/mtype674.a(log.o)
                0x000000000000f2a7                simlog_char
                0x000000000000f2e9                simlog
                0x000000000000f356                log_message
                0x000000000000f37e                log_set_putchar_with_slip
                0x000000000000f38b                log_putchar
                0x000000000000f40f                log_puts
                0x000000000000f433                log_printf
 .text          0x000000000000f494      0x2c4 obj_cooja/mtype674.a(cfs-cooja.o)
                0x000000000000f494                cfs_open
                0x000000000000f4fd                cfs_close
                0x000000000000f509                cfs_read
                0x000000000000f5a7                cfs_write
                0x000000000000f684                cfs_seek
                0x000000000000f70c                cfs_remove
                0x000000000000f735                cfs_opendir
                0x000000000000f73f                cfs_readdir
                0x000000000000f749                cfs_closedir
 .text          0x000000000000f758      0x514 obj_cooja/mtype674.a(cooja-radio.o)
                0x000000000000f782                radio_set_channel
                0x000000000000f797                radio_set_txpower
                0x000000000000f7ae                radio_signal_strength_last
                0x000000000000f7b8                radio_signal_strength_current
                0x000000000000f7c2                radio_LQI
 .text          0x000000000000fc6c       0xef obj_cooja/mtype674.a(eeprom.o)
                0x000000000000fc6c                eeprom_init
                0x000000000000fc71                eeprom_read
                0x000000000000fce1                eeprom_write
 .text          0x000000000000fd5b       0x28 obj_cooja/mtype674.a(random.o)
                0x000000000000fd5b                random_init
                0x000000000000fd76                random_rand
 .text          0x000000000000fd83      0x2a1 obj_cooja/mtype674.a(sensors.o)
                0x000000000000fdbe                sensors_first
                0x000000000000fdc8                sensors_next
                0x000000000000fde5                sensors_changed
                0x000000000000fe14                sensors_find
 .text          0x0000000000010024      0x29c obj_cooja/mtype674.a(dual_conf.o)
                0x0000000000010024                dual_radio_switch
                0x0000000000010064                dual_radio_change
                0x000000000001009e                sending_in_LR
                0x00000000000100c9                dual_radio_received
                0x0000000000010101                radio_received_is_longrange
                0x0000000000010276                dio_broadcast
                0x000000000001029f                dis_broadcast
 .text          0x00000000000102c0       0x8e obj_cooja/mtype674.a(autostart.o)
                0x00000000000102c0                autostart_start
                0x000000000001030b                autostart_exit
 .text          0x000000000001034e      0x334 obj_cooja/mtype674.a(ctimer.o)
                0x0000000000010465                ctimer_init
                0x0000000000010495                ctimer_set
                0x00000000000104c6                ctimer_set_with_process
                0x0000000000010542                ctimer_reset
                0x0000000000010591                ctimer_restart
                0x00000000000105e0                ctimer_stop
                0x000000000001062b                ctimer_expired
 .text          0x0000000000010682      0x40b obj_cooja/mtype674.a(etimer.o)
                0x0000000000010895                etimer_request_poll
                0x0000000000010919                etimer_set
                0x000000000001093e                etimer_reset_with_new_interval
                0x0000000000010965                etimer_reset
                0x0000000000010983                etimer_restart
                0x00000000000109a1                etimer_adjust
                0x00000000000109bd                etimer_expired
                0x00000000000109d0                etimer_expiration_time
                0x00000000000109e2                etimer_start_time
                0x00000000000109ec                etimer_pending
                0x00000000000109fe                etimer_next_expiration_time
                0x0000000000010a18                etimer_stop
 .text          0x0000000000010a8d      0x560 obj_cooja/mtype674.a(process.o)
                0x0000000000010a8d                process_alloc_event
                0x0000000000010aa2                process_start
                0x0000000000010c8b                process_exit
                0x0000000000010ca7                process_init
                0x0000000000010e78                process_run
                0x0000000000010eab                process_nevents
                0x0000000000010ec6                process_post
                0x0000000000010f72                process_post_synch
                0x0000000000010faa                process_poll
                0x0000000000010fd9                process_is_running
 .text          0x0000000000010fed       0xba obj_cooja/mtype674.a(rtimer.o)
                0x0000000000010fed                rtimer_init
                0x0000000000010ffa                rtimer_set
                0x0000000000011051                rtimer_run_next
 .text          0x00000000000110a7       0x91 obj_cooja/mtype674.a(timer.o)
                0x00000000000110a7                timer_set
                0x00000000000110c2                timer_reset
                0x00000000000110d9                timer_restart
                0x00000000000110eb                timer_expired
                0x0000000000011114                timer_remaining
 .text          0x0000000000011138      0x1fb obj_cooja/mtype674.a(serial-line.o)
                0x0000000000011138                serial_line_input_byte
                0x00000000000112fb                serial_line_init
 .text          0x0000000000011333      0x244 obj_cooja/mtype674.a(list.o)
                0x0000000000011333                list_init
                0x0000000000011341                list_head
                0x000000000001134b                list_copy
                0x000000000001135a                list_tail
                0x0000000000011390                list_add
                0x00000000000113d9                list_push
                0x0000000000011405                list_chop
                0x000000000001146f                list_pop
                0x0000000000011497                list_remove
                0x00000000000114fe                list_length
                0x000000000001152c                list_insert
                0x0000000000011560                list_item_next
 .text          0x0000000000011577      0x155 obj_cooja/mtype674.a(ringbuf.o)
                0x0000000000011577                ringbuf_init
                0x00000000000115a8                ringbuf_put
                0x0000000000011626                ringbuf_get
                0x0000000000011693                ringbuf_size
                0x00000000000116a5                ringbuf_elements
 .text          0x00000000000116cc     0x258b obj_cooja/mtype674.a(sicslowpan.o)
                0x0000000000011c56                rime_sniffer_add
                0x0000000000011c63                rime_sniffer_remove
                0x0000000000013bf6                sicslowpan_init
                0x0000000000013c4d                sicslowpan_get_last_rssi
 .text          0x0000000000013c57      0x298 obj_cooja/mtype674.a(uip-ds6-nbr.o)
                0x0000000000013c74                uip_ds6_neighbors_init
                0x0000000000013c91                uip_ds6_nbr_add
                0x0000000000013d19                uip_ds6_nbr_rm
                0x0000000000013d5b                uip_ds6_nbr_get_ipaddr
                0x0000000000013d70                uip_ds6_nbr_get_ll
                0x0000000000013d8c                uip_ds6_nbr_num
                0x0000000000013dd1                uip_ds6_nbr_lookup
                0x0000000000013e36                uip_ds6_nbr_ll_lookup
                0x0000000000013e52                uip_ds6_nbr_ipaddr_from_lladdr
                0x0000000000013e78                uip_ds6_nbr_lladdr_from_ipaddr
                0x0000000000013ea6                uip_ds6_link_neighbor_callback
 .text          0x0000000000013eef      0xb97 obj_cooja/mtype674.a(uip-ds6.o)
                0x0000000000013eef                uip_ds6_init
                0x00000000000140c2                uip_ds6_periodic
                0x000000000001413b                uip_ds6_list_loop
                0x00000000000141e2                uip_ds6_prefix_add
                0x00000000000142a0                uip_ds6_prefix_rm
                0x00000000000142b2                uip_ds6_prefix_lookup
                0x0000000000014303                uip_ds6_is_addr_onlink
                0x0000000000014377                uip_ds6_addr_add
                0x00000000000144a5                uip_ds6_addr_rm
                0x0000000000014545                uip_ds6_addr_lookup
                0x0000000000014590                uip_ds6_get_link_local
                0x000000000001460f                uip_ds6_get_global
                0x000000000001468e                uip_ds6_maddr_add
                0x0000000000014700                uip_ds6_maddr_rm
                0x0000000000014712                uip_ds6_maddr_lookup
                0x000000000001475d                uip_ds6_aaddr_add
                0x00000000000147cf                uip_ds6_aaddr_rm
                0x00000000000147e1                uip_ds6_aaddr_lookup
                0x000000000001482c                uip_ds6_select_src
                0x0000000000014971                uip_ds6_set_addr_iid
                0x00000000000149a8                get_match_length
                0x0000000000014a3a                uip_ds6_compute_reachable_time
 .text          0x0000000000014a86     0x2a33 obj_cooja/mtype674.a(uip6.o)
                0x0000000000014a86                uip_add32
                0x0000000000014c1f                uip_chksum
                0x0000000000014d0d                uip_icmp6chksum
                0x0000000000014d21                uip_tcpchksum
                0x0000000000014d35                uip_udpchksum
                0x0000000000014d49                uip_init
                0x0000000000014e19                uip_connect
                0x0000000000014fc8                remove_ext_hdr
                0x000000000001509d                uip_udp_new
                0x00000000000151f9                uip_unlisten
                0x0000000000015259                uip_listen
                0x000000000001551b                uip_process
                0x00000000000173ad                uip_htons
                0x00000000000173cf                uip_htonl
                0x000000000001740f                uip_send
 .text          0x00000000000174b9      0x9de obj_cooja/mtype674.a(tcpip.o)
                0x00000000000174b9                tcpip_output
                0x000000000001750a                tcpip_set_outputfunc
                0x000000000001759e                tcp_connect
                0x00000000000175f3                tcp_unlisten
                0x000000000001764e                tcp_listen
                0x00000000000176a7                tcp_attach
                0x00000000000176cc                udp_attach
                0x00000000000176f1                udp_new
                0x0000000000017743                udp_broadcast_new
                0x00000000000179b7                tcpip_input
                0x00000000000179eb                tcpip_ipv6_output
                0x0000000000017cdd                tcpip_poll_udp
                0x0000000000017d00                tcpip_poll_tcp
                0x0000000000017d23                tcpip_uipcall
 .text          0x0000000000017e97      0x1c1 obj_cooja/mtype674.a(uip-debug.o)
                0x0000000000017e97                uip_debug_ipaddr_print
                0x0000000000017ff9                uip_debug_lladdr_print
 .text          0x0000000000018058      0x141 obj_cooja/mtype674.a(uip-packetqueue)
                0x0000000000018084                uip_packetqueue_new
                0x0000000000018092                uip_packetqueue_alloc
                0x00000000000180f2                uip_packetqueue_free
                0x0000000000018133                uip_packetqueue_buf
                0x0000000000018150                uip_packetqueue_buflen
                0x0000000000018171                uip_packetqueue_set_buflen
 .text          0x0000000000018199     0x238e obj_cooja/mtype674.a(rpl-dag.o)
                0x0000000000018199                rpl_print_neighbor_list
                0x000000000001836e                rpl_get_nbr
                0x00000000000183c8                rpl_dag_init
                0x00000000000183e5                rpl_get_parent
                0x0000000000018407                rpl_get_parent_rank
                0x000000000001843a                rpl_get_parent_link_metric
                0x000000000001846d                rpl_get_parent_ipaddr
                0x0000000000018770                rpl_set_root
                0x0000000000018997                rpl_repair_root
                0x0000000000018bd3                rpl_set_prefix
                0x0000000000018cd2                rpl_set_default_route
                0x0000000000018d5e                rpl_alloc_instance
                0x0000000000018df1                rpl_alloc_dag
                0x0000000000018ea2                rpl_set_default_instance
                0x0000000000018eaf                rpl_get_default_instance
                0x0000000000018eb9                rpl_free_instance
                0x0000000000018f68                rpl_free_dag
                0x0000000000018fce                rpl_add_parent
                0x00000000000190a4                rpl_find_parent
                0x00000000000190fc                rpl_find_parent_any_dag
                0x0000000000019138                rpl_select_dag
                0x00000000000194ce                rpl_select_parent
                0x0000000000019530                rpl_remove_parent
                0x0000000000019557                rpl_nullify_parent
                0x00000000000195f5                rpl_move_parent
                0x0000000000019692                rpl_has_downward_route
                0x00000000000196e5                rpl_get_any_dag
                0x0000000000019747                rpl_get_instance
                0x00000000000197aa                rpl_find_of
                0x00000000000197e7                rpl_join_instance
                0x0000000000019a62                rpl_add_dag
                0x0000000000019e51                rpl_local_repair
                0x0000000000019f15                rpl_recalculate_ranks
                0x0000000000019f9b                rpl_process_parent_event
                0x000000000001a04d                rpl_process_dio
 .text          0x000000000001a527      0xbf3 obj_cooja/mtype674.a(rpl-ext-header.)
                0x000000000001a544                rpl_verify_header
                0x000000000001a9be                rpl_update_header_empty
                0x000000000001acd5                rpl_update_header_final
                0x000000000001ae64                rpl_remove_header
                0x000000000001af6e                rpl_invert_header
                0x000000000001b0f8                rpl_insert_header
 .text          0x000000000001b11a     0x1b6f obj_cooja/mtype674.a(rpl-icmp6.o)
                0x000000000001b379                rpl_icmp6_update_nbr_table
                0x000000000001b469                dis_output
                0x000000000001bad4                dio_output
                0x000000000001c868                dao_output
                0x000000000001c923                dao_output_target
                0x000000000001cc3d                dao_ack_output
                0x000000000001cc51                rpl_icmp6_register_handlers
 .text          0x000000000001cc89      0x291 obj_cooja/mtype674.a(rpl-mrhof.o)
 .text          0x000000000001cf1a      0x7ba obj_cooja/mtype674.a(rpl-timers.o)
                0x000000000001d167                rpl_reset_periodic_timer
                0x000000000001d1bc                rpl_reset_dio_timer
                0x000000000001d3f6                rpl_schedule_dao
                0x000000000001d411                rpl_schedule_dao_immediately
                0x000000000001d42c                rpl_cancel_dao
                0x000000000001d48e                rpl_schedule_unicast_dio_immediately
                0x000000000001d67c                rpl_schedule_probing
 .text          0x000000000001d6d4      0x59b obj_cooja/mtype674.a(rpl.o)
                0x000000000001d6d4                rpl_get_mode
                0x000000000001d6de                rpl_set_mode
                0x000000000001d76c                rpl_purge_routes
                0x000000000001d866                rpl_remove_routes
                0x000000000001d8ac                rpl_remove_routes_by_nexthop
                0x000000000001d918                rpl_add_route
                0x000000000001d993                rpl_link_neighbor_callback
                0x000000000001da98                rpl_ipv6_neighbor_callback
                0x000000000001db07                rpl_purge_dags
                0x000000000001dbe9                rpl_init
 .text          0x000000000001dc6f       0x67 obj_cooja/mtype674.a(linkaddr.o)
                0x000000000001dc6f                linkaddr_copy
                0x000000000001dc91                linkaddr_cmp
                0x000000000001dcbb                linkaddr_set_node_addr
 .text          0x000000000001dcd6      0x769 obj_cooja/mtype674.a(nbr-table.o)
                0x000000000001e135                nbr_table_register
                0x000000000001e17d                nbr_table_head
                0x000000000001e1d9                nbr_table_next
                0x000000000001e240                nbr_table_add_lladdr
                0x000000000001e31c                nbr_table_get_from_lladdr
                0x000000000001e369                nbr_table_remove
                0x000000000001e3bb                nbr_table_lock
                0x000000000001e3e5                nbr_table_unlock
                0x000000000001e40f                nbr_table_get_lladdr
 .text          0x000000000001e43f       0x2b obj_cooja/mtype674.a(netstack.o)
                0x000000000001e43f                netstack_init
 .text          0x000000000001e46a      0x3cd obj_cooja/mtype674.a(packetbuf.o)
                0x000000000001e46a                packetbuf_clear
                0x000000000001e494                packetbuf_copyfrom
                0x000000000001e4e6                packetbuf_compact
                0x000000000001e563                packetbuf_copyto
                0x000000000001e5fa                packetbuf_hdralloc
                0x000000000001e677                packetbuf_hdrreduce
                0x000000000001e6bf                packetbuf_set_datalen
                0x000000000001e6d8                packetbuf_dataptr
                0x000000000001e6f5                packetbuf_hdrptr
                0x000000000001e6ff                packetbuf_datalen
                0x000000000001e70b                packetbuf_hdrlen
                0x000000000001e722                packetbuf_totlen
                0x000000000001e738                packetbuf_attr_clear
                0x000000000001e78a                packetbuf_attr_copyto
                0x000000000001e7d3                packetbuf_attr_copyfrom
                0x000000000001e81b                packetbuf_holds_broadcast
 .text          0x000000000001e837      0x2b4 obj_cooja/mtype674.a(queuebuf.o)
                0x000000000001e841                queuebuf_init
                0x000000000001e861                queuebuf_numfree
                0x000000000001e875                queuebuf_new_from_packetbuf
                0x000000000001e905                queuebuf_update_attr_from_packetbuf
                0x000000000001e938                queuebuf_update_from_packetbuf
                0x000000000001e982                queuebuf_free
                0x000000000001e9c9                queuebuf_to_packetbuf
                0x000000000001ea2f                queuebuf_dataptr
                0x000000000001ea66                queuebuf_datalen
                0x000000000001ea89                queuebuf_addr
                0x000000000001eabb                queuebuf_attr
                0x000000000001eae6                queuebuf_debug_print
 .text          0x000000000001eaeb      0x831 obj_cooja/mtype674.a(csma.o)
 .text          0x000000000001f31c      0x3ed obj_cooja/mtype674.a(framer-802154.o)
 .text          0x000000000001f709       0x3c obj_cooja/mtype674.a(mac.o)
                0x000000000001f709                mac_call_sent_callback
 .text          0x000000000001f745      0x4b0 obj_cooja/mtype674.a(nullrdc.o)
 .text          0x000000000001fbf5       0x6e obj_cooja/mtype674.a(nullsec.o)
 .text          0x000000000001fc63       0x19 obj_cooja/mtype674.a(watchdog.o)
                0x000000000001fc63                watchdog_init
                0x000000000001fc68                watchdog_start
                0x000000000001fc6d                watchdog_periodic
                0x000000000001fc72                watchdog_stop
                0x000000000001fc77                watchdog_reboot
 .text          0x000000000001fc7c        0x0 obj_cooja/mtype674.a(rimestats.o)
 .text          0x000000000001fc7c       0xa3 obj_cooja/mtype674.a(stimer.o)
                0x000000000001fc7c                stimer_set
                0x000000000001fc97                stimer_reset
                0x000000000001fcae                stimer_restart
                0x000000000001fcc0                stimer_expired
                0x000000000001fce7                stimer_remaining
                0x000000000001fd0b                stimer_elapsed
 .text          0x000000000001fd1f      0x1c1 obj_cooja/mtype674.a(memb.o)
                0x000000000001fd1f                memb_init
                0x000000000001fd7d                memb_alloc
                0x000000000001fde2                memb_free
                0x000000000001fe5d                memb_inmemb
                0x000000000001fe9c                memb_numfree
 .text          0x000000000001fee0      0x916 obj_cooja/mtype674.a(uip-ds6-route.o)
                0x000000000001ff57                uip_ds6_notification_add
                0x000000000001ff88                uip_ds6_notification_rm
                0x000000000001ffa4                uip_ds6_route_init
                0x000000000002002c                uip_ds6_route_nexthop
                0x0000000000020054                uip_ds6_route_head
                0x0000000000020069                uip_ds6_route_next
                0x000000000002008f                uip_ds6_route_is_nexthop
                0x00000000000200ce                uip_ds6_route_num_routes
                0x00000000000200d8                uip_ds6_route_lookup
                0x000000000002019a                uip_ds6_route_add
                0x00000000000203ce                uip_ds6_route_rm
                0x0000000000020562                uip_ds6_route_rm_by_nexthop
                0x000000000002059a                uip_ds6_defrt_add
                0x000000000002064b                uip_ds6_defrt_rm
                0x00000000000206ca                uip_ds6_defrt_lookup
                0x0000000000020723                uip_ds6_defrt_choose
                0x000000000002078e                uip_ds6_defrt_periodic
 .text          0x00000000000207f6      0xab2 obj_cooja/mtype674.a(uip-icmp6.o)
                0x0000000000020864                uip_icmp6_input
                0x00000000000208ba                uip_icmp6_register_input_handler
                0x0000000000020b82                uip_icmp6_error_output
                0x0000000000020ec7                uip_icmp6_send
                0x000000000002123b                uip_icmp6_echo_reply_callback_add
                0x000000000002126c                uip_icmp6_echo_reply_callback_rm
                0x0000000000021288                uip_icmp6_init
 .text          0x00000000000212a8      0x358 obj_cooja/mtype674.a(uip-nd6.o)
                0x00000000000212fc                uip_nd6_ns_output
                0x00000000000215fb                uip_nd6_init
 .text          0x0000000000021600      0x331 obj_cooja/mtype674.a(rpl-nbr-policy.)
                0x00000000000217d8                find_removable_dis
                0x00000000000217fb                find_removable_dio
                0x000000000002188a                find_removable_dao
                0x00000000000218da                rpl_nbr_policy_find_removable
 .text          0x0000000000021931      0x97c obj_cooja/mtype674.a(frame802154.o)
                0x0000000000021962                frame802154_get_pan_id
                0x000000000002196e                frame802154_set_pan_id
                0x0000000000021987                frame802154_has_panid
                0x0000000000021a73                frame802154_check_dest_panid
                0x0000000000021adb                frame802154_is_broadcast_addr
                0x0000000000021b28                frame802154_extract_linkaddr
                0x0000000000021d68                frame802154_hdrlen
                0x0000000000021db9                frame802154_create
                0x0000000000021fa4                frame802154_parse
 .text          0x00000000000222ad      0x181 obj_cooja/mtype674.a(mac-sequence.o)
                0x00000000000222e4                mac_sequence_is_duplicate
                0x0000000000022367                mac_sequence_register_seqno
 .text          0x000000000002242e        0x0 /usr/lib/gcc/i686-linux-gnu/4.8/crtendS.o
 .text          0x000000000002242e        0x0 /usr/lib/gcc/i686-linux-gnu/4.8/../../../i386-linux-gnu/crtn.o
 *(.gnu.warning)

.fini           0x0000000000022430       0x14
 *(SORT(.fini))
 .fini          0x0000000000022430        0xf /usr/lib/gcc/i686-linux-gnu/4.8/../../../i386-linux-gnu/crti.o
                0x0000000000022430                _fini
 .fini          0x000000000002243f        0x5 /usr/lib/gcc/i686-linux-gnu/4.8/../../../i386-linux-gnu/crtn.o
                0x0000000000022444                PROVIDE (__etext, .)
                0x0000000000022444                PROVIDE (_etext, .)
                0x0000000000022444                PROVIDE (etext, .)

.rodata         0x0000000000022460      0x8d8
 *(.rodata .rodata.* .gnu.linkonce.r.*)
 .rodata        0x0000000000022460      0x148 udp-server.co
                0x0000000000022474                autostart_processes
 .rodata        0x00000000000225a8      0x127 obj_cooja/mtype674.o
 *fill*         0x00000000000226cf        0x1 
 .rodata        0x00000000000226d0        0x8 obj_cooja/mtype674.a(beep.o)
                0x00000000000226d0                beep_interface
 .rodata        0x00000000000226d8       0x20 obj_cooja/mtype674.a(button-sensor.o)
                0x00000000000226d8                button_interface
                0x00000000000226e8                button_sensor
 .rodata        0x00000000000226f8        0x8 obj_cooja/mtype674.a(leds-arch.o)
                0x00000000000226f8                leds_interface
 .rodata        0x0000000000022700        0x8 obj_cooja/mtype674.a(moteid.o)
                0x0000000000022700                moteid_interface
 .rodata        0x0000000000022708       0x1c obj_cooja/mtype674.a(pir-sensor.o)
                0x0000000000022708                pir_interface
                0x0000000000022714                pir_sensor
 .rodata        0x0000000000022724        0xe obj_cooja/mtype674.a(rs232.o)
                0x0000000000022724                rs232_interface
 *fill*         0x0000000000022732        0x2 
 .rodata        0x0000000000022734       0x24 obj_cooja/mtype674.a(vib-sensor.o)
                0x0000000000022734                vib_interface
                0x0000000000022748                vib_sensor
 .rodata        0x0000000000022758        0x8 obj_cooja/mtype674.a(clock.o)
                0x0000000000022758                clock_interface
 .rodata        0x0000000000022760        0x8 obj_cooja/mtype674.a(log.o)
                0x0000000000022760                simlog_interface
 .rodata        0x0000000000022768       0x2f obj_cooja/mtype674.a(cfs-cooja.o)
                0x0000000000022768                cfs_interface
 *fill*         0x0000000000022797        0x9 
 .rodata        0x00000000000227a0      0x120 obj_cooja/mtype674.a(cooja-radio.o)
                0x0000000000022880                cooja_radio_driver
                0x00000000000228b8                radio_interface
 .rodata        0x00000000000228c0        0x8 obj_cooja/mtype674.a(eeprom.o)
                0x00000000000228c0                eeprom_interface
 .rodata        0x00000000000228c8        0x8 obj_cooja/mtype674.a(sensors.o)
 .rodata        0x00000000000228d0       0x1b obj_cooja/mtype674.a(dual_conf.o)
 .rodata        0x00000000000228eb        0xf obj_cooja/mtype674.a(ctimer.o)
 .rodata        0x00000000000228fa        0xc obj_cooja/mtype674.a(etimer.o)
 .rodata        0x0000000000022906        0xe obj_cooja/mtype674.a(serial-line.o)
 .rodata        0x0000000000022914       0x2c obj_cooja/mtype674.a(sicslowpan.o)
                0x0000000000022914                unc_llconf
                0x0000000000022918                unc_ctxconf
                0x000000000002291c                unc_mxconf
                0x0000000000022920                llprefix
                0x0000000000022934                sicslowpan_driver
 .rodata        0x0000000000022940      0x13c obj_cooja/mtype674.a(uip6.o)
 .rodata        0x0000000000022a7c       0xa6 obj_cooja/mtype674.a(tcpip.o)
 .rodata        0x0000000000022b22       0x3e obj_cooja/mtype674.a(uip-debug.o)
 .rodata        0x0000000000022b60       0x72 obj_cooja/mtype674.a(rpl-dag.o)
 .rodata        0x0000000000022bd2        0x8 obj_cooja/mtype674.a(linkaddr.o)
                0x0000000000022bd2                linkaddr_null
 *fill*         0x0000000000022bda        0x2 
 .rodata        0x0000000000022bdc       0x24 obj_cooja/mtype674.a(csma.o)
                0x0000000000022be4                csma_driver
 .rodata        0x0000000000022c00        0xc obj_cooja/mtype674.a(framer-802154.o)
                0x0000000000022c00                framer_802154
 *fill*         0x0000000000022c0c       0x14 
 .rodata        0x0000000000022c20      0x100 obj_cooja/mtype674.a(nullrdc.o)
                0x0000000000022d00                nullrdc_driver
 .rodata        0x0000000000022d20       0x18 obj_cooja/mtype674.a(nullsec.o)
                0x0000000000022d28                nullsec_driver

.rodata1
 *(.rodata1)

.eh_frame_hdr   0x0000000000022d38     0x12cc
 *(.eh_frame_hdr)
 .eh_frame_hdr  0x0000000000022d38     0x12cc udp-server.co

.eh_frame       0x0000000000024004     0x4c6c
 *(.eh_frame)
 .eh_frame      0x0000000000024004       0x3c /usr/lib/gcc/i686-linux-gnu/4.8/../../../i386-linux-gnu/crti.o
                                         0x40 (size before relaxing)
 .eh_frame      0x0000000000024040       0x68 udp-server.co
                                         0x80 (size before relaxing)
 .eh_frame      0x00000000000240a8      0x148 obj_cooja/mtype674.o
                                        0x160 (size before relaxing)
 .eh_frame      0x00000000000241f0       0x40 obj_cooja/mtype674.a(simEnvChange.o)
                                         0x58 (size before relaxing)
 .eh_frame      0x0000000000024230       0xc0 obj_cooja/mtype674.a(cooja_mt.o)
                                         0xd8 (size before relaxing)
 .eh_frame      0x00000000000242f0      0x120 obj_cooja/mtype674.a(cooja_mtarch.o)
                                        0x138 (size before relaxing)
 .eh_frame      0x0000000000024410       0xc0 obj_cooja/mtype674.a(rtimer-arch.o)
                                         0xd8 (size before relaxing)
 .eh_frame      0x00000000000244d0      0x160 obj_cooja/mtype674.a(beep.o)
                                        0x178 (size before relaxing)
 .eh_frame      0x0000000000024630       0xa0 obj_cooja/mtype674.a(button-sensor.o)
                                         0xb8 (size before relaxing)
 .eh_frame      0x00000000000246d0       0xa0 obj_cooja/mtype674.a(leds-arch.o)
                                         0xb8 (size before relaxing)
 .eh_frame      0x0000000000024770       0x40 obj_cooja/mtype674.a(moteid.o)
                                         0x58 (size before relaxing)
 .eh_frame      0x00000000000247b0       0xa0 obj_cooja/mtype674.a(pir-sensor.o)
                                         0xb8 (size before relaxing)
 .eh_frame      0x0000000000024850      0x100 obj_cooja/mtype674.a(rs232.o)
                                        0x118 (size before relaxing)
 .eh_frame      0x0000000000024950       0xa0 obj_cooja/mtype674.a(vib-sensor.o)
                                         0xb8 (size before relaxing)
 .eh_frame      0x00000000000249f0       0xc0 obj_cooja/mtype674.a(clock.o)
                                         0xd8 (size before relaxing)
 .eh_frame      0x0000000000024ab0      0x120 obj_cooja/mtype674.a(log.o)
                                        0x138 (size before relaxing)
 .eh_frame      0x0000000000024bd0      0x160 obj_cooja/mtype674.a(cfs-cooja.o)
                                        0x178 (size before relaxing)
 .eh_frame      0x0000000000024d30      0x2e0 obj_cooja/mtype674.a(cooja-radio.o)
                                        0x2f8 (size before relaxing)
 .eh_frame      0x0000000000025010       0xa0 obj_cooja/mtype674.a(eeprom.o)
                                         0xb8 (size before relaxing)
 .eh_frame      0x00000000000250b0       0x40 obj_cooja/mtype674.a(random.o)
                                         0x58 (size before relaxing)
 .eh_frame      0x00000000000250f0       0xc0 obj_cooja/mtype674.a(sensors.o)
                                         0xd8 (size before relaxing)
 .eh_frame      0x00000000000251b0      0x120 obj_cooja/mtype674.a(dual_conf.o)
                                        0x138 (size before relaxing)
 .eh_frame      0x00000000000252d0       0x40 obj_cooja/mtype674.a(autostart.o)
                                         0x58 (size before relaxing)
 .eh_frame      0x0000000000025310      0x100 obj_cooja/mtype674.a(ctimer.o)
                                        0x118 (size before relaxing)
 .eh_frame      0x0000000000025410      0x1e0 obj_cooja/mtype674.a(etimer.o)
                                        0x1f8 (size before relaxing)
 .eh_frame      0x00000000000255f0      0x1c8 obj_cooja/mtype674.a(process.o)
                                        0x1e0 (size before relaxing)
 .eh_frame      0x00000000000257b8       0x60 obj_cooja/mtype674.a(rtimer.o)
                                         0x78 (size before relaxing)
 .eh_frame      0x0000000000025818       0xa4 obj_cooja/mtype674.a(timer.o)
                                         0xbc (size before relaxing)
 .eh_frame      0x00000000000258bc       0x60 obj_cooja/mtype674.a(serial-line.o)
                                         0x78 (size before relaxing)
 .eh_frame      0x000000000002591c      0x180 obj_cooja/mtype674.a(list.o)
                                        0x198 (size before relaxing)
 .eh_frame      0x0000000000025a9c       0xa0 obj_cooja/mtype674.a(ringbuf.o)
                                         0xb8 (size before relaxing)
 .eh_frame      0x0000000000025b3c      0x350 obj_cooja/mtype674.a(sicslowpan.o)
                                        0x368 (size before relaxing)
 .eh_frame      0x0000000000025e8c      0x180 obj_cooja/mtype674.a(uip-ds6-nbr.o)
                                        0x198 (size before relaxing)
 .eh_frame      0x000000000002600c      0x2c8 obj_cooja/mtype674.a(uip-ds6.o)
                                        0x2e0 (size before relaxing)
 .eh_frame      0x00000000000262d4      0x27c obj_cooja/mtype674.a(uip6.o)
                                        0x294 (size before relaxing)
 .eh_frame      0x0000000000026550      0x270 obj_cooja/mtype674.a(tcpip.o)
                                        0x288 (size before relaxing)
 .eh_frame      0x00000000000267c0       0x48 obj_cooja/mtype674.a(uip-debug.o)
                                         0x60 (size before relaxing)
 .eh_frame      0x0000000000026808       0xe0 obj_cooja/mtype674.a(uip-packetqueue)
                                         0xf8 (size before relaxing)
 .eh_frame      0x00000000000268e8      0x65c obj_cooja/mtype674.a(rpl-dag.o)
                                        0x674 (size before relaxing)
 .eh_frame      0x0000000000026f44      0x10c obj_cooja/mtype674.a(rpl-ext-header.)
                                        0x124 (size before relaxing)
 .eh_frame      0x0000000000027050      0x274 obj_cooja/mtype674.a(rpl-icmp6.o)
                                        0x28c (size before relaxing)
 .eh_frame      0x00000000000272c4       0xe0 obj_cooja/mtype674.a(rpl-mrhof.o)
                                         0xf8 (size before relaxing)
 .eh_frame      0x00000000000273a4      0x20c obj_cooja/mtype674.a(rpl-timers.o)
                                        0x224 (size before relaxing)
 .eh_frame      0x00000000000275b0      0x140 obj_cooja/mtype674.a(rpl.o)
                                        0x158 (size before relaxing)
 .eh_frame      0x00000000000276f0       0x60 obj_cooja/mtype674.a(linkaddr.o)
                                         0x78 (size before relaxing)
 .eh_frame      0x0000000000027750      0x26c obj_cooja/mtype674.a(nbr-table.o)
                                        0x284 (size before relaxing)
 .eh_frame      0x00000000000279bc       0x20 obj_cooja/mtype674.a(netstack.o)
                                         0x38 (size before relaxing)
 .eh_frame      0x00000000000279dc      0x214 obj_cooja/mtype674.a(packetbuf.o)
                                        0x22c (size before relaxing)
 .eh_frame      0x0000000000027bf0      0x1a0 obj_cooja/mtype674.a(queuebuf.o)
                                        0x1b8 (size before relaxing)
 .eh_frame      0x0000000000027d90      0x28c obj_cooja/mtype674.a(csma.o)
                                        0x2a4 (size before relaxing)
 .eh_frame      0x000000000002801c      0x108 obj_cooja/mtype674.a(framer-802154.o)
                                        0x120 (size before relaxing)
 .eh_frame      0x0000000000028124       0x20 obj_cooja/mtype674.a(mac.o)
                                         0x38 (size before relaxing)
 .eh_frame      0x0000000000028144      0x18c obj_cooja/mtype674.a(nullrdc.o)
                                        0x1a4 (size before relaxing)
 .eh_frame      0x00000000000282d0       0x80 obj_cooja/mtype674.a(nullsec.o)
                                         0x98 (size before relaxing)
 .eh_frame      0x0000000000028350       0xa0 obj_cooja/mtype674.a(watchdog.o)
                                         0xb8 (size before relaxing)
 .eh_frame      0x00000000000283f0       0xc4 obj_cooja/mtype674.a(stimer.o)
                                         0xdc (size before relaxing)
 .eh_frame      0x00000000000284b4       0xa0 obj_cooja/mtype674.a(memb.o)
                                         0xb8 (size before relaxing)
 .eh_frame      0x0000000000028554      0x2a0 obj_cooja/mtype674.a(uip-ds6-route.o)
                                        0x2b8 (size before relaxing)
 .eh_frame      0x00000000000287f4      0x164 obj_cooja/mtype674.a(uip-icmp6.o)
                                        0x17c (size before relaxing)
 .eh_frame      0x0000000000028958       0x68 obj_cooja/mtype674.a(uip-nd6.o)
                                         0x80 (size before relaxing)
 .eh_frame      0x00000000000289c0       0xc0 obj_cooja/mtype674.a(rpl-nbr-policy.)
                                         0xd8 (size before relaxing)
 .eh_frame      0x0000000000028a80      0x164 obj_cooja/mtype674.a(frame802154.o)
                                        0x17c (size before relaxing)
 .eh_frame      0x0000000000028be4       0x88 obj_cooja/mtype674.a(mac-sequence.o)
                                         0xa0 (size before relaxing)
 .eh_frame      0x0000000000028c6c        0x4 /usr/lib/gcc/i686-linux-gnu/4.8/crtendS.o

.gcc_except_table
 *(.gcc_except_table .gcc_except_table.*)

.exception_ranges
 *(.exception_ranges .exception_ranges*)
                0x0000000000028c70                . = (ALIGN (0x1000) - ((0x1000 - .) & 0xfff))
                0x0000000000029ef8                . = DATA_SEGMENT_ALIGN (0x1000, 0x1000)

.eh_frame
 *(.eh_frame)

.gcc_except_table
 *(.gcc_except_table .gcc_except_table.*)

.exception_ranges
 *(.exception_ranges .exception_ranges*)

.tdata
 *(.tdata .tdata.* .gnu.linkonce.td.*)

.tbss
 *(.tbss .tbss.* .gnu.linkonce.tb.*)
 *(.tcommon)

.preinit_array
 *(.preinit_array)

.init_array     0x0000000000029ef8        0x4
 *(SORT(.init_array.*) SORT(.ctors.*))
 *(.init_array EXCLUDE_FILE(*crtend?.o *crtend.o *crtbegin?.o *crtbegin.o) .ctors)
 .init_array    0x0000000000029ef8        0x4 /usr/lib/gcc/i686-linux-gnu/4.8/crtbeginS.o

.fini_array     0x0000000000029efc        0x4
 *(SORT(.fini_array.*) SORT(.dtors.*))
 *(.fini_array EXCLUDE_FILE(*crtend?.o *crtend.o *crtbegin?.o *crtbegin.o) .dtors)
 .fini_array    0x0000000000029efc        0x4 /usr/lib/gcc/i686-linux-gnu/4.8/crtbeginS.o

.ctors
 *crtbegin.o(.ctors)
 *crtbegin?.o(.ctors)
 *(EXCLUDE_FILE(*crtend?.o *crtend.o) .ctors)
 *(SORT(.ctors.*))
 *(.ctors)

.dtors
 *crtbegin.o(.dtors)
 *crtbegin?.o(.dtors)
 *(EXCLUDE_FILE(*crtend?.o *crtend.o) .dtors)
 *(SORT(.dtors.*))
 *(.dtors)

.jcr            0x0000000000029f00        0x4
 *(.jcr)
 .jcr           0x0000000000029f00        0x0 /usr/lib/gcc/i686-linux-gnu/4.8/crtbeginS.o
 .jcr           0x0000000000029f00        0x4 /usr/lib/gcc/i686-linux-gnu/4.8/crtendS.o

.data.rel.ro
 *(.data.rel.ro.local* .gnu.linkonce.d.rel.ro.local.*)
 *(.data.rel.ro .data.rel.ro.* .gnu.linkonce.d.rel.ro.*)

.dynamic        0x0000000000029f04       0xe8
 *(.dynamic)
 .dynamic       0x0000000000029f04       0xe8 /usr/lib/gcc/i686-linux-gnu/4.8/../../../i386-linux-gnu/crti.o
                0x0000000000029f04                _DYNAMIC

.got            0x0000000000029fec       0x14
 *(.got)
 .got           0x0000000000029fec       0x14 /usr/lib/gcc/i686-linux-gnu/4.8/../../../i386-linux-gnu/crti.o
 *(.igot)
                0x000000000002aff4                . = DATA_SEGMENT_RELRO_END (., (SIZEOF (.got.plt) >= 0xc)?0xc:0x0)

.got.plt        0x000000000002a000       0x14
 *(.got.plt)
 .got.plt       0x000000000002a000       0x14 /usr/lib/gcc/i686-linux-gnu/4.8/../../../i386-linux-gnu/crti.o
                0x000000000002a000                _GLOBAL_OFFSET_TABLE_
 *(.igot.plt)

.data           0x000000000002a020      0x246
 *(.data .data.* .gnu.linkonce.d.*)
 .data          0x000000000002a020        0x0 /usr/lib/gcc/i686-linux-gnu/4.8/../../../i386-linux-gnu/crti.o
 .data          0x000000000002a020        0x0 /usr/lib/gcc/i686-linux-gnu/4.8/crtbeginS.o
 .data.rel      0x000000000002a020        0x4 /usr/lib/gcc/i686-linux-gnu/4.8/crtbeginS.o
                0x000000000002a020                __dso_handle
 .data          0x000000000002a024       0x10 udp-server.co
                0x000000000002a024                udp_server_process
 *fill*         0x000000000002a034        0xc 
 .data          0x000000000002a040       0x44 obj_cooja/mtype674.o
                0x000000000002a040                simInterfaces
                0x000000000002a074                sensors
 .data          0x000000000002a084        0x0 obj_cooja/mtype674.a(simEnvChange.o)
 .data          0x000000000002a084        0x0 obj_cooja/mtype674.a(cooja_mt.o)
 .data          0x000000000002a084        0x0 obj_cooja/mtype674.a(cooja_mtarch.o)
 .data          0x000000000002a084        0x0 obj_cooja/mtype674.a(rtimer-arch.o)
 .data          0x000000000002a084        0x0 obj_cooja/mtype674.a(beep.o)
 .data          0x000000000002a084        0x0 obj_cooja/mtype674.a(button-sensor.o)
 .data          0x000000000002a084        0x0 obj_cooja/mtype674.a(leds-arch.o)
 .data          0x000000000002a084        0x0 obj_cooja/mtype674.a(moteid.o)
 .data          0x000000000002a084        0x0 obj_cooja/mtype674.a(pir-sensor.o)
 .data          0x000000000002a084        0x0 obj_cooja/mtype674.a(rs232.o)
 .data          0x000000000002a084        0x0 obj_cooja/mtype674.a(vib-sensor.o)
 .data          0x000000000002a084        0x0 obj_cooja/mtype674.a(clock.o)
 .data          0x000000000002a084        0x0 obj_cooja/mtype674.a(log.o)
 .data          0x000000000002a084        0x0 obj_cooja/mtype674.a(cfs-cooja.o)
 .data          0x000000000002a084       0x2c obj_cooja/mtype674.a(cooja-radio.o)
                0x000000000002a084                simRadioHWOn
                0x000000000002a088                simSignalStrength
                0x000000000002a08c                simLastSignalStrength
                0x000000000002a090                simPower
                0x000000000002a094                simRadioChannel
                0x000000000002a098                simRadioChannelLR
                0x000000000002a09c                simLQI
                0x000000000002a0a0                cooja_radio_process
 .data          0x000000000002a0b0        0x0 obj_cooja/mtype674.a(eeprom.o)
 .data          0x000000000002a0b0        0x0 obj_cooja/mtype674.a(random.o)
 .data          0x000000000002a0b0       0x10 obj_cooja/mtype674.a(sensors.o)
                0x000000000002a0b0                sensors_process
 .data          0x000000000002a0c0       0x24 obj_cooja/mtype674.a(dual_conf.o)
                0x000000000002a0c0                radio_received
                0x000000000002a0c4                dual_dio_broadcast
                0x000000000002a0d4                dual_dis_broadcast
 .data          0x000000000002a0e4        0x0 obj_cooja/mtype674.a(autostart.o)
 .data          0x000000000002a0e4       0x14 obj_cooja/mtype674.a(ctimer.o)
                0x000000000002a0e8                ctimer_process
 .data          0x000000000002a0f8       0x10 obj_cooja/mtype674.a(etimer.o)
                0x000000000002a0f8                etimer_process
 .data          0x000000000002a108        0x0 obj_cooja/mtype674.a(process.o)
 .data          0x000000000002a108        0x0 obj_cooja/mtype674.a(rtimer.o)
 .data          0x000000000002a108        0x0 obj_cooja/mtype674.a(timer.o)
 .data          0x000000000002a108       0x10 obj_cooja/mtype674.a(serial-line.o)
                0x000000000002a108                serial_line_process
 .data          0x000000000002a118        0x0 obj_cooja/mtype674.a(list.o)
 .data          0x000000000002a118        0x0 obj_cooja/mtype674.a(ringbuf.o)
 .data          0x000000000002a118        0x0 obj_cooja/mtype674.a(sicslowpan.o)
 .data          0x000000000002a118       0x14 obj_cooja/mtype674.a(uip-ds6-nbr.o)
                0x000000000002a128                ds6_neighbors
 .data          0x000000000002a12c        0x0 obj_cooja/mtype674.a(uip-ds6.o)
 .data          0x000000000002a12c        0x0 obj_cooja/mtype674.a(uip6.o)
 .data          0x000000000002a12c       0x10 obj_cooja/mtype674.a(tcpip.o)
                0x000000000002a12c                tcpip_process
 .data          0x000000000002a13c        0x0 obj_cooja/mtype674.a(uip-debug.o)
 .data          0x000000000002a13c        0xc obj_cooja/mtype674.a(uip-packetqueue)
 .data          0x000000000002a148       0x14 obj_cooja/mtype674.a(rpl-dag.o)
                0x000000000002a158                rpl_parents
 .data          0x000000000002a15c        0x0 obj_cooja/mtype674.a(rpl-ext-header.)
 .data          0x000000000002a15c       0x34 obj_cooja/mtype674.a(rpl-icmp6.o)
 .data          0x000000000002a190       0x1c obj_cooja/mtype674.a(rpl-mrhof.o)
                0x000000000002a190                rpl_mrhof
 .data          0x000000000002a1ac        0x0 obj_cooja/mtype674.a(rpl-timers.o)
 .data          0x000000000002a1ac        0x0 obj_cooja/mtype674.a(rpl.o)
 .data          0x000000000002a1ac        0x0 obj_cooja/mtype674.a(linkaddr.o)
 .data          0x000000000002a1ac       0x10 obj_cooja/mtype674.a(nbr-table.o)
 .data          0x000000000002a1bc        0x0 obj_cooja/mtype674.a(netstack.o)
 .data          0x000000000002a1bc        0x4 obj_cooja/mtype674.a(packetbuf.o)
 .data          0x000000000002a1c0       0x18 obj_cooja/mtype674.a(queuebuf.o)
 .data          0x000000000002a1d8       0x28 obj_cooja/mtype674.a(csma.o)
 .data          0x000000000002a200        0x0 obj_cooja/mtype674.a(framer-802154.o)
 .data          0x000000000002a200        0x0 obj_cooja/mtype674.a(mac.o)
 .data          0x000000000002a200        0x0 obj_cooja/mtype674.a(nullrdc.o)
 .data          0x000000000002a200        0x0 obj_cooja/mtype674.a(nullsec.o)
 .data          0x000000000002a200        0x0 obj_cooja/mtype674.a(watchdog.o)
 .data          0x000000000002a200        0x0 obj_cooja/mtype674.a(rimestats.o)
 .data          0x000000000002a200        0x0 obj_cooja/mtype674.a(stimer.o)
 .data          0x000000000002a200        0x0 obj_cooja/mtype674.a(memb.o)
 .data          0x000000000002a200       0x44 obj_cooja/mtype674.a(uip-ds6-route.o)
                0x000000000002a210                nbr_routes
 .data          0x000000000002a244       0x20 obj_cooja/mtype674.a(uip-icmp6.o)
 .data          0x000000000002a264        0x0 obj_cooja/mtype674.a(uip-nd6.o)
 .data          0x000000000002a264        0x0 obj_cooja/mtype674.a(rpl-nbr-policy.)
 .data          0x000000000002a264        0x2 obj_cooja/mtype674.a(frame802154.o)
 .data          0x000000000002a266        0x0 obj_cooja/mtype674.a(mac-sequence.o)
 .data          0x000000000002a266        0x0 /usr/lib/gcc/i686-linux-gnu/4.8/crtendS.o
 .data          0x000000000002a266        0x0 /usr/lib/gcc/i686-linux-gnu/4.8/../../../i386-linux-gnu/crtn.o

.tm_clone_table
                0x000000000002a268        0x0
 .tm_clone_table
                0x000000000002a268        0x0 /usr/lib/gcc/i686-linux-gnu/4.8/crtbeginS.o
 .tm_clone_table
                0x000000000002a268        0x0 /usr/lib/gcc/i686-linux-gnu/4.8/crtendS.o

.data1
 *(.data1)
                0x000000000002a268                _edata = .
                0x000000000002a268                PROVIDE (edata, .)
                0x000000000002a268                . = .
                0x000000000002a268                __bss_start = .

.bss            0x000000000002a280     0x80e8
 *(.dynbss)
 .dynbss        0x0000000000000000        0x0 /usr/lib/gcc/i686-linux-gnu/4.8/../../../i386-linux-gnu/crti.o
 *(.bss .bss.* .gnu.linkonce.b.*)
 .bss           0x000000000002a280        0x0 /usr/lib/gcc/i686-linux-gnu/4.8/../../../i386-linux-gnu/crti.o
 .bss           0x000000000002a280        0x1 /usr/lib/gcc/i686-linux-gnu/4.8/crtbeginS.o
 *fill*         0x000000000002a281        0x3 
 .bss           0x000000000002a284        0x4 udp-server.co
 *fill*         0x000000000002a288       0x18 
 .bss           0x000000000002a2a0     0x2030 obj_cooja/mtype674.o
 .bss           0x000000000002c2d0        0x1 obj_cooja/mtype674.a(simEnvChange.o)
                0x000000000002c2d0                simDontFallAsleep
 *fill*         0x000000000002c2d1        0x3 
 .bss           0x000000000002c2d4        0x4 obj_cooja/mtype674.a(cooja_mt.o)
 .bss           0x000000000002c2d8        0x4 obj_cooja/mtype674.a(cooja_mtarch.o)
 .bss           0x000000000002c2dc        0xc obj_cooja/mtype674.a(rtimer-arch.o)
 .bss           0x000000000002c2e8        0x0 obj_cooja/mtype674.a(beep.o)
 .bss           0x000000000002c2e8        0x8 obj_cooja/mtype674.a(button-sensor.o)
 .bss           0x000000000002c2f0        0x0 obj_cooja/mtype674.a(leds-arch.o)
 .bss           0x000000000002c2f0        0x0 obj_cooja/mtype674.a(moteid.o)
 .bss           0x000000000002c2f0        0x1 obj_cooja/mtype674.a(pir-sensor.o)
                0x000000000002c2f0                simPirValue
 *fill*         0x000000000002c2f1        0x3 
 .bss           0x000000000002c2f4        0x4 obj_cooja/mtype674.a(rs232.o)
 .bss           0x000000000002c2f8        0x1 obj_cooja/mtype674.a(vib-sensor.o)
                0x000000000002c2f8                simVibValue
 .bss           0x000000000002c2f9        0x0 obj_cooja/mtype674.a(clock.o)
 *fill*         0x000000000002c2f9        0x7 
 .bss           0x000000000002c300      0x420 obj_cooja/mtype674.a(log.o)
 .bss           0x000000000002c720      0xfc0 obj_cooja/mtype674.a(cfs-cooja.o)
                0x000000000002c720                simCFSData
                0x000000000002d6c0                simCFSSize
                0x000000000002d6c4                simCFSChanged
                0x000000000002d6c8                simCFSRead
                0x000000000002d6cc                simCFSWritten
 .bss           0x000000000002d6e0       0x20 obj_cooja/mtype674.a(cooja-radio.o)
                0x000000000002d6e0                simReceiving
                0x000000000002d6e1                simReceivingLR
                0x000000000002d6e4                simInSize
                0x000000000002d6e8                simInSizeLR
                0x000000000002d6ec                simOutSize
                0x000000000002d6f0                simOutSizeLR
                0x000000000002d6f4                LongRangeTransmit
                0x000000000002d6f8                LongRangeReceiving
 .bss           0x000000000002d700        0xc obj_cooja/mtype674.a(eeprom.o)
                0x000000000002d700                simEEPROMChanged
                0x000000000002d704                simEEPROMRead
                0x000000000002d708                simEEPROMWritten
 .bss           0x000000000002d70c        0x0 obj_cooja/mtype674.a(random.o)
 .bss           0x000000000002d70c        0xc obj_cooja/mtype674.a(sensors.o)
 .bss           0x000000000002d718       0x28 obj_cooja/mtype674.a(dual_conf.o)
                0x000000000002d718                long_range_radio
 .bss           0x000000000002d740        0x0 obj_cooja/mtype674.a(autostart.o)
 .bss           0x000000000002d740        0x5 obj_cooja/mtype674.a(ctimer.o)
 *fill*         0x000000000002d745        0x3 
 .bss           0x000000000002d748        0x8 obj_cooja/mtype674.a(etimer.o)
 *fill*         0x000000000002d750       0x10 
 .bss           0x000000000002d760      0x1b1 obj_cooja/mtype674.a(process.o)
                0x000000000002d760                process_list
                0x000000000002d764                process_current
 *fill*         0x000000000002d911        0x3 
 .bss           0x000000000002d914        0x4 obj_cooja/mtype674.a(rtimer.o)
 .bss           0x000000000002d918        0x0 obj_cooja/mtype674.a(timer.o)
 *fill*         0x000000000002d918        0x8 
 .bss           0x000000000002d920      0x140 obj_cooja/mtype674.a(serial-line.o)
 .bss           0x000000000002da60        0x0 obj_cooja/mtype674.a(list.o)
 .bss           0x000000000002da60        0x0 obj_cooja/mtype674.a(ringbuf.o)
 .bss           0x000000000002da60      0x70c obj_cooja/mtype674.a(sicslowpan.o)
 *fill*         0x000000000002e16c       0x14 
 .bss           0x000000000002e180       0xf0 obj_cooja/mtype674.a(uip-ds6-nbr.o)
 .bss           0x000000000002e270       0x20 obj_cooja/mtype674.a(uip-ds6.o)
 .bss           0x000000000002e290        0xe obj_cooja/mtype674.a(uip6.o)
                0x000000000002e290                uip_ext_bitmap
                0x000000000002e291                uip_ext_len
                0x000000000002e292                uip_ext_opt_offset
 *fill*         0x000000000002e29e        0x2 
 .bss           0x000000000002e2a0       0x6a obj_cooja/mtype674.a(tcpip.o)
 .bss           0x000000000002e30a        0x0 obj_cooja/mtype674.a(uip-debug.o)
 *fill*         0x000000000002e30a       0x16 
 .bss           0x000000000002e320      0xcf8 obj_cooja/mtype674.a(uip-packetqueue)
 *fill*         0x000000000002f018        0x8 
 .bss           0x000000000002f020       0xa0 obj_cooja/mtype674.a(rpl-dag.o)
 .bss           0x000000000002f0c0        0x0 obj_cooja/mtype674.a(rpl-ext-header.)
 .bss           0x000000000002f0c0        0x0 obj_cooja/mtype674.a(rpl-icmp6.o)
 .bss           0x000000000002f0c0        0x0 obj_cooja/mtype674.a(rpl-mrhof.o)
 .bss           0x000000000002f0c0       0x23 obj_cooja/mtype674.a(rpl-timers.o)
 *fill*         0x000000000002f0e3        0x1 
 .bss           0x000000000002f0e4        0x4 obj_cooja/mtype674.a(rpl.o)
 .bss           0x000000000002f0e8        0x0 obj_cooja/mtype674.a(linkaddr.o)
 *fill*         0x000000000002f0e8       0x18 
 .bss           0x000000000002f100       0xdc obj_cooja/mtype674.a(nbr-table.o)
 .bss           0x000000000002f1dc        0x0 obj_cooja/mtype674.a(netstack.o)
 *fill*         0x000000000002f1dc        0x4 
 .bss           0x000000000002f1e0       0xa0 obj_cooja/mtype674.a(packetbuf.o)
 .bss           0x000000000002f280      0xb80 obj_cooja/mtype674.a(queuebuf.o)
 .bss           0x000000000002fe00      0x248 obj_cooja/mtype674.a(csma.o)
 .bss           0x0000000000030048        0x2 obj_cooja/mtype674.a(framer-802154.o)
 .bss           0x000000000003004a        0x0 obj_cooja/mtype674.a(mac.o)
 .bss           0x000000000003004a        0x0 obj_cooja/mtype674.a(nullrdc.o)
 .bss           0x000000000003004a        0x0 obj_cooja/mtype674.a(nullsec.o)
 .bss           0x000000000003004a        0x0 obj_cooja/mtype674.a(watchdog.o)
 .bss           0x000000000003004a        0x0 obj_cooja/mtype674.a(rimestats.o)
 .bss           0x000000000003004a        0x0 obj_cooja/mtype674.a(stimer.o)
 .bss           0x000000000003004a        0x0 obj_cooja/mtype674.a(memb.o)
 *fill*         0x000000000003004a       0x16 
 .bss           0x0000000000030060      0x2a8 obj_cooja/mtype674.a(uip-ds6-route.o)
 .bss           0x0000000000030308       0x18 obj_cooja/mtype674.a(uip-icmp6.o)
 .bss           0x0000000000030320        0x0 obj_cooja/mtype674.a(uip-nd6.o)
 .bss           0x0000000000030320       0x44 obj_cooja/mtype674.a(rpl-nbr-policy.)
 .bss           0x0000000000030364        0x0 obj_cooja/mtype674.a(frame802154.o)
 *fill*         0x0000000000030364       0x1c 
 .bss           0x0000000000030380       0x90 obj_cooja/mtype674.a(mac-sequence.o)
 .bss           0x0000000000030410        0x0 /usr/lib/gcc/i686-linux-gnu/4.8/crtendS.o
 .bss           0x0000000000030410        0x0 /usr/lib/gcc/i686-linux-gnu/4.8/../../../i386-linux-gnu/crtn.o
 *(COMMON)
 COMMON         0x0000000000030410        0x8 obj_cooja/mtype674.o
                0x0000000000030410                referenceVar
                0x0000000000030414                sensors_flags
 COMMON         0x0000000000030418        0xc obj_cooja/mtype674.a(simEnvChange.o)
                0x0000000000030418                simEtimerPending
                0x000000000003041c                simProcessRunValue
                0x0000000000030420                simNextExpirationTime
 COMMON         0x0000000000030424        0x1 obj_cooja/mtype674.a(beep.o)
                0x0000000000030424                simBeeped
 COMMON         0x0000000000030425        0x3 obj_cooja/mtype674.a(button-sensor.o)
                0x0000000000030425                simButtonIsActive
                0x0000000000030426                simButtonIsDown
                0x0000000000030427                simButtonChanged
 COMMON         0x0000000000030428        0x1 obj_cooja/mtype674.a(leds-arch.o)
                0x0000000000030428                simLedsValue
 *fill*         0x0000000000030429        0x3 
 COMMON         0x000000000003042c        0xc obj_cooja/mtype674.a(moteid.o)
                0x000000000003042c                simRandomSeed
                0x0000000000030430                simMoteIDChanged
                0x0000000000030434                simMoteID
 COMMON         0x0000000000030438        0x2 obj_cooja/mtype674.a(pir-sensor.o)
                0x0000000000030438                simPirIsActive
                0x0000000000030439                simPirChanged
 *fill*         0x000000000003043a        0x6 
 COMMON         0x0000000000030440      0x820 obj_cooja/mtype674.a(rs232.o)
                0x0000000000030440                simSerialReceivingFlag
                0x0000000000030444                simSerialReceivingLength
                0x0000000000030460                simSerialReceivingData
 COMMON         0x0000000000030c60        0x2 obj_cooja/mtype674.a(vib-sensor.o)
                0x0000000000030c60                simVibChanged
                0x0000000000030c61                simVibIsActive
 *fill*         0x0000000000030c62        0x2 
 COMMON         0x0000000000030c64        0x4 obj_cooja/mtype674.a(clock.o)
                0x0000000000030c64                simCurrentTime
 *fill*         0x0000000000030c68       0x18 
 COMMON         0x0000000000030c80      0x420 obj_cooja/mtype674.a(log.o)
                0x0000000000030c80                simLoggedLength
                0x0000000000030c84                simLoggedFlag
                0x0000000000030ca0                simLoggedData
 COMMON         0x00000000000310a0      0x200 obj_cooja/mtype674.a(cooja-radio.o)
                0x00000000000310a0                simOutDataBuffer
                0x0000000000031120                simInDataBufferLR
                0x00000000000311a0                simOutDataBufferLR
                0x0000000000031220                simInDataBuffer
 COMMON         0x00000000000312a0      0x400 obj_cooja/mtype674.a(eeprom.o)
                0x00000000000312a0                simEEPROMData
 COMMON         0x00000000000316a0        0x1 obj_cooja/mtype674.a(sensors.o)
                0x00000000000316a0                sensors_event
 COMMON         0x00000000000316a1        0x1 obj_cooja/mtype674.a(serial-line.o)
                0x00000000000316a1                serial_line_event_message
 *fill*         0x00000000000316a2       0x1e 
 COMMON         0x00000000000316c0      0x181 obj_cooja/mtype674.a(uip-ds6.o)
                0x00000000000316c0                uip_ds6_prefix_list
                0x0000000000031720                uip_ds6_timer_periodic
                0x0000000000031730                uip_ds6_netif_addr_list_offset
                0x0000000000031740                uip_ds6_if
                0x0000000000031838                uip_ds6_timer_ra
                0x0000000000031840                uip_ds6_addr_size
 *fill*         0x0000000000031841       0x1f 
 COMMON         0x0000000000031860      0x8ec obj_cooja/mtype674.a(uip6.o)
                0x0000000000031860                uip_slen
                0x0000000000031862                uip_acc32
                0x0000000000031880                uip_conns
                0x0000000000031940                uip_lladdr
                0x0000000000031948                uip_appdata
                0x000000000003194c                uip_flags
                0x0000000000031960                uip_aligned_buf
                0x0000000000031fa0                uip_listenports
                0x0000000000031fb0                uip_len
                0x0000000000031fb4                uip_sappdata
                0x0000000000031fc0                uip_udp_conns
                0x0000000000032140                uip_udp_conn
                0x0000000000032144                uip_next_hdr
                0x0000000000032148                uip_conn
 COMMON         0x000000000003214c        0x1 obj_cooja/mtype674.a(tcpip.o)
                0x000000000003214c                tcpip_event
 *fill*         0x000000000003214d       0x13 
 COMMON         0x0000000000032160      0x170 obj_cooja/mtype674.a(rpl-dag.o)
                0x0000000000032160                default_instance
                0x0000000000032180                instance_table
 COMMON         0x00000000000322d0        0x8 obj_cooja/mtype674.a(linkaddr.o)
                0x00000000000322d0                linkaddr_node_addr
 COMMON         0x00000000000322d8       0x2e obj_cooja/mtype674.a(packetbuf.o)
                0x00000000000322d8                packetbuf_attrs
                0x00000000000322f6                packetbuf_addrs
 *fill*         0x0000000000032306       0x1a 
 COMMON         0x0000000000032320       0x48 obj_cooja/mtype674.a(rimestats.o)
                0x0000000000032320                rimestats
                0x0000000000032368                . = ALIGN ((. != 0x0)?0x4:0x1)
                0x0000000000032368                . = ALIGN (0x4)
                0x0000000000032368                . = SEGMENT_START ("ldata-segment", .)
                0x0000000000032368                . = ALIGN (0x4)
                0x0000000000032368                _end = .
                0x0000000000032368                PROVIDE (end, .)
                0x0000000000032368                . = DATA_SEGMENT_END (.)

.stab
 *(.stab)

.stabstr
 *(.stabstr)

.stab.excl
 *(.stab.excl)

.stab.exclstr
 *(.stab.exclstr)

.stab.index
 *(.stab.index)

.stab.indexstr
 *(.stab.indexstr)

.comment        0x0000000000000000       0x2b
 *(.comment)
 .comment       0x0000000000000000       0x2b /usr/lib/gcc/i686-linux-gnu/4.8/crtbeginS.o
                                         0x2c (size before relaxing)
 .comment       0x0000000000000000       0x2c udp-server.co
 .comment       0x0000000000000000       0x2c obj_cooja/mtype674.o
 .comment       0x0000000000000000       0x2c obj_cooja/mtype674.a(simEnvChange.o)
 .comment       0x0000000000000000       0x2c obj_cooja/mtype674.a(cooja_mt.o)
 .comment       0x0000000000000000       0x2c obj_cooja/mtype674.a(cooja_mtarch.o)
 .comment       0x0000000000000000       0x2c obj_cooja/mtype674.a(rtimer-arch.o)
 .comment       0x0000000000000000       0x2c obj_cooja/mtype674.a(beep.o)
 .comment       0x0000000000000000       0x2c obj_cooja/mtype674.a(button-sensor.o)
 .comment       0x0000000000000000       0x2c obj_cooja/mtype674.a(leds-arch.o)
 .comment       0x0000000000000000       0x2c obj_cooja/mtype674.a(moteid.o)
 .comment       0x0000000000000000       0x2c obj_cooja/mtype674.a(pir-sensor.o)
 .comment       0x0000000000000000       0x2c obj_cooja/mtype674.a(rs232.o)
 .comment       0x0000000000000000       0x2c obj_cooja/mtype674.a(vib-sensor.o)
 .comment       0x0000000000000000       0x2c obj_cooja/mtype674.a(clock.o)
 .comment       0x0000000000000000       0x2c obj_cooja/mtype674.a(log.o)
 .comment       0x0000000000000000       0x2c obj_cooja/mtype674.a(cfs-cooja.o)
 .comment       0x0000000000000000       0x2c obj_cooja/mtype674.a(cooja-radio.o)
 .comment       0x0000000000000000       0x2c obj_cooja/mtype674.a(eeprom.o)
 .comment       0x0000000000000000       0x2c obj_cooja/mtype674.a(random.o)
 .comment       0x0000000000000000       0x2c obj_cooja/mtype674.a(sensors.o)
 .comment       0x0000000000000000       0x2c obj_cooja/mtype674.a(dual_conf.o)
 .comment       0x0000000000000000       0x2c obj_cooja/mtype674.a(autostart.o)
 .comment       0x0000000000000000       0x2c obj_cooja/mtype674.a(ctimer.o)
 .comment       0x0000000000000000       0x2c obj_cooja/mtype674.a(etimer.o)
 .comment       0x0000000000000000       0x2c obj_cooja/mtype674.a(process.o)
 .comment       0x0000000000000000       0x2c obj_cooja/mtype674.a(rtimer.o)
 .comment       0x0000000000000000       0x2c obj_cooja/mtype674.a(timer.o)
 .comment       0x0000000000000000       0x2c obj_cooja/mtype674.a(serial-line.o)
 .comment       0x0000000000000000       0x2c obj_cooja/mtype674.a(list.o)
 .comment       0x0000000000000000       0x2c obj_cooja/mtype674.a(ringbuf.o)
 .comment       0x0000000000000000       0x2c obj_cooja/mtype674.a(sicslowpan.o)
 .comment       0x0000000000000000       0x2c obj_cooja/mtype674.a(uip-ds6-nbr.o)
 .comment       0x0000000000000000       0x2c obj_cooja/mtype674.a(uip-ds6.o)
 .comment       0x0000000000000000       0x2c obj_cooja/mtype674.a(uip6.o)
 .comment       0x0000000000000000       0x2c obj_cooja/mtype674.a(tcpip.o)
 .comment       0x0000000000000000       0x2c obj_cooja/mtype674.a(uip-debug.o)
 .comment       0x0000000000000000       0x2c obj_cooja/mtype674.a(uip-packetqueue)
 .comment       0x0000000000000000       0x2c obj_cooja/mtype674.a(rpl-dag.o)
 .comment       0x0000000000000000       0x2c obj_cooja/mtype674.a(rpl-ext-header.)
 .comment       0x0000000000000000       0x2c obj_cooja/mtype674.a(rpl-icmp6.o)
 .comment       0x0000000000000000       0x2c obj_cooja/mtype674.a(rpl-mrhof.o)
 .comment       0x0000000000000000       0x2c obj_cooja/mtype674.a(rpl-timers.o)
 .comment       0x0000000000000000       0x2c obj_cooja/mtype674.a(rpl.o)
 .comment       0x0000000000000000       0x2c obj_cooja/mtype674.a(linkaddr.o)
 .comment       0x0000000000000000       0x2c obj_cooja/mtype674.a(nbr-table.o)
 .comment       0x0000000000000000       0x2c obj_cooja/mtype674.a(netstack.o)
 .comment       0x0000000000000000       0x2c obj_cooja/mtype674.a(packetbuf.o)
 .comment       0x0000000000000000       0x2c obj_cooja/mtype674.a(queuebuf.o)
 .comment       0x0000000000000000       0x2c obj_cooja/mtype674.a(csma.o)
 .comment       0x0000000000000000       0x2c obj_cooja/mtype674.a(framer-802154.o)
 .comment       0x0000000000000000       0x2c obj_cooja/mtype674.a(mac.o)
 .comment       0x0000000000000000       0x2c obj_cooja/mtype674.a(nullrdc.o)
 .comment       0x0000000000000000       0x2c obj_cooja/mtype674.a(nullsec.o)
 .comment       0x0000000000000000       0x2c obj_cooja/mtype674.a(watchdog.o)
 .comment       0x0000000000000000       0x2c obj_cooja/mtype674.a(rimestats.o)
 .comment       0x0000000000000000       0x2c obj_cooja/mtype674.a(stimer.o)
 .comment       0x0000000000000000       0x2c obj_cooja/mtype674.a(memb.o)
 .comment       0x0000000000000000       0x2c obj_cooja/mtype674.a(uip-ds6-route.o)
 .comment       0x0000000000000000       0x2c obj_cooja/mtype674.a(uip-icmp6.o)
 .comment       0x0000000000000000       0x2c obj_cooja/mtype674.a(uip-nd6.o)
 .comment       0x0000000000000000       0x2c obj_cooja/mtype674.a(rpl-nbr-policy.)
 .comment       0x0000000000000000       0x2c obj_cooja/mtype674.a(frame802154.o)
 .comment       0x0000000000000000       0x2c obj_cooja/mtype674.a(mac-sequence.o)
 .comment       0x0000000000000000       0x2c /usr/lib/gcc/i686-linux-gnu/4.8/crtendS.o

.debug
 *(.debug)

.line
 *(.line)

.debug_srcinfo
 *(.debug_srcinfo)

.debug_sfnames
 *(.debug_sfnames)

.debug_aranges  0x0000000000000000      0x7d8
 *(.debug_aranges)
 .debug_aranges
                0x0000000000000000       0x20 udp-server.co
 .debug_aranges
                0x0000000000000020       0x20 obj_cooja/mtype674.o
 .debug_aranges
                0x0000000000000040       0x20 obj_cooja/mtype674.a(simEnvChange.o)
 .debug_aranges
                0x0000000000000060       0x20 obj_cooja/mtype674.a(cooja_mt.o)
 .debug_aranges
                0x0000000000000080       0x20 obj_cooja/mtype674.a(cooja_mtarch.o)
 .debug_aranges
                0x00000000000000a0       0x20 obj_cooja/mtype674.a(rtimer-arch.o)
 .debug_aranges
                0x00000000000000c0       0x20 obj_cooja/mtype674.a(beep.o)
 .debug_aranges
                0x00000000000000e0       0x20 obj_cooja/mtype674.a(button-sensor.o)
 .debug_aranges
                0x0000000000000100       0x20 obj_cooja/mtype674.a(leds-arch.o)
 .debug_aranges
                0x0000000000000120       0x20 obj_cooja/mtype674.a(moteid.o)
 .debug_aranges
                0x0000000000000140       0x20 obj_cooja/mtype674.a(pir-sensor.o)
 .debug_aranges
                0x0000000000000160       0x20 obj_cooja/mtype674.a(rs232.o)
 .debug_aranges
                0x0000000000000180       0x20 obj_cooja/mtype674.a(vib-sensor.o)
 .debug_aranges
                0x00000000000001a0       0x20 obj_cooja/mtype674.a(clock.o)
 .debug_aranges
                0x00000000000001c0       0x20 obj_cooja/mtype674.a(log.o)
 .debug_aranges
                0x00000000000001e0       0x20 obj_cooja/mtype674.a(cfs-cooja.o)
 .debug_aranges
                0x0000000000000200       0x20 obj_cooja/mtype674.a(cooja-radio.o)
 .debug_aranges
                0x0000000000000220       0x20 obj_cooja/mtype674.a(eeprom.o)
 .debug_aranges
                0x0000000000000240       0x20 obj_cooja/mtype674.a(random.o)
 .debug_aranges
                0x0000000000000260       0x20 obj_cooja/mtype674.a(sensors.o)
 .debug_aranges
                0x0000000000000280       0x20 obj_cooja/mtype674.a(dual_conf.o)
 .debug_aranges
                0x00000000000002a0       0x20 obj_cooja/mtype674.a(autostart.o)
 .debug_aranges
                0x00000000000002c0       0x20 obj_cooja/mtype674.a(ctimer.o)
 .debug_aranges
                0x00000000000002e0       0x20 obj_cooja/mtype674.a(etimer.o)
 .debug_aranges
                0x0000000000000300       0x20 obj_cooja/mtype674.a(process.o)
 .debug_aranges
                0x0000000000000320       0x20 obj_cooja/mtype674.a(rtimer.o)
 .debug_aranges
                0x0000000000000340       0x20 obj_cooja/mtype674.a(timer.o)
 .debug_aranges
                0x0000000000000360       0x20 obj_cooja/mtype674.a(serial-line.o)
 .debug_aranges
                0x0000000000000380       0x20 obj_cooja/mtype674.a(list.o)
 .debug_aranges
                0x00000000000003a0       0x20 obj_cooja/mtype674.a(ringbuf.o)
 .debug_aranges
                0x00000000000003c0       0x20 obj_cooja/mtype674.a(sicslowpan.o)
 .debug_aranges
                0x00000000000003e0       0x20 obj_cooja/mtype674.a(uip-ds6-nbr.o)
 .debug_aranges
                0x0000000000000400       0x20 obj_cooja/mtype674.a(uip-ds6.o)
 .debug_aranges
                0x0000000000000420       0x20 obj_cooja/mtype674.a(uip6.o)
 .debug_aranges
                0x0000000000000440       0x20 obj_cooja/mtype674.a(tcpip.o)
 .debug_aranges
                0x0000000000000460       0x20 obj_cooja/mtype674.a(uip-debug.o)
 .debug_aranges
                0x0000000000000480       0x20 obj_cooja/mtype674.a(uip-packetqueue)
 .debug_aranges
                0x00000000000004a0       0x20 obj_cooja/mtype674.a(rpl-dag.o)
 .debug_aranges
                0x00000000000004c0       0x20 obj_cooja/mtype674.a(rpl-ext-header.)
 .debug_aranges
                0x00000000000004e0       0x20 obj_cooja/mtype674.a(rpl-icmp6.o)
 .debug_aranges
                0x0000000000000500       0x20 obj_cooja/mtype674.a(rpl-mrhof.o)
 .debug_aranges
                0x0000000000000520       0x20 obj_cooja/mtype674.a(rpl-timers.o)
 .debug_aranges
                0x0000000000000540       0x20 obj_cooja/mtype674.a(rpl.o)
 .debug_aranges
                0x0000000000000560       0x20 obj_cooja/mtype674.a(linkaddr.o)
 .debug_aranges
                0x0000000000000580       0x20 obj_cooja/mtype674.a(nbr-table.o)
 .debug_aranges
                0x00000000000005a0       0x20 obj_cooja/mtype674.a(netstack.o)
 .debug_aranges
                0x00000000000005c0       0x20 obj_cooja/mtype674.a(packetbuf.o)
 .debug_aranges
                0x00000000000005e0       0x20 obj_cooja/mtype674.a(queuebuf.o)
 .debug_aranges
                0x0000000000000600       0x20 obj_cooja/mtype674.a(csma.o)
 .debug_aranges
                0x0000000000000620       0x20 obj_cooja/mtype674.a(framer-802154.o)
 .debug_aranges
                0x0000000000000640       0x20 obj_cooja/mtype674.a(mac.o)
 .debug_aranges
                0x0000000000000660       0x20 obj_cooja/mtype674.a(nullrdc.o)
 .debug_aranges
                0x0000000000000680       0x20 obj_cooja/mtype674.a(nullsec.o)
 .debug_aranges
                0x00000000000006a0       0x20 obj_cooja/mtype674.a(watchdog.o)
 .debug_aranges
                0x00000000000006c0       0x18 obj_cooja/mtype674.a(rimestats.o)
 .debug_aranges
                0x00000000000006d8       0x20 obj_cooja/mtype674.a(stimer.o)
 .debug_aranges
                0x00000000000006f8       0x20 obj_cooja/mtype674.a(memb.o)
 .debug_aranges
                0x0000000000000718       0x20 obj_cooja/mtype674.a(uip-ds6-route.o)
 .debug_aranges
                0x0000000000000738       0x20 obj_cooja/mtype674.a(uip-icmp6.o)
 .debug_aranges
                0x0000000000000758       0x20 obj_cooja/mtype674.a(uip-nd6.o)
 .debug_aranges
                0x0000000000000778       0x20 obj_cooja/mtype674.a(rpl-nbr-policy.)
 .debug_aranges
                0x0000000000000798       0x20 obj_cooja/mtype674.a(frame802154.o)
 .debug_aranges
                0x00000000000007b8       0x20 obj_cooja/mtype674.a(mac-sequence.o)

.debug_pubnames
 *(.debug_pubnames)

.debug_info     0x0000000000000000    0x1b397
 *(.debug_info .gnu.linkonce.wi.*)
 .debug_info    0x0000000000000000      0xdde udp-server.co
 .debug_info    0x0000000000000dde     0x370c obj_cooja/mtype674.o
 .debug_info    0x00000000000044ea      0x15a obj_cooja/mtype674.a(simEnvChange.o)
 .debug_info    0x0000000000004644      0x1e2 obj_cooja/mtype674.a(cooja_mt.o)
 .debug_info    0x0000000000004826      0x2e7 obj_cooja/mtype674.a(cooja_mtarch.o)
 .debug_info    0x0000000000004b0d      0x16b obj_cooja/mtype674.a(rtimer-arch.o)
 .debug_info    0x0000000000004c78      0x1f3 obj_cooja/mtype674.a(beep.o)
 .debug_info    0x0000000000004e6b      0x257 obj_cooja/mtype674.a(button-sensor.o)
 .debug_info    0x00000000000050c2      0x132 obj_cooja/mtype674.a(leds-arch.o)
 .debug_info    0x00000000000051f4      0x10a obj_cooja/mtype674.a(moteid.o)
 .debug_info    0x00000000000052fe      0x216 obj_cooja/mtype674.a(pir-sensor.o)
 .debug_info    0x0000000000005514      0x21e obj_cooja/mtype674.a(rs232.o)
 .debug_info    0x0000000000005732      0x216 obj_cooja/mtype674.a(vib-sensor.o)
 .debug_info    0x0000000000005948      0x152 obj_cooja/mtype674.a(clock.o)
 .debug_info    0x0000000000005a9a      0x2bb obj_cooja/mtype674.a(log.o)
 .debug_info    0x0000000000005d55      0x3cf obj_cooja/mtype674.a(cfs-cooja.o)
 .debug_info    0x0000000000006124      0xc5e obj_cooja/mtype674.a(cooja-radio.o)
 .debug_info    0x0000000000006d82      0x1d5 obj_cooja/mtype674.a(eeprom.o)
 .debug_info    0x0000000000006f57       0xb3 obj_cooja/mtype674.a(random.o)
 .debug_info    0x000000000000700a      0x36d obj_cooja/mtype674.a(sensors.o)
 .debug_info    0x0000000000007377      0x99d obj_cooja/mtype674.a(dual_conf.o)
 .debug_info    0x0000000000007d14      0x1a5 obj_cooja/mtype674.a(autostart.o)
 .debug_info    0x0000000000007eb9      0x46c obj_cooja/mtype674.a(ctimer.o)
 .debug_info    0x0000000000008325      0x49c obj_cooja/mtype674.a(etimer.o)
 .debug_info    0x00000000000087c1      0x4ba obj_cooja/mtype674.a(process.o)
 .debug_info    0x0000000000008c7b      0x1ab obj_cooja/mtype674.a(rtimer.o)
 .debug_info    0x0000000000008e26      0x16c obj_cooja/mtype674.a(timer.o)
 .debug_info    0x0000000000008f92      0x2de obj_cooja/mtype674.a(serial-line.o)
 .debug_info    0x0000000000009270      0x2ed obj_cooja/mtype674.a(list.o)
 .debug_info    0x000000000000955d      0x1aa obj_cooja/mtype674.a(ringbuf.o)
 .debug_info    0x0000000000009707     0x105d obj_cooja/mtype674.a(sicslowpan.o)
 .debug_info    0x000000000000a764      0x853 obj_cooja/mtype674.a(uip-ds6-nbr.o)
 .debug_info    0x000000000000afb7      0xa4b obj_cooja/mtype674.a(uip-ds6.o)
 .debug_info    0x000000000000ba02      0xe8e obj_cooja/mtype674.a(uip6.o)
 .debug_info    0x000000000000c890     0x1402 obj_cooja/mtype674.a(tcpip.o)
 .debug_info    0x000000000000dc92      0x1b5 obj_cooja/mtype674.a(uip-debug.o)
 .debug_info    0x000000000000de47      0x470 obj_cooja/mtype674.a(uip-packetqueue)
 .debug_info    0x000000000000e2b7     0x18f4 obj_cooja/mtype674.a(rpl-dag.o)
 .debug_info    0x000000000000fbab      0xe2b obj_cooja/mtype674.a(rpl-ext-header.)
 .debug_info    0x00000000000109d6     0x168e obj_cooja/mtype674.a(rpl-icmp6.o)
 .debug_info    0x0000000000012064      0xabe obj_cooja/mtype674.a(rpl-mrhof.o)
 .debug_info    0x0000000000012b22      0xbf9 obj_cooja/mtype674.a(rpl-timers.o)
 .debug_info    0x000000000001371b      0xcda obj_cooja/mtype674.a(rpl.o)
 .debug_info    0x00000000000143f5      0x165 obj_cooja/mtype674.a(linkaddr.o)
 .debug_info    0x000000000001455a      0x8d7 obj_cooja/mtype674.a(nbr-table.o)
 .debug_info    0x0000000000014e31      0x4b9 obj_cooja/mtype674.a(netstack.o)
 .debug_info    0x00000000000152ea      0x478 obj_cooja/mtype674.a(packetbuf.o)
 .debug_info    0x0000000000015762      0x57d obj_cooja/mtype674.a(queuebuf.o)
 .debug_info    0x0000000000015cdf      0xbff obj_cooja/mtype674.a(csma.o)
 .debug_info    0x00000000000168de      0x5f8 obj_cooja/mtype674.a(framer-802154.o)
 .debug_info    0x0000000000016ed6      0x112 obj_cooja/mtype674.a(mac.o)
 .debug_info    0x0000000000016fe8      0xc50 obj_cooja/mtype674.a(nullrdc.o)
 .debug_info    0x0000000000017c38      0x3aa obj_cooja/mtype674.a(nullsec.o)
 .debug_info    0x0000000000017fe2       0x7b obj_cooja/mtype674.a(watchdog.o)
 .debug_info    0x000000000001805d      0x119 obj_cooja/mtype674.a(rimestats.o)
 .debug_info    0x0000000000018176      0x179 obj_cooja/mtype674.a(stimer.o)
 .debug_info    0x00000000000182ef      0x1d7 obj_cooja/mtype674.a(memb.o)
 .debug_info    0x00000000000184c6      0xd30 obj_cooja/mtype674.a(uip-ds6-route.o)
 .debug_info    0x00000000000191f6      0x783 obj_cooja/mtype674.a(uip-icmp6.o)
 .debug_info    0x0000000000019979      0x331 obj_cooja/mtype674.a(uip-nd6.o)
 .debug_info    0x0000000000019caa      0xda2 obj_cooja/mtype674.a(rpl-nbr-policy.)
 .debug_info    0x000000000001aa4c      0x6b4 obj_cooja/mtype674.a(frame802154.o)
 .debug_info    0x000000000001b100      0x297 obj_cooja/mtype674.a(mac-sequence.o)

.debug_abbrev   0x0000000000000000     0x6675
 *(.debug_abbrev)
 .debug_abbrev  0x0000000000000000      0x227 udp-server.co
 .debug_abbrev  0x0000000000000227      0x2b3 obj_cooja/mtype674.o
 .debug_abbrev  0x00000000000004da       0xc3 obj_cooja/mtype674.a(simEnvChange.o)
 .debug_abbrev  0x000000000000059d       0xe6 obj_cooja/mtype674.a(cooja_mt.o)
 .debug_abbrev  0x0000000000000683      0x147 obj_cooja/mtype674.a(cooja_mtarch.o)
 .debug_abbrev  0x00000000000007ca       0xcc obj_cooja/mtype674.a(rtimer-arch.o)
 .debug_abbrev  0x0000000000000896       0xe3 obj_cooja/mtype674.a(beep.o)
 .debug_abbrev  0x0000000000000979      0x11c obj_cooja/mtype674.a(button-sensor.o)
 .debug_abbrev  0x0000000000000a95       0xe1 obj_cooja/mtype674.a(leds-arch.o)
 .debug_abbrev  0x0000000000000b76       0x9c obj_cooja/mtype674.a(moteid.o)
 .debug_abbrev  0x0000000000000c12       0xe6 obj_cooja/mtype674.a(pir-sensor.o)
 .debug_abbrev  0x0000000000000cf8      0x14a obj_cooja/mtype674.a(rs232.o)
 .debug_abbrev  0x0000000000000e42       0xe6 obj_cooja/mtype674.a(vib-sensor.o)
 .debug_abbrev  0x0000000000000f28       0xee obj_cooja/mtype674.a(clock.o)
 .debug_abbrev  0x0000000000001016      0x141 obj_cooja/mtype674.a(log.o)
 .debug_abbrev  0x0000000000001157      0x139 obj_cooja/mtype674.a(cfs-cooja.o)
 .debug_abbrev  0x0000000000001290      0x2f2 obj_cooja/mtype674.a(cooja-radio.o)
 .debug_abbrev  0x0000000000001582       0xf5 obj_cooja/mtype674.a(eeprom.o)
 .debug_abbrev  0x0000000000001677       0x6d obj_cooja/mtype674.a(random.o)
 .debug_abbrev  0x00000000000016e4      0x1c2 obj_cooja/mtype674.a(sensors.o)
 .debug_abbrev  0x00000000000018a6      0x218 obj_cooja/mtype674.a(dual_conf.o)
 .debug_abbrev  0x0000000000001abe       0xfb obj_cooja/mtype674.a(autostart.o)
 .debug_abbrev  0x0000000000001bb9      0x1a1 obj_cooja/mtype674.a(ctimer.o)
 .debug_abbrev  0x0000000000001d5a      0x1f1 obj_cooja/mtype674.a(etimer.o)
 .debug_abbrev  0x0000000000001f4b      0x244 obj_cooja/mtype674.a(process.o)
 .debug_abbrev  0x000000000000218f      0x124 obj_cooja/mtype674.a(rtimer.o)
 .debug_abbrev  0x00000000000022b3       0xf5 obj_cooja/mtype674.a(timer.o)
 .debug_abbrev  0x00000000000023a8      0x190 obj_cooja/mtype674.a(serial-line.o)
 .debug_abbrev  0x0000000000002538      0x145 obj_cooja/mtype674.a(list.o)
 .debug_abbrev  0x000000000000267d       0xdb obj_cooja/mtype674.a(ringbuf.o)
 .debug_abbrev  0x0000000000002758      0x290 obj_cooja/mtype674.a(sicslowpan.o)
 .debug_abbrev  0x00000000000029e8      0x265 obj_cooja/mtype674.a(uip-ds6-nbr.o)
 .debug_abbrev  0x0000000000002c4d      0x23a obj_cooja/mtype674.a(uip-ds6.o)
 .debug_abbrev  0x0000000000002e87      0x2d8 obj_cooja/mtype674.a(uip6.o)
 .debug_abbrev  0x000000000000315f      0x33a obj_cooja/mtype674.a(tcpip.o)
 .debug_abbrev  0x0000000000003499       0xcb obj_cooja/mtype674.a(uip-debug.o)