Archive member included to satisfy reference by file (symbol)

obj_cooja/mtype163.a(simEnvChange.o)
                              obj_cooja/mtype163.o (simDontFallAsleep)
obj_cooja/mtype163.a(cooja_mt.o)
                              obj_cooja/mtype163.o (cooja_mt_start)
obj_cooja/mtype163.a(cooja_mtarch.o)
                              obj_cooja/mtype163.a(cooja_mt.o) (cooja_mtarch_init)
obj_cooja/mtype163.a(rtimer-arch.o)
                              obj_cooja/mtype163.o (rtimer_arch_next)
obj_cooja/mtype163.a(beep.o)  obj_cooja/mtype163.o (beep_interface)
obj_cooja/mtype163.a(button-sensor.o)
                              obj_cooja/mtype163.o (button_interface)
obj_cooja/mtype163.a(leds-arch.o)
                              obj_cooja/mtype163.o (leds_interface)
obj_cooja/mtype163.a(moteid.o)
                              obj_cooja/mtype163.o (moteid_interface)
obj_cooja/mtype163.a(pir-sensor.o)
                              obj_cooja/mtype163.o (pir_interface)
obj_cooja/mtype163.a(rs232.o)
                              obj_cooja/mtype163.o (rs232_interface)
obj_cooja/mtype163.a(vib-sensor.o)
                              obj_cooja/mtype163.o (vib_interface)
obj_cooja/mtype163.a(clock.o)
                              obj_cooja/mtype163.o (clock_interface)
obj_cooja/mtype163.a(log.o)   obj_cooja/mtype163.o (simlog_interface)
obj_cooja/mtype163.a(cfs-cooja.o)
                              obj_cooja/mtype163.o (cfs_interface)
obj_cooja/mtype163.a(cooja-radio.o)
                              obj_cooja/mtype163.o (radio_interface)
obj_cooja/mtype163.a(eeprom.o)
                              obj_cooja/mtype163.o (eeprom_interface)
obj_cooja/mtype163.a(random.o)
                              obj_cooja/mtype163.a(moteid.o) (random_init)
obj_cooja/mtype163.a(sensors.o)
                              udp-server.co (sensors_event)
obj_cooja/mtype163.a(dual_conf.o)
                              obj_cooja/mtype163.a(cooja-radio.o) (long_range_radio)
obj_cooja/mtype163.a(autostart.o)
                              obj_cooja/mtype163.o (autostart_start)
obj_cooja/mtype163.a(ctimer.o)
                              obj_cooja/mtype163.o (ctimer_init)
obj_cooja/mtype163.a(etimer.o)
                              obj_cooja/mtype163.o (etimer_process)
obj_cooja/mtype163.a(process.o)
                              udp-server.co (process_current)
obj_cooja/mtype163.a(rtimer.o)
                              obj_cooja/mtype163.a(rtimer-arch.o) (rtimer_run_next)
obj_cooja/mtype163.a(timer.o)
                              obj_cooja/mtype163.a(button-sensor.o) (timer_set)
obj_cooja/mtype163.a(serial-line.o)
                              obj_cooja/mtype163.a(rs232.o) (serial_line_input_byte)
obj_cooja/mtype163.a(list.o)  obj_cooja/mtype163.a(ctimer.o) (list_init)
obj_cooja/mtype163.a(ringbuf.o)
                              obj_cooja/mtype163.a(serial-line.o) (ringbuf_init)
obj_cooja/mtype163.a(sicslowpan.o)
                              obj_cooja/mtype163.o (sicslowpan_driver)
obj_cooja/mtype163.a(uip-ds6-nbr.o)
                              obj_cooja/mtype163.a(sicslowpan.o) (uip_ds6_link_neighbor_callback)
obj_cooja/mtype163.a(uip-ds6.o)
                              udp-server.co (uip_ds6_if)
obj_cooja/mtype163.a(uip6.o)  obj_cooja/mtype163.o (uip_lladdr)
obj_cooja/mtype163.a(tcpip.o)
                              udp-server.co (tcpip_event)
obj_cooja/mtype163.a(uip-debug.o)
                              udp-server.co (uip_debug_ipaddr_print)
obj_cooja/mtype163.a(uip-packetqueue)
                              obj_cooja/mtype163.a(uip-ds6-nbr.o) (uip_packetqueue_new)
obj_cooja/mtype163.a(rpl-dag.o)
                              udp-server.co (rpl_set_root)
obj_cooja/mtype163.a(rpl-ext-header.)
                              obj_cooja/mtype163.a(uip6.o) (rpl_verify_header)
obj_cooja/mtype163.a(rpl-icmp6.o)
                              obj_cooja/mtype163.a(rpl-dag.o) (rpl_icmp6_update_nbr_table)
obj_cooja/mtype163.a(rpl-mrhof.o)
                              obj_cooja/mtype163.a(rpl-dag.o) (rpl_mrhof)
obj_cooja/mtype163.a(rpl-timers.o)
                              obj_cooja/mtype163.a(rpl-dag.o) (rpl_reset_dio_timer)
obj_cooja/mtype163.a(rpl.o)   obj_cooja/mtype163.a(rpl-icmp6.o) (rpl_get_mode)
obj_cooja/mtype163.a(linkaddr.o)
                              obj_cooja/mtype163.o (linkaddr_node_addr)
obj_cooja/mtype163.a(nbr-table.o)
                              obj_cooja/mtype163.a(uip-ds6-nbr.o) (lladdr_map_add_lr)
obj_cooja/mtype163.a(netstack.o)
                              obj_cooja/mtype163.o (netstack_init)
obj_cooja/mtype163.a(packetbuf.o)
                              obj_cooja/mtype163.a(cooja-radio.o) (packetbuf_attrs)
obj_cooja/mtype163.a(queuebuf.o)
                              obj_cooja/mtype163.o (queuebuf_init)
obj_cooja/mtype163.a(csma.o)  udp-server.co (csma_driver)
obj_cooja/mtype163.a(framer-802154.o)
                              obj_cooja/mtype163.a(sicslowpan.o) (framer_802154)
[...]
Memory Configuration

Name             Origin             Length             Attributes
*default*        0x0000000000000000 0xffffffffffffffff

Linker script and memory map

LOAD /usr/lib/gcc/i686-linux-gnu/4.8/../../../i386-linux-gnu/crti.o
LOAD /usr/lib/gcc/i686-linux-gnu/4.8/crtbeginS.o
LOAD udp-server.co
LOAD obj_cooja/mtype163.o
LOAD obj_cooja/mtype163.a
LOAD /usr/lib/gcc/i686-linux-gnu/4.8/libgcc.a
LOAD /usr/lib/gcc/i686-linux-gnu/4.8/libgcc_s.so
LOAD /usr/lib/gcc/i686-linux-gnu/4.8/../../../i386-linux-gnu/libc.so
START GROUP
LOAD /lib/i386-linux-gnu/libc.so.6
LOAD /usr/lib/i386-linux-gnu/libc_nonshared.a
LOAD /lib/i386-linux-gnu/ld-linux.so.2
END GROUP
LOAD /usr/lib/gcc/i686-linux-gnu/4.8/libgcc.a
LOAD /usr/lib/gcc/i686-linux-gnu/4.8/libgcc_s.so
LOAD /usr/lib/gcc/i686-linux-gnu/4.8/crtendS.o
LOAD /usr/lib/gcc/i686-linux-gnu/4.8/../../../i386-linux-gnu/crtn.o
                0x0000000000000114                . = (0x0 + SIZEOF_HEADERS)

.note.gnu.build-id
                0x0000000000000114       0x24
 *(.note.gnu.build-id)
 .note.gnu.build-id
                0x0000000000000114       0x24 /usr/lib/gcc/i686-linux-gnu/4.8/../../../i386-linux-gnu/crti.o

.hash
 *(.hash)

.gnu.hash       0x0000000000000138     0x1298
 *(.gnu.hash)
 .gnu.hash      0x0000000000000138     0x1298 /usr/lib/gcc/i686-linux-gnu/4.8/../../../i386-linux-gnu/crti.o

.dynsym         0x00000000000013d0     0x2290
 *(.dynsym)
 .dynsym        0x00000000000013d0     0x2290 /usr/lib/gcc/i686-linux-gnu/4.8/../../../i386-linux-gnu/crti.o

.dynstr         0x0000000000003660     0x23c9
 *(.dynstr)
 .dynstr        0x0000000000003660     0x23c9 /usr/lib/gcc/i686-linux-gnu/4.8/../../../i386-linux-gnu/crti.o

.gnu.version    0x0000000000005a2a      0x452
 *(.gnu.version)
 .gnu.version   0x0000000000005a2a      0x452 /usr/lib/gcc/i686-linux-gnu/4.8/../../../i386-linux-gnu/crti.o

.gnu.version_d  0x0000000000005e7c        0x0
 *(.gnu.version_d)
 .gnu.version_d
                0x0000000000000000        0x0 /usr/lib/gcc/i686-linux-gnu/4.8/../../../i386-linux-gnu/crti.o

.gnu.version_r  0x0000000000005e7c       0x40
 *(.gnu.version_r)
 .gnu.version_r
                0x0000000000005e7c       0x40 /usr/lib/gcc/i686-linux-gnu/4.8/../../../i386-linux-gnu/crti.o

.rel.dyn        0x0000000000005ebc     0x8908
 *(.rel.init)
 .rel.init      0x0000000000000000        0x0 /usr/lib/gcc/i686-linux-gnu/4.8/../../../i386-linux-gnu/crti.o
 *(.rel.text .rel.text.* .rel.gnu.linkonce.t.*)
 .rel.text      0x0000000000005ebc     0x8168 /usr/lib/gcc/i686-linux-gnu/4.8/../../../i386-linux-gnu/crti.o
 *(.rel.fini)
 .rel.fini      0x0000000000000000        0x0 /usr/lib/gcc/i686-linux-gnu/4.8/../../../i386-linux-gnu/crti.o
 *(.rel.rodata .rel.rodata.* .rel.gnu.linkonce.r.*)
 .rel.rodata    0x000000000000e024      0x4e0 /usr/lib/gcc/i686-linux-gnu/4.8/../../../i386-linux-gnu/crti.o
 *(.rel.data.rel.ro .rel.data.rel.ro.* .rel.gnu.linkonce.d.rel.ro.*)
 *(.rel.data .rel.data.* .rel.gnu.linkonce.d.*)
 .rel.data.rel  0x000000000000e504        0x8 /usr/lib/gcc/i686-linux-gnu/4.8/../../../i386-linux-gnu/crti.o
 .rel.data      0x000000000000e50c      0x280 /usr/lib/gcc/i686-linux-gnu/4.8/../../../i386-linux-gnu/crti.o
 *(.rel.tdata .rel.tdata.* .rel.gnu.linkonce.td.*)
 *(.rel.tbss .rel.tbss.* .rel.gnu.linkonce.tb.*)
 *(.rel.ctors)
 *(.rel.dtors)
 *(.rel.got)
 .rel.got       0x000000000000e78c       0x28 /usr/lib/gcc/i686-linux-gnu/4.8/../../../i386-linux-gnu/crti.o
 *(.rel.bss .rel.bss.* .rel.gnu.linkonce.b.*)
 *(.rel.ifunc)
 .rel.ifunc     0x0000000000000000        0x0 /usr/lib/gcc/i686-linux-gnu/4.8/../../../i386-linux-gnu/crti.o
 .rel.fini_array
                0x000000000000e7b4        0x8 /usr/lib/gcc/i686-linux-gnu/4.8/../../../i386-linux-gnu/crti.o
 .rel.init_array
                0x000000000000e7bc        0x8 /usr/lib/gcc/i686-linux-gnu/4.8/../../../i386-linux-gnu/crti.o

.rel.plt        0x000000000000e7c4       0x10
 *(.rel.plt)
 .rel.plt       0x000000000000e7c4       0x10 /usr/lib/gcc/i686-linux-gnu/4.8/../../../i386-linux-gnu/crti.o
 *(.rel.iplt)

.init           0x000000000000e7d4       0x23
 *(SORT(.init))
 .init          0x000000000000e7d4       0x1e /usr/lib/gcc/i686-linux-gnu/4.8/../../../i386-linux-gnu/crti.o
                0x000000000000e7d4                _init
 .init          0x000000000000e7f2        0x5 /usr/lib/gcc/i686-linux-gnu/4.8/../../../i386-linux-gnu/crtn.o

.plt            0x000000000000e800       0x30
 *(.plt)
 .plt           0x000000000000e800       0x30 /usr/lib/gcc/i686-linux-gnu/4.8/../../../i386-linux-gnu/crti.o
 *(.iplt)

.text           0x000000000000e830    0x153d2
 *(.text.unlikely .text.*_unlikely .text.unlikely.*)
 *(.text.exit .text.exit.*)
 *(.text.startup .text.startup.*)
 *(.text.hot .text.hot.*)
 *(.text .stub .text.* .gnu.linkonce.t.*)
 .text          0x000000000000e830        0x0 /usr/lib/gcc/i686-linux-gnu/4.8/../../../i386-linux-gnu/crti.o
 .gnu.linkonce.t.__x86.get_pc_thunk.bx
                0x000000000000e830        0x4 /usr/lib/gcc/i686-linux-gnu/4.8/../../../i386-linux-gnu/crti.o
                0x000000000000e830                __x86.get_pc_thunk.bx
 *fill*         0x000000000000e834        0xc 
 .text          0x000000000000e840      0x11b /usr/lib/gcc/i686-linux-gnu/4.8/crtbeginS.o
 .text          0x000000000000e95b      0x3e4 udp-server.co
 .text          0x000000000000ed3f      0x944 obj_cooja/mtype163.o
                0x000000000000eeed                contiki_init
                0x000000000000f49a                Java_org_contikios_cooja_corecomm_Lib1_init
                0x000000000000f4da                Java_org_contikios_cooja_corecomm_Lib1_getMemory
                0x000000000000f51a                Java_org_contikios_cooja_corecomm_Lib1_setMemory
                0x000000000000f591                Java_org_contikios_cooja_corecomm_Lib1_tick
                0x000000000000f671                Java_org_contikios_cooja_corecomm_Lib1_setReferenceAddress
 .text          0x000000000000f683       0x63 obj_cooja/mtype163.a(simEnvChange.o)
                0x000000000000f683                doActionsBeforeTick
                0x000000000000f6b4                doActionsAfterTick
 .text          0x000000000000f6e6       0xbc obj_cooja/mtype163.a(cooja_mt.o)
                0x000000000000f6e6                cooja_mt_init
                0x000000000000f6f3                cooja_mt_remove
                0x000000000000f700                cooja_mt_start
                0x000000000000f72d                cooja_mt_exec
                0x000000000000f75e                cooja_mt_exit
                0x000000000000f780                cooja_mt_yield
 .text          0x000000000000f7a2      0x115 obj_cooja/mtype163.a(cooja_mtarch.o)
                0x000000000000f7a2                cooja_mtarch_init
                0x000000000000f7a7                cooja_mtarch_start
                0x000000000000f822                cooja_sw
                0x000000000000f844                cooja_mtarch_exec
                0x000000000000f860                cooja_mtarch_remove
                0x000000000000f865                cooja_mtarch_yield
                0x000000000000f86f                cooja_mtarch_pstop
                0x000000000000f874                cooja_mtarch_pstart
                0x000000000000f879                cooja_mtarch_stack_usage
 .text          0x000000000000f8b7       0xc2 obj_cooja/mtype163.a(rtimer-arch.o)
                0x000000000000f8b7                rtimer_arch_init
                0x000000000000f8da                rtimer_arch_schedule
                0x000000000000f8f1                rtimer_arch_next
                0x000000000000f8fb                rtimer_arch_pending
                0x000000000000f905                rtimer_arch_check
                0x000000000000f937                rtimer_arch_now
 .text          0x000000000000f979       0x76 obj_cooja/mtype163.a(beep.o)
                0x000000000000f979                beep_alarm
                0x000000000000f985                beep_beep
                0x000000000000f991                beep
                0x000000000000f99d                beep_down
                0x000000000000f9a9                beep_on
                0x000000000000f9b5                beep_off
                0x000000000000f9c1                beep_spinup
                0x000000000000f9cd                beep_quick
                0x000000000000f9d9                beep_long
 .text          0x000000000000f9ef      0x103 obj_cooja/mtype163.a(button-sensor.o)
 .text          0x000000000000faf2       0x45 obj_cooja/mtype163.a(leds-arch.o)
                0x000000000000faf2                leds_arch_init
                0x000000000000fafe                leds_arch_get
                0x000000000000fb0a                leds_arch_set
 .text          0x000000000000fb37       0x2f obj_cooja/mtype163.a(moteid.o)
 .text          0x000000000000fb66       0xb1 obj_cooja/mtype163.a(pir-sensor.o)
 .text          0x000000000000fc17      0x131 obj_cooja/mtype163.a(rs232.o)
                0x000000000000fc17                rs232_init
                0x000000000000fc1c                rs232_set_speed
                0x000000000000fc2a                rs232_set_input
                0x000000000000fc37                rs232_send
                0x000000000000fc59                rs232_print
                0x000000000000fc74                slip_arch_writeb
 .text          0x000000000000fd48       0xb1 obj_cooja/mtype163.a(vib-sensor.o)
 .text          0x000000000000fdf9       0x34 obj_cooja/mtype163.a(clock.o)
                0x000000000000fdf9                clock_init
                0x000000000000fdfe                clock_time
                0x000000000000fe08                clock_seconds
                0x000000000000fe1e                clock_delay
 .text          0x000000000000fe2d      0x1ed obj_cooja/mtype163.a(log.o)
                0x000000000000fe2d                simlog_char
                0x000000000000fe6f                simlog
                0x000000000000fedc                log_message
                0x000000000000ff04                log_set_putchar_with_slip
                0x000000000000ff11                log_putchar
                0x000000000000ff95                log_puts
                0x000000000000ffb9                log_printf
 .text          0x000000000001001a      0x2c4 obj_cooja/mtype163.a(cfs-cooja.o)
                0x000000000001001a                cfs_open
                0x0000000000010083                cfs_close
                0x000000000001008f                cfs_read
                0x000000000001012d                cfs_write
                0x000000000001020a                cfs_seek
                0x0000000000010292                cfs_remove
                0x00000000000102bb                cfs_opendir
                0x00000000000102c5                cfs_readdir
                0x00000000000102cf                cfs_closedir
 .text          0x00000000000102de      0x541 obj_cooja/mtype163.a(cooja-radio.o)
                0x0000000000010308                radio_set_channel
                0x000000000001031d                radio_set_txpower
                0x0000000000010334                radio_signal_strength_last
                0x000000000001033e                radio_signal_strength_current
                0x0000000000010348                radio_LQI
 .text          0x000000000001081f       0xef obj_cooja/mtype163.a(eeprom.o)
                0x000000000001081f                eeprom_init
                0x0000000000010824                eeprom_read
                0x0000000000010894                eeprom_write
 .text          0x000000000001090e       0x28 obj_cooja/mtype163.a(random.o)
                0x000000000001090e                random_init
                0x0000000000010929                random_rand
 .text          0x0000000000010936      0x2a1 obj_cooja/mtype163.a(sensors.o)
                0x0000000000010971                sensors_first
                0x000000000001097b                sensors_next
                0x0000000000010998                sensors_changed
                0x00000000000109c7                sensors_find
 .text          0x0000000000010bd7      0x308 obj_cooja/mtype163.a(dual_conf.o)
                0x0000000000010bd7                dual_radio_switch
                0x0000000000010c32                dual_radio_change
                0x0000000000010c6c                sending_in_LR
                0x0000000000010c97                dual_radio_received
                0x0000000000010cea                radio_received_is_longrange
                0x0000000000010e95                dio_broadcast
                0x0000000000010ebe                dis_broadcast
 .text          0x0000000000010edf       0x8e obj_cooja/mtype163.a(autostart.o)
                0x0000000000010edf                autostart_start
                0x0000000000010f2a                autostart_exit
 .text          0x0000000000010f6d      0x334 obj_cooja/mtype163.a(ctimer.o)
                0x0000000000011084                ctimer_init
                0x00000000000110b4                ctimer_set
                0x00000000000110e5                ctimer_set_with_process
                0x0000000000011161                ctimer_reset
                0x00000000000111b0                ctimer_restart
                0x00000000000111ff                ctimer_stop
                0x000000000001124a                ctimer_expired
 .text          0x00000000000112a1      0x40b obj_cooja/mtype163.a(etimer.o)
                0x00000000000114b4                etimer_request_poll
                0x0000000000011538                etimer_set
                0x000000000001155d                etimer_reset_with_new_interval
                0x0000000000011584                etimer_reset
                0x00000000000115a2                etimer_restart
                0x00000000000115c0                etimer_adjust
                0x00000000000115dc                etimer_expired
                0x00000000000115ef                etimer_expiration_time
                0x0000000000011601                etimer_start_time
                0x000000000001160b                etimer_pending
                0x000000000001161d                etimer_next_expiration_time
                0x0000000000011637                etimer_stop
 .text          0x00000000000116ac      0x560 obj_cooja/mtype163.a(process.o)
                0x00000000000116ac                process_alloc_event
                0x00000000000116c1                process_start
                0x00000000000118aa                process_exit
                0x00000000000118c6                process_init
                0x0000000000011a97                process_run
                0x0000000000011aca                process_nevents
                0x0000000000011ae5                process_post
                0x0000000000011b91                process_post_synch
                0x0000000000011bc9                process_poll
                0x0000000000011bf8                process_is_running
 .text          0x0000000000011c0c       0xba obj_cooja/mtype163.a(rtimer.o)
                0x0000000000011c0c                rtimer_init
                0x0000000000011c19                rtimer_set
                0x0000000000011c70                rtimer_run_next
 .text          0x0000000000011cc6       0x91 obj_cooja/mtype163.a(timer.o)
                0x0000000000011cc6                timer_set
                0x0000000000011ce1                timer_reset
                0x0000000000011cf8                timer_restart
                0x0000000000011d0a                timer_expired
                0x0000000000011d33                timer_remaining
 .text          0x0000000000011d57      0x1fb obj_cooja/mtype163.a(serial-line.o)
                0x0000000000011d57                serial_line_input_byte
                0x0000000000011f1a                serial_line_init
 .text          0x0000000000011f52      0x244 obj_cooja/mtype163.a(list.o)
                0x0000000000011f52                list_init
                0x0000000000011f60                list_head
                0x0000000000011f6a                list_copy
                0x0000000000011f79                list_tail
                0x0000000000011faf                list_add
                0x0000000000011ff8                list_push
                0x0000000000012024                list_chop
                0x000000000001208e                list_pop
                0x00000000000120b6                list_remove
                0x000000000001211d                list_length
                0x000000000001214b                list_insert
                0x000000000001217f                list_item_next
 .text          0x0000000000012196      0x155 obj_cooja/mtype163.a(ringbuf.o)
                0x0000000000012196                ringbuf_init
                0x00000000000121c7                ringbuf_put
                0x0000000000012245                ringbuf_get
                0x00000000000122b2                ringbuf_size
                0x00000000000122c4                ringbuf_elements
 .text          0x00000000000122eb     0x259f obj_cooja/mtype163.a(sicslowpan.o)
                0x0000000000012875                rime_sniffer_add
                0x0000000000012882                rime_sniffer_remove
                0x0000000000014829                sicslowpan_init
                0x0000000000014880                sicslowpan_get_last_rssi
 .text          0x000000000001488a      0x2dc obj_cooja/mtype163.a(uip-ds6-nbr.o)
                0x00000000000148a7                uip_ds6_neighbors_init
                0x00000000000148c4                uip_ds6_nbr_add
                0x0000000000014975                uip_ds6_nbr_rm
                0x00000000000149d2                uip_ds6_nbr_get_ipaddr
                0x00000000000149e7                uip_ds6_nbr_get_ll
                0x0000000000014a03                uip_ds6_nbr_num
                0x0000000000014a48                uip_ds6_nbr_lookup
                0x0000000000014aad                uip_ds6_nbr_ll_lookup
                0x0000000000014ac9                uip_ds6_nbr_ipaddr_from_lladdr
                0x0000000000014aef                uip_ds6_nbr_lladdr_from_ipaddr
                0x0000000000014b1d                uip_ds6_link_neighbor_callback
 .text          0x0000000000014b66     0x12ad obj_cooja/mtype163.a(uip-ds6.o)
                0x0000000000014b66                uip_ds6_init
                0x0000000000014ebb                uip_ds6_periodic
                0x0000000000014f93                uip_ds6_list_loop
                0x000000000001503a                uip_ds6_prefix_add
                0x00000000000150f8                uip_ds6_prefix_rm
                0x000000000001510a                uip_ds6_prefix_lookup
                0x000000000001515b                uip_ds6_is_addr_onlink
                0x00000000000151cf                uip_ds6_addr_add
                0x00000000000152fd                uip_ds6_long_addr_add
                0x000000000001542b                uip_ds6_addr_rm
                0x00000000000154cb                uip_ds6_addr_lookup
                0x0000000000015516                uip_ds6_long_addr_lookup
                0x0000000000015561                uip_ds6_get_link_local
                0x00000000000155e0                uip_ds6_long_get_link_local
                0x000000000001565f                uip_ds6_get_global
                0x00000000000156de                uip_ds6_long_get_global
                0x000000000001575d                uip_ds6_maddr_add
                0x00000000000157cf                uip_ds6_long_maddr_add
                0x0000000000015841                uip_ds6_maddr_rm
                0x0000000000015853                uip_ds6_maddr_lookup
                0x000000000001589e                uip_ds6_long_maddr_lookup
                0x00000000000158e9                uip_ds6_aaddr_add
                0x000000000001595b                uip_ds6_long_aaddr_add
                0x00000000000159cd                uip_ds6_aaddr_rm
                0x00000000000159df                uip_ds6_aaddr_lookup
                0x0000000000015a2a                uip_ds6_long_aaddr_lookup
                0x0000000000015a75                uip_ds6_select_src
                0x0000000000015cfe                uip_ds6_set_addr_iid
                0x0000000000015d35                get_match_length
                0x0000000000015dc7                uip_ds6_compute_reachable_time
 .text          0x0000000000015e13     0x29f3 obj_cooja/mtype163.a(uip6.o)
                0x0000000000015e13                uip_add32
                0x0000000000015fac                uip_chksum
                0x000000000001609a                uip_icmp6chksum
                0x00000000000160ae                uip_tcpchksum
                0x00000000000160c2                uip_udpchksum
                0x00000000000160d6                uip_init
                0x00000000000161a6                uip_connect
                0x0000000000016355                remove_ext_hdr
                0x000000000001642a                uip_udp_new
                0x0000000000016586                uip_unlisten
                0x00000000000165e6                uip_listen
                0x00000000000168a8                uip_process
                0x00000000000186fa                uip_htons
                0x000000000001871c                uip_htonl
                0x000000000001875c                uip_send
 .text          0x0000000000018806      0xa66 obj_cooja/mtype163.a(tcpip.o)
                0x0000000000018806                tcpip_output
                0x0000000000018834                tcpip_set_outputfunc
                0x00000000000188c8                tcp_connect
                0x000000000001891d                tcp_unlisten
                0x0000000000018978                tcp_listen
                0x00000000000189d1                tcp_attach
                0x00000000000189f6                udp_attach
                0x0000000000018a1b                udp_new
                0x0000000000018a6d                udp_broadcast_new
                0x0000000000018ce1                tcpip_input
                0x0000000000018d15                tcpip_ipv6_output
                0x00000000000190b2                tcpip_poll_udp
                0x00000000000190d5                tcpip_poll_tcp
                0x00000000000190f8                tcpip_uipcall
 .text          0x000000000001926c      0x1c1 obj_cooja/mtype163.a(uip-debug.o)
                0x000000000001926c                uip_debug_ipaddr_print
                0x00000000000193ce                uip_debug_lladdr_print
 .text          0x000000000001942d      0x141 obj_cooja/mtype163.a(uip-packetqueue)
                0x0000000000019459                uip_packetqueue_new
                0x0000000000019467                uip_packetqueue_alloc
                0x00000000000194c7                uip_packetqueue_free
                0x0000000000019508                uip_packetqueue_buf
                0x0000000000019525                uip_packetqueue_buflen
                0x0000000000019546                uip_packetqueue_set_buflen
 .text          0x000000000001956e     0x238e obj_cooja/mtype163.a(rpl-dag.o)
                0x000000000001956e                rpl_print_neighbor_list
                0x0000000000019743                rpl_get_nbr
                0x000000000001979d                rpl_dag_init
                0x00000000000197ba                rpl_get_parent
                0x00000000000197dc                rpl_get_parent_rank
                0x000000000001980f                rpl_get_parent_link_metric
                0x0000000000019842                rpl_get_parent_ipaddr
                0x0000000000019b45                rpl_set_root
                0x0000000000019d6c                rpl_repair_root
                0x0000000000019fa8                rpl_set_prefix
                0x000000000001a0a7                rpl_set_default_route
                0x000000000001a133                rpl_alloc_instance
                0x000000000001a1c6                rpl_alloc_dag
                0x000000000001a277                rpl_set_default_instance
                0x000000000001a284                rpl_get_default_instance
                0x000000000001a28e                rpl_free_instance
                0x000000000001a33d                rpl_free_dag
                0x000000000001a3a3                rpl_add_parent
                0x000000000001a479                rpl_find_parent
                0x000000000001a4d1                rpl_find_parent_any_dag
                0x000000000001a50d                rpl_select_dag
                0x000000000001a8a3                rpl_select_parent
                0x000000000001a905                rpl_remove_parent
                0x000000000001a92c                rpl_nullify_parent
                0x000000000001a9ca                rpl_move_parent
                0x000000000001aa67                rpl_has_downward_route
                0x000000000001aaba                rpl_get_any_dag
                0x000000000001ab1c                rpl_get_instance
                0x000000000001ab7f                rpl_find_of
                0x000000000001abbc                rpl_join_instance
                0x000000000001ae37                rpl_add_dag
                0x000000000001b226                rpl_local_repair
                0x000000000001b2ea                rpl_recalculate_ranks
                0x000000000001b370                rpl_process_parent_event
                0x000000000001b422                rpl_process_dio
 .text          0x000000000001b8fc      0xbf3 obj_cooja/mtype163.a(rpl-ext-header.)
                0x000000000001b919                rpl_verify_header
                0x000000000001bd93                rpl_update_header_empty
                0x000000000001c0aa                rpl_update_header_final
                0x000000000001c239                rpl_remove_header
                0x000000000001c343                rpl_invert_header
                0x000000000001c4cd                rpl_insert_header
 .text          0x000000000001c4ef     0x1d71 obj_cooja/mtype163.a(rpl-icmp6.o)
                0x000000000001c74e                rpl_icmp6_update_nbr_table
                0x000000000001c83e                dis_output
                0x000000000001ce7c                dio_output
                0x000000000001ddd8                dao_output
                0x000000000001de93                dao_output_target
                0x000000000001e214                dao_ack_output
                0x000000000001e228                rpl_icmp6_register_handlers
 .text          0x000000000001e260      0x2c1 obj_cooja/mtype163.a(rpl-mrhof.o)
 .text          0x000000000001e521      0x7b3 obj_cooja/mtype163.a(rpl-timers.o)
                0x000000000001e767                rpl_reset_periodic_timer
                0x000000000001e7bc                rpl_reset_dio_timer
                0x000000000001e9f6                rpl_schedule_dao
                0x000000000001ea11                rpl_schedule_dao_immediately
                0x000000000001ea2c                rpl_cancel_dao
                0x000000000001ea8e                rpl_schedule_unicast_dio_immediately
                0x000000000001ec7c                rpl_schedule_probing
 .text          0x000000000001ecd4      0x59b obj_cooja/mtype163.a(rpl.o)
                0x000000000001ecd4                rpl_get_mode
                0x000000000001ecde                rpl_set_mode
                0x000000000001ed6c                rpl_purge_routes
                0x000000000001ee66                rpl_remove_routes
                0x000000000001eeac                rpl_remove_routes_by_nexthop
                0x000000000001ef18                rpl_add_route
                0x000000000001ef93                rpl_link_neighbor_callback
                0x000000000001f098                rpl_ipv6_neighbor_callback
                0x000000000001f107                rpl_purge_dags
                0x000000000001f1e9                rpl_init
 .text          0x000000000001f26f       0x82 obj_cooja/mtype163.a(linkaddr.o)
                0x000000000001f26f                linkaddr_copy
                0x000000000001f291                linkaddr_cmp
                0x000000000001f2bb                linkaddr_set_node_addr
                0x000000000001f2d6                linkaddr_set_node_long_addr
 .text          0x000000000001f2f1      0x88c obj_cooja/mtype163.a(nbr-table.o)
                0x000000000001f2f1                lladdr_map_add_lr
                0x000000000001f3ae                lladdr_map_rm_lr
                0x000000000001f873                nbr_table_register
                0x000000000001f8bb                nbr_table_head
                0x000000000001f917                nbr_table_next
                0x000000000001f97e                nbr_table_add_lladdr
                0x000000000001fa5a                nbr_table_get_from_lladdr
                0x000000000001faa7                nbr_table_remove
                0x000000000001faf9                nbr_table_lock
                0x000000000001fb23                nbr_table_unlock
                0x000000000001fb4d                nbr_table_get_lladdr
 .text          0x000000000001fb7d       0x2b obj_cooja/mtype163.a(netstack.o)
                0x000000000001fb7d                netstack_init
 .text          0x000000000001fba8      0x3cd obj_cooja/mtype163.a(packetbuf.o)
                0x000000000001fba8                packetbuf_clear
                0x000000000001fbd2                packetbuf_copyfrom
                0x000000000001fc24                packetbuf_compact
                0x000000000001fca1                packetbuf_copyto
                0x000000000001fd38                packetbuf_hdralloc
                0x000000000001fdb5                packetbuf_hdrreduce
                0x000000000001fdfd                packetbuf_set_datalen
                0x000000000001fe16                packetbuf_dataptr
                0x000000000001fe33                packetbuf_hdrptr
                0x000000000001fe3d                packetbuf_datalen
                0x000000000001fe49                packetbuf_hdrlen
                0x000000000001fe60                packetbuf_totlen
                0x000000000001fe76                packetbuf_attr_clear
                0x000000000001fec8                packetbuf_attr_copyto
                0x000000000001ff11                packetbuf_attr_copyfrom
                0x000000000001ff59                packetbuf_holds_broadcast
 .text          0x000000000001ff75      0x2b4 obj_cooja/mtype163.a(queuebuf.o)
                0x000000000001ff7f                queuebuf_init
                0x000000000001ff9f                queuebuf_numfree
                0x000000000001ffb3                queuebuf_new_from_packetbuf
                0x0000000000020043                queuebuf_update_attr_from_packetbuf
                0x0000000000020076                queuebuf_update_from_packetbuf
                0x00000000000200c0                queuebuf_free
                0x0000000000020107                queuebuf_to_packetbuf
                0x000000000002016d                queuebuf_dataptr
                0x00000000000201a4                queuebuf_datalen
                0x00000000000201c7                queuebuf_addr
                0x00000000000201f9                queuebuf_attr
                0x0000000000020224                queuebuf_debug_print
 .text          0x0000000000020229      0x844 obj_cooja/mtype163.a(csma.o)
 .text          0x0000000000020a6d      0x3f5 obj_cooja/mtype163.a(framer-802154.o)
 .text          0x0000000000020e62       0x3c obj_cooja/mtype163.a(mac.o)
                0x0000000000020e62                mac_call_sent_callback
 .text          0x0000000000020e9e      0x518 obj_cooja/mtype163.a(nullrdc.o)
 .text          0x00000000000213b6       0x81 obj_cooja/mtype163.a(nullsec.o)
 .text          0x0000000000021437       0x19 obj_cooja/mtype163.a(watchdog.o)
                0x0000000000021437                watchdog_init
                0x000000000002143c                watchdog_start
                0x0000000000021441                watchdog_periodic
                0x0000000000021446                watchdog_stop
                0x000000000002144b                watchdog_reboot
 .text          0x0000000000021450        0x0 obj_cooja/mtype163.a(rimestats.o)
 .text          0x0000000000021450       0xa3 obj_cooja/mtype163.a(stimer.o)
                0x0000000000021450                stimer_set
                0x000000000002146b                stimer_reset
                0x0000000000021482                stimer_restart
                0x0000000000021494                stimer_expired
                0x00000000000214bb                stimer_remaining
                0x00000000000214df                stimer_elapsed
 .text          0x00000000000214f3      0x1c1 obj_cooja/mtype163.a(memb.o)
                0x00000000000214f3                memb_init
                0x0000000000021551                memb_alloc
                0x00000000000215b6                memb_free
                0x0000000000021631                memb_inmemb
                0x0000000000021670                memb_numfree
 .text          0x00000000000216b4      0x916 obj_cooja/mtype163.a(uip-ds6-route.o)
                0x000000000002172b                uip_ds6_notification_add
                0x000000000002175c                uip_ds6_notification_rm
                0x0000000000021778                uip_ds6_route_init
                0x0000000000021800                uip_ds6_route_nexthop
                0x0000000000021828                uip_ds6_route_head
                0x000000000002183d                uip_ds6_route_next
                0x0000000000021863                uip_ds6_route_is_nexthop
                0x00000000000218a2                uip_ds6_route_num_routes
                0x00000000000218ac                uip_ds6_route_lookup
                0x000000000002196e                uip_ds6_route_add
                0x0000000000021ba2                uip_ds6_route_rm
                0x0000000000021d36                uip_ds6_route_rm_by_nexthop
                0x0000000000021d6e                uip_ds6_defrt_add
                0x0000000000021e1f                uip_ds6_defrt_rm
                0x0000000000021e9e                uip_ds6_defrt_lookup
                0x0000000000021ef7                uip_ds6_defrt_choose
                0x0000000000021f62                uip_ds6_defrt_periodic
 .text          0x0000000000021fca      0xab2 obj_cooja/mtype163.a(uip-icmp6.o)
                0x0000000000022038                uip_icmp6_input
                0x000000000002208e                uip_icmp6_register_input_handler
                0x0000000000022356                uip_icmp6_error_output
                0x000000000002269b                uip_icmp6_send
                0x0000000000022a0f                uip_icmp6_echo_reply_callback_add
                0x0000000000022a40                uip_icmp6_echo_reply_callback_rm
                0x0000000000022a5c                uip_icmp6_init
 .text          0x0000000000022a7c      0x358 obj_cooja/mtype163.a(uip-nd6.o)
                0x0000000000022ad0                uip_nd6_ns_output
                0x0000000000022dcf                uip_nd6_init
 .text          0x0000000000022dd4      0x331 obj_cooja/mtype163.a(rpl-nbr-policy.)
                0x0000000000022fac                find_removable_dis
                0x0000000000022fcf                find_removable_dio
                0x000000000002305e                find_removable_dao
                0x00000000000230ae                rpl_nbr_policy_find_removable
 .text          0x0000000000023105      0x97c obj_cooja/mtype163.a(frame802154.o)
                0x0000000000023136                frame802154_get_pan_id
                0x0000000000023142                frame802154_set_pan_id
                0x000000000002315b                frame802154_has_panid
                0x0000000000023247                frame802154_check_dest_panid
                0x00000000000232af                frame802154_is_broadcast_addr
                0x00000000000232fc                frame802154_extract_linkaddr
                0x000000000002353c                frame802154_hdrlen
                0x000000000002358d                frame802154_create
                0x0000000000023778                frame802154_parse
 .text          0x0000000000023a81      0x181 obj_cooja/mtype163.a(mac-sequence.o)
                0x0000000000023ab8                mac_sequence_is_duplicate
                0x0000000000023b3b                mac_sequence_register_seqno
 .text          0x0000000000023c02        0x0 /usr/lib/gcc/i686-linux-gnu/4.8/crtendS.o
 .text          0x0000000000023c02        0x0 /usr/lib/gcc/i686-linux-gnu/4.8/../../../i386-linux-gnu/crtn.o
 *(.gnu.warning)

.fini           0x0000000000023c04       0x14
 *(SORT(.fini))
 .fini          0x0000000000023c04        0xf /usr/lib/gcc/i686-linux-gnu/4.8/../../../i386-linux-gnu/crti.o
                0x0000000000023c04                _fini
 .fini          0x0000000000023c13        0x5 /usr/lib/gcc/i686-linux-gnu/4.8/../../../i386-linux-gnu/crtn.o
                0x0000000000023c18                PROVIDE (__etext, .)
                0x0000000000023c18                PROVIDE (_etext, .)
                0x0000000000023c18                PROVIDE (etext, .)

.rodata         0x0000000000023c20      0xa80
 *(.rodata .rodata.* .gnu.linkonce.r.*)
 .rodata        0x0000000000023c20      0x148 udp-server.co
                0x0000000000023c34                autostart_processes
 .rodata        0x0000000000023d68      0x1b6 obj_cooja/mtype163.o
 *fill*         0x0000000000023f1e        0x2 
 .rodata        0x0000000000023f20        0x8 obj_cooja/mtype163.a(beep.o)
                0x0000000000023f20                beep_interface
 .rodata        0x0000000000023f28       0x20 obj_cooja/mtype163.a(button-sensor.o)
                0x0000000000023f28                button_interface
                0x0000000000023f38                button_sensor
 .rodata        0x0000000000023f48        0x8 obj_cooja/mtype163.a(leds-arch.o)
                0x0000000000023f48                leds_interface
 .rodata        0x0000000000023f50        0x8 obj_cooja/mtype163.a(moteid.o)
                0x0000000000023f50                moteid_interface
 .rodata        0x0000000000023f58       0x1c obj_cooja/mtype163.a(pir-sensor.o)
                0x0000000000023f58                pir_interface
                0x0000000000023f64                pir_sensor
 .rodata        0x0000000000023f74        0xe obj_cooja/mtype163.a(rs232.o)
                0x0000000000023f74                rs232_interface
 *fill*         0x0000000000023f82        0x2 
 .rodata        0x0000000000023f84       0x24 obj_cooja/mtype163.a(vib-sensor.o)
                0x0000000000023f84                vib_interface
                0x0000000000023f98                vib_sensor
 .rodata        0x0000000000023fa8        0x8 obj_cooja/mtype163.a(clock.o)
                0x0000000000023fa8                clock_interface
 .rodata        0x0000000000023fb0        0x8 obj_cooja/mtype163.a(log.o)
                0x0000000000023fb0                simlog_interface
 .rodata        0x0000000000023fb8       0x2f obj_cooja/mtype163.a(cfs-cooja.o)
                0x0000000000023fb8                cfs_interface
 *fill*         0x0000000000023fe7       0x19 
 .rodata        0x0000000000024000      0x120 obj_cooja/mtype163.a(cooja-radio.o)
                0x00000000000240e0                cooja_radio_driver
                0x0000000000024118                radio_interface
 .rodata        0x0000000000024120        0x8 obj_cooja/mtype163.a(eeprom.o)
                0x0000000000024120                eeprom_interface
 .rodata        0x0000000000024128        0x8 obj_cooja/mtype163.a(sensors.o)
 .rodata        0x0000000000024130      0x21d obj_cooja/mtype163.a(dual_conf.o)
 .rodata        0x000000000002434d        0xf obj_cooja/mtype163.a(ctimer.o)
 .rodata        0x000000000002435c        0xc obj_cooja/mtype163.a(etimer.o)
 .rodata        0x0000000000024368        0xe obj_cooja/mtype163.a(serial-line.o)
 *fill*         0x0000000000024376        0x2 
 .rodata        0x0000000000024378       0x38 obj_cooja/mtype163.a(sicslowpan.o)
                0x0000000000024378                unc_llconf
                0x000000000002437c                unc_ctxconf
                0x0000000000024380                unc_mxconf
                0x0000000000024384                llprefix
                0x00000000000243a4                sicslowpan_driver
 .rodata        0x00000000000243b0      0x13c obj_cooja/mtype163.a(uip6.o)
 .rodata        0x00000000000244ec       0x29 obj_cooja/mtype163.a(tcpip.o)
 .rodata        0x0000000000024515       0x3e obj_cooja/mtype163.a(uip-debug.o)
 *fill*         0x0000000000024553        0x1 
 .rodata        0x0000000000024554       0x72 obj_cooja/mtype163.a(rpl-dag.o)
 .rodata        0x00000000000245c6        0x8 obj_cooja/mtype163.a(linkaddr.o)
                0x00000000000245c6                linkaddr_null
 *fill*         0x00000000000245ce        0x2 
 .rodata        0x00000000000245d0       0x2c obj_cooja/mtype163.a(csma.o)
                0x00000000000245e0                csma_driver
 .rodata        0x00000000000245fc        0xc obj_cooja/mtype163.a(framer-802154.o)
                0x00000000000245fc                framer_802154
 *fill*         0x0000000000024608       0x18 
 .rodata        0x0000000000024620       0x60 obj_cooja/mtype163.a(nullrdc.o)
                0x0000000000024660                nullrdc_driver
 .rodata        0x0000000000024680       0x20 obj_cooja/mtype163.a(nullsec.o)
                0x0000000000024690                nullsec_driver

.rodata1
 *(.rodata1)

.eh_frame_hdr   0x00000000000246a0     0x131c
 *(.eh_frame_hdr)
 .eh_frame_hdr  0x00000000000246a0     0x131c udp-server.co

.eh_frame       0x00000000000259bc     0x4dbc
 *(.eh_frame)
 .eh_frame      0x00000000000259bc       0x3c /usr/lib/gcc/i686-linux-gnu/4.8/../../../i386-linux-gnu/crti.o
                                         0x40 (size before relaxing)
 .eh_frame      0x00000000000259f8       0x68 udp-server.co
                                         0x80 (size before relaxing)
 .eh_frame      0x0000000000025a60      0x148 obj_cooja/mtype163.o
                                        0x160 (size before relaxing)
 .eh_frame      0x0000000000025ba8       0x40 obj_cooja/mtype163.a(simEnvChange.o)
                                         0x58 (size before relaxing)
 .eh_frame      0x0000000000025be8       0xc0 obj_cooja/mtype163.a(cooja_mt.o)
                                         0xd8 (size before relaxing)
 .eh_frame      0x0000000000025ca8      0x120 obj_cooja/mtype163.a(cooja_mtarch.o)
                                        0x138 (size before relaxing)
 .eh_frame      0x0000000000025dc8       0xc0 obj_cooja/mtype163.a(rtimer-arch.o)
                                         0xd8 (size before relaxing)
 .eh_frame      0x0000000000025e88      0x160 obj_cooja/mtype163.a(beep.o)
                                        0x178 (size before relaxing)
 .eh_frame      0x0000000000025fe8       0xa0 obj_cooja/mtype163.a(button-sensor.o)
                                         0xb8 (size before relaxing)
 .eh_frame      0x0000000000026088       0xa0 obj_cooja/mtype163.a(leds-arch.o)
                                         0xb8 (size before relaxing)
 .eh_frame      0x0000000000026128       0x40 obj_cooja/mtype163.a(moteid.o)
                                         0x58 (size before relaxing)
 .eh_frame      0x0000000000026168       0xa0 obj_cooja/mtype163.a(pir-sensor.o)
                                         0xb8 (size before relaxing)
 .eh_frame      0x0000000000026208      0x100 obj_cooja/mtype163.a(rs232.o)
                                        0x118 (size before relaxing)
 .eh_frame      0x0000000000026308       0xa0 obj_cooja/mtype163.a(vib-sensor.o)
                                         0xb8 (size before relaxing)
 .eh_frame      0x00000000000263a8       0xc0 obj_cooja/mtype163.a(clock.o)
                                         0xd8 (size before relaxing)
 .eh_frame      0x0000000000026468      0x120 obj_cooja/mtype163.a(log.o)
                                        0x138 (size before relaxing)
 .eh_frame      0x0000000000026588      0x160 obj_cooja/mtype163.a(cfs-cooja.o)
                                        0x178 (size before relaxing)
 .eh_frame      0x00000000000266e8      0x2e0 obj_cooja/mtype163.a(cooja-radio.o)
                                        0x2f8 (size before relaxing)
 .eh_frame      0x00000000000269c8       0xa0 obj_cooja/mtype163.a(eeprom.o)
                                         0xb8 (size before relaxing)
 .eh_frame      0x0000000000026a68       0x40 obj_cooja/mtype163.a(random.o)
                                         0x58 (size before relaxing)
 .eh_frame      0x0000000000026aa8       0xc0 obj_cooja/mtype163.a(sensors.o)
                                         0xd8 (size before relaxing)
 .eh_frame      0x0000000000026b68      0x120 obj_cooja/mtype163.a(dual_conf.o)
                                        0x138 (size before relaxing)
 .eh_frame      0x0000000000026c88       0x40 obj_cooja/mtype163.a(autostart.o)
                                         0x58 (size before relaxing)
 .eh_frame      0x0000000000026cc8      0x100 obj_cooja/mtype163.a(ctimer.o)
                                        0x118 (size before relaxing)
 .eh_frame      0x0000000000026dc8      0x1e0 obj_cooja/mtype163.a(etimer.o)
                                        0x1f8 (size before relaxing)
 .eh_frame      0x0000000000026fa8      0x1c8 obj_cooja/mtype163.a(process.o)
                                        0x1e0 (size before relaxing)
 .eh_frame      0x0000000000027170       0x60 obj_cooja/mtype163.a(rtimer.o)
                                         0x78 (size before relaxing)
 .eh_frame      0x00000000000271d0       0xa4 obj_cooja/mtype163.a(timer.o)
                                         0xbc (size before relaxing)
 .eh_frame      0x0000000000027274       0x60 obj_cooja/mtype163.a(serial-line.o)
                                         0x78 (size before relaxing)
 .eh_frame      0x00000000000272d4      0x180 obj_cooja/mtype163.a(list.o)
                                        0x198 (size before relaxing)
 .eh_frame      0x0000000000027454       0xa0 obj_cooja/mtype163.a(ringbuf.o)
                                         0xb8 (size before relaxing)
 .eh_frame      0x00000000000274f4      0x350 obj_cooja/mtype163.a(sicslowpan.o)
                                        0x368 (size before relaxing)
 .eh_frame      0x0000000000027844      0x180 obj_cooja/mtype163.a(uip-ds6-nbr.o)
                                        0x198 (size before relaxing)
 .eh_frame      0x00000000000279c4      0x3c8 obj_cooja/mtype163.a(uip-ds6.o)
                                        0x3e0 (size before relaxing)
 .eh_frame      0x0000000000027d8c      0x27c obj_cooja/mtype163.a(uip6.o)
                                        0x294 (size before relaxing)
 .eh_frame      0x0000000000028008      0x270 obj_cooja/mtype163.a(tcpip.o)
                                        0x288 (size before relaxing)
 .eh_frame      0x0000000000028278       0x48 obj_cooja/mtype163.a(uip-debug.o)
                                         0x60 (size before relaxing)
 .eh_frame      0x00000000000282c0       0xe0 obj_cooja/mtype163.a(uip-packetqueue)
                                         0xf8 (size before relaxing)
 .eh_frame      0x00000000000283a0      0x65c obj_cooja/mtype163.a(rpl-dag.o)
                                        0x674 (size before relaxing)
 .eh_frame      0x00000000000289fc      0x10c obj_cooja/mtype163.a(rpl-ext-header.)
                                        0x124 (size before relaxing)
 .eh_frame      0x0000000000028b08      0x278 obj_cooja/mtype163.a(rpl-icmp6.o)
                                        0x290 (size before relaxing)
 .eh_frame      0x0000000000028d80       0xe0 obj_cooja/mtype163.a(rpl-mrhof.o)
                                         0xf8 (size before relaxing)
 .eh_frame      0x0000000000028e60      0x20c obj_cooja/mtype163.a(rpl-timers.o)
                                        0x224 (size before relaxing)
 .eh_frame      0x000000000002906c      0x140 obj_cooja/mtype163.a(rpl.o)
                                        0x158 (size before relaxing)
 .eh_frame      0x00000000000291ac       0x80 obj_cooja/mtype163.a(linkaddr.o)
                                         0x98 (size before relaxing)
 .eh_frame      0x000000000002922c      0x2ac obj_cooja/mtype163.a(nbr-table.o)
                                        0x2c4 (size before relaxing)
 .eh_frame      0x00000000000294d8       0x20 obj_cooja/mtype163.a(netstack.o)
                                         0x38 (size before relaxing)
 .eh_frame      0x00000000000294f8      0x214 obj_cooja/mtype163.a(packetbuf.o)
                                        0x22c (size before relaxing)
 .eh_frame      0x000000000002970c      0x1a0 obj_cooja/mtype163.a(queuebuf.o)
                                        0x1b8 (size before relaxing)
 .eh_frame      0x00000000000298ac      0x28c obj_cooja/mtype163.a(csma.o)
                                        0x2a4 (size before relaxing)
 .eh_frame      0x0000000000029b38      0x108 obj_cooja/mtype163.a(framer-802154.o)
                                        0x120 (size before relaxing)
 .eh_frame      0x0000000000029c40       0x20 obj_cooja/mtype163.a(mac.o)
                                         0x38 (size before relaxing)
 .eh_frame      0x0000000000029c60      0x178 obj_cooja/mtype163.a(nullrdc.o)
                                        0x190 (size before relaxing)
 .eh_frame      0x0000000000029dd8       0x80 obj_cooja/mtype163.a(nullsec.o)
                                         0x98 (size before relaxing)
 .eh_frame      0x0000000000029e58       0xa0 obj_cooja/mtype163.a(watchdog.o)
                                         0xb8 (size before relaxing)
 .eh_frame      0x0000000000029ef8       0xc4 obj_cooja/mtype163.a(stimer.o)
                                         0xdc (size before relaxing)
 .eh_frame      0x0000000000029fbc       0xa0 obj_cooja/mtype163.a(memb.o)
                                         0xb8 (size before relaxing)
 .eh_frame      0x000000000002a05c      0x2a0 obj_cooja/mtype163.a(uip-ds6-route.o)
                                        0x2b8 (size before relaxing)
 .eh_frame      0x000000000002a2fc      0x164 obj_cooja/mtype163.a(uip-icmp6.o)
                                        0x17c (size before relaxing)
 .eh_frame      0x000000000002a460       0x68 obj_cooja/mtype163.a(uip-nd6.o)
                                         0x80 (size before relaxing)
 .eh_frame      0x000000000002a4c8       0xc0 obj_cooja/mtype163.a(rpl-nbr-policy.)
                                         0xd8 (size before relaxing)
 .eh_frame      0x000000000002a588      0x164 obj_cooja/mtype163.a(frame802154.o)
                                        0x17c (size before relaxing)
 .eh_frame      0x000000000002a6ec       0x88 obj_cooja/mtype163.a(mac-sequence.o)
                                         0xa0 (size before relaxing)
 .eh_frame      0x000000000002a774        0x4 /usr/lib/gcc/i686-linux-gnu/4.8/crtendS.o

.gcc_except_table
 *(.gcc_except_table .gcc_except_table.*)

.exception_ranges
 *(.exception_ranges .exception_ranges*)
                0x000000000002a778                . = (ALIGN (0x1000) - ((0x1000 - .) & 0xfff))
                0x000000000002bef8                . = DATA_SEGMENT_ALIGN (0x1000, 0x1000)

.eh_frame
 *(.eh_frame)

.gcc_except_table
 *(.gcc_except_table .gcc_except_table.*)

.exception_ranges
 *(.exception_ranges .exception_ranges*)

.tdata
 *(.tdata .tdata.* .gnu.linkonce.td.*)

.tbss
 *(.tbss .tbss.* .gnu.linkonce.tb.*)
 *(.tcommon)

.preinit_array
 *(.preinit_array)

.init_array     0x000000000002bef8        0x4
 *(SORT(.init_array.*) SORT(.ctors.*))
 *(.init_array EXCLUDE_FILE(*crtend?.o *crtend.o *crtbegin?.o *crtbegin.o) .ctors)
 .init_array    0x000000000002bef8        0x4 /usr/lib/gcc/i686-linux-gnu/4.8/crtbeginS.o

.fini_array     0x000000000002befc        0x4
 *(SORT(.fini_array.*) SORT(.dtors.*))
 *(.fini_array EXCLUDE_FILE(*crtend?.o *crtend.o *crtbegin?.o *crtbegin.o) .dtors)
 .fini_array    0x000000000002befc        0x4 /usr/lib/gcc/i686-linux-gnu/4.8/crtbeginS.o

.ctors
 *crtbegin.o(.ctors)
 *crtbegin?.o(.ctors)
 *(EXCLUDE_FILE(*crtend?.o *crtend.o) .ctors)
 *(SORT(.ctors.*))
 *(.ctors)

.dtors
 *crtbegin.o(.dtors)
 *crtbegin?.o(.dtors)
 *(EXCLUDE_FILE(*crtend?.o *crtend.o) .dtors)
 *(SORT(.dtors.*))
 *(.dtors)

.jcr            0x000000000002bf00        0x4
 *(.jcr)
 .jcr           0x000000000002bf00        0x0 /usr/lib/gcc/i686-linux-gnu/4.8/crtbeginS.o
 .jcr           0x000000000002bf00        0x4 /usr/lib/gcc/i686-linux-gnu/4.8/crtendS.o

.data.rel.ro
 *(.data.rel.ro.local* .gnu.linkonce.d.rel.ro.local.*)
 *(.data.rel.ro .data.rel.ro.* .gnu.linkonce.d.rel.ro.*)

.dynamic        0x000000000002bf04       0xe8
 *(.dynamic)
 .dynamic       0x000000000002bf04       0xe8 /usr/lib/gcc/i686-linux-gnu/4.8/../../../i386-linux-gnu/crti.o
                0x000000000002bf04                _DYNAMIC

.got            0x000000000002bfec       0x14
 *(.got)
 .got           0x000000000002bfec       0x14 /usr/lib/gcc/i686-linux-gnu/4.8/../../../i386-linux-gnu/crti.o
 *(.igot)
                0x000000000002cff4                . = DATA_SEGMENT_RELRO_END (., (SIZEOF (.got.plt) >= 0xc)?0xc:0x0)

.got.plt        0x000000000002c000       0x14
 *(.got.plt)
 .got.plt       0x000000000002c000       0x14 /usr/lib/gcc/i686-linux-gnu/4.8/../../../i386-linux-gnu/crti.o
                0x000000000002c000                _GLOBAL_OFFSET_TABLE_
 *(.igot.plt)

.data           0x000000000002c020      0x246
 *(.data .data.* .gnu.linkonce.d.*)
 .data          0x000000000002c020        0x0 /usr/lib/gcc/i686-linux-gnu/4.8/../../../i386-linux-gnu/crti.o
 .data          0x000000000002c020        0x0 /usr/lib/gcc/i686-linux-gnu/4.8/crtbeginS.o
 .data.rel      0x000000000002c020        0x4 /usr/lib/gcc/i686-linux-gnu/4.8/crtbeginS.o
                0x000000000002c020                __dso_handle
 .data          0x000000000002c024       0x10 udp-server.co
                0x000000000002c024                udp_server_process
 *fill*         0x000000000002c034        0xc 
 .data          0x000000000002c040       0x44 obj_cooja/mtype163.o
                0x000000000002c040                simInterfaces
                0x000000000002c074                sensors
 .data          0x000000000002c084        0x0 obj_cooja/mtype163.a(simEnvChange.o)
 .data          0x000000000002c084        0x0 obj_cooja/mtype163.a(cooja_mt.o)
 .data          0x000000000002c084        0x0 obj_cooja/mtype163.a(cooja_mtarch.o)
 .data          0x000000000002c084        0x0 obj_cooja/mtype163.a(rtimer-arch.o)
 .data          0x000000000002c084        0x0 obj_cooja/mtype163.a(beep.o)
 .data          0x000000000002c084        0x0 obj_cooja/mtype163.a(button-sensor.o)
 .data          0x000000000002c084        0x0 obj_cooja/mtype163.a(leds-arch.o)
 .data          0x000000000002c084        0x0 obj_cooja/mtype163.a(moteid.o)
 .data          0x000000000002c084        0x0 obj_cooja/mtype163.a(pir-sensor.o)
 .data          0x000000000002c084        0x0 obj_cooja/mtype163.a(rs232.o)
 .data          0x000000000002c084        0x0 obj_cooja/mtype163.a(vib-sensor.o)
 .data          0x000000000002c084        0x0 obj_cooja/mtype163.a(clock.o)
 .data          0x000000000002c084        0x0 obj_cooja/mtype163.a(log.o)
 .data          0x000000000002c084        0x0 obj_cooja/mtype163.a(cfs-cooja.o)
 .data          0x000000000002c084       0x2c obj_cooja/mtype163.a(cooja-radio.o)
                0x000000000002c084                simRadioHWOn
                0x000000000002c088                simSignalStrength
                0x000000000002c08c                simLastSignalStrength
                0x000000000002c090                simPower
                0x000000000002c094                simRadioChannel
                0x000000000002c098                simRadioChannelLR
                0x000000000002c09c                simLQI
                0x000000000002c0a0                cooja_radio_process
 .data          0x000000000002c0b0        0x0 obj_cooja/mtype163.a(eeprom.o)
 .data          0x000000000002c0b0        0x0 obj_cooja/mtype163.a(random.o)
 .data          0x000000000002c0b0       0x10 obj_cooja/mtype163.a(sensors.o)
                0x000000000002c0b0                sensors_process
 .data          0x000000000002c0c0       0x24 obj_cooja/mtype163.a(dual_conf.o)
                0x000000000002c0c0                radio_received
                0x000000000002c0c4                dual_dio_broadcast
                0x000000000002c0d4                dual_dis_broadcast
 .data          0x000000000002c0e4        0x0 obj_cooja/mtype163.a(autostart.o)
 .data          0x000000000002c0e4       0x14 obj_cooja/mtype163.a(ctimer.o)
                0x000000000002c0e8                ctimer_process
 .data          0x000000000002c0f8       0x10 obj_cooja/mtype163.a(etimer.o)
                0x000000000002c0f8                etimer_process
 .data          0x000000000002c108        0x0 obj_cooja/mtype163.a(process.o)
 .data          0x000000000002c108        0x0 obj_cooja/mtype163.a(rtimer.o)
 .data          0x000000000002c108        0x0 obj_cooja/mtype163.a(timer.o)
 .data          0x000000000002c108       0x10 obj_cooja/mtype163.a(serial-line.o)
                0x000000000002c108                serial_line_process
 .data          0x000000000002c118        0x0 obj_cooja/mtype163.a(list.o)
 .data          0x000000000002c118        0x0 obj_cooja/mtype163.a(ringbuf.o)
 .data          0x000000000002c118        0x0 obj_cooja/mtype163.a(sicslowpan.o)
 .data          0x000000000002c118       0x14 obj_cooja/mtype163.a(uip-ds6-nbr.o)
                0x000000000002c128                ds6_neighbors
 .data          0x000000000002c12c        0x0 obj_cooja/mtype163.a(uip-ds6.o)
 .data          0x000000000002c12c        0x0 obj_cooja/mtype163.a(uip6.o)
 .data          0x000000000002c12c       0x10 obj_cooja/mtype163.a(tcpip.o)
                0x000000000002c12c                tcpip_process
 .data          0x000000000002c13c        0x0 obj_cooja/mtype163.a(uip-debug.o)
 .data          0x000000000002c13c        0xc obj_cooja/mtype163.a(uip-packetqueue)
 .data          0x000000000002c148       0x14 obj_cooja/mtype163.a(rpl-dag.o)
                0x000000000002c158                rpl_parents
 .data          0x000000000002c15c        0x0 obj_cooja/mtype163.a(rpl-ext-header.)
 .data          0x000000000002c15c       0x34 obj_cooja/mtype163.a(rpl-icmp6.o)
 .data          0x000000000002c190       0x1c obj_cooja/mtype163.a(rpl-mrhof.o)
                0x000000000002c190                rpl_mrhof
 .data          0x000000000002c1ac        0x0 obj_cooja/mtype163.a(rpl-timers.o)
 .data          0x000000000002c1ac        0x0 obj_cooja/mtype163.a(rpl.o)
 .data          0x000000000002c1ac        0x0 obj_cooja/mtype163.a(linkaddr.o)
 .data          0x000000000002c1ac       0x10 obj_cooja/mtype163.a(nbr-table.o)
 .data          0x000000000002c1bc        0x0 obj_cooja/mtype163.a(netstack.o)
 .data          0x000000000002c1bc        0x4 obj_cooja/mtype163.a(packetbuf.o)
 .data          0x000000000002c1c0       0x18 obj_cooja/mtype163.a(queuebuf.o)
 .data          0x000000000002c1d8       0x28 obj_cooja/mtype163.a(csma.o)
 .data          0x000000000002c200        0x0 obj_cooja/mtype163.a(framer-802154.o)
 .data          0x000000000002c200        0x0 obj_cooja/mtype163.a(mac.o)
 .data          0x000000000002c200        0x0 obj_cooja/mtype163.a(nullrdc.o)
 .data          0x000000000002c200        0x0 obj_cooja/mtype163.a(nullsec.o)
 .data          0x000000000002c200        0x0 obj_cooja/mtype163.a(watchdog.o)
 .data          0x000000000002c200        0x0 obj_cooja/mtype163.a(rimestats.o)
 .data          0x000000000002c200        0x0 obj_cooja/mtype163.a(stimer.o)
 .data          0x000000000002c200        0x0 obj_cooja/mtype163.a(memb.o)
 .data          0x000000000002c200       0x44 obj_cooja/mtype163.a(uip-ds6-route.o)
                0x000000000002c210                nbr_routes
 .data          0x000000000002c244       0x20 obj_cooja/mtype163.a(uip-icmp6.o)
 .data          0x000000000002c264        0x0 obj_cooja/mtype163.a(uip-nd6.o)
 .data          0x000000000002c264        0x0 obj_cooja/mtype163.a(rpl-nbr-policy.)
 .data          0x000000000002c264        0x2 obj_cooja/mtype163.a(frame802154.o)
 .data          0x000000000002c266        0x0 obj_cooja/mtype163.a(mac-sequence.o)
 .data          0x000000000002c266        0x0 /usr/lib/gcc/i686-linux-gnu/4.8/crtendS.o
 .data          0x000000000002c266        0x0 /usr/lib/gcc/i686-linux-gnu/4.8/../../../i386-linux-gnu/crtn.o

.tm_clone_table
                0x000000000002c268        0x0
 .tm_clone_table
                0x000000000002c268        0x0 /usr/lib/gcc/i686-linux-gnu/4.8/crtbeginS.o
 .tm_clone_table
                0x000000000002c268        0x0 /usr/lib/gcc/i686-linux-gnu/4.8/crtendS.o

.data1
 *(.data1)
                0x000000000002c268                _edata = .
                0x000000000002c268                PROVIDE (edata, .)
                0x000000000002c268                . = .
                0x000000000002c268                __bss_start = .

.bss            0x000000000002c280     0x8288
 *(.dynbss)
 .dynbss        0x0000000000000000        0x0 /usr/lib/gcc/i686-linux-gnu/4.8/../../../i386-linux-gnu/crti.o
 *(.bss .bss.* .gnu.linkonce.b.*)
 .bss           0x000000000002c280        0x0 /usr/lib/gcc/i686-linux-gnu/4.8/../../../i386-linux-gnu/crti.o
 .bss           0x000000000002c280        0x1 /usr/lib/gcc/i686-linux-gnu/4.8/crtbeginS.o
 *fill*         0x000000000002c281        0x3 
 .bss           0x000000000002c284        0x4 udp-server.co
 *fill*         0x000000000002c288       0x18 
 .bss           0x000000000002c2a0     0x2030 obj_cooja/mtype163.o
 .bss           0x000000000002e2d0        0x1 obj_cooja/mtype163.a(simEnvChange.o)
                0x000000000002e2d0                simDontFallAsleep
 *fill*         0x000000000002e2d1        0x3 
 .bss           0x000000000002e2d4        0x4 obj_cooja/mtype163.a(cooja_mt.o)
 .bss           0x000000000002e2d8        0x4 obj_cooja/mtype163.a(cooja_mtarch.o)
 .bss           0x000000000002e2dc        0xc obj_cooja/mtype163.a(rtimer-arch.o)
 .bss           0x000000000002e2e8        0x0 obj_cooja/mtype163.a(beep.o)
 .bss           0x000000000002e2e8        0x8 obj_cooja/mtype163.a(button-sensor.o)
 .bss           0x000000000002e2f0        0x0 obj_cooja/mtype163.a(leds-arch.o)
 .bss           0x000000000002e2f0        0x0 obj_cooja/mtype163.a(moteid.o)
 .bss           0x000000000002e2f0        0x1 obj_cooja/mtype163.a(pir-sensor.o)
                0x000000000002e2f0                simPirValue
 *fill*         0x000000000002e2f1        0x3 
 .bss           0x000000000002e2f4        0x4 obj_cooja/mtype163.a(rs232.o)
 .bss           0x000000000002e2f8        0x1 obj_cooja/mtype163.a(vib-sensor.o)
                0x000000000002e2f8                simVibValue
 .bss           0x000000000002e2f9        0x0 obj_cooja/mtype163.a(clock.o)
 *fill*         0x000000000002e2f9        0x7 
 .bss           0x000000000002e300      0x420 obj_cooja/mtype163.a(log.o)
 .bss           0x000000000002e720      0xfc0 obj_cooja/mtype163.a(cfs-cooja.o)
                0x000000000002e720                simCFSData
                0x000000000002f6c0                simCFSSize
                0x000000000002f6c4                simCFSChanged
                0x000000000002f6c8                simCFSRead
                0x000000000002f6cc                simCFSWritten
 .bss           0x000000000002f6e0       0x20 obj_cooja/mtype163.a(cooja-radio.o)
                0x000000000002f6e0                simReceiving
                0x000000000002f6e1                simReceivingLR
                0x000000000002f6e4                simInSize
                0x000000000002f6e8                simInSizeLR
                0x000000000002f6ec                simOutSize
                0x000000000002f6f0                simOutSizeLR
                0x000000000002f6f4                LongRangeTransmit
                0x000000000002f6f8                LongRangeReceiving
 .bss           0x000000000002f700        0xc obj_cooja/mtype163.a(eeprom.o)
                0x000000000002f700                simEEPROMChanged
                0x000000000002f704                simEEPROMRead
                0x000000000002f708                simEEPROMWritten
 .bss           0x000000000002f70c        0x0 obj_cooja/mtype163.a(random.o)
 .bss           0x000000000002f70c        0xc obj_cooja/mtype163.a(sensors.o)
 .bss           0x000000000002f718       0x28 obj_cooja/mtype163.a(dual_conf.o)
                0x000000000002f718                long_range_radio
 .bss           0x000000000002f740        0x0 obj_cooja/mtype163.a(autostart.o)
 .bss           0x000000000002f740        0x5 obj_cooja/mtype163.a(ctimer.o)
 *fill*         0x000000000002f745        0x3 
 .bss           0x000000000002f748        0x8 obj_cooja/mtype163.a(etimer.o)
 *fill*         0x000000000002f750       0x10 
 .bss           0x000000000002f760      0x1b1 obj_cooja/mtype163.a(process.o)
                0x000000000002f760                process_list
                0x000000000002f764                process_current
 *fill*         0x000000000002f911        0x3 
 .bss           0x000000000002f914        0x4 obj_cooja/mtype163.a(rtimer.o)
 .bss           0x000000000002f918        0x0 obj_cooja/mtype163.a(timer.o)
 *fill*         0x000000000002f918        0x8 
 .bss           0x000000000002f920      0x140 obj_cooja/mtype163.a(serial-line.o)
 .bss           0x000000000002fa60        0x0 obj_cooja/mtype163.a(list.o)
 .bss           0x000000000002fa60        0x0 obj_cooja/mtype163.a(ringbuf.o)
 .bss           0x000000000002fa60      0x70c obj_cooja/mtype163.a(sicslowpan.o)
 *fill*         0x000000000003016c       0x14 
 .bss           0x0000000000030180       0xf0 obj_cooja/mtype163.a(uip-ds6-nbr.o)
 .bss           0x0000000000030270       0x30 obj_cooja/mtype163.a(uip-ds6.o)
 .bss           0x00000000000302a0        0xe obj_cooja/mtype163.a(uip6.o)
                0x00000000000302a0                uip_ext_bitmap
                0x00000000000302a1                uip_ext_len
                0x00000000000302a2                uip_ext_opt_offset
 *fill*         0x00000000000302ae       0x12 
 .bss           0x00000000000302c0       0x6a obj_cooja/mtype163.a(tcpip.o)
 .bss           0x000000000003032a        0x0 obj_cooja/mtype163.a(uip-debug.o)
 *fill*         0x000000000003032a       0x16 
 .bss           0x0000000000030340      0xcf8 obj_cooja/mtype163.a(uip-packetqueue)
 *fill*         0x0000000000031038        0x8 
 .bss           0x0000000000031040       0xa0 obj_cooja/mtype163.a(rpl-dag.o)
 .bss           0x00000000000310e0        0x0 obj_cooja/mtype163.a(rpl-ext-header.)
 .bss           0x00000000000310e0        0x0 obj_cooja/mtype163.a(rpl-icmp6.o)
 .bss           0x00000000000310e0        0x0 obj_cooja/mtype163.a(rpl-mrhof.o)
 .bss           0x00000000000310e0       0x23 obj_cooja/mtype163.a(rpl-timers.o)
 *fill*         0x0000000000031103        0x1 
 .bss           0x0000000000031104        0x4 obj_cooja/mtype163.a(rpl.o)
 .bss           0x0000000000031108        0x0 obj_cooja/mtype163.a(linkaddr.o)
 *fill*         0x0000000000031108       0x18 
 .bss           0x0000000000031120       0xdc obj_cooja/mtype163.a(nbr-table.o)
 .bss           0x00000000000311fc        0x0 obj_cooja/mtype163.a(netstack.o)
 *fill*         0x00000000000311fc        0x4 
 .bss           0x0000000000031200       0xa0 obj_cooja/mtype163.a(packetbuf.o)
 .bss           0x00000000000312a0      0xb80 obj_cooja/mtype163.a(queuebuf.o)
 .bss           0x0000000000031e20      0x248 obj_cooja/mtype163.a(csma.o)
 .bss           0x0000000000032068        0x2 obj_cooja/mtype163.a(framer-802154.o)
 .bss           0x000000000003206a        0x0 obj_cooja/mtype163.a(mac.o)
 .bss           0x000000000003206a        0x0 obj_cooja/mtype163.a(nullrdc.o)
 .bss           0x000000000003206a        0x0 obj_cooja/mtype163.a(nullsec.o)
 .bss           0x000000000003206a        0x0 obj_cooja/mtype163.a(watchdog.o)
 .bss           0x000000000003206a        0x0 obj_cooja/mtype163.a(rimestats.o)
 .bss           0x000000000003206a        0x0 obj_cooja/mtype163.a(stimer.o)
 .bss           0x000000000003206a        0x0 obj_cooja/mtype163.a(memb.o)
 *fill*         0x000000000003206a       0x16 
 .bss           0x0000000000032080      0x2a8 obj_cooja/mtype163.a(uip-ds6-route.o)
 .bss           0x0000000000032328       0x18 obj_cooja/mtype163.a(uip-icmp6.o)
 .bss           0x0000000000032340        0x0 obj_cooja/mtype163.a(uip-nd6.o)
 .bss           0x0000000000032340       0x44 obj_cooja/mtype163.a(rpl-nbr-policy.)
 .bss           0x0000000000032384        0x0 obj_cooja/mtype163.a(frame802154.o)
 *fill*         0x0000000000032384       0x1c 
 .bss           0x00000000000323a0       0x90 obj_cooja/mtype163.a(mac-sequence.o)
 .bss           0x0000000000032430        0x0 /usr/lib/gcc/i686-linux-gnu/4.8/crtendS.o
 .bss           0x0000000000032430        0x0 /usr/lib/gcc/i686-linux-gnu/4.8/../../../i386-linux-gnu/crtn.o
 *(COMMON)
 COMMON         0x0000000000032430        0x8 obj_cooja/mtype163.o
                0x0000000000032430                referenceVar
                0x0000000000032434                sensors_flags
 COMMON         0x0000000000032438        0xc obj_cooja/mtype163.a(simEnvChange.o)
                0x0000000000032438                simEtimerPending
                0x000000000003243c                simProcessRunValue
                0x0000000000032440                simNextExpirationTime
 COMMON         0x0000000000032444        0x1 obj_cooja/mtype163.a(beep.o)
                0x0000000000032444                simBeeped
 COMMON         0x0000000000032445        0x3 obj_cooja/mtype163.a(button-sensor.o)
                0x0000000000032445                simButtonIsActive
                0x0000000000032446                simButtonIsDown
                0x0000000000032447                simButtonChanged
 COMMON         0x0000000000032448        0x1 obj_cooja/mtype163.a(leds-arch.o)
                0x0000000000032448                simLedsValue
 *fill*         0x0000000000032449        0x3 
 COMMON         0x000000000003244c        0xc obj_cooja/mtype163.a(moteid.o)
                0x000000000003244c                simRandomSeed
                0x0000000000032450                simMoteIDChanged
                0x0000000000032454                simMoteID
 COMMON         0x0000000000032458        0x2 obj_cooja/mtype163.a(pir-sensor.o)
                0x0000000000032458                simPirIsActive
                0x0000000000032459                simPirChanged
 *fill*         0x000000000003245a        0x6 
 COMMON         0x0000000000032460      0x820 obj_cooja/mtype163.a(rs232.o)
                0x0000000000032460                simSerialReceivingFlag
                0x0000000000032464                simSerialReceivingLength
                0x0000000000032480                simSerialReceivingData
 COMMON         0x0000000000032c80        0x2 obj_cooja/mtype163.a(vib-sensor.o)
                0x0000000000032c80                simVibChanged
                0x0000000000032c81                simVibIsActive
 *fill*         0x0000000000032c82        0x2 
 COMMON         0x0000000000032c84        0x4 obj_cooja/mtype163.a(clock.o)
                0x0000000000032c84                simCurrentTime
 *fill*         0x0000000000032c88       0x18 
 COMMON         0x0000000000032ca0      0x420 obj_cooja/mtype163.a(log.o)
                0x0000000000032ca0                simLoggedLength
                0x0000000000032ca4                simLoggedFlag
                0x0000000000032cc0                simLoggedData
 COMMON         0x00000000000330c0      0x200 obj_cooja/mtype163.a(cooja-radio.o)
                0x00000000000330c0                simOutDataBuffer
                0x0000000000033140                simInDataBufferLR
                0x00000000000331c0                simOutDataBufferLR
                0x0000000000033240                simInDataBuffer
 COMMON         0x00000000000332c0      0x400 obj_cooja/mtype163.a(eeprom.o)
                0x00000000000332c0                simEEPROMData
 COMMON         0x00000000000336c0        0x1 obj_cooja/mtype163.a(sensors.o)
                0x00000000000336c0                sensors_event
 COMMON         0x00000000000336c1        0x1 obj_cooja/mtype163.a(serial-line.o)
                0x00000000000336c1                serial_line_event_message
 *fill*         0x00000000000336c2       0x1e 
 COMMON         0x00000000000336e0       0x64 obj_cooja/mtype163.a(uip-ds6-nbr.o)
                0x00000000000336e0                ds6_lr_addrmap
 *fill*         0x0000000000033744       0x1c 
 COMMON         0x0000000000033760      0x298 obj_cooja/mtype163.a(uip-ds6.o)
                0x0000000000033760                uip_ds6_prefix_list
                0x00000000000337c0                uip_ds6_timer_periodic
                0x00000000000337d0                uip_ds6_netif_addr_list_offset
                0x00000000000337e0                uip_ds6_if
                0x00000000000338d8                uip_ds6_timer_ra
                0x00000000000338e0                uip_ds6_addr_size
                0x0000000000033900                long_uip_ds6_if
 *fill*         0x00000000000339f8        0x8 
 COMMON         0x0000000000033a00      0x8ec obj_cooja/mtype163.a(uip6.o)
                0x0000000000033a00                uip_slen
                0x0000000000033a02                uip_acc32
                0x0000000000033a20                uip_conns
                0x0000000000033ae0                uip_lladdr
                0x0000000000033ae8                uip_appdata
                0x0000000000033aec                uip_flags
                0x0000000000033b00                uip_aligned_buf
                0x0000000000034140                uip_listenports
                0x0000000000034150                uip_len
                0x0000000000034152                uip_long_lladdr
                0x000000000003415c                uip_sappdata
                0x0000000000034160                uip_udp_conns
                0x00000000000342e0                uip_udp_conn
                0x00000000000342e4                uip_next_hdr
                0x00000000000342e8                uip_conn
 COMMON         0x00000000000342ec        0x1 obj_cooja/mtype163.a(tcpip.o)
                0x00000000000342ec                tcpip_event
 *fill*         0x00000000000342ed       0x13 
 COMMON         0x0000000000034300      0x170 obj_cooja/mtype163.a(rpl-dag.o)
                0x0000000000034300                default_instance
                0x0000000000034320                instance_table
 COMMON         0x0000000000034470       0x10 obj_cooja/mtype163.a(linkaddr.o)
                0x0000000000034470                linkaddr_node_addr
                0x0000000000034478                long_linkaddr_node_addr
 COMMON         0x0000000000034480       0x2e obj_cooja/mtype163.a(packetbuf.o)
                0x0000000000034480                packetbuf_attrs
                0x000000000003449e                packetbuf_addrs
 *fill*         0x00000000000344ae       0x12 
 COMMON         0x00000000000344c0       0x48 obj_cooja/mtype163.a(rimestats.o)
                0x00000000000344c0                rimestats
                0x0000000000034508                . = ALIGN ((. != 0x0)?0x4:0x1)
                0x0000000000034508                . = ALIGN (0x4)
                0x0000000000034508                . = SEGMENT_START ("ldata-segment", .)
                0x0000000000034508                . = ALIGN (0x4)
                0x0000000000034508                _end = .
                0x0000000000034508                PROVIDE (end, .)
                0x0000000000034508                . = DATA_SEGMENT_END (.)

.stab
 *(.stab)

.stabstr
 *(.stabstr)

.stab.excl
 *(.stab.excl)

.stab.exclstr
 *(.stab.exclstr)

.stab.index
 *(.stab.index)

.stab.indexstr
 *(.stab.indexstr)

.comment        0x0000000000000000       0x29
 *(.comment)
 .comment       0x0000000000000000       0x29 /usr/lib/gcc/i686-linux-gnu/4.8/crtbeginS.o
                                         0x2a (size before relaxing)
 .comment       0x0000000000000000       0x2a udp-server.co
 .comment       0x0000000000000000       0x2a obj_cooja/mtype163.o
 .comment       0x0000000000000000       0x2a obj_cooja/mtype163.a(simEnvChange.o)
 .comment       0x0000000000000000       0x2a obj_cooja/mtype163.a(cooja_mt.o)
 .comment       0x0000000000000000       0x2a obj_cooja/mtype163.a(cooja_mtarch.o)
 .comment       0x0000000000000000       0x2a obj_cooja/mtype163.a(rtimer-arch.o)
 .comment       0x0000000000000000       0x2a obj_cooja/mtype163.a(beep.o)
 .comment       0x0000000000000000       0x2a obj_cooja/mtype163.a(button-sensor.o)
 .comment       0x0000000000000000       0x2a obj_cooja/mtype163.a(leds-arch.o)
 .comment       0x0000000000000000       0x2a obj_cooja/mtype163.a(moteid.o)
 .comment       0x0000000000000000       0x2a obj_cooja/mtype163.a(pir-sensor.o)
 .comment       0x0000000000000000       0x2a obj_cooja/mtype163.a(rs232.o)
 .comment       0x0000000000000000       0x2a obj_cooja/mtype163.a(vib-sensor.o)
 .comment       0x0000000000000000       0x2a obj_cooja/mtype163.a(clock.o)
 .comment       0x0000000000000000       0x2a obj_cooja/mtype163.a(log.o)
 .comment       0x0000000000000000       0x2a obj_cooja/mtype163.a(cfs-cooja.o)
 .comment       0x0000000000000000       0x2a obj_cooja/mtype163.a(cooja-radio.o)
 .comment       0x0000000000000000       0x2a obj_cooja/mtype163.a(eeprom.o)
 .comment       0x0000000000000000       0x2a obj_cooja/mtype163.a(random.o)
 .comment       0x0000000000000000       0x2a obj_cooja/mtype163.a(sensors.o)
 .comment       0x0000000000000000       0x2a obj_cooja/mtype163.a(dual_conf.o)
 .comment       0x0000000000000000       0x2a obj_cooja/mtype163.a(autostart.o)
 .comment       0x0000000000000000       0x2a obj_cooja/mtype163.a(ctimer.o)
 .comment       0x0000000000000000       0x2a obj_cooja/mtype163.a(etimer.o)
 .comment       0x0000000000000000       0x2a obj_cooja/mtype163.a(process.o)
 .comment       0x0000000000000000       0x2a obj_cooja/mtype163.a(rtimer.o)
 .comment       0x0000000000000000       0x2a obj_cooja/mtype163.a(timer.o)
 .comment       0x0000000000000000       0x2a obj_cooja/mtype163.a(serial-line.o)
 .comment       0x0000000000000000       0x2a obj_cooja/mtype163.a(list.o)
 .comment       0x0000000000000000       0x2a obj_cooja/mtype163.a(ringbuf.o)
 .comment       0x0000000000000000       0x2a obj_cooja/mtype163.a(sicslowpan.o)
 .comment       0x0000000000000000       0x2a obj_cooja/mtype163.a(uip-ds6-nbr.o)
 .comment       0x0000000000000000       0x2a obj_cooja/mtype163.a(uip-ds6.o)
 .comment       0x0000000000000000       0x2a obj_cooja/mtype163.a(uip6.o)
 .comment       0x0000000000000000       0x2a obj_cooja/mtype163.a(tcpip.o)
 .comment       0x0000000000000000       0x2a obj_cooja/mtype163.a(uip-debug.o)
 .comment       0x0000000000000000       0x2a obj_cooja/mtype163.a(uip-packetqueue)
 .comment       0x0000000000000000       0x2a obj_cooja/mtype163.a(rpl-dag.o)
 .comment       0x0000000000000000       0x2a obj_cooja/mtype163.a(rpl-ext-header.)
 .comment       0x0000000000000000       0x2a obj_cooja/mtype163.a(rpl-icmp6.o)
 .comment       0x0000000000000000       0x2a obj_cooja/mtype163.a(rpl-mrhof.o)
 .comment       0x0000000000000000       0x2a obj_cooja/mtype163.a(rpl-timers.o)
 .comment       0x0000000000000000       0x2a obj_cooja/mtype163.a(rpl.o)
 .comment       0x0000000000000000       0x2a obj_cooja/mtype163.a(linkaddr.o)
 .comment       0x0000000000000000       0x2a obj_cooja/mtype163.a(nbr-table.o)
 .comment       0x0000000000000000       0x2a obj_cooja/mtype163.a(netstack.o)
 .comment       0x0000000000000000       0x2a obj_cooja/mtype163.a(packetbuf.o)
 .comment       0x0000000000000000       0x2a obj_cooja/mtype163.a(queuebuf.o)
 .comment       0x0000000000000000       0x2a obj_cooja/mtype163.a(csma.o)
 .comment       0x0000000000000000       0x2a obj_cooja/mtype163.a(framer-802154.o)
 .comment       0x0000000000000000       0x2a obj_cooja/mtype163.a(mac.o)
 .comment       0x0000000000000000       0x2a obj_cooja/mtype163.a(nullrdc.o)
 .comment       0x0000000000000000       0x2a obj_cooja/mtype163.a(nullsec.o)
 .comment       0x0000000000000000       0x2a obj_cooja/mtype163.a(watchdog.o)
 .comment       0x0000000000000000       0x2a obj_cooja/mtype163.a(rimestats.o)
 .comment       0x0000000000000000       0x2a obj_cooja/mtype163.a(stimer.o)
 .comment       0x0000000000000000       0x2a obj_cooja/mtype163.a(memb.o)
 .comment       0x0000000000000000       0x2a obj_cooja/mtype163.a(uip-ds6-route.o)
 .comment       0x0000000000000000       0x2a obj_cooja/mtype163.a(uip-icmp6.o)
 .comment       0x0000000000000000       0x2a obj_cooja/mtype163.a(uip-nd6.o)
 .comment       0x0000000000000000       0x2a obj_cooja/mtype163.a(rpl-nbr-policy.)
 .comment       0x0000000000000000       0x2a obj_cooja/mtype163.a(frame802154.o)
 .comment       0x0000000000000000       0x2a obj_cooja/mtype163.a(mac-sequence.o)
 .comment       0x0000000000000000       0x2a /usr/lib/gcc/i686-linux-gnu/4.8/crtendS.o

.debug
 *(.debug)

.line
 *(.line)

.debug_srcinfo
 *(.debug_srcinfo)

.debug_sfnames
 *(.debug_sfnames)

.debug_aranges  0x0000000000000000      0x7d8
 *(.debug_aranges)
 .debug_aranges
                0x0000000000000000       0x20 udp-server.co
 .debug_aranges
                0x0000000000000020       0x20 obj_cooja/mtype163.o
 .debug_aranges
                0x0000000000000040       0x20 obj_cooja/mtype163.a(simEnvChange.o)
 .debug_aranges
                0x0000000000000060       0x20 obj_cooja/mtype163.a(cooja_mt.o)
 .debug_aranges
                0x0000000000000080       0x20 obj_cooja/mtype163.a(cooja_mtarch.o)
 .debug_aranges
                0x00000000000000a0       0x20 obj_cooja/mtype163.a(rtimer-arch.o)
 .debug_aranges
                0x00000000000000c0       0x20 obj_cooja/mtype163.a(beep.o)
 .debug_aranges
                0x00000000000000e0       0x20 obj_cooja/mtype163.a(button-sensor.o)
 .debug_aranges
                0x0000000000000100       0x20 obj_cooja/mtype163.a(leds-arch.o)
 .debug_aranges
                0x0000000000000120       0x20 obj_cooja/mtype163.a(moteid.o)
 .debug_aranges
                0x0000000000000140       0x20 obj_cooja/mtype163.a(pir-sensor.o)
 .debug_aranges
                0x0000000000000160       0x20 obj_cooja/mtype163.a(rs232.o)
 .debug_aranges
                0x0000000000000180       0x20 obj_cooja/mtype163.a(vib-sensor.o)
 .debug_aranges
                0x00000000000001a0       0x20 obj_cooja/mtype163.a(clock.o)
 .debug_aranges
                0x00000000000001c0       0x20 obj_cooja/mtype163.a(log.o)
 .debug_aranges
                0x00000000000001e0       0x20 obj_cooja/mtype163.a(cfs-cooja.o)
 .debug_aranges
                0x0000000000000200       0x20 obj_cooja/mtype163.a(cooja-radio.o)
 .debug_aranges
                0x0000000000000220       0x20 obj_cooja/mtype163.a(eeprom.o)
 .debug_aranges
                0x0000000000000240       0x20 obj_cooja/mtype163.a(random.o)
 .debug_aranges
                0x0000000000000260       0x20 obj_cooja/mtype163.a(sensors.o)
 .debug_aranges
                0x0000000000000280       0x20 obj_cooja/mtype163.a(dual_conf.o)
 .debug_aranges
                0x00000000000002a0       0x20 obj_cooja/mtype163.a(autostart.o)
 .debug_aranges
                0x00000000000002c0       0x20 obj_cooja/mtype163.a(ctimer.o)
 .debug_aranges
                0x00000000000002e0       0x20 obj_cooja/mtype163.a(etimer.o)
 .debug_aranges
                0x0000000000000300       0x20 obj_cooja/mtype163.a(process.o)
 .debug_aranges
                0x0000000000000320       0x20 obj_cooja/mtype163.a(rtimer.o)
 .debug_aranges
                0x0000000000000340       0x20 obj_cooja/mtype163.a(timer.o)
 .debug_aranges
                0x0000000000000360       0x20 obj_cooja/mtype163.a(serial-line.o)
 .debug_aranges
                0x0000000000000380       0x20 obj_cooja/mtype163.a(list.o)
 .debug_aranges
                0x00000000000003a0       0x20 obj_cooja/mtype163.a(ringbuf.o)
 .debug_aranges
                0x00000000000003c0       0x20 obj_cooja/mtype163.a(sicslowpan.o)
 .debug_aranges
                0x00000000000003e0       0x20 obj_cooja/mtype163.a(uip-ds6-nbr.o)
 .debug_aranges
                0x0000000000000400       0x20 obj_cooja/mtype163.a(uip-ds6.o)
 .debug_aranges
                0x0000000000000420       0x20 obj_cooja/mtype163.a(uip6.o)
 .debug_aranges
                0x0000000000000440       0x20 obj_cooja/mtype163.a(tcpip.o)
 .debug_aranges
                0x0000000000000460       0x20 obj_cooja/mtype163.a(uip-debug.o)
 .debug_aranges
                0x0000000000000480       0x20 obj_cooja/mtype163.a(uip-packetqueue)
 .debug_aranges
                0x00000000000004a0       0x20 obj_cooja/mtype163.a(rpl-dag.o)
 .debug_aranges
                0x00000000000004c0       0x20 obj_cooja/mtype163.a(rpl-ext-header.)
 .debug_aranges
                0x00000000000004e0       0x20 obj_cooja/mtype163.a(rpl-icmp6.o)
 .debug_aranges
                0x0000000000000500       0x20 obj_cooja/mtype163.a(rpl-mrhof.o)
 .debug_aranges
                0x0000000000000520       0x20 obj_cooja/mtype163.a(rpl-timers.o)
 .debug_aranges
                0x0000000000000540       0x20 obj_cooja/mtype163.a(rpl.o)
 .debug_aranges
                0x0000000000000560       0x20 obj_cooja/mtype163.a(linkaddr.o)
 .debug_aranges
                0x0000000000000580       0x20 obj_cooja/mtype163.a(nbr-table.o)
 .debug_aranges
                0x00000000000005a0       0x20 obj_cooja/mtype163.a(netstack.o)
 .debug_aranges
                0x00000000000005c0       0x20 obj_cooja/mtype163.a(packetbuf.o)
 .debug_aranges
                0x00000000000005e0       0x20 obj_cooja/mtype163.a(queuebuf.o)
 .debug_aranges
                0x0000000000000600       0x20 obj_cooja/mtype163.a(csma.o)
 .debug_aranges
                0x0000000000000620       0x20 obj_cooja/mtype163.a(framer-802154.o)
 .debug_aranges
                0x0000000000000640       0x20 obj_cooja/mtype163.a(mac.o)
 .debug_aranges
                0x0000000000000660       0x20 obj_cooja/mtype163.a(nullrdc.o)
 .debug_aranges
                0x0000000000000680       0x20 obj_cooja/mtype163.a(nullsec.o)
 .debug_aranges
                0x00000000000006a0       0x20 obj_cooja/mtype163.a(watchdog.o)
 .debug_aranges
                0x00000000000006c0       0x18 obj_cooja/mtype163.a(rimestats.o)
 .debug_aranges
                0x00000000000006d8       0x20 obj_cooja/mtype163.a(stimer.o)
 .debug_aranges
                0x00000000000006f8       0x20 obj_cooja/mtype163.a(memb.o)
 .debug_aranges
                0x0000000000000718       0x20 obj_cooja/mtype163.a(uip-ds6-route.o)
 .debug_aranges
                0x0000000000000738       0x20 obj_cooja/mtype163.a(uip-icmp6.o)
 .debug_aranges
                0x0000000000000758       0x20 obj_cooja/mtype163.a(uip-nd6.o)
 .debug_aranges
                0x0000000000000778       0x20 obj_cooja/mtype163.a(rpl-nbr-policy.)
 .debug_aranges
                0x0000000000000798       0x20 obj_cooja/mtype163.a(frame802154.o)
 .debug_aranges
                0x00000000000007b8       0x20 obj_cooja/mtype163.a(mac-sequence.o)

.debug_pubnames
 *(.debug_pubnames)

.debug_info     0x0000000000000000    0x1b91c
 *(.debug_info .gnu.linkonce.wi.*)
 .debug_info    0x0000000000000000      0xddf udp-server.co
 .debug_info    0x0000000000000ddf     0x3771 obj_cooja/mtype163.o
 .debug_info    0x0000000000004550      0x15a obj_cooja/mtype163.a(simEnvChange.o)
 .debug_info    0x00000000000046aa      0x1e2 obj_cooja/mtype163.a(cooja_mt.o)
 .debug_info    0x000000000000488c      0x2e7 obj_cooja/mtype163.a(cooja_mtarch.o)
 .debug_info    0x0000000000004b73      0x16b obj_cooja/mtype163.a(rtimer-arch.o)
 .debug_info    0x0000000000004cde      0x1f3 obj_cooja/mtype163.a(beep.o)
 .debug_info    0x0000000000004ed1      0x257 obj_cooja/mtype163.a(button-sensor.o)
 .debug_info    0x0000000000005128      0x132 obj_cooja/mtype163.a(leds-arch.o)
 .debug_info    0x000000000000525a      0x10a obj_cooja/mtype163.a(moteid.o)
 .debug_info    0x0000000000005364      0x216 obj_cooja/mtype163.a(pir-sensor.o)
 .debug_info    0x000000000000557a      0x21e obj_cooja/mtype163.a(rs232.o)
 .debug_info    0x0000000000005798      0x216 obj_cooja/mtype163.a(vib-sensor.o)
 .debug_info    0x00000000000059ae      0x152 obj_cooja/mtype163.a(clock.o)
 .debug_info    0x0000000000005b00      0x2bb obj_cooja/mtype163.a(log.o)
 .debug_info    0x0000000000005dbb      0x3cf obj_cooja/mtype163.a(cfs-cooja.o)
 .debug_info    0x000000000000618a      0xc5e obj_cooja/mtype163.a(cooja-radio.o)
 .debug_info    0x0000000000006de8      0x1d5 obj_cooja/mtype163.a(eeprom.o)
 .debug_info    0x0000000000006fbd       0xb3 obj_cooja/mtype163.a(random.o)
 .debug_info    0x0000000000007070      0x36d obj_cooja/mtype163.a(sensors.o)
 .debug_info    0x00000000000073dd      0x99d obj_cooja/mtype163.a(dual_conf.o)
 .debug_info    0x0000000000007d7a      0x1a5 obj_cooja/mtype163.a(autostart.o)
 .debug_info    0x0000000000007f1f      0x46c obj_cooja/mtype163.a(ctimer.o)
 .debug_info    0x000000000000838b      0x49c obj_cooja/mtype163.a(etimer.o)
 .debug_info    0x0000000000008827      0x4ba obj_cooja/mtype163.a(process.o)
 .debug_info    0x0000000000008ce1      0x1ab obj_cooja/mtype163.a(rtimer.o)
 .debug_info    0x0000000000008e8c      0x16c obj_cooja/mtype163.a(timer.o)
 .debug_info    0x0000000000008ff8      0x2de obj_cooja/mtype163.a(serial-line.o)
 .debug_info    0x00000000000092d6      0x2ed obj_cooja/mtype163.a(list.o)
 .debug_info    0x00000000000095c3      0x1aa obj_cooja/mtype163.a(ringbuf.o)
 .debug_info    0x000000000000976d     0x105d obj_cooja/mtype163.a(sicslowpan.o)
 .debug_info    0x000000000000a7ca      0x8c7 obj_cooja/mtype163.a(uip-ds6-nbr.o)
 .debug_info    0x000000000000b091      0xc19 obj_cooja/mtype163.a(uip-ds6.o)
 .debug_info    0x000000000000bcaa      0xea0 obj_cooja/mtype163.a(uip6.o)
 .debug_info    0x000000000000cb4a     0x14b3 obj_cooja/mtype163.a(tcpip.o)
 .debug_info    0x000000000000dffd      0x1b5 obj_cooja/mtype163.a(uip-debug.o)
 .debug_info    0x000000000000e1b2      0x470 obj_cooja/mtype163.a(uip-packetqueue)
 .debug_info    0x000000000000e622     0x18f4 obj_cooja/mtype163.a(rpl-dag.o)
 .debug_info    0x000000000000ff16      0xe2b obj_cooja/mtype163.a(rpl-ext-header.)
 .debug_info    0x0000000000010d41     0x1746 obj_cooja/mtype163.a(rpl-icmp6.o)
 .debug_info    0x0000000000012487      0xacc obj_cooja/mtype163.a(rpl-mrhof.o)
 .debug_info    0x0000000000012f53      0xbeb obj_cooja/mtype163.a(rpl-timers.o)
 .debug_info    0x0000000000013b3e      0xcde obj_cooja/mtype163.a(rpl.o)
 .debug_info    0x000000000001481c      0x198 obj_cooja/mtype163.a(linkaddr.o)
 .debug_info    0x00000000000149b4      0x9c3 obj_cooja/mtype163.a(nbr-table.o)
 .debug_info    0x0000000000015377      0x4b9 obj_cooja/mtype163.a(netstack.o)
 .debug_info    0x0000000000015830      0x478 obj_cooja/mtype163.a(packetbuf.o)
 .debug_info    0x0000000000015ca8      0x57d obj_cooja/mtype163.a(queuebuf.o)
 .debug_info    0x0000000000016225      0xbff obj_cooja/mtype163.a(csma.o)
 .debug_info    0x0000000000016e24      0x5ed obj_cooja/mtype163.a(framer-802154.o)
 .debug_info    0x0000000000017411      0x112 obj_cooja/mtype163.a(mac.o)
 .debug_info    0x0000000000017523      0xc8c obj_cooja/mtype163.a(nullrdc.o)
 .debug_info    0x00000000000181af      0x3b7 obj_cooja/mtype163.a(nullsec.o)
 .debug_info    0x0000000000018566       0x7b obj_cooja/mtype163.a(watchdog.o)
 .debug_info    0x00000000000185e1      0x119 obj_cooja/mtype163.a(rimestats.o)
 .debug_info    0x00000000000186fa      0x179 obj_cooja/mtype163.a(stimer.o)
 .debug_info    0x0000000000018873      0x1d7 obj_cooja/mtype163.a(memb.o)
 .debug_info    0x0000000000018a4a      0xd30 obj_cooja/mtype163.a(uip-ds6-route.o)
 .debug_info    0x000000000001977a      0x784 obj_cooja/mtype163.a(uip-icmp6.o)
 .debug_info    0x0000000000019efe      0x331 obj_cooja/mtype163.a(uip-nd6.o)
 .debug_info    0x000000000001a22f      0xda2 obj_cooja/mtype163.a(rpl-nbr-policy.)
 .debug_info    0x000000000001afd1      0x6b4 obj_cooja/mtype163.a(frame802154.o)
 .debug_info    0x000000000001b685      0x297 obj_cooja/mtype163.a(mac-sequence.o)

.debug_abbrev   0x0000000000000000     0x6688
 *(.debug_abbrev)
 .debug_abbrev  0x0000000000000000      0x227 udp-server.co
 .debug_abbrev  0x0000000000000227      0x2b3 obj_cooja/mtype163.o
 .debug_abbrev  0x00000000000004da       0xc3 obj_cooja/mtype163.a(simEnvChange.o)
 .debug_abbrev  0x000000000000059d       0xe6 obj_cooja/mtype163.a(cooja_mt.o)
 .debug_abbrev  0x0000000000000683      0x147 obj_cooja/mtype163.a(cooja_mtarch.o)
 .debug_abbrev  0x00000000000007ca       0xcc obj_cooja/mtype163.a(rtimer-arch.o)
 .debug_abbrev  0x0000000000000896       0xe3 obj_cooja/mtype163.a(beep.o)
 .debug_abbrev  0x0000000000000979      0x11c obj_cooja/mtype163.a(button-sensor.o)
 .debug_abbrev  0x0000000000000a95       0xe1 obj_cooja/mtype163.a(leds-arch.o)
 .debug_abbrev  0x0000000000000b76       0x9c obj_cooja/mtype163.a(moteid.o)
 .debug_abbrev  0x0000000000000c12       0xe6 obj_cooja/mtype163.a(pir-sensor.o)
 .debug_abbrev  0x0000000000000cf8      0x14a obj_cooja/mtype163.a(rs232.o)
 .debug_abbrev  0x0000000000000e42       0xe6 obj_cooja/mtype163.a(vib-sensor.o)
 .debug_abbrev  0x0000000000000f28       0xee obj_cooja/mtype163.a(clock.o)
 .debug_abbrev  0x0000000000001016      0x141 obj_cooja/mtype163.a(log.o)
 .debug_abbrev  0x0000000000001157      0x139 obj_cooja/mtype163.a(cfs-cooja.o)
 .debug_abbrev  0x0000000000001290      0x2f2 obj_cooja/mtype163.a(cooja-radio.o)
 .debug_abbrev  0x0000000000001582       0xf5 obj_cooja/mtype163.a(eeprom.o)
 .debug_abbrev  0x0000000000001677       0x6d obj_cooja/mtype163.a(random.o)
 .debug_abbrev  0x00000000000016e4      0x1c2 obj_cooja/mtype163.a(sensors.o)