Archive member included to satisfy reference by file (symbol)

obj_cooja/mtype824.a(simEnvChange.o)
                              obj_cooja/mtype824.o (simDontFallAsleep)
obj_cooja/mtype824.a(cooja_mt.o)
                              obj_cooja/mtype824.o (cooja_mt_start)
obj_cooja/mtype824.a(cooja_mtarch.o)
                              obj_cooja/mtype824.a(cooja_mt.o) (cooja_mtarch_init)
obj_cooja/mtype824.a(rtimer-arch.o)
                              obj_cooja/mtype824.o (rtimer_arch_next)
obj_cooja/mtype824.a(beep.o)  obj_cooja/mtype824.o (beep_interface)
obj_cooja/mtype824.a(button-sensor.o)
                              obj_cooja/mtype824.o (button_interface)
obj_cooja/mtype824.a(leds-arch.o)
                              obj_cooja/mtype824.o (leds_interface)
obj_cooja/mtype824.a(moteid.o)
                              obj_cooja/mtype824.o (moteid_interface)
obj_cooja/mtype824.a(pir-sensor.o)
                              obj_cooja/mtype824.o (pir_interface)
obj_cooja/mtype824.a(rs232.o)
                              obj_cooja/mtype824.o (rs232_interface)
obj_cooja/mtype824.a(vib-sensor.o)
                              obj_cooja/mtype824.o (vib_interface)
obj_cooja/mtype824.a(clock.o)
                              obj_cooja/mtype824.o (clock_interface)
obj_cooja/mtype824.a(log.o)   obj_cooja/mtype824.o (simlog_interface)
obj_cooja/mtype824.a(cfs-cooja.o)
                              obj_cooja/mtype824.o (cfs_interface)
obj_cooja/mtype824.a(cooja-radio.o)
                              obj_cooja/mtype824.o (radio_interface)
obj_cooja/mtype824.a(eeprom.o)
                              obj_cooja/mtype824.o (eeprom_interface)
obj_cooja/mtype824.a(random.o)
                              obj_cooja/mtype824.a(moteid.o) (random_init)
obj_cooja/mtype824.a(sensors.o)
                              obj_cooja/mtype824.o (sensors_process)
obj_cooja/mtype824.a(dual_conf.o)
                              obj_cooja/mtype824.a(cooja-radio.o) (long_range_radio)
obj_cooja/mtype824.a(autostart.o)
                              obj_cooja/mtype824.o (autostart_start)
obj_cooja/mtype824.a(ctimer.o)
                              obj_cooja/mtype824.o (ctimer_init)
obj_cooja/mtype824.a(etimer.o)
                              obj_cooja/mtype824.o (etimer_process)
obj_cooja/mtype824.a(process.o)
                              udp-client.co (process_current)
obj_cooja/mtype824.a(rtimer.o)
                              obj_cooja/mtype824.a(rtimer-arch.o) (rtimer_run_next)
obj_cooja/mtype824.a(stimer.o)
                              udp-client.co (stimer_remaining)
obj_cooja/mtype824.a(timer.o)
                              obj_cooja/mtype824.a(button-sensor.o) (timer_set)
obj_cooja/mtype824.a(serial-line.o)
                              udp-client.co (serial_line_event_message)
obj_cooja/mtype824.a(list.o)  obj_cooja/mtype824.a(ctimer.o) (list_init)
obj_cooja/mtype824.a(ringbuf.o)
                              obj_cooja/mtype824.a(serial-line.o) (ringbuf_init)
obj_cooja/mtype824.a(sicslowpan.o)
                              obj_cooja/mtype824.o (sicslowpan_driver)
obj_cooja/mtype824.a(uip-ds6-nbr.o)
                              obj_cooja/mtype824.a(sicslowpan.o) (uip_ds6_link_neighbor_callback)
obj_cooja/mtype824.a(uip-ds6-route.o)
                              udp-client.co (uip_ds6_route_nexthop)
obj_cooja/mtype824.a(uip-ds6.o)
                              udp-client.co (uip_ds6_if)
obj_cooja/mtype824.a(uip6.o)  udp-client.co (uip_lladdr)
obj_cooja/mtype824.a(tcpip.o)
                              udp-client.co (tcpip_event)
obj_cooja/mtype824.a(uip-debug.o)
                              udp-client.co (uip_debug_ipaddr_print)
obj_cooja/mtype824.a(uip-packetqueue)
                              obj_cooja/mtype824.a(uip-ds6-nbr.o) (uip_packetqueue_new)
obj_cooja/mtype824.a(uip-udp-packet.)
                              udp-client.co (uip_udp_packet_sendto)
obj_cooja/mtype824.a(rpl-dag.o)
                              obj_cooja/mtype824.a(tcpip.o) (rpl_repair_root)
obj_cooja/mtype824.a(rpl-ext-header.)
                              obj_cooja/mtype824.a(uip6.o) (rpl_verify_header)
obj_cooja/mtype824.a(rpl-icmp6.o)
                              obj_cooja/mtype824.a(rpl-dag.o) (rpl_icmp6_update_nbr_table)
obj_cooja/mtype824.a(rpl-mrhof.o)
                              obj_cooja/mtype824.a(rpl-dag.o) (rpl_mrhof)
obj_cooja/mtype824.a(rpl-timers.o)
                              obj_cooja/mtype824.a(rpl-dag.o) (rpl_reset_dio_timer)
obj_cooja/mtype824.a(rpl.o)   obj_cooja/mtype824.a(rpl-icmp6.o) (rpl_get_mode)
obj_cooja/mtype824.a(linkaddr.o)
                              obj_cooja/mtype824.o (linkaddr_node_addr)
obj_cooja/mtype824.a(nbr-table.o)
                              obj_cooja/mtype824.a(uip-ds6-nbr.o) (nbr_table_register)
obj_cooja/mtype824.a(netstack.o)
                              obj_cooja/mtype824.o (netstack_init)
obj_cooja/mtype824.a(packetbuf.o)
[...]
Memory Configuration

Name             Origin             Length             Attributes
*default*        0x0000000000000000 0xffffffffffffffff

Linker script and memory map

LOAD /usr/lib/gcc/i686-linux-gnu/4.8/../../../i386-linux-gnu/crti.o
LOAD /usr/lib/gcc/i686-linux-gnu/4.8/crtbeginS.o
LOAD udp-client.co
LOAD obj_cooja/mtype824.o
LOAD obj_cooja/mtype824.a
LOAD /usr/lib/gcc/i686-linux-gnu/4.8/libgcc.a
LOAD /usr/lib/gcc/i686-linux-gnu/4.8/libgcc_s.so
LOAD /usr/lib/gcc/i686-linux-gnu/4.8/../../../i386-linux-gnu/libc.so
START GROUP
LOAD /lib/i386-linux-gnu/libc.so.6
LOAD /usr/lib/i386-linux-gnu/libc_nonshared.a
LOAD /lib/i386-linux-gnu/ld-linux.so.2
END GROUP
LOAD /usr/lib/gcc/i686-linux-gnu/4.8/libgcc.a
LOAD /usr/lib/gcc/i686-linux-gnu/4.8/libgcc_s.so
LOAD /usr/lib/gcc/i686-linux-gnu/4.8/crtendS.o
LOAD /usr/lib/gcc/i686-linux-gnu/4.8/../../../i386-linux-gnu/crtn.o
                0x0000000000000114                . = (0x0 + SIZEOF_HEADERS)

.note.gnu.build-id
                0x0000000000000114       0x24
 *(.note.gnu.build-id)
 .note.gnu.build-id
                0x0000000000000114       0x24 /usr/lib/gcc/i686-linux-gnu/4.8/../../../i386-linux-gnu/crti.o

.hash
 *(.hash)

.gnu.hash       0x0000000000000138     0x1258
 *(.gnu.hash)
 .gnu.hash      0x0000000000000138     0x1258 /usr/lib/gcc/i686-linux-gnu/4.8/../../../i386-linux-gnu/crti.o

.dynsym         0x0000000000001390     0x21a0
 *(.dynsym)
 .dynsym        0x0000000000001390     0x21a0 /usr/lib/gcc/i686-linux-gnu/4.8/../../../i386-linux-gnu/crti.o

.dynstr         0x0000000000003530     0x22ad
 *(.dynstr)
 .dynstr        0x0000000000003530     0x22ad /usr/lib/gcc/i686-linux-gnu/4.8/../../../i386-linux-gnu/crti.o

.gnu.version    0x00000000000057de      0x434
 *(.gnu.version)
 .gnu.version   0x00000000000057de      0x434 /usr/lib/gcc/i686-linux-gnu/4.8/../../../i386-linux-gnu/crti.o

.gnu.version_d  0x0000000000005c14        0x0
 *(.gnu.version_d)
 .gnu.version_d
                0x0000000000000000        0x0 /usr/lib/gcc/i686-linux-gnu/4.8/../../../i386-linux-gnu/crti.o

.gnu.version_r  0x0000000000005c14       0x40
 *(.gnu.version_r)
 .gnu.version_r
                0x0000000000005c14       0x40 /usr/lib/gcc/i686-linux-gnu/4.8/../../../i386-linux-gnu/crti.o

.rel.dyn        0x0000000000005c54     0x9660
 *(.rel.init)
 .rel.init      0x0000000000000000        0x0 /usr/lib/gcc/i686-linux-gnu/4.8/../../../i386-linux-gnu/crti.o
 *(.rel.text .rel.text.* .rel.gnu.linkonce.t.*)
 .rel.text      0x0000000000005c54     0x8ee0 /usr/lib/gcc/i686-linux-gnu/4.8/../../../i386-linux-gnu/crti.o
 *(.rel.fini)
 .rel.fini      0x0000000000000000        0x0 /usr/lib/gcc/i686-linux-gnu/4.8/../../../i386-linux-gnu/crti.o
 *(.rel.rodata .rel.rodata.* .rel.gnu.linkonce.r.*)
 .rel.rodata    0x000000000000eb34      0x4e0 /usr/lib/gcc/i686-linux-gnu/4.8/../../../i386-linux-gnu/crti.o
 *(.rel.data.rel.ro .rel.data.rel.ro.* .rel.gnu.linkonce.d.rel.ro.*)
 *(.rel.data .rel.data.* .rel.gnu.linkonce.d.*)
 .rel.data.rel  0x000000000000f014        0x8 /usr/lib/gcc/i686-linux-gnu/4.8/../../../i386-linux-gnu/crti.o
 .rel.data      0x000000000000f01c      0x260 /usr/lib/gcc/i686-linux-gnu/4.8/../../../i386-linux-gnu/crti.o
 *(.rel.tdata .rel.tdata.* .rel.gnu.linkonce.td.*)
 *(.rel.tbss .rel.tbss.* .rel.gnu.linkonce.tb.*)
 *(.rel.ctors)
 *(.rel.dtors)
 *(.rel.got)
 .rel.got       0x000000000000f27c       0x28 /usr/lib/gcc/i686-linux-gnu/4.8/../../../i386-linux-gnu/crti.o
 *(.rel.bss .rel.bss.* .rel.gnu.linkonce.b.*)
 *(.rel.ifunc)
 .rel.ifunc     0x0000000000000000        0x0 /usr/lib/gcc/i686-linux-gnu/4.8/../../../i386-linux-gnu/crti.o
 .rel.fini_array
                0x000000000000f2a4        0x8 /usr/lib/gcc/i686-linux-gnu/4.8/../../../i386-linux-gnu/crti.o
 .rel.init_array
                0x000000000000f2ac        0x8 /usr/lib/gcc/i686-linux-gnu/4.8/../../../i386-linux-gnu/crti.o

.rel.plt        0x000000000000f2b4       0x10
 *(.rel.plt)
 .rel.plt       0x000000000000f2b4       0x10 /usr/lib/gcc/i686-linux-gnu/4.8/../../../i386-linux-gnu/crti.o
 *(.rel.iplt)

.init           0x000000000000f2c4       0x23
 *(SORT(.init))
 .init          0x000000000000f2c4       0x1e /usr/lib/gcc/i686-linux-gnu/4.8/../../../i386-linux-gnu/crti.o
                0x000000000000f2c4                _init
 .init          0x000000000000f2e2        0x5 /usr/lib/gcc/i686-linux-gnu/4.8/../../../i386-linux-gnu/crtn.o

.plt            0x000000000000f2f0       0x30
 *(.plt)
 .plt           0x000000000000f2f0       0x30 /usr/lib/gcc/i686-linux-gnu/4.8/../../../i386-linux-gnu/crti.o
 *(.iplt)

.text           0x000000000000f320    0x16058
 *(.text.unlikely .text.*_unlikely .text.unlikely.*)
 *(.text.exit .text.exit.*)
 *(.text.startup .text.startup.*)
 *(.text.hot .text.hot.*)
 *(.text .stub .text.* .gnu.linkonce.t.*)
 .text          0x000000000000f320        0x0 /usr/lib/gcc/i686-linux-gnu/4.8/../../../i386-linux-gnu/crti.o
 .gnu.linkonce.t.__x86.get_pc_thunk.bx
                0x000000000000f320        0x4 /usr/lib/gcc/i686-linux-gnu/4.8/../../../i386-linux-gnu/crti.o
                0x000000000000f320                __x86.get_pc_thunk.bx
 *fill*         0x000000000000f324        0xc 
 .text          0x000000000000f330      0x11b /usr/lib/gcc/i686-linux-gnu/4.8/crtbeginS.o
 .text          0x000000000000f44b      0x5a4 udp-client.co
 .text          0x000000000000f9ef      0x70e obj_cooja/mtype824.o
                0x000000000000fb25                contiki_init
                0x000000000000ff14                Java_org_contikios_cooja_corecomm_Lib22_init
                0x000000000000ff54                Java_org_contikios_cooja_corecomm_Lib22_getMemory
                0x000000000000ff94                Java_org_contikios_cooja_corecomm_Lib22_setMemory
                0x000000000001000b                Java_org_contikios_cooja_corecomm_Lib22_tick
                0x00000000000100eb                Java_org_contikios_cooja_corecomm_Lib22_setReferenceAddress
 .text          0x00000000000100fd       0x63 obj_cooja/mtype824.a(simEnvChange.o)
                0x00000000000100fd                doActionsBeforeTick
                0x000000000001012e                doActionsAfterTick
 .text          0x0000000000010160       0xbc obj_cooja/mtype824.a(cooja_mt.o)
                0x0000000000010160                cooja_mt_init
                0x000000000001016d                cooja_mt_remove
                0x000000000001017a                cooja_mt_start
                0x00000000000101a7                cooja_mt_exec
                0x00000000000101d8                cooja_mt_exit
                0x00000000000101fa                cooja_mt_yield
 .text          0x000000000001021c      0x115 obj_cooja/mtype824.a(cooja_mtarch.o)
                0x000000000001021c                cooja_mtarch_init
                0x0000000000010221                cooja_mtarch_start
                0x000000000001029c                cooja_sw
                0x00000000000102be                cooja_mtarch_exec
                0x00000000000102da                cooja_mtarch_remove
                0x00000000000102df                cooja_mtarch_yield
                0x00000000000102e9                cooja_mtarch_pstop
                0x00000000000102ee                cooja_mtarch_pstart
                0x00000000000102f3                cooja_mtarch_stack_usage
 .text          0x0000000000010331       0xc2 obj_cooja/mtype824.a(rtimer-arch.o)
                0x0000000000010331                rtimer_arch_init
                0x0000000000010354                rtimer_arch_schedule
                0x000000000001036b                rtimer_arch_next
                0x0000000000010375                rtimer_arch_pending
                0x000000000001037f                rtimer_arch_check
                0x00000000000103b1                rtimer_arch_now
 .text          0x00000000000103f3       0x76 obj_cooja/mtype824.a(beep.o)
                0x00000000000103f3                beep_alarm
                0x00000000000103ff                beep_beep
                0x000000000001040b                beep
                0x0000000000010417                beep_down
                0x0000000000010423                beep_on
                0x000000000001042f                beep_off
                0x000000000001043b                beep_spinup
                0x0000000000010447                beep_quick
                0x0000000000010453                beep_long
 .text          0x0000000000010469      0x103 obj_cooja/mtype824.a(button-sensor.o)
 .text          0x000000000001056c       0x45 obj_cooja/mtype824.a(leds-arch.o)
                0x000000000001056c                leds_arch_init
                0x0000000000010578                leds_arch_get
                0x0000000000010584                leds_arch_set
 .text          0x00000000000105b1       0x2f obj_cooja/mtype824.a(moteid.o)
 .text          0x00000000000105e0       0xb1 obj_cooja/mtype824.a(pir-sensor.o)
 .text          0x0000000000010691      0x131 obj_cooja/mtype824.a(rs232.o)
                0x0000000000010691                rs232_init
                0x0000000000010696                rs232_set_speed
                0x00000000000106a4                rs232_set_input
                0x00000000000106b1                rs232_send
                0x00000000000106d3                rs232_print
                0x00000000000106ee                slip_arch_writeb
 .text          0x00000000000107c2       0xb1 obj_cooja/mtype824.a(vib-sensor.o)
 .text          0x0000000000010873       0x34 obj_cooja/mtype824.a(clock.o)
                0x0000000000010873                clock_init
                0x0000000000010878                clock_time
                0x0000000000010882                clock_seconds
                0x0000000000010898                clock_delay
 .text          0x00000000000108a7      0x1ed obj_cooja/mtype824.a(log.o)
                0x00000000000108a7                simlog_char
                0x00000000000108e9                simlog
                0x0000000000010956                log_message
                0x000000000001097e                log_set_putchar_with_slip
                0x000000000001098b                log_putchar
                0x0000000000010a0f                log_puts
                0x0000000000010a33                log_printf
 .text          0x0000000000010a94      0x2c4 obj_cooja/mtype824.a(cfs-cooja.o)
                0x0000000000010a94                cfs_open
                0x0000000000010afd                cfs_close
                0x0000000000010b09                cfs_read
                0x0000000000010ba7                cfs_write
                0x0000000000010c84                cfs_seek
                0x0000000000010d0c                cfs_remove
                0x0000000000010d35                cfs_opendir
                0x0000000000010d3f                cfs_readdir
                0x0000000000010d49                cfs_closedir
 .text          0x0000000000010d58      0x4d0 obj_cooja/mtype824.a(cooja-radio.o)
                0x0000000000010d82                radio_set_channel
                0x0000000000010d97                radio_set_txpower
                0x0000000000010dae                radio_signal_strength_last
                0x0000000000010db8                radio_signal_strength_current
                0x0000000000010dc2                radio_LQI
 .text          0x0000000000011228       0xef obj_cooja/mtype824.a(eeprom.o)
                0x0000000000011228                eeprom_init
                0x000000000001122d                eeprom_read
                0x000000000001129d                eeprom_write
 .text          0x0000000000011317       0x28 obj_cooja/mtype824.a(random.o)
                0x0000000000011317                random_init
                0x0000000000011332                random_rand
 .text          0x000000000001133f      0x2a1 obj_cooja/mtype824.a(sensors.o)
                0x000000000001137a                sensors_first
                0x0000000000011384                sensors_next
                0x00000000000113a1                sensors_changed
                0x00000000000113d0                sensors_find
 .text          0x00000000000115e0      0x15d obj_cooja/mtype824.a(dual_conf.o)
                0x00000000000115e0                dual_radio_switch
                0x0000000000011665                dual_radio_change
                0x000000000001169f                sending_in_LR
                0x00000000000116c5                dual_radio_received
                0x0000000000011707                radio_received_is_longrange
 .text          0x000000000001173d       0x8e obj_cooja/mtype824.a(autostart.o)
                0x000000000001173d                autostart_start
                0x0000000000011788                autostart_exit
 .text          0x00000000000117cb      0x334 obj_cooja/mtype824.a(ctimer.o)
                0x00000000000118e2                ctimer_init
                0x0000000000011912                ctimer_set
                0x0000000000011943                ctimer_set_with_process
                0x00000000000119bf                ctimer_reset
                0x0000000000011a0e                ctimer_restart
                0x0000000000011a5d                ctimer_stop
                0x0000000000011aa8                ctimer_expired
 .text          0x0000000000011aff      0x40b obj_cooja/mtype824.a(etimer.o)
                0x0000000000011d12                etimer_request_poll
                0x0000000000011d96                etimer_set
                0x0000000000011dbb                etimer_reset_with_new_interval
                0x0000000000011de2                etimer_reset
                0x0000000000011e00                etimer_restart
                0x0000000000011e1e                etimer_adjust
                0x0000000000011e3a                etimer_expired
                0x0000000000011e4d                etimer_expiration_time
                0x0000000000011e5f                etimer_start_time
                0x0000000000011e69                etimer_pending
                0x0000000000011e7b                etimer_next_expiration_time
                0x0000000000011e95                etimer_stop
 .text          0x0000000000011f0a      0x560 obj_cooja/mtype824.a(process.o)
                0x0000000000011f0a                process_alloc_event
                0x0000000000011f1f                process_start
                0x0000000000012108                process_exit
                0x0000000000012124                process_init
                0x00000000000122f5                process_run
                0x0000000000012328                process_nevents
                0x0000000000012343                process_post
                0x00000000000123ef                process_post_synch
                0x0000000000012427                process_poll
                0x0000000000012456                process_is_running
 .text          0x000000000001246a       0xba obj_cooja/mtype824.a(rtimer.o)
                0x000000000001246a                rtimer_init
                0x0000000000012477                rtimer_set
                0x00000000000124ce                rtimer_run_next
 .text          0x0000000000012524       0xa3 obj_cooja/mtype824.a(stimer.o)
                0x0000000000012524                stimer_set
                0x000000000001253f                stimer_reset
                0x0000000000012556                stimer_restart
                0x0000000000012568                stimer_expired
                0x000000000001258f                stimer_remaining
                0x00000000000125b3                stimer_elapsed
 .text          0x00000000000125c7       0x91 obj_cooja/mtype824.a(timer.o)
                0x00000000000125c7                timer_set
                0x00000000000125e2                timer_reset
                0x00000000000125f9                timer_restart
                0x000000000001260b                timer_expired
                0x0000000000012634                timer_remaining
 .text          0x0000000000012658      0x1fb obj_cooja/mtype824.a(serial-line.o)
                0x0000000000012658                serial_line_input_byte
                0x000000000001281b                serial_line_init
 .text          0x0000000000012853      0x244 obj_cooja/mtype824.a(list.o)
                0x0000000000012853                list_init
                0x0000000000012861                list_head
                0x000000000001286b                list_copy
                0x000000000001287a                list_tail
                0x00000000000128b0                list_add
                0x00000000000128f9                list_push
                0x0000000000012925                list_chop
                0x000000000001298f                list_pop
                0x00000000000129b7                list_remove
                0x0000000000012a1e                list_length
                0x0000000000012a4c                list_insert
                0x0000000000012a80                list_item_next
 .text          0x0000000000012a97      0x155 obj_cooja/mtype824.a(ringbuf.o)
                0x0000000000012a97                ringbuf_init
                0x0000000000012ac8                ringbuf_put
                0x0000000000012b46                ringbuf_get
                0x0000000000012bb3                ringbuf_size
                0x0000000000012bc5                ringbuf_elements
 .text          0x0000000000012bec     0x2c51 obj_cooja/mtype824.a(sicslowpan.o)
                0x00000000000131ec                rime_sniffer_add
                0x00000000000131f9                rime_sniffer_remove
                0x00000000000157dc                sicslowpan_init
                0x0000000000015833                sicslowpan_get_last_rssi
 .text          0x000000000001583d      0x298 obj_cooja/mtype824.a(uip-ds6-nbr.o)
                0x000000000001585a                uip_ds6_neighbors_init
                0x0000000000015877                uip_ds6_nbr_add
                0x00000000000158ff                uip_ds6_nbr_rm
                0x0000000000015941                uip_ds6_nbr_get_ipaddr
                0x0000000000015956                uip_ds6_nbr_get_ll
                0x0000000000015972                uip_ds6_nbr_num
                0x00000000000159b7                uip_ds6_nbr_lookup
                0x0000000000015a1c                uip_ds6_nbr_ll_lookup
                0x0000000000015a38                uip_ds6_nbr_ipaddr_from_lladdr
                0x0000000000015a5e                uip_ds6_nbr_lladdr_from_ipaddr
                0x0000000000015a8c                uip_ds6_link_neighbor_callback
 .text          0x0000000000015ad5      0x916 obj_cooja/mtype824.a(uip-ds6-route.o)
                0x0000000000015b4c                uip_ds6_notification_add
                0x0000000000015b7d                uip_ds6_notification_rm
                0x0000000000015b99                uip_ds6_route_init
                0x0000000000015c21                uip_ds6_route_nexthop
                0x0000000000015c49                uip_ds6_route_head
                0x0000000000015c5e                uip_ds6_route_next
                0x0000000000015c84                uip_ds6_route_is_nexthop
                0x0000000000015cc3                uip_ds6_route_num_routes
                0x0000000000015ccd                uip_ds6_route_lookup
                0x0000000000015d8f                uip_ds6_route_add
                0x0000000000015fc3                uip_ds6_route_rm
                0x0000000000016157                uip_ds6_route_rm_by_nexthop
                0x000000000001618f                uip_ds6_defrt_add
                0x0000000000016240                uip_ds6_defrt_rm
                0x00000000000162bf                uip_ds6_defrt_lookup
                0x0000000000016318                uip_ds6_defrt_choose
                0x0000000000016383                uip_ds6_defrt_periodic
 .text          0x00000000000163eb      0xb97 obj_cooja/mtype824.a(uip-ds6.o)
                0x00000000000163eb                uip_ds6_init
                0x00000000000165be                uip_ds6_periodic
                0x0000000000016637                uip_ds6_list_loop
                0x00000000000166de                uip_ds6_prefix_add
                0x000000000001679c                uip_ds6_prefix_rm
                0x00000000000167ae                uip_ds6_prefix_lookup
                0x00000000000167ff                uip_ds6_is_addr_onlink
                0x0000000000016873                uip_ds6_addr_add
                0x00000000000169a1                uip_ds6_addr_rm
                0x0000000000016a41                uip_ds6_addr_lookup
                0x0000000000016a8c                uip_ds6_get_link_local
                0x0000000000016b0b                uip_ds6_get_global
                0x0000000000016b8a                uip_ds6_maddr_add
                0x0000000000016bfc                uip_ds6_maddr_rm
                0x0000000000016c0e                uip_ds6_maddr_lookup
                0x0000000000016c59                uip_ds6_aaddr_add
                0x0000000000016ccb                uip_ds6_aaddr_rm
                0x0000000000016cdd                uip_ds6_aaddr_lookup
                0x0000000000016d28                uip_ds6_select_src
                0x0000000000016e6d                uip_ds6_set_addr_iid
                0x0000000000016ea4                get_match_length
                0x0000000000016f36                uip_ds6_compute_reachable_time
 .text          0x0000000000016f82     0x296f obj_cooja/mtype824.a(uip6.o)
                0x0000000000016f82                uip_add32
                0x000000000001711b                uip_chksum
                0x0000000000017209                uip_icmp6chksum
                0x000000000001721d                uip_tcpchksum
                0x0000000000017231                uip_udpchksum
                0x0000000000017245                uip_init
                0x0000000000017315                uip_connect
                0x00000000000174c4                remove_ext_hdr
                0x0000000000017599                uip_udp_new
                0x00000000000176f5                uip_unlisten
                0x0000000000017755                uip_listen
                0x0000000000017a17                uip_process
                0x00000000000197e5                uip_htons
                0x0000000000019807                uip_htonl
                0x0000000000019847                uip_send
 .text          0x00000000000198f1      0x9bb obj_cooja/mtype824.a(tcpip.o)
                0x00000000000198f1                tcpip_output
                0x000000000001991f                tcpip_set_outputfunc
                0x00000000000199b3                tcp_connect
                0x0000000000019a08                tcp_unlisten
                0x0000000000019a63                tcp_listen
                0x0000000000019abc                tcp_attach
                0x0000000000019ae1                udp_attach
                0x0000000000019b06                udp_new
                0x0000000000019b58                udp_broadcast_new
                0x0000000000019dcc                tcpip_input
                0x0000000000019e00                tcpip_ipv6_output
                0x000000000001a0f2                tcpip_poll_udp
                0x000000000001a115                tcpip_poll_tcp
                0x000000000001a138                tcpip_uipcall
 .text          0x000000000001a2ac      0x1c1 obj_cooja/mtype824.a(uip-debug.o)
                0x000000000001a2ac                uip_debug_ipaddr_print
                0x000000000001a40e                uip_debug_lladdr_print
 .text          0x000000000001a46d      0x141 obj_cooja/mtype824.a(uip-packetqueue)
                0x000000000001a499                uip_packetqueue_new
                0x000000000001a4a7                uip_packetqueue_alloc
                0x000000000001a507                uip_packetqueue_free
                0x000000000001a548                uip_packetqueue_buf
                0x000000000001a565                uip_packetqueue_buflen
                0x000000000001a586                uip_packetqueue_set_buflen
 .text          0x000000000001a5ae      0x131 obj_cooja/mtype824.a(uip-udp-packet.)
                0x000000000001a5ae                uip_udp_packet_send
                0x000000000001a60e                uip_udp_packet_sendto
 .text          0x000000000001a6df     0x2ce0 obj_cooja/mtype824.a(rpl-dag.o)
                0x000000000001a6df                rpl_print_neighbor_list
                0x000000000001a8b4                rpl_get_nbr
                0x000000000001a90e                rpl_dag_init
                0x000000000001a92b                rpl_get_parent
                0x000000000001a94d                rpl_get_parent_rank
                0x000000000001a980                rpl_get_parent_link_metric
                0x000000000001a9b3                rpl_get_parent_ipaddr
                0x000000000001ad5f                rpl_set_root
                0x000000000001afd3                rpl_repair_root
                0x000000000001b282                rpl_set_prefix
                0x000000000001b3a5                rpl_set_default_route
                0x000000000001b49a                rpl_alloc_instance
                0x000000000001b52d                rpl_alloc_dag
                0x000000000001b5de                rpl_set_default_instance
                0x000000000001b5eb                rpl_get_default_instance
                0x000000000001b5f5                rpl_free_instance
                0x000000000001b6c1                rpl_free_dag
                0x000000000001b74a                rpl_add_parent
                0x000000000001b85c                rpl_find_parent
                0x000000000001b8b4                rpl_find_parent_any_dag
                0x000000000001b8f0                rpl_select_dag
                0x000000000001bd0d                rpl_select_parent
                0x000000000001bd6f                rpl_remove_parent
                0x000000000001bdc1                rpl_nullify_parent
                0x000000000001bebd                rpl_move_parent
                0x000000000001bfc8                rpl_has_downward_route
                0x000000000001c01b                rpl_get_any_dag
                0x000000000001c07d                rpl_get_instance
                0x000000000001c0e0                rpl_find_of
                0x000000000001c11d                rpl_join_instance
                0x000000000001c454                rpl_add_dag
                0x000000000001c925                rpl_local_repair
                0x000000000001ca01                rpl_recalculate_ranks
                0x000000000001caaa                rpl_process_parent_event
                0x000000000001ccc0                rpl_process_dio
 .text          0x000000000001d3bf      0xbf3 obj_cooja/mtype824.a(rpl-ext-header.)
                0x000000000001d3dc                rpl_verify_header
                0x000000000001d856                rpl_update_header_empty
                0x000000000001db6d                rpl_update_header_final
                0x000000000001dcfc                rpl_remove_header
                0x000000000001de06                rpl_invert_header
                0x000000000001df90                rpl_insert_header
 .text          0x000000000001dfb2     0x22e1 obj_cooja/mtype824.a(rpl-icmp6.o)
                0x000000000001e211                rpl_icmp6_update_nbr_table
                0x000000000001e3de                dis_output
                0x000000000001ed20                dio_output
                0x000000000001fdd6                dao_output
                0x000000000001fe9d                dao_output_target
                0x0000000000020247                dao_ack_output
                0x000000000002025b                rpl_icmp6_register_handlers
 .text          0x0000000000020293      0x315 obj_cooja/mtype824.a(rpl-mrhof.o)
 .text          0x00000000000205a8      0x97f obj_cooja/mtype824.a(rpl-timers.o)
                0x000000000002090a                rpl_reset_periodic_timer
                0x000000000002095f                rpl_reset_dio_timer
                0x0000000000020bf7                rpl_schedule_dao
                0x0000000000020c12                rpl_schedule_dao_immediately
                0x0000000000020c2d                rpl_cancel_dao
                0x0000000000020c8f                rpl_schedule_unicast_dio_immediately
                0x0000000000020ecf                rpl_schedule_probing
 .text          0x0000000000020f27      0x6e0 obj_cooja/mtype824.a(rpl.o)
                0x0000000000020f27                rpl_get_mode
                0x0000000000020f31                rpl_set_mode
                0x0000000000020ff5                rpl_purge_routes
                0x0000000000021124                rpl_remove_routes
                0x000000000002116a                rpl_remove_routes_by_nexthop
                0x00000000000211d6                rpl_add_route
                0x00000000000212a1                rpl_link_neighbor_callback
                0x00000000000213b5                rpl_ipv6_neighbor_callback
                0x0000000000021461                rpl_purge_dags
                0x0000000000021575                rpl_init
 .text          0x0000000000021607       0x67 obj_cooja/mtype824.a(linkaddr.o)
                0x0000000000021607                linkaddr_copy
                0x0000000000021629                linkaddr_cmp
                0x0000000000021653                linkaddr_set_node_addr
 .text          0x000000000002166e      0x769 obj_cooja/mtype824.a(nbr-table.o)
                0x0000000000021acd                nbr_table_register
                0x0000000000021b15                nbr_table_head
                0x0000000000021b71                nbr_table_next
                0x0000000000021bd8                nbr_table_add_lladdr
                0x0000000000021cb4                nbr_table_get_from_lladdr
                0x0000000000021d01                nbr_table_remove
                0x0000000000021d53                nbr_table_lock
                0x0000000000021d7d                nbr_table_unlock
                0x0000000000021da7                nbr_table_get_lladdr
 .text          0x0000000000021dd7       0x2b obj_cooja/mtype824.a(netstack.o)
                0x0000000000021dd7                netstack_init
 .text          0x0000000000021e02      0x3cd obj_cooja/mtype824.a(packetbuf.o)
                0x0000000000021e02                packetbuf_clear
                0x0000000000021e2c                packetbuf_copyfrom
                0x0000000000021e7e                packetbuf_compact
                0x0000000000021efb                packetbuf_copyto
                0x0000000000021f92                packetbuf_hdralloc
                0x000000000002200f                packetbuf_hdrreduce
                0x0000000000022057                packetbuf_set_datalen
                0x0000000000022070                packetbuf_dataptr
                0x000000000002208d                packetbuf_hdrptr
                0x0000000000022097                packetbuf_datalen
                0x00000000000220a3                packetbuf_hdrlen
                0x00000000000220ba                packetbuf_totlen
                0x00000000000220d0                packetbuf_attr_clear
                0x0000000000022122                packetbuf_attr_copyto
                0x000000000002216b                packetbuf_attr_copyfrom
                0x00000000000221b3                packetbuf_holds_broadcast
 .text          0x00000000000221cf      0x2b4 obj_cooja/mtype824.a(queuebuf.o)
                0x00000000000221d9                queuebuf_init
                0x00000000000221f9                queuebuf_numfree
                0x000000000002220d                queuebuf_new_from_packetbuf
                0x000000000002229d                queuebuf_update_attr_from_packetbuf
                0x00000000000222d0                queuebuf_update_from_packetbuf
                0x000000000002231a                queuebuf_free
                0x0000000000022361                queuebuf_to_packetbuf
                0x00000000000223c7                queuebuf_dataptr
                0x00000000000223fe                queuebuf_datalen
                0x0000000000022421                queuebuf_addr
                0x0000000000022453                queuebuf_attr
                0x000000000002247e                queuebuf_debug_print
 .text          0x0000000000022483      0x831 obj_cooja/mtype824.a(csma.o)
 .text          0x0000000000022cb4      0x3ed obj_cooja/mtype824.a(framer-802154.o)
 .text          0x00000000000230a1       0x3c obj_cooja/mtype824.a(mac.o)
                0x00000000000230a1                mac_call_sent_callback
 .text          0x00000000000230dd      0x41b obj_cooja/mtype824.a(nullrdc.o)
 .text          0x00000000000234f8       0x6e obj_cooja/mtype824.a(nullsec.o)
 .text          0x0000000000023566       0x19 obj_cooja/mtype824.a(watchdog.o)
                0x0000000000023566                watchdog_init
                0x000000000002356b                watchdog_start
                0x0000000000023570                watchdog_periodic
                0x0000000000023575                watchdog_stop
                0x000000000002357a                watchdog_reboot
 .text          0x000000000002357f        0x0 obj_cooja/mtype824.a(rimestats.o)
 .text          0x000000000002357f      0x1c1 obj_cooja/mtype824.a(memb.o)
                0x000000000002357f                memb_init
                0x00000000000235dd                memb_alloc
                0x0000000000023642                memb_free
                0x00000000000236bd                memb_inmemb
                0x00000000000236fc                memb_numfree
 .text          0x0000000000023740      0xab2 obj_cooja/mtype824.a(uip-icmp6.o)
                0x00000000000237ae                uip_icmp6_input
                0x0000000000023804                uip_icmp6_register_input_handler
                0x0000000000023acc                uip_icmp6_error_output
                0x0000000000023e11                uip_icmp6_send
                0x0000000000024185                uip_icmp6_echo_reply_callback_add
                0x00000000000241b6                uip_icmp6_echo_reply_callback_rm
                0x00000000000241d2                uip_icmp6_init
 .text          0x00000000000241f2      0x358 obj_cooja/mtype824.a(uip-nd6.o)
                0x0000000000024246                uip_nd6_ns_output
                0x0000000000024545                uip_nd6_init
 .text          0x000000000002454a      0x331 obj_cooja/mtype824.a(rpl-nbr-policy.)
                0x0000000000024722                find_removable_dis
                0x0000000000024745                find_removable_dio
                0x00000000000247d4                find_removable_dao
                0x0000000000024824                rpl_nbr_policy_find_removable
 .text          0x000000000002487b      0x97c obj_cooja/mtype824.a(frame802154.o)
                0x00000000000248ac                frame802154_get_pan_id
                0x00000000000248b8                frame802154_set_pan_id
                0x00000000000248d1                frame802154_has_panid
                0x00000000000249bd                frame802154_check_dest_panid
                0x0000000000024a25                frame802154_is_broadcast_addr
                0x0000000000024a72                frame802154_extract_linkaddr
                0x0000000000024cb2                frame802154_hdrlen
                0x0000000000024d03                frame802154_create
                0x0000000000024eee                frame802154_parse
 .text          0x00000000000251f7      0x181 obj_cooja/mtype824.a(mac-sequence.o)
                0x000000000002522e                mac_sequence_is_duplicate
                0x00000000000252b1                mac_sequence_register_seqno
 .text          0x0000000000025378        0x0 /usr/lib/gcc/i686-linux-gnu/4.8/crtendS.o
 .text          0x0000000000025378        0x0 /usr/lib/gcc/i686-linux-gnu/4.8/../../../i386-linux-gnu/crtn.o
 *(.gnu.warning)

.fini           0x0000000000025378       0x14
 *(SORT(.fini))
 .fini          0x0000000000025378        0xf /usr/lib/gcc/i686-linux-gnu/4.8/../../../i386-linux-gnu/crti.o
                0x0000000000025378                _fini
 .fini          0x0000000000025387        0x5 /usr/lib/gcc/i686-linux-gnu/4.8/../../../i386-linux-gnu/crtn.o
                0x000000000002538c                PROVIDE (__etext, .)
                0x000000000002538c                PROVIDE (_etext, .)
                0x000000000002538c                PROVIDE (etext, .)

.rodata         0x00000000000253a0     0x2a18
 *(.rodata .rodata.* .gnu.linkonce.r.*)
 .rodata        0x00000000000253a0      0x17e udp-client.co
                0x00000000000253b4                autostart_processes
 *fill*         0x000000000002551e        0x2 
 .rodata        0x0000000000025520      0x127 obj_cooja/mtype824.o
 *fill*         0x0000000000025647        0x1 
 .rodata        0x0000000000025648        0x8 obj_cooja/mtype824.a(beep.o)
                0x0000000000025648                beep_interface
 .rodata        0x0000000000025650       0x20 obj_cooja/mtype824.a(button-sensor.o)
                0x0000000000025650                button_interface
                0x0000000000025660                button_sensor
 .rodata        0x0000000000025670        0x8 obj_cooja/mtype824.a(leds-arch.o)
                0x0000000000025670                leds_interface
 .rodata        0x0000000000025678        0x8 obj_cooja/mtype824.a(moteid.o)
                0x0000000000025678                moteid_interface
 .rodata        0x0000000000025680       0x1c obj_cooja/mtype824.a(pir-sensor.o)
                0x0000000000025680                pir_interface
                0x000000000002568c                pir_sensor
 .rodata        0x000000000002569c        0xe obj_cooja/mtype824.a(rs232.o)
                0x000000000002569c                rs232_interface
 *fill*         0x00000000000256aa        0x2 
 .rodata        0x00000000000256ac       0x24 obj_cooja/mtype824.a(vib-sensor.o)
                0x00000000000256ac                vib_interface
                0x00000000000256c0                vib_sensor
 .rodata        0x00000000000256d0        0x8 obj_cooja/mtype824.a(clock.o)
                0x00000000000256d0                clock_interface
 .rodata        0x00000000000256d8        0x8 obj_cooja/mtype824.a(log.o)
                0x00000000000256d8                simlog_interface
 .rodata        0x00000000000256e0       0x2f obj_cooja/mtype824.a(cfs-cooja.o)
                0x00000000000256e0                cfs_interface
 *fill*         0x000000000002570f       0x11 
 .rodata        0x0000000000025720       0x60 obj_cooja/mtype824.a(cooja-radio.o)
                0x0000000000025740                cooja_radio_driver
                0x0000000000025778                radio_interface
 .rodata        0x0000000000025780        0x8 obj_cooja/mtype824.a(eeprom.o)
                0x0000000000025780                eeprom_interface
 .rodata        0x0000000000025788        0x8 obj_cooja/mtype824.a(sensors.o)
 .rodata        0x0000000000025790      0x132 obj_cooja/mtype824.a(dual_conf.o)
 .rodata        0x00000000000258c2        0xf obj_cooja/mtype824.a(ctimer.o)
 .rodata        0x00000000000258d1        0xc obj_cooja/mtype824.a(etimer.o)
 .rodata        0x00000000000258dd        0xe obj_cooja/mtype824.a(serial-line.o)
 *fill*         0x00000000000258eb        0x1 
 .rodata        0x00000000000258ec      0x8cc obj_cooja/mtype824.a(sicslowpan.o)
                0x00000000000259c5                unc_llconf
                0x00000000000259c9                unc_ctxconf
                0x00000000000259cd                unc_mxconf
                0x00000000000259d1                llprefix
                0x00000000000261ac                sicslowpan_driver
 .rodata        0x00000000000261b8      0x13c obj_cooja/mtype824.a(uip6.o)
 .rodata        0x00000000000262f4       0x9a obj_cooja/mtype824.a(tcpip.o)
 .rodata        0x000000000002638e       0x3e obj_cooja/mtype824.a(uip-debug.o)
 .rodata        0x00000000000263cc      0xc0b obj_cooja/mtype824.a(rpl-dag.o)
 *fill*         0x0000000000026fd7        0x1 
 .rodata        0x0000000000026fd8      0x8a4 obj_cooja/mtype824.a(rpl-icmp6.o)
 .rodata        0x000000000002787c       0x6f obj_cooja/mtype824.a(rpl-mrhof.o)
 *fill*         0x00000000000278eb        0x1 
 .rodata        0x00000000000278ec      0x260 obj_cooja/mtype824.a(rpl-timers.o)
 .rodata        0x0000000000027b4c      0x1be obj_cooja/mtype824.a(rpl.o)
 .rodata        0x0000000000027d0a        0x8 obj_cooja/mtype824.a(linkaddr.o)
                0x0000000000027d0a                linkaddr_null
 *fill*         0x0000000000027d12        0x2 
 .rodata        0x0000000000027d14       0x24 obj_cooja/mtype824.a(csma.o)
                0x0000000000027d1c                csma_driver
 .rodata        0x0000000000027d38        0xc obj_cooja/mtype824.a(framer-802154.o)
                0x0000000000027d38                framer_802154
 *fill*         0x0000000000027d44       0x1c 
 .rodata        0x0000000000027d60       0x40 obj_cooja/mtype824.a(nullrdc.o)
                0x0000000000027d80                nullrdc_driver
 .rodata        0x0000000000027da0       0x18 obj_cooja/mtype824.a(nullsec.o)
                0x0000000000027da8                nullsec_driver

.rodata1
 *(.rodata1)

.eh_frame_hdr   0x0000000000027db8     0x12c4
 *(.eh_frame_hdr)
 .eh_frame_hdr  0x0000000000027db8     0x12c4 udp-client.co

.eh_frame       0x000000000002907c     0x4c80
 *(.eh_frame)
 .eh_frame      0x000000000002907c       0x3c /usr/lib/gcc/i686-linux-gnu/4.8/../../../i386-linux-gnu/crti.o
                                         0x40 (size before relaxing)
 .eh_frame      0x00000000000290b8       0xa8 udp-client.co
                                         0xc0 (size before relaxing)
 .eh_frame      0x0000000000029160      0x148 obj_cooja/mtype824.o
                                        0x160 (size before relaxing)
 .eh_frame      0x00000000000292a8       0x40 obj_cooja/mtype824.a(simEnvChange.o)
                                         0x58 (size before relaxing)
 .eh_frame      0x00000000000292e8       0xc0 obj_cooja/mtype824.a(cooja_mt.o)
                                         0xd8 (size before relaxing)
 .eh_frame      0x00000000000293a8      0x120 obj_cooja/mtype824.a(cooja_mtarch.o)
                                        0x138 (size before relaxing)
 .eh_frame      0x00000000000294c8       0xc0 obj_cooja/mtype824.a(rtimer-arch.o)
                                         0xd8 (size before relaxing)
 .eh_frame      0x0000000000029588      0x160 obj_cooja/mtype824.a(beep.o)
                                        0x178 (size before relaxing)
 .eh_frame      0x00000000000296e8       0xa0 obj_cooja/mtype824.a(button-sensor.o)
                                         0xb8 (size before relaxing)
 .eh_frame      0x0000000000029788       0xa0 obj_cooja/mtype824.a(leds-arch.o)
                                         0xb8 (size before relaxing)
 .eh_frame      0x0000000000029828       0x40 obj_cooja/mtype824.a(moteid.o)
                                         0x58 (size before relaxing)
 .eh_frame      0x0000000000029868       0xa0 obj_cooja/mtype824.a(pir-sensor.o)
                                         0xb8 (size before relaxing)
 .eh_frame      0x0000000000029908      0x100 obj_cooja/mtype824.a(rs232.o)
                                        0x118 (size before relaxing)
 .eh_frame      0x0000000000029a08       0xa0 obj_cooja/mtype824.a(vib-sensor.o)
                                         0xb8 (size before relaxing)
 .eh_frame      0x0000000000029aa8       0xc0 obj_cooja/mtype824.a(clock.o)
                                         0xd8 (size before relaxing)
 .eh_frame      0x0000000000029b68      0x120 obj_cooja/mtype824.a(log.o)
                                        0x138 (size before relaxing)
 .eh_frame      0x0000000000029c88      0x160 obj_cooja/mtype824.a(cfs-cooja.o)
                                        0x178 (size before relaxing)
 .eh_frame      0x0000000000029de8      0x2e0 obj_cooja/mtype824.a(cooja-radio.o)
                                        0x2f8 (size before relaxing)
 .eh_frame      0x000000000002a0c8       0xa0 obj_cooja/mtype824.a(eeprom.o)
                                         0xb8 (size before relaxing)
 .eh_frame      0x000000000002a168       0x40 obj_cooja/mtype824.a(random.o)
                                         0x58 (size before relaxing)
 .eh_frame      0x000000000002a1a8       0xc0 obj_cooja/mtype824.a(sensors.o)
                                         0xd8 (size before relaxing)
 .eh_frame      0x000000000002a268       0xa0 obj_cooja/mtype824.a(dual_conf.o)
                                         0xb8 (size before relaxing)
 .eh_frame      0x000000000002a308       0x40 obj_cooja/mtype824.a(autostart.o)
                                         0x58 (size before relaxing)
 .eh_frame      0x000000000002a348      0x100 obj_cooja/mtype824.a(ctimer.o)
                                        0x118 (size before relaxing)
 .eh_frame      0x000000000002a448      0x1e0 obj_cooja/mtype824.a(etimer.o)
                                        0x1f8 (size before relaxing)
 .eh_frame      0x000000000002a628      0x1c8 obj_cooja/mtype824.a(process.o)
                                        0x1e0 (size before relaxing)
 .eh_frame      0x000000000002a7f0       0x60 obj_cooja/mtype824.a(rtimer.o)
                                         0x78 (size before relaxing)
 .eh_frame      0x000000000002a850       0xc4 obj_cooja/mtype824.a(stimer.o)
                                         0xdc (size before relaxing)
 .eh_frame      0x000000000002a914       0xa4 obj_cooja/mtype824.a(timer.o)
                                         0xbc (size before relaxing)
 .eh_frame      0x000000000002a9b8       0x60 obj_cooja/mtype824.a(serial-line.o)
                                         0x78 (size before relaxing)
 .eh_frame      0x000000000002aa18      0x180 obj_cooja/mtype824.a(list.o)
                                        0x198 (size before relaxing)
 .eh_frame      0x000000000002ab98       0xa0 obj_cooja/mtype824.a(ringbuf.o)
                                         0xb8 (size before relaxing)
 .eh_frame      0x000000000002ac38      0x350 obj_cooja/mtype824.a(sicslowpan.o)
                                        0x368 (size before relaxing)
 .eh_frame      0x000000000002af88      0x180 obj_cooja/mtype824.a(uip-ds6-nbr.o)
                                        0x198 (size before relaxing)
 .eh_frame      0x000000000002b108      0x2a0 obj_cooja/mtype824.a(uip-ds6-route.o)
                                        0x2b8 (size before relaxing)
 .eh_frame      0x000000000002b3a8      0x2c8 obj_cooja/mtype824.a(uip-ds6.o)
                                        0x2e0 (size before relaxing)
 .eh_frame      0x000000000002b670      0x27c obj_cooja/mtype824.a(uip6.o)
                                        0x294 (size before relaxing)
 .eh_frame      0x000000000002b8ec      0x270 obj_cooja/mtype824.a(tcpip.o)
                                        0x288 (size before relaxing)
 .eh_frame      0x000000000002bb5c       0x48 obj_cooja/mtype824.a(uip-debug.o)
                                         0x60 (size before relaxing)
 .eh_frame      0x000000000002bba4       0xe0 obj_cooja/mtype824.a(uip-packetqueue)
                                         0xf8 (size before relaxing)
 .eh_frame      0x000000000002bc84       0x40 obj_cooja/mtype824.a(uip-udp-packet.)
                                         0x58 (size before relaxing)
 .eh_frame      0x000000000002bcc4      0x674 obj_cooja/mtype824.a(rpl-dag.o)
                                        0x68c (size before relaxing)
 .eh_frame      0x000000000002c338      0x10c obj_cooja/mtype824.a(rpl-ext-header.)
                                        0x124 (size before relaxing)
 .eh_frame      0x000000000002c444      0x288 obj_cooja/mtype824.a(rpl-icmp6.o)
                                        0x2a0 (size before relaxing)
 .eh_frame      0x000000000002c6cc       0xe4 obj_cooja/mtype824.a(rpl-mrhof.o)
                                         0xfc (size before relaxing)
 .eh_frame      0x000000000002c7b0      0x210 obj_cooja/mtype824.a(rpl-timers.o)
                                        0x228 (size before relaxing)
 .eh_frame      0x000000000002c9c0      0x140 obj_cooja/mtype824.a(rpl.o)
                                        0x158 (size before relaxing)
 .eh_frame      0x000000000002cb00       0x60 obj_cooja/mtype824.a(linkaddr.o)
                                         0x78 (size before relaxing)
 .eh_frame      0x000000000002cb60      0x26c obj_cooja/mtype824.a(nbr-table.o)
                                        0x284 (size before relaxing)
 .eh_frame      0x000000000002cdcc       0x20 obj_cooja/mtype824.a(netstack.o)
                                         0x38 (size before relaxing)
 .eh_frame      0x000000000002cdec      0x214 obj_cooja/mtype824.a(packetbuf.o)
                                        0x22c (size before relaxing)
 .eh_frame      0x000000000002d000      0x1a0 obj_cooja/mtype824.a(queuebuf.o)
                                        0x1b8 (size before relaxing)
 .eh_frame      0x000000000002d1a0      0x28c obj_cooja/mtype824.a(csma.o)
                                        0x2a4 (size before relaxing)
 .eh_frame      0x000000000002d42c      0x108 obj_cooja/mtype824.a(framer-802154.o)
                                        0x120 (size before relaxing)
 .eh_frame      0x000000000002d534       0x20 obj_cooja/mtype824.a(mac.o)
                                         0x38 (size before relaxing)
 .eh_frame      0x000000000002d554      0x16c obj_cooja/mtype824.a(nullrdc.o)
                                        0x184 (size before relaxing)
 .eh_frame      0x000000000002d6c0       0x80 obj_cooja/mtype824.a(nullsec.o)
                                         0x98 (size before relaxing)
 .eh_frame      0x000000000002d740       0xa0 obj_cooja/mtype824.a(watchdog.o)
                                         0xb8 (size before relaxing)
 .eh_frame      0x000000000002d7e0       0xa0 obj_cooja/mtype824.a(memb.o)
                                         0xb8 (size before relaxing)
 .eh_frame      0x000000000002d880      0x164 obj_cooja/mtype824.a(uip-icmp6.o)
                                        0x17c (size before relaxing)
 .eh_frame      0x000000000002d9e4       0x68 obj_cooja/mtype824.a(uip-nd6.o)
                                         0x80 (size before relaxing)
 .eh_frame      0x000000000002da4c       0xc0 obj_cooja/mtype824.a(rpl-nbr-policy.)
                                         0xd8 (size before relaxing)
 .eh_frame      0x000000000002db0c      0x164 obj_cooja/mtype824.a(frame802154.o)
                                        0x17c (size before relaxing)
 .eh_frame      0x000000000002dc70       0x88 obj_cooja/mtype824.a(mac-sequence.o)
                                         0xa0 (size before relaxing)
 .eh_frame      0x000000000002dcf8        0x4 /usr/lib/gcc/i686-linux-gnu/4.8/crtendS.o

.gcc_except_table
 *(.gcc_except_table .gcc_except_table.*)

.exception_ranges
 *(.exception_ranges .exception_ranges*)
                0x000000000002dcfc                . = (ALIGN (0x1000) - ((0x1000 - .) & 0xfff))
                0x000000000002eef8                . = DATA_SEGMENT_ALIGN (0x1000, 0x1000)

.eh_frame
 *(.eh_frame)

.gcc_except_table
 *(.gcc_except_table .gcc_except_table.*)

.exception_ranges
 *(.exception_ranges .exception_ranges*)

.tdata
 *(.tdata .tdata.* .gnu.linkonce.td.*)

.tbss
 *(.tbss .tbss.* .gnu.linkonce.tb.*)
 *(.tcommon)

.preinit_array
 *(.preinit_array)

.init_array     0x000000000002eef8        0x4
 *(SORT(.init_array.*) SORT(.ctors.*))
 *(.init_array EXCLUDE_FILE(*crtend?.o *crtend.o *crtbegin?.o *crtbegin.o) .ctors)
 .init_array    0x000000000002eef8        0x4 /usr/lib/gcc/i686-linux-gnu/4.8/crtbeginS.o

.fini_array     0x000000000002eefc        0x4
 *(SORT(.fini_array.*) SORT(.dtors.*))
 *(.fini_array EXCLUDE_FILE(*crtend?.o *crtend.o *crtbegin?.o *crtbegin.o) .dtors)
 .fini_array    0x000000000002eefc        0x4 /usr/lib/gcc/i686-linux-gnu/4.8/crtbeginS.o

.ctors
 *crtbegin.o(.ctors)
 *crtbegin?.o(.ctors)
 *(EXCLUDE_FILE(*crtend?.o *crtend.o) .ctors)
 *(SORT(.ctors.*))
 *(.ctors)

.dtors
 *crtbegin.o(.dtors)
 *crtbegin?.o(.dtors)
 *(EXCLUDE_FILE(*crtend?.o *crtend.o) .dtors)
 *(SORT(.dtors.*))
 *(.dtors)

.jcr            0x000000000002ef00        0x4
 *(.jcr)
 .jcr           0x000000000002ef00        0x0 /usr/lib/gcc/i686-linux-gnu/4.8/crtbeginS.o
 .jcr           0x000000000002ef00        0x4 /usr/lib/gcc/i686-linux-gnu/4.8/crtendS.o

.data.rel.ro
 *(.data.rel.ro.local* .gnu.linkonce.d.rel.ro.local.*)
 *(.data.rel.ro .data.rel.ro.* .gnu.linkonce.d.rel.ro.*)

.dynamic        0x000000000002ef04       0xe8
 *(.dynamic)
 .dynamic       0x000000000002ef04       0xe8 /usr/lib/gcc/i686-linux-gnu/4.8/../../../i386-linux-gnu/crti.o
                0x000000000002ef04                _DYNAMIC

.got            0x000000000002efec       0x14
 *(.got)
 .got           0x000000000002efec       0x14 /usr/lib/gcc/i686-linux-gnu/4.8/../../../i386-linux-gnu/crti.o
 *(.igot)
                0x000000000002fff4                . = DATA_SEGMENT_RELRO_END (., (SIZEOF (.got.plt) >= 0xc)?0xc:0x0)

.got.plt        0x000000000002f000       0x14
 *(.got.plt)
 .got.plt       0x000000000002f000       0x14 /usr/lib/gcc/i686-linux-gnu/4.8/../../../i386-linux-gnu/crti.o
                0x000000000002f000                _GLOBAL_OFFSET_TABLE_
 *(.igot.plt)

.data           0x000000000002f020      0x226
 *(.data .data.* .gnu.linkonce.d.*)
 .data          0x000000000002f020        0x0 /usr/lib/gcc/i686-linux-gnu/4.8/../../../i386-linux-gnu/crti.o
 .data          0x000000000002f020        0x0 /usr/lib/gcc/i686-linux-gnu/4.8/crtbeginS.o
 .data.rel      0x000000000002f020        0x4 /usr/lib/gcc/i686-linux-gnu/4.8/crtbeginS.o
                0x000000000002f020                __dso_handle
 .data          0x000000000002f024       0x10 udp-client.co
                0x000000000002f024                udp_client_process
 *fill*         0x000000000002f034        0xc 
 .data          0x000000000002f040       0x44 obj_cooja/mtype824.o
                0x000000000002f040                simInterfaces
                0x000000000002f074                sensors
 .data          0x000000000002f084        0x0 obj_cooja/mtype824.a(simEnvChange.o)
 .data          0x000000000002f084        0x0 obj_cooja/mtype824.a(cooja_mt.o)
 .data          0x000000000002f084        0x0 obj_cooja/mtype824.a(cooja_mtarch.o)
 .data          0x000000000002f084        0x0 obj_cooja/mtype824.a(rtimer-arch.o)
 .data          0x000000000002f084        0x0 obj_cooja/mtype824.a(beep.o)
 .data          0x000000000002f084        0x0 obj_cooja/mtype824.a(button-sensor.o)
 .data          0x000000000002f084        0x0 obj_cooja/mtype824.a(leds-arch.o)
 .data          0x000000000002f084        0x0 obj_cooja/mtype824.a(moteid.o)
 .data          0x000000000002f084        0x0 obj_cooja/mtype824.a(pir-sensor.o)
 .data          0x000000000002f084        0x0 obj_cooja/mtype824.a(rs232.o)
 .data          0x000000000002f084        0x0 obj_cooja/mtype824.a(vib-sensor.o)
 .data          0x000000000002f084        0x0 obj_cooja/mtype824.a(clock.o)
 .data          0x000000000002f084        0x0 obj_cooja/mtype824.a(log.o)
 .data          0x000000000002f084        0x0 obj_cooja/mtype824.a(cfs-cooja.o)
 .data          0x000000000002f084       0x2c obj_cooja/mtype824.a(cooja-radio.o)
                0x000000000002f084                simRadioHWOn
                0x000000000002f088                simSignalStrength
                0x000000000002f08c                simLastSignalStrength
                0x000000000002f090                simPower
                0x000000000002f094                simRadioChannel
                0x000000000002f098                simRadioChannelLR
                0x000000000002f09c                simLQI
                0x000000000002f0a0                cooja_radio_process
 .data          0x000000000002f0b0        0x0 obj_cooja/mtype824.a(eeprom.o)
 .data          0x000000000002f0b0        0x0 obj_cooja/mtype824.a(random.o)
 .data          0x000000000002f0b0       0x10 obj_cooja/mtype824.a(sensors.o)
                0x000000000002f0b0                sensors_process
 .data          0x000000000002f0c0        0x4 obj_cooja/mtype824.a(dual_conf.o)
                0x000000000002f0c0                radio_received
 .data          0x000000000002f0c4        0x0 obj_cooja/mtype824.a(autostart.o)
 .data          0x000000000002f0c4       0x14 obj_cooja/mtype824.a(ctimer.o)
                0x000000000002f0c8                ctimer_process
 .data          0x000000000002f0d8       0x10 obj_cooja/mtype824.a(etimer.o)
                0x000000000002f0d8                etimer_process
 .data          0x000000000002f0e8        0x0 obj_cooja/mtype824.a(process.o)
 .data          0x000000000002f0e8        0x0 obj_cooja/mtype824.a(rtimer.o)
 .data          0x000000000002f0e8        0x0 obj_cooja/mtype824.a(stimer.o)
 .data          0x000000000002f0e8        0x0 obj_cooja/mtype824.a(timer.o)
 .data          0x000000000002f0e8       0x10 obj_cooja/mtype824.a(serial-line.o)
                0x000000000002f0e8                serial_line_process
 .data          0x000000000002f0f8        0x0 obj_cooja/mtype824.a(list.o)
 .data          0x000000000002f0f8        0x0 obj_cooja/mtype824.a(ringbuf.o)
 .data          0x000000000002f0f8        0x0 obj_cooja/mtype824.a(sicslowpan.o)
 .data          0x000000000002f0f8       0x14 obj_cooja/mtype824.a(uip-ds6-nbr.o)
                0x000000000002f108                ds6_neighbors
 .data          0x000000000002f10c       0x44 obj_cooja/mtype824.a(uip-ds6-route.o)
                0x000000000002f11c                nbr_routes
 .data          0x000000000002f150        0x0 obj_cooja/mtype824.a(uip-ds6.o)
 .data          0x000000000002f150        0x0 obj_cooja/mtype824.a(uip6.o)
 .data          0x000000000002f150       0x10 obj_cooja/mtype824.a(tcpip.o)
                0x000000000002f150                tcpip_process
 .data          0x000000000002f160        0x0 obj_cooja/mtype824.a(uip-debug.o)
 .data          0x000000000002f160        0xc obj_cooja/mtype824.a(uip-packetqueue)
 .data          0x000000000002f16c        0x0 obj_cooja/mtype824.a(uip-udp-packet.)
 .data          0x000000000002f16c       0x14 obj_cooja/mtype824.a(rpl-dag.o)
                0x000000000002f17c                rpl_parents
 .data          0x000000000002f180        0x0 obj_cooja/mtype824.a(rpl-ext-header.)
 .data          0x000000000002f180       0x34 obj_cooja/mtype824.a(rpl-icmp6.o)
 .data          0x000000000002f1b4       0x1c obj_cooja/mtype824.a(rpl-mrhof.o)
                0x000000000002f1b4                rpl_mrhof
 .data          0x000000000002f1d0        0x0 obj_cooja/mtype824.a(rpl-timers.o)
 .data          0x000000000002f1d0        0x0 obj_cooja/mtype824.a(rpl.o)
 .data          0x000000000002f1d0        0x0 obj_cooja/mtype824.a(linkaddr.o)
 .data          0x000000000002f1d0       0x10 obj_cooja/mtype824.a(nbr-table.o)
 .data          0x000000000002f1e0        0x0 obj_cooja/mtype824.a(netstack.o)
 .data          0x000000000002f1e0        0x4 obj_cooja/mtype824.a(packetbuf.o)
 .data          0x000000000002f1e4       0x18 obj_cooja/mtype824.a(queuebuf.o)
 .data          0x000000000002f1fc       0x28 obj_cooja/mtype824.a(csma.o)
 .data          0x000000000002f224        0x0 obj_cooja/mtype824.a(framer-802154.o)
 .data          0x000000000002f224        0x0 obj_cooja/mtype824.a(mac.o)
 .data          0x000000000002f224        0x0 obj_cooja/mtype824.a(nullrdc.o)
 .data          0x000000000002f224        0x0 obj_cooja/mtype824.a(nullsec.o)
 .data          0x000000000002f224        0x0 obj_cooja/mtype824.a(watchdog.o)
 .data          0x000000000002f224        0x0 obj_cooja/mtype824.a(rimestats.o)
 .data          0x000000000002f224        0x0 obj_cooja/mtype824.a(memb.o)
 .data          0x000000000002f224       0x20 obj_cooja/mtype824.a(uip-icmp6.o)
 .data          0x000000000002f244        0x0 obj_cooja/mtype824.a(uip-nd6.o)
 .data          0x000000000002f244        0x0 obj_cooja/mtype824.a(rpl-nbr-policy.)
 .data          0x000000000002f244        0x2 obj_cooja/mtype824.a(frame802154.o)
 .data          0x000000000002f246        0x0 obj_cooja/mtype824.a(mac-sequence.o)
 .data          0x000000000002f246        0x0 /usr/lib/gcc/i686-linux-gnu/4.8/crtendS.o
 .data          0x000000000002f246        0x0 /usr/lib/gcc/i686-linux-gnu/4.8/../../../i386-linux-gnu/crtn.o

.tm_clone_table
                0x000000000002f248        0x0
 .tm_clone_table
                0x000000000002f248        0x0 /usr/lib/gcc/i686-linux-gnu/4.8/crtbeginS.o
 .tm_clone_table
                0x000000000002f248        0x0 /usr/lib/gcc/i686-linux-gnu/4.8/crtendS.o

.data1
 *(.data1)
                0x000000000002f248                _edata = .
                0x000000000002f248                PROVIDE (edata, .)
                0x000000000002f248                . = .
                0x000000000002f248                __bss_start = .

.bss            0x000000000002f260     0x8148
 *(.dynbss)
 .dynbss        0x0000000000000000        0x0 /usr/lib/gcc/i686-linux-gnu/4.8/../../../i386-linux-gnu/crti.o
 *(.bss .bss.* .gnu.linkonce.b.*)
 .bss           0x000000000002f260        0x0 /usr/lib/gcc/i686-linux-gnu/4.8/../../../i386-linux-gnu/crti.o
 .bss           0x000000000002f260        0x1 /usr/lib/gcc/i686-linux-gnu/4.8/crtbeginS.o
 *fill*         0x000000000002f261       0x1f 
 .bss           0x000000000002f280       0x60 udp-client.co
 .bss           0x000000000002f2e0     0x2030 obj_cooja/mtype824.o
 .bss           0x0000000000031310        0x1 obj_cooja/mtype824.a(simEnvChange.o)
                0x0000000000031310                simDontFallAsleep
 *fill*         0x0000000000031311        0x3 
 .bss           0x0000000000031314        0x4 obj_cooja/mtype824.a(cooja_mt.o)
 .bss           0x0000000000031318        0x4 obj_cooja/mtype824.a(cooja_mtarch.o)
 .bss           0x000000000003131c        0xc obj_cooja/mtype824.a(rtimer-arch.o)
 .bss           0x0000000000031328        0x0 obj_cooja/mtype824.a(beep.o)
 .bss           0x0000000000031328        0x8 obj_cooja/mtype824.a(button-sensor.o)
 .bss           0x0000000000031330        0x0 obj_cooja/mtype824.a(leds-arch.o)
 .bss           0x0000000000031330        0x0 obj_cooja/mtype824.a(moteid.o)
 .bss           0x0000000000031330        0x1 obj_cooja/mtype824.a(pir-sensor.o)
                0x0000000000031330                simPirValue
 *fill*         0x0000000000031331        0x3 
 .bss           0x0000000000031334        0x4 obj_cooja/mtype824.a(rs232.o)
 .bss           0x0000000000031338        0x1 obj_cooja/mtype824.a(vib-sensor.o)
                0x0000000000031338                simVibValue
 .bss           0x0000000000031339        0x0 obj_cooja/mtype824.a(clock.o)
 *fill*         0x0000000000031339        0x7 
 .bss           0x0000000000031340      0x420 obj_cooja/mtype824.a(log.o)
 .bss           0x0000000000031760      0xfc0 obj_cooja/mtype824.a(cfs-cooja.o)
                0x0000000000031760                simCFSData
                0x0000000000032700                simCFSSize
                0x0000000000032704                simCFSChanged
                0x0000000000032708                simCFSRead
                0x000000000003270c                simCFSWritten
 .bss           0x0000000000032720       0x20 obj_cooja/mtype824.a(cooja-radio.o)
                0x0000000000032720                simReceiving
                0x0000000000032721                simReceivingLR
                0x0000000000032724                simInSize
                0x0000000000032728                simInSizeLR
                0x000000000003272c                simOutSize
                0x0000000000032730                simOutSizeLR
                0x0000000000032734                LongRangeTransmit
                0x0000000000032738                LongRangeReceiving
 .bss           0x0000000000032740        0xc obj_cooja/mtype824.a(eeprom.o)
                0x0000000000032740                simEEPROMChanged
                0x0000000000032744                simEEPROMRead
                0x0000000000032748                simEEPROMWritten
 .bss           0x000000000003274c        0x0 obj_cooja/mtype824.a(random.o)
 .bss           0x000000000003274c        0xc obj_cooja/mtype824.a(sensors.o)
 .bss           0x0000000000032758        0x4 obj_cooja/mtype824.a(dual_conf.o)
                0x0000000000032758                long_range_radio
 .bss           0x000000000003275c        0x0 obj_cooja/mtype824.a(autostart.o)
 .bss           0x000000000003275c        0x5 obj_cooja/mtype824.a(ctimer.o)
 *fill*         0x0000000000032761        0x3 
 .bss           0x0000000000032764        0x8 obj_cooja/mtype824.a(etimer.o)
 *fill*         0x000000000003276c       0x14 
 .bss           0x0000000000032780      0x1b1 obj_cooja/mtype824.a(process.o)
                0x0000000000032780                process_list
                0x0000000000032784                process_current
 *fill*         0x0000000000032931        0x3 
 .bss           0x0000000000032934        0x4 obj_cooja/mtype824.a(rtimer.o)
 .bss           0x0000000000032938        0x0 obj_cooja/mtype824.a(stimer.o)
 .bss           0x0000000000032938        0x0 obj_cooja/mtype824.a(timer.o)
 *fill*         0x0000000000032938        0x8 
 .bss           0x0000000000032940      0x140 obj_cooja/mtype824.a(serial-line.o)
 .bss           0x0000000000032a80        0x0 obj_cooja/mtype824.a(list.o)
 .bss           0x0000000000032a80        0x0 obj_cooja/mtype824.a(ringbuf.o)
 .bss           0x0000000000032a80      0x70c obj_cooja/mtype824.a(sicslowpan.o)
 *fill*         0x000000000003318c       0x14 
 .bss           0x00000000000331a0       0xf0 obj_cooja/mtype824.a(uip-ds6-nbr.o)
 *fill*         0x0000000000033290       0x10 
 .bss           0x00000000000332a0      0x2a8 obj_cooja/mtype824.a(uip-ds6-route.o)
 .bss           0x0000000000033548       0x20 obj_cooja/mtype824.a(uip-ds6.o)
 .bss           0x0000000000033568        0xe obj_cooja/mtype824.a(uip6.o)
                0x0000000000033568                uip_ext_bitmap
                0x0000000000033569                uip_ext_len
                0x000000000003356a                uip_ext_opt_offset
 *fill*         0x0000000000033576        0xa 
 .bss           0x0000000000033580       0x6a obj_cooja/mtype824.a(tcpip.o)
 .bss           0x00000000000335ea        0x0 obj_cooja/mtype824.a(uip-debug.o)
 *fill*         0x00000000000335ea       0x16 
 .bss           0x0000000000033600      0xcf8 obj_cooja/mtype824.a(uip-packetqueue)
 .bss           0x00000000000342f8        0x0 obj_cooja/mtype824.a(uip-udp-packet.)
 *fill*         0x00000000000342f8        0x8 
 .bss           0x0000000000034300       0xa0 obj_cooja/mtype824.a(rpl-dag.o)
 .bss           0x00000000000343a0        0x0 obj_cooja/mtype824.a(rpl-ext-header.)
 .bss           0x00000000000343a0        0x0 obj_cooja/mtype824.a(rpl-icmp6.o)
 .bss           0x00000000000343a0        0x0 obj_cooja/mtype824.a(rpl-mrhof.o)
 .bss           0x00000000000343a0       0x23 obj_cooja/mtype824.a(rpl-timers.o)
 *fill*         0x00000000000343c3        0x1 
 .bss           0x00000000000343c4        0x4 obj_cooja/mtype824.a(rpl.o)
 .bss           0x00000000000343c8        0x0 obj_cooja/mtype824.a(linkaddr.o)
 *fill*         0x00000000000343c8       0x18 
 .bss           0x00000000000343e0       0xdc obj_cooja/mtype824.a(nbr-table.o)
 .bss           0x00000000000344bc        0x0 obj_cooja/mtype824.a(netstack.o)
 *fill*         0x00000000000344bc        0x4 
 .bss           0x00000000000344c0       0xa0 obj_cooja/mtype824.a(packetbuf.o)
 .bss           0x0000000000034560      0xb80 obj_cooja/mtype824.a(queuebuf.o)
 .bss           0x00000000000350e0      0x248 obj_cooja/mtype824.a(csma.o)
 .bss           0x0000000000035328        0x2 obj_cooja/mtype824.a(framer-802154.o)
 .bss           0x000000000003532a        0x0 obj_cooja/mtype824.a(mac.o)
 .bss           0x000000000003532a        0x0 obj_cooja/mtype824.a(nullrdc.o)
 .bss           0x000000000003532a        0x0 obj_cooja/mtype824.a(nullsec.o)
 .bss           0x000000000003532a        0x0 obj_cooja/mtype824.a(watchdog.o)
 .bss           0x000000000003532a        0x0 obj_cooja/mtype824.a(rimestats.o)
 .bss           0x000000000003532a        0x0 obj_cooja/mtype824.a(memb.o)
 *fill*         0x000000000003532a        0x2 
 .bss           0x000000000003532c       0x18 obj_cooja/mtype824.a(uip-icmp6.o)
 .bss           0x0000000000035344        0x0 obj_cooja/mtype824.a(uip-nd6.o)
 *fill*         0x0000000000035344       0x1c 
 .bss           0x0000000000035360       0x44 obj_cooja/mtype824.a(rpl-nbr-policy.)
 .bss           0x00000000000353a4        0x0 obj_cooja/mtype824.a(frame802154.o)
 *fill*         0x00000000000353a4       0x1c 
 .bss           0x00000000000353c0       0x90 obj_cooja/mtype824.a(mac-sequence.o)
 .bss           0x0000000000035450        0x0 /usr/lib/gcc/i686-linux-gnu/4.8/crtendS.o
 .bss           0x0000000000035450        0x0 /usr/lib/gcc/i686-linux-gnu/4.8/../../../i386-linux-gnu/crtn.o
 *(COMMON)
 COMMON         0x0000000000035450        0x8 obj_cooja/mtype824.o
                0x0000000000035450                referenceVar
                0x0000000000035454                sensors_flags
 COMMON         0x0000000000035458        0xc obj_cooja/mtype824.a(simEnvChange.o)
                0x0000000000035458                simEtimerPending
                0x000000000003545c                simProcessRunValue
                0x0000000000035460                simNextExpirationTime
 COMMON         0x0000000000035464        0x1 obj_cooja/mtype824.a(beep.o)
                0x0000000000035464                simBeeped
 COMMON         0x0000000000035465        0x3 obj_cooja/mtype824.a(button-sensor.o)
                0x0000000000035465                simButtonIsActive
                0x0000000000035466                simButtonIsDown
                0x0000000000035467                simButtonChanged
 COMMON         0x0000000000035468        0x1 obj_cooja/mtype824.a(leds-arch.o)
                0x0000000000035468                simLedsValue
 *fill*         0x0000000000035469        0x3 
 COMMON         0x000000000003546c        0xc obj_cooja/mtype824.a(moteid.o)
                0x000000000003546c                simRandomSeed
                0x0000000000035470                simMoteIDChanged
                0x0000000000035474                simMoteID
 COMMON         0x0000000000035478        0x2 obj_cooja/mtype824.a(pir-sensor.o)
                0x0000000000035478                simPirIsActive
                0x0000000000035479                simPirChanged
 *fill*         0x000000000003547a        0x6 
 COMMON         0x0000000000035480      0x820 obj_cooja/mtype824.a(rs232.o)
                0x0000000000035480                simSerialReceivingFlag
                0x0000000000035484                simSerialReceivingLength
                0x00000000000354a0                simSerialReceivingData
 COMMON         0x0000000000035ca0        0x2 obj_cooja/mtype824.a(vib-sensor.o)
                0x0000000000035ca0                simVibChanged
                0x0000000000035ca1                simVibIsActive
 *fill*         0x0000000000035ca2        0x2 
 COMMON         0x0000000000035ca4        0x4 obj_cooja/mtype824.a(clock.o)
                0x0000000000035ca4                simCurrentTime
 *fill*         0x0000000000035ca8       0x18 
 COMMON         0x0000000000035cc0      0x420 obj_cooja/mtype824.a(log.o)
                0x0000000000035cc0                simLoggedLength
                0x0000000000035cc4                simLoggedFlag
                0x0000000000035ce0                simLoggedData
 COMMON         0x00000000000360e0      0x200 obj_cooja/mtype824.a(cooja-radio.o)
                0x00000000000360e0                simOutDataBuffer
                0x0000000000036160                simInDataBufferLR
                0x00000000000361e0                simOutDataBufferLR
                0x0000000000036260                simInDataBuffer
 COMMON         0x00000000000362e0      0x400 obj_cooja/mtype824.a(eeprom.o)
                0x00000000000362e0                simEEPROMData
 COMMON         0x00000000000366e0        0x1 obj_cooja/mtype824.a(sensors.o)
                0x00000000000366e0                sensors_event
 COMMON         0x00000000000366e1        0x1 obj_cooja/mtype824.a(serial-line.o)
                0x00000000000366e1                serial_line_event_message
 COMMON         0x00000000000366e2        0x1 obj_cooja/mtype824.a(sicslowpan.o)
                0x00000000000366e2                p
 *fill*         0x00000000000366e3       0x1d 
 COMMON         0x0000000000036700      0x181 obj_cooja/mtype824.a(uip-ds6.o)
                0x0000000000036700                uip_ds6_prefix_list
                0x0000000000036760                uip_ds6_timer_periodic
                0x0000000000036770                uip_ds6_netif_addr_list_offset
                0x0000000000036780                uip_ds6_if
                0x0000000000036878                uip_ds6_timer_ra
                0x0000000000036880                uip_ds6_addr_size
 *fill*         0x0000000000036881       0x1f 
 COMMON         0x00000000000368a0      0x8ec obj_cooja/mtype824.a(uip6.o)
                0x00000000000368a0                uip_slen
                0x00000000000368a2                uip_acc32
                0x00000000000368c0                uip_conns
                0x0000000000036980                uip_lladdr
                0x0000000000036988                uip_appdata
                0x000000000003698c                uip_flags
                0x00000000000369a0                uip_aligned_buf
                0x0000000000036fe0                uip_listenports
                0x0000000000036ff0                uip_len
                0x0000000000036ff4                uip_sappdata
                0x0000000000037000                uip_udp_conns
                0x0000000000037180                uip_udp_conn
                0x0000000000037184                uip_next_hdr
                0x0000000000037188                uip_conn
 COMMON         0x000000000003718c        0x1 obj_cooja/mtype824.a(tcpip.o)
                0x000000000003718c                tcpip_event
 *fill*         0x000000000003718d       0x13 
 COMMON         0x00000000000371a0      0x170 obj_cooja/mtype824.a(rpl-dag.o)
                0x00000000000371a0                default_instance
                0x00000000000371c0                instance_table
 COMMON         0x0000000000037310        0x8 obj_cooja/mtype824.a(linkaddr.o)
                0x0000000000037310                linkaddr_node_addr
 COMMON         0x0000000000037318       0x2e obj_cooja/mtype824.a(packetbuf.o)
                0x0000000000037318                packetbuf_attrs
                0x0000000000037336                packetbuf_addrs
 *fill*         0x0000000000037346       0x1a 
 COMMON         0x0000000000037360       0x48 obj_cooja/mtype824.a(rimestats.o)
                0x0000000000037360                rimestats
                0x00000000000373a8                . = ALIGN ((. != 0x0)?0x4:0x1)
                0x00000000000373a8                . = ALIGN (0x4)
                0x00000000000373a8                . = SEGMENT_START ("ldata-segment", .)
                0x00000000000373a8                . = ALIGN (0x4)
                0x00000000000373a8                _end = .
                0x00000000000373a8                PROVIDE (end, .)
                0x00000000000373a8                . = DATA_SEGMENT_END (.)

.stab
 *(.stab)

.stabstr
 *(.stabstr)

.stab.excl
 *(.stab.excl)

.stab.exclstr
 *(.stab.exclstr)

.stab.index
 *(.stab.index)

.stab.indexstr
 *(.stab.indexstr)

.comment        0x0000000000000000       0x2b
 *(.comment)
 .comment       0x0000000000000000       0x2b /usr/lib/gcc/i686-linux-gnu/4.8/crtbeginS.o
                                         0x2c (size before relaxing)
 .comment       0x0000000000000000       0x2c udp-client.co
 .comment       0x0000000000000000       0x2c obj_cooja/mtype824.o
 .comment       0x0000000000000000       0x2c obj_cooja/mtype824.a(simEnvChange.o)
 .comment       0x0000000000000000       0x2c obj_cooja/mtype824.a(cooja_mt.o)
 .comment       0x0000000000000000       0x2c obj_cooja/mtype824.a(cooja_mtarch.o)
 .comment       0x0000000000000000       0x2c obj_cooja/mtype824.a(rtimer-arch.o)
 .comment       0x0000000000000000       0x2c obj_cooja/mtype824.a(beep.o)
 .comment       0x0000000000000000       0x2c obj_cooja/mtype824.a(button-sensor.o)
 .comment       0x0000000000000000       0x2c obj_cooja/mtype824.a(leds-arch.o)
 .comment       0x0000000000000000       0x2c obj_cooja/mtype824.a(moteid.o)
 .comment       0x0000000000000000       0x2c obj_cooja/mtype824.a(pir-sensor.o)
 .comment       0x0000000000000000       0x2c obj_cooja/mtype824.a(rs232.o)
 .comment       0x0000000000000000       0x2c obj_cooja/mtype824.a(vib-sensor.o)
 .comment       0x0000000000000000       0x2c obj_cooja/mtype824.a(clock.o)
 .comment       0x0000000000000000       0x2c obj_cooja/mtype824.a(log.o)
 .comment       0x0000000000000000       0x2c obj_cooja/mtype824.a(cfs-cooja.o)
 .comment       0x0000000000000000       0x2c obj_cooja/mtype824.a(cooja-radio.o)
 .comment       0x0000000000000000       0x2c obj_cooja/mtype824.a(eeprom.o)
 .comment       0x0000000000000000       0x2c obj_cooja/mtype824.a(random.o)
 .comment       0x0000000000000000       0x2c obj_cooja/mtype824.a(sensors.o)
 .comment       0x0000000000000000       0x2c obj_cooja/mtype824.a(dual_conf.o)
 .comment       0x0000000000000000       0x2c obj_cooja/mtype824.a(autostart.o)
 .comment       0x0000000000000000       0x2c obj_cooja/mtype824.a(ctimer.o)
 .comment       0x0000000000000000       0x2c obj_cooja/mtype824.a(etimer.o)
 .comment       0x0000000000000000       0x2c obj_cooja/mtype824.a(process.o)
 .comment       0x0000000000000000       0x2c obj_cooja/mtype824.a(rtimer.o)
 .comment       0x0000000000000000       0x2c obj_cooja/mtype824.a(stimer.o)
 .comment       0x0000000000000000       0x2c obj_cooja/mtype824.a(timer.o)
 .comment       0x0000000000000000       0x2c obj_cooja/mtype824.a(serial-line.o)
 .comment       0x0000000000000000       0x2c obj_cooja/mtype824.a(list.o)
 .comment       0x0000000000000000       0x2c obj_cooja/mtype824.a(ringbuf.o)
 .comment       0x0000000000000000       0x2c obj_cooja/mtype824.a(sicslowpan.o)
 .comment       0x0000000000000000       0x2c obj_cooja/mtype824.a(uip-ds6-nbr.o)
 .comment       0x0000000000000000       0x2c obj_cooja/mtype824.a(uip-ds6-route.o)
 .comment       0x0000000000000000       0x2c obj_cooja/mtype824.a(uip-ds6.o)
 .comment       0x0000000000000000       0x2c obj_cooja/mtype824.a(uip6.o)
 .comment       0x0000000000000000       0x2c obj_cooja/mtype824.a(tcpip.o)
 .comment       0x0000000000000000       0x2c obj_cooja/mtype824.a(uip-debug.o)
 .comment       0x0000000000000000       0x2c obj_cooja/mtype824.a(uip-packetqueue)
 .comment       0x0000000000000000       0x2c obj_cooja/mtype824.a(uip-udp-packet.)
 .comment       0x0000000000000000       0x2c obj_cooja/mtype824.a(rpl-dag.o)
 .comment       0x0000000000000000       0x2c obj_cooja/mtype824.a(rpl-ext-header.)
 .comment       0x0000000000000000       0x2c obj_cooja/mtype824.a(rpl-icmp6.o)
 .comment       0x0000000000000000       0x2c obj_cooja/mtype824.a(rpl-mrhof.o)
 .comment       0x0000000000000000       0x2c obj_cooja/mtype824.a(rpl-timers.o)
 .comment       0x0000000000000000       0x2c obj_cooja/mtype824.a(rpl.o)
 .comment       0x0000000000000000       0x2c obj_cooja/mtype824.a(linkaddr.o)
 .comment       0x0000000000000000       0x2c obj_cooja/mtype824.a(nbr-table.o)
 .comment       0x0000000000000000       0x2c obj_cooja/mtype824.a(netstack.o)
 .comment       0x0000000000000000       0x2c obj_cooja/mtype824.a(packetbuf.o)
 .comment       0x0000000000000000       0x2c obj_cooja/mtype824.a(queuebuf.o)
 .comment       0x0000000000000000       0x2c obj_cooja/mtype824.a(csma.o)
 .comment       0x0000000000000000       0x2c obj_cooja/mtype824.a(framer-802154.o)
 .comment       0x0000000000000000       0x2c obj_cooja/mtype824.a(mac.o)
 .comment       0x0000000000000000       0x2c obj_cooja/mtype824.a(nullrdc.o)
 .comment       0x0000000000000000       0x2c obj_cooja/mtype824.a(nullsec.o)
 .comment       0x0000000000000000       0x2c obj_cooja/mtype824.a(watchdog.o)
 .comment       0x0000000000000000       0x2c obj_cooja/mtype824.a(rimestats.o)
 .comment       0x0000000000000000       0x2c obj_cooja/mtype824.a(memb.o)
 .comment       0x0000000000000000       0x2c obj_cooja/mtype824.a(uip-icmp6.o)
 .comment       0x0000000000000000       0x2c obj_cooja/mtype824.a(uip-nd6.o)
 .comment       0x0000000000000000       0x2c obj_cooja/mtype824.a(rpl-nbr-policy.)
 .comment       0x0000000000000000       0x2c obj_cooja/mtype824.a(frame802154.o)
 .comment       0x0000000000000000       0x2c obj_cooja/mtype824.a(mac-sequence.o)
 .comment       0x0000000000000000       0x2c /usr/lib/gcc/i686-linux-gnu/4.8/crtendS.o

.debug
 *(.debug)

.line
 *(.line)

.debug_srcinfo
 *(.debug_srcinfo)

.debug_sfnames
 *(.debug_sfnames)

.debug_aranges  0x0000000000000000      0x7f8
 *(.debug_aranges)
 .debug_aranges
                0x0000000000000000       0x20 udp-client.co
 .debug_aranges
                0x0000000000000020       0x20 obj_cooja/mtype824.o
 .debug_aranges
                0x0000000000000040       0x20 obj_cooja/mtype824.a(simEnvChange.o)
 .debug_aranges
                0x0000000000000060       0x20 obj_cooja/mtype824.a(cooja_mt.o)
 .debug_aranges
                0x0000000000000080       0x20 obj_cooja/mtype824.a(cooja_mtarch.o)
 .debug_aranges
                0x00000000000000a0       0x20 obj_cooja/mtype824.a(rtimer-arch.o)
 .debug_aranges
                0x00000000000000c0       0x20 obj_cooja/mtype824.a(beep.o)
 .debug_aranges
                0x00000000000000e0       0x20 obj_cooja/mtype824.a(button-sensor.o)
 .debug_aranges
                0x0000000000000100       0x20 obj_cooja/mtype824.a(leds-arch.o)
 .debug_aranges
                0x0000000000000120       0x20 obj_cooja/mtype824.a(moteid.o)
 .debug_aranges
                0x0000000000000140       0x20 obj_cooja/mtype824.a(pir-sensor.o)
 .debug_aranges
                0x0000000000000160       0x20 obj_cooja/mtype824.a(rs232.o)
 .debug_aranges
                0x0000000000000180       0x20 obj_cooja/mtype824.a(vib-sensor.o)
 .debug_aranges
                0x00000000000001a0       0x20 obj_cooja/mtype824.a(clock.o)
 .debug_aranges
                0x00000000000001c0       0x20 obj_cooja/mtype824.a(log.o)
 .debug_aranges
                0x00000000000001e0       0x20 obj_cooja/mtype824.a(cfs-cooja.o)
 .debug_aranges
                0x0000000000000200       0x20 obj_cooja/mtype824.a(cooja-radio.o)
 .debug_aranges
                0x0000000000000220       0x20 obj_cooja/mtype824.a(eeprom.o)
 .debug_aranges
                0x0000000000000240       0x20 obj_cooja/mtype824.a(random.o)
 .debug_aranges
                0x0000000000000260       0x20 obj_cooja/mtype824.a(sensors.o)
 .debug_aranges
                0x0000000000000280       0x20 obj_cooja/mtype824.a(dual_conf.o)
 .debug_aranges
                0x00000000000002a0       0x20 obj_cooja/mtype824.a(autostart.o)
 .debug_aranges
                0x00000000000002c0       0x20 obj_cooja/mtype824.a(ctimer.o)
 .debug_aranges
                0x00000000000002e0       0x20 obj_cooja/mtype824.a(etimer.o)
 .debug_aranges
                0x0000000000000300       0x20 obj_cooja/mtype824.a(process.o)
 .debug_aranges
                0x0000000000000320       0x20 obj_cooja/mtype824.a(rtimer.o)
 .debug_aranges
                0x0000000000000340       0x20 obj_cooja/mtype824.a(stimer.o)
 .debug_aranges
                0x0000000000000360       0x20 obj_cooja/mtype824.a(timer.o)
 .debug_aranges
                0x0000000000000380       0x20 obj_cooja/mtype824.a(serial-line.o)
 .debug_aranges
                0x00000000000003a0       0x20 obj_cooja/mtype824.a(list.o)
 .debug_aranges
                0x00000000000003c0       0x20 obj_cooja/mtype824.a(ringbuf.o)
 .debug_aranges
                0x00000000000003e0       0x20 obj_cooja/mtype824.a(sicslowpan.o)
 .debug_aranges
                0x0000000000000400       0x20 obj_cooja/mtype824.a(uip-ds6-nbr.o)
 .debug_aranges
                0x0000000000000420       0x20 obj_cooja/mtype824.a(uip-ds6-route.o)
 .debug_aranges
                0x0000000000000440       0x20 obj_cooja/mtype824.a(uip-ds6.o)
 .debug_aranges
                0x0000000000000460       0x20 obj_cooja/mtype824.a(uip6.o)
 .debug_aranges
                0x0000000000000480       0x20 obj_cooja/mtype824.a(tcpip.o)
 .debug_aranges
                0x00000000000004a0       0x20 obj_cooja/mtype824.a(uip-debug.o)
 .debug_aranges
                0x00000000000004c0       0x20 obj_cooja/mtype824.a(uip-packetqueue)
 .debug_aranges
                0x00000000000004e0       0x20 obj_cooja/mtype824.a(uip-udp-packet.)
 .debug_aranges
                0x0000000000000500       0x20 obj_cooja/mtype824.a(rpl-dag.o)
 .debug_aranges
                0x0000000000000520       0x20 obj_cooja/mtype824.a(rpl-ext-header.)
 .debug_aranges
                0x0000000000000540       0x20 obj_cooja/mtype824.a(rpl-icmp6.o)
 .debug_aranges
                0x0000000000000560       0x20 obj_cooja/mtype824.a(rpl-mrhof.o)
 .debug_aranges
                0x0000000000000580       0x20 obj_cooja/mtype824.a(rpl-timers.o)
 .debug_aranges
                0x00000000000005a0       0x20 obj_cooja/mtype824.a(rpl.o)
 .debug_aranges
                0x00000000000005c0       0x20 obj_cooja/mtype824.a(linkaddr.o)
 .debug_aranges
                0x00000000000005e0       0x20 obj_cooja/mtype824.a(nbr-table.o)
 .debug_aranges
                0x0000000000000600       0x20 obj_cooja/mtype824.a(netstack.o)
 .debug_aranges
                0x0000000000000620       0x20 obj_cooja/mtype824.a(packetbuf.o)
 .debug_aranges
                0x0000000000000640       0x20 obj_cooja/mtype824.a(queuebuf.o)
 .debug_aranges
                0x0000000000000660       0x20 obj_cooja/mtype824.a(csma.o)
 .debug_aranges
                0x0000000000000680       0x20 obj_cooja/mtype824.a(framer-802154.o)
 .debug_aranges
                0x00000000000006a0       0x20 obj_cooja/mtype824.a(mac.o)
 .debug_aranges
                0x00000000000006c0       0x20 obj_cooja/mtype824.a(nullrdc.o)
 .debug_aranges
                0x00000000000006e0       0x20 obj_cooja/mtype824.a(nullsec.o)
 .debug_aranges
                0x0000000000000700       0x20 obj_cooja/mtype824.a(watchdog.o)
 .debug_aranges
                0x0000000000000720       0x18 obj_cooja/mtype824.a(rimestats.o)
 .debug_aranges
                0x0000000000000738       0x20 obj_cooja/mtype824.a(memb.o)
 .debug_aranges
                0x0000000000000758       0x20 obj_cooja/mtype824.a(uip-icmp6.o)
 .debug_aranges
                0x0000000000000778       0x20 obj_cooja/mtype824.a(uip-nd6.o)
 .debug_aranges
                0x0000000000000798       0x20 obj_cooja/mtype824.a(rpl-nbr-policy.)
 .debug_aranges
                0x00000000000007b8       0x20 obj_cooja/mtype824.a(frame802154.o)
 .debug_aranges
                0x00000000000007d8       0x20 obj_cooja/mtype824.a(mac-sequence.o)

.debug_pubnames
 *(.debug_pubnames)

.debug_info     0x0000000000000000    0x1a980
 *(.debug_info .gnu.linkonce.wi.*)
 .debug_info    0x0000000000000000      0x8a1 udp-client.co
 .debug_info    0x00000000000008a1     0x370c obj_cooja/mtype824.o
 .debug_info    0x0000000000003fad      0x15a obj_cooja/mtype824.a(simEnvChange.o)
 .debug_info    0x0000000000004107      0x1e2 obj_cooja/mtype824.a(cooja_mt.o)
 .debug_info    0x00000000000042e9      0x2e7 obj_cooja/mtype824.a(cooja_mtarch.o)
 .debug_info    0x00000000000045d0      0x16b obj_cooja/mtype824.a(rtimer-arch.o)
 .debug_info    0x000000000000473b      0x1f3 obj_cooja/mtype824.a(beep.o)
 .debug_info    0x000000000000492e      0x257 obj_cooja/mtype824.a(button-sensor.o)
 .debug_info    0x0000000000004b85      0x132 obj_cooja/mtype824.a(leds-arch.o)
 .debug_info    0x0000000000004cb7      0x10a obj_cooja/mtype824.a(moteid.o)
 .debug_info    0x0000000000004dc1      0x216 obj_cooja/mtype824.a(pir-sensor.o)
 .debug_info    0x0000000000004fd7      0x21e obj_cooja/mtype824.a(rs232.o)
 .debug_info    0x00000000000051f5      0x216 obj_cooja/mtype824.a(vib-sensor.o)
 .debug_info    0x000000000000540b      0x152 obj_cooja/mtype824.a(clock.o)
 .debug_info    0x000000000000555d      0x2bb obj_cooja/mtype824.a(log.o)
 .debug_info    0x0000000000005818      0x3cf obj_cooja/mtype824.a(cfs-cooja.o)
 .debug_info    0x0000000000005be7      0xc5e obj_cooja/mtype824.a(cooja-radio.o)
 .debug_info    0x0000000000006845      0x1d5 obj_cooja/mtype824.a(eeprom.o)
 .debug_info    0x0000000000006a1a       0xb3 obj_cooja/mtype824.a(random.o)
 .debug_info    0x0000000000006acd      0x36d obj_cooja/mtype824.a(sensors.o)
 .debug_info    0x0000000000006e3a      0x136 obj_cooja/mtype824.a(dual_conf.o)
 .debug_info    0x0000000000006f70      0x1a5 obj_cooja/mtype824.a(autostart.o)
 .debug_info    0x0000000000007115      0x46c obj_cooja/mtype824.a(ctimer.o)
 .debug_info    0x0000000000007581      0x49c obj_cooja/mtype824.a(etimer.o)
 .debug_info    0x0000000000007a1d      0x4ba obj_cooja/mtype824.a(process.o)
 .debug_info    0x0000000000007ed7      0x1ab obj_cooja/mtype824.a(rtimer.o)
 .debug_info    0x0000000000008082      0x179 obj_cooja/mtype824.a(stimer.o)
 .debug_info    0x00000000000081fb      0x16c obj_cooja/mtype824.a(timer.o)
 .debug_info    0x0000000000008367      0x2de obj_cooja/mtype824.a(serial-line.o)
 .debug_info    0x0000000000008645      0x2ed obj_cooja/mtype824.a(list.o)
 .debug_info    0x0000000000008932      0x1aa obj_cooja/mtype824.a(ringbuf.o)
 .debug_info    0x0000000000008adc     0x10d4 obj_cooja/mtype824.a(sicslowpan.o)
 .debug_info    0x0000000000009bb0      0x853 obj_cooja/mtype824.a(uip-ds6-nbr.o)
 .debug_info    0x000000000000a403      0xd30 obj_cooja/mtype824.a(uip-ds6-route.o)
 .debug_info    0x000000000000b133      0xa4b obj_cooja/mtype824.a(uip-ds6.o)
 .debug_info    0x000000000000bb7e      0xe2c obj_cooja/mtype824.a(uip6.o)
 .debug_info    0x000000000000c9aa     0x1402 obj_cooja/mtype824.a(tcpip.o)
 .debug_info    0x000000000000ddac      0x1b5 obj_cooja/mtype824.a(uip-debug.o)
 .debug_info    0x000000000000df61      0x470 obj_cooja/mtype824.a(uip-packetqueue)
 .debug_info    0x000000000000e3d1      0x37a obj_cooja/mtype824.a(uip-udp-packet.)
 .debug_info    0x000000000000e74b     0x1903 obj_cooja/mtype824.a(rpl-dag.o)
 .debug_info    0x000000000001004e      0xe2b obj_cooja/mtype824.a(rpl-ext-header.)
 .debug_info    0x0000000000010e79     0x168f obj_cooja/mtype824.a(rpl-icmp6.o)
 .debug_info    0x0000000000012508      0xabe obj_cooja/mtype824.a(rpl-mrhof.o)
 .debug_info    0x0000000000012fc6      0xc11 obj_cooja/mtype824.a(rpl-timers.o)
 .debug_info    0x0000000000013bd7      0xcda obj_cooja/mtype824.a(rpl.o)
 .debug_info    0x00000000000148b1      0x165 obj_cooja/mtype824.a(linkaddr.o)
 .debug_info    0x0000000000014a16      0x8d7 obj_cooja/mtype824.a(nbr-table.o)
 .debug_info    0x00000000000152ed      0x4b9 obj_cooja/mtype824.a(netstack.o)
 .debug_info    0x00000000000157a6      0x478 obj_cooja/mtype824.a(packetbuf.o)
 .debug_info    0x0000000000015c1e      0x57d obj_cooja/mtype824.a(queuebuf.o)
 .debug_info    0x000000000001619b      0xbff obj_cooja/mtype824.a(csma.o)
 .debug_info    0x0000000000016d9a      0x5f8 obj_cooja/mtype824.a(framer-802154.o)
 .debug_info    0x0000000000017392      0x112 obj_cooja/mtype824.a(mac.o)
 .debug_info    0x00000000000174a4      0xc26 obj_cooja/mtype824.a(nullrdc.o)
 .debug_info    0x00000000000180ca      0x3aa obj_cooja/mtype824.a(nullsec.o)
 .debug_info    0x0000000000018474       0x7b obj_cooja/mtype824.a(watchdog.o)
 .debug_info    0x00000000000184ef      0x119 obj_cooja/mtype824.a(rimestats.o)
 .debug_info    0x0000000000018608      0x1d7 obj_cooja/mtype824.a(memb.o)
 .debug_info    0x00000000000187df      0x783 obj_cooja/mtype824.a(uip-icmp6.o)
 .debug_info    0x0000000000018f62      0x331 obj_cooja/mtype824.a(uip-nd6.o)
 .debug_info    0x0000000000019293      0xda2 obj_cooja/mtype824.a(rpl-nbr-policy.)
 .debug_info    0x000000000001a035      0x6b4 obj_cooja/mtype824.a(frame802154.o)
 .debug_info    0x000000000001a6e9      0x297 obj_cooja/mtype824.a(mac-sequence.o)

.debug_abbrev   0x0000000000000000     0x6645
 *(.debug_abbrev)
 .debug_abbrev  0x0000000000000000      0x1c0 udp-client.co
 .debug_abbrev  0x00000000000001c0      0x2b3 obj_cooja/mtype824.o
 .debug_abbrev  0x0000000000000473       0xc3 obj_cooja/mtype824.a(simEnvChange.o)
 .debug_abbrev  0x0000000000000536       0xe6 obj_cooja/mtype824.a(cooja_mt.o)
 .debug_abbrev  0x000000000000061c      0x147 obj_cooja/mtype824.a(cooja_mtarch.o)
 .debug_abbrev  0x0000000000000763       0xcc obj_cooja/mtype824.a(rtimer-arch.o)
 .debug_abbrev  0x000000000000082f       0xe3 obj_cooja/mtype824.a(beep.o)
 .debug_abbrev  0x0000000000000912      0x11c obj_cooja/mtype824.a(button-sensor.o)
 .debug_abbrev  0x0000000000000a2e       0xe1 obj_cooja/mtype824.a(leds-arch.o)
 .debug_abbrev  0x0000000000000b0f       0x9c obj_cooja/mtype824.a(moteid.o)
 .debug_abbrev  0x0000000000000bab       0xe6 obj_cooja/mtype824.a(pir-sensor.o)
 .debug_abbrev  0x0000000000000c91      0x14a obj_cooja/mtype824.a(rs232.o)
 .debug_abbrev  0x0000000000000ddb       0xe6 obj_cooja/mtype824.a(vib-sensor.o)
 .debug_abbrev  0x0000000000000ec1       0xee obj_cooja/mtype824.a(clock.o)
 .debug_abbrev  0x0000000000000faf      0x141 obj_cooja/mtype824.a(log.o)
 .debug_abbrev  0x00000000000010f0      0x139 obj_cooja/mtype824.a(cfs-cooja.o)
 .debug_abbrev  0x0000000000001229      0x2f2 obj_cooja/mtype824.a(cooja-radio.o)
 .debug_abbrev  0x000000000000151b       0xf5 obj_cooja/mtype824.a(eeprom.o)
 .debug_abbrev  0x0000000000001610       0x6d obj_cooja/mtype824.a(random.o)
 .debug_abbrev  0x000000000000167d      0x1c2 obj_cooja/mtype824.a(sensors.o)