Archive member included to satisfy reference by file (symbol)

obj_cooja/mtype292.a(simEnvChange.o)
                              obj_cooja/mtype292.o (simDontFallAsleep)
obj_cooja/mtype292.a(cooja_mt.o)
                              obj_cooja/mtype292.o (cooja_mt_start)
obj_cooja/mtype292.a(cooja_mtarch.o)
                              obj_cooja/mtype292.a(cooja_mt.o) (cooja_mtarch_init)
obj_cooja/mtype292.a(rtimer-arch.o)
                              obj_cooja/mtype292.o (rtimer_arch_next)
obj_cooja/mtype292.a(beep.o)  obj_cooja/mtype292.o (beep_interface)
obj_cooja/mtype292.a(button-sensor.o)
                              obj_cooja/mtype292.o (button_interface)
obj_cooja/mtype292.a(leds-arch.o)
                              obj_cooja/mtype292.o (leds_interface)
obj_cooja/mtype292.a(moteid.o)
                              obj_cooja/mtype292.o (moteid_interface)
obj_cooja/mtype292.a(pir-sensor.o)
                              obj_cooja/mtype292.o (pir_interface)
obj_cooja/mtype292.a(rs232.o)
                              obj_cooja/mtype292.o (rs232_interface)
obj_cooja/mtype292.a(vib-sensor.o)
                              obj_cooja/mtype292.o (vib_interface)
obj_cooja/mtype292.a(clock.o)
                              obj_cooja/mtype292.o (clock_interface)
obj_cooja/mtype292.a(log.o)   obj_cooja/mtype292.o (simlog_interface)
obj_cooja/mtype292.a(cfs-cooja.o)
                              obj_cooja/mtype292.o (cfs_interface)
obj_cooja/mtype292.a(cooja-radio.o)
                              obj_cooja/mtype292.o (radio_interface)
obj_cooja/mtype292.a(eeprom.o)
                              obj_cooja/mtype292.o (eeprom_interface)
obj_cooja/mtype292.a(random.o)
                              obj_cooja/mtype292.a(moteid.o) (random_init)
obj_cooja/mtype292.a(sensors.o)
                              udp-server.co (sensors_event)
obj_cooja/mtype292.a(dual_conf.o)
                              obj_cooja/mtype292.a(cooja-radio.o) (long_range_radio)
obj_cooja/mtype292.a(autostart.o)
                              obj_cooja/mtype292.o (autostart_start)
obj_cooja/mtype292.a(ctimer.o)
                              obj_cooja/mtype292.o (ctimer_init)
obj_cooja/mtype292.a(etimer.o)
                              obj_cooja/mtype292.o (etimer_process)
obj_cooja/mtype292.a(process.o)
                              udp-server.co (process_current)
obj_cooja/mtype292.a(rtimer.o)
                              obj_cooja/mtype292.a(rtimer-arch.o) (rtimer_run_next)
obj_cooja/mtype292.a(timer.o)
                              obj_cooja/mtype292.a(button-sensor.o) (timer_set)
obj_cooja/mtype292.a(serial-line.o)
                              obj_cooja/mtype292.a(rs232.o) (serial_line_input_byte)
obj_cooja/mtype292.a(list.o)  obj_cooja/mtype292.a(ctimer.o) (list_init)
obj_cooja/mtype292.a(ringbuf.o)
                              obj_cooja/mtype292.a(serial-line.o) (ringbuf_init)
obj_cooja/mtype292.a(sicslowpan.o)
                              obj_cooja/mtype292.o (sicslowpan_driver)
obj_cooja/mtype292.a(uip-ds6-nbr.o)
                              obj_cooja/mtype292.a(sicslowpan.o) (uip_ds6_link_neighbor_callback)
obj_cooja/mtype292.a(uip-ds6.o)
                              udp-server.co (uip_ds6_if)
obj_cooja/mtype292.a(uip6.o)  obj_cooja/mtype292.o (uip_lladdr)
obj_cooja/mtype292.a(tcpip.o)
                              udp-server.co (tcpip_event)
obj_cooja/mtype292.a(uip-debug.o)
                              udp-server.co (uip_debug_ipaddr_print)
obj_cooja/mtype292.a(uip-packetqueue)
                              obj_cooja/mtype292.a(uip-ds6-nbr.o) (uip_packetqueue_new)
obj_cooja/mtype292.a(rpl-dag.o)
                              udp-server.co (rpl_set_root)
obj_cooja/mtype292.a(rpl-ext-header.)
                              obj_cooja/mtype292.a(uip6.o) (rpl_verify_header)
obj_cooja/mtype292.a(rpl-icmp6.o)
                              obj_cooja/mtype292.a(rpl-dag.o) (rpl_icmp6_update_nbr_table)
obj_cooja/mtype292.a(rpl-mrhof.o)
                              obj_cooja/mtype292.a(rpl-dag.o) (rpl_mrhof)
obj_cooja/mtype292.a(rpl-timers.o)
                              obj_cooja/mtype292.a(rpl-dag.o) (rpl_reset_dio_timer)
obj_cooja/mtype292.a(rpl.o)   obj_cooja/mtype292.a(rpl-icmp6.o) (rpl_get_mode)
obj_cooja/mtype292.a(linkaddr.o)
                              obj_cooja/mtype292.o (linkaddr_node_addr)
obj_cooja/mtype292.a(nbr-table.o)
                              obj_cooja/mtype292.a(uip-ds6-nbr.o) (lladdr_map_add_lr)
obj_cooja/mtype292.a(netstack.o)
                              obj_cooja/mtype292.o (netstack_init)
obj_cooja/mtype292.a(packetbuf.o)
                              obj_cooja/mtype292.a(cooja-radio.o) (packetbuf_attrs)
obj_cooja/mtype292.a(queuebuf.o)
                              obj_cooja/mtype292.o (queuebuf_init)
obj_cooja/mtype292.a(csma.o)  obj_cooja/mtype292.o (csma_driver)
obj_cooja/mtype292.a(framer-802154.o)
                              obj_cooja/mtype292.a(sicslowpan.o) (framer_802154)
[...]
Memory Configuration

Name             Origin             Length             Attributes
*default*        0x0000000000000000 0xffffffffffffffff

Linker script and memory map

LOAD /usr/lib/gcc/i686-linux-gnu/4.8/../../../i386-linux-gnu/crti.o
LOAD /usr/lib/gcc/i686-linux-gnu/4.8/crtbeginS.o
LOAD udp-server.co
LOAD obj_cooja/mtype292.o
LOAD obj_cooja/mtype292.a
LOAD /usr/lib/gcc/i686-linux-gnu/4.8/libgcc.a
LOAD /usr/lib/gcc/i686-linux-gnu/4.8/libgcc_s.so
LOAD /usr/lib/gcc/i686-linux-gnu/4.8/../../../i386-linux-gnu/libc.so
START GROUP
LOAD /lib/i386-linux-gnu/libc.so.6
LOAD /usr/lib/i386-linux-gnu/libc_nonshared.a
LOAD /lib/i386-linux-gnu/ld-linux.so.2
END GROUP
LOAD /usr/lib/gcc/i686-linux-gnu/4.8/libgcc.a
LOAD /usr/lib/gcc/i686-linux-gnu/4.8/libgcc_s.so
LOAD /usr/lib/gcc/i686-linux-gnu/4.8/crtendS.o
LOAD /usr/lib/gcc/i686-linux-gnu/4.8/../../../i386-linux-gnu/crtn.o
                0x0000000000000114                . = (0x0 + SIZEOF_HEADERS)

.note.gnu.build-id
                0x0000000000000114       0x24
 *(.note.gnu.build-id)
 .note.gnu.build-id
                0x0000000000000114       0x24 /usr/lib/gcc/i686-linux-gnu/4.8/../../../i386-linux-gnu/crti.o

.hash
 *(.hash)

.gnu.hash       0x0000000000000138     0x129c
 *(.gnu.hash)
 .gnu.hash      0x0000000000000138     0x129c /usr/lib/gcc/i686-linux-gnu/4.8/../../../i386-linux-gnu/crti.o

.dynsym         0x00000000000013d4     0x22a0
 *(.dynsym)
 .dynsym        0x00000000000013d4     0x22a0 /usr/lib/gcc/i686-linux-gnu/4.8/../../../i386-linux-gnu/crti.o

.dynstr         0x0000000000003674     0x23d8
 *(.dynstr)
 .dynstr        0x0000000000003674     0x23d8 /usr/lib/gcc/i686-linux-gnu/4.8/../../../i386-linux-gnu/crti.o

.gnu.version    0x0000000000005a4c      0x454
 *(.gnu.version)
 .gnu.version   0x0000000000005a4c      0x454 /usr/lib/gcc/i686-linux-gnu/4.8/../../../i386-linux-gnu/crti.o

.gnu.version_d  0x0000000000005ea0        0x0
 *(.gnu.version_d)
 .gnu.version_d
                0x0000000000000000        0x0 /usr/lib/gcc/i686-linux-gnu/4.8/../../../i386-linux-gnu/crti.o

.gnu.version_r  0x0000000000005ea0       0x40
 *(.gnu.version_r)
 .gnu.version_r
                0x0000000000005ea0       0x40 /usr/lib/gcc/i686-linux-gnu/4.8/../../../i386-linux-gnu/crti.o

.rel.dyn        0x0000000000005ee0     0x8f28
 *(.rel.init)
 .rel.init      0x0000000000000000        0x0 /usr/lib/gcc/i686-linux-gnu/4.8/../../../i386-linux-gnu/crti.o
 *(.rel.text .rel.text.* .rel.gnu.linkonce.t.*)
 .rel.text      0x0000000000005ee0     0x8750 /usr/lib/gcc/i686-linux-gnu/4.8/../../../i386-linux-gnu/crti.o
 *(.rel.fini)
 .rel.fini      0x0000000000000000        0x0 /usr/lib/gcc/i686-linux-gnu/4.8/../../../i386-linux-gnu/crti.o
 *(.rel.rodata .rel.rodata.* .rel.gnu.linkonce.r.*)
 .rel.rodata    0x000000000000e630      0x518 /usr/lib/gcc/i686-linux-gnu/4.8/../../../i386-linux-gnu/crti.o
 *(.rel.data.rel.ro .rel.data.rel.ro.* .rel.gnu.linkonce.d.rel.ro.*)
 *(.rel.data .rel.data.* .rel.gnu.linkonce.d.*)
 .rel.data.rel  0x000000000000eb48        0x8 /usr/lib/gcc/i686-linux-gnu/4.8/../../../i386-linux-gnu/crti.o
 .rel.data      0x000000000000eb50      0x280 /usr/lib/gcc/i686-linux-gnu/4.8/../../../i386-linux-gnu/crti.o
 *(.rel.tdata .rel.tdata.* .rel.gnu.linkonce.td.*)
 *(.rel.tbss .rel.tbss.* .rel.gnu.linkonce.tb.*)
 *(.rel.ctors)
 *(.rel.dtors)
 *(.rel.got)
 .rel.got       0x000000000000edd0       0x28 /usr/lib/gcc/i686-linux-gnu/4.8/../../../i386-linux-gnu/crti.o
 *(.rel.bss .rel.bss.* .rel.gnu.linkonce.b.*)
 *(.rel.ifunc)
 .rel.ifunc     0x0000000000000000        0x0 /usr/lib/gcc/i686-linux-gnu/4.8/../../../i386-linux-gnu/crti.o
 .rel.fini_array
                0x000000000000edf8        0x8 /usr/lib/gcc/i686-linux-gnu/4.8/../../../i386-linux-gnu/crti.o
 .rel.init_array
                0x000000000000ee00        0x8 /usr/lib/gcc/i686-linux-gnu/4.8/../../../i386-linux-gnu/crti.o

.rel.plt        0x000000000000ee08       0x10
 *(.rel.plt)
 .rel.plt       0x000000000000ee08       0x10 /usr/lib/gcc/i686-linux-gnu/4.8/../../../i386-linux-gnu/crti.o
 *(.rel.iplt)

.init           0x000000000000ee18       0x23
 *(SORT(.init))
 .init          0x000000000000ee18       0x1e /usr/lib/gcc/i686-linux-gnu/4.8/../../../i386-linux-gnu/crti.o
                0x000000000000ee18                _init
 .init          0x000000000000ee36        0x5 /usr/lib/gcc/i686-linux-gnu/4.8/../../../i386-linux-gnu/crtn.o

.plt            0x000000000000ee40       0x30
 *(.plt)
 .plt           0x000000000000ee40       0x30 /usr/lib/gcc/i686-linux-gnu/4.8/../../../i386-linux-gnu/crti.o
 *(.iplt)

.text           0x000000000000ee70    0x15ce8
 *(.text.unlikely .text.*_unlikely .text.unlikely.*)
 *(.text.exit .text.exit.*)
 *(.text.startup .text.startup.*)
 *(.text.hot .text.hot.*)
 *(.text .stub .text.* .gnu.linkonce.t.*)
 .text          0x000000000000ee70        0x0 /usr/lib/gcc/i686-linux-gnu/4.8/../../../i386-linux-gnu/crti.o
 .gnu.linkonce.t.__x86.get_pc_thunk.bx
                0x000000000000ee70        0x4 /usr/lib/gcc/i686-linux-gnu/4.8/../../../i386-linux-gnu/crti.o
                0x000000000000ee70                __x86.get_pc_thunk.bx
 *fill*         0x000000000000ee74        0xc 
 .text          0x000000000000ee80      0x11b /usr/lib/gcc/i686-linux-gnu/4.8/crtbeginS.o
 .text          0x000000000000ef9b      0x3e4 udp-server.co
 .text          0x000000000000f37f      0x944 obj_cooja/mtype292.o
                0x000000000000f52d                contiki_init
                0x000000000000fada                Java_org_contikios_cooja_corecomm_Lib8_init
                0x000000000000fb1a                Java_org_contikios_cooja_corecomm_Lib8_getMemory
                0x000000000000fb5a                Java_org_contikios_cooja_corecomm_Lib8_setMemory
                0x000000000000fbd1                Java_org_contikios_cooja_corecomm_Lib8_tick
                0x000000000000fcb1                Java_org_contikios_cooja_corecomm_Lib8_setReferenceAddress
 .text          0x000000000000fcc3       0x63 obj_cooja/mtype292.a(simEnvChange.o)
                0x000000000000fcc3                doActionsBeforeTick
                0x000000000000fcf4                doActionsAfterTick
 .text          0x000000000000fd26       0xbc obj_cooja/mtype292.a(cooja_mt.o)
                0x000000000000fd26                cooja_mt_init
                0x000000000000fd33                cooja_mt_remove
                0x000000000000fd40                cooja_mt_start
                0x000000000000fd6d                cooja_mt_exec
                0x000000000000fd9e                cooja_mt_exit
                0x000000000000fdc0                cooja_mt_yield
 .text          0x000000000000fde2      0x115 obj_cooja/mtype292.a(cooja_mtarch.o)
                0x000000000000fde2                cooja_mtarch_init
                0x000000000000fde7                cooja_mtarch_start
                0x000000000000fe62                cooja_sw
                0x000000000000fe84                cooja_mtarch_exec
                0x000000000000fea0                cooja_mtarch_remove
                0x000000000000fea5                cooja_mtarch_yield
                0x000000000000feaf                cooja_mtarch_pstop
                0x000000000000feb4                cooja_mtarch_pstart
                0x000000000000feb9                cooja_mtarch_stack_usage
 .text          0x000000000000fef7       0xc2 obj_cooja/mtype292.a(rtimer-arch.o)
                0x000000000000fef7                rtimer_arch_init
                0x000000000000ff1a                rtimer_arch_schedule
                0x000000000000ff31                rtimer_arch_next
                0x000000000000ff3b                rtimer_arch_pending
                0x000000000000ff45                rtimer_arch_check
                0x000000000000ff77                rtimer_arch_now
 .text          0x000000000000ffb9       0x76 obj_cooja/mtype292.a(beep.o)
                0x000000000000ffb9                beep_alarm
                0x000000000000ffc5                beep_beep
                0x000000000000ffd1                beep
                0x000000000000ffdd                beep_down
                0x000000000000ffe9                beep_on
                0x000000000000fff5                beep_off
                0x0000000000010001                beep_spinup
                0x000000000001000d                beep_quick
                0x0000000000010019                beep_long
 .text          0x000000000001002f      0x103 obj_cooja/mtype292.a(button-sensor.o)
 .text          0x0000000000010132       0x45 obj_cooja/mtype292.a(leds-arch.o)
                0x0000000000010132                leds_arch_init
                0x000000000001013e                leds_arch_get
                0x000000000001014a                leds_arch_set
 .text          0x0000000000010177       0x2f obj_cooja/mtype292.a(moteid.o)
 .text          0x00000000000101a6       0xb1 obj_cooja/mtype292.a(pir-sensor.o)
 .text          0x0000000000010257      0x131 obj_cooja/mtype292.a(rs232.o)
                0x0000000000010257                rs232_init
                0x000000000001025c                rs232_set_speed
                0x000000000001026a                rs232_set_input
                0x0000000000010277                rs232_send
                0x0000000000010299                rs232_print
                0x00000000000102b4                slip_arch_writeb
 .text          0x0000000000010388       0xb1 obj_cooja/mtype292.a(vib-sensor.o)
 .text          0x0000000000010439       0x34 obj_cooja/mtype292.a(clock.o)
                0x0000000000010439                clock_init
                0x000000000001043e                clock_time
                0x0000000000010448                clock_seconds
                0x000000000001045e                clock_delay
 .text          0x000000000001046d      0x1ed obj_cooja/mtype292.a(log.o)
                0x000000000001046d                simlog_char
                0x00000000000104af                simlog
                0x000000000001051c                log_message
                0x0000000000010544                log_set_putchar_with_slip
                0x0000000000010551                log_putchar
                0x00000000000105d5                log_puts
                0x00000000000105f9                log_printf
 .text          0x000000000001065a      0x2c4 obj_cooja/mtype292.a(cfs-cooja.o)
                0x000000000001065a                cfs_open
                0x00000000000106c3                cfs_close
                0x00000000000106cf                cfs_read
                0x000000000001076d                cfs_write
                0x000000000001084a                cfs_seek
                0x00000000000108d2                cfs_remove
                0x00000000000108fb                cfs_opendir
                0x0000000000010905                cfs_readdir
                0x000000000001090f                cfs_closedir
 .text          0x000000000001091e      0x541 obj_cooja/mtype292.a(cooja-radio.o)
                0x0000000000010948                radio_set_channel
                0x000000000001095d                radio_set_txpower
                0x0000000000010974                radio_signal_strength_last
                0x000000000001097e                radio_signal_strength_current
                0x0000000000010988                radio_LQI
 .text          0x0000000000010e5f       0xef obj_cooja/mtype292.a(eeprom.o)
                0x0000000000010e5f                eeprom_init
                0x0000000000010e64                eeprom_read
                0x0000000000010ed4                eeprom_write
 .text          0x0000000000010f4e       0x28 obj_cooja/mtype292.a(random.o)
                0x0000000000010f4e                random_init
                0x0000000000010f69                random_rand
 .text          0x0000000000010f76      0x2a1 obj_cooja/mtype292.a(sensors.o)
                0x0000000000010fb1                sensors_first
                0x0000000000010fbb                sensors_next
                0x0000000000010fd8                sensors_changed
                0x0000000000011007                sensors_find
 .text          0x0000000000011217      0x308 obj_cooja/mtype292.a(dual_conf.o)
                0x0000000000011217                dual_radio_switch
                0x0000000000011272                dual_radio_change
                0x00000000000112ac                sending_in_LR
                0x00000000000112d7                dual_radio_received
                0x000000000001132a                radio_received_is_longrange
                0x00000000000114d5                dio_broadcast
                0x00000000000114fe                dis_broadcast
 .text          0x000000000001151f       0x8e obj_cooja/mtype292.a(autostart.o)
                0x000000000001151f                autostart_start
                0x000000000001156a                autostart_exit
 .text          0x00000000000115ad      0x334 obj_cooja/mtype292.a(ctimer.o)
                0x00000000000116c4                ctimer_init
                0x00000000000116f4                ctimer_set
                0x0000000000011725                ctimer_set_with_process
                0x00000000000117a1                ctimer_reset
                0x00000000000117f0                ctimer_restart
                0x000000000001183f                ctimer_stop
                0x000000000001188a                ctimer_expired
 .text          0x00000000000118e1      0x40b obj_cooja/mtype292.a(etimer.o)
                0x0000000000011af4                etimer_request_poll
                0x0000000000011b78                etimer_set
                0x0000000000011b9d                etimer_reset_with_new_interval
                0x0000000000011bc4                etimer_reset
                0x0000000000011be2                etimer_restart
                0x0000000000011c00                etimer_adjust
                0x0000000000011c1c                etimer_expired
                0x0000000000011c2f                etimer_expiration_time
                0x0000000000011c41                etimer_start_time
                0x0000000000011c4b                etimer_pending
                0x0000000000011c5d                etimer_next_expiration_time
                0x0000000000011c77                etimer_stop
 .text          0x0000000000011cec      0x560 obj_cooja/mtype292.a(process.o)
                0x0000000000011cec                process_alloc_event
                0x0000000000011d01                process_start
                0x0000000000011eea                process_exit
                0x0000000000011f06                process_init
                0x00000000000120d7                process_run
                0x000000000001210a                process_nevents
                0x0000000000012125                process_post
                0x00000000000121d1                process_post_synch
                0x0000000000012209                process_poll
                0x0000000000012238                process_is_running
 .text          0x000000000001224c       0xba obj_cooja/mtype292.a(rtimer.o)
                0x000000000001224c                rtimer_init
                0x0000000000012259                rtimer_set
                0x00000000000122b0                rtimer_run_next
 .text          0x0000000000012306       0x91 obj_cooja/mtype292.a(timer.o)
                0x0000000000012306                timer_set
                0x0000000000012321                timer_reset
                0x0000000000012338                timer_restart
                0x000000000001234a                timer_expired
                0x0000000000012373                timer_remaining
 .text          0x0000000000012397      0x1fb obj_cooja/mtype292.a(serial-line.o)
                0x0000000000012397                serial_line_input_byte
                0x000000000001255a                serial_line_init
 .text          0x0000000000012592      0x244 obj_cooja/mtype292.a(list.o)
                0x0000000000012592                list_init
                0x00000000000125a0                list_head
                0x00000000000125aa                list_copy
                0x00000000000125b9                list_tail
                0x00000000000125ef                list_add
                0x0000000000012638                list_push
                0x0000000000012664                list_chop
                0x00000000000126ce                list_pop
                0x00000000000126f6                list_remove
                0x000000000001275d                list_length
                0x000000000001278b                list_insert
                0x00000000000127bf                list_item_next
 .text          0x00000000000127d6      0x155 obj_cooja/mtype292.a(ringbuf.o)
                0x00000000000127d6                ringbuf_init
                0x0000000000012807                ringbuf_put
                0x0000000000012885                ringbuf_get
                0x00000000000128f2                ringbuf_size
                0x0000000000012904                ringbuf_elements
 .text          0x000000000001292b     0x258b obj_cooja/mtype292.a(sicslowpan.o)
                0x0000000000012eb5                rime_sniffer_add
                0x0000000000012ec2                rime_sniffer_remove
                0x0000000000014e55                sicslowpan_init
                0x0000000000014eac                sicslowpan_get_last_rssi
 .text          0x0000000000014eb6      0x2dc obj_cooja/mtype292.a(uip-ds6-nbr.o)
                0x0000000000014ed3                uip_ds6_neighbors_init
                0x0000000000014ef0                uip_ds6_nbr_add
                0x0000000000014fa1                uip_ds6_nbr_rm
                0x0000000000014ffe                uip_ds6_nbr_get_ipaddr
                0x0000000000015013                uip_ds6_nbr_get_ll
                0x000000000001502f                uip_ds6_nbr_num
                0x0000000000015074                uip_ds6_nbr_lookup
                0x00000000000150d9                uip_ds6_nbr_ll_lookup
                0x00000000000150f5                uip_ds6_nbr_ipaddr_from_lladdr
                0x000000000001511b                uip_ds6_nbr_lladdr_from_ipaddr
                0x0000000000015149                uip_ds6_link_neighbor_callback
 .text          0x0000000000015192     0x12ad obj_cooja/mtype292.a(uip-ds6.o)
                0x0000000000015192                uip_ds6_init
                0x00000000000154e7                uip_ds6_periodic
                0x00000000000155bf                uip_ds6_list_loop
                0x0000000000015666                uip_ds6_prefix_add
                0x0000000000015724                uip_ds6_prefix_rm
                0x0000000000015736                uip_ds6_prefix_lookup
                0x0000000000015787                uip_ds6_is_addr_onlink
                0x00000000000157fb                uip_ds6_addr_add
                0x0000000000015929                uip_ds6_long_addr_add
                0x0000000000015a57                uip_ds6_addr_rm
                0x0000000000015af7                uip_ds6_addr_lookup
                0x0000000000015b42                uip_ds6_long_addr_lookup
                0x0000000000015b8d                uip_ds6_get_link_local
                0x0000000000015c0c                uip_ds6_long_get_link_local
                0x0000000000015c8b                uip_ds6_get_global
                0x0000000000015d0a                uip_ds6_long_get_global
                0x0000000000015d89                uip_ds6_maddr_add
                0x0000000000015dfb                uip_ds6_long_maddr_add
                0x0000000000015e6d                uip_ds6_maddr_rm
                0x0000000000015e7f                uip_ds6_maddr_lookup
                0x0000000000015eca                uip_ds6_long_maddr_lookup
                0x0000000000015f15                uip_ds6_aaddr_add
                0x0000000000015f87                uip_ds6_long_aaddr_add
                0x0000000000015ff9                uip_ds6_aaddr_rm
                0x000000000001600b                uip_ds6_aaddr_lookup
                0x0000000000016056                uip_ds6_long_aaddr_lookup
                0x00000000000160a1                uip_ds6_select_src
                0x000000000001632a                uip_ds6_set_addr_iid
                0x0000000000016361                get_match_length
                0x00000000000163f3                uip_ds6_compute_reachable_time
 .text          0x000000000001643f     0x29f3 obj_cooja/mtype292.a(uip6.o)
                0x000000000001643f                uip_add32
                0x00000000000165d8                uip_chksum
                0x00000000000166c6                uip_icmp6chksum
                0x00000000000166da                uip_tcpchksum
                0x00000000000166ee                uip_udpchksum
                0x0000000000016702                uip_init
                0x00000000000167d2                uip_connect
                0x0000000000016981                remove_ext_hdr
                0x0000000000016a56                uip_udp_new
                0x0000000000016bb2                uip_unlisten
                0x0000000000016c12                uip_listen
                0x0000000000016ed4                uip_process
                0x0000000000018d26                uip_htons
                0x0000000000018d48                uip_htonl
                0x0000000000018d88                uip_send
 .text          0x0000000000018e32      0xa66 obj_cooja/mtype292.a(tcpip.o)
                0x0000000000018e32                tcpip_output
                0x0000000000018e60                tcpip_set_outputfunc
                0x0000000000018ef4                tcp_connect
                0x0000000000018f49                tcp_unlisten
                0x0000000000018fa4                tcp_listen
                0x0000000000018ffd                tcp_attach
                0x0000000000019022                udp_attach
                0x0000000000019047                udp_new
                0x0000000000019099                udp_broadcast_new
                0x000000000001930d                tcpip_input
                0x0000000000019341                tcpip_ipv6_output
                0x00000000000196de                tcpip_poll_udp
                0x0000000000019701                tcpip_poll_tcp
                0x0000000000019724                tcpip_uipcall
 .text          0x0000000000019898      0x1c1 obj_cooja/mtype292.a(uip-debug.o)
                0x0000000000019898                uip_debug_ipaddr_print
                0x00000000000199fa                uip_debug_lladdr_print
 .text          0x0000000000019a59      0x141 obj_cooja/mtype292.a(uip-packetqueue)
                0x0000000000019a85                uip_packetqueue_new
                0x0000000000019a93                uip_packetqueue_alloc
                0x0000000000019af3                uip_packetqueue_free
                0x0000000000019b34                uip_packetqueue_buf
                0x0000000000019b51                uip_packetqueue_buflen
                0x0000000000019b72                uip_packetqueue_set_buflen
 .text          0x0000000000019b9a     0x238e obj_cooja/mtype292.a(rpl-dag.o)
                0x0000000000019b9a                rpl_print_neighbor_list
                0x0000000000019d6f                rpl_get_nbr
                0x0000000000019dc9                rpl_dag_init
                0x0000000000019de6                rpl_get_parent
                0x0000000000019e08                rpl_get_parent_rank
                0x0000000000019e3b                rpl_get_parent_link_metric
                0x0000000000019e6e                rpl_get_parent_ipaddr
                0x000000000001a171                rpl_set_root
                0x000000000001a398                rpl_repair_root
                0x000000000001a5d4                rpl_set_prefix
                0x000000000001a6d3                rpl_set_default_route
                0x000000000001a75f                rpl_alloc_instance
                0x000000000001a7f2                rpl_alloc_dag
                0x000000000001a8a3                rpl_set_default_instance
                0x000000000001a8b0                rpl_get_default_instance
                0x000000000001a8ba                rpl_free_instance
                0x000000000001a969                rpl_free_dag
                0x000000000001a9cf                rpl_add_parent
                0x000000000001aaa5                rpl_find_parent
                0x000000000001aafd                rpl_find_parent_any_dag
                0x000000000001ab39                rpl_select_dag
                0x000000000001aecf                rpl_select_parent
                0x000000000001af31                rpl_remove_parent
                0x000000000001af58                rpl_nullify_parent
                0x000000000001aff6                rpl_move_parent
                0x000000000001b093                rpl_has_downward_route
                0x000000000001b0e6                rpl_get_any_dag
                0x000000000001b148                rpl_get_instance
                0x000000000001b1ab                rpl_find_of
                0x000000000001b1e8                rpl_join_instance
                0x000000000001b463                rpl_add_dag
                0x000000000001b852                rpl_local_repair
                0x000000000001b916                rpl_recalculate_ranks
                0x000000000001b99c                rpl_process_parent_event
                0x000000000001ba4e                rpl_process_dio
 .text          0x000000000001bf28      0xbf3 obj_cooja/mtype292.a(rpl-ext-header.)
                0x000000000001bf45                rpl_verify_header
                0x000000000001c3bf                rpl_update_header_empty
                0x000000000001c6d6                rpl_update_header_final
                0x000000000001c865                rpl_remove_header
                0x000000000001c96f                rpl_invert_header
                0x000000000001caf9                rpl_insert_header
 .text          0x000000000001cb1b     0x25e3 obj_cooja/mtype292.a(rpl-icmp6.o)
                0x000000000001cd7a                rpl_icmp6_update_nbr_table
                0x000000000001cf47                dis_output
                0x000000000001d86e                dio_output
                0x000000000001eb8c                dao_output
                0x000000000001ec53                dao_output_target
                0x000000000001f0b2                dao_ack_output
                0x000000000001f0c6                rpl_icmp6_register_handlers
 .text          0x000000000001f0fe      0x2c1 obj_cooja/mtype292.a(rpl-mrhof.o)
 .text          0x000000000001f3bf      0x7b3 obj_cooja/mtype292.a(rpl-timers.o)
                0x000000000001f605                rpl_reset_periodic_timer
                0x000000000001f65a                rpl_reset_dio_timer
                0x000000000001f894                rpl_schedule_dao
                0x000000000001f8af                rpl_schedule_dao_immediately
                0x000000000001f8ca                rpl_cancel_dao
                0x000000000001f92c                rpl_schedule_unicast_dio_immediately
                0x000000000001fb1a                rpl_schedule_probing
 .text          0x000000000001fb72      0x59b obj_cooja/mtype292.a(rpl.o)
                0x000000000001fb72                rpl_get_mode
                0x000000000001fb7c                rpl_set_mode
                0x000000000001fc0a                rpl_purge_routes
                0x000000000001fd04                rpl_remove_routes
                0x000000000001fd4a                rpl_remove_routes_by_nexthop
                0x000000000001fdb6                rpl_add_route
                0x000000000001fe31                rpl_link_neighbor_callback
                0x000000000001ff36                rpl_ipv6_neighbor_callback
                0x000000000001ffa5                rpl_purge_dags
                0x0000000000020087                rpl_init
 .text          0x000000000002010d       0x82 obj_cooja/mtype292.a(linkaddr.o)
                0x000000000002010d                linkaddr_copy
                0x000000000002012f                linkaddr_cmp
                0x0000000000020159                linkaddr_set_node_addr
                0x0000000000020174                linkaddr_set_node_long_addr
 .text          0x000000000002018f      0x88c obj_cooja/mtype292.a(nbr-table.o)
                0x000000000002018f                lladdr_map_add_lr
                0x000000000002024c                lladdr_map_rm_lr
                0x0000000000020711                nbr_table_register
                0x0000000000020759                nbr_table_head
                0x00000000000207b5                nbr_table_next
                0x000000000002081c                nbr_table_add_lladdr
                0x00000000000208f8                nbr_table_get_from_lladdr
                0x0000000000020945                nbr_table_remove
                0x0000000000020997                nbr_table_lock
                0x00000000000209c1                nbr_table_unlock
                0x00000000000209eb                nbr_table_get_lladdr
 .text          0x0000000000020a1b       0x2b obj_cooja/mtype292.a(netstack.o)
                0x0000000000020a1b                netstack_init
 .text          0x0000000000020a46      0x3cd obj_cooja/mtype292.a(packetbuf.o)
                0x0000000000020a46                packetbuf_clear
                0x0000000000020a70                packetbuf_copyfrom
                0x0000000000020ac2                packetbuf_compact
                0x0000000000020b3f                packetbuf_copyto
                0x0000000000020bd6                packetbuf_hdralloc
                0x0000000000020c53                packetbuf_hdrreduce
                0x0000000000020c9b                packetbuf_set_datalen
                0x0000000000020cb4                packetbuf_dataptr
                0x0000000000020cd1                packetbuf_hdrptr
                0x0000000000020cdb                packetbuf_datalen
                0x0000000000020ce7                packetbuf_hdrlen
                0x0000000000020cfe                packetbuf_totlen
                0x0000000000020d14                packetbuf_attr_clear
                0x0000000000020d66                packetbuf_attr_copyto
                0x0000000000020daf                packetbuf_attr_copyfrom
                0x0000000000020df7                packetbuf_holds_broadcast
 .text          0x0000000000020e13      0x2b4 obj_cooja/mtype292.a(queuebuf.o)
                0x0000000000020e1d                queuebuf_init
                0x0000000000020e3d                queuebuf_numfree
                0x0000000000020e51                queuebuf_new_from_packetbuf
                0x0000000000020ee1                queuebuf_update_attr_from_packetbuf
                0x0000000000020f14                queuebuf_update_from_packetbuf
                0x0000000000020f5e                queuebuf_free
                0x0000000000020fa5                queuebuf_to_packetbuf
                0x000000000002100b                queuebuf_dataptr
                0x0000000000021042                queuebuf_datalen
                0x0000000000021065                queuebuf_addr
                0x0000000000021097                queuebuf_attr
                0x00000000000210c2                queuebuf_debug_print
 .text          0x00000000000210c7      0x831 obj_cooja/mtype292.a(csma.o)
 .text          0x00000000000218f8      0x3f5 obj_cooja/mtype292.a(framer-802154.o)
 .text          0x0000000000021ced       0x3c obj_cooja/mtype292.a(mac.o)
                0x0000000000021ced                mac_call_sent_callback
 .text          0x0000000000021d29       0x5e obj_cooja/mtype292.a(nullmac.o)
 .text          0x0000000000021d87      0x598 obj_cooja/mtype292.a(nullrdc.o)
 .text          0x000000000002231f       0x6e obj_cooja/mtype292.a(nullsec.o)
 .text          0x000000000002238d       0x19 obj_cooja/mtype292.a(watchdog.o)
                0x000000000002238d                watchdog_init
                0x0000000000022392                watchdog_start
                0x0000000000022397                watchdog_periodic
                0x000000000002239c                watchdog_stop
                0x00000000000223a1                watchdog_reboot
 .text          0x00000000000223a6        0x0 obj_cooja/mtype292.a(rimestats.o)
 .text          0x00000000000223a6       0xa3 obj_cooja/mtype292.a(stimer.o)
                0x00000000000223a6                stimer_set
                0x00000000000223c1                stimer_reset
                0x00000000000223d8                stimer_restart
                0x00000000000223ea                stimer_expired
                0x0000000000022411                stimer_remaining
                0x0000000000022435                stimer_elapsed
 .text          0x0000000000022449      0x1c1 obj_cooja/mtype292.a(memb.o)
                0x0000000000022449                memb_init
                0x00000000000224a7                memb_alloc
                0x000000000002250c                memb_free
                0x0000000000022587                memb_inmemb
                0x00000000000225c6                memb_numfree
 .text          0x000000000002260a      0x916 obj_cooja/mtype292.a(uip-ds6-route.o)
                0x0000000000022681                uip_ds6_notification_add
                0x00000000000226b2                uip_ds6_notification_rm
                0x00000000000226ce                uip_ds6_route_init
                0x0000000000022756                uip_ds6_route_nexthop
                0x000000000002277e                uip_ds6_route_head
                0x0000000000022793                uip_ds6_route_next
                0x00000000000227b9                uip_ds6_route_is_nexthop
                0x00000000000227f8                uip_ds6_route_num_routes
                0x0000000000022802                uip_ds6_route_lookup
                0x00000000000228c4                uip_ds6_route_add
                0x0000000000022af8                uip_ds6_route_rm
                0x0000000000022c8c                uip_ds6_route_rm_by_nexthop
                0x0000000000022cc4                uip_ds6_defrt_add
                0x0000000000022d75                uip_ds6_defrt_rm
                0x0000000000022df4                uip_ds6_defrt_lookup
                0x0000000000022e4d                uip_ds6_defrt_choose
                0x0000000000022eb8                uip_ds6_defrt_periodic
 .text          0x0000000000022f20      0xab2 obj_cooja/mtype292.a(uip-icmp6.o)
                0x0000000000022f8e                uip_icmp6_input
                0x0000000000022fe4                uip_icmp6_register_input_handler
                0x00000000000232ac                uip_icmp6_error_output
                0x00000000000235f1                uip_icmp6_send
                0x0000000000023965                uip_icmp6_echo_reply_callback_add
                0x0000000000023996                uip_icmp6_echo_reply_callback_rm
                0x00000000000239b2                uip_icmp6_init
 .text          0x00000000000239d2      0x358 obj_cooja/mtype292.a(uip-nd6.o)
                0x0000000000023a26                uip_nd6_ns_output
                0x0000000000023d25                uip_nd6_init
 .text          0x0000000000023d2a      0x331 obj_cooja/mtype292.a(rpl-nbr-policy.)
                0x0000000000023f02                find_removable_dis
                0x0000000000023f25                find_removable_dio
                0x0000000000023fb4                find_removable_dao
                0x0000000000024004                rpl_nbr_policy_find_removable
 .text          0x000000000002405b      0x97c obj_cooja/mtype292.a(frame802154.o)
                0x000000000002408c                frame802154_get_pan_id
                0x0000000000024098                frame802154_set_pan_id
                0x00000000000240b1                frame802154_has_panid
                0x000000000002419d                frame802154_check_dest_panid
                0x0000000000024205                frame802154_is_broadcast_addr
                0x0000000000024252                frame802154_extract_linkaddr
                0x0000000000024492                frame802154_hdrlen
                0x00000000000244e3                frame802154_create
                0x00000000000246ce                frame802154_parse
 .text          0x00000000000249d7      0x181 obj_cooja/mtype292.a(mac-sequence.o)
                0x0000000000024a0e                mac_sequence_is_duplicate
                0x0000000000024a91                mac_sequence_register_seqno
 .text          0x0000000000024b58        0x0 /usr/lib/gcc/i686-linux-gnu/4.8/crtendS.o
 .text          0x0000000000024b58        0x0 /usr/lib/gcc/i686-linux-gnu/4.8/../../../i386-linux-gnu/crtn.o
 *(.gnu.warning)

.fini           0x0000000000024b58       0x14
 *(SORT(.fini))
 .fini          0x0000000000024b58        0xf /usr/lib/gcc/i686-linux-gnu/4.8/../../../i386-linux-gnu/crti.o
                0x0000000000024b58                _fini
 .fini          0x0000000000024b67        0x5 /usr/lib/gcc/i686-linux-gnu/4.8/../../../i386-linux-gnu/crtn.o
                0x0000000000024b6c                PROVIDE (__etext, .)
                0x0000000000024b6c                PROVIDE (_etext, .)
                0x0000000000024b6c                PROVIDE (etext, .)

.rodata         0x0000000000024b80     0x1318
 *(.rodata .rodata.* .gnu.linkonce.r.*)
 .rodata        0x0000000000024b80      0x148 udp-server.co
                0x0000000000024b94                autostart_processes
 .rodata        0x0000000000024cc8      0x1b6 obj_cooja/mtype292.o
 *fill*         0x0000000000024e7e        0x2 
 .rodata        0x0000000000024e80        0x8 obj_cooja/mtype292.a(beep.o)
                0x0000000000024e80                beep_interface
 .rodata        0x0000000000024e88       0x20 obj_cooja/mtype292.a(button-sensor.o)
                0x0000000000024e88                button_interface
                0x0000000000024e98                button_sensor
 .rodata        0x0000000000024ea8        0x8 obj_cooja/mtype292.a(leds-arch.o)
                0x0000000000024ea8                leds_interface
 .rodata        0x0000000000024eb0        0x8 obj_cooja/mtype292.a(moteid.o)
                0x0000000000024eb0                moteid_interface
 .rodata        0x0000000000024eb8       0x1c obj_cooja/mtype292.a(pir-sensor.o)
                0x0000000000024eb8                pir_interface
                0x0000000000024ec4                pir_sensor
 .rodata        0x0000000000024ed4        0xe obj_cooja/mtype292.a(rs232.o)
                0x0000000000024ed4                rs232_interface
 *fill*         0x0000000000024ee2        0x2 
 .rodata        0x0000000000024ee4       0x24 obj_cooja/mtype292.a(vib-sensor.o)
                0x0000000000024ee4                vib_interface
                0x0000000000024ef8                vib_sensor
 .rodata        0x0000000000024f08        0x8 obj_cooja/mtype292.a(clock.o)
                0x0000000000024f08                clock_interface
 .rodata        0x0000000000024f10        0x8 obj_cooja/mtype292.a(log.o)
                0x0000000000024f10                simlog_interface
 .rodata        0x0000000000024f18       0x2f obj_cooja/mtype292.a(cfs-cooja.o)
                0x0000000000024f18                cfs_interface
 *fill*         0x0000000000024f47       0x19 
 .rodata        0x0000000000024f60      0x120 obj_cooja/mtype292.a(cooja-radio.o)
                0x0000000000025040                cooja_radio_driver
                0x0000000000025078                radio_interface
 .rodata        0x0000000000025080        0x8 obj_cooja/mtype292.a(eeprom.o)
                0x0000000000025080                eeprom_interface
 .rodata        0x0000000000025088        0x8 obj_cooja/mtype292.a(sensors.o)
 .rodata        0x0000000000025090      0x21d obj_cooja/mtype292.a(dual_conf.o)
 .rodata        0x00000000000252ad        0xf obj_cooja/mtype292.a(ctimer.o)
 .rodata        0x00000000000252bc        0xc obj_cooja/mtype292.a(etimer.o)
 .rodata        0x00000000000252c8        0xe obj_cooja/mtype292.a(serial-line.o)
 *fill*         0x00000000000252d6        0x2 
 .rodata        0x00000000000252d8       0x2c obj_cooja/mtype292.a(sicslowpan.o)
                0x00000000000252d8                unc_llconf
                0x00000000000252dc                unc_ctxconf
                0x00000000000252e0                unc_mxconf
                0x00000000000252e4                llprefix
                0x00000000000252f8                sicslowpan_driver
 .rodata        0x0000000000025304      0x13c obj_cooja/mtype292.a(uip6.o)
 .rodata        0x0000000000025440       0x29 obj_cooja/mtype292.a(tcpip.o)
 .rodata        0x0000000000025469       0x3e obj_cooja/mtype292.a(uip-debug.o)
 *fill*         0x00000000000254a7        0x1 
 .rodata        0x00000000000254a8       0x72 obj_cooja/mtype292.a(rpl-dag.o)
 *fill*         0x000000000002551a        0x2 
 .rodata        0x000000000002551c      0x8a4 obj_cooja/mtype292.a(rpl-icmp6.o)
 .rodata        0x0000000000025dc0        0x8 obj_cooja/mtype292.a(linkaddr.o)
                0x0000000000025dc0                linkaddr_null
 .rodata        0x0000000000025dc8       0x24 obj_cooja/mtype292.a(csma.o)
                0x0000000000025dd0                csma_driver
 .rodata        0x0000000000025dec        0xc obj_cooja/mtype292.a(framer-802154.o)
                0x0000000000025dec                framer_802154
 .rodata        0x0000000000025df8       0x24 obj_cooja/mtype292.a(nullmac.o)
                0x0000000000025e00                nullmac_driver
 *fill*         0x0000000000025e1c        0x4 
 .rodata        0x0000000000025e20       0x60 obj_cooja/mtype292.a(nullrdc.o)
                0x0000000000025e60                nullrdc_driver
 .rodata        0x0000000000025e80       0x18 obj_cooja/mtype292.a(nullsec.o)
                0x0000000000025e88                nullsec_driver

.rodata1
 *(.rodata1)

.eh_frame_hdr   0x0000000000025e98     0x134c
 *(.eh_frame_hdr)
 .eh_frame_hdr  0x0000000000025e98     0x134c udp-server.co

.eh_frame       0x00000000000271e4     0x4e90
 *(.eh_frame)
 .eh_frame      0x00000000000271e4       0x3c /usr/lib/gcc/i686-linux-gnu/4.8/../../../i386-linux-gnu/crti.o
                                         0x40 (size before relaxing)
 .eh_frame      0x0000000000027220       0x68 udp-server.co
                                         0x80 (size before relaxing)
 .eh_frame      0x0000000000027288      0x148 obj_cooja/mtype292.o
                                        0x160 (size before relaxing)
 .eh_frame      0x00000000000273d0       0x40 obj_cooja/mtype292.a(simEnvChange.o)
                                         0x58 (size before relaxing)
 .eh_frame      0x0000000000027410       0xc0 obj_cooja/mtype292.a(cooja_mt.o)
                                         0xd8 (size before relaxing)
 .eh_frame      0x00000000000274d0      0x120 obj_cooja/mtype292.a(cooja_mtarch.o)
                                        0x138 (size before relaxing)
 .eh_frame      0x00000000000275f0       0xc0 obj_cooja/mtype292.a(rtimer-arch.o)
                                         0xd8 (size before relaxing)
 .eh_frame      0x00000000000276b0      0x160 obj_cooja/mtype292.a(beep.o)
                                        0x178 (size before relaxing)
 .eh_frame      0x0000000000027810       0xa0 obj_cooja/mtype292.a(button-sensor.o)
                                         0xb8 (size before relaxing)
 .eh_frame      0x00000000000278b0       0xa0 obj_cooja/mtype292.a(leds-arch.o)
                                         0xb8 (size before relaxing)
 .eh_frame      0x0000000000027950       0x40 obj_cooja/mtype292.a(moteid.o)
                                         0x58 (size before relaxing)
 .eh_frame      0x0000000000027990       0xa0 obj_cooja/mtype292.a(pir-sensor.o)
                                         0xb8 (size before relaxing)
 .eh_frame      0x0000000000027a30      0x100 obj_cooja/mtype292.a(rs232.o)
                                        0x118 (size before relaxing)
 .eh_frame      0x0000000000027b30       0xa0 obj_cooja/mtype292.a(vib-sensor.o)
                                         0xb8 (size before relaxing)
 .eh_frame      0x0000000000027bd0       0xc0 obj_cooja/mtype292.a(clock.o)
                                         0xd8 (size before relaxing)
 .eh_frame      0x0000000000027c90      0x120 obj_cooja/mtype292.a(log.o)
                                        0x138 (size before relaxing)
 .eh_frame      0x0000000000027db0      0x160 obj_cooja/mtype292.a(cfs-cooja.o)
                                        0x178 (size before relaxing)
 .eh_frame      0x0000000000027f10      0x2e0 obj_cooja/mtype292.a(cooja-radio.o)
                                        0x2f8 (size before relaxing)
 .eh_frame      0x00000000000281f0       0xa0 obj_cooja/mtype292.a(eeprom.o)
                                         0xb8 (size before relaxing)
 .eh_frame      0x0000000000028290       0x40 obj_cooja/mtype292.a(random.o)
                                         0x58 (size before relaxing)
 .eh_frame      0x00000000000282d0       0xc0 obj_cooja/mtype292.a(sensors.o)
                                         0xd8 (size before relaxing)
 .eh_frame      0x0000000000028390      0x120 obj_cooja/mtype292.a(dual_conf.o)
                                        0x138 (size before relaxing)
 .eh_frame      0x00000000000284b0       0x40 obj_cooja/mtype292.a(autostart.o)
                                         0x58 (size before relaxing)
 .eh_frame      0x00000000000284f0      0x100 obj_cooja/mtype292.a(ctimer.o)
                                        0x118 (size before relaxing)
 .eh_frame      0x00000000000285f0      0x1e0 obj_cooja/mtype292.a(etimer.o)
                                        0x1f8 (size before relaxing)
 .eh_frame      0x00000000000287d0      0x1c8 obj_cooja/mtype292.a(process.o)
                                        0x1e0 (size before relaxing)
 .eh_frame      0x0000000000028998       0x60 obj_cooja/mtype292.a(rtimer.o)
                                         0x78 (size before relaxing)
 .eh_frame      0x00000000000289f8       0xa4 obj_cooja/mtype292.a(timer.o)
                                         0xbc (size before relaxing)
 .eh_frame      0x0000000000028a9c       0x60 obj_cooja/mtype292.a(serial-line.o)
                                         0x78 (size before relaxing)
 .eh_frame      0x0000000000028afc      0x180 obj_cooja/mtype292.a(list.o)
                                        0x198 (size before relaxing)
 .eh_frame      0x0000000000028c7c       0xa0 obj_cooja/mtype292.a(ringbuf.o)
                                         0xb8 (size before relaxing)
 .eh_frame      0x0000000000028d1c      0x350 obj_cooja/mtype292.a(sicslowpan.o)
                                        0x368 (size before relaxing)
 .eh_frame      0x000000000002906c      0x180 obj_cooja/mtype292.a(uip-ds6-nbr.o)
                                        0x198 (size before relaxing)
 .eh_frame      0x00000000000291ec      0x3c8 obj_cooja/mtype292.a(uip-ds6.o)
                                        0x3e0 (size before relaxing)
 .eh_frame      0x00000000000295b4      0x27c obj_cooja/mtype292.a(uip6.o)
                                        0x294 (size before relaxing)
 .eh_frame      0x0000000000029830      0x270 obj_cooja/mtype292.a(tcpip.o)
                                        0x288 (size before relaxing)
 .eh_frame      0x0000000000029aa0       0x48 obj_cooja/mtype292.a(uip-debug.o)
                                         0x60 (size before relaxing)
 .eh_frame      0x0000000000029ae8       0xe0 obj_cooja/mtype292.a(uip-packetqueue)
                                         0xf8 (size before relaxing)
 .eh_frame      0x0000000000029bc8      0x65c obj_cooja/mtype292.a(rpl-dag.o)
                                        0x674 (size before relaxing)
 .eh_frame      0x000000000002a224      0x10c obj_cooja/mtype292.a(rpl-ext-header.)
                                        0x124 (size before relaxing)
 .eh_frame      0x000000000002a330      0x288 obj_cooja/mtype292.a(rpl-icmp6.o)
                                        0x2a0 (size before relaxing)
 .eh_frame      0x000000000002a5b8       0xe0 obj_cooja/mtype292.a(rpl-mrhof.o)
                                         0xf8 (size before relaxing)
 .eh_frame      0x000000000002a698      0x20c obj_cooja/mtype292.a(rpl-timers.o)
                                        0x224 (size before relaxing)
 .eh_frame      0x000000000002a8a4      0x140 obj_cooja/mtype292.a(rpl.o)
                                        0x158 (size before relaxing)
 .eh_frame      0x000000000002a9e4       0x80 obj_cooja/mtype292.a(linkaddr.o)
                                         0x98 (size before relaxing)
 .eh_frame      0x000000000002aa64      0x2ac obj_cooja/mtype292.a(nbr-table.o)
                                        0x2c4 (size before relaxing)
 .eh_frame      0x000000000002ad10       0x20 obj_cooja/mtype292.a(netstack.o)
                                         0x38 (size before relaxing)
 .eh_frame      0x000000000002ad30      0x214 obj_cooja/mtype292.a(packetbuf.o)
                                        0x22c (size before relaxing)
 .eh_frame      0x000000000002af44      0x1a0 obj_cooja/mtype292.a(queuebuf.o)
                                        0x1b8 (size before relaxing)
 .eh_frame      0x000000000002b0e4      0x28c obj_cooja/mtype292.a(csma.o)
                                        0x2a4 (size before relaxing)
 .eh_frame      0x000000000002b370      0x108 obj_cooja/mtype292.a(framer-802154.o)
                                        0x120 (size before relaxing)
 .eh_frame      0x000000000002b478       0x20 obj_cooja/mtype292.a(mac.o)
                                         0x38 (size before relaxing)
 .eh_frame      0x000000000002b498       0xc0 obj_cooja/mtype292.a(nullmac.o)
                                         0xd8 (size before relaxing)
 .eh_frame      0x000000000002b558      0x17c obj_cooja/mtype292.a(nullrdc.o)
                                        0x194 (size before relaxing)
 .eh_frame      0x000000000002b6d4       0x80 obj_cooja/mtype292.a(nullsec.o)
                                         0x98 (size before relaxing)
 .eh_frame      0x000000000002b754       0xa0 obj_cooja/mtype292.a(watchdog.o)
                                         0xb8 (size before relaxing)
 .eh_frame      0x000000000002b7f4       0xc4 obj_cooja/mtype292.a(stimer.o)
                                         0xdc (size before relaxing)
 .eh_frame      0x000000000002b8b8       0xa0 obj_cooja/mtype292.a(memb.o)
                                         0xb8 (size before relaxing)
 .eh_frame      0x000000000002b958      0x2a0 obj_cooja/mtype292.a(uip-ds6-route.o)
                                        0x2b8 (size before relaxing)
 .eh_frame      0x000000000002bbf8      0x164 obj_cooja/mtype292.a(uip-icmp6.o)
                                        0x17c (size before relaxing)
 .eh_frame      0x000000000002bd5c       0x68 obj_cooja/mtype292.a(uip-nd6.o)
                                         0x80 (size before relaxing)
 .eh_frame      0x000000000002bdc4       0xc0 obj_cooja/mtype292.a(rpl-nbr-policy.)
                                         0xd8 (size before relaxing)
 .eh_frame      0x000000000002be84      0x164 obj_cooja/mtype292.a(frame802154.o)
                                        0x17c (size before relaxing)
 .eh_frame      0x000000000002bfe8       0x88 obj_cooja/mtype292.a(mac-sequence.o)
                                         0xa0 (size before relaxing)
 .eh_frame      0x000000000002c070        0x4 /usr/lib/gcc/i686-linux-gnu/4.8/crtendS.o

.gcc_except_table
 *(.gcc_except_table .gcc_except_table.*)

.exception_ranges
 *(.exception_ranges .exception_ranges*)
                0x000000000002c074                . = (ALIGN (0x1000) - ((0x1000 - .) & 0xfff))
                0x000000000002def8                . = DATA_SEGMENT_ALIGN (0x1000, 0x1000)

.eh_frame
 *(.eh_frame)

.gcc_except_table
 *(.gcc_except_table .gcc_except_table.*)

.exception_ranges
 *(.exception_ranges .exception_ranges*)

.tdata
 *(.tdata .tdata.* .gnu.linkonce.td.*)

.tbss
 *(.tbss .tbss.* .gnu.linkonce.tb.*)
 *(.tcommon)

.preinit_array
 *(.preinit_array)

.init_array     0x000000000002def8        0x4
 *(SORT(.init_array.*) SORT(.ctors.*))
 *(.init_array EXCLUDE_FILE(*crtend?.o *crtend.o *crtbegin?.o *crtbegin.o) .ctors)
 .init_array    0x000000000002def8        0x4 /usr/lib/gcc/i686-linux-gnu/4.8/crtbeginS.o

.fini_array     0x000000000002defc        0x4
 *(SORT(.fini_array.*) SORT(.dtors.*))
 *(.fini_array EXCLUDE_FILE(*crtend?.o *crtend.o *crtbegin?.o *crtbegin.o) .dtors)
 .fini_array    0x000000000002defc        0x4 /usr/lib/gcc/i686-linux-gnu/4.8/crtbeginS.o

.ctors
 *crtbegin.o(.ctors)
 *crtbegin?.o(.ctors)
 *(EXCLUDE_FILE(*crtend?.o *crtend.o) .ctors)
 *(SORT(.ctors.*))
 *(.ctors)

.dtors
 *crtbegin.o(.dtors)
 *crtbegin?.o(.dtors)
 *(EXCLUDE_FILE(*crtend?.o *crtend.o) .dtors)
 *(SORT(.dtors.*))
 *(.dtors)

.jcr            0x000000000002df00        0x4
 *(.jcr)
 .jcr           0x000000000002df00        0x0 /usr/lib/gcc/i686-linux-gnu/4.8/crtbeginS.o
 .jcr           0x000000000002df00        0x4 /usr/lib/gcc/i686-linux-gnu/4.8/crtendS.o

.data.rel.ro
 *(.data.rel.ro.local* .gnu.linkonce.d.rel.ro.local.*)
 *(.data.rel.ro .data.rel.ro.* .gnu.linkonce.d.rel.ro.*)

.dynamic        0x000000000002df04       0xe8
 *(.dynamic)
 .dynamic       0x000000000002df04       0xe8 /usr/lib/gcc/i686-linux-gnu/4.8/../../../i386-linux-gnu/crti.o
                0x000000000002df04                _DYNAMIC

.got            0x000000000002dfec       0x14
 *(.got)
 .got           0x000000000002dfec       0x14 /usr/lib/gcc/i686-linux-gnu/4.8/../../../i386-linux-gnu/crti.o
 *(.igot)
                0x000000000002eff4                . = DATA_SEGMENT_RELRO_END (., (SIZEOF (.got.plt) >= 0xc)?0xc:0x0)

.got.plt        0x000000000002e000       0x14
 *(.got.plt)
 .got.plt       0x000000000002e000       0x14 /usr/lib/gcc/i686-linux-gnu/4.8/../../../i386-linux-gnu/crti.o
                0x000000000002e000                _GLOBAL_OFFSET_TABLE_
 *(.igot.plt)

.data           0x000000000002e020      0x246
 *(.data .data.* .gnu.linkonce.d.*)
 .data          0x000000000002e020        0x0 /usr/lib/gcc/i686-linux-gnu/4.8/../../../i386-linux-gnu/crti.o
 .data          0x000000000002e020        0x0 /usr/lib/gcc/i686-linux-gnu/4.8/crtbeginS.o
 .data.rel      0x000000000002e020        0x4 /usr/lib/gcc/i686-linux-gnu/4.8/crtbeginS.o
                0x000000000002e020                __dso_handle
 .data          0x000000000002e024       0x10 udp-server.co
                0x000000000002e024                udp_server_process
 *fill*         0x000000000002e034        0xc 
 .data          0x000000000002e040       0x44 obj_cooja/mtype292.o
                0x000000000002e040                simInterfaces
                0x000000000002e074                sensors
 .data          0x000000000002e084        0x0 obj_cooja/mtype292.a(simEnvChange.o)
 .data          0x000000000002e084        0x0 obj_cooja/mtype292.a(cooja_mt.o)
 .data          0x000000000002e084        0x0 obj_cooja/mtype292.a(cooja_mtarch.o)
 .data          0x000000000002e084        0x0 obj_cooja/mtype292.a(rtimer-arch.o)
 .data          0x000000000002e084        0x0 obj_cooja/mtype292.a(beep.o)
 .data          0x000000000002e084        0x0 obj_cooja/mtype292.a(button-sensor.o)
 .data          0x000000000002e084        0x0 obj_cooja/mtype292.a(leds-arch.o)
 .data          0x000000000002e084        0x0 obj_cooja/mtype292.a(moteid.o)
 .data          0x000000000002e084        0x0 obj_cooja/mtype292.a(pir-sensor.o)
 .data          0x000000000002e084        0x0 obj_cooja/mtype292.a(rs232.o)
 .data          0x000000000002e084        0x0 obj_cooja/mtype292.a(vib-sensor.o)
 .data          0x000000000002e084        0x0 obj_cooja/mtype292.a(clock.o)
 .data          0x000000000002e084        0x0 obj_cooja/mtype292.a(log.o)
 .data          0x000000000002e084        0x0 obj_cooja/mtype292.a(cfs-cooja.o)
 .data          0x000000000002e084       0x2c obj_cooja/mtype292.a(cooja-radio.o)
                0x000000000002e084                simRadioHWOn
                0x000000000002e088                simSignalStrength
                0x000000000002e08c                simLastSignalStrength
                0x000000000002e090                simPower
                0x000000000002e094                simRadioChannel
                0x000000000002e098                simRadioChannelLR
                0x000000000002e09c                simLQI
                0x000000000002e0a0                cooja_radio_process
 .data          0x000000000002e0b0        0x0 obj_cooja/mtype292.a(eeprom.o)
 .data          0x000000000002e0b0        0x0 obj_cooja/mtype292.a(random.o)
 .data          0x000000000002e0b0       0x10 obj_cooja/mtype292.a(sensors.o)
                0x000000000002e0b0                sensors_process
 .data          0x000000000002e0c0       0x24 obj_cooja/mtype292.a(dual_conf.o)
                0x000000000002e0c0                radio_received
                0x000000000002e0c4                dual_dio_broadcast
                0x000000000002e0d4                dual_dis_broadcast
 .data          0x000000000002e0e4        0x0 obj_cooja/mtype292.a(autostart.o)
 .data          0x000000000002e0e4       0x14 obj_cooja/mtype292.a(ctimer.o)
                0x000000000002e0e8                ctimer_process
 .data          0x000000000002e0f8       0x10 obj_cooja/mtype292.a(etimer.o)
                0x000000000002e0f8                etimer_process
 .data          0x000000000002e108        0x0 obj_cooja/mtype292.a(process.o)
 .data          0x000000000002e108        0x0 obj_cooja/mtype292.a(rtimer.o)
 .data          0x000000000002e108        0x0 obj_cooja/mtype292.a(timer.o)
 .data          0x000000000002e108       0x10 obj_cooja/mtype292.a(serial-line.o)
                0x000000000002e108                serial_line_process
 .data          0x000000000002e118        0x0 obj_cooja/mtype292.a(list.o)
 .data          0x000000000002e118        0x0 obj_cooja/mtype292.a(ringbuf.o)
 .data          0x000000000002e118        0x0 obj_cooja/mtype292.a(sicslowpan.o)
 .data          0x000000000002e118       0x14 obj_cooja/mtype292.a(uip-ds6-nbr.o)
                0x000000000002e128                ds6_neighbors
 .data          0x000000000002e12c        0x0 obj_cooja/mtype292.a(uip-ds6.o)
 .data          0x000000000002e12c        0x0 obj_cooja/mtype292.a(uip6.o)
 .data          0x000000000002e12c       0x10 obj_cooja/mtype292.a(tcpip.o)
                0x000000000002e12c                tcpip_process
 .data          0x000000000002e13c        0x0 obj_cooja/mtype292.a(uip-debug.o)
 .data          0x000000000002e13c        0xc obj_cooja/mtype292.a(uip-packetqueue)
 .data          0x000000000002e148       0x14 obj_cooja/mtype292.a(rpl-dag.o)
                0x000000000002e158                rpl_parents
 .data          0x000000000002e15c        0x0 obj_cooja/mtype292.a(rpl-ext-header.)
 .data          0x000000000002e15c       0x34 obj_cooja/mtype292.a(rpl-icmp6.o)
 .data          0x000000000002e190       0x1c obj_cooja/mtype292.a(rpl-mrhof.o)
                0x000000000002e190                rpl_mrhof
 .data          0x000000000002e1ac        0x0 obj_cooja/mtype292.a(rpl-timers.o)
 .data          0x000000000002e1ac        0x0 obj_cooja/mtype292.a(rpl.o)
 .data          0x000000000002e1ac        0x0 obj_cooja/mtype292.a(linkaddr.o)
 .data          0x000000000002e1ac       0x10 obj_cooja/mtype292.a(nbr-table.o)
 .data          0x000000000002e1bc        0x0 obj_cooja/mtype292.a(netstack.o)
 .data          0x000000000002e1bc        0x4 obj_cooja/mtype292.a(packetbuf.o)
 .data          0x000000000002e1c0       0x18 obj_cooja/mtype292.a(queuebuf.o)
 .data          0x000000000002e1d8       0x28 obj_cooja/mtype292.a(csma.o)
 .data          0x000000000002e200        0x0 obj_cooja/mtype292.a(framer-802154.o)
 .data          0x000000000002e200        0x0 obj_cooja/mtype292.a(mac.o)
 .data          0x000000000002e200        0x0 obj_cooja/mtype292.a(nullmac.o)
 .data          0x000000000002e200        0x0 obj_cooja/mtype292.a(nullrdc.o)
 .data          0x000000000002e200        0x0 obj_cooja/mtype292.a(nullsec.o)
 .data          0x000000000002e200        0x0 obj_cooja/mtype292.a(watchdog.o)
 .data          0x000000000002e200        0x0 obj_cooja/mtype292.a(rimestats.o)
 .data          0x000000000002e200        0x0 obj_cooja/mtype292.a(stimer.o)
 .data          0x000000000002e200        0x0 obj_cooja/mtype292.a(memb.o)
 .data          0x000000000002e200       0x44 obj_cooja/mtype292.a(uip-ds6-route.o)
                0x000000000002e210                nbr_routes
 .data          0x000000000002e244       0x20 obj_cooja/mtype292.a(uip-icmp6.o)
 .data          0x000000000002e264        0x0 obj_cooja/mtype292.a(uip-nd6.o)
 .data          0x000000000002e264        0x0 obj_cooja/mtype292.a(rpl-nbr-policy.)
 .data          0x000000000002e264        0x2 obj_cooja/mtype292.a(frame802154.o)
 .data          0x000000000002e266        0x0 obj_cooja/mtype292.a(mac-sequence.o)
 .data          0x000000000002e266        0x0 /usr/lib/gcc/i686-linux-gnu/4.8/crtendS.o
 .data          0x000000000002e266        0x0 /usr/lib/gcc/i686-linux-gnu/4.8/../../../i386-linux-gnu/crtn.o

.tm_clone_table
                0x000000000002e268        0x0
 .tm_clone_table
                0x000000000002e268        0x0 /usr/lib/gcc/i686-linux-gnu/4.8/crtbeginS.o
 .tm_clone_table
                0x000000000002e268        0x0 /usr/lib/gcc/i686-linux-gnu/4.8/crtendS.o

.data1
 *(.data1)
                0x000000000002e268                _edata = .
                0x000000000002e268                PROVIDE (edata, .)
                0x000000000002e268                . = .
                0x000000000002e268                __bss_start = .

.bss            0x000000000002e280     0x8288
 *(.dynbss)
 .dynbss        0x0000000000000000        0x0 /usr/lib/gcc/i686-linux-gnu/4.8/../../../i386-linux-gnu/crti.o
 *(.bss .bss.* .gnu.linkonce.b.*)
 .bss           0x000000000002e280        0x0 /usr/lib/gcc/i686-linux-gnu/4.8/../../../i386-linux-gnu/crti.o
 .bss           0x000000000002e280        0x1 /usr/lib/gcc/i686-linux-gnu/4.8/crtbeginS.o
 *fill*         0x000000000002e281        0x3 
 .bss           0x000000000002e284        0x4 udp-server.co
 *fill*         0x000000000002e288       0x18 
 .bss           0x000000000002e2a0     0x2030 obj_cooja/mtype292.o
 .bss           0x00000000000302d0        0x1 obj_cooja/mtype292.a(simEnvChange.o)
                0x00000000000302d0                simDontFallAsleep
 *fill*         0x00000000000302d1        0x3 
 .bss           0x00000000000302d4        0x4 obj_cooja/mtype292.a(cooja_mt.o)
 .bss           0x00000000000302d8        0x4 obj_cooja/mtype292.a(cooja_mtarch.o)
 .bss           0x00000000000302dc        0xc obj_cooja/mtype292.a(rtimer-arch.o)
 .bss           0x00000000000302e8        0x0 obj_cooja/mtype292.a(beep.o)
 .bss           0x00000000000302e8        0x8 obj_cooja/mtype292.a(button-sensor.o)
 .bss           0x00000000000302f0        0x0 obj_cooja/mtype292.a(leds-arch.o)
 .bss           0x00000000000302f0        0x0 obj_cooja/mtype292.a(moteid.o)
 .bss           0x00000000000302f0        0x1 obj_cooja/mtype292.a(pir-sensor.o)
                0x00000000000302f0                simPirValue
 *fill*         0x00000000000302f1        0x3 
 .bss           0x00000000000302f4        0x4 obj_cooja/mtype292.a(rs232.o)
 .bss           0x00000000000302f8        0x1 obj_cooja/mtype292.a(vib-sensor.o)
                0x00000000000302f8                simVibValue
 .bss           0x00000000000302f9        0x0 obj_cooja/mtype292.a(clock.o)
 *fill*         0x00000000000302f9        0x7 
 .bss           0x0000000000030300      0x420 obj_cooja/mtype292.a(log.o)
 .bss           0x0000000000030720      0xfc0 obj_cooja/mtype292.a(cfs-cooja.o)
                0x0000000000030720                simCFSData
                0x00000000000316c0                simCFSSize
                0x00000000000316c4                simCFSChanged
                0x00000000000316c8                simCFSRead
                0x00000000000316cc                simCFSWritten
 .bss           0x00000000000316e0       0x20 obj_cooja/mtype292.a(cooja-radio.o)
                0x00000000000316e0                simReceiving
                0x00000000000316e1                simReceivingLR
                0x00000000000316e4                simInSize
                0x00000000000316e8                simInSizeLR
                0x00000000000316ec                simOutSize
                0x00000000000316f0                simOutSizeLR
                0x00000000000316f4                LongRangeTransmit
                0x00000000000316f8                LongRangeReceiving
 .bss           0x0000000000031700        0xc obj_cooja/mtype292.a(eeprom.o)
                0x0000000000031700                simEEPROMChanged
                0x0000000000031704                simEEPROMRead
                0x0000000000031708                simEEPROMWritten
 .bss           0x000000000003170c        0x0 obj_cooja/mtype292.a(random.o)
 .bss           0x000000000003170c        0xc obj_cooja/mtype292.a(sensors.o)
 .bss           0x0000000000031718       0x28 obj_cooja/mtype292.a(dual_conf.o)
                0x0000000000031718                long_range_radio
 .bss           0x0000000000031740        0x0 obj_cooja/mtype292.a(autostart.o)
 .bss           0x0000000000031740        0x5 obj_cooja/mtype292.a(ctimer.o)
 *fill*         0x0000000000031745        0x3 
 .bss           0x0000000000031748        0x8 obj_cooja/mtype292.a(etimer.o)
 *fill*         0x0000000000031750       0x10 
 .bss           0x0000000000031760      0x1b1 obj_cooja/mtype292.a(process.o)
                0x0000000000031760                process_list
                0x0000000000031764                process_current
 *fill*         0x0000000000031911        0x3 
 .bss           0x0000000000031914        0x4 obj_cooja/mtype292.a(rtimer.o)
 .bss           0x0000000000031918        0x0 obj_cooja/mtype292.a(timer.o)
 *fill*         0x0000000000031918        0x8 
 .bss           0x0000000000031920      0x140 obj_cooja/mtype292.a(serial-line.o)
 .bss           0x0000000000031a60        0x0 obj_cooja/mtype292.a(list.o)
 .bss           0x0000000000031a60        0x0 obj_cooja/mtype292.a(ringbuf.o)
 .bss           0x0000000000031a60      0x70c obj_cooja/mtype292.a(sicslowpan.o)
 *fill*         0x000000000003216c       0x14 
 .bss           0x0000000000032180       0xf0 obj_cooja/mtype292.a(uip-ds6-nbr.o)
 .bss           0x0000000000032270       0x30 obj_cooja/mtype292.a(uip-ds6.o)
 .bss           0x00000000000322a0        0xe obj_cooja/mtype292.a(uip6.o)
                0x00000000000322a0                uip_ext_bitmap
                0x00000000000322a1                uip_ext_len
                0x00000000000322a2                uip_ext_opt_offset
 *fill*         0x00000000000322ae       0x12 
 .bss           0x00000000000322c0       0x6a obj_cooja/mtype292.a(tcpip.o)
 .bss           0x000000000003232a        0x0 obj_cooja/mtype292.a(uip-debug.o)
 *fill*         0x000000000003232a       0x16 
 .bss           0x0000000000032340      0xcf8 obj_cooja/mtype292.a(uip-packetqueue)
 *fill*         0x0000000000033038        0x8 
 .bss           0x0000000000033040       0xa0 obj_cooja/mtype292.a(rpl-dag.o)
 .bss           0x00000000000330e0        0x0 obj_cooja/mtype292.a(rpl-ext-header.)
 .bss           0x00000000000330e0        0x0 obj_cooja/mtype292.a(rpl-icmp6.o)
 .bss           0x00000000000330e0        0x0 obj_cooja/mtype292.a(rpl-mrhof.o)
 .bss           0x00000000000330e0       0x23 obj_cooja/mtype292.a(rpl-timers.o)
 *fill*         0x0000000000033103        0x1 
 .bss           0x0000000000033104        0x4 obj_cooja/mtype292.a(rpl.o)
 .bss           0x0000000000033108        0x0 obj_cooja/mtype292.a(linkaddr.o)
 *fill*         0x0000000000033108       0x18 
 .bss           0x0000000000033120       0xdc obj_cooja/mtype292.a(nbr-table.o)
 .bss           0x00000000000331fc        0x0 obj_cooja/mtype292.a(netstack.o)
 *fill*         0x00000000000331fc        0x4 
 .bss           0x0000000000033200       0xa0 obj_cooja/mtype292.a(packetbuf.o)
 .bss           0x00000000000332a0      0xb80 obj_cooja/mtype292.a(queuebuf.o)
 .bss           0x0000000000033e20      0x248 obj_cooja/mtype292.a(csma.o)
 .bss           0x0000000000034068        0x2 obj_cooja/mtype292.a(framer-802154.o)
 .bss           0x000000000003406a        0x0 obj_cooja/mtype292.a(mac.o)
 .bss           0x000000000003406a        0x0 obj_cooja/mtype292.a(nullmac.o)
 .bss           0x000000000003406a        0x0 obj_cooja/mtype292.a(nullrdc.o)
 .bss           0x000000000003406a        0x0 obj_cooja/mtype292.a(nullsec.o)
 .bss           0x000000000003406a        0x0 obj_cooja/mtype292.a(watchdog.o)
 .bss           0x000000000003406a        0x0 obj_cooja/mtype292.a(rimestats.o)
 .bss           0x000000000003406a        0x0 obj_cooja/mtype292.a(stimer.o)
 .bss           0x000000000003406a        0x0 obj_cooja/mtype292.a(memb.o)
 *fill*         0x000000000003406a       0x16 
 .bss           0x0000000000034080      0x2a8 obj_cooja/mtype292.a(uip-ds6-route.o)
 .bss           0x0000000000034328       0x18 obj_cooja/mtype292.a(uip-icmp6.o)
 .bss           0x0000000000034340        0x0 obj_cooja/mtype292.a(uip-nd6.o)
 .bss           0x0000000000034340       0x44 obj_cooja/mtype292.a(rpl-nbr-policy.)
 .bss           0x0000000000034384        0x0 obj_cooja/mtype292.a(frame802154.o)
 *fill*         0x0000000000034384       0x1c 
 .bss           0x00000000000343a0       0x90 obj_cooja/mtype292.a(mac-sequence.o)
 .bss           0x0000000000034430        0x0 /usr/lib/gcc/i686-linux-gnu/4.8/crtendS.o
 .bss           0x0000000000034430        0x0 /usr/lib/gcc/i686-linux-gnu/4.8/../../../i386-linux-gnu/crtn.o
 *(COMMON)
 COMMON         0x0000000000034430        0x8 obj_cooja/mtype292.o
                0x0000000000034430                referenceVar
                0x0000000000034434                sensors_flags
 COMMON         0x0000000000034438        0xc obj_cooja/mtype292.a(simEnvChange.o)
                0x0000000000034438                simEtimerPending
                0x000000000003443c                simProcessRunValue
                0x0000000000034440                simNextExpirationTime
 COMMON         0x0000000000034444        0x1 obj_cooja/mtype292.a(beep.o)
                0x0000000000034444                simBeeped
 COMMON         0x0000000000034445        0x3 obj_cooja/mtype292.a(button-sensor.o)
                0x0000000000034445                simButtonIsActive
                0x0000000000034446                simButtonIsDown
                0x0000000000034447                simButtonChanged
 COMMON         0x0000000000034448        0x1 obj_cooja/mtype292.a(leds-arch.o)
                0x0000000000034448                simLedsValue
 *fill*         0x0000000000034449        0x3 
 COMMON         0x000000000003444c        0xc obj_cooja/mtype292.a(moteid.o)
                0x000000000003444c                simRandomSeed
                0x0000000000034450                simMoteIDChanged
                0x0000000000034454                simMoteID
 COMMON         0x0000000000034458        0x2 obj_cooja/mtype292.a(pir-sensor.o)
                0x0000000000034458                simPirIsActive
                0x0000000000034459                simPirChanged
 *fill*         0x000000000003445a        0x6 
 COMMON         0x0000000000034460      0x820 obj_cooja/mtype292.a(rs232.o)
                0x0000000000034460                simSerialReceivingFlag
                0x0000000000034464                simSerialReceivingLength
                0x0000000000034480                simSerialReceivingData
 COMMON         0x0000000000034c80        0x2 obj_cooja/mtype292.a(vib-sensor.o)
                0x0000000000034c80                simVibChanged
                0x0000000000034c81                simVibIsActive
 *fill*         0x0000000000034c82        0x2 
 COMMON         0x0000000000034c84        0x4 obj_cooja/mtype292.a(clock.o)
                0x0000000000034c84                simCurrentTime
 *fill*         0x0000000000034c88       0x18 
 COMMON         0x0000000000034ca0      0x420 obj_cooja/mtype292.a(log.o)
                0x0000000000034ca0                simLoggedLength
                0x0000000000034ca4                simLoggedFlag
                0x0000000000034cc0                simLoggedData
 COMMON         0x00000000000350c0      0x200 obj_cooja/mtype292.a(cooja-radio.o)
                0x00000000000350c0                simOutDataBuffer
                0x0000000000035140                simInDataBufferLR
                0x00000000000351c0                simOutDataBufferLR
                0x0000000000035240                simInDataBuffer
 COMMON         0x00000000000352c0      0x400 obj_cooja/mtype292.a(eeprom.o)
                0x00000000000352c0                simEEPROMData
 COMMON         0x00000000000356c0        0x1 obj_cooja/mtype292.a(sensors.o)
                0x00000000000356c0                sensors_event
 COMMON         0x00000000000356c1        0x1 obj_cooja/mtype292.a(serial-line.o)
                0x00000000000356c1                serial_line_event_message
 *fill*         0x00000000000356c2       0x1e 
 COMMON         0x00000000000356e0       0x64 obj_cooja/mtype292.a(uip-ds6-nbr.o)
                0x00000000000356e0                ds6_lr_addrmap
 *fill*         0x0000000000035744       0x1c 
 COMMON         0x0000000000035760      0x298 obj_cooja/mtype292.a(uip-ds6.o)
                0x0000000000035760                uip_ds6_prefix_list
                0x00000000000357c0                uip_ds6_timer_periodic
                0x00000000000357d0                uip_ds6_netif_addr_list_offset
                0x00000000000357e0                uip_ds6_if
                0x00000000000358d8                uip_ds6_timer_ra
                0x00000000000358e0                uip_ds6_addr_size
                0x0000000000035900                long_uip_ds6_if
 *fill*         0x00000000000359f8        0x8 
 COMMON         0x0000000000035a00      0x8ec obj_cooja/mtype292.a(uip6.o)
                0x0000000000035a00                uip_slen
                0x0000000000035a02                uip_acc32
                0x0000000000035a20                uip_conns
                0x0000000000035ae0                uip_lladdr
                0x0000000000035ae8                uip_appdata
                0x0000000000035aec                uip_flags
                0x0000000000035b00                uip_aligned_buf
                0x0000000000036140                uip_listenports
                0x0000000000036150                uip_len
                0x0000000000036152                uip_long_lladdr
                0x000000000003615c                uip_sappdata
                0x0000000000036160                uip_udp_conns
                0x00000000000362e0                uip_udp_conn
                0x00000000000362e4                uip_next_hdr
                0x00000000000362e8                uip_conn
 COMMON         0x00000000000362ec        0x1 obj_cooja/mtype292.a(tcpip.o)
                0x00000000000362ec                tcpip_event
 *fill*         0x00000000000362ed       0x13 
 COMMON         0x0000000000036300      0x170 obj_cooja/mtype292.a(rpl-dag.o)
                0x0000000000036300                default_instance
                0x0000000000036320                instance_table
 COMMON         0x0000000000036470       0x10 obj_cooja/mtype292.a(linkaddr.o)
                0x0000000000036470                linkaddr_node_addr
                0x0000000000036478                long_linkaddr_node_addr
 COMMON         0x0000000000036480       0x2e obj_cooja/mtype292.a(packetbuf.o)
                0x0000000000036480                packetbuf_attrs
                0x000000000003649e                packetbuf_addrs
 *fill*         0x00000000000364ae       0x12 
 COMMON         0x00000000000364c0       0x48 obj_cooja/mtype292.a(rimestats.o)
                0x00000000000364c0                rimestats
                0x0000000000036508                . = ALIGN ((. != 0x0)?0x4:0x1)
                0x0000000000036508                . = ALIGN (0x4)
                0x0000000000036508                . = SEGMENT_START ("ldata-segment", .)
                0x0000000000036508                . = ALIGN (0x4)
                0x0000000000036508                _end = .
                0x0000000000036508                PROVIDE (end, .)
                0x0000000000036508                . = DATA_SEGMENT_END (.)

.stab
 *(.stab)

.stabstr
 *(.stabstr)

.stab.excl
 *(.stab.excl)

.stab.exclstr
 *(.stab.exclstr)

.stab.index
 *(.stab.index)

.stab.indexstr
 *(.stab.indexstr)

.comment        0x0000000000000000       0x54
 *(.comment)
 .comment       0x0000000000000000       0x2b /usr/lib/gcc/i686-linux-gnu/4.8/crtbeginS.o
                                         0x2c (size before relaxing)
 .comment       0x0000000000000000       0x2c udp-server.co
 .comment       0x0000000000000000       0x2c obj_cooja/mtype292.o
 .comment       0x0000000000000000       0x2c obj_cooja/mtype292.a(simEnvChange.o)
 .comment       0x0000000000000000       0x2c obj_cooja/mtype292.a(cooja_mt.o)
 .comment       0x0000000000000000       0x2c obj_cooja/mtype292.a(cooja_mtarch.o)
 .comment       0x0000000000000000       0x2c obj_cooja/mtype292.a(rtimer-arch.o)
 .comment       0x0000000000000000       0x2c obj_cooja/mtype292.a(beep.o)
 .comment       0x0000000000000000       0x2c obj_cooja/mtype292.a(button-sensor.o)
 .comment       0x0000000000000000       0x2c obj_cooja/mtype292.a(leds-arch.o)
 .comment       0x0000000000000000       0x2c obj_cooja/mtype292.a(moteid.o)
 .comment       0x0000000000000000       0x2c obj_cooja/mtype292.a(pir-sensor.o)
 .comment       0x0000000000000000       0x2c obj_cooja/mtype292.a(rs232.o)
 .comment       0x0000000000000000       0x2c obj_cooja/mtype292.a(vib-sensor.o)
 .comment       0x0000000000000000       0x2c obj_cooja/mtype292.a(clock.o)
 .comment       0x0000000000000000       0x2c obj_cooja/mtype292.a(log.o)
 .comment       0x0000000000000000       0x2c obj_cooja/mtype292.a(cfs-cooja.o)
 .comment       0x0000000000000000       0x2c obj_cooja/mtype292.a(cooja-radio.o)
 .comment       0x0000000000000000       0x2c obj_cooja/mtype292.a(eeprom.o)
 .comment       0x0000000000000000       0x2c obj_cooja/mtype292.a(random.o)
 .comment       0x0000000000000000       0x2c obj_cooja/mtype292.a(sensors.o)
 .comment       0x0000000000000000       0x2c obj_cooja/mtype292.a(dual_conf.o)
 .comment       0x0000000000000000       0x2c obj_cooja/mtype292.a(autostart.o)
 .comment       0x0000000000000000       0x2c obj_cooja/mtype292.a(ctimer.o)
 .comment       0x0000000000000000       0x2c obj_cooja/mtype292.a(etimer.o)
 .comment       0x0000000000000000       0x2c obj_cooja/mtype292.a(process.o)
 .comment       0x0000000000000000       0x2c obj_cooja/mtype292.a(rtimer.o)
 .comment       0x0000000000000000       0x2c obj_cooja/mtype292.a(timer.o)
 .comment       0x0000000000000000       0x2c obj_cooja/mtype292.a(serial-line.o)
 .comment       0x000000000000002b       0x29 obj_cooja/mtype292.a(list.o)
                                         0x2a (size before relaxing)
 .comment       0x0000000000000000       0x2c obj_cooja/mtype292.a(ringbuf.o)
 .comment       0x0000000000000000       0x2c obj_cooja/mtype292.a(sicslowpan.o)
 .comment       0x0000000000000000       0x2c obj_cooja/mtype292.a(uip-ds6-nbr.o)
 .comment       0x0000000000000000       0x2c obj_cooja/mtype292.a(uip-ds6.o)
 .comment       0x0000000000000000       0x2c obj_cooja/mtype292.a(uip6.o)
 .comment       0x0000000000000000       0x2c obj_cooja/mtype292.a(tcpip.o)
 .comment       0x0000000000000000       0x2c obj_cooja/mtype292.a(uip-debug.o)
 .comment       0x0000000000000000       0x2c obj_cooja/mtype292.a(uip-packetqueue)
 .comment       0x0000000000000000       0x2c obj_cooja/mtype292.a(rpl-dag.o)
 .comment       0x0000000000000000       0x2c obj_cooja/mtype292.a(rpl-ext-header.)
 .comment       0x0000000000000000       0x2c obj_cooja/mtype292.a(rpl-icmp6.o)
 .comment       0x0000000000000000       0x2c obj_cooja/mtype292.a(rpl-mrhof.o)
 .comment       0x0000000000000000       0x2c obj_cooja/mtype292.a(rpl-timers.o)
 .comment       0x0000000000000000       0x2c obj_cooja/mtype292.a(rpl.o)
 .comment       0x0000000000000000       0x2c obj_cooja/mtype292.a(linkaddr.o)
 .comment       0x0000000000000000       0x2c obj_cooja/mtype292.a(nbr-table.o)
 .comment       0x0000000000000000       0x2c obj_cooja/mtype292.a(netstack.o)
 .comment       0x0000000000000000       0x2c obj_cooja/mtype292.a(packetbuf.o)
 .comment       0x0000000000000000       0x2c obj_cooja/mtype292.a(queuebuf.o)
 .comment       0x0000000000000000       0x2c obj_cooja/mtype292.a(csma.o)
 .comment       0x0000000000000000       0x2c obj_cooja/mtype292.a(framer-802154.o)
 .comment       0x0000000000000000       0x2c obj_cooja/mtype292.a(mac.o)
 .comment       0x0000000000000000       0x2c obj_cooja/mtype292.a(nullmac.o)
 .comment       0x0000000000000000       0x2c obj_cooja/mtype292.a(nullrdc.o)
 .comment       0x0000000000000000       0x2c obj_cooja/mtype292.a(nullsec.o)
 .comment       0x0000000000000000       0x2c obj_cooja/mtype292.a(watchdog.o)
 .comment       0x0000000000000000       0x2a obj_cooja/mtype292.a(rimestats.o)
 .comment       0x0000000000000000       0x2c obj_cooja/mtype292.a(stimer.o)
 .comment       0x0000000000000000       0x2c obj_cooja/mtype292.a(memb.o)
 .comment       0x0000000000000000       0x2c obj_cooja/mtype292.a(uip-ds6-route.o)
 .comment       0x0000000000000000       0x2c obj_cooja/mtype292.a(uip-icmp6.o)
 .comment       0x0000000000000000       0x2c obj_cooja/mtype292.a(uip-nd6.o)
 .comment       0x0000000000000000       0x2c obj_cooja/mtype292.a(rpl-nbr-policy.)
 .comment       0x0000000000000000       0x2c obj_cooja/mtype292.a(frame802154.o)
 .comment       0x0000000000000000       0x2c obj_cooja/mtype292.a(mac-sequence.o)
 .comment       0x0000000000000000       0x2c /usr/lib/gcc/i686-linux-gnu/4.8/crtendS.o

.debug
 *(.debug)

.line
 *(.line)

.debug_srcinfo
 *(.debug_srcinfo)

.debug_sfnames
 *(.debug_sfnames)

.debug_aranges  0x0000000000000000      0x7f8
 *(.debug_aranges)
 .debug_aranges
                0x0000000000000000       0x20 udp-server.co
 .debug_aranges
                0x0000000000000020       0x20 obj_cooja/mtype292.o
 .debug_aranges
                0x0000000000000040       0x20 obj_cooja/mtype292.a(simEnvChange.o)
 .debug_aranges
                0x0000000000000060       0x20 obj_cooja/mtype292.a(cooja_mt.o)
 .debug_aranges
                0x0000000000000080       0x20 obj_cooja/mtype292.a(cooja_mtarch.o)
 .debug_aranges
                0x00000000000000a0       0x20 obj_cooja/mtype292.a(rtimer-arch.o)
 .debug_aranges
                0x00000000000000c0       0x20 obj_cooja/mtype292.a(beep.o)
 .debug_aranges
                0x00000000000000e0       0x20 obj_cooja/mtype292.a(button-sensor.o)
 .debug_aranges
                0x0000000000000100       0x20 obj_cooja/mtype292.a(leds-arch.o)
 .debug_aranges
                0x0000000000000120       0x20 obj_cooja/mtype292.a(moteid.o)
 .debug_aranges
                0x0000000000000140       0x20 obj_cooja/mtype292.a(pir-sensor.o)
 .debug_aranges
                0x0000000000000160       0x20 obj_cooja/mtype292.a(rs232.o)
 .debug_aranges
                0x0000000000000180       0x20 obj_cooja/mtype292.a(vib-sensor.o)
 .debug_aranges
                0x00000000000001a0       0x20 obj_cooja/mtype292.a(clock.o)
 .debug_aranges
                0x00000000000001c0       0x20 obj_cooja/mtype292.a(log.o)
 .debug_aranges
                0x00000000000001e0       0x20 obj_cooja/mtype292.a(cfs-cooja.o)
 .debug_aranges
                0x0000000000000200       0x20 obj_cooja/mtype292.a(cooja-radio.o)
 .debug_aranges
                0x0000000000000220       0x20 obj_cooja/mtype292.a(eeprom.o)
 .debug_aranges
                0x0000000000000240       0x20 obj_cooja/mtype292.a(random.o)
 .debug_aranges
                0x0000000000000260       0x20 obj_cooja/mtype292.a(sensors.o)
 .debug_aranges
                0x0000000000000280       0x20 obj_cooja/mtype292.a(dual_conf.o)
 .debug_aranges
                0x00000000000002a0       0x20 obj_cooja/mtype292.a(autostart.o)
 .debug_aranges
                0x00000000000002c0       0x20 obj_cooja/mtype292.a(ctimer.o)
 .debug_aranges
                0x00000000000002e0       0x20 obj_cooja/mtype292.a(etimer.o)
 .debug_aranges
                0x0000000000000300       0x20 obj_cooja/mtype292.a(process.o)
 .debug_aranges
                0x0000000000000320       0x20 obj_cooja/mtype292.a(rtimer.o)
 .debug_aranges
                0x0000000000000340       0x20 obj_cooja/mtype292.a(timer.o)
 .debug_aranges
                0x0000000000000360       0x20 obj_cooja/mtype292.a(serial-line.o)
 .debug_aranges
                0x0000000000000380       0x20 obj_cooja/mtype292.a(list.o)
 .debug_aranges
                0x00000000000003a0       0x20 obj_cooja/mtype292.a(ringbuf.o)
 .debug_aranges
                0x00000000000003c0       0x20 obj_cooja/mtype292.a(sicslowpan.o)
 .debug_aranges
                0x00000000000003e0       0x20 obj_cooja/mtype292.a(uip-ds6-nbr.o)
 .debug_aranges
                0x0000000000000400       0x20 obj_cooja/mtype292.a(uip-ds6.o)
 .debug_aranges
                0x0000000000000420       0x20 obj_cooja/mtype292.a(uip6.o)
 .debug_aranges
                0x0000000000000440       0x20 obj_cooja/mtype292.a(tcpip.o)
 .debug_aranges
                0x0000000000000460       0x20 obj_cooja/mtype292.a(uip-debug.o)
 .debug_aranges
                0x0000000000000480       0x20 obj_cooja/mtype292.a(uip-packetqueue)
 .debug_aranges
                0x00000000000004a0       0x20 obj_cooja/mtype292.a(rpl-dag.o)
 .debug_aranges
                0x00000000000004c0       0x20 obj_cooja/mtype292.a(rpl-ext-header.)
 .debug_aranges
                0x00000000000004e0       0x20 obj_cooja/mtype292.a(rpl-icmp6.o)
 .debug_aranges
                0x0000000000000500       0x20 obj_cooja/mtype292.a(rpl-mrhof.o)
 .debug_aranges
                0x0000000000000520       0x20 obj_cooja/mtype292.a(rpl-timers.o)
 .debug_aranges
                0x0000000000000540       0x20 obj_cooja/mtype292.a(rpl.o)
 .debug_aranges
                0x0000000000000560       0x20 obj_cooja/mtype292.a(linkaddr.o)
 .debug_aranges
                0x0000000000000580       0x20 obj_cooja/mtype292.a(nbr-table.o)
 .debug_aranges
                0x00000000000005a0       0x20 obj_cooja/mtype292.a(netstack.o)
 .debug_aranges
                0x00000000000005c0       0x20 obj_cooja/mtype292.a(packetbuf.o)
 .debug_aranges
                0x00000000000005e0       0x20 obj_cooja/mtype292.a(queuebuf.o)
 .debug_aranges
                0x0000000000000600       0x20 obj_cooja/mtype292.a(csma.o)
 .debug_aranges
                0x0000000000000620       0x20 obj_cooja/mtype292.a(framer-802154.o)
 .debug_aranges
                0x0000000000000640       0x20 obj_cooja/mtype292.a(mac.o)
 .debug_aranges
                0x0000000000000660       0x20 obj_cooja/mtype292.a(nullmac.o)
 .debug_aranges
                0x0000000000000680       0x20 obj_cooja/mtype292.a(nullrdc.o)
 .debug_aranges
                0x00000000000006a0       0x20 obj_cooja/mtype292.a(nullsec.o)
 .debug_aranges
                0x00000000000006c0       0x20 obj_cooja/mtype292.a(watchdog.o)
 .debug_aranges
                0x00000000000006e0       0x18 obj_cooja/mtype292.a(rimestats.o)
 .debug_aranges
                0x00000000000006f8       0x20 obj_cooja/mtype292.a(stimer.o)
 .debug_aranges
                0x0000000000000718       0x20 obj_cooja/mtype292.a(memb.o)
 .debug_aranges
                0x0000000000000738       0x20 obj_cooja/mtype292.a(uip-ds6-route.o)
 .debug_aranges
                0x0000000000000758       0x20 obj_cooja/mtype292.a(uip-icmp6.o)
 .debug_aranges
                0x0000000000000778       0x20 obj_cooja/mtype292.a(uip-nd6.o)
 .debug_aranges
                0x0000000000000798       0x20 obj_cooja/mtype292.a(rpl-nbr-policy.)
 .debug_aranges
                0x00000000000007b8       0x20 obj_cooja/mtype292.a(frame802154.o)
 .debug_aranges
                0x00000000000007d8       0x20 obj_cooja/mtype292.a(mac-sequence.o)

.debug_pubnames
 *(.debug_pubnames)

.debug_info     0x0000000000000000    0x1bd36
 *(.debug_info .gnu.linkonce.wi.*)
 .debug_info    0x0000000000000000      0xddf udp-server.co
 .debug_info    0x0000000000000ddf     0x3771 obj_cooja/mtype292.o
 .debug_info    0x0000000000004550      0x15a obj_cooja/mtype292.a(simEnvChange.o)
 .debug_info    0x00000000000046aa      0x1e2 obj_cooja/mtype292.a(cooja_mt.o)
 .debug_info    0x000000000000488c      0x2e7 obj_cooja/mtype292.a(cooja_mtarch.o)
 .debug_info    0x0000000000004b73      0x16b obj_cooja/mtype292.a(rtimer-arch.o)
 .debug_info    0x0000000000004cde      0x1f3 obj_cooja/mtype292.a(beep.o)
 .debug_info    0x0000000000004ed1      0x257 obj_cooja/mtype292.a(button-sensor.o)
 .debug_info    0x0000000000005128      0x132 obj_cooja/mtype292.a(leds-arch.o)
 .debug_info    0x000000000000525a      0x10a obj_cooja/mtype292.a(moteid.o)
 .debug_info    0x0000000000005364      0x216 obj_cooja/mtype292.a(pir-sensor.o)
 .debug_info    0x000000000000557a      0x21e obj_cooja/mtype292.a(rs232.o)
 .debug_info    0x0000000000005798      0x216 obj_cooja/mtype292.a(vib-sensor.o)
 .debug_info    0x00000000000059ae      0x152 obj_cooja/mtype292.a(clock.o)
 .debug_info    0x0000000000005b00      0x2bb obj_cooja/mtype292.a(log.o)
 .debug_info    0x0000000000005dbb      0x3cf obj_cooja/mtype292.a(cfs-cooja.o)
 .debug_info    0x000000000000618a      0xc5e obj_cooja/mtype292.a(cooja-radio.o)
 .debug_info    0x0000000000006de8      0x1d5 obj_cooja/mtype292.a(eeprom.o)
 .debug_info    0x0000000000006fbd       0xb3 obj_cooja/mtype292.a(random.o)
 .debug_info    0x0000000000007070      0x36d obj_cooja/mtype292.a(sensors.o)
 .debug_info    0x00000000000073dd      0x99d obj_cooja/mtype292.a(dual_conf.o)
 .debug_info    0x0000000000007d7a      0x1a5 obj_cooja/mtype292.a(autostart.o)
 .debug_info    0x0000000000007f1f      0x46c obj_cooja/mtype292.a(ctimer.o)
 .debug_info    0x000000000000838b      0x49c obj_cooja/mtype292.a(etimer.o)
 .debug_info    0x0000000000008827      0x4ba obj_cooja/mtype292.a(process.o)
 .debug_info    0x0000000000008ce1      0x1ab obj_cooja/mtype292.a(rtimer.o)
 .debug_info    0x0000000000008e8c      0x16c obj_cooja/mtype292.a(timer.o)
 .debug_info    0x0000000000008ff8      0x2de obj_cooja/mtype292.a(serial-line.o)
 .debug_info    0x00000000000092d6      0x2ed obj_cooja/mtype292.a(list.o)
 .debug_info    0x00000000000095c3      0x1aa obj_cooja/mtype292.a(ringbuf.o)
 .debug_info    0x000000000000976d     0x105d obj_cooja/mtype292.a(sicslowpan.o)
 .debug_info    0x000000000000a7ca      0x8c7 obj_cooja/mtype292.a(uip-ds6-nbr.o)
 .debug_info    0x000000000000b091      0xc19 obj_cooja/mtype292.a(uip-ds6.o)
 .debug_info    0x000000000000bcaa      0xea0 obj_cooja/mtype292.a(uip6.o)
 .debug_info    0x000000000000cb4a     0x14b3 obj_cooja/mtype292.a(tcpip.o)
 .debug_info    0x000000000000dffd      0x1b5 obj_cooja/mtype292.a(uip-debug.o)
 .debug_info    0x000000000000e1b2      0x470 obj_cooja/mtype292.a(uip-packetqueue)
 .debug_info    0x000000000000e622     0x18f4 obj_cooja/mtype292.a(rpl-dag.o)
 .debug_info    0x000000000000ff16      0xe2b obj_cooja/mtype292.a(rpl-ext-header.)
 .debug_info    0x0000000000010d41     0x1746 obj_cooja/mtype292.a(rpl-icmp6.o)
 .debug_info    0x0000000000012487      0xacc obj_cooja/mtype292.a(rpl-mrhof.o)
 .debug_info    0x0000000000012f53      0xbeb obj_cooja/mtype292.a(rpl-timers.o)
 .debug_info    0x0000000000013b3e      0xcde obj_cooja/mtype292.a(rpl.o)
 .debug_info    0x000000000001481c      0x198 obj_cooja/mtype292.a(linkaddr.o)
 .debug_info    0x00000000000149b4      0x9c3 obj_cooja/mtype292.a(nbr-table.o)
 .debug_info    0x0000000000015377      0x4b9 obj_cooja/mtype292.a(netstack.o)
 .debug_info    0x0000000000015830      0x478 obj_cooja/mtype292.a(packetbuf.o)
 .debug_info    0x0000000000015ca8      0x57d obj_cooja/mtype292.a(queuebuf.o)
 .debug_info    0x0000000000016225      0xbff obj_cooja/mtype292.a(csma.o)
 .debug_info    0x0000000000016e24      0x5ed obj_cooja/mtype292.a(framer-802154.o)
 .debug_info    0x0000000000017411      0x112 obj_cooja/mtype292.a(mac.o)
 .debug_info    0x0000000000017523      0x3d5 obj_cooja/mtype292.a(nullmac.o)
 .debug_info    0x00000000000178f8      0xcde obj_cooja/mtype292.a(nullrdc.o)
 .debug_info    0x00000000000185d6      0x3aa obj_cooja/mtype292.a(nullsec.o)
 .debug_info    0x0000000000018980       0x7b obj_cooja/mtype292.a(watchdog.o)
 .debug_info    0x00000000000189fb      0x119 obj_cooja/mtype292.a(rimestats.o)
 .debug_info    0x0000000000018b14      0x179 obj_cooja/mtype292.a(stimer.o)
 .debug_info    0x0000000000018c8d      0x1d7 obj_cooja/mtype292.a(memb.o)
 .debug_info    0x0000000000018e64      0xd30 obj_cooja/mtype292.a(uip-ds6-route.o)
 .debug_info    0x0000000000019b94      0x784 obj_cooja/mtype292.a(uip-icmp6.o)
 .debug_info    0x000000000001a318      0x331 obj_cooja/mtype292.a(uip-nd6.o)
 .debug_info    0x000000000001a649      0xda2 obj_cooja/mtype292.a(rpl-nbr-policy.)
 .debug_info    0x000000000001b3eb      0x6b4 obj_cooja/mtype292.a(frame802154.o)
 .debug_info    0x000000000001ba9f      0x297 obj_cooja/mtype292.a(mac-sequence.o)

.debug_abbrev   0x0000000000000000     0x6820
 *(.debug_abbrev)
 .debug_abbrev  0x0000000000000000      0x227 udp-server.co
 .debug_abbrev  0x0000000000000227      0x2b3 obj_cooja/mtype292.o
 .debug_abbrev  0x00000000000004da       0xc3 obj_cooja/mtype292.a(simEnvChange.o)
 .debug_abbrev  0x000000000000059d       0xe6 obj_cooja/mtype292.a(cooja_mt.o)
 .debug_abbrev  0x0000000000000683      0x147 obj_cooja/mtype292.a(cooja_mtarch.o)
 .debug_abbrev  0x00000000000007ca       0xcc obj_cooja/mtype292.a(rtimer-arch.o)
 .debug_abbrev  0x0000000000000896       0xe3 obj_cooja/mtype292.a(beep.o)
 .debug_abbrev  0x0000000000000979      0x11c obj_cooja/mtype292.a(button-sensor.o)