Archive member included to satisfy reference by file (symbol)

obj_cooja/mtype772.a(simEnvChange.o)
                              obj_cooja/mtype772.o (simDontFallAsleep)
obj_cooja/mtype772.a(cooja_mt.o)
                              obj_cooja/mtype772.o (cooja_mt_start)
obj_cooja/mtype772.a(cooja_mtarch.o)
                              obj_cooja/mtype772.a(cooja_mt.o) (cooja_mtarch_init)
obj_cooja/mtype772.a(rtimer-arch.o)
                              obj_cooja/mtype772.o (rtimer_arch_next)
obj_cooja/mtype772.a(beep.o)  obj_cooja/mtype772.o (beep_interface)
obj_cooja/mtype772.a(button-sensor.o)
                              obj_cooja/mtype772.o (button_interface)
obj_cooja/mtype772.a(leds-arch.o)
                              obj_cooja/mtype772.o (leds_interface)
obj_cooja/mtype772.a(moteid.o)
                              obj_cooja/mtype772.o (moteid_interface)
obj_cooja/mtype772.a(pir-sensor.o)
                              obj_cooja/mtype772.o (pir_interface)
obj_cooja/mtype772.a(rs232.o)
                              obj_cooja/mtype772.o (rs232_interface)
obj_cooja/mtype772.a(vib-sensor.o)
                              obj_cooja/mtype772.o (vib_interface)
obj_cooja/mtype772.a(clock.o)
                              obj_cooja/mtype772.o (clock_interface)
obj_cooja/mtype772.a(log.o)   obj_cooja/mtype772.o (simlog_interface)
obj_cooja/mtype772.a(cfs-cooja.o)
                              obj_cooja/mtype772.o (cfs_interface)
obj_cooja/mtype772.a(cooja-radio.o)
                              obj_cooja/mtype772.o (radio_interface)
obj_cooja/mtype772.a(eeprom.o)
                              obj_cooja/mtype772.o (eeprom_interface)
obj_cooja/mtype772.a(random.o)
                              obj_cooja/mtype772.a(moteid.o) (random_init)
obj_cooja/mtype772.a(sensors.o)
                              udp-server.co (sensors_event)
obj_cooja/mtype772.a(dual_conf.o)
                              obj_cooja/mtype772.a(cooja-radio.o) (long_range_radio)
obj_cooja/mtype772.a(autostart.o)
                              obj_cooja/mtype772.o (autostart_start)
obj_cooja/mtype772.a(ctimer.o)
                              obj_cooja/mtype772.o (ctimer_init)
obj_cooja/mtype772.a(etimer.o)
                              obj_cooja/mtype772.o (etimer_process)
obj_cooja/mtype772.a(process.o)
                              udp-server.co (process_current)
obj_cooja/mtype772.a(rtimer.o)
                              obj_cooja/mtype772.a(rtimer-arch.o) (rtimer_run_next)
obj_cooja/mtype772.a(timer.o)
                              obj_cooja/mtype772.a(button-sensor.o) (timer_set)
obj_cooja/mtype772.a(serial-line.o)
                              obj_cooja/mtype772.a(rs232.o) (serial_line_input_byte)
obj_cooja/mtype772.a(list.o)  obj_cooja/mtype772.a(ctimer.o) (list_init)
obj_cooja/mtype772.a(ringbuf.o)
                              obj_cooja/mtype772.a(serial-line.o) (ringbuf_init)
obj_cooja/mtype772.a(sicslowpan.o)
                              obj_cooja/mtype772.o (sicslowpan_driver)
obj_cooja/mtype772.a(uip-ds6-nbr.o)
                              obj_cooja/mtype772.a(sicslowpan.o) (uip_ds6_link_neighbor_callback)
obj_cooja/mtype772.a(uip-ds6.o)
                              udp-server.co (uip_ds6_if)
obj_cooja/mtype772.a(uip6.o)  obj_cooja/mtype772.o (uip_lladdr)
obj_cooja/mtype772.a(tcpip.o)
                              udp-server.co (tcpip_event)
obj_cooja/mtype772.a(uip-debug.o)
                              udp-server.co (uip_debug_ipaddr_print)
obj_cooja/mtype772.a(uip-packetqueue)
                              obj_cooja/mtype772.a(uip-ds6-nbr.o) (uip_packetqueue_new)
obj_cooja/mtype772.a(rpl-dag.o)
                              udp-server.co (rpl_set_root)
obj_cooja/mtype772.a(rpl-ext-header.)
                              obj_cooja/mtype772.a(uip6.o) (rpl_verify_header)
obj_cooja/mtype772.a(rpl-icmp6.o)
                              obj_cooja/mtype772.a(rpl-dag.o) (rpl_icmp6_update_nbr_table)
obj_cooja/mtype772.a(rpl-mrhof.o)
                              obj_cooja/mtype772.a(rpl-dag.o) (rpl_mrhof)
obj_cooja/mtype772.a(rpl-timers.o)
                              obj_cooja/mtype772.a(rpl-dag.o) (rpl_reset_dio_timer)
obj_cooja/mtype772.a(rpl.o)   obj_cooja/mtype772.a(rpl-icmp6.o) (rpl_get_mode)
obj_cooja/mtype772.a(linkaddr.o)
                              obj_cooja/mtype772.o (linkaddr_node_addr)
obj_cooja/mtype772.a(nbr-table.o)
                              obj_cooja/mtype772.a(uip-ds6-nbr.o) (lladdr_map_add_lr)
obj_cooja/mtype772.a(netstack.o)
                              obj_cooja/mtype772.o (netstack_init)
obj_cooja/mtype772.a(packetbuf.o)
                              obj_cooja/mtype772.a(cooja-radio.o) (packetbuf_attrs)
obj_cooja/mtype772.a(queuebuf.o)
                              obj_cooja/mtype772.o (queuebuf_init)
obj_cooja/mtype772.a(csma.o)  udp-server.co (csma_driver)
obj_cooja/mtype772.a(framer-802154.o)
                              obj_cooja/mtype772.a(sicslowpan.o) (framer_802154)
[...]
Memory Configuration

Name             Origin             Length             Attributes
*default*        0x0000000000000000 0xffffffffffffffff

Linker script and memory map

LOAD /usr/lib/gcc/i686-linux-gnu/4.8/../../../i386-linux-gnu/crti.o
LOAD /usr/lib/gcc/i686-linux-gnu/4.8/crtbeginS.o
LOAD udp-server.co
LOAD obj_cooja/mtype772.o
LOAD obj_cooja/mtype772.a
LOAD /usr/lib/gcc/i686-linux-gnu/4.8/libgcc.a
LOAD /usr/lib/gcc/i686-linux-gnu/4.8/libgcc_s.so
LOAD /usr/lib/gcc/i686-linux-gnu/4.8/../../../i386-linux-gnu/libc.so
START GROUP
LOAD /lib/i386-linux-gnu/libc.so.6
LOAD /usr/lib/i386-linux-gnu/libc_nonshared.a
LOAD /lib/i386-linux-gnu/ld-linux.so.2
END GROUP
LOAD /usr/lib/gcc/i686-linux-gnu/4.8/libgcc.a
LOAD /usr/lib/gcc/i686-linux-gnu/4.8/libgcc_s.so
LOAD /usr/lib/gcc/i686-linux-gnu/4.8/crtendS.o
LOAD /usr/lib/gcc/i686-linux-gnu/4.8/../../../i386-linux-gnu/crtn.o
                0x0000000000000114                . = (0x0 + SIZEOF_HEADERS)

.note.gnu.build-id
                0x0000000000000114       0x24
 *(.note.gnu.build-id)
 .note.gnu.build-id
                0x0000000000000114       0x24 /usr/lib/gcc/i686-linux-gnu/4.8/../../../i386-linux-gnu/crti.o

.hash
 *(.hash)

.gnu.hash       0x0000000000000138     0x1294
 *(.gnu.hash)
 .gnu.hash      0x0000000000000138     0x1294 /usr/lib/gcc/i686-linux-gnu/4.8/../../../i386-linux-gnu/crti.o

.dynsym         0x00000000000013cc     0x2280
 *(.dynsym)
 .dynsym        0x00000000000013cc     0x2280 /usr/lib/gcc/i686-linux-gnu/4.8/../../../i386-linux-gnu/crti.o

.dynstr         0x000000000000364c     0x23bd
 *(.dynstr)
 .dynstr        0x000000000000364c     0x23bd /usr/lib/gcc/i686-linux-gnu/4.8/../../../i386-linux-gnu/crti.o

.gnu.version    0x0000000000005a0a      0x450
 *(.gnu.version)
 .gnu.version   0x0000000000005a0a      0x450 /usr/lib/gcc/i686-linux-gnu/4.8/../../../i386-linux-gnu/crti.o

.gnu.version_d  0x0000000000005e5c        0x0
 *(.gnu.version_d)
 .gnu.version_d
                0x0000000000000000        0x0 /usr/lib/gcc/i686-linux-gnu/4.8/../../../i386-linux-gnu/crti.o

.gnu.version_r  0x0000000000005e5c       0x40
 *(.gnu.version_r)
 .gnu.version_r
                0x0000000000005e5c       0x40 /usr/lib/gcc/i686-linux-gnu/4.8/../../../i386-linux-gnu/crti.o

.rel.dyn        0x0000000000005e9c     0x97f0
 *(.rel.init)
 .rel.init      0x0000000000000000        0x0 /usr/lib/gcc/i686-linux-gnu/4.8/../../../i386-linux-gnu/crti.o
 *(.rel.text .rel.text.* .rel.gnu.linkonce.t.*)
 .rel.text      0x0000000000005e9c     0x9050 /usr/lib/gcc/i686-linux-gnu/4.8/../../../i386-linux-gnu/crti.o
 *(.rel.fini)
 .rel.fini      0x0000000000000000        0x0 /usr/lib/gcc/i686-linux-gnu/4.8/../../../i386-linux-gnu/crti.o
 *(.rel.rodata .rel.rodata.* .rel.gnu.linkonce.r.*)
 .rel.rodata    0x000000000000eeec      0x4e0 /usr/lib/gcc/i686-linux-gnu/4.8/../../../i386-linux-gnu/crti.o
 *(.rel.data.rel.ro .rel.data.rel.ro.* .rel.gnu.linkonce.d.rel.ro.*)
 *(.rel.data .rel.data.* .rel.gnu.linkonce.d.*)
 .rel.data.rel  0x000000000000f3cc        0x8 /usr/lib/gcc/i686-linux-gnu/4.8/../../../i386-linux-gnu/crti.o
 .rel.data      0x000000000000f3d4      0x280 /usr/lib/gcc/i686-linux-gnu/4.8/../../../i386-linux-gnu/crti.o
 *(.rel.tdata .rel.tdata.* .rel.gnu.linkonce.td.*)
 *(.rel.tbss .rel.tbss.* .rel.gnu.linkonce.tb.*)
 *(.rel.ctors)
 *(.rel.dtors)
 *(.rel.got)
 .rel.got       0x000000000000f654       0x28 /usr/lib/gcc/i686-linux-gnu/4.8/../../../i386-linux-gnu/crti.o
 *(.rel.bss .rel.bss.* .rel.gnu.linkonce.b.*)
 *(.rel.ifunc)
 .rel.ifunc     0x0000000000000000        0x0 /usr/lib/gcc/i686-linux-gnu/4.8/../../../i386-linux-gnu/crti.o
 .rel.fini_array
                0x000000000000f67c        0x8 /usr/lib/gcc/i686-linux-gnu/4.8/../../../i386-linux-gnu/crti.o
 .rel.init_array
                0x000000000000f684        0x8 /usr/lib/gcc/i686-linux-gnu/4.8/../../../i386-linux-gnu/crti.o

.rel.plt        0x000000000000f68c       0x10
 *(.rel.plt)
 .rel.plt       0x000000000000f68c       0x10 /usr/lib/gcc/i686-linux-gnu/4.8/../../../i386-linux-gnu/crti.o
 *(.rel.iplt)

.init           0x000000000000f69c       0x23
 *(SORT(.init))
 .init          0x000000000000f69c       0x1e /usr/lib/gcc/i686-linux-gnu/4.8/../../../i386-linux-gnu/crti.o
                0x000000000000f69c                _init
 .init          0x000000000000f6ba        0x5 /usr/lib/gcc/i686-linux-gnu/4.8/../../../i386-linux-gnu/crtn.o

.plt            0x000000000000f6c0       0x30
 *(.plt)
 .plt           0x000000000000f6c0       0x30 /usr/lib/gcc/i686-linux-gnu/4.8/../../../i386-linux-gnu/crti.o
 *(.iplt)

.text           0x000000000000f6f0    0x164d2
 *(.text.unlikely .text.*_unlikely .text.unlikely.*)
 *(.text.exit .text.exit.*)
 *(.text.startup .text.startup.*)
 *(.text.hot .text.hot.*)
 *(.text .stub .text.* .gnu.linkonce.t.*)
 .text          0x000000000000f6f0        0x0 /usr/lib/gcc/i686-linux-gnu/4.8/../../../i386-linux-gnu/crti.o
 .gnu.linkonce.t.__x86.get_pc_thunk.bx
                0x000000000000f6f0        0x4 /usr/lib/gcc/i686-linux-gnu/4.8/../../../i386-linux-gnu/crti.o
                0x000000000000f6f0                __x86.get_pc_thunk.bx
 *fill*         0x000000000000f6f4        0xc 
 .text          0x000000000000f700      0x11b /usr/lib/gcc/i686-linux-gnu/4.8/crtbeginS.o
 .text          0x000000000000f81b      0x3e4 udp-server.co
 .text          0x000000000000fbff      0x944 obj_cooja/mtype772.o
                0x000000000000fdad                contiki_init
                0x000000000001035a                Java_org_contikios_cooja_corecomm_Lib12_init
                0x000000000001039a                Java_org_contikios_cooja_corecomm_Lib12_getMemory
                0x00000000000103da                Java_org_contikios_cooja_corecomm_Lib12_setMemory
                0x0000000000010451                Java_org_contikios_cooja_corecomm_Lib12_tick
                0x0000000000010531                Java_org_contikios_cooja_corecomm_Lib12_setReferenceAddress
 .text          0x0000000000010543       0x63 obj_cooja/mtype772.a(simEnvChange.o)
                0x0000000000010543                doActionsBeforeTick
                0x0000000000010574                doActionsAfterTick
 .text          0x00000000000105a6       0xbc obj_cooja/mtype772.a(cooja_mt.o)
                0x00000000000105a6                cooja_mt_init
                0x00000000000105b3                cooja_mt_remove
                0x00000000000105c0                cooja_mt_start
                0x00000000000105ed                cooja_mt_exec
                0x000000000001061e                cooja_mt_exit
                0x0000000000010640                cooja_mt_yield
 .text          0x0000000000010662      0x115 obj_cooja/mtype772.a(cooja_mtarch.o)
                0x0000000000010662                cooja_mtarch_init
                0x0000000000010667                cooja_mtarch_start
                0x00000000000106e2                cooja_sw
                0x0000000000010704                cooja_mtarch_exec
                0x0000000000010720                cooja_mtarch_remove
                0x0000000000010725                cooja_mtarch_yield
                0x000000000001072f                cooja_mtarch_pstop
                0x0000000000010734                cooja_mtarch_pstart
                0x0000000000010739                cooja_mtarch_stack_usage
 .text          0x0000000000010777       0xc2 obj_cooja/mtype772.a(rtimer-arch.o)
                0x0000000000010777                rtimer_arch_init
                0x000000000001079a                rtimer_arch_schedule
                0x00000000000107b1                rtimer_arch_next
                0x00000000000107bb                rtimer_arch_pending
                0x00000000000107c5                rtimer_arch_check
                0x00000000000107f7                rtimer_arch_now
 .text          0x0000000000010839       0x76 obj_cooja/mtype772.a(beep.o)
                0x0000000000010839                beep_alarm
                0x0000000000010845                beep_beep
                0x0000000000010851                beep
                0x000000000001085d                beep_down
                0x0000000000010869                beep_on
                0x0000000000010875                beep_off
                0x0000000000010881                beep_spinup
                0x000000000001088d                beep_quick
                0x0000000000010899                beep_long
 .text          0x00000000000108af      0x103 obj_cooja/mtype772.a(button-sensor.o)
 .text          0x00000000000109b2       0x45 obj_cooja/mtype772.a(leds-arch.o)
                0x00000000000109b2                leds_arch_init
                0x00000000000109be                leds_arch_get
                0x00000000000109ca                leds_arch_set
 .text          0x00000000000109f7       0x2f obj_cooja/mtype772.a(moteid.o)
 .text          0x0000000000010a26       0xb1 obj_cooja/mtype772.a(pir-sensor.o)
 .text          0x0000000000010ad7      0x131 obj_cooja/mtype772.a(rs232.o)
                0x0000000000010ad7                rs232_init
                0x0000000000010adc                rs232_set_speed
                0x0000000000010aea                rs232_set_input
                0x0000000000010af7                rs232_send
                0x0000000000010b19                rs232_print
                0x0000000000010b34                slip_arch_writeb
 .text          0x0000000000010c08       0xb1 obj_cooja/mtype772.a(vib-sensor.o)
 .text          0x0000000000010cb9       0x34 obj_cooja/mtype772.a(clock.o)
                0x0000000000010cb9                clock_init
                0x0000000000010cbe                clock_time
                0x0000000000010cc8                clock_seconds
                0x0000000000010cde                clock_delay
 .text          0x0000000000010ced      0x1ed obj_cooja/mtype772.a(log.o)
                0x0000000000010ced                simlog_char
                0x0000000000010d2f                simlog
                0x0000000000010d9c                log_message
                0x0000000000010dc4                log_set_putchar_with_slip
                0x0000000000010dd1                log_putchar
                0x0000000000010e55                log_puts
                0x0000000000010e79                log_printf
 .text          0x0000000000010eda      0x2c4 obj_cooja/mtype772.a(cfs-cooja.o)
                0x0000000000010eda                cfs_open
                0x0000000000010f43                cfs_close
                0x0000000000010f4f                cfs_read
                0x0000000000010fed                cfs_write
                0x00000000000110ca                cfs_seek
                0x0000000000011152                cfs_remove
                0x000000000001117b                cfs_opendir
                0x0000000000011185                cfs_readdir
                0x000000000001118f                cfs_closedir
 .text          0x000000000001119e      0x541 obj_cooja/mtype772.a(cooja-radio.o)
                0x00000000000111c8                radio_set_channel
                0x00000000000111dd                radio_set_txpower
                0x00000000000111f4                radio_signal_strength_last
                0x00000000000111fe                radio_signal_strength_current
                0x0000000000011208                radio_LQI
 .text          0x00000000000116df       0xef obj_cooja/mtype772.a(eeprom.o)
                0x00000000000116df                eeprom_init
                0x00000000000116e4                eeprom_read
                0x0000000000011754                eeprom_write
 .text          0x00000000000117ce       0x28 obj_cooja/mtype772.a(random.o)
                0x00000000000117ce                random_init
                0x00000000000117e9                random_rand
 .text          0x00000000000117f6      0x2a1 obj_cooja/mtype772.a(sensors.o)
                0x0000000000011831                sensors_first
                0x000000000001183b                sensors_next
                0x0000000000011858                sensors_changed
                0x0000000000011887                sensors_find
 .text          0x0000000000011a97      0x308 obj_cooja/mtype772.a(dual_conf.o)
                0x0000000000011a97                dual_radio_switch
                0x0000000000011af2                dual_radio_change
                0x0000000000011b2c                sending_in_LR
                0x0000000000011b57                dual_radio_received
                0x0000000000011baa                radio_received_is_longrange
                0x0000000000011d55                dio_broadcast
                0x0000000000011d7e                dis_broadcast
 .text          0x0000000000011d9f       0x8e obj_cooja/mtype772.a(autostart.o)
                0x0000000000011d9f                autostart_start
                0x0000000000011dea                autostart_exit
 .text          0x0000000000011e2d      0x334 obj_cooja/mtype772.a(ctimer.o)
                0x0000000000011f44                ctimer_init
                0x0000000000011f74                ctimer_set
                0x0000000000011fa5                ctimer_set_with_process
                0x0000000000012021                ctimer_reset
                0x0000000000012070                ctimer_restart
                0x00000000000120bf                ctimer_stop
                0x000000000001210a                ctimer_expired
 .text          0x0000000000012161      0x40b obj_cooja/mtype772.a(etimer.o)
                0x0000000000012374                etimer_request_poll
                0x00000000000123f8                etimer_set
                0x000000000001241d                etimer_reset_with_new_interval
                0x0000000000012444                etimer_reset
                0x0000000000012462                etimer_restart
                0x0000000000012480                etimer_adjust
                0x000000000001249c                etimer_expired
                0x00000000000124af                etimer_expiration_time
                0x00000000000124c1                etimer_start_time
                0x00000000000124cb                etimer_pending
                0x00000000000124dd                etimer_next_expiration_time
                0x00000000000124f7                etimer_stop
 .text          0x000000000001256c      0x560 obj_cooja/mtype772.a(process.o)
                0x000000000001256c                process_alloc_event
                0x0000000000012581                process_start
                0x000000000001276a                process_exit
                0x0000000000012786                process_init
                0x0000000000012957                process_run
                0x000000000001298a                process_nevents
                0x00000000000129a5                process_post
                0x0000000000012a51                process_post_synch
                0x0000000000012a89                process_poll
                0x0000000000012ab8                process_is_running
 .text          0x0000000000012acc       0xba obj_cooja/mtype772.a(rtimer.o)
                0x0000000000012acc                rtimer_init
                0x0000000000012ad9                rtimer_set
                0x0000000000012b30                rtimer_run_next
 .text          0x0000000000012b86       0x91 obj_cooja/mtype772.a(timer.o)
                0x0000000000012b86                timer_set
                0x0000000000012ba1                timer_reset
                0x0000000000012bb8                timer_restart
                0x0000000000012bca                timer_expired
                0x0000000000012bf3                timer_remaining
 .text          0x0000000000012c17      0x1fb obj_cooja/mtype772.a(serial-line.o)
                0x0000000000012c17                serial_line_input_byte
                0x0000000000012dda                serial_line_init
 .text          0x0000000000012e12      0x244 obj_cooja/mtype772.a(list.o)
                0x0000000000012e12                list_init
                0x0000000000012e20                list_head
                0x0000000000012e2a                list_copy
                0x0000000000012e39                list_tail
                0x0000000000012e6f                list_add
                0x0000000000012eb8                list_push
                0x0000000000012ee4                list_chop
                0x0000000000012f4e                list_pop
                0x0000000000012f76                list_remove
                0x0000000000012fdd                list_length
                0x000000000001300b                list_insert
                0x000000000001303f                list_item_next
 .text          0x0000000000013056      0x155 obj_cooja/mtype772.a(ringbuf.o)
                0x0000000000013056                ringbuf_init
                0x0000000000013087                ringbuf_put
                0x0000000000013105                ringbuf_get
                0x0000000000013172                ringbuf_size
                0x0000000000013184                ringbuf_elements
 .text          0x00000000000131ab     0x258b obj_cooja/mtype772.a(sicslowpan.o)
                0x0000000000013735                rime_sniffer_add
                0x0000000000013742                rime_sniffer_remove
                0x00000000000156d5                sicslowpan_init
                0x000000000001572c                sicslowpan_get_last_rssi
 .text          0x0000000000015736      0x3a8 obj_cooja/mtype772.a(uip-ds6-nbr.o)
                0x0000000000015753                uip_ds6_neighbors_init
                0x0000000000015770                uip_ds6_nbr_add
                0x0000000000015908                uip_ds6_nbr_rm
                0x000000000001594a                uip_ds6_nbr_get_ipaddr
                0x000000000001595f                uip_ds6_nbr_get_ll
                0x000000000001597b                uip_ds6_nbr_num
                0x00000000000159c0                uip_ds6_nbr_lookup
                0x0000000000015a25                uip_ds6_nbr_ll_lookup
                0x0000000000015a41                uip_ds6_nbr_ipaddr_from_lladdr
                0x0000000000015a67                uip_ds6_nbr_lladdr_from_ipaddr
                0x0000000000015a95                uip_ds6_link_neighbor_callback
 .text          0x0000000000015ade     0x12ad obj_cooja/mtype772.a(uip-ds6.o)
                0x0000000000015ade                uip_ds6_init
                0x0000000000015e33                uip_ds6_periodic
                0x0000000000015f0b                uip_ds6_list_loop
                0x0000000000015fb2                uip_ds6_prefix_add
                0x0000000000016070                uip_ds6_prefix_rm
                0x0000000000016082                uip_ds6_prefix_lookup
                0x00000000000160d3                uip_ds6_is_addr_onlink
                0x0000000000016147                uip_ds6_addr_add
                0x0000000000016275                uip_ds6_long_addr_add
                0x00000000000163a3                uip_ds6_addr_rm
                0x0000000000016443                uip_ds6_addr_lookup
                0x000000000001648e                uip_ds6_long_addr_lookup
                0x00000000000164d9                uip_ds6_get_link_local
                0x0000000000016558                uip_ds6_long_get_link_local
                0x00000000000165d7                uip_ds6_get_global
                0x0000000000016656                uip_ds6_long_get_global
                0x00000000000166d5                uip_ds6_maddr_add
                0x0000000000016747                uip_ds6_long_maddr_add
                0x00000000000167b9                uip_ds6_maddr_rm
                0x00000000000167cb                uip_ds6_maddr_lookup
                0x0000000000016816                uip_ds6_long_maddr_lookup
                0x0000000000016861                uip_ds6_aaddr_add
                0x00000000000168d3                uip_ds6_long_aaddr_add
                0x0000000000016945                uip_ds6_aaddr_rm
                0x0000000000016957                uip_ds6_aaddr_lookup
                0x00000000000169a2                uip_ds6_long_aaddr_lookup
                0x00000000000169ed                uip_ds6_select_src
                0x0000000000016c76                uip_ds6_set_addr_iid
                0x0000000000016cad                get_match_length
                0x0000000000016d3f                uip_ds6_compute_reachable_time
 .text          0x0000000000016d8b     0x29f3 obj_cooja/mtype772.a(uip6.o)
                0x0000000000016d8b                uip_add32
                0x0000000000016f24                uip_chksum
                0x0000000000017012                uip_icmp6chksum
                0x0000000000017026                uip_tcpchksum
                0x000000000001703a                uip_udpchksum
                0x000000000001704e                uip_init
                0x000000000001711e                uip_connect
                0x00000000000172cd                remove_ext_hdr
                0x00000000000173a2                uip_udp_new
                0x00000000000174fe                uip_unlisten
                0x000000000001755e                uip_listen
                0x0000000000017820                uip_process
                0x0000000000019672                uip_htons
                0x0000000000019694                uip_htonl
                0x00000000000196d4                uip_send
 .text          0x000000000001977e      0x9fb obj_cooja/mtype772.a(tcpip.o)
                0x000000000001977e                tcpip_output
                0x00000000000197ac                tcpip_set_outputfunc
                0x0000000000019840                tcp_connect
                0x0000000000019895                tcp_unlisten
                0x00000000000198f0                tcp_listen
                0x0000000000019949                tcp_attach
                0x000000000001996e                udp_attach
                0x0000000000019993                udp_new
                0x00000000000199e5                udp_broadcast_new
                0x0000000000019c59                tcpip_input
                0x0000000000019c8d                tcpip_ipv6_output
                0x0000000000019fbf                tcpip_poll_udp
                0x0000000000019fe2                tcpip_poll_tcp
                0x000000000001a005                tcpip_uipcall
 .text          0x000000000001a179      0x1c1 obj_cooja/mtype772.a(uip-debug.o)
                0x000000000001a179                uip_debug_ipaddr_print
                0x000000000001a2db                uip_debug_lladdr_print
 .text          0x000000000001a33a      0x141 obj_cooja/mtype772.a(uip-packetqueue)
                0x000000000001a366                uip_packetqueue_new
                0x000000000001a374                uip_packetqueue_alloc
                0x000000000001a3d4                uip_packetqueue_free
                0x000000000001a415                uip_packetqueue_buf
                0x000000000001a432                uip_packetqueue_buflen
                0x000000000001a453                uip_packetqueue_set_buflen
 .text          0x000000000001a47b     0x2ce0 obj_cooja/mtype772.a(rpl-dag.o)
                0x000000000001a47b                rpl_print_neighbor_list
                0x000000000001a650                rpl_get_nbr
                0x000000000001a6aa                rpl_dag_init
                0x000000000001a6c7                rpl_get_parent
                0x000000000001a6e9                rpl_get_parent_rank
                0x000000000001a71c                rpl_get_parent_link_metric
                0x000000000001a74f                rpl_get_parent_ipaddr
                0x000000000001aafb                rpl_set_root
                0x000000000001ad6f                rpl_repair_root
                0x000000000001b01e                rpl_set_prefix
                0x000000000001b141                rpl_set_default_route
                0x000000000001b236                rpl_alloc_instance
                0x000000000001b2c9                rpl_alloc_dag
                0x000000000001b37a                rpl_set_default_instance
                0x000000000001b387                rpl_get_default_instance
                0x000000000001b391                rpl_free_instance
                0x000000000001b45d                rpl_free_dag
                0x000000000001b4e6                rpl_add_parent
                0x000000000001b5f8                rpl_find_parent
                0x000000000001b650                rpl_find_parent_any_dag
                0x000000000001b68c                rpl_select_dag
                0x000000000001baa9                rpl_select_parent
                0x000000000001bb0b                rpl_remove_parent
                0x000000000001bb5d                rpl_nullify_parent
                0x000000000001bc59                rpl_move_parent
                0x000000000001bd64                rpl_has_downward_route
                0x000000000001bdb7                rpl_get_any_dag
                0x000000000001be19                rpl_get_instance
                0x000000000001be7c                rpl_find_of
                0x000000000001beb9                rpl_join_instance
                0x000000000001c1f0                rpl_add_dag
                0x000000000001c6c1                rpl_local_repair
                0x000000000001c79d                rpl_recalculate_ranks
                0x000000000001c846                rpl_process_parent_event
                0x000000000001ca5c                rpl_process_dio
 .text          0x000000000001d15b      0xbf3 obj_cooja/mtype772.a(rpl-ext-header.)
                0x000000000001d178                rpl_verify_header
                0x000000000001d5f2                rpl_update_header_empty
                0x000000000001d909                rpl_update_header_final
                0x000000000001da98                rpl_remove_header
                0x000000000001dba2                rpl_invert_header
                0x000000000001dd2c                rpl_insert_header
 .text          0x000000000001dd4e     0x22de obj_cooja/mtype772.a(rpl-icmp6.o)
                0x000000000001dfad                rpl_icmp6_update_nbr_table
                0x000000000001e17a                dis_output
                0x000000000001eaa1                dio_output
                0x000000000001fb40                dao_output
                0x000000000001fc07                dao_output_target
                0x000000000001ffe0                dao_ack_output
                0x000000000001fff4                rpl_icmp6_register_handlers
 .text          0x000000000002002c      0x315 obj_cooja/mtype772.a(rpl-mrhof.o)
 .text          0x0000000000020341      0x909 obj_cooja/mtype772.a(rpl-timers.o)
                0x000000000002062d                rpl_reset_periodic_timer
                0x0000000000020682                rpl_reset_dio_timer
                0x000000000002091a                rpl_schedule_dao
                0x0000000000020935                rpl_schedule_dao_immediately
                0x0000000000020950                rpl_cancel_dao
                0x00000000000209b2                rpl_schedule_unicast_dio_immediately
                0x0000000000020bf2                rpl_schedule_probing
 .text          0x0000000000020c4a      0x6e0 obj_cooja/mtype772.a(rpl.o)
                0x0000000000020c4a                rpl_get_mode
                0x0000000000020c54                rpl_set_mode
                0x0000000000020d18                rpl_purge_routes
                0x0000000000020e47                rpl_remove_routes
                0x0000000000020e8d                rpl_remove_routes_by_nexthop
                0x0000000000020ef9                rpl_add_route
                0x0000000000020fc4                rpl_link_neighbor_callback
                0x00000000000210d8                rpl_ipv6_neighbor_callback
                0x0000000000021184                rpl_purge_dags
                0x0000000000021298                rpl_init
 .text          0x000000000002132a       0x82 obj_cooja/mtype772.a(linkaddr.o)
                0x000000000002132a                linkaddr_copy
                0x000000000002134c                linkaddr_cmp
                0x0000000000021376                linkaddr_set_node_addr
                0x0000000000021391                linkaddr_set_node_long_addr
 .text          0x00000000000213ac      0x826 obj_cooja/mtype772.a(nbr-table.o)
                0x00000000000213ac                lladdr_map_add_lr
                0x00000000000218c8                nbr_table_register
                0x0000000000021910                nbr_table_head
                0x000000000002196c                nbr_table_next
                0x00000000000219d3                nbr_table_add_lladdr
                0x0000000000021aaf                nbr_table_get_from_lladdr
                0x0000000000021afc                nbr_table_remove
                0x0000000000021b4e                nbr_table_lock
                0x0000000000021b78                nbr_table_unlock
                0x0000000000021ba2                nbr_table_get_lladdr
 .text          0x0000000000021bd2       0x2b obj_cooja/mtype772.a(netstack.o)
                0x0000000000021bd2                netstack_init
 .text          0x0000000000021bfd      0x3cd obj_cooja/mtype772.a(packetbuf.o)
                0x0000000000021bfd                packetbuf_clear
                0x0000000000021c27                packetbuf_copyfrom
                0x0000000000021c79                packetbuf_compact
                0x0000000000021cf6                packetbuf_copyto
                0x0000000000021d8d                packetbuf_hdralloc
                0x0000000000021e0a                packetbuf_hdrreduce
                0x0000000000021e52                packetbuf_set_datalen
                0x0000000000021e6b                packetbuf_dataptr
                0x0000000000021e88                packetbuf_hdrptr
                0x0000000000021e92                packetbuf_datalen
                0x0000000000021e9e                packetbuf_hdrlen
                0x0000000000021eb5                packetbuf_totlen
                0x0000000000021ecb                packetbuf_attr_clear
                0x0000000000021f1d                packetbuf_attr_copyto
                0x0000000000021f66                packetbuf_attr_copyfrom
                0x0000000000021fae                packetbuf_holds_broadcast
 .text          0x0000000000021fca      0x2b4 obj_cooja/mtype772.a(queuebuf.o)
                0x0000000000021fd4                queuebuf_init
                0x0000000000021ff4                queuebuf_numfree
                0x0000000000022008                queuebuf_new_from_packetbuf
                0x0000000000022098                queuebuf_update_attr_from_packetbuf
                0x00000000000220cb                queuebuf_update_from_packetbuf
                0x0000000000022115                queuebuf_free
                0x000000000002215c                queuebuf_to_packetbuf
                0x00000000000221c2                queuebuf_dataptr
                0x00000000000221f9                queuebuf_datalen
                0x000000000002221c                queuebuf_addr
                0x000000000002224e                queuebuf_attr
                0x0000000000022279                queuebuf_debug_print
 .text          0x000000000002227e      0x831 obj_cooja/mtype772.a(csma.o)
 .text          0x0000000000022aaf      0x3f5 obj_cooja/mtype772.a(framer-802154.o)
 .text          0x0000000000022ea4       0x3c obj_cooja/mtype772.a(mac.o)
                0x0000000000022ea4                mac_call_sent_callback
 .text          0x0000000000022ee0      0x4a9 obj_cooja/mtype772.a(nullrdc.o)
 .text          0x0000000000023389       0x6e obj_cooja/mtype772.a(nullsec.o)
 .text          0x00000000000233f7       0x19 obj_cooja/mtype772.a(watchdog.o)
                0x00000000000233f7                watchdog_init
                0x00000000000233fc                watchdog_start
                0x0000000000023401                watchdog_periodic
                0x0000000000023406                watchdog_stop
                0x000000000002340b                watchdog_reboot
 .text          0x0000000000023410        0x0 obj_cooja/mtype772.a(rimestats.o)
 .text          0x0000000000023410       0xa3 obj_cooja/mtype772.a(stimer.o)
                0x0000000000023410                stimer_set
                0x000000000002342b                stimer_reset
                0x0000000000023442                stimer_restart
                0x0000000000023454                stimer_expired
                0x000000000002347b                stimer_remaining
                0x000000000002349f                stimer_elapsed
 .text          0x00000000000234b3      0x1c1 obj_cooja/mtype772.a(memb.o)
                0x00000000000234b3                memb_init
                0x0000000000023511                memb_alloc
                0x0000000000023576                memb_free
                0x00000000000235f1                memb_inmemb
                0x0000000000023630                memb_numfree
 .text          0x0000000000023674      0x916 obj_cooja/mtype772.a(uip-ds6-route.o)
                0x00000000000236eb                uip_ds6_notification_add
                0x000000000002371c                uip_ds6_notification_rm
                0x0000000000023738                uip_ds6_route_init
                0x00000000000237c0                uip_ds6_route_nexthop
                0x00000000000237e8                uip_ds6_route_head
                0x00000000000237fd                uip_ds6_route_next
                0x0000000000023823                uip_ds6_route_is_nexthop
                0x0000000000023862                uip_ds6_route_num_routes
                0x000000000002386c                uip_ds6_route_lookup
                0x000000000002392e                uip_ds6_route_add
                0x0000000000023b62                uip_ds6_route_rm
                0x0000000000023cf6                uip_ds6_route_rm_by_nexthop
                0x0000000000023d2e                uip_ds6_defrt_add
                0x0000000000023ddf                uip_ds6_defrt_rm
                0x0000000000023e5e                uip_ds6_defrt_lookup
                0x0000000000023eb7                uip_ds6_defrt_choose
                0x0000000000023f22                uip_ds6_defrt_periodic
 .text          0x0000000000023f8a      0xab2 obj_cooja/mtype772.a(uip-icmp6.o)
                0x0000000000023ff8                uip_icmp6_input
                0x000000000002404e                uip_icmp6_register_input_handler
                0x0000000000024316                uip_icmp6_error_output
                0x000000000002465b                uip_icmp6_send
                0x00000000000249cf                uip_icmp6_echo_reply_callback_add
                0x0000000000024a00                uip_icmp6_echo_reply_callback_rm
                0x0000000000024a1c                uip_icmp6_init
 .text          0x0000000000024a3c      0x358 obj_cooja/mtype772.a(uip-nd6.o)
                0x0000000000024a90                uip_nd6_ns_output
                0x0000000000024d8f                uip_nd6_init
 .text          0x0000000000024d94      0x331 obj_cooja/mtype772.a(rpl-nbr-policy.)
                0x0000000000024f6c                find_removable_dis
                0x0000000000024f8f                find_removable_dio
                0x000000000002501e                find_removable_dao
                0x000000000002506e                rpl_nbr_policy_find_removable
 .text          0x00000000000250c5      0x97c obj_cooja/mtype772.a(frame802154.o)
                0x00000000000250f6                frame802154_get_pan_id
                0x0000000000025102                frame802154_set_pan_id
                0x000000000002511b                frame802154_has_panid
                0x0000000000025207                frame802154_check_dest_panid
                0x000000000002526f                frame802154_is_broadcast_addr
                0x00000000000252bc                frame802154_extract_linkaddr
                0x00000000000254fc                frame802154_hdrlen
                0x000000000002554d                frame802154_create
                0x0000000000025738                frame802154_parse
 .text          0x0000000000025a41      0x181 obj_cooja/mtype772.a(mac-sequence.o)
                0x0000000000025a78                mac_sequence_is_duplicate
                0x0000000000025afb                mac_sequence_register_seqno
 .text          0x0000000000025bc2        0x0 /usr/lib/gcc/i686-linux-gnu/4.8/crtendS.o
 .text          0x0000000000025bc2        0x0 /usr/lib/gcc/i686-linux-gnu/4.8/../../../i386-linux-gnu/crtn.o
 *(.gnu.warning)

.fini           0x0000000000025bc4       0x14
 *(SORT(.fini))
 .fini          0x0000000000025bc4        0xf /usr/lib/gcc/i686-linux-gnu/4.8/../../../i386-linux-gnu/crti.o
                0x0000000000025bc4                _fini
 .fini          0x0000000000025bd3        0x5 /usr/lib/gcc/i686-linux-gnu/4.8/../../../i386-linux-gnu/crtn.o
                0x0000000000025bd8                PROVIDE (__etext, .)
                0x0000000000025bd8                PROVIDE (_etext, .)
                0x0000000000025bd8                PROVIDE (etext, .)

.rodata         0x0000000000025be0     0x23b8
 *(.rodata .rodata.* .gnu.linkonce.r.*)
 .rodata        0x0000000000025be0      0x148 udp-server.co
                0x0000000000025bf4                autostart_processes
 .rodata        0x0000000000025d28      0x1b6 obj_cooja/mtype772.o
 *fill*         0x0000000000025ede        0x2 
 .rodata        0x0000000000025ee0        0x8 obj_cooja/mtype772.a(beep.o)
                0x0000000000025ee0                beep_interface
 .rodata        0x0000000000025ee8       0x20 obj_cooja/mtype772.a(button-sensor.o)
                0x0000000000025ee8                button_interface
                0x0000000000025ef8                button_sensor
 .rodata        0x0000000000025f08        0x8 obj_cooja/mtype772.a(leds-arch.o)
                0x0000000000025f08                leds_interface
 .rodata        0x0000000000025f10        0x8 obj_cooja/mtype772.a(moteid.o)
                0x0000000000025f10                moteid_interface
 .rodata        0x0000000000025f18       0x1c obj_cooja/mtype772.a(pir-sensor.o)
                0x0000000000025f18                pir_interface
                0x0000000000025f24                pir_sensor
 .rodata        0x0000000000025f34        0xe obj_cooja/mtype772.a(rs232.o)
                0x0000000000025f34                rs232_interface
 *fill*         0x0000000000025f42        0x2 
 .rodata        0x0000000000025f44       0x24 obj_cooja/mtype772.a(vib-sensor.o)
                0x0000000000025f44                vib_interface
                0x0000000000025f58                vib_sensor
 .rodata        0x0000000000025f68        0x8 obj_cooja/mtype772.a(clock.o)
                0x0000000000025f68                clock_interface
 .rodata        0x0000000000025f70        0x8 obj_cooja/mtype772.a(log.o)
                0x0000000000025f70                simlog_interface
 .rodata        0x0000000000025f78       0x2f obj_cooja/mtype772.a(cfs-cooja.o)
                0x0000000000025f78                cfs_interface
 *fill*         0x0000000000025fa7       0x19 
 .rodata        0x0000000000025fc0      0x120 obj_cooja/mtype772.a(cooja-radio.o)
                0x00000000000260a0                cooja_radio_driver
                0x00000000000260d8                radio_interface
 .rodata        0x00000000000260e0        0x8 obj_cooja/mtype772.a(eeprom.o)
                0x00000000000260e0                eeprom_interface
 .rodata        0x00000000000260e8        0x8 obj_cooja/mtype772.a(sensors.o)
 .rodata        0x00000000000260f0      0x21d obj_cooja/mtype772.a(dual_conf.o)
 .rodata        0x000000000002630d        0xf obj_cooja/mtype772.a(ctimer.o)
 .rodata        0x000000000002631c        0xc obj_cooja/mtype772.a(etimer.o)
 .rodata        0x0000000000026328        0xe obj_cooja/mtype772.a(serial-line.o)
 *fill*         0x0000000000026336        0x2 
 .rodata        0x0000000000026338       0x2c obj_cooja/mtype772.a(sicslowpan.o)
                0x0000000000026338                unc_llconf
                0x000000000002633c                unc_ctxconf
                0x0000000000026340                unc_mxconf
                0x0000000000026344                llprefix
                0x0000000000026358                sicslowpan_driver
 .rodata        0x0000000000026364       0xa3 obj_cooja/mtype772.a(uip-ds6-nbr.o)
 *fill*         0x0000000000026407        0x1 
 .rodata        0x0000000000026408      0x13c obj_cooja/mtype772.a(uip6.o)
 .rodata        0x0000000000026544       0x29 obj_cooja/mtype772.a(tcpip.o)
 .rodata        0x000000000002656d       0x3e obj_cooja/mtype772.a(uip-debug.o)
 *fill*         0x00000000000265ab        0x1 
 .rodata        0x00000000000265ac      0xc0b obj_cooja/mtype772.a(rpl-dag.o)
 *fill*         0x00000000000271b7        0x1 
 .rodata        0x00000000000271b8      0x8a4 obj_cooja/mtype772.a(rpl-icmp6.o)
 .rodata        0x0000000000027a5c       0x6f obj_cooja/mtype772.a(rpl-mrhof.o)
 *fill*         0x0000000000027acb        0x1 
 .rodata        0x0000000000027acc      0x260 obj_cooja/mtype772.a(rpl-timers.o)
 .rodata        0x0000000000027d2c      0x1be obj_cooja/mtype772.a(rpl.o)
 .rodata        0x0000000000027eea        0x8 obj_cooja/mtype772.a(linkaddr.o)
                0x0000000000027eea                linkaddr_null
 *fill*         0x0000000000027ef2        0x2 
 .rodata        0x0000000000027ef4       0x24 obj_cooja/mtype772.a(csma.o)
                0x0000000000027efc                csma_driver
 .rodata        0x0000000000027f18        0xc obj_cooja/mtype772.a(framer-802154.o)
                0x0000000000027f18                framer_802154
 *fill*         0x0000000000027f24       0x1c 
 .rodata        0x0000000000027f40       0x40 obj_cooja/mtype772.a(nullrdc.o)
                0x0000000000027f60                nullrdc_driver
 .rodata        0x0000000000027f80       0x18 obj_cooja/mtype772.a(nullsec.o)
                0x0000000000027f88                nullsec_driver

.rodata1
 *(.rodata1)

.eh_frame_hdr   0x0000000000027f98     0x1314
 *(.eh_frame_hdr)
 .eh_frame_hdr  0x0000000000027f98     0x1314 udp-server.co

.eh_frame       0x00000000000292ac     0x4dc0
 *(.eh_frame)
 .eh_frame      0x00000000000292ac       0x3c /usr/lib/gcc/i686-linux-gnu/4.8/../../../i386-linux-gnu/crti.o
                                         0x40 (size before relaxing)
 .eh_frame      0x00000000000292e8       0x68 udp-server.co
                                         0x80 (size before relaxing)
 .eh_frame      0x0000000000029350      0x148 obj_cooja/mtype772.o
                                        0x160 (size before relaxing)
 .eh_frame      0x0000000000029498       0x40 obj_cooja/mtype772.a(simEnvChange.o)
                                         0x58 (size before relaxing)
 .eh_frame      0x00000000000294d8       0xc0 obj_cooja/mtype772.a(cooja_mt.o)
                                         0xd8 (size before relaxing)
 .eh_frame      0x0000000000029598      0x120 obj_cooja/mtype772.a(cooja_mtarch.o)
                                        0x138 (size before relaxing)
 .eh_frame      0x00000000000296b8       0xc0 obj_cooja/mtype772.a(rtimer-arch.o)
                                         0xd8 (size before relaxing)
 .eh_frame      0x0000000000029778      0x160 obj_cooja/mtype772.a(beep.o)
                                        0x178 (size before relaxing)
 .eh_frame      0x00000000000298d8       0xa0 obj_cooja/mtype772.a(button-sensor.o)
                                         0xb8 (size before relaxing)
 .eh_frame      0x0000000000029978       0xa0 obj_cooja/mtype772.a(leds-arch.o)
                                         0xb8 (size before relaxing)
 .eh_frame      0x0000000000029a18       0x40 obj_cooja/mtype772.a(moteid.o)
                                         0x58 (size before relaxing)
 .eh_frame      0x0000000000029a58       0xa0 obj_cooja/mtype772.a(pir-sensor.o)
                                         0xb8 (size before relaxing)
 .eh_frame      0x0000000000029af8      0x100 obj_cooja/mtype772.a(rs232.o)
                                        0x118 (size before relaxing)
 .eh_frame      0x0000000000029bf8       0xa0 obj_cooja/mtype772.a(vib-sensor.o)
                                         0xb8 (size before relaxing)
 .eh_frame      0x0000000000029c98       0xc0 obj_cooja/mtype772.a(clock.o)
                                         0xd8 (size before relaxing)
 .eh_frame      0x0000000000029d58      0x120 obj_cooja/mtype772.a(log.o)
                                        0x138 (size before relaxing)
 .eh_frame      0x0000000000029e78      0x160 obj_cooja/mtype772.a(cfs-cooja.o)
                                        0x178 (size before relaxing)
 .eh_frame      0x0000000000029fd8      0x2e0 obj_cooja/mtype772.a(cooja-radio.o)
                                        0x2f8 (size before relaxing)
 .eh_frame      0x000000000002a2b8       0xa0 obj_cooja/mtype772.a(eeprom.o)
                                         0xb8 (size before relaxing)
 .eh_frame      0x000000000002a358       0x40 obj_cooja/mtype772.a(random.o)
                                         0x58 (size before relaxing)
 .eh_frame      0x000000000002a398       0xc0 obj_cooja/mtype772.a(sensors.o)
                                         0xd8 (size before relaxing)
 .eh_frame      0x000000000002a458      0x120 obj_cooja/mtype772.a(dual_conf.o)
                                        0x138 (size before relaxing)
 .eh_frame      0x000000000002a578       0x40 obj_cooja/mtype772.a(autostart.o)
                                         0x58 (size before relaxing)
 .eh_frame      0x000000000002a5b8      0x100 obj_cooja/mtype772.a(ctimer.o)
                                        0x118 (size before relaxing)
 .eh_frame      0x000000000002a6b8      0x1e0 obj_cooja/mtype772.a(etimer.o)
                                        0x1f8 (size before relaxing)
 .eh_frame      0x000000000002a898      0x1c8 obj_cooja/mtype772.a(process.o)
                                        0x1e0 (size before relaxing)
 .eh_frame      0x000000000002aa60       0x60 obj_cooja/mtype772.a(rtimer.o)
                                         0x78 (size before relaxing)
 .eh_frame      0x000000000002aac0       0xa4 obj_cooja/mtype772.a(timer.o)
                                         0xbc (size before relaxing)
 .eh_frame      0x000000000002ab64       0x60 obj_cooja/mtype772.a(serial-line.o)
                                         0x78 (size before relaxing)
 .eh_frame      0x000000000002abc4      0x180 obj_cooja/mtype772.a(list.o)
                                        0x198 (size before relaxing)
 .eh_frame      0x000000000002ad44       0xa0 obj_cooja/mtype772.a(ringbuf.o)
                                         0xb8 (size before relaxing)
 .eh_frame      0x000000000002ade4      0x350 obj_cooja/mtype772.a(sicslowpan.o)
                                        0x368 (size before relaxing)
 .eh_frame      0x000000000002b134      0x180 obj_cooja/mtype772.a(uip-ds6-nbr.o)
                                        0x198 (size before relaxing)
 .eh_frame      0x000000000002b2b4      0x3c8 obj_cooja/mtype772.a(uip-ds6.o)
                                        0x3e0 (size before relaxing)
 .eh_frame      0x000000000002b67c      0x27c obj_cooja/mtype772.a(uip6.o)
                                        0x294 (size before relaxing)
 .eh_frame      0x000000000002b8f8      0x270 obj_cooja/mtype772.a(tcpip.o)
                                        0x288 (size before relaxing)
 .eh_frame      0x000000000002bb68       0x48 obj_cooja/mtype772.a(uip-debug.o)
                                         0x60 (size before relaxing)
 .eh_frame      0x000000000002bbb0       0xe0 obj_cooja/mtype772.a(uip-packetqueue)
                                         0xf8 (size before relaxing)
 .eh_frame      0x000000000002bc90      0x674 obj_cooja/mtype772.a(rpl-dag.o)
                                        0x68c (size before relaxing)
 .eh_frame      0x000000000002c304      0x10c obj_cooja/mtype772.a(rpl-ext-header.)
                                        0x124 (size before relaxing)
 .eh_frame      0x000000000002c410      0x288 obj_cooja/mtype772.a(rpl-icmp6.o)
                                        0x2a0 (size before relaxing)
 .eh_frame      0x000000000002c698       0xe4 obj_cooja/mtype772.a(rpl-mrhof.o)
                                         0xfc (size before relaxing)
 .eh_frame      0x000000000002c77c      0x210 obj_cooja/mtype772.a(rpl-timers.o)
                                        0x228 (size before relaxing)
 .eh_frame      0x000000000002c98c      0x140 obj_cooja/mtype772.a(rpl.o)
                                        0x158 (size before relaxing)
 .eh_frame      0x000000000002cacc       0x80 obj_cooja/mtype772.a(linkaddr.o)
                                         0x98 (size before relaxing)
 .eh_frame      0x000000000002cb4c      0x28c obj_cooja/mtype772.a(nbr-table.o)
                                        0x2a4 (size before relaxing)
 .eh_frame      0x000000000002cdd8       0x20 obj_cooja/mtype772.a(netstack.o)
                                         0x38 (size before relaxing)
 .eh_frame      0x000000000002cdf8      0x214 obj_cooja/mtype772.a(packetbuf.o)
                                        0x22c (size before relaxing)
 .eh_frame      0x000000000002d00c      0x1a0 obj_cooja/mtype772.a(queuebuf.o)
                                        0x1b8 (size before relaxing)
 .eh_frame      0x000000000002d1ac      0x28c obj_cooja/mtype772.a(csma.o)
                                        0x2a4 (size before relaxing)
 .eh_frame      0x000000000002d438      0x108 obj_cooja/mtype772.a(framer-802154.o)
                                        0x120 (size before relaxing)
 .eh_frame      0x000000000002d540       0x20 obj_cooja/mtype772.a(mac.o)
                                         0x38 (size before relaxing)
 .eh_frame      0x000000000002d560      0x16c obj_cooja/mtype772.a(nullrdc.o)
                                        0x184 (size before relaxing)
 .eh_frame      0x000000000002d6cc       0x80 obj_cooja/mtype772.a(nullsec.o)
                                         0x98 (size before relaxing)
 .eh_frame      0x000000000002d74c       0xa0 obj_cooja/mtype772.a(watchdog.o)
                                         0xb8 (size before relaxing)
 .eh_frame      0x000000000002d7ec       0xc4 obj_cooja/mtype772.a(stimer.o)
                                         0xdc (size before relaxing)
 .eh_frame      0x000000000002d8b0       0xa0 obj_cooja/mtype772.a(memb.o)
                                         0xb8 (size before relaxing)
 .eh_frame      0x000000000002d950      0x2a0 obj_cooja/mtype772.a(uip-ds6-route.o)
                                        0x2b8 (size before relaxing)
 .eh_frame      0x000000000002dbf0      0x164 obj_cooja/mtype772.a(uip-icmp6.o)
                                        0x17c (size before relaxing)
 .eh_frame      0x000000000002dd54       0x68 obj_cooja/mtype772.a(uip-nd6.o)
                                         0x80 (size before relaxing)
 .eh_frame      0x000000000002ddbc       0xc0 obj_cooja/mtype772.a(rpl-nbr-policy.)
                                         0xd8 (size before relaxing)
 .eh_frame      0x000000000002de7c      0x164 obj_cooja/mtype772.a(frame802154.o)
                                        0x17c (size before relaxing)
 .eh_frame      0x000000000002dfe0       0x88 obj_cooja/mtype772.a(mac-sequence.o)
                                         0xa0 (size before relaxing)
 .eh_frame      0x000000000002e068        0x4 /usr/lib/gcc/i686-linux-gnu/4.8/crtendS.o

.gcc_except_table
 *(.gcc_except_table .gcc_except_table.*)

.exception_ranges
 *(.exception_ranges .exception_ranges*)
                0x000000000002e06c                . = (ALIGN (0x1000) - ((0x1000 - .) & 0xfff))
                0x000000000002fef8                . = DATA_SEGMENT_ALIGN (0x1000, 0x1000)

.eh_frame
 *(.eh_frame)

.gcc_except_table
 *(.gcc_except_table .gcc_except_table.*)

.exception_ranges
 *(.exception_ranges .exception_ranges*)

.tdata
 *(.tdata .tdata.* .gnu.linkonce.td.*)

.tbss
 *(.tbss .tbss.* .gnu.linkonce.tb.*)
 *(.tcommon)

.preinit_array
 *(.preinit_array)

.init_array     0x000000000002fef8        0x4
 *(SORT(.init_array.*) SORT(.ctors.*))
 *(.init_array EXCLUDE_FILE(*crtend?.o *crtend.o *crtbegin?.o *crtbegin.o) .ctors)
 .init_array    0x000000000002fef8        0x4 /usr/lib/gcc/i686-linux-gnu/4.8/crtbeginS.o

.fini_array     0x000000000002fefc        0x4
 *(SORT(.fini_array.*) SORT(.dtors.*))
 *(.fini_array EXCLUDE_FILE(*crtend?.o *crtend.o *crtbegin?.o *crtbegin.o) .dtors)
 .fini_array    0x000000000002fefc        0x4 /usr/lib/gcc/i686-linux-gnu/4.8/crtbeginS.o

.ctors
 *crtbegin.o(.ctors)
 *crtbegin?.o(.ctors)
 *(EXCLUDE_FILE(*crtend?.o *crtend.o) .ctors)
 *(SORT(.ctors.*))
 *(.ctors)

.dtors
 *crtbegin.o(.dtors)
 *crtbegin?.o(.dtors)
 *(EXCLUDE_FILE(*crtend?.o *crtend.o) .dtors)
 *(SORT(.dtors.*))
 *(.dtors)

.jcr            0x000000000002ff00        0x4
 *(.jcr)
 .jcr           0x000000000002ff00        0x0 /usr/lib/gcc/i686-linux-gnu/4.8/crtbeginS.o
 .jcr           0x000000000002ff00        0x4 /usr/lib/gcc/i686-linux-gnu/4.8/crtendS.o

.data.rel.ro
 *(.data.rel.ro.local* .gnu.linkonce.d.rel.ro.local.*)
 *(.data.rel.ro .data.rel.ro.* .gnu.linkonce.d.rel.ro.*)

.dynamic        0x000000000002ff04       0xe8
 *(.dynamic)
 .dynamic       0x000000000002ff04       0xe8 /usr/lib/gcc/i686-linux-gnu/4.8/../../../i386-linux-gnu/crti.o
                0x000000000002ff04                _DYNAMIC

.got            0x000000000002ffec       0x14
 *(.got)
 .got           0x000000000002ffec       0x14 /usr/lib/gcc/i686-linux-gnu/4.8/../../../i386-linux-gnu/crti.o
 *(.igot)
                0x0000000000030ff4                . = DATA_SEGMENT_RELRO_END (., (SIZEOF (.got.plt) >= 0xc)?0xc:0x0)

.got.plt        0x0000000000030000       0x14
 *(.got.plt)
 .got.plt       0x0000000000030000       0x14 /usr/lib/gcc/i686-linux-gnu/4.8/../../../i386-linux-gnu/crti.o
                0x0000000000030000                _GLOBAL_OFFSET_TABLE_
 *(.igot.plt)

.data           0x0000000000030020      0x246
 *(.data .data.* .gnu.linkonce.d.*)
 .data          0x0000000000030020        0x0 /usr/lib/gcc/i686-linux-gnu/4.8/../../../i386-linux-gnu/crti.o
 .data          0x0000000000030020        0x0 /usr/lib/gcc/i686-linux-gnu/4.8/crtbeginS.o
 .data.rel      0x0000000000030020        0x4 /usr/lib/gcc/i686-linux-gnu/4.8/crtbeginS.o
                0x0000000000030020                __dso_handle
 .data          0x0000000000030024       0x10 udp-server.co
                0x0000000000030024                udp_server_process
 *fill*         0x0000000000030034        0xc 
 .data          0x0000000000030040       0x44 obj_cooja/mtype772.o
                0x0000000000030040                simInterfaces
                0x0000000000030074                sensors
 .data          0x0000000000030084        0x0 obj_cooja/mtype772.a(simEnvChange.o)
 .data          0x0000000000030084        0x0 obj_cooja/mtype772.a(cooja_mt.o)
 .data          0x0000000000030084        0x0 obj_cooja/mtype772.a(cooja_mtarch.o)
 .data          0x0000000000030084        0x0 obj_cooja/mtype772.a(rtimer-arch.o)
 .data          0x0000000000030084        0x0 obj_cooja/mtype772.a(beep.o)
 .data          0x0000000000030084        0x0 obj_cooja/mtype772.a(button-sensor.o)
 .data          0x0000000000030084        0x0 obj_cooja/mtype772.a(leds-arch.o)
 .data          0x0000000000030084        0x0 obj_cooja/mtype772.a(moteid.o)
 .data          0x0000000000030084        0x0 obj_cooja/mtype772.a(pir-sensor.o)
 .data          0x0000000000030084        0x0 obj_cooja/mtype772.a(rs232.o)
 .data          0x0000000000030084        0x0 obj_cooja/mtype772.a(vib-sensor.o)
 .data          0x0000000000030084        0x0 obj_cooja/mtype772.a(clock.o)
 .data          0x0000000000030084        0x0 obj_cooja/mtype772.a(log.o)
 .data          0x0000000000030084        0x0 obj_cooja/mtype772.a(cfs-cooja.o)
 .data          0x0000000000030084       0x2c obj_cooja/mtype772.a(cooja-radio.o)
                0x0000000000030084                simRadioHWOn
                0x0000000000030088                simSignalStrength
                0x000000000003008c                simLastSignalStrength
                0x0000000000030090                simPower
                0x0000000000030094                simRadioChannel
                0x0000000000030098                simRadioChannelLR
                0x000000000003009c                simLQI
                0x00000000000300a0                cooja_radio_process
 .data          0x00000000000300b0        0x0 obj_cooja/mtype772.a(eeprom.o)
 .data          0x00000000000300b0        0x0 obj_cooja/mtype772.a(random.o)
 .data          0x00000000000300b0       0x10 obj_cooja/mtype772.a(sensors.o)
                0x00000000000300b0                sensors_process
 .data          0x00000000000300c0       0x24 obj_cooja/mtype772.a(dual_conf.o)
                0x00000000000300c0                radio_received
                0x00000000000300c4                dual_dio_broadcast
                0x00000000000300d4                dual_dis_broadcast
 .data          0x00000000000300e4        0x0 obj_cooja/mtype772.a(autostart.o)
 .data          0x00000000000300e4       0x14 obj_cooja/mtype772.a(ctimer.o)
                0x00000000000300e8                ctimer_process
 .data          0x00000000000300f8       0x10 obj_cooja/mtype772.a(etimer.o)
                0x00000000000300f8                etimer_process
 .data          0x0000000000030108        0x0 obj_cooja/mtype772.a(process.o)
 .data          0x0000000000030108        0x0 obj_cooja/mtype772.a(rtimer.o)
 .data          0x0000000000030108        0x0 obj_cooja/mtype772.a(timer.o)
 .data          0x0000000000030108       0x10 obj_cooja/mtype772.a(serial-line.o)
                0x0000000000030108                serial_line_process
 .data          0x0000000000030118        0x0 obj_cooja/mtype772.a(list.o)
 .data          0x0000000000030118        0x0 obj_cooja/mtype772.a(ringbuf.o)
 .data          0x0000000000030118        0x0 obj_cooja/mtype772.a(sicslowpan.o)
 .data          0x0000000000030118       0x14 obj_cooja/mtype772.a(uip-ds6-nbr.o)
                0x0000000000030128                ds6_neighbors
 .data          0x000000000003012c        0x0 obj_cooja/mtype772.a(uip-ds6.o)
 .data          0x000000000003012c        0x0 obj_cooja/mtype772.a(uip6.o)
 .data          0x000000000003012c       0x10 obj_cooja/mtype772.a(tcpip.o)
                0x000000000003012c                tcpip_process
 .data          0x000000000003013c        0x0 obj_cooja/mtype772.a(uip-debug.o)
 .data          0x000000000003013c        0xc obj_cooja/mtype772.a(uip-packetqueue)
 .data          0x0000000000030148       0x14 obj_cooja/mtype772.a(rpl-dag.o)
                0x0000000000030158                rpl_parents
 .data          0x000000000003015c        0x0 obj_cooja/mtype772.a(rpl-ext-header.)
 .data          0x000000000003015c       0x34 obj_cooja/mtype772.a(rpl-icmp6.o)
 .data          0x0000000000030190       0x1c obj_cooja/mtype772.a(rpl-mrhof.o)
                0x0000000000030190                rpl_mrhof
 .data          0x00000000000301ac        0x0 obj_cooja/mtype772.a(rpl-timers.o)
 .data          0x00000000000301ac        0x0 obj_cooja/mtype772.a(rpl.o)
 .data          0x00000000000301ac        0x0 obj_cooja/mtype772.a(linkaddr.o)
 .data          0x00000000000301ac       0x10 obj_cooja/mtype772.a(nbr-table.o)
 .data          0x00000000000301bc        0x0 obj_cooja/mtype772.a(netstack.o)
 .data          0x00000000000301bc        0x4 obj_cooja/mtype772.a(packetbuf.o)
 .data          0x00000000000301c0       0x18 obj_cooja/mtype772.a(queuebuf.o)
 .data          0x00000000000301d8       0x28 obj_cooja/mtype772.a(csma.o)
 .data          0x0000000000030200        0x0 obj_cooja/mtype772.a(framer-802154.o)
 .data          0x0000000000030200        0x0 obj_cooja/mtype772.a(mac.o)
 .data          0x0000000000030200        0x0 obj_cooja/mtype772.a(nullrdc.o)
 .data          0x0000000000030200        0x0 obj_cooja/mtype772.a(nullsec.o)
 .data          0x0000000000030200        0x0 obj_cooja/mtype772.a(watchdog.o)
 .data          0x0000000000030200        0x0 obj_cooja/mtype772.a(rimestats.o)
 .data          0x0000000000030200        0x0 obj_cooja/mtype772.a(stimer.o)
 .data          0x0000000000030200        0x0 obj_cooja/mtype772.a(memb.o)
 .data          0x0000000000030200       0x44 obj_cooja/mtype772.a(uip-ds6-route.o)
                0x0000000000030210                nbr_routes
 .data          0x0000000000030244       0x20 obj_cooja/mtype772.a(uip-icmp6.o)
 .data          0x0000000000030264        0x0 obj_cooja/mtype772.a(uip-nd6.o)
 .data          0x0000000000030264        0x0 obj_cooja/mtype772.a(rpl-nbr-policy.)
 .data          0x0000000000030264        0x2 obj_cooja/mtype772.a(frame802154.o)
 .data          0x0000000000030266        0x0 obj_cooja/mtype772.a(mac-sequence.o)
 .data          0x0000000000030266        0x0 /usr/lib/gcc/i686-linux-gnu/4.8/crtendS.o
 .data          0x0000000000030266        0x0 /usr/lib/gcc/i686-linux-gnu/4.8/../../../i386-linux-gnu/crtn.o

.tm_clone_table
                0x0000000000030268        0x0
 .tm_clone_table
                0x0000000000030268        0x0 /usr/lib/gcc/i686-linux-gnu/4.8/crtbeginS.o
 .tm_clone_table
                0x0000000000030268        0x0 /usr/lib/gcc/i686-linux-gnu/4.8/crtendS.o

.data1
 *(.data1)
                0x0000000000030268                _edata = .
                0x0000000000030268                PROVIDE (edata, .)
                0x0000000000030268                . = .
                0x0000000000030268                __bss_start = .

.bss            0x0000000000030280     0x8288
 *(.dynbss)
 .dynbss        0x0000000000000000        0x0 /usr/lib/gcc/i686-linux-gnu/4.8/../../../i386-linux-gnu/crti.o
 *(.bss .bss.* .gnu.linkonce.b.*)
 .bss           0x0000000000030280        0x0 /usr/lib/gcc/i686-linux-gnu/4.8/../../../i386-linux-gnu/crti.o
 .bss           0x0000000000030280        0x1 /usr/lib/gcc/i686-linux-gnu/4.8/crtbeginS.o
 *fill*         0x0000000000030281        0x3 
 .bss           0x0000000000030284        0x4 udp-server.co
 *fill*         0x0000000000030288       0x18 
 .bss           0x00000000000302a0     0x2030 obj_cooja/mtype772.o
 .bss           0x00000000000322d0        0x1 obj_cooja/mtype772.a(simEnvChange.o)
                0x00000000000322d0                simDontFallAsleep
 *fill*         0x00000000000322d1        0x3 
 .bss           0x00000000000322d4        0x4 obj_cooja/mtype772.a(cooja_mt.o)
 .bss           0x00000000000322d8        0x4 obj_cooja/mtype772.a(cooja_mtarch.o)
 .bss           0x00000000000322dc        0xc obj_cooja/mtype772.a(rtimer-arch.o)
 .bss           0x00000000000322e8        0x0 obj_cooja/mtype772.a(beep.o)
 .bss           0x00000000000322e8        0x8 obj_cooja/mtype772.a(button-sensor.o)
 .bss           0x00000000000322f0        0x0 obj_cooja/mtype772.a(leds-arch.o)
 .bss           0x00000000000322f0        0x0 obj_cooja/mtype772.a(moteid.o)
 .bss           0x00000000000322f0        0x1 obj_cooja/mtype772.a(pir-sensor.o)
                0x00000000000322f0                simPirValue
 *fill*         0x00000000000322f1        0x3 
 .bss           0x00000000000322f4        0x4 obj_cooja/mtype772.a(rs232.o)
 .bss           0x00000000000322f8        0x1 obj_cooja/mtype772.a(vib-sensor.o)
                0x00000000000322f8                simVibValue
 .bss           0x00000000000322f9        0x0 obj_cooja/mtype772.a(clock.o)
 *fill*         0x00000000000322f9        0x7 
 .bss           0x0000000000032300      0x420 obj_cooja/mtype772.a(log.o)
 .bss           0x0000000000032720      0xfc0 obj_cooja/mtype772.a(cfs-cooja.o)
                0x0000000000032720                simCFSData
                0x00000000000336c0                simCFSSize
                0x00000000000336c4                simCFSChanged
                0x00000000000336c8                simCFSRead
                0x00000000000336cc                simCFSWritten
 .bss           0x00000000000336e0       0x20 obj_cooja/mtype772.a(cooja-radio.o)
                0x00000000000336e0                simReceiving
                0x00000000000336e1                simReceivingLR
                0x00000000000336e4                simInSize
                0x00000000000336e8                simInSizeLR
                0x00000000000336ec                simOutSize
                0x00000000000336f0                simOutSizeLR
                0x00000000000336f4                LongRangeTransmit
                0x00000000000336f8                LongRangeReceiving
 .bss           0x0000000000033700        0xc obj_cooja/mtype772.a(eeprom.o)
                0x0000000000033700                simEEPROMChanged
                0x0000000000033704                simEEPROMRead
                0x0000000000033708                simEEPROMWritten
 .bss           0x000000000003370c        0x0 obj_cooja/mtype772.a(random.o)
 .bss           0x000000000003370c        0xc obj_cooja/mtype772.a(sensors.o)
 .bss           0x0000000000033718       0x28 obj_cooja/mtype772.a(dual_conf.o)
                0x0000000000033718                long_range_radio
 .bss           0x0000000000033740        0x0 obj_cooja/mtype772.a(autostart.o)
 .bss           0x0000000000033740        0x5 obj_cooja/mtype772.a(ctimer.o)
 *fill*         0x0000000000033745        0x3 
 .bss           0x0000000000033748        0x8 obj_cooja/mtype772.a(etimer.o)
 *fill*         0x0000000000033750       0x10 
 .bss           0x0000000000033760      0x1b1 obj_cooja/mtype772.a(process.o)
                0x0000000000033760                process_list
                0x0000000000033764                process_current
 *fill*         0x0000000000033911        0x3 
 .bss           0x0000000000033914        0x4 obj_cooja/mtype772.a(rtimer.o)
 .bss           0x0000000000033918        0x0 obj_cooja/mtype772.a(timer.o)
 *fill*         0x0000000000033918        0x8 
 .bss           0x0000000000033920      0x140 obj_cooja/mtype772.a(serial-line.o)
 .bss           0x0000000000033a60        0x0 obj_cooja/mtype772.a(list.o)
 .bss           0x0000000000033a60        0x0 obj_cooja/mtype772.a(ringbuf.o)
 .bss           0x0000000000033a60      0x70c obj_cooja/mtype772.a(sicslowpan.o)
 *fill*         0x000000000003416c       0x14 
 .bss           0x0000000000034180       0xf0 obj_cooja/mtype772.a(uip-ds6-nbr.o)
 .bss           0x0000000000034270       0x30 obj_cooja/mtype772.a(uip-ds6.o)
 .bss           0x00000000000342a0        0xe obj_cooja/mtype772.a(uip6.o)
                0x00000000000342a0                uip_ext_bitmap
                0x00000000000342a1                uip_ext_len
                0x00000000000342a2                uip_ext_opt_offset
 *fill*         0x00000000000342ae       0x12 
 .bss           0x00000000000342c0       0x6a obj_cooja/mtype772.a(tcpip.o)
 .bss           0x000000000003432a        0x0 obj_cooja/mtype772.a(uip-debug.o)
 *fill*         0x000000000003432a       0x16 
 .bss           0x0000000000034340      0xcf8 obj_cooja/mtype772.a(uip-packetqueue)
 *fill*         0x0000000000035038        0x8 
 .bss           0x0000000000035040       0xa0 obj_cooja/mtype772.a(rpl-dag.o)
 .bss           0x00000000000350e0        0x0 obj_cooja/mtype772.a(rpl-ext-header.)
 .bss           0x00000000000350e0        0x0 obj_cooja/mtype772.a(rpl-icmp6.o)
 .bss           0x00000000000350e0        0x0 obj_cooja/mtype772.a(rpl-mrhof.o)
 .bss           0x00000000000350e0       0x23 obj_cooja/mtype772.a(rpl-timers.o)
 *fill*         0x0000000000035103        0x1 
 .bss           0x0000000000035104        0x4 obj_cooja/mtype772.a(rpl.o)
 .bss           0x0000000000035108        0x0 obj_cooja/mtype772.a(linkaddr.o)
 *fill*         0x0000000000035108       0x18 
 .bss           0x0000000000035120       0xdc obj_cooja/mtype772.a(nbr-table.o)
 .bss           0x00000000000351fc        0x0 obj_cooja/mtype772.a(netstack.o)
 *fill*         0x00000000000351fc        0x4 
 .bss           0x0000000000035200       0xa0 obj_cooja/mtype772.a(packetbuf.o)
 .bss           0x00000000000352a0      0xb80 obj_cooja/mtype772.a(queuebuf.o)
 .bss           0x0000000000035e20      0x248 obj_cooja/mtype772.a(csma.o)
 .bss           0x0000000000036068        0x2 obj_cooja/mtype772.a(framer-802154.o)
 .bss           0x000000000003606a        0x0 obj_cooja/mtype772.a(mac.o)
 .bss           0x000000000003606a        0x0 obj_cooja/mtype772.a(nullrdc.o)
 .bss           0x000000000003606a        0x0 obj_cooja/mtype772.a(nullsec.o)
 .bss           0x000000000003606a        0x0 obj_cooja/mtype772.a(watchdog.o)
 .bss           0x000000000003606a        0x0 obj_cooja/mtype772.a(rimestats.o)
 .bss           0x000000000003606a        0x0 obj_cooja/mtype772.a(stimer.o)
 .bss           0x000000000003606a        0x0 obj_cooja/mtype772.a(memb.o)
 *fill*         0x000000000003606a       0x16 
 .bss           0x0000000000036080      0x2a8 obj_cooja/mtype772.a(uip-ds6-route.o)
 .bss           0x0000000000036328       0x18 obj_cooja/mtype772.a(uip-icmp6.o)
 .bss           0x0000000000036340        0x0 obj_cooja/mtype772.a(uip-nd6.o)
 .bss           0x0000000000036340       0x44 obj_cooja/mtype772.a(rpl-nbr-policy.)
 .bss           0x0000000000036384        0x0 obj_cooja/mtype772.a(frame802154.o)
 *fill*         0x0000000000036384       0x1c 
 .bss           0x00000000000363a0       0x90 obj_cooja/mtype772.a(mac-sequence.o)
 .bss           0x0000000000036430        0x0 /usr/lib/gcc/i686-linux-gnu/4.8/crtendS.o
 .bss           0x0000000000036430        0x0 /usr/lib/gcc/i686-linux-gnu/4.8/../../../i386-linux-gnu/crtn.o
 *(COMMON)
 COMMON         0x0000000000036430        0x8 obj_cooja/mtype772.o
                0x0000000000036430                referenceVar
                0x0000000000036434                sensors_flags
 COMMON         0x0000000000036438        0xc obj_cooja/mtype772.a(simEnvChange.o)
                0x0000000000036438                simEtimerPending
                0x000000000003643c                simProcessRunValue
                0x0000000000036440                simNextExpirationTime
 COMMON         0x0000000000036444        0x1 obj_cooja/mtype772.a(beep.o)
                0x0000000000036444                simBeeped
 COMMON         0x0000000000036445        0x3 obj_cooja/mtype772.a(button-sensor.o)
                0x0000000000036445                simButtonIsActive
                0x0000000000036446                simButtonIsDown
                0x0000000000036447                simButtonChanged
 COMMON         0x0000000000036448        0x1 obj_cooja/mtype772.a(leds-arch.o)
                0x0000000000036448                simLedsValue
 *fill*         0x0000000000036449        0x3 
 COMMON         0x000000000003644c        0xc obj_cooja/mtype772.a(moteid.o)
                0x000000000003644c                simRandomSeed
                0x0000000000036450                simMoteIDChanged
                0x0000000000036454                simMoteID
 COMMON         0x0000000000036458        0x2 obj_cooja/mtype772.a(pir-sensor.o)
                0x0000000000036458                simPirIsActive
                0x0000000000036459                simPirChanged
 *fill*         0x000000000003645a        0x6 
 COMMON         0x0000000000036460      0x820 obj_cooja/mtype772.a(rs232.o)
                0x0000000000036460                simSerialReceivingFlag
                0x0000000000036464                simSerialReceivingLength
                0x0000000000036480                simSerialReceivingData
 COMMON         0x0000000000036c80        0x2 obj_cooja/mtype772.a(vib-sensor.o)
                0x0000000000036c80                simVibChanged
                0x0000000000036c81                simVibIsActive
 *fill*         0x0000000000036c82        0x2 
 COMMON         0x0000000000036c84        0x4 obj_cooja/mtype772.a(clock.o)
                0x0000000000036c84                simCurrentTime
 *fill*         0x0000000000036c88       0x18 
 COMMON         0x0000000000036ca0      0x420 obj_cooja/mtype772.a(log.o)
                0x0000000000036ca0                simLoggedLength
                0x0000000000036ca4                simLoggedFlag
                0x0000000000036cc0                simLoggedData
 COMMON         0x00000000000370c0      0x200 obj_cooja/mtype772.a(cooja-radio.o)
                0x00000000000370c0                simOutDataBuffer
                0x0000000000037140                simInDataBufferLR
                0x00000000000371c0                simOutDataBufferLR
                0x0000000000037240                simInDataBuffer
 COMMON         0x00000000000372c0      0x400 obj_cooja/mtype772.a(eeprom.o)
                0x00000000000372c0                simEEPROMData
 COMMON         0x00000000000376c0        0x1 obj_cooja/mtype772.a(sensors.o)
                0x00000000000376c0                sensors_event
 COMMON         0x00000000000376c1        0x1 obj_cooja/mtype772.a(serial-line.o)
                0x00000000000376c1                serial_line_event_message
 *fill*         0x00000000000376c2       0x1e 
 COMMON         0x00000000000376e0       0x64 obj_cooja/mtype772.a(uip-ds6-nbr.o)
                0x00000000000376e0                ds6_lr_addrmap
 *fill*         0x0000000000037744       0x1c 
 COMMON         0x0000000000037760      0x298 obj_cooja/mtype772.a(uip-ds6.o)
                0x0000000000037760                uip_ds6_prefix_list
                0x00000000000377c0                uip_ds6_timer_periodic
                0x00000000000377d0                uip_ds6_netif_addr_list_offset
                0x00000000000377e0                uip_ds6_if
                0x00000000000378d8                uip_ds6_timer_ra
                0x00000000000378e0                uip_ds6_addr_size
                0x0000000000037900                long_uip_ds6_if
 *fill*         0x00000000000379f8        0x8 
 COMMON         0x0000000000037a00      0x8ec obj_cooja/mtype772.a(uip6.o)
                0x0000000000037a00                uip_slen
                0x0000000000037a02                uip_acc32
                0x0000000000037a20                uip_conns
                0x0000000000037ae0                uip_lladdr
                0x0000000000037ae8                uip_appdata
                0x0000000000037aec                uip_flags
                0x0000000000037b00                uip_aligned_buf
                0x0000000000038140                uip_listenports
                0x0000000000038150                uip_len
                0x0000000000038152                uip_long_lladdr
                0x000000000003815c                uip_sappdata
                0x0000000000038160                uip_udp_conns
                0x00000000000382e0                uip_udp_conn
                0x00000000000382e4                uip_next_hdr
                0x00000000000382e8                uip_conn
 COMMON         0x00000000000382ec        0x1 obj_cooja/mtype772.a(tcpip.o)
                0x00000000000382ec                tcpip_event
 *fill*         0x00000000000382ed       0x13 
 COMMON         0x0000000000038300      0x170 obj_cooja/mtype772.a(rpl-dag.o)
                0x0000000000038300                default_instance
                0x0000000000038320                instance_table
 COMMON         0x0000000000038470       0x10 obj_cooja/mtype772.a(linkaddr.o)
                0x0000000000038470                linkaddr_node_addr
                0x0000000000038478                long_linkaddr_node_addr
 COMMON         0x0000000000038480       0x2e obj_cooja/mtype772.a(packetbuf.o)
                0x0000000000038480                packetbuf_attrs
                0x000000000003849e                packetbuf_addrs
 *fill*         0x00000000000384ae       0x12 
 COMMON         0x00000000000384c0       0x48 obj_cooja/mtype772.a(rimestats.o)
                0x00000000000384c0                rimestats
                0x0000000000038508                . = ALIGN ((. != 0x0)?0x4:0x1)
                0x0000000000038508                . = ALIGN (0x4)
                0x0000000000038508                . = SEGMENT_START ("ldata-segment", .)
                0x0000000000038508                . = ALIGN (0x4)
                0x0000000000038508                _end = .
                0x0000000000038508                PROVIDE (end, .)
                0x0000000000038508                . = DATA_SEGMENT_END (.)

.stab
 *(.stab)

.stabstr
 *(.stabstr)

.stab.excl
 *(.stab.excl)

.stab.exclstr
 *(.stab.exclstr)

.stab.index
 *(.stab.index)

.stab.indexstr
 *(.stab.indexstr)

.comment        0x0000000000000000       0x2b
 *(.comment)
 .comment       0x0000000000000000       0x2b /usr/lib/gcc/i686-linux-gnu/4.8/crtbeginS.o
                                         0x2c (size before relaxing)
 .comment       0x0000000000000000       0x2c udp-server.co
 .comment       0x0000000000000000       0x2c obj_cooja/mtype772.o
 .comment       0x0000000000000000       0x2c obj_cooja/mtype772.a(simEnvChange.o)
 .comment       0x0000000000000000       0x2c obj_cooja/mtype772.a(cooja_mt.o)
 .comment       0x0000000000000000       0x2c obj_cooja/mtype772.a(cooja_mtarch.o)
 .comment       0x0000000000000000       0x2c obj_cooja/mtype772.a(rtimer-arch.o)
 .comment       0x0000000000000000       0x2c obj_cooja/mtype772.a(beep.o)
 .comment       0x0000000000000000       0x2c obj_cooja/mtype772.a(button-sensor.o)
 .comment       0x0000000000000000       0x2c obj_cooja/mtype772.a(leds-arch.o)
 .comment       0x0000000000000000       0x2c obj_cooja/mtype772.a(moteid.o)
 .comment       0x0000000000000000       0x2c obj_cooja/mtype772.a(pir-sensor.o)
 .comment       0x0000000000000000       0x2c obj_cooja/mtype772.a(rs232.o)
 .comment       0x0000000000000000       0x2c obj_cooja/mtype772.a(vib-sensor.o)
 .comment       0x0000000000000000       0x2c obj_cooja/mtype772.a(clock.o)
 .comment       0x0000000000000000       0x2c obj_cooja/mtype772.a(log.o)
 .comment       0x0000000000000000       0x2c obj_cooja/mtype772.a(cfs-cooja.o)
 .comment       0x0000000000000000       0x2c obj_cooja/mtype772.a(cooja-radio.o)
 .comment       0x0000000000000000       0x2c obj_cooja/mtype772.a(eeprom.o)
 .comment       0x0000000000000000       0x2c obj_cooja/mtype772.a(random.o)
 .comment       0x0000000000000000       0x2c obj_cooja/mtype772.a(sensors.o)
 .comment       0x0000000000000000       0x2c obj_cooja/mtype772.a(dual_conf.o)
 .comment       0x0000000000000000       0x2c obj_cooja/mtype772.a(autostart.o)
 .comment       0x0000000000000000       0x2c obj_cooja/mtype772.a(ctimer.o)
 .comment       0x0000000000000000       0x2c obj_cooja/mtype772.a(etimer.o)
 .comment       0x0000000000000000       0x2c obj_cooja/mtype772.a(process.o)
 .comment       0x0000000000000000       0x2c obj_cooja/mtype772.a(rtimer.o)
 .comment       0x0000000000000000       0x2c obj_cooja/mtype772.a(timer.o)
 .comment       0x0000000000000000       0x2c obj_cooja/mtype772.a(serial-line.o)
 .comment       0x0000000000000000       0x2c obj_cooja/mtype772.a(list.o)
 .comment       0x0000000000000000       0x2c obj_cooja/mtype772.a(ringbuf.o)
 .comment       0x0000000000000000       0x2c obj_cooja/mtype772.a(sicslowpan.o)
 .comment       0x0000000000000000       0x2c obj_cooja/mtype772.a(uip-ds6-nbr.o)
 .comment       0x0000000000000000       0x2c obj_cooja/mtype772.a(uip-ds6.o)
 .comment       0x0000000000000000       0x2c obj_cooja/mtype772.a(uip6.o)
 .comment       0x0000000000000000       0x2c obj_cooja/mtype772.a(tcpip.o)
 .comment       0x0000000000000000       0x2c obj_cooja/mtype772.a(uip-debug.o)
 .comment       0x0000000000000000       0x2c obj_cooja/mtype772.a(uip-packetqueue)
 .comment       0x0000000000000000       0x2c obj_cooja/mtype772.a(rpl-dag.o)
 .comment       0x0000000000000000       0x2c obj_cooja/mtype772.a(rpl-ext-header.)
 .comment       0x0000000000000000       0x2c obj_cooja/mtype772.a(rpl-icmp6.o)
 .comment       0x0000000000000000       0x2c obj_cooja/mtype772.a(rpl-mrhof.o)
 .comment       0x0000000000000000       0x2c obj_cooja/mtype772.a(rpl-timers.o)
 .comment       0x0000000000000000       0x2c obj_cooja/mtype772.a(rpl.o)
 .comment       0x0000000000000000       0x2c obj_cooja/mtype772.a(linkaddr.o)
 .comment       0x0000000000000000       0x2c obj_cooja/mtype772.a(nbr-table.o)
 .comment       0x0000000000000000       0x2c obj_cooja/mtype772.a(netstack.o)
 .comment       0x0000000000000000       0x2c obj_cooja/mtype772.a(packetbuf.o)
 .comment       0x0000000000000000       0x2c obj_cooja/mtype772.a(queuebuf.o)
 .comment       0x0000000000000000       0x2c obj_cooja/mtype772.a(csma.o)
 .comment       0x0000000000000000       0x2c obj_cooja/mtype772.a(framer-802154.o)
 .comment       0x0000000000000000       0x2c obj_cooja/mtype772.a(mac.o)
 .comment       0x0000000000000000       0x2c obj_cooja/mtype772.a(nullrdc.o)
 .comment       0x0000000000000000       0x2c obj_cooja/mtype772.a(nullsec.o)
 .comment       0x0000000000000000       0x2c obj_cooja/mtype772.a(watchdog.o)
 .comment       0x0000000000000000       0x2c obj_cooja/mtype772.a(rimestats.o)
 .comment       0x0000000000000000       0x2c obj_cooja/mtype772.a(stimer.o)
 .comment       0x0000000000000000       0x2c obj_cooja/mtype772.a(memb.o)
 .comment       0x0000000000000000       0x2c obj_cooja/mtype772.a(uip-ds6-route.o)
 .comment       0x0000000000000000       0x2c obj_cooja/mtype772.a(uip-icmp6.o)
 .comment       0x0000000000000000       0x2c obj_cooja/mtype772.a(uip-nd6.o)
 .comment       0x0000000000000000       0x2c obj_cooja/mtype772.a(rpl-nbr-policy.)
 .comment       0x0000000000000000       0x2c obj_cooja/mtype772.a(frame802154.o)
 .comment       0x0000000000000000       0x2c obj_cooja/mtype772.a(mac-sequence.o)
 .comment       0x0000000000000000       0x2c /usr/lib/gcc/i686-linux-gnu/4.8/crtendS.o

.debug
 *(.debug)

.line
 *(.line)

.debug_srcinfo
 *(.debug_srcinfo)

.debug_sfnames
 *(.debug_sfnames)

.debug_aranges  0x0000000000000000      0x7d8
 *(.debug_aranges)
 .debug_aranges
                0x0000000000000000       0x20 udp-server.co
 .debug_aranges
                0x0000000000000020       0x20 obj_cooja/mtype772.o
 .debug_aranges
                0x0000000000000040       0x20 obj_cooja/mtype772.a(simEnvChange.o)
 .debug_aranges
                0x0000000000000060       0x20 obj_cooja/mtype772.a(cooja_mt.o)
 .debug_aranges
                0x0000000000000080       0x20 obj_cooja/mtype772.a(cooja_mtarch.o)
 .debug_aranges
                0x00000000000000a0       0x20 obj_cooja/mtype772.a(rtimer-arch.o)
 .debug_aranges
                0x00000000000000c0       0x20 obj_cooja/mtype772.a(beep.o)
 .debug_aranges
                0x00000000000000e0       0x20 obj_cooja/mtype772.a(button-sensor.o)
 .debug_aranges
                0x0000000000000100       0x20 obj_cooja/mtype772.a(leds-arch.o)
 .debug_aranges
                0x0000000000000120       0x20 obj_cooja/mtype772.a(moteid.o)
 .debug_aranges
                0x0000000000000140       0x20 obj_cooja/mtype772.a(pir-sensor.o)
 .debug_aranges
                0x0000000000000160       0x20 obj_cooja/mtype772.a(rs232.o)
 .debug_aranges
                0x0000000000000180       0x20 obj_cooja/mtype772.a(vib-sensor.o)
 .debug_aranges
                0x00000000000001a0       0x20 obj_cooja/mtype772.a(clock.o)
 .debug_aranges
                0x00000000000001c0       0x20 obj_cooja/mtype772.a(log.o)
 .debug_aranges
                0x00000000000001e0       0x20 obj_cooja/mtype772.a(cfs-cooja.o)
 .debug_aranges
                0x0000000000000200       0x20 obj_cooja/mtype772.a(cooja-radio.o)
 .debug_aranges
                0x0000000000000220       0x20 obj_cooja/mtype772.a(eeprom.o)
 .debug_aranges
                0x0000000000000240       0x20 obj_cooja/mtype772.a(random.o)
 .debug_aranges
                0x0000000000000260       0x20 obj_cooja/mtype772.a(sensors.o)
 .debug_aranges
                0x0000000000000280       0x20 obj_cooja/mtype772.a(dual_conf.o)
 .debug_aranges
                0x00000000000002a0       0x20 obj_cooja/mtype772.a(autostart.o)
 .debug_aranges
                0x00000000000002c0       0x20 obj_cooja/mtype772.a(ctimer.o)
 .debug_aranges
                0x00000000000002e0       0x20 obj_cooja/mtype772.a(etimer.o)
 .debug_aranges
                0x0000000000000300       0x20 obj_cooja/mtype772.a(process.o)
 .debug_aranges
                0x0000000000000320       0x20 obj_cooja/mtype772.a(rtimer.o)
 .debug_aranges
                0x0000000000000340       0x20 obj_cooja/mtype772.a(timer.o)
 .debug_aranges
                0x0000000000000360       0x20 obj_cooja/mtype772.a(serial-line.o)
 .debug_aranges
                0x0000000000000380       0x20 obj_cooja/mtype772.a(list.o)
 .debug_aranges
                0x00000000000003a0       0x20 obj_cooja/mtype772.a(ringbuf.o)
 .debug_aranges
                0x00000000000003c0       0x20 obj_cooja/mtype772.a(sicslowpan.o)
 .debug_aranges
                0x00000000000003e0       0x20 obj_cooja/mtype772.a(uip-ds6-nbr.o)
 .debug_aranges
                0x0000000000000400       0x20 obj_cooja/mtype772.a(uip-ds6.o)
 .debug_aranges
                0x0000000000000420       0x20 obj_cooja/mtype772.a(uip6.o)
 .debug_aranges
                0x0000000000000440       0x20 obj_cooja/mtype772.a(tcpip.o)
 .debug_aranges
                0x0000000000000460       0x20 obj_cooja/mtype772.a(uip-debug.o)
 .debug_aranges
                0x0000000000000480       0x20 obj_cooja/mtype772.a(uip-packetqueue)
 .debug_aranges
                0x00000000000004a0       0x20 obj_cooja/mtype772.a(rpl-dag.o)
 .debug_aranges
                0x00000000000004c0       0x20 obj_cooja/mtype772.a(rpl-ext-header.)
 .debug_aranges
                0x00000000000004e0       0x20 obj_cooja/mtype772.a(rpl-icmp6.o)
 .debug_aranges
                0x0000000000000500       0x20 obj_cooja/mtype772.a(rpl-mrhof.o)
 .debug_aranges
                0x0000000000000520       0x20 obj_cooja/mtype772.a(rpl-timers.o)
 .debug_aranges
                0x0000000000000540       0x20 obj_cooja/mtype772.a(rpl.o)
 .debug_aranges
                0x0000000000000560       0x20 obj_cooja/mtype772.a(linkaddr.o)
 .debug_aranges
                0x0000000000000580       0x20 obj_cooja/mtype772.a(nbr-table.o)
 .debug_aranges
                0x00000000000005a0       0x20 obj_cooja/mtype772.a(netstack.o)
 .debug_aranges
                0x00000000000005c0       0x20 obj_cooja/mtype772.a(packetbuf.o)
 .debug_aranges
                0x00000000000005e0       0x20 obj_cooja/mtype772.a(queuebuf.o)
 .debug_aranges
                0x0000000000000600       0x20 obj_cooja/mtype772.a(csma.o)
 .debug_aranges
                0x0000000000000620       0x20 obj_cooja/mtype772.a(framer-802154.o)
 .debug_aranges
                0x0000000000000640       0x20 obj_cooja/mtype772.a(mac.o)
 .debug_aranges
                0x0000000000000660       0x20 obj_cooja/mtype772.a(nullrdc.o)
 .debug_aranges
                0x0000000000000680       0x20 obj_cooja/mtype772.a(nullsec.o)
 .debug_aranges
                0x00000000000006a0       0x20 obj_cooja/mtype772.a(watchdog.o)
 .debug_aranges
                0x00000000000006c0       0x18 obj_cooja/mtype772.a(rimestats.o)
 .debug_aranges
                0x00000000000006d8       0x20 obj_cooja/mtype772.a(stimer.o)
 .debug_aranges
                0x00000000000006f8       0x20 obj_cooja/mtype772.a(memb.o)
 .debug_aranges
                0x0000000000000718       0x20 obj_cooja/mtype772.a(uip-ds6-route.o)
 .debug_aranges
                0x0000000000000738       0x20 obj_cooja/mtype772.a(uip-icmp6.o)
 .debug_aranges
                0x0000000000000758       0x20 obj_cooja/mtype772.a(uip-nd6.o)
 .debug_aranges
                0x0000000000000778       0x20 obj_cooja/mtype772.a(rpl-nbr-policy.)
 .debug_aranges
                0x0000000000000798       0x20 obj_cooja/mtype772.a(frame802154.o)
 .debug_aranges
                0x00000000000007b8       0x20 obj_cooja/mtype772.a(mac-sequence.o)

.debug_pubnames
 *(.debug_pubnames)

.debug_info     0x0000000000000000    0x1b791
 *(.debug_info .gnu.linkonce.wi.*)
 .debug_info    0x0000000000000000      0xddf udp-server.co
 .debug_info    0x0000000000000ddf     0x3771 obj_cooja/mtype772.o
 .debug_info    0x0000000000004550      0x15a obj_cooja/mtype772.a(simEnvChange.o)
 .debug_info    0x00000000000046aa      0x1e2 obj_cooja/mtype772.a(cooja_mt.o)
 .debug_info    0x000000000000488c      0x2e7 obj_cooja/mtype772.a(cooja_mtarch.o)
 .debug_info    0x0000000000004b73      0x16b obj_cooja/mtype772.a(rtimer-arch.o)
 .debug_info    0x0000000000004cde      0x1f3 obj_cooja/mtype772.a(beep.o)
 .debug_info    0x0000000000004ed1      0x257 obj_cooja/mtype772.a(button-sensor.o)
 .debug_info    0x0000000000005128      0x132 obj_cooja/mtype772.a(leds-arch.o)
 .debug_info    0x000000000000525a      0x10a obj_cooja/mtype772.a(moteid.o)
 .debug_info    0x0000000000005364      0x216 obj_cooja/mtype772.a(pir-sensor.o)
 .debug_info    0x000000000000557a      0x21e obj_cooja/mtype772.a(rs232.o)
 .debug_info    0x0000000000005798      0x216 obj_cooja/mtype772.a(vib-sensor.o)
 .debug_info    0x00000000000059ae      0x152 obj_cooja/mtype772.a(clock.o)
 .debug_info    0x0000000000005b00      0x2bb obj_cooja/mtype772.a(log.o)
 .debug_info    0x0000000000005dbb      0x3cf obj_cooja/mtype772.a(cfs-cooja.o)
 .debug_info    0x000000000000618a      0xc5e obj_cooja/mtype772.a(cooja-radio.o)
 .debug_info    0x0000000000006de8      0x1d5 obj_cooja/mtype772.a(eeprom.o)
 .debug_info    0x0000000000006fbd       0xb3 obj_cooja/mtype772.a(random.o)
 .debug_info    0x0000000000007070      0x36d obj_cooja/mtype772.a(sensors.o)
 .debug_info    0x00000000000073dd      0x99d obj_cooja/mtype772.a(dual_conf.o)
 .debug_info    0x0000000000007d7a      0x1a5 obj_cooja/mtype772.a(autostart.o)
 .debug_info    0x0000000000007f1f      0x46c obj_cooja/mtype772.a(ctimer.o)
 .debug_info    0x000000000000838b      0x49c obj_cooja/mtype772.a(etimer.o)
 .debug_info    0x0000000000008827      0x4ba obj_cooja/mtype772.a(process.o)
 .debug_info    0x0000000000008ce1      0x1ab obj_cooja/mtype772.a(rtimer.o)
 .debug_info    0x0000000000008e8c      0x16c obj_cooja/mtype772.a(timer.o)
 .debug_info    0x0000000000008ff8      0x2de obj_cooja/mtype772.a(serial-line.o)
 .debug_info    0x00000000000092d6      0x2ed obj_cooja/mtype772.a(list.o)
 .debug_info    0x00000000000095c3      0x1aa obj_cooja/mtype772.a(ringbuf.o)
 .debug_info    0x000000000000976d     0x105d obj_cooja/mtype772.a(sicslowpan.o)
 .debug_info    0x000000000000a7ca      0x8bb obj_cooja/mtype772.a(uip-ds6-nbr.o)
 .debug_info    0x000000000000b085      0xc19 obj_cooja/mtype772.a(uip-ds6.o)
 .debug_info    0x000000000000bc9e      0xea0 obj_cooja/mtype772.a(uip6.o)
 .debug_info    0x000000000000cb3e     0x1437 obj_cooja/mtype772.a(tcpip.o)
 .debug_info    0x000000000000df75      0x1b5 obj_cooja/mtype772.a(uip-debug.o)
 .debug_info    0x000000000000e12a      0x470 obj_cooja/mtype772.a(uip-packetqueue)
 .debug_info    0x000000000000e59a     0x1903 obj_cooja/mtype772.a(rpl-dag.o)
 .debug_info    0x000000000000fe9d      0xe2b obj_cooja/mtype772.a(rpl-ext-header.)
 .debug_info    0x0000000000010cc8     0x16b2 obj_cooja/mtype772.a(rpl-icmp6.o)
 .debug_info    0x000000000001237a      0xabe obj_cooja/mtype772.a(rpl-mrhof.o)
 .debug_info    0x0000000000012e38      0xbeb obj_cooja/mtype772.a(rpl-timers.o)
 .debug_info    0x0000000000013a23      0xcde obj_cooja/mtype772.a(rpl.o)
 .debug_info    0x0000000000014701      0x198 obj_cooja/mtype772.a(linkaddr.o)
 .debug_info    0x0000000000014899      0x980 obj_cooja/mtype772.a(nbr-table.o)
 .debug_info    0x0000000000015219      0x4b9 obj_cooja/mtype772.a(netstack.o)
 .debug_info    0x00000000000156d2      0x478 obj_cooja/mtype772.a(packetbuf.o)
 .debug_info    0x0000000000015b4a      0x57d obj_cooja/mtype772.a(queuebuf.o)
 .debug_info    0x00000000000160c7      0xbff obj_cooja/mtype772.a(csma.o)
 .debug_info    0x0000000000016cc6      0x5ed obj_cooja/mtype772.a(framer-802154.o)
 .debug_info    0x00000000000172b3      0x112 obj_cooja/mtype772.a(mac.o)
 .debug_info    0x00000000000173c5      0xc6c obj_cooja/mtype772.a(nullrdc.o)
 .debug_info    0x0000000000018031      0x3aa obj_cooja/mtype772.a(nullsec.o)
 .debug_info    0x00000000000183db       0x7b obj_cooja/mtype772.a(watchdog.o)
 .debug_info    0x0000000000018456      0x119 obj_cooja/mtype772.a(rimestats.o)
 .debug_info    0x000000000001856f      0x179 obj_cooja/mtype772.a(stimer.o)
 .debug_info    0x00000000000186e8      0x1d7 obj_cooja/mtype772.a(memb.o)
 .debug_info    0x00000000000188bf      0xd30 obj_cooja/mtype772.a(uip-ds6-route.o)
 .debug_info    0x00000000000195ef      0x784 obj_cooja/mtype772.a(uip-icmp6.o)
 .debug_info    0x0000000000019d73      0x331 obj_cooja/mtype772.a(uip-nd6.o)
 .debug_info    0x000000000001a0a4      0xda2 obj_cooja/mtype772.a(rpl-nbr-policy.)
 .debug_info    0x000000000001ae46      0x6b4 obj_cooja/mtype772.a(frame802154.o)
 .debug_info    0x000000000001b4fa      0x297 obj_cooja/mtype772.a(mac-sequence.o)

.debug_abbrev   0x0000000000000000     0x6620
 *(.debug_abbrev)
 .debug_abbrev  0x0000000000000000      0x227 udp-server.co
 .debug_abbrev  0x0000000000000227      0x2b3 obj_cooja/mtype772.o
 .debug_abbrev  0x00000000000004da       0xc3 obj_cooja/mtype772.a(simEnvChange.o)
 .debug_abbrev  0x000000000000059d       0xe6 obj_cooja/mtype772.a(cooja_mt.o)
 .debug_abbrev  0x0000000000000683      0x147 obj_cooja/mtype772.a(cooja_mtarch.o)
 .debug_abbrev  0x00000000000007ca       0xcc obj_cooja/mtype772.a(rtimer-arch.o)
 .debug_abbrev  0x0000000000000896       0xe3 obj_cooja/mtype772.a(beep.o)
 .debug_abbrev  0x0000000000000979      0x11c obj_cooja/mtype772.a(button-sensor.o)
 .debug_abbrev  0x0000000000000a95       0xe1 obj_cooja/mtype772.a(leds-arch.o)
 .debug_abbrev  0x0000000000000b76       0x9c obj_cooja/mtype772.a(moteid.o)
 .debug_abbrev  0x0000000000000c12       0xe6 obj_cooja/mtype772.a(pir-sensor.o)
 .debug_abbrev  0x0000000000000cf8      0x14a obj_cooja/mtype772.a(rs232.o)
 .debug_abbrev  0x0000000000000e42       0xe6 obj_cooja/mtype772.a(vib-sensor.o)