Archive member included to satisfy reference by file (symbol)

obj_cooja/mtype388.a(simEnvChange.o)
                              obj_cooja/mtype388.o (simDontFallAsleep)
obj_cooja/mtype388.a(cooja_mt.o)
                              obj_cooja/mtype388.o (cooja_mt_start)
obj_cooja/mtype388.a(cooja_mtarch.o)
                              obj_cooja/mtype388.a(cooja_mt.o) (cooja_mtarch_init)
obj_cooja/mtype388.a(rtimer-arch.o)
                              obj_cooja/mtype388.o (rtimer_arch_next)
obj_cooja/mtype388.a(beep.o)  obj_cooja/mtype388.o (beep_interface)
obj_cooja/mtype388.a(button-sensor.o)
                              obj_cooja/mtype388.o (button_interface)
obj_cooja/mtype388.a(leds-arch.o)
                              obj_cooja/mtype388.o (leds_interface)
obj_cooja/mtype388.a(moteid.o)
                              obj_cooja/mtype388.o (moteid_interface)
obj_cooja/mtype388.a(pir-sensor.o)
                              obj_cooja/mtype388.o (pir_interface)
obj_cooja/mtype388.a(rs232.o)
                              obj_cooja/mtype388.o (rs232_interface)
obj_cooja/mtype388.a(vib-sensor.o)
                              obj_cooja/mtype388.o (vib_interface)
obj_cooja/mtype388.a(clock.o)
                              obj_cooja/mtype388.o (clock_interface)
obj_cooja/mtype388.a(log.o)   obj_cooja/mtype388.o (simlog_interface)
obj_cooja/mtype388.a(cfs-cooja.o)
                              obj_cooja/mtype388.o (cfs_interface)
obj_cooja/mtype388.a(cooja-radio.o)
                              obj_cooja/mtype388.o (radio_interface)
obj_cooja/mtype388.a(eeprom.o)
                              obj_cooja/mtype388.o (eeprom_interface)
obj_cooja/mtype388.a(random.o)
                              obj_cooja/mtype388.a(moteid.o) (random_init)
obj_cooja/mtype388.a(sensors.o)
                              obj_cooja/mtype388.o (sensors_process)
obj_cooja/mtype388.a(dual_conf.o)
                              obj_cooja/mtype388.a(cooja-radio.o) (long_range_radio)
obj_cooja/mtype388.a(autostart.o)
                              obj_cooja/mtype388.o (autostart_start)
obj_cooja/mtype388.a(ctimer.o)
                              obj_cooja/mtype388.o (ctimer_init)
obj_cooja/mtype388.a(etimer.o)
                              obj_cooja/mtype388.o (etimer_process)
obj_cooja/mtype388.a(process.o)
                              udp-client.co (process_current)
obj_cooja/mtype388.a(rtimer.o)
                              obj_cooja/mtype388.a(rtimer-arch.o) (rtimer_run_next)
obj_cooja/mtype388.a(stimer.o)
                              udp-client.co (stimer_remaining)
obj_cooja/mtype388.a(timer.o)
                              obj_cooja/mtype388.a(button-sensor.o) (timer_set)
obj_cooja/mtype388.a(serial-line.o)
                              udp-client.co (serial_line_event_message)
obj_cooja/mtype388.a(list.o)  obj_cooja/mtype388.a(ctimer.o) (list_init)
obj_cooja/mtype388.a(ringbuf.o)
                              obj_cooja/mtype388.a(serial-line.o) (ringbuf_init)
obj_cooja/mtype388.a(sicslowpan.o)
                              obj_cooja/mtype388.o (sicslowpan_driver)
obj_cooja/mtype388.a(uip-ds6-nbr.o)
                              obj_cooja/mtype388.a(sicslowpan.o) (uip_ds6_link_neighbor_callback)
obj_cooja/mtype388.a(uip-ds6-route.o)
                              udp-client.co (uip_ds6_route_head)
obj_cooja/mtype388.a(uip-ds6.o)
                              udp-client.co (uip_ds6_if)
obj_cooja/mtype388.a(uip6.o)  udp-client.co (uip_lladdr)
obj_cooja/mtype388.a(tcpip.o)
                              udp-client.co (tcpip_event)
obj_cooja/mtype388.a(uip-debug.o)
                              udp-client.co (uip_debug_ipaddr_print)
obj_cooja/mtype388.a(uip-packetqueue)
                              obj_cooja/mtype388.a(uip-ds6-nbr.o) (uip_packetqueue_new)
obj_cooja/mtype388.a(uip-udp-packet.)
                              udp-client.co (uip_udp_packet_sendto)
obj_cooja/mtype388.a(rpl-dag.o)
                              obj_cooja/mtype388.a(tcpip.o) (rpl_repair_root)
obj_cooja/mtype388.a(rpl-ext-header.)
                              obj_cooja/mtype388.a(uip6.o) (rpl_verify_header)
obj_cooja/mtype388.a(rpl-icmp6.o)
                              obj_cooja/mtype388.a(rpl-dag.o) (rpl_icmp6_update_nbr_table)
obj_cooja/mtype388.a(rpl-mrhof.o)
                              obj_cooja/mtype388.a(rpl-dag.o) (rpl_mrhof)
obj_cooja/mtype388.a(rpl-timers.o)
                              obj_cooja/mtype388.a(rpl-dag.o) (rpl_reset_dio_timer)
obj_cooja/mtype388.a(rpl.o)   obj_cooja/mtype388.a(rpl-icmp6.o) (rpl_get_mode)
obj_cooja/mtype388.a(linkaddr.o)
                              obj_cooja/mtype388.o (linkaddr_node_addr)
obj_cooja/mtype388.a(nbr-table.o)
                              obj_cooja/mtype388.a(uip-ds6-nbr.o) (nbr_table_register)
obj_cooja/mtype388.a(netstack.o)
                              obj_cooja/mtype388.o (netstack_init)
obj_cooja/mtype388.a(packetbuf.o)
[...]
Memory Configuration

Name             Origin             Length             Attributes
*default*        0x0000000000000000 0xffffffffffffffff

Linker script and memory map

LOAD /usr/lib/gcc/i686-linux-gnu/4.8/../../../i386-linux-gnu/crti.o
LOAD /usr/lib/gcc/i686-linux-gnu/4.8/crtbeginS.o
LOAD udp-client.co
LOAD obj_cooja/mtype388.o
LOAD obj_cooja/mtype388.a
LOAD /usr/lib/gcc/i686-linux-gnu/4.8/libgcc.a
LOAD /usr/lib/gcc/i686-linux-gnu/4.8/libgcc_s.so
LOAD /usr/lib/gcc/i686-linux-gnu/4.8/../../../i386-linux-gnu/libc.so
START GROUP
LOAD /lib/i386-linux-gnu/libc.so.6
LOAD /usr/lib/i386-linux-gnu/libc_nonshared.a
LOAD /lib/i386-linux-gnu/ld-linux.so.2
END GROUP
LOAD /usr/lib/gcc/i686-linux-gnu/4.8/libgcc.a
LOAD /usr/lib/gcc/i686-linux-gnu/4.8/libgcc_s.so
LOAD /usr/lib/gcc/i686-linux-gnu/4.8/crtendS.o
LOAD /usr/lib/gcc/i686-linux-gnu/4.8/../../../i386-linux-gnu/crtn.o
                0x0000000000000114                . = (0x0 + SIZEOF_HEADERS)

.note.gnu.build-id
                0x0000000000000114       0x24
 *(.note.gnu.build-id)
 .note.gnu.build-id
                0x0000000000000114       0x24 /usr/lib/gcc/i686-linux-gnu/4.8/../../../i386-linux-gnu/crti.o

.hash
 *(.hash)

.gnu.hash       0x0000000000000138     0x1284
 *(.gnu.hash)
 .gnu.hash      0x0000000000000138     0x1284 /usr/lib/gcc/i686-linux-gnu/4.8/../../../i386-linux-gnu/crti.o

.dynsym         0x00000000000013bc     0x2250
 *(.dynsym)
 .dynsym        0x00000000000013bc     0x2250 /usr/lib/gcc/i686-linux-gnu/4.8/../../../i386-linux-gnu/crti.o

.dynstr         0x000000000000360c     0x23a3
 *(.dynstr)
 .dynstr        0x000000000000360c     0x23a3 /usr/lib/gcc/i686-linux-gnu/4.8/../../../i386-linux-gnu/crti.o

.gnu.version    0x00000000000059b0      0x44a
 *(.gnu.version)
 .gnu.version   0x00000000000059b0      0x44a /usr/lib/gcc/i686-linux-gnu/4.8/../../../i386-linux-gnu/crti.o

.gnu.version_d  0x0000000000005dfc        0x0
 *(.gnu.version_d)
 .gnu.version_d
                0x0000000000000000        0x0 /usr/lib/gcc/i686-linux-gnu/4.8/../../../i386-linux-gnu/crti.o

.gnu.version_r  0x0000000000005dfc       0x40
 *(.gnu.version_r)
 .gnu.version_r
                0x0000000000005dfc       0x40 /usr/lib/gcc/i686-linux-gnu/4.8/../../../i386-linux-gnu/crti.o

.rel.dyn        0x0000000000005e3c     0x9bb8
 *(.rel.init)
 .rel.init      0x0000000000000000        0x0 /usr/lib/gcc/i686-linux-gnu/4.8/../../../i386-linux-gnu/crti.o
 *(.rel.text .rel.text.* .rel.gnu.linkonce.t.*)
 .rel.text      0x0000000000005e3c     0x9418 /usr/lib/gcc/i686-linux-gnu/4.8/../../../i386-linux-gnu/crti.o
 *(.rel.fini)
 .rel.fini      0x0000000000000000        0x0 /usr/lib/gcc/i686-linux-gnu/4.8/../../../i386-linux-gnu/crti.o
 *(.rel.rodata .rel.rodata.* .rel.gnu.linkonce.r.*)
 .rel.rodata    0x000000000000f254      0x4e0 /usr/lib/gcc/i686-linux-gnu/4.8/../../../i386-linux-gnu/crti.o
 *(.rel.data.rel.ro .rel.data.rel.ro.* .rel.gnu.linkonce.d.rel.ro.*)
 *(.rel.data .rel.data.* .rel.gnu.linkonce.d.*)
 .rel.data.rel  0x000000000000f734        0x8 /usr/lib/gcc/i686-linux-gnu/4.8/../../../i386-linux-gnu/crti.o
 .rel.data      0x000000000000f73c      0x280 /usr/lib/gcc/i686-linux-gnu/4.8/../../../i386-linux-gnu/crti.o
 *(.rel.tdata .rel.tdata.* .rel.gnu.linkonce.td.*)
 *(.rel.tbss .rel.tbss.* .rel.gnu.linkonce.tb.*)
 *(.rel.ctors)
 *(.rel.dtors)
 *(.rel.got)
 .rel.got       0x000000000000f9bc       0x28 /usr/lib/gcc/i686-linux-gnu/4.8/../../../i386-linux-gnu/crti.o
 *(.rel.bss .rel.bss.* .rel.gnu.linkonce.b.*)
 *(.rel.ifunc)
 .rel.ifunc     0x0000000000000000        0x0 /usr/lib/gcc/i686-linux-gnu/4.8/../../../i386-linux-gnu/crti.o
 .rel.fini_array
                0x000000000000f9e4        0x8 /usr/lib/gcc/i686-linux-gnu/4.8/../../../i386-linux-gnu/crti.o
 .rel.init_array
                0x000000000000f9ec        0x8 /usr/lib/gcc/i686-linux-gnu/4.8/../../../i386-linux-gnu/crti.o

.rel.plt        0x000000000000f9f4       0x10
 *(.rel.plt)
 .rel.plt       0x000000000000f9f4       0x10 /usr/lib/gcc/i686-linux-gnu/4.8/../../../i386-linux-gnu/crti.o
 *(.rel.iplt)

.init           0x000000000000fa04       0x23
 *(SORT(.init))
 .init          0x000000000000fa04       0x1e /usr/lib/gcc/i686-linux-gnu/4.8/../../../i386-linux-gnu/crti.o
                0x000000000000fa04                _init
 .init          0x000000000000fa22        0x5 /usr/lib/gcc/i686-linux-gnu/4.8/../../../i386-linux-gnu/crtn.o

.plt            0x000000000000fa30       0x30
 *(.plt)
 .plt           0x000000000000fa30       0x30 /usr/lib/gcc/i686-linux-gnu/4.8/../../../i386-linux-gnu/crti.o
 *(.iplt)

.text           0x000000000000fa60    0x1621f
 *(.text.unlikely .text.*_unlikely .text.unlikely.*)
 *(.text.exit .text.exit.*)
 *(.text.startup .text.startup.*)
 *(.text.hot .text.hot.*)
 *(.text .stub .text.* .gnu.linkonce.t.*)
 .text          0x000000000000fa60        0x0 /usr/lib/gcc/i686-linux-gnu/4.8/../../../i386-linux-gnu/crti.o
 .gnu.linkonce.t.__x86.get_pc_thunk.bx
                0x000000000000fa60        0x4 /usr/lib/gcc/i686-linux-gnu/4.8/../../../i386-linux-gnu/crti.o
                0x000000000000fa60                __x86.get_pc_thunk.bx
 *fill*         0x000000000000fa64        0xc 
 .text          0x000000000000fa70      0x11b /usr/lib/gcc/i686-linux-gnu/4.8/crtbeginS.o
 .text          0x000000000000fb8b      0x5a4 udp-client.co
 .text          0x000000000001012f      0x944 obj_cooja/mtype388.o
                0x00000000000102dd                contiki_init
                0x000000000001088a                Java_org_contikios_cooja_corecomm_Lib36_init
                0x00000000000108ca                Java_org_contikios_cooja_corecomm_Lib36_getMemory
                0x000000000001090a                Java_org_contikios_cooja_corecomm_Lib36_setMemory
                0x0000000000010981                Java_org_contikios_cooja_corecomm_Lib36_tick
                0x0000000000010a61                Java_org_contikios_cooja_corecomm_Lib36_setReferenceAddress
 .text          0x0000000000010a73       0x63 obj_cooja/mtype388.a(simEnvChange.o)
                0x0000000000010a73                doActionsBeforeTick
                0x0000000000010aa4                doActionsAfterTick
 .text          0x0000000000010ad6       0xbc obj_cooja/mtype388.a(cooja_mt.o)
                0x0000000000010ad6                cooja_mt_init
                0x0000000000010ae3                cooja_mt_remove
                0x0000000000010af0                cooja_mt_start
                0x0000000000010b1d                cooja_mt_exec
                0x0000000000010b4e                cooja_mt_exit
                0x0000000000010b70                cooja_mt_yield
 .text          0x0000000000010b92      0x115 obj_cooja/mtype388.a(cooja_mtarch.o)
                0x0000000000010b92                cooja_mtarch_init
                0x0000000000010b97                cooja_mtarch_start
                0x0000000000010c12                cooja_sw
                0x0000000000010c34                cooja_mtarch_exec
                0x0000000000010c50                cooja_mtarch_remove
                0x0000000000010c55                cooja_mtarch_yield
                0x0000000000010c5f                cooja_mtarch_pstop
                0x0000000000010c64                cooja_mtarch_pstart
                0x0000000000010c69                cooja_mtarch_stack_usage
 .text          0x0000000000010ca7       0xc2 obj_cooja/mtype388.a(rtimer-arch.o)
                0x0000000000010ca7                rtimer_arch_init
                0x0000000000010cca                rtimer_arch_schedule
                0x0000000000010ce1                rtimer_arch_next
                0x0000000000010ceb                rtimer_arch_pending
                0x0000000000010cf5                rtimer_arch_check
                0x0000000000010d27                rtimer_arch_now
 .text          0x0000000000010d69       0x76 obj_cooja/mtype388.a(beep.o)
                0x0000000000010d69                beep_alarm
                0x0000000000010d75                beep_beep
                0x0000000000010d81                beep
                0x0000000000010d8d                beep_down
                0x0000000000010d99                beep_on
                0x0000000000010da5                beep_off
                0x0000000000010db1                beep_spinup
                0x0000000000010dbd                beep_quick
                0x0000000000010dc9                beep_long
 .text          0x0000000000010ddf      0x103 obj_cooja/mtype388.a(button-sensor.o)
 .text          0x0000000000010ee2       0x45 obj_cooja/mtype388.a(leds-arch.o)
                0x0000000000010ee2                leds_arch_init
                0x0000000000010eee                leds_arch_get
                0x0000000000010efa                leds_arch_set
 .text          0x0000000000010f27       0x2f obj_cooja/mtype388.a(moteid.o)
 .text          0x0000000000010f56       0xb1 obj_cooja/mtype388.a(pir-sensor.o)
 .text          0x0000000000011007      0x131 obj_cooja/mtype388.a(rs232.o)
                0x0000000000011007                rs232_init
                0x000000000001100c                rs232_set_speed
                0x000000000001101a                rs232_set_input
                0x0000000000011027                rs232_send
                0x0000000000011049                rs232_print
                0x0000000000011064                slip_arch_writeb
 .text          0x0000000000011138       0xb1 obj_cooja/mtype388.a(vib-sensor.o)
 .text          0x00000000000111e9       0x34 obj_cooja/mtype388.a(clock.o)
                0x00000000000111e9                clock_init
                0x00000000000111ee                clock_time
                0x00000000000111f8                clock_seconds
                0x000000000001120e                clock_delay
 .text          0x000000000001121d      0x1ed obj_cooja/mtype388.a(log.o)
                0x000000000001121d                simlog_char
                0x000000000001125f                simlog
                0x00000000000112cc                log_message
                0x00000000000112f4                log_set_putchar_with_slip
                0x0000000000011301                log_putchar
                0x0000000000011385                log_puts
                0x00000000000113a9                log_printf
 .text          0x000000000001140a      0x2c4 obj_cooja/mtype388.a(cfs-cooja.o)
                0x000000000001140a                cfs_open
                0x0000000000011473                cfs_close
                0x000000000001147f                cfs_read
                0x000000000001151d                cfs_write
                0x00000000000115fa                cfs_seek
                0x0000000000011682                cfs_remove
                0x00000000000116ab                cfs_opendir
                0x00000000000116b5                cfs_readdir
                0x00000000000116bf                cfs_closedir
 .text          0x00000000000116ce      0x541 obj_cooja/mtype388.a(cooja-radio.o)
                0x00000000000116f8                radio_set_channel
                0x000000000001170d                radio_set_txpower
                0x0000000000011724                radio_signal_strength_last
                0x000000000001172e                radio_signal_strength_current
                0x0000000000011738                radio_LQI
 .text          0x0000000000011c0f       0xef obj_cooja/mtype388.a(eeprom.o)
                0x0000000000011c0f                eeprom_init
                0x0000000000011c14                eeprom_read
                0x0000000000011c84                eeprom_write
 .text          0x0000000000011cfe       0x28 obj_cooja/mtype388.a(random.o)
                0x0000000000011cfe                random_init
                0x0000000000011d19                random_rand
 .text          0x0000000000011d26      0x2a1 obj_cooja/mtype388.a(sensors.o)
                0x0000000000011d61                sensors_first
                0x0000000000011d6b                sensors_next
                0x0000000000011d88                sensors_changed
                0x0000000000011db7                sensors_find
 .text          0x0000000000011fc7      0x308 obj_cooja/mtype388.a(dual_conf.o)
                0x0000000000011fc7                dual_radio_switch
                0x0000000000012022                dual_radio_change
                0x000000000001205c                sending_in_LR
                0x0000000000012087                dual_radio_received
                0x00000000000120da                radio_received_is_longrange
                0x0000000000012285                dio_broadcast
                0x00000000000122ae                dis_broadcast
 .text          0x00000000000122cf       0x8e obj_cooja/mtype388.a(autostart.o)
                0x00000000000122cf                autostart_start
                0x000000000001231a                autostart_exit
 .text          0x000000000001235d      0x334 obj_cooja/mtype388.a(ctimer.o)
                0x0000000000012474                ctimer_init
                0x00000000000124a4                ctimer_set
                0x00000000000124d5                ctimer_set_with_process
                0x0000000000012551                ctimer_reset
                0x00000000000125a0                ctimer_restart
                0x00000000000125ef                ctimer_stop
                0x000000000001263a                ctimer_expired
 .text          0x0000000000012691      0x40b obj_cooja/mtype388.a(etimer.o)
                0x00000000000128a4                etimer_request_poll
                0x0000000000012928                etimer_set
                0x000000000001294d                etimer_reset_with_new_interval
                0x0000000000012974                etimer_reset
                0x0000000000012992                etimer_restart
                0x00000000000129b0                etimer_adjust
                0x00000000000129cc                etimer_expired
                0x00000000000129df                etimer_expiration_time
                0x00000000000129f1                etimer_start_time
                0x00000000000129fb                etimer_pending
                0x0000000000012a0d                etimer_next_expiration_time
                0x0000000000012a27                etimer_stop
 .text          0x0000000000012a9c      0x560 obj_cooja/mtype388.a(process.o)
                0x0000000000012a9c                process_alloc_event
                0x0000000000012ab1                process_start
                0x0000000000012c9a                process_exit
                0x0000000000012cb6                process_init
                0x0000000000012e87                process_run
                0x0000000000012eba                process_nevents
                0x0000000000012ed5                process_post
                0x0000000000012f81                process_post_synch
                0x0000000000012fb9                process_poll
                0x0000000000012fe8                process_is_running
 .text          0x0000000000012ffc       0xba obj_cooja/mtype388.a(rtimer.o)
                0x0000000000012ffc                rtimer_init
                0x0000000000013009                rtimer_set
                0x0000000000013060                rtimer_run_next
 .text          0x00000000000130b6       0xa3 obj_cooja/mtype388.a(stimer.o)
                0x00000000000130b6                stimer_set
                0x00000000000130d1                stimer_reset
                0x00000000000130e8                stimer_restart
                0x00000000000130fa                stimer_expired
                0x0000000000013121                stimer_remaining
                0x0000000000013145                stimer_elapsed
 .text          0x0000000000013159       0x91 obj_cooja/mtype388.a(timer.o)
                0x0000000000013159                timer_set
                0x0000000000013174                timer_reset
                0x000000000001318b                timer_restart
                0x000000000001319d                timer_expired
                0x00000000000131c6                timer_remaining
 .text          0x00000000000131ea      0x1fb obj_cooja/mtype388.a(serial-line.o)
                0x00000000000131ea                serial_line_input_byte
                0x00000000000133ad                serial_line_init
 .text          0x00000000000133e5      0x244 obj_cooja/mtype388.a(list.o)
                0x00000000000133e5                list_init
                0x00000000000133f3                list_head
                0x00000000000133fd                list_copy
                0x000000000001340c                list_tail
                0x0000000000013442                list_add
                0x000000000001348b                list_push
                0x00000000000134b7                list_chop
                0x0000000000013521                list_pop
                0x0000000000013549                list_remove
                0x00000000000135b0                list_length
                0x00000000000135de                list_insert
                0x0000000000013612                list_item_next
 .text          0x0000000000013629      0x155 obj_cooja/mtype388.a(ringbuf.o)
                0x0000000000013629                ringbuf_init
                0x000000000001365a                ringbuf_put
                0x00000000000136d8                ringbuf_get
                0x0000000000013745                ringbuf_size
                0x0000000000013757                ringbuf_elements
 .text          0x000000000001377e     0x102d obj_cooja/mtype388.a(sicslowpan.o)
                0x0000000000013d08                rime_sniffer_add
                0x0000000000013d15                rime_sniffer_remove
                0x000000000001478d                sicslowpan_init
                0x00000000000147a1                sicslowpan_get_last_rssi
 .text          0x00000000000147ab      0x298 obj_cooja/mtype388.a(uip-ds6-nbr.o)
                0x00000000000147c8                uip_ds6_neighbors_init
                0x00000000000147e5                uip_ds6_nbr_add
                0x000000000001486d                uip_ds6_nbr_rm
                0x00000000000148af                uip_ds6_nbr_get_ipaddr
                0x00000000000148c4                uip_ds6_nbr_get_ll
                0x00000000000148e0                uip_ds6_nbr_num
                0x0000000000014925                uip_ds6_nbr_lookup
                0x000000000001498a                uip_ds6_nbr_ll_lookup
                0x00000000000149a6                uip_ds6_nbr_ipaddr_from_lladdr
                0x00000000000149cc                uip_ds6_nbr_lladdr_from_ipaddr
                0x00000000000149fa                uip_ds6_link_neighbor_callback
 .text          0x0000000000014a43      0xc68 obj_cooja/mtype388.a(uip-ds6-route.o)
                0x0000000000014b31                uip_ds6_notification_add
                0x0000000000014b62                uip_ds6_notification_rm
                0x0000000000014b7e                uip_ds6_route_init
                0x0000000000014c06                uip_ds6_route_nexthop
                0x0000000000014c2e                uip_ds6_route_head
                0x0000000000014c43                uip_ds6_route_next
                0x0000000000014c69                uip_ds6_route_is_nexthop
                0x0000000000014ca8                uip_ds6_route_num_routes
                0x0000000000014cb2                uip_ds6_route_lookup
                0x0000000000014ded                uip_ds6_route_add
                0x000000000001510a                uip_ds6_route_rm
                0x000000000001531d                uip_ds6_route_rm_by_nexthop
                0x0000000000015355                uip_ds6_defrt_add
                0x0000000000015465                uip_ds6_defrt_rm
                0x00000000000154fa                uip_ds6_defrt_lookup
                0x0000000000015553                uip_ds6_defrt_choose
                0x0000000000015637                uip_ds6_defrt_periodic
 .text          0x00000000000156ab     0x1396 obj_cooja/mtype388.a(uip-ds6.o)
                0x00000000000156ab                uip_ds6_init
                0x0000000000015a50                uip_ds6_periodic
                0x0000000000015b28                uip_ds6_list_loop
                0x0000000000015bcf                uip_ds6_prefix_add
                0x0000000000015ce3                uip_ds6_prefix_rm
                0x0000000000015cf5                uip_ds6_prefix_lookup
                0x0000000000015d46                uip_ds6_is_addr_onlink
                0x0000000000015dba                uip_ds6_addr_add
                0x0000000000015ee8                uip_ds6_long_addr_add
                0x0000000000016016                uip_ds6_addr_rm
                0x00000000000160b6                uip_ds6_addr_lookup
                0x0000000000016101                uip_ds6_long_addr_lookup
                0x000000000001614c                uip_ds6_get_link_local
                0x00000000000161cb                uip_ds6_long_get_link_local
                0x000000000001624a                uip_ds6_get_global
                0x00000000000162c9                uip_ds6_long_get_global
                0x0000000000016348                uip_ds6_maddr_add
                0x00000000000163ba                uip_ds6_long_maddr_add
                0x000000000001642c                uip_ds6_maddr_rm
                0x000000000001643e                uip_ds6_maddr_lookup
                0x0000000000016489                uip_ds6_long_maddr_lookup
                0x00000000000164d4                uip_ds6_aaddr_add
                0x0000000000016546                uip_ds6_long_aaddr_add
                0x00000000000165b8                uip_ds6_aaddr_rm
                0x00000000000165ca                uip_ds6_aaddr_lookup
                0x0000000000016615                uip_ds6_long_aaddr_lookup
                0x0000000000016660                uip_ds6_select_src
                0x000000000001692c                uip_ds6_set_addr_iid
                0x0000000000016963                get_match_length
                0x00000000000169f5                uip_ds6_compute_reachable_time
 .text          0x0000000000016a41     0x2d5c obj_cooja/mtype388.a(uip6.o)
                0x0000000000016a41                uip_add32
                0x0000000000016bda                uip_chksum
                0x0000000000016cf0                uip_icmp6chksum
                0x0000000000016d04                uip_tcpchksum
                0x0000000000016d18                uip_udpchksum
                0x0000000000016d2c                uip_init
                0x0000000000016dfc                uip_connect
                0x0000000000016fab                remove_ext_hdr
                0x00000000000170b4                uip_udp_new
                0x0000000000017210                uip_unlisten
                0x0000000000017270                uip_listen
                0x0000000000017596                uip_process
                0x0000000000019691                uip_htons
                0x00000000000196b3                uip_htonl
                0x00000000000196f3                uip_send
 .text          0x000000000001979d      0xa7d obj_cooja/mtype388.a(tcpip.o)
                0x000000000001979d                tcpip_output
                0x00000000000197ee                tcpip_set_outputfunc
                0x000000000001988e                tcp_connect
                0x00000000000198e3                tcp_unlisten
                0x000000000001993e                tcp_listen
                0x0000000000019997                tcp_attach
                0x00000000000199bc                udp_attach
                0x00000000000199e1                udp_new
                0x0000000000019a33                udp_broadcast_new
                0x0000000000019ca7                tcpip_input
                0x0000000000019cdb                tcpip_ipv6_output
                0x000000000001a060                tcpip_poll_udp
                0x000000000001a083                tcpip_poll_tcp
                0x000000000001a0a6                tcpip_uipcall
 .text          0x000000000001a21a      0x1c1 obj_cooja/mtype388.a(uip-debug.o)
                0x000000000001a21a                uip_debug_ipaddr_print
                0x000000000001a37c                uip_debug_lladdr_print
 .text          0x000000000001a3db      0x141 obj_cooja/mtype388.a(uip-packetqueue)
                0x000000000001a407                uip_packetqueue_new
                0x000000000001a415                uip_packetqueue_alloc
                0x000000000001a475                uip_packetqueue_free
                0x000000000001a4b6                uip_packetqueue_buf
                0x000000000001a4d3                uip_packetqueue_buflen
                0x000000000001a4f4                uip_packetqueue_set_buflen
 .text          0x000000000001a51c      0x131 obj_cooja/mtype388.a(uip-udp-packet.)
                0x000000000001a51c                uip_udp_packet_send
                0x000000000001a57c                uip_udp_packet_sendto
 .text          0x000000000001a64d     0x2ce0 obj_cooja/mtype388.a(rpl-dag.o)
                0x000000000001a64d                rpl_print_neighbor_list
                0x000000000001a822                rpl_get_nbr
                0x000000000001a87c                rpl_dag_init
                0x000000000001a899                rpl_get_parent
                0x000000000001a8bb                rpl_get_parent_rank
                0x000000000001a8ee                rpl_get_parent_link_metric
                0x000000000001a921                rpl_get_parent_ipaddr
                0x000000000001accd                rpl_set_root
                0x000000000001af41                rpl_repair_root
                0x000000000001b1f0                rpl_set_prefix
                0x000000000001b313                rpl_set_default_route
                0x000000000001b408                rpl_alloc_instance
                0x000000000001b49b                rpl_alloc_dag
                0x000000000001b54c                rpl_set_default_instance
                0x000000000001b559                rpl_get_default_instance
                0x000000000001b563                rpl_free_instance
                0x000000000001b62f                rpl_free_dag
                0x000000000001b6b8                rpl_add_parent
                0x000000000001b7ca                rpl_find_parent
                0x000000000001b822                rpl_find_parent_any_dag
                0x000000000001b85e                rpl_select_dag
                0x000000000001bc7b                rpl_select_parent
                0x000000000001bcdd                rpl_remove_parent
                0x000000000001bd2f                rpl_nullify_parent
                0x000000000001be2b                rpl_move_parent
                0x000000000001bf36                rpl_has_downward_route
                0x000000000001bf89                rpl_get_any_dag
                0x000000000001bfeb                rpl_get_instance
                0x000000000001c04e                rpl_find_of
                0x000000000001c08b                rpl_join_instance
                0x000000000001c3c2                rpl_add_dag
                0x000000000001c893                rpl_local_repair
                0x000000000001c96f                rpl_recalculate_ranks
                0x000000000001ca18                rpl_process_parent_event
                0x000000000001cc2e                rpl_process_dio
 .text          0x000000000001d32d      0xbf3 obj_cooja/mtype388.a(rpl-ext-header.)
                0x000000000001d34a                rpl_verify_header
                0x000000000001d7c4                rpl_update_header_empty
                0x000000000001dadb                rpl_update_header_final
                0x000000000001dc6a                rpl_remove_header
                0x000000000001dd74                rpl_invert_header
                0x000000000001defe                rpl_insert_header
 .text          0x000000000001df20     0x22c2 obj_cooja/mtype388.a(rpl-icmp6.o)
                0x000000000001e17f                rpl_icmp6_update_nbr_table
                0x000000000001e379                dis_output
                0x000000000001eca0                dio_output
                0x000000000001fd29                dao_output
                0x000000000001fdf0                dao_output_target
                0x0000000000020196                dao_ack_output
                0x00000000000201aa                rpl_icmp6_register_handlers
 .text          0x00000000000201e2      0x315 obj_cooja/mtype388.a(rpl-mrhof.o)
 .text          0x00000000000204f7      0x909 obj_cooja/mtype388.a(rpl-timers.o)
                0x00000000000207e3                rpl_reset_periodic_timer
                0x0000000000020838                rpl_reset_dio_timer
                0x0000000000020ad0                rpl_schedule_dao
                0x0000000000020aeb                rpl_schedule_dao_immediately
                0x0000000000020b06                rpl_cancel_dao
                0x0000000000020b68                rpl_schedule_unicast_dio_immediately
                0x0000000000020da8                rpl_schedule_probing
 .text          0x0000000000020e00      0x6e0 obj_cooja/mtype388.a(rpl.o)
                0x0000000000020e00                rpl_get_mode
                0x0000000000020e0a                rpl_set_mode
                0x0000000000020ece                rpl_purge_routes
                0x0000000000020ffd                rpl_remove_routes
                0x0000000000021043                rpl_remove_routes_by_nexthop
                0x00000000000210af                rpl_add_route
                0x000000000002117a                rpl_link_neighbor_callback
                0x000000000002128e                rpl_ipv6_neighbor_callback
                0x000000000002133a                rpl_purge_dags
                0x000000000002144e                rpl_init
 .text          0x00000000000214e0       0x82 obj_cooja/mtype388.a(linkaddr.o)
                0x00000000000214e0                linkaddr_copy
                0x0000000000021502                linkaddr_cmp
                0x000000000002152c                linkaddr_set_node_addr
                0x0000000000021547                linkaddr_set_node_long_addr
 .text          0x0000000000021562      0x769 obj_cooja/mtype388.a(nbr-table.o)
                0x00000000000219c1                nbr_table_register
                0x0000000000021a09                nbr_table_head
                0x0000000000021a65                nbr_table_next
                0x0000000000021acc                nbr_table_add_lladdr
                0x0000000000021ba8                nbr_table_get_from_lladdr
                0x0000000000021bf5                nbr_table_remove
                0x0000000000021c47                nbr_table_lock
                0x0000000000021c71                nbr_table_unlock
                0x0000000000021c9b                nbr_table_get_lladdr
 .text          0x0000000000021ccb       0x2b obj_cooja/mtype388.a(netstack.o)
                0x0000000000021ccb                netstack_init
 .text          0x0000000000021cf6      0x3cd obj_cooja/mtype388.a(packetbuf.o)
                0x0000000000021cf6                packetbuf_clear
                0x0000000000021d20                packetbuf_copyfrom
                0x0000000000021d72                packetbuf_compact
                0x0000000000021def                packetbuf_copyto
                0x0000000000021e86                packetbuf_hdralloc
                0x0000000000021f03                packetbuf_hdrreduce
                0x0000000000021f4b                packetbuf_set_datalen
                0x0000000000021f64                packetbuf_dataptr
                0x0000000000021f81                packetbuf_hdrptr
                0x0000000000021f8b                packetbuf_datalen
                0x0000000000021f97                packetbuf_hdrlen
                0x0000000000021fae                packetbuf_totlen
                0x0000000000021fc4                packetbuf_attr_clear
                0x0000000000022016                packetbuf_attr_copyto
                0x000000000002205f                packetbuf_attr_copyfrom
                0x00000000000220a7                packetbuf_holds_broadcast
 .text          0x00000000000220c3      0x2b4 obj_cooja/mtype388.a(queuebuf.o)
                0x00000000000220cd                queuebuf_init
                0x00000000000220ed                queuebuf_numfree
                0x0000000000022101                queuebuf_new_from_packetbuf
                0x0000000000022191                queuebuf_update_attr_from_packetbuf
                0x00000000000221c4                queuebuf_update_from_packetbuf
                0x000000000002220e                queuebuf_free
                0x0000000000022255                queuebuf_to_packetbuf
                0x00000000000222bb                queuebuf_dataptr
                0x00000000000222f2                queuebuf_datalen
                0x0000000000022315                queuebuf_addr
                0x0000000000022347                queuebuf_attr
                0x0000000000022372                queuebuf_debug_print
 .text          0x0000000000022377      0x831 obj_cooja/mtype388.a(csma.o)
 .text          0x0000000000022ba8      0x3f5 obj_cooja/mtype388.a(framer-802154.o)
 .text          0x0000000000022f9d       0x3c obj_cooja/mtype388.a(mac.o)
                0x0000000000022f9d                mac_call_sent_callback
 .text          0x0000000000022fd9      0x556 obj_cooja/mtype388.a(nullrdc.o)
 .text          0x000000000002352f       0x6e obj_cooja/mtype388.a(nullsec.o)
 .text          0x000000000002359d       0x19 obj_cooja/mtype388.a(watchdog.o)
                0x000000000002359d                watchdog_init
                0x00000000000235a2                watchdog_start
                0x00000000000235a7                watchdog_periodic
                0x00000000000235ac                watchdog_stop
                0x00000000000235b1                watchdog_reboot
 .text          0x00000000000235b6        0x0 obj_cooja/mtype388.a(rimestats.o)
 .text          0x00000000000235b6      0x1c1 obj_cooja/mtype388.a(memb.o)
                0x00000000000235b6                memb_init
                0x0000000000023614                memb_alloc
                0x0000000000023679                memb_free
                0x00000000000236f4                memb_inmemb
                0x0000000000023733                memb_numfree
 .text          0x0000000000023777     0x1382 obj_cooja/mtype388.a(uip-icmp6.o)
                0x00000000000237e5                uip_icmp6_input
                0x000000000002383b                uip_icmp6_register_input_handler
                0x0000000000023ffb                uip_icmp6_error_output
                0x00000000000245d2                uip_icmp6_send
                0x0000000000024a8c                uip_icmp6_echo_reply_callback_add
                0x0000000000024abd                uip_icmp6_echo_reply_callback_rm
                0x0000000000024ad9                uip_icmp6_init
 .text          0x0000000000024af9      0x358 obj_cooja/mtype388.a(uip-nd6.o)
                0x0000000000024b4d                uip_nd6_ns_output
                0x0000000000024e4c                uip_nd6_init
 .text          0x0000000000024e51      0x331 obj_cooja/mtype388.a(rpl-nbr-policy.)
                0x0000000000025029                find_removable_dis
                0x000000000002504c                find_removable_dio
                0x00000000000250db                find_removable_dao
                0x000000000002512b                rpl_nbr_policy_find_removable
 .text          0x0000000000025182      0x97c obj_cooja/mtype388.a(frame802154.o)
                0x00000000000251b3                frame802154_get_pan_id
                0x00000000000251bf                frame802154_set_pan_id
                0x00000000000251d8                frame802154_has_panid
                0x00000000000252c4                frame802154_check_dest_panid
                0x000000000002532c                frame802154_is_broadcast_addr
                0x0000000000025379                frame802154_extract_linkaddr
                0x00000000000255b9                frame802154_hdrlen
                0x000000000002560a                frame802154_create
                0x00000000000257f5                frame802154_parse
 .text          0x0000000000025afe      0x181 obj_cooja/mtype388.a(mac-sequence.o)
                0x0000000000025b35                mac_sequence_is_duplicate
                0x0000000000025bb8                mac_sequence_register_seqno
 .text          0x0000000000025c7f        0x0 /usr/lib/gcc/i686-linux-gnu/4.8/crtendS.o
 .text          0x0000000000025c7f        0x0 /usr/lib/gcc/i686-linux-gnu/4.8/../../../i386-linux-gnu/crtn.o
 *(.gnu.warning)

.fini           0x0000000000025c80       0x14
 *(SORT(.fini))
 .fini          0x0000000000025c80        0xf /usr/lib/gcc/i686-linux-gnu/4.8/../../../i386-linux-gnu/crti.o
                0x0000000000025c80                _fini
 .fini          0x0000000000025c8f        0x5 /usr/lib/gcc/i686-linux-gnu/4.8/../../../i386-linux-gnu/crtn.o
                0x0000000000025c94                PROVIDE (__etext, .)
                0x0000000000025c94                PROVIDE (_etext, .)
                0x0000000000025c94                PROVIDE (etext, .)

.rodata         0x0000000000025ca0     0x2fe9
 *(.rodata .rodata.* .gnu.linkonce.r.*)
 .rodata        0x0000000000025ca0      0x18a udp-client.co
                0x0000000000025cb4                autostart_processes
 *fill*         0x0000000000025e2a        0x2 
 .rodata        0x0000000000025e2c      0x1b6 obj_cooja/mtype388.o
 *fill*         0x0000000000025fe2        0x2 
 .rodata        0x0000000000025fe4        0x8 obj_cooja/mtype388.a(beep.o)
                0x0000000000025fe4                beep_interface
 .rodata        0x0000000000025fec       0x20 obj_cooja/mtype388.a(button-sensor.o)
                0x0000000000025fec                button_interface
                0x0000000000025ffc                button_sensor
 .rodata        0x000000000002600c        0x8 obj_cooja/mtype388.a(leds-arch.o)
                0x000000000002600c                leds_interface
 .rodata        0x0000000000026014        0x8 obj_cooja/mtype388.a(moteid.o)
                0x0000000000026014                moteid_interface
 .rodata        0x000000000002601c       0x1c obj_cooja/mtype388.a(pir-sensor.o)
                0x000000000002601c                pir_interface
                0x0000000000026028                pir_sensor
 .rodata        0x0000000000026038        0xe obj_cooja/mtype388.a(rs232.o)
                0x0000000000026038                rs232_interface
 *fill*         0x0000000000026046        0x2 
 .rodata        0x0000000000026048       0x24 obj_cooja/mtype388.a(vib-sensor.o)
                0x0000000000026048                vib_interface
                0x000000000002605c                vib_sensor
 .rodata        0x000000000002606c        0x8 obj_cooja/mtype388.a(clock.o)
                0x000000000002606c                clock_interface
 .rodata        0x0000000000026074        0x8 obj_cooja/mtype388.a(log.o)
                0x0000000000026074                simlog_interface
 .rodata        0x000000000002607c       0x2f obj_cooja/mtype388.a(cfs-cooja.o)
                0x000000000002607c                cfs_interface
 *fill*         0x00000000000260ab       0x15 
 .rodata        0x00000000000260c0      0x120 obj_cooja/mtype388.a(cooja-radio.o)
                0x00000000000261a0                cooja_radio_driver
                0x00000000000261d8                radio_interface
 .rodata        0x00000000000261e0        0x8 obj_cooja/mtype388.a(eeprom.o)
                0x00000000000261e0                eeprom_interface
 .rodata        0x00000000000261e8        0x8 obj_cooja/mtype388.a(sensors.o)
 .rodata        0x00000000000261f0      0x21d obj_cooja/mtype388.a(dual_conf.o)
 .rodata        0x000000000002640d        0xf obj_cooja/mtype388.a(ctimer.o)
 .rodata        0x000000000002641c        0xc obj_cooja/mtype388.a(etimer.o)
 .rodata        0x0000000000026428        0xe obj_cooja/mtype388.a(serial-line.o)
 *fill*         0x0000000000026436        0x2 
 .rodata        0x0000000000026438       0x18 obj_cooja/mtype388.a(sicslowpan.o)
                0x0000000000026444                sicslowpan_driver
 .rodata        0x0000000000026450      0x480 obj_cooja/mtype388.a(uip-ds6-route.o)
 .rodata        0x00000000000268d0      0x134 obj_cooja/mtype388.a(uip-ds6.o)
 .rodata        0x0000000000026a04      0x590 obj_cooja/mtype388.a(uip6.o)
 .rodata        0x0000000000026f94      0x113 obj_cooja/mtype388.a(tcpip.o)
 .rodata        0x00000000000270a7       0x3e obj_cooja/mtype388.a(uip-debug.o)
 *fill*         0x00000000000270e5        0x3 
 .rodata        0x00000000000270e8      0xc0b obj_cooja/mtype388.a(rpl-dag.o)
 *fill*         0x0000000000027cf3        0x1 
 .rodata        0x0000000000027cf4      0x8a4 obj_cooja/mtype388.a(rpl-icmp6.o)
 .rodata        0x0000000000028598       0x6f obj_cooja/mtype388.a(rpl-mrhof.o)
 *fill*         0x0000000000028607        0x1 
 .rodata        0x0000000000028608      0x260 obj_cooja/mtype388.a(rpl-timers.o)
 .rodata        0x0000000000028868      0x1be obj_cooja/mtype388.a(rpl.o)
 .rodata        0x0000000000028a26        0x8 obj_cooja/mtype388.a(linkaddr.o)
                0x0000000000028a26                linkaddr_null
 *fill*         0x0000000000028a2e        0x2 
 .rodata        0x0000000000028a30       0x24 obj_cooja/mtype388.a(csma.o)
                0x0000000000028a38                csma_driver
 .rodata        0x0000000000028a54        0xc obj_cooja/mtype388.a(framer-802154.o)
                0x0000000000028a54                framer_802154
 .rodata        0x0000000000028a60      0x140 obj_cooja/mtype388.a(nullrdc.o)
                0x0000000000028b80                nullrdc_driver
 .rodata        0x0000000000028ba0       0x18 obj_cooja/mtype388.a(nullsec.o)
                0x0000000000028ba8                nullsec_driver
 .rodata        0x0000000000028bb8       0xd1 obj_cooja/mtype388.a(uip-icmp6.o)

.rodata1
 *(.rodata1)

.eh_frame_hdr   0x0000000000028c8c     0x130c
 *(.eh_frame_hdr)
 .eh_frame_hdr  0x0000000000028c8c     0x130c udp-client.co

.eh_frame       0x0000000000029f98     0x4da0
 *(.eh_frame)
 .eh_frame      0x0000000000029f98       0x3c /usr/lib/gcc/i686-linux-gnu/4.8/../../../i386-linux-gnu/crti.o
                                         0x40 (size before relaxing)
 .eh_frame      0x0000000000029fd4       0xa8 udp-client.co
                                         0xc0 (size before relaxing)
 .eh_frame      0x000000000002a07c      0x148 obj_cooja/mtype388.o
                                        0x160 (size before relaxing)
 .eh_frame      0x000000000002a1c4       0x40 obj_cooja/mtype388.a(simEnvChange.o)
                                         0x58 (size before relaxing)
 .eh_frame      0x000000000002a204       0xc0 obj_cooja/mtype388.a(cooja_mt.o)
                                         0xd8 (size before relaxing)
 .eh_frame      0x000000000002a2c4      0x120 obj_cooja/mtype388.a(cooja_mtarch.o)
                                        0x138 (size before relaxing)
 .eh_frame      0x000000000002a3e4       0xc0 obj_cooja/mtype388.a(rtimer-arch.o)
                                         0xd8 (size before relaxing)
 .eh_frame      0x000000000002a4a4      0x160 obj_cooja/mtype388.a(beep.o)
                                        0x178 (size before relaxing)
 .eh_frame      0x000000000002a604       0xa0 obj_cooja/mtype388.a(button-sensor.o)
                                         0xb8 (size before relaxing)
 .eh_frame      0x000000000002a6a4       0xa0 obj_cooja/mtype388.a(leds-arch.o)
                                         0xb8 (size before relaxing)
 .eh_frame      0x000000000002a744       0x40 obj_cooja/mtype388.a(moteid.o)
                                         0x58 (size before relaxing)
 .eh_frame      0x000000000002a784       0xa0 obj_cooja/mtype388.a(pir-sensor.o)
                                         0xb8 (size before relaxing)
 .eh_frame      0x000000000002a824      0x100 obj_cooja/mtype388.a(rs232.o)
                                        0x118 (size before relaxing)
 .eh_frame      0x000000000002a924       0xa0 obj_cooja/mtype388.a(vib-sensor.o)
                                         0xb8 (size before relaxing)
 .eh_frame      0x000000000002a9c4       0xc0 obj_cooja/mtype388.a(clock.o)
                                         0xd8 (size before relaxing)
 .eh_frame      0x000000000002aa84      0x120 obj_cooja/mtype388.a(log.o)
                                        0x138 (size before relaxing)
 .eh_frame      0x000000000002aba4      0x160 obj_cooja/mtype388.a(cfs-cooja.o)
                                        0x178 (size before relaxing)
 .eh_frame      0x000000000002ad04      0x2e0 obj_cooja/mtype388.a(cooja-radio.o)
                                        0x2f8 (size before relaxing)
 .eh_frame      0x000000000002afe4       0xa0 obj_cooja/mtype388.a(eeprom.o)
                                         0xb8 (size before relaxing)
 .eh_frame      0x000000000002b084       0x40 obj_cooja/mtype388.a(random.o)
                                         0x58 (size before relaxing)
 .eh_frame      0x000000000002b0c4       0xc0 obj_cooja/mtype388.a(sensors.o)
                                         0xd8 (size before relaxing)
 .eh_frame      0x000000000002b184      0x120 obj_cooja/mtype388.a(dual_conf.o)
                                        0x138 (size before relaxing)
 .eh_frame      0x000000000002b2a4       0x40 obj_cooja/mtype388.a(autostart.o)
                                         0x58 (size before relaxing)
 .eh_frame      0x000000000002b2e4      0x100 obj_cooja/mtype388.a(ctimer.o)
                                        0x118 (size before relaxing)
 .eh_frame      0x000000000002b3e4      0x1e0 obj_cooja/mtype388.a(etimer.o)
                                        0x1f8 (size before relaxing)
 .eh_frame      0x000000000002b5c4      0x1c8 obj_cooja/mtype388.a(process.o)
                                        0x1e0 (size before relaxing)
 .eh_frame      0x000000000002b78c       0x60 obj_cooja/mtype388.a(rtimer.o)
                                         0x78 (size before relaxing)
 .eh_frame      0x000000000002b7ec       0xc4 obj_cooja/mtype388.a(stimer.o)
                                         0xdc (size before relaxing)
 .eh_frame      0x000000000002b8b0       0xa4 obj_cooja/mtype388.a(timer.o)
                                         0xbc (size before relaxing)
 .eh_frame      0x000000000002b954       0x60 obj_cooja/mtype388.a(serial-line.o)
                                         0x78 (size before relaxing)
 .eh_frame      0x000000000002b9b4      0x180 obj_cooja/mtype388.a(list.o)
                                        0x198 (size before relaxing)
 .eh_frame      0x000000000002bb34       0xa0 obj_cooja/mtype388.a(ringbuf.o)
                                         0xb8 (size before relaxing)
 .eh_frame      0x000000000002bbd4      0x278 obj_cooja/mtype388.a(sicslowpan.o)
                                        0x290 (size before relaxing)
 .eh_frame      0x000000000002be4c      0x180 obj_cooja/mtype388.a(uip-ds6-nbr.o)
                                        0x198 (size before relaxing)
 .eh_frame      0x000000000002bfcc      0x2c0 obj_cooja/mtype388.a(uip-ds6-route.o)
                                        0x2d8 (size before relaxing)
 .eh_frame      0x000000000002c28c      0x3c8 obj_cooja/mtype388.a(uip-ds6.o)
                                        0x3e0 (size before relaxing)
 .eh_frame      0x000000000002c654      0x27c obj_cooja/mtype388.a(uip6.o)
                                        0x294 (size before relaxing)
 .eh_frame      0x000000000002c8d0      0x270 obj_cooja/mtype388.a(tcpip.o)
                                        0x288 (size before relaxing)
 .eh_frame      0x000000000002cb40       0x48 obj_cooja/mtype388.a(uip-debug.o)
                                         0x60 (size before relaxing)
 .eh_frame      0x000000000002cb88       0xe0 obj_cooja/mtype388.a(uip-packetqueue)
                                         0xf8 (size before relaxing)
 .eh_frame      0x000000000002cc68       0x40 obj_cooja/mtype388.a(uip-udp-packet.)
                                         0x58 (size before relaxing)
 .eh_frame      0x000000000002cca8      0x674 obj_cooja/mtype388.a(rpl-dag.o)
                                        0x68c (size before relaxing)
 .eh_frame      0x000000000002d31c      0x10c obj_cooja/mtype388.a(rpl-ext-header.)
                                        0x124 (size before relaxing)
 .eh_frame      0x000000000002d428      0x288 obj_cooja/mtype388.a(rpl-icmp6.o)
                                        0x2a0 (size before relaxing)
 .eh_frame      0x000000000002d6b0       0xe4 obj_cooja/mtype388.a(rpl-mrhof.o)
                                         0xfc (size before relaxing)
 .eh_frame      0x000000000002d794      0x210 obj_cooja/mtype388.a(rpl-timers.o)
                                        0x228 (size before relaxing)
 .eh_frame      0x000000000002d9a4      0x140 obj_cooja/mtype388.a(rpl.o)
                                        0x158 (size before relaxing)
 .eh_frame      0x000000000002dae4       0x80 obj_cooja/mtype388.a(linkaddr.o)
                                         0x98 (size before relaxing)
 .eh_frame      0x000000000002db64      0x26c obj_cooja/mtype388.a(nbr-table.o)
                                        0x284 (size before relaxing)
 .eh_frame      0x000000000002ddd0       0x20 obj_cooja/mtype388.a(netstack.o)
                                         0x38 (size before relaxing)
 .eh_frame      0x000000000002ddf0      0x214 obj_cooja/mtype388.a(packetbuf.o)
                                        0x22c (size before relaxing)
 .eh_frame      0x000000000002e004      0x1a0 obj_cooja/mtype388.a(queuebuf.o)
                                        0x1b8 (size before relaxing)
 .eh_frame      0x000000000002e1a4      0x28c obj_cooja/mtype388.a(csma.o)
                                        0x2a4 (size before relaxing)
 .eh_frame      0x000000000002e430      0x108 obj_cooja/mtype388.a(framer-802154.o)
                                        0x120 (size before relaxing)
 .eh_frame      0x000000000002e538       0x20 obj_cooja/mtype388.a(mac.o)
                                         0x38 (size before relaxing)
 .eh_frame      0x000000000002e558      0x18c obj_cooja/mtype388.a(nullrdc.o)
                                        0x1a4 (size before relaxing)
 .eh_frame      0x000000000002e6e4       0x80 obj_cooja/mtype388.a(nullsec.o)
                                         0x98 (size before relaxing)
 .eh_frame      0x000000000002e764       0xa0 obj_cooja/mtype388.a(watchdog.o)
                                         0xb8 (size before relaxing)
 .eh_frame      0x000000000002e804       0xa0 obj_cooja/mtype388.a(memb.o)
                                         0xb8 (size before relaxing)
 .eh_frame      0x000000000002e8a4      0x17c obj_cooja/mtype388.a(uip-icmp6.o)
                                        0x194 (size before relaxing)
 .eh_frame      0x000000000002ea20       0x68 obj_cooja/mtype388.a(uip-nd6.o)
                                         0x80 (size before relaxing)
 .eh_frame      0x000000000002ea88       0xc0 obj_cooja/mtype388.a(rpl-nbr-policy.)
                                         0xd8 (size before relaxing)
 .eh_frame      0x000000000002eb48      0x164 obj_cooja/mtype388.a(frame802154.o)
                                        0x17c (size before relaxing)
 .eh_frame      0x000000000002ecac       0x88 obj_cooja/mtype388.a(mac-sequence.o)
                                         0xa0 (size before relaxing)
 .eh_frame      0x000000000002ed34        0x4 /usr/lib/gcc/i686-linux-gnu/4.8/crtendS.o

.gcc_except_table
 *(.gcc_except_table .gcc_except_table.*)

.exception_ranges
 *(.exception_ranges .exception_ranges*)
                0x000000000002ed38                . = (ALIGN (0x1000) - ((0x1000 - .) & 0xfff))
                0x000000000002fef8                . = DATA_SEGMENT_ALIGN (0x1000, 0x1000)

.eh_frame
 *(.eh_frame)

.gcc_except_table
 *(.gcc_except_table .gcc_except_table.*)

.exception_ranges
 *(.exception_ranges .exception_ranges*)

.tdata
 *(.tdata .tdata.* .gnu.linkonce.td.*)

.tbss
 *(.tbss .tbss.* .gnu.linkonce.tb.*)
 *(.tcommon)

.preinit_array
 *(.preinit_array)

.init_array     0x000000000002fef8        0x4
 *(SORT(.init_array.*) SORT(.ctors.*))
 *(.init_array EXCLUDE_FILE(*crtend?.o *crtend.o *crtbegin?.o *crtbegin.o) .ctors)
 .init_array    0x000000000002fef8        0x4 /usr/lib/gcc/i686-linux-gnu/4.8/crtbeginS.o

.fini_array     0x000000000002fefc        0x4
 *(SORT(.fini_array.*) SORT(.dtors.*))
 *(.fini_array EXCLUDE_FILE(*crtend?.o *crtend.o *crtbegin?.o *crtbegin.o) .dtors)
 .fini_array    0x000000000002fefc        0x4 /usr/lib/gcc/i686-linux-gnu/4.8/crtbeginS.o

.ctors
 *crtbegin.o(.ctors)
 *crtbegin?.o(.ctors)
 *(EXCLUDE_FILE(*crtend?.o *crtend.o) .ctors)
 *(SORT(.ctors.*))
 *(.ctors)

.dtors
 *crtbegin.o(.dtors)
 *crtbegin?.o(.dtors)
 *(EXCLUDE_FILE(*crtend?.o *crtend.o) .dtors)
 *(SORT(.dtors.*))
 *(.dtors)

.jcr            0x000000000002ff00        0x4
 *(.jcr)
 .jcr           0x000000000002ff00        0x0 /usr/lib/gcc/i686-linux-gnu/4.8/crtbeginS.o
 .jcr           0x000000000002ff00        0x4 /usr/lib/gcc/i686-linux-gnu/4.8/crtendS.o

.data.rel.ro
 *(.data.rel.ro.local* .gnu.linkonce.d.rel.ro.local.*)
 *(.data.rel.ro .data.rel.ro.* .gnu.linkonce.d.rel.ro.*)

.dynamic        0x000000000002ff04       0xe8
 *(.dynamic)
 .dynamic       0x000000000002ff04       0xe8 /usr/lib/gcc/i686-linux-gnu/4.8/../../../i386-linux-gnu/crti.o
                0x000000000002ff04                _DYNAMIC

.got            0x000000000002ffec       0x14
 *(.got)
 .got           0x000000000002ffec       0x14 /usr/lib/gcc/i686-linux-gnu/4.8/../../../i386-linux-gnu/crti.o
 *(.igot)
                0x0000000000030ff4                . = DATA_SEGMENT_RELRO_END (., (SIZEOF (.got.plt) >= 0xc)?0xc:0x0)

.got.plt        0x0000000000030000       0x14
 *(.got.plt)
 .got.plt       0x0000000000030000       0x14 /usr/lib/gcc/i686-linux-gnu/4.8/../../../i386-linux-gnu/crti.o
                0x0000000000030000                _GLOBAL_OFFSET_TABLE_
 *(.igot.plt)

.data           0x0000000000030020      0x246
 *(.data .data.* .gnu.linkonce.d.*)
 .data          0x0000000000030020        0x0 /usr/lib/gcc/i686-linux-gnu/4.8/../../../i386-linux-gnu/crti.o
 .data          0x0000000000030020        0x0 /usr/lib/gcc/i686-linux-gnu/4.8/crtbeginS.o
 .data.rel      0x0000000000030020        0x4 /usr/lib/gcc/i686-linux-gnu/4.8/crtbeginS.o
                0x0000000000030020                __dso_handle
 .data          0x0000000000030024       0x10 udp-client.co
                0x0000000000030024                udp_client_process
 *fill*         0x0000000000030034        0xc 
 .data          0x0000000000030040       0x44 obj_cooja/mtype388.o
                0x0000000000030040                simInterfaces
                0x0000000000030074                sensors
 .data          0x0000000000030084        0x0 obj_cooja/mtype388.a(simEnvChange.o)
 .data          0x0000000000030084        0x0 obj_cooja/mtype388.a(cooja_mt.o)
 .data          0x0000000000030084        0x0 obj_cooja/mtype388.a(cooja_mtarch.o)
 .data          0x0000000000030084        0x0 obj_cooja/mtype388.a(rtimer-arch.o)
 .data          0x0000000000030084        0x0 obj_cooja/mtype388.a(beep.o)
 .data          0x0000000000030084        0x0 obj_cooja/mtype388.a(button-sensor.o)
 .data          0x0000000000030084        0x0 obj_cooja/mtype388.a(leds-arch.o)
 .data          0x0000000000030084        0x0 obj_cooja/mtype388.a(moteid.o)
 .data          0x0000000000030084        0x0 obj_cooja/mtype388.a(pir-sensor.o)
 .data          0x0000000000030084        0x0 obj_cooja/mtype388.a(rs232.o)
 .data          0x0000000000030084        0x0 obj_cooja/mtype388.a(vib-sensor.o)
 .data          0x0000000000030084        0x0 obj_cooja/mtype388.a(clock.o)
 .data          0x0000000000030084        0x0 obj_cooja/mtype388.a(log.o)
 .data          0x0000000000030084        0x0 obj_cooja/mtype388.a(cfs-cooja.o)
 .data          0x0000000000030084       0x2c obj_cooja/mtype388.a(cooja-radio.o)
                0x0000000000030084                simRadioHWOn
                0x0000000000030088                simSignalStrength
                0x000000000003008c                simLastSignalStrength
                0x0000000000030090                simPower
                0x0000000000030094                simRadioChannel
                0x0000000000030098                simRadioChannelLR
                0x000000000003009c                simLQI
                0x00000000000300a0                cooja_radio_process
 .data          0x00000000000300b0        0x0 obj_cooja/mtype388.a(eeprom.o)
 .data          0x00000000000300b0        0x0 obj_cooja/mtype388.a(random.o)
 .data          0x00000000000300b0       0x10 obj_cooja/mtype388.a(sensors.o)
                0x00000000000300b0                sensors_process
 .data          0x00000000000300c0       0x24 obj_cooja/mtype388.a(dual_conf.o)
                0x00000000000300c0                radio_received
                0x00000000000300c4                dual_dio_broadcast
                0x00000000000300d4                dual_dis_broadcast
 .data          0x00000000000300e4        0x0 obj_cooja/mtype388.a(autostart.o)
 .data          0x00000000000300e4       0x14 obj_cooja/mtype388.a(ctimer.o)
                0x00000000000300e8                ctimer_process
 .data          0x00000000000300f8       0x10 obj_cooja/mtype388.a(etimer.o)
                0x00000000000300f8                etimer_process
 .data          0x0000000000030108        0x0 obj_cooja/mtype388.a(process.o)
 .data          0x0000000000030108        0x0 obj_cooja/mtype388.a(rtimer.o)
 .data          0x0000000000030108        0x0 obj_cooja/mtype388.a(stimer.o)
 .data          0x0000000000030108        0x0 obj_cooja/mtype388.a(timer.o)
 .data          0x0000000000030108       0x10 obj_cooja/mtype388.a(serial-line.o)
                0x0000000000030108                serial_line_process
 .data          0x0000000000030118        0x0 obj_cooja/mtype388.a(list.o)
 .data          0x0000000000030118        0x0 obj_cooja/mtype388.a(ringbuf.o)
 .data          0x0000000000030118        0x0 obj_cooja/mtype388.a(sicslowpan.o)
 .data          0x0000000000030118       0x14 obj_cooja/mtype388.a(uip-ds6-nbr.o)
                0x0000000000030128                ds6_neighbors
 .data          0x000000000003012c       0x44 obj_cooja/mtype388.a(uip-ds6-route.o)
                0x000000000003013c                nbr_routes
 .data          0x0000000000030170        0x0 obj_cooja/mtype388.a(uip-ds6.o)
 .data          0x0000000000030170        0x0 obj_cooja/mtype388.a(uip6.o)
 .data          0x0000000000030170       0x10 obj_cooja/mtype388.a(tcpip.o)
                0x0000000000030170                tcpip_process
 .data          0x0000000000030180        0x0 obj_cooja/mtype388.a(uip-debug.o)
 .data          0x0000000000030180        0xc obj_cooja/mtype388.a(uip-packetqueue)
 .data          0x000000000003018c        0x0 obj_cooja/mtype388.a(uip-udp-packet.)
 .data          0x000000000003018c       0x14 obj_cooja/mtype388.a(rpl-dag.o)
                0x000000000003019c                rpl_parents
 .data          0x00000000000301a0        0x0 obj_cooja/mtype388.a(rpl-ext-header.)
 .data          0x00000000000301a0       0x34 obj_cooja/mtype388.a(rpl-icmp6.o)
 .data          0x00000000000301d4       0x1c obj_cooja/mtype388.a(rpl-mrhof.o)
                0x00000000000301d4                rpl_mrhof
 .data          0x00000000000301f0        0x0 obj_cooja/mtype388.a(rpl-timers.o)
 .data          0x00000000000301f0        0x0 obj_cooja/mtype388.a(rpl.o)
 .data          0x00000000000301f0        0x0 obj_cooja/mtype388.a(linkaddr.o)
 .data          0x00000000000301f0       0x10 obj_cooja/mtype388.a(nbr-table.o)
 .data          0x0000000000030200        0x0 obj_cooja/mtype388.a(netstack.o)
 .data          0x0000000000030200        0x4 obj_cooja/mtype388.a(packetbuf.o)
 .data          0x0000000000030204       0x18 obj_cooja/mtype388.a(queuebuf.o)
 .data          0x000000000003021c       0x28 obj_cooja/mtype388.a(csma.o)
 .data          0x0000000000030244        0x0 obj_cooja/mtype388.a(framer-802154.o)
 .data          0x0000000000030244        0x0 obj_cooja/mtype388.a(mac.o)
 .data          0x0000000000030244        0x0 obj_cooja/mtype388.a(nullrdc.o)
 .data          0x0000000000030244        0x0 obj_cooja/mtype388.a(nullsec.o)
 .data          0x0000000000030244        0x0 obj_cooja/mtype388.a(watchdog.o)
 .data          0x0000000000030244        0x0 obj_cooja/mtype388.a(rimestats.o)
 .data          0x0000000000030244        0x0 obj_cooja/mtype388.a(memb.o)
 .data          0x0000000000030244       0x20 obj_cooja/mtype388.a(uip-icmp6.o)
 .data          0x0000000000030264        0x0 obj_cooja/mtype388.a(uip-nd6.o)
 .data          0x0000000000030264        0x0 obj_cooja/mtype388.a(rpl-nbr-policy.)
 .data          0x0000000000030264        0x2 obj_cooja/mtype388.a(frame802154.o)
 .data          0x0000000000030266        0x0 obj_cooja/mtype388.a(mac-sequence.o)
 .data          0x0000000000030266        0x0 /usr/lib/gcc/i686-linux-gnu/4.8/crtendS.o
 .data          0x0000000000030266        0x0 /usr/lib/gcc/i686-linux-gnu/4.8/../../../i386-linux-gnu/crtn.o

.tm_clone_table
                0x0000000000030268        0x0
 .tm_clone_table
                0x0000000000030268        0x0 /usr/lib/gcc/i686-linux-gnu/4.8/crtbeginS.o
 .tm_clone_table
                0x0000000000030268        0x0 /usr/lib/gcc/i686-linux-gnu/4.8/crtendS.o

.data1
 *(.data1)
                0x0000000000030268                _edata = .
                0x0000000000030268                PROVIDE (edata, .)
                0x0000000000030268                . = .
                0x0000000000030268                __bss_start = .

.bss            0x0000000000030280     0x8268
 *(.dynbss)
 .dynbss        0x0000000000000000        0x0 /usr/lib/gcc/i686-linux-gnu/4.8/../../../i386-linux-gnu/crti.o
 *(.bss .bss.* .gnu.linkonce.b.*)
 .bss           0x0000000000030280        0x0 /usr/lib/gcc/i686-linux-gnu/4.8/../../../i386-linux-gnu/crti.o
 .bss           0x0000000000030280        0x1 /usr/lib/gcc/i686-linux-gnu/4.8/crtbeginS.o
 *fill*         0x0000000000030281       0x1f 
 .bss           0x00000000000302a0       0x60 udp-client.co
 .bss           0x0000000000030300     0x2030 obj_cooja/mtype388.o
 .bss           0x0000000000032330        0x1 obj_cooja/mtype388.a(simEnvChange.o)
                0x0000000000032330                simDontFallAsleep
 *fill*         0x0000000000032331        0x3 
 .bss           0x0000000000032334        0x4 obj_cooja/mtype388.a(cooja_mt.o)
 .bss           0x0000000000032338        0x4 obj_cooja/mtype388.a(cooja_mtarch.o)
 .bss           0x000000000003233c        0xc obj_cooja/mtype388.a(rtimer-arch.o)
 .bss           0x0000000000032348        0x0 obj_cooja/mtype388.a(beep.o)
 .bss           0x0000000000032348        0x8 obj_cooja/mtype388.a(button-sensor.o)
 .bss           0x0000000000032350        0x0 obj_cooja/mtype388.a(leds-arch.o)
 .bss           0x0000000000032350        0x0 obj_cooja/mtype388.a(moteid.o)
 .bss           0x0000000000032350        0x1 obj_cooja/mtype388.a(pir-sensor.o)
                0x0000000000032350                simPirValue
 *fill*         0x0000000000032351        0x3 
 .bss           0x0000000000032354        0x4 obj_cooja/mtype388.a(rs232.o)
 .bss           0x0000000000032358        0x1 obj_cooja/mtype388.a(vib-sensor.o)
                0x0000000000032358                simVibValue
 .bss           0x0000000000032359        0x0 obj_cooja/mtype388.a(clock.o)
 *fill*         0x0000000000032359        0x7 
 .bss           0x0000000000032360      0x420 obj_cooja/mtype388.a(log.o)
 .bss           0x0000000000032780      0xfc0 obj_cooja/mtype388.a(cfs-cooja.o)
                0x0000000000032780                simCFSData
                0x0000000000033720                simCFSSize
                0x0000000000033724                simCFSChanged
                0x0000000000033728                simCFSRead
                0x000000000003372c                simCFSWritten
 .bss           0x0000000000033740       0x20 obj_cooja/mtype388.a(cooja-radio.o)
                0x0000000000033740                simReceiving
                0x0000000000033741                simReceivingLR
                0x0000000000033744                simInSize
                0x0000000000033748                simInSizeLR
                0x000000000003374c                simOutSize
                0x0000000000033750                simOutSizeLR
                0x0000000000033754                LongRangeTransmit
                0x0000000000033758                LongRangeReceiving
 .bss           0x0000000000033760        0xc obj_cooja/mtype388.a(eeprom.o)
                0x0000000000033760                simEEPROMChanged
                0x0000000000033764                simEEPROMRead
                0x0000000000033768                simEEPROMWritten
 .bss           0x000000000003376c        0x0 obj_cooja/mtype388.a(random.o)
 .bss           0x000000000003376c        0xc obj_cooja/mtype388.a(sensors.o)
 .bss           0x0000000000033778       0x28 obj_cooja/mtype388.a(dual_conf.o)
                0x0000000000033778                long_range_radio
 .bss           0x00000000000337a0        0x0 obj_cooja/mtype388.a(autostart.o)
 .bss           0x00000000000337a0        0x5 obj_cooja/mtype388.a(ctimer.o)
 *fill*         0x00000000000337a5        0x3 
 .bss           0x00000000000337a8        0x8 obj_cooja/mtype388.a(etimer.o)
 *fill*         0x00000000000337b0       0x10 
 .bss           0x00000000000337c0      0x1b1 obj_cooja/mtype388.a(process.o)
                0x00000000000337c0                process_list
                0x00000000000337c4                process_current
 *fill*         0x0000000000033971        0x3 
 .bss           0x0000000000033974        0x4 obj_cooja/mtype388.a(rtimer.o)
 .bss           0x0000000000033978        0x0 obj_cooja/mtype388.a(stimer.o)
 .bss           0x0000000000033978        0x0 obj_cooja/mtype388.a(timer.o)
 *fill*         0x0000000000033978        0x8 
 .bss           0x0000000000033980      0x140 obj_cooja/mtype388.a(serial-line.o)
 .bss           0x0000000000033ac0        0x0 obj_cooja/mtype388.a(list.o)
 .bss           0x0000000000033ac0        0x0 obj_cooja/mtype388.a(ringbuf.o)
 .bss           0x0000000000033ac0      0x6f0 obj_cooja/mtype388.a(sicslowpan.o)
 *fill*         0x00000000000341b0       0x10 
 .bss           0x00000000000341c0       0xf0 obj_cooja/mtype388.a(uip-ds6-nbr.o)
 *fill*         0x00000000000342b0       0x10 
 .bss           0x00000000000342c0      0x2a8 obj_cooja/mtype388.a(uip-ds6-route.o)
 .bss           0x0000000000034568       0x30 obj_cooja/mtype388.a(uip-ds6.o)
 .bss           0x0000000000034598        0xe obj_cooja/mtype388.a(uip6.o)
                0x0000000000034598                uip_ext_bitmap
                0x0000000000034599                uip_ext_len
                0x000000000003459a                uip_ext_opt_offset
 *fill*         0x00000000000345a6       0x1a 
 .bss           0x00000000000345c0       0x6a obj_cooja/mtype388.a(tcpip.o)
 .bss           0x000000000003462a        0x0 obj_cooja/mtype388.a(uip-debug.o)
 *fill*         0x000000000003462a       0x16 
 .bss           0x0000000000034640      0xcf8 obj_cooja/mtype388.a(uip-packetqueue)
 .bss           0x0000000000035338        0x0 obj_cooja/mtype388.a(uip-udp-packet.)
 *fill*         0x0000000000035338        0x8 
 .bss           0x0000000000035340       0xa0 obj_cooja/mtype388.a(rpl-dag.o)
 .bss           0x00000000000353e0        0x0 obj_cooja/mtype388.a(rpl-ext-header.)
 .bss           0x00000000000353e0        0x0 obj_cooja/mtype388.a(rpl-icmp6.o)
 .bss           0x00000000000353e0        0x0 obj_cooja/mtype388.a(rpl-mrhof.o)
 .bss           0x00000000000353e0       0x23 obj_cooja/mtype388.a(rpl-timers.o)
 *fill*         0x0000000000035403        0x1 
 .bss           0x0000000000035404        0x4 obj_cooja/mtype388.a(rpl.o)
 .bss           0x0000000000035408        0x0 obj_cooja/mtype388.a(linkaddr.o)
 *fill*         0x0000000000035408       0x18 
 .bss           0x0000000000035420       0xdc obj_cooja/mtype388.a(nbr-table.o)
 .bss           0x00000000000354fc        0x0 obj_cooja/mtype388.a(netstack.o)
 *fill*         0x00000000000354fc        0x4 
 .bss           0x0000000000035500       0xa0 obj_cooja/mtype388.a(packetbuf.o)
 .bss           0x00000000000355a0      0xb80 obj_cooja/mtype388.a(queuebuf.o)
 .bss           0x0000000000036120      0x248 obj_cooja/mtype388.a(csma.o)
 .bss           0x0000000000036368        0x2 obj_cooja/mtype388.a(framer-802154.o)
 .bss           0x000000000003636a        0x0 obj_cooja/mtype388.a(mac.o)
 .bss           0x000000000003636a        0x0 obj_cooja/mtype388.a(nullrdc.o)
 .bss           0x000000000003636a        0x0 obj_cooja/mtype388.a(nullsec.o)
 .bss           0x000000000003636a        0x0 obj_cooja/mtype388.a(watchdog.o)
 .bss           0x000000000003636a        0x0 obj_cooja/mtype388.a(rimestats.o)
 .bss           0x000000000003636a        0x0 obj_cooja/mtype388.a(memb.o)
 *fill*         0x000000000003636a        0x2 
 .bss           0x000000000003636c       0x18 obj_cooja/mtype388.a(uip-icmp6.o)
 .bss           0x0000000000036384        0x0 obj_cooja/mtype388.a(uip-nd6.o)
 *fill*         0x0000000000036384       0x1c 
 .bss           0x00000000000363a0       0x44 obj_cooja/mtype388.a(rpl-nbr-policy.)
 .bss           0x00000000000363e4        0x0 obj_cooja/mtype388.a(frame802154.o)
 *fill*         0x00000000000363e4       0x1c 
 .bss           0x0000000000036400       0x90 obj_cooja/mtype388.a(mac-sequence.o)
 .bss           0x0000000000036490        0x0 /usr/lib/gcc/i686-linux-gnu/4.8/crtendS.o
 .bss           0x0000000000036490        0x0 /usr/lib/gcc/i686-linux-gnu/4.8/../../../i386-linux-gnu/crtn.o
 *(COMMON)
 COMMON         0x0000000000036490        0x8 obj_cooja/mtype388.o
                0x0000000000036490                referenceVar
                0x0000000000036494                sensors_flags
 COMMON         0x0000000000036498        0xc obj_cooja/mtype388.a(simEnvChange.o)
                0x0000000000036498                simEtimerPending
                0x000000000003649c                simProcessRunValue
                0x00000000000364a0                simNextExpirationTime
 COMMON         0x00000000000364a4        0x1 obj_cooja/mtype388.a(beep.o)
                0x00000000000364a4                simBeeped
 COMMON         0x00000000000364a5        0x3 obj_cooja/mtype388.a(button-sensor.o)
                0x00000000000364a5                simButtonIsActive
                0x00000000000364a6                simButtonIsDown
                0x00000000000364a7                simButtonChanged
 COMMON         0x00000000000364a8        0x1 obj_cooja/mtype388.a(leds-arch.o)
                0x00000000000364a8                simLedsValue
 *fill*         0x00000000000364a9        0x3 
 COMMON         0x00000000000364ac        0xc obj_cooja/mtype388.a(moteid.o)
                0x00000000000364ac                simRandomSeed
                0x00000000000364b0                simMoteIDChanged
                0x00000000000364b4                simMoteID
 COMMON         0x00000000000364b8        0x2 obj_cooja/mtype388.a(pir-sensor.o)
                0x00000000000364b8                simPirIsActive
                0x00000000000364b9                simPirChanged
 *fill*         0x00000000000364ba        0x6 
 COMMON         0x00000000000364c0      0x820 obj_cooja/mtype388.a(rs232.o)
                0x00000000000364c0                simSerialReceivingFlag
                0x00000000000364c4                simSerialReceivingLength
                0x00000000000364e0                simSerialReceivingData
 COMMON         0x0000000000036ce0        0x2 obj_cooja/mtype388.a(vib-sensor.o)
                0x0000000000036ce0                simVibChanged
                0x0000000000036ce1                simVibIsActive
 *fill*         0x0000000000036ce2        0x2 
 COMMON         0x0000000000036ce4        0x4 obj_cooja/mtype388.a(clock.o)
                0x0000000000036ce4                simCurrentTime
 *fill*         0x0000000000036ce8       0x18 
 COMMON         0x0000000000036d00      0x420 obj_cooja/mtype388.a(log.o)
                0x0000000000036d00                simLoggedLength
                0x0000000000036d04                simLoggedFlag
                0x0000000000036d20                simLoggedData
 COMMON         0x0000000000037120      0x200 obj_cooja/mtype388.a(cooja-radio.o)
                0x0000000000037120                simOutDataBuffer
                0x00000000000371a0                simInDataBufferLR
                0x0000000000037220                simOutDataBufferLR
                0x00000000000372a0                simInDataBuffer
 COMMON         0x0000000000037320      0x400 obj_cooja/mtype388.a(eeprom.o)
                0x0000000000037320                simEEPROMData
 COMMON         0x0000000000037720        0x1 obj_cooja/mtype388.a(sensors.o)
                0x0000000000037720                sensors_event
 COMMON         0x0000000000037721        0x1 obj_cooja/mtype388.a(serial-line.o)
                0x0000000000037721                serial_line_event_message
 *fill*         0x0000000000037722       0x1e 
 COMMON         0x0000000000037740      0x298 obj_cooja/mtype388.a(uip-ds6.o)
                0x0000000000037740                uip_ds6_prefix_list
                0x00000000000377a0                uip_ds6_timer_periodic
                0x00000000000377b0                uip_ds6_netif_addr_list_offset
                0x00000000000377c0                uip_ds6_if
                0x00000000000378b8                uip_ds6_timer_ra
                0x00000000000378c0                uip_ds6_addr_size
                0x00000000000378e0                long_uip_ds6_if
 *fill*         0x00000000000379d8        0x8 
 COMMON         0x00000000000379e0      0x8ec obj_cooja/mtype388.a(uip6.o)
                0x00000000000379e0                uip_slen
                0x00000000000379e2                uip_acc32
                0x0000000000037a00                uip_conns
                0x0000000000037ac0                uip_lladdr
                0x0000000000037ac8                uip_appdata
                0x0000000000037acc                uip_flags
                0x0000000000037ae0                uip_aligned_buf
                0x0000000000038120                uip_listenports
                0x0000000000038130                uip_len
                0x0000000000038132                uip_long_lladdr
                0x000000000003813c                uip_sappdata
                0x0000000000038140                uip_udp_conns
                0x00000000000382c0                uip_udp_conn
                0x00000000000382c4                uip_next_hdr
                0x00000000000382c8                uip_conn
 COMMON         0x00000000000382cc        0x1 obj_cooja/mtype388.a(tcpip.o)
                0x00000000000382cc                tcpip_event
 *fill*         0x00000000000382cd       0x13 
 COMMON         0x00000000000382e0      0x170 obj_cooja/mtype388.a(rpl-dag.o)
                0x00000000000382e0                default_instance
                0x0000000000038300                instance_table
 COMMON         0x0000000000038450       0x10 obj_cooja/mtype388.a(linkaddr.o)
                0x0000000000038450                linkaddr_node_addr
                0x0000000000038458                long_linkaddr_node_addr
 COMMON         0x0000000000038460       0x2e obj_cooja/mtype388.a(packetbuf.o)
                0x0000000000038460                packetbuf_attrs
                0x000000000003847e                packetbuf_addrs
 *fill*         0x000000000003848e       0x12 
 COMMON         0x00000000000384a0       0x48 obj_cooja/mtype388.a(rimestats.o)
                0x00000000000384a0                rimestats
                0x00000000000384e8                . = ALIGN ((. != 0x0)?0x4:0x1)
                0x00000000000384e8                . = ALIGN (0x4)
                0x00000000000384e8                . = SEGMENT_START ("ldata-segment", .)
                0x00000000000384e8                . = ALIGN (0x4)
                0x00000000000384e8                _end = .
                0x00000000000384e8                PROVIDE (end, .)
                0x00000000000384e8                . = DATA_SEGMENT_END (.)

.stab
 *(.stab)

.stabstr
 *(.stabstr)

.stab.excl
 *(.stab.excl)

.stab.exclstr
 *(.stab.exclstr)

.stab.index
 *(.stab.index)

.stab.indexstr
 *(.stab.indexstr)

.comment        0x0000000000000000       0x54
 *(.comment)
 .comment       0x0000000000000000       0x2b /usr/lib/gcc/i686-linux-gnu/4.8/crtbeginS.o
                                         0x2c (size before relaxing)
 .comment       0x0000000000000000       0x2c udp-client.co
 .comment       0x0000000000000000       0x2c obj_cooja/mtype388.o
 .comment       0x000000000000002b       0x29 obj_cooja/mtype388.a(simEnvChange.o)
                                         0x2a (size before relaxing)
 .comment       0x0000000000000000       0x2a obj_cooja/mtype388.a(cooja_mt.o)
 .comment       0x0000000000000000       0x2a obj_cooja/mtype388.a(cooja_mtarch.o)
 .comment       0x0000000000000000       0x2a obj_cooja/mtype388.a(rtimer-arch.o)
 .comment       0x0000000000000000       0x2a obj_cooja/mtype388.a(beep.o)
 .comment       0x0000000000000000       0x2a obj_cooja/mtype388.a(button-sensor.o)
 .comment       0x0000000000000000       0x2a obj_cooja/mtype388.a(leds-arch.o)
 .comment       0x0000000000000000       0x2a obj_cooja/mtype388.a(moteid.o)
 .comment       0x0000000000000000       0x2a obj_cooja/mtype388.a(pir-sensor.o)
 .comment       0x0000000000000000       0x2a obj_cooja/mtype388.a(rs232.o)
 .comment       0x0000000000000000       0x2a obj_cooja/mtype388.a(vib-sensor.o)
 .comment       0x0000000000000000       0x2a obj_cooja/mtype388.a(clock.o)
 .comment       0x0000000000000000       0x2a obj_cooja/mtype388.a(log.o)
 .comment       0x0000000000000000       0x2a obj_cooja/mtype388.a(cfs-cooja.o)
 .comment       0x0000000000000000       0x2a obj_cooja/mtype388.a(cooja-radio.o)
 .comment       0x0000000000000000       0x2a obj_cooja/mtype388.a(eeprom.o)
 .comment       0x0000000000000000       0x2a obj_cooja/mtype388.a(random.o)
 .comment       0x0000000000000000       0x2a obj_cooja/mtype388.a(sensors.o)
 .comment       0x0000000000000000       0x2c obj_cooja/mtype388.a(dual_conf.o)
 .comment       0x0000000000000000       0x2a obj_cooja/mtype388.a(autostart.o)
 .comment       0x0000000000000000       0x2a obj_cooja/mtype388.a(ctimer.o)
 .comment       0x0000000000000000       0x2a obj_cooja/mtype388.a(etimer.o)
 .comment       0x0000000000000000       0x2a obj_cooja/mtype388.a(process.o)
 .comment       0x0000000000000000       0x2a obj_cooja/mtype388.a(rtimer.o)
 .comment       0x0000000000000000       0x2a obj_cooja/mtype388.a(stimer.o)
 .comment       0x0000000000000000       0x2a obj_cooja/mtype388.a(timer.o)
 .comment       0x0000000000000000       0x2a obj_cooja/mtype388.a(serial-line.o)
 .comment       0x0000000000000000       0x2a obj_cooja/mtype388.a(list.o)
 .comment       0x0000000000000000       0x2a obj_cooja/mtype388.a(ringbuf.o)
 .comment       0x0000000000000000       0x2a obj_cooja/mtype388.a(sicslowpan.o)
 .comment       0x0000000000000000       0x2a obj_cooja/mtype388.a(uip-ds6-nbr.o)
 .comment       0x0000000000000000       0x2a obj_cooja/mtype388.a(uip-ds6-route.o)
 .comment       0x0000000000000000       0x2c obj_cooja/mtype388.a(uip-ds6.o)
 .comment       0x0000000000000000       0x2a obj_cooja/mtype388.a(uip6.o)
 .comment       0x0000000000000000       0x2c obj_cooja/mtype388.a(tcpip.o)
 .comment       0x0000000000000000       0x2a obj_cooja/mtype388.a(uip-debug.o)
 .comment       0x0000000000000000       0x2a obj_cooja/mtype388.a(uip-packetqueue)
 .comment       0x0000000000000000       0x2a obj_cooja/mtype388.a(uip-udp-packet.)
 .comment       0x0000000000000000       0x2a obj_cooja/mtype388.a(rpl-dag.o)
 .comment       0x0000000000000000       0x2a obj_cooja/mtype388.a(rpl-ext-header.)
 .comment       0x0000000000000000       0x2a obj_cooja/mtype388.a(rpl-icmp6.o)
 .comment       0x0000000000000000       0x2a obj_cooja/mtype388.a(rpl-mrhof.o)
 .comment       0x0000000000000000       0x2a obj_cooja/mtype388.a(rpl-timers.o)
 .comment       0x0000000000000000       0x2a obj_cooja/mtype388.a(rpl.o)
 .comment       0x0000000000000000       0x2c obj_cooja/mtype388.a(linkaddr.o)
 .comment       0x0000000000000000       0x2a obj_cooja/mtype388.a(nbr-table.o)
 .comment       0x0000000000000000       0x2a obj_cooja/mtype388.a(netstack.o)
 .comment       0x0000000000000000       0x2a obj_cooja/mtype388.a(packetbuf.o)
 .comment       0x0000000000000000       0x2a obj_cooja/mtype388.a(queuebuf.o)
 .comment       0x0000000000000000       0x2a obj_cooja/mtype388.a(csma.o)
 .comment       0x0000000000000000       0x2a obj_cooja/mtype388.a(framer-802154.o)
 .comment       0x0000000000000000       0x2a obj_cooja/mtype388.a(mac.o)
 .comment       0x0000000000000000       0x2a obj_cooja/mtype388.a(nullrdc.o)
 .comment       0x0000000000000000       0x2a obj_cooja/mtype388.a(nullsec.o)
 .comment       0x0000000000000000       0x2a obj_cooja/mtype388.a(watchdog.o)
 .comment       0x0000000000000000       0x2a obj_cooja/mtype388.a(rimestats.o)
 .comment       0x0000000000000000       0x2a obj_cooja/mtype388.a(memb.o)
 .comment       0x0000000000000000       0x2a obj_cooja/mtype388.a(uip-icmp6.o)
 .comment       0x0000000000000000       0x2a obj_cooja/mtype388.a(uip-nd6.o)
 .comment       0x0000000000000000       0x2a obj_cooja/mtype388.a(rpl-nbr-policy.)
 .comment       0x0000000000000000       0x2a obj_cooja/mtype388.a(frame802154.o)
 .comment       0x0000000000000000       0x2a obj_cooja/mtype388.a(mac-sequence.o)
 .comment       0x0000000000000000       0x2c /usr/lib/gcc/i686-linux-gnu/4.8/crtendS.o

.debug
 *(.debug)

.line
 *(.line)

.debug_srcinfo
 *(.debug_srcinfo)

.debug_sfnames
 *(.debug_sfnames)

.debug_aranges  0x0000000000000000      0x7f8
 *(.debug_aranges)
 .debug_aranges
                0x0000000000000000       0x20 udp-client.co
 .debug_aranges
                0x0000000000000020       0x20 obj_cooja/mtype388.o
 .debug_aranges
                0x0000000000000040       0x20 obj_cooja/mtype388.a(simEnvChange.o)
 .debug_aranges
                0x0000000000000060       0x20 obj_cooja/mtype388.a(cooja_mt.o)
 .debug_aranges
                0x0000000000000080       0x20 obj_cooja/mtype388.a(cooja_mtarch.o)
 .debug_aranges
                0x00000000000000a0       0x20 obj_cooja/mtype388.a(rtimer-arch.o)
 .debug_aranges
                0x00000000000000c0       0x20 obj_cooja/mtype388.a(beep.o)
 .debug_aranges
                0x00000000000000e0       0x20 obj_cooja/mtype388.a(button-sensor.o)
 .debug_aranges
                0x0000000000000100       0x20 obj_cooja/mtype388.a(leds-arch.o)
 .debug_aranges
                0x0000000000000120       0x20 obj_cooja/mtype388.a(moteid.o)
 .debug_aranges
                0x0000000000000140       0x20 obj_cooja/mtype388.a(pir-sensor.o)
 .debug_aranges
                0x0000000000000160       0x20 obj_cooja/mtype388.a(rs232.o)
 .debug_aranges
                0x0000000000000180       0x20 obj_cooja/mtype388.a(vib-sensor.o)
 .debug_aranges
                0x00000000000001a0       0x20 obj_cooja/mtype388.a(clock.o)
 .debug_aranges
                0x00000000000001c0       0x20 obj_cooja/mtype388.a(log.o)
 .debug_aranges
                0x00000000000001e0       0x20 obj_cooja/mtype388.a(cfs-cooja.o)
 .debug_aranges
                0x0000000000000200       0x20 obj_cooja/mtype388.a(cooja-radio.o)
 .debug_aranges
                0x0000000000000220       0x20 obj_cooja/mtype388.a(eeprom.o)
 .debug_aranges
                0x0000000000000240       0x20 obj_cooja/mtype388.a(random.o)
 .debug_aranges
                0x0000000000000260       0x20 obj_cooja/mtype388.a(sensors.o)
 .debug_aranges
                0x0000000000000280       0x20 obj_cooja/mtype388.a(dual_conf.o)
 .debug_aranges
                0x00000000000002a0       0x20 obj_cooja/mtype388.a(autostart.o)
 .debug_aranges
                0x00000000000002c0       0x20 obj_cooja/mtype388.a(ctimer.o)
 .debug_aranges
                0x00000000000002e0       0x20 obj_cooja/mtype388.a(etimer.o)
 .debug_aranges
                0x0000000000000300       0x20 obj_cooja/mtype388.a(process.o)
 .debug_aranges
                0x0000000000000320       0x20 obj_cooja/mtype388.a(rtimer.o)
 .debug_aranges
                0x0000000000000340       0x20 obj_cooja/mtype388.a(stimer.o)
 .debug_aranges
                0x0000000000000360       0x20 obj_cooja/mtype388.a(timer.o)
 .debug_aranges
                0x0000000000000380       0x20 obj_cooja/mtype388.a(serial-line.o)
 .debug_aranges
                0x00000000000003a0       0x20 obj_cooja/mtype388.a(list.o)
 .debug_aranges
                0x00000000000003c0       0x20 obj_cooja/mtype388.a(ringbuf.o)
 .debug_aranges
                0x00000000000003e0       0x20 obj_cooja/mtype388.a(sicslowpan.o)
 .debug_aranges
                0x0000000000000400       0x20 obj_cooja/mtype388.a(uip-ds6-nbr.o)
 .debug_aranges
                0x0000000000000420       0x20 obj_cooja/mtype388.a(uip-ds6-route.o)
 .debug_aranges
                0x0000000000000440       0x20 obj_cooja/mtype388.a(uip-ds6.o)
 .debug_aranges
                0x0000000000000460       0x20 obj_cooja/mtype388.a(uip6.o)
 .debug_aranges
                0x0000000000000480       0x20 obj_cooja/mtype388.a(tcpip.o)
 .debug_aranges
                0x00000000000004a0       0x20 obj_cooja/mtype388.a(uip-debug.o)
 .debug_aranges
                0x00000000000004c0       0x20 obj_cooja/mtype388.a(uip-packetqueue)
 .debug_aranges
                0x00000000000004e0       0x20 obj_cooja/mtype388.a(uip-udp-packet.)
 .debug_aranges
                0x0000000000000500       0x20 obj_cooja/mtype388.a(rpl-dag.o)
 .debug_aranges
                0x0000000000000520       0x20 obj_cooja/mtype388.a(rpl-ext-header.)
 .debug_aranges
                0x0000000000000540       0x20 obj_cooja/mtype388.a(rpl-icmp6.o)
 .debug_aranges
                0x0000000000000560       0x20 obj_cooja/mtype388.a(rpl-mrhof.o)
 .debug_aranges
                0x0000000000000580       0x20 obj_cooja/mtype388.a(rpl-timers.o)
 .debug_aranges
                0x00000000000005a0       0x20 obj_cooja/mtype388.a(rpl.o)
 .debug_aranges
                0x00000000000005c0       0x20 obj_cooja/mtype388.a(linkaddr.o)
 .debug_aranges
                0x00000000000005e0       0x20 obj_cooja/mtype388.a(nbr-table.o)
 .debug_aranges
                0x0000000000000600       0x20 obj_cooja/mtype388.a(netstack.o)
 .debug_aranges
                0x0000000000000620       0x20 obj_cooja/mtype388.a(packetbuf.o)
 .debug_aranges
                0x0000000000000640       0x20 obj_cooja/mtype388.a(queuebuf.o)
 .debug_aranges
                0x0000000000000660       0x20 obj_cooja/mtype388.a(csma.o)
 .debug_aranges
                0x0000000000000680       0x20 obj_cooja/mtype388.a(framer-802154.o)
 .debug_aranges
                0x00000000000006a0       0x20 obj_cooja/mtype388.a(mac.o)
 .debug_aranges
                0x00000000000006c0       0x20 obj_cooja/mtype388.a(nullrdc.o)
 .debug_aranges
                0x00000000000006e0       0x20 obj_cooja/mtype388.a(nullsec.o)
 .debug_aranges
                0x0000000000000700       0x20 obj_cooja/mtype388.a(watchdog.o)
 .debug_aranges
                0x0000000000000720       0x18 obj_cooja/mtype388.a(rimestats.o)
 .debug_aranges
                0x0000000000000738       0x20 obj_cooja/mtype388.a(memb.o)
 .debug_aranges
                0x0000000000000758       0x20 obj_cooja/mtype388.a(uip-icmp6.o)
 .debug_aranges
                0x0000000000000778       0x20 obj_cooja/mtype388.a(uip-nd6.o)
 .debug_aranges
                0x0000000000000798       0x20 obj_cooja/mtype388.a(rpl-nbr-policy.)
 .debug_aranges
                0x00000000000007b8       0x20 obj_cooja/mtype388.a(frame802154.o)
 .debug_aranges
                0x00000000000007d8       0x20 obj_cooja/mtype388.a(mac-sequence.o)

.debug_pubnames
 *(.debug_pubnames)

.debug_info     0x0000000000000000    0x1b170
 *(.debug_info .gnu.linkonce.wi.*)
 .debug_info    0x0000000000000000      0x8a1 udp-client.co
 .debug_info    0x00000000000008a1     0x377e obj_cooja/mtype388.o
 .debug_info    0x000000000000401f      0x15a obj_cooja/mtype388.a(simEnvChange.o)
 .debug_info    0x0000000000004179      0x1e2 obj_cooja/mtype388.a(cooja_mt.o)
 .debug_info    0x000000000000435b      0x2e7 obj_cooja/mtype388.a(cooja_mtarch.o)
 .debug_info    0x0000000000004642      0x16b obj_cooja/mtype388.a(rtimer-arch.o)
 .debug_info    0x00000000000047ad      0x1f3 obj_cooja/mtype388.a(beep.o)
 .debug_info    0x00000000000049a0      0x257 obj_cooja/mtype388.a(button-sensor.o)
 .debug_info    0x0000000000004bf7      0x132 obj_cooja/mtype388.a(leds-arch.o)
 .debug_info    0x0000000000004d29      0x10a obj_cooja/mtype388.a(moteid.o)
 .debug_info    0x0000000000004e33      0x216 obj_cooja/mtype388.a(pir-sensor.o)
 .debug_info    0x0000000000005049      0x21e obj_cooja/mtype388.a(rs232.o)
 .debug_info    0x0000000000005267      0x216 obj_cooja/mtype388.a(vib-sensor.o)
 .debug_info    0x000000000000547d      0x152 obj_cooja/mtype388.a(clock.o)
 .debug_info    0x00000000000055cf      0x2bb obj_cooja/mtype388.a(log.o)
 .debug_info    0x000000000000588a      0x3cf obj_cooja/mtype388.a(cfs-cooja.o)
 .debug_info    0x0000000000005c59      0xc5e obj_cooja/mtype388.a(cooja-radio.o)
 .debug_info    0x00000000000068b7      0x1d5 obj_cooja/mtype388.a(eeprom.o)
 .debug_info    0x0000000000006a8c       0xb3 obj_cooja/mtype388.a(random.o)
 .debug_info    0x0000000000006b3f      0x36d obj_cooja/mtype388.a(sensors.o)
 .debug_info    0x0000000000006eac      0x99d obj_cooja/mtype388.a(dual_conf.o)
 .debug_info    0x0000000000007849      0x1a5 obj_cooja/mtype388.a(autostart.o)
 .debug_info    0x00000000000079ee      0x46c obj_cooja/mtype388.a(ctimer.o)
 .debug_info    0x0000000000007e5a      0x49c obj_cooja/mtype388.a(etimer.o)
 .debug_info    0x00000000000082f6      0x4ba obj_cooja/mtype388.a(process.o)
 .debug_info    0x00000000000087b0      0x1ab obj_cooja/mtype388.a(rtimer.o)
 .debug_info    0x000000000000895b      0x179 obj_cooja/mtype388.a(stimer.o)
 .debug_info    0x0000000000008ad4      0x16c obj_cooja/mtype388.a(timer.o)
 .debug_info    0x0000000000008c40      0x2de obj_cooja/mtype388.a(serial-line.o)
 .debug_info    0x0000000000008f1e      0x2ed obj_cooja/mtype388.a(list.o)
 .debug_info    0x000000000000920b      0x1aa obj_cooja/mtype388.a(ringbuf.o)
 .debug_info    0x00000000000093b5      0xcba obj_cooja/mtype388.a(sicslowpan.o)
 .debug_info    0x000000000000a06f      0x853 obj_cooja/mtype388.a(uip-ds6-nbr.o)
 .debug_info    0x000000000000a8c2      0xd60 obj_cooja/mtype388.a(uip-ds6-route.o)
 .debug_info    0x000000000000b622      0xc18 obj_cooja/mtype388.a(uip-ds6.o)
 .debug_info    0x000000000000c23a      0xeaf obj_cooja/mtype388.a(uip6.o)
 .debug_info    0x000000000000d0e9     0x1437 obj_cooja/mtype388.a(tcpip.o)
 .debug_info    0x000000000000e520      0x1b5 obj_cooja/mtype388.a(uip-debug.o)
 .debug_info    0x000000000000e6d5      0x470 obj_cooja/mtype388.a(uip-packetqueue)
 .debug_info    0x000000000000eb45      0x37a obj_cooja/mtype388.a(uip-udp-packet.)
 .debug_info    0x000000000000eebf     0x1903 obj_cooja/mtype388.a(rpl-dag.o)
 .debug_info    0x00000000000107c2      0xe2b obj_cooja/mtype388.a(rpl-ext-header.)
 .debug_info    0x00000000000115ed     0x1695 obj_cooja/mtype388.a(rpl-icmp6.o)
 .debug_info    0x0000000000012c82      0xabe obj_cooja/mtype388.a(rpl-mrhof.o)
 .debug_info    0x0000000000013740      0xbeb obj_cooja/mtype388.a(rpl-timers.o)
 .debug_info    0x000000000001432b      0xcde obj_cooja/mtype388.a(rpl.o)
 .debug_info    0x0000000000015009      0x198 obj_cooja/mtype388.a(linkaddr.o)
 .debug_info    0x00000000000151a1      0x8d7 obj_cooja/mtype388.a(nbr-table.o)
 .debug_info    0x0000000000015a78      0x4b9 obj_cooja/mtype388.a(netstack.o)
 .debug_info    0x0000000000015f31      0x478 obj_cooja/mtype388.a(packetbuf.o)
 .debug_info    0x00000000000163a9      0x57d obj_cooja/mtype388.a(queuebuf.o)
 .debug_info    0x0000000000016926      0xbff obj_cooja/mtype388.a(csma.o)
 .debug_info    0x0000000000017525      0x5ed obj_cooja/mtype388.a(framer-802154.o)
 .debug_info    0x0000000000017b12      0x112 obj_cooja/mtype388.a(mac.o)
 .debug_info    0x0000000000017c24      0xc96 obj_cooja/mtype388.a(nullrdc.o)
 .debug_info    0x00000000000188ba      0x3aa obj_cooja/mtype388.a(nullsec.o)
 .debug_info    0x0000000000018c64       0x7b obj_cooja/mtype388.a(watchdog.o)
 .debug_info    0x0000000000018cdf      0x119 obj_cooja/mtype388.a(rimestats.o)
 .debug_info    0x0000000000018df8      0x1d7 obj_cooja/mtype388.a(memb.o)
 .debug_info    0x0000000000018fcf      0x783 obj_cooja/mtype388.a(uip-icmp6.o)
 .debug_info    0x0000000000019752      0x331 obj_cooja/mtype388.a(uip-nd6.o)
 .debug_info    0x0000000000019a83      0xda2 obj_cooja/mtype388.a(rpl-nbr-policy.)
 .debug_info    0x000000000001a825      0x6b4 obj_cooja/mtype388.a(frame802154.o)
 .debug_info    0x000000000001aed9      0x297 obj_cooja/mtype388.a(mac-sequence.o)

.debug_abbrev   0x0000000000000000     0x6732
 *(.debug_abbrev)
 .debug_abbrev  0x0000000000000000      0x1c0 udp-client.co
 .debug_abbrev  0x00000000000001c0      0x2c4 obj_cooja/mtype388.o
 .debug_abbrev  0x0000000000000484       0xc3 obj_cooja/mtype388.a(simEnvChange.o)
 .debug_abbrev  0x0000000000000547       0xe6 obj_cooja/mtype388.a(cooja_mt.o)
 .debug_abbrev  0x000000000000062d      0x147 obj_cooja/mtype388.a(cooja_mtarch.o)
 .debug_abbrev  0x0000000000000774       0xcc obj_cooja/mtype388.a(rtimer-arch.o)
 .debug_abbrev  0x0000000000000840       0xe3 obj_cooja/mtype388.a(beep.o)