Archive member included to satisfy reference by file (symbol)

obj_cooja/mtype431.a(simEnvChange.o)
                              obj_cooja/mtype431.o (simDontFallAsleep)
obj_cooja/mtype431.a(cooja_mt.o)
                              obj_cooja/mtype431.o (cooja_mt_start)
obj_cooja/mtype431.a(cooja_mtarch.o)
                              obj_cooja/mtype431.a(cooja_mt.o) (cooja_mtarch_init)
obj_cooja/mtype431.a(rtimer-arch.o)
                              obj_cooja/mtype431.o (rtimer_arch_next)
obj_cooja/mtype431.a(beep.o)  obj_cooja/mtype431.o (beep_interface)
obj_cooja/mtype431.a(button-sensor.o)
                              obj_cooja/mtype431.o (button_interface)
obj_cooja/mtype431.a(leds-arch.o)
                              obj_cooja/mtype431.o (leds_interface)
obj_cooja/mtype431.a(moteid.o)
                              obj_cooja/mtype431.o (moteid_interface)
obj_cooja/mtype431.a(pir-sensor.o)
                              obj_cooja/mtype431.o (pir_interface)
obj_cooja/mtype431.a(rs232.o)
                              obj_cooja/mtype431.o (rs232_interface)
obj_cooja/mtype431.a(vib-sensor.o)
                              obj_cooja/mtype431.o (vib_interface)
obj_cooja/mtype431.a(clock.o)
                              obj_cooja/mtype431.o (clock_interface)
obj_cooja/mtype431.a(log.o)   obj_cooja/mtype431.o (simlog_interface)
obj_cooja/mtype431.a(cfs-cooja.o)
                              obj_cooja/mtype431.o (cfs_interface)
obj_cooja/mtype431.a(cooja-radio.o)
                              obj_cooja/mtype431.o (radio_interface)
obj_cooja/mtype431.a(eeprom.o)
                              obj_cooja/mtype431.o (eeprom_interface)
obj_cooja/mtype431.a(random.o)
                              obj_cooja/mtype431.a(moteid.o) (random_init)
obj_cooja/mtype431.a(sensors.o)
                              udp-server.co (sensors_event)
obj_cooja/mtype431.a(dual_conf.o)
                              obj_cooja/mtype431.a(cooja-radio.o) (long_range_radio)
obj_cooja/mtype431.a(autostart.o)
                              obj_cooja/mtype431.o (autostart_start)
obj_cooja/mtype431.a(ctimer.o)
                              obj_cooja/mtype431.o (ctimer_init)
obj_cooja/mtype431.a(etimer.o)
                              obj_cooja/mtype431.o (etimer_process)
obj_cooja/mtype431.a(process.o)
                              udp-server.co (process_current)
obj_cooja/mtype431.a(rtimer.o)
                              obj_cooja/mtype431.a(rtimer-arch.o) (rtimer_run_next)
obj_cooja/mtype431.a(timer.o)
                              obj_cooja/mtype431.a(button-sensor.o) (timer_set)
obj_cooja/mtype431.a(serial-line.o)
                              obj_cooja/mtype431.a(rs232.o) (serial_line_input_byte)
obj_cooja/mtype431.a(list.o)  obj_cooja/mtype431.a(ctimer.o) (list_init)
obj_cooja/mtype431.a(ringbuf.o)
                              obj_cooja/mtype431.a(serial-line.o) (ringbuf_init)
obj_cooja/mtype431.a(sicslowpan.o)
                              obj_cooja/mtype431.o (sicslowpan_driver)
obj_cooja/mtype431.a(uip-ds6-nbr.o)
                              obj_cooja/mtype431.a(sicslowpan.o) (uip_ds6_link_neighbor_callback)
obj_cooja/mtype431.a(uip-ds6.o)
                              udp-server.co (uip_ds6_if)
obj_cooja/mtype431.a(uip6.o)  obj_cooja/mtype431.o (uip_lladdr)
obj_cooja/mtype431.a(tcpip.o)
                              udp-server.co (tcpip_event)
obj_cooja/mtype431.a(uip-debug.o)
                              udp-server.co (uip_debug_ipaddr_print)
obj_cooja/mtype431.a(uip-packetqueue)
                              obj_cooja/mtype431.a(uip-ds6-nbr.o) (uip_packetqueue_new)
obj_cooja/mtype431.a(rpl-dag.o)
                              udp-server.co (rpl_set_root)
obj_cooja/mtype431.a(rpl-ext-header.)
                              obj_cooja/mtype431.a(uip6.o) (rpl_verify_header)
obj_cooja/mtype431.a(rpl-icmp6.o)
                              obj_cooja/mtype431.a(rpl-dag.o) (rpl_icmp6_update_nbr_table)
obj_cooja/mtype431.a(rpl-mrhof.o)
                              obj_cooja/mtype431.a(rpl-dag.o) (rpl_mrhof)
obj_cooja/mtype431.a(rpl-timers.o)
                              obj_cooja/mtype431.a(rpl-dag.o) (rpl_reset_dio_timer)
obj_cooja/mtype431.a(rpl.o)   obj_cooja/mtype431.a(rpl-icmp6.o) (rpl_get_mode)
obj_cooja/mtype431.a(linkaddr.o)
                              obj_cooja/mtype431.o (linkaddr_node_addr)
obj_cooja/mtype431.a(nbr-table.o)
                              obj_cooja/mtype431.a(uip-ds6-nbr.o) (lladdr_map_add_lr)
obj_cooja/mtype431.a(netstack.o)
                              obj_cooja/mtype431.o (netstack_init)
obj_cooja/mtype431.a(packetbuf.o)
                              obj_cooja/mtype431.a(cooja-radio.o) (packetbuf_attrs)
obj_cooja/mtype431.a(queuebuf.o)
                              obj_cooja/mtype431.o (queuebuf_init)
obj_cooja/mtype431.a(csma.o)  udp-server.co (csma_driver)
obj_cooja/mtype431.a(framer-802154.o)
                              obj_cooja/mtype431.a(sicslowpan.o) (framer_802154)
[...]
Memory Configuration

Name             Origin             Length             Attributes
*default*        0x0000000000000000 0xffffffffffffffff

Linker script and memory map

LOAD /usr/lib/gcc/i686-linux-gnu/4.8/../../../i386-linux-gnu/crti.o
LOAD /usr/lib/gcc/i686-linux-gnu/4.8/crtbeginS.o
LOAD udp-server.co
LOAD obj_cooja/mtype431.o
LOAD obj_cooja/mtype431.a
LOAD /usr/lib/gcc/i686-linux-gnu/4.8/libgcc.a
LOAD /usr/lib/gcc/i686-linux-gnu/4.8/libgcc_s.so
LOAD /usr/lib/gcc/i686-linux-gnu/4.8/../../../i386-linux-gnu/libc.so
START GROUP
LOAD /lib/i386-linux-gnu/libc.so.6
LOAD /usr/lib/i386-linux-gnu/libc_nonshared.a
LOAD /lib/i386-linux-gnu/ld-linux.so.2
END GROUP
LOAD /usr/lib/gcc/i686-linux-gnu/4.8/libgcc.a
LOAD /usr/lib/gcc/i686-linux-gnu/4.8/libgcc_s.so
LOAD /usr/lib/gcc/i686-linux-gnu/4.8/crtendS.o
LOAD /usr/lib/gcc/i686-linux-gnu/4.8/../../../i386-linux-gnu/crtn.o
                0x0000000000000114                . = (0x0 + SIZEOF_HEADERS)

.note.gnu.build-id
                0x0000000000000114       0x24
 *(.note.gnu.build-id)
 .note.gnu.build-id
                0x0000000000000114       0x24 /usr/lib/gcc/i686-linux-gnu/4.8/../../../i386-linux-gnu/crti.o

.hash
 *(.hash)

.gnu.hash       0x0000000000000138     0x1290
 *(.gnu.hash)
 .gnu.hash      0x0000000000000138     0x1290 /usr/lib/gcc/i686-linux-gnu/4.8/../../../i386-linux-gnu/crti.o

.dynsym         0x00000000000013c8     0x2270
 *(.dynsym)
 .dynsym        0x00000000000013c8     0x2270 /usr/lib/gcc/i686-linux-gnu/4.8/../../../i386-linux-gnu/crti.o

.dynstr         0x0000000000003638     0x23a9
 *(.dynstr)
 .dynstr        0x0000000000003638     0x23a9 /usr/lib/gcc/i686-linux-gnu/4.8/../../../i386-linux-gnu/crti.o

.gnu.version    0x00000000000059e2      0x44e
 *(.gnu.version)
 .gnu.version   0x00000000000059e2      0x44e /usr/lib/gcc/i686-linux-gnu/4.8/../../../i386-linux-gnu/crti.o

.gnu.version_d  0x0000000000005e30        0x0
 *(.gnu.version_d)
 .gnu.version_d
                0x0000000000000000        0x0 /usr/lib/gcc/i686-linux-gnu/4.8/../../../i386-linux-gnu/crti.o

.gnu.version_r  0x0000000000005e30       0x40
 *(.gnu.version_r)
 .gnu.version_r
                0x0000000000005e30       0x40 /usr/lib/gcc/i686-linux-gnu/4.8/../../../i386-linux-gnu/crti.o

.rel.dyn        0x0000000000005e70     0x97e0
 *(.rel.init)
 .rel.init      0x0000000000000000        0x0 /usr/lib/gcc/i686-linux-gnu/4.8/../../../i386-linux-gnu/crti.o
 *(.rel.text .rel.text.* .rel.gnu.linkonce.t.*)
 .rel.text      0x0000000000005e70     0x9040 /usr/lib/gcc/i686-linux-gnu/4.8/../../../i386-linux-gnu/crti.o
 *(.rel.fini)
 .rel.fini      0x0000000000000000        0x0 /usr/lib/gcc/i686-linux-gnu/4.8/../../../i386-linux-gnu/crti.o
 *(.rel.rodata .rel.rodata.* .rel.gnu.linkonce.r.*)
 .rel.rodata    0x000000000000eeb0      0x4e0 /usr/lib/gcc/i686-linux-gnu/4.8/../../../i386-linux-gnu/crti.o
 *(.rel.data.rel.ro .rel.data.rel.ro.* .rel.gnu.linkonce.d.rel.ro.*)
 *(.rel.data .rel.data.* .rel.gnu.linkonce.d.*)
 .rel.data.rel  0x000000000000f390        0x8 /usr/lib/gcc/i686-linux-gnu/4.8/../../../i386-linux-gnu/crti.o
 .rel.data      0x000000000000f398      0x280 /usr/lib/gcc/i686-linux-gnu/4.8/../../../i386-linux-gnu/crti.o
 *(.rel.tdata .rel.tdata.* .rel.gnu.linkonce.td.*)
 *(.rel.tbss .rel.tbss.* .rel.gnu.linkonce.tb.*)
 *(.rel.ctors)
 *(.rel.dtors)
 *(.rel.got)
 .rel.got       0x000000000000f618       0x28 /usr/lib/gcc/i686-linux-gnu/4.8/../../../i386-linux-gnu/crti.o
 *(.rel.bss .rel.bss.* .rel.gnu.linkonce.b.*)
 *(.rel.ifunc)
 .rel.ifunc     0x0000000000000000        0x0 /usr/lib/gcc/i686-linux-gnu/4.8/../../../i386-linux-gnu/crti.o
 .rel.fini_array
                0x000000000000f640        0x8 /usr/lib/gcc/i686-linux-gnu/4.8/../../../i386-linux-gnu/crti.o
 .rel.init_array
                0x000000000000f648        0x8 /usr/lib/gcc/i686-linux-gnu/4.8/../../../i386-linux-gnu/crti.o

.rel.plt        0x000000000000f650       0x10
 *(.rel.plt)
 .rel.plt       0x000000000000f650       0x10 /usr/lib/gcc/i686-linux-gnu/4.8/../../../i386-linux-gnu/crti.o
 *(.rel.iplt)

.init           0x000000000000f660       0x23
 *(SORT(.init))
 .init          0x000000000000f660       0x1e /usr/lib/gcc/i686-linux-gnu/4.8/../../../i386-linux-gnu/crti.o
                0x000000000000f660                _init
 .init          0x000000000000f67e        0x5 /usr/lib/gcc/i686-linux-gnu/4.8/../../../i386-linux-gnu/crtn.o

.plt            0x000000000000f690       0x30
 *(.plt)
 .plt           0x000000000000f690       0x30 /usr/lib/gcc/i686-linux-gnu/4.8/../../../i386-linux-gnu/crti.o
 *(.iplt)

.text           0x000000000000f6c0    0x164c6
 *(.text.unlikely .text.*_unlikely .text.unlikely.*)
 *(.text.exit .text.exit.*)
 *(.text.startup .text.startup.*)
 *(.text.hot .text.hot.*)
 *(.text .stub .text.* .gnu.linkonce.t.*)
 .text          0x000000000000f6c0        0x0 /usr/lib/gcc/i686-linux-gnu/4.8/../../../i386-linux-gnu/crti.o
 .gnu.linkonce.t.__x86.get_pc_thunk.bx
                0x000000000000f6c0        0x4 /usr/lib/gcc/i686-linux-gnu/4.8/../../../i386-linux-gnu/crti.o
                0x000000000000f6c0                __x86.get_pc_thunk.bx
 *fill*         0x000000000000f6c4        0xc 
 .text          0x000000000000f6d0      0x11b /usr/lib/gcc/i686-linux-gnu/4.8/crtbeginS.o
 .text          0x000000000000f7eb      0x3e4 udp-server.co
 .text          0x000000000000fbcf      0x944 obj_cooja/mtype431.o
                0x000000000000fd7d                contiki_init
                0x000000000001032a                Java_org_contikios_cooja_corecomm_Lib5_init
                0x000000000001036a                Java_org_contikios_cooja_corecomm_Lib5_getMemory
                0x00000000000103aa                Java_org_contikios_cooja_corecomm_Lib5_setMemory
                0x0000000000010421                Java_org_contikios_cooja_corecomm_Lib5_tick
                0x0000000000010501                Java_org_contikios_cooja_corecomm_Lib5_setReferenceAddress
 .text          0x0000000000010513       0x63 obj_cooja/mtype431.a(simEnvChange.o)
                0x0000000000010513                doActionsBeforeTick
                0x0000000000010544                doActionsAfterTick
 .text          0x0000000000010576       0xbc obj_cooja/mtype431.a(cooja_mt.o)
                0x0000000000010576                cooja_mt_init
                0x0000000000010583                cooja_mt_remove
                0x0000000000010590                cooja_mt_start
                0x00000000000105bd                cooja_mt_exec
                0x00000000000105ee                cooja_mt_exit
                0x0000000000010610                cooja_mt_yield
 .text          0x0000000000010632      0x115 obj_cooja/mtype431.a(cooja_mtarch.o)
                0x0000000000010632                cooja_mtarch_init
                0x0000000000010637                cooja_mtarch_start
                0x00000000000106b2                cooja_sw
                0x00000000000106d4                cooja_mtarch_exec
                0x00000000000106f0                cooja_mtarch_remove
                0x00000000000106f5                cooja_mtarch_yield
                0x00000000000106ff                cooja_mtarch_pstop
                0x0000000000010704                cooja_mtarch_pstart
                0x0000000000010709                cooja_mtarch_stack_usage
 .text          0x0000000000010747       0xc2 obj_cooja/mtype431.a(rtimer-arch.o)
                0x0000000000010747                rtimer_arch_init
                0x000000000001076a                rtimer_arch_schedule
                0x0000000000010781                rtimer_arch_next
                0x000000000001078b                rtimer_arch_pending
                0x0000000000010795                rtimer_arch_check
                0x00000000000107c7                rtimer_arch_now
 .text          0x0000000000010809       0x76 obj_cooja/mtype431.a(beep.o)
                0x0000000000010809                beep_alarm
                0x0000000000010815                beep_beep
                0x0000000000010821                beep
                0x000000000001082d                beep_down
                0x0000000000010839                beep_on
                0x0000000000010845                beep_off
                0x0000000000010851                beep_spinup
                0x000000000001085d                beep_quick
                0x0000000000010869                beep_long
 .text          0x000000000001087f      0x103 obj_cooja/mtype431.a(button-sensor.o)
 .text          0x0000000000010982       0x45 obj_cooja/mtype431.a(leds-arch.o)
                0x0000000000010982                leds_arch_init
                0x000000000001098e                leds_arch_get
                0x000000000001099a                leds_arch_set
 .text          0x00000000000109c7       0x2f obj_cooja/mtype431.a(moteid.o)
 .text          0x00000000000109f6       0xb1 obj_cooja/mtype431.a(pir-sensor.o)
 .text          0x0000000000010aa7      0x131 obj_cooja/mtype431.a(rs232.o)
                0x0000000000010aa7                rs232_init
                0x0000000000010aac                rs232_set_speed
                0x0000000000010aba                rs232_set_input
                0x0000000000010ac7                rs232_send
                0x0000000000010ae9                rs232_print
                0x0000000000010b04                slip_arch_writeb
 .text          0x0000000000010bd8       0xb1 obj_cooja/mtype431.a(vib-sensor.o)
 .text          0x0000000000010c89       0x34 obj_cooja/mtype431.a(clock.o)
                0x0000000000010c89                clock_init
                0x0000000000010c8e                clock_time
                0x0000000000010c98                clock_seconds
                0x0000000000010cae                clock_delay
 .text          0x0000000000010cbd      0x1ed obj_cooja/mtype431.a(log.o)
                0x0000000000010cbd                simlog_char
                0x0000000000010cff                simlog
                0x0000000000010d6c                log_message
                0x0000000000010d94                log_set_putchar_with_slip
                0x0000000000010da1                log_putchar
                0x0000000000010e25                log_puts
                0x0000000000010e49                log_printf
 .text          0x0000000000010eaa      0x2c4 obj_cooja/mtype431.a(cfs-cooja.o)
                0x0000000000010eaa                cfs_open
                0x0000000000010f13                cfs_close
                0x0000000000010f1f                cfs_read
                0x0000000000010fbd                cfs_write
                0x000000000001109a                cfs_seek
                0x0000000000011122                cfs_remove
                0x000000000001114b                cfs_opendir
                0x0000000000011155                cfs_readdir
                0x000000000001115f                cfs_closedir
 .text          0x000000000001116e      0x541 obj_cooja/mtype431.a(cooja-radio.o)
                0x0000000000011198                radio_set_channel
                0x00000000000111ad                radio_set_txpower
                0x00000000000111c4                radio_signal_strength_last
                0x00000000000111ce                radio_signal_strength_current
                0x00000000000111d8                radio_LQI
 .text          0x00000000000116af       0xef obj_cooja/mtype431.a(eeprom.o)
                0x00000000000116af                eeprom_init
                0x00000000000116b4                eeprom_read
                0x0000000000011724                eeprom_write
 .text          0x000000000001179e       0x28 obj_cooja/mtype431.a(random.o)
                0x000000000001179e                random_init
                0x00000000000117b9                random_rand
 .text          0x00000000000117c6      0x2a1 obj_cooja/mtype431.a(sensors.o)
                0x0000000000011801                sensors_first
                0x000000000001180b                sensors_next
                0x0000000000011828                sensors_changed
                0x0000000000011857                sensors_find
 .text          0x0000000000011a67      0x308 obj_cooja/mtype431.a(dual_conf.o)
                0x0000000000011a67                dual_radio_switch
                0x0000000000011ac2                dual_radio_change
                0x0000000000011afc                sending_in_LR
                0x0000000000011b27                dual_radio_received
                0x0000000000011b7a                radio_received_is_longrange
                0x0000000000011d25                dio_broadcast
                0x0000000000011d4e                dis_broadcast
 .text          0x0000000000011d6f       0x8e obj_cooja/mtype431.a(autostart.o)
                0x0000000000011d6f                autostart_start
                0x0000000000011dba                autostart_exit
 .text          0x0000000000011dfd      0x334 obj_cooja/mtype431.a(ctimer.o)
                0x0000000000011f14                ctimer_init
                0x0000000000011f44                ctimer_set
                0x0000000000011f75                ctimer_set_with_process
                0x0000000000011ff1                ctimer_reset
                0x0000000000012040                ctimer_restart
                0x000000000001208f                ctimer_stop
                0x00000000000120da                ctimer_expired
 .text          0x0000000000012131      0x40b obj_cooja/mtype431.a(etimer.o)
                0x0000000000012344                etimer_request_poll
                0x00000000000123c8                etimer_set
                0x00000000000123ed                etimer_reset_with_new_interval
                0x0000000000012414                etimer_reset
                0x0000000000012432                etimer_restart
                0x0000000000012450                etimer_adjust
                0x000000000001246c                etimer_expired
                0x000000000001247f                etimer_expiration_time
                0x0000000000012491                etimer_start_time
                0x000000000001249b                etimer_pending
                0x00000000000124ad                etimer_next_expiration_time
                0x00000000000124c7                etimer_stop
 .text          0x000000000001253c      0x560 obj_cooja/mtype431.a(process.o)
                0x000000000001253c                process_alloc_event
                0x0000000000012551                process_start
                0x000000000001273a                process_exit
                0x0000000000012756                process_init
                0x0000000000012927                process_run
                0x000000000001295a                process_nevents
                0x0000000000012975                process_post
                0x0000000000012a21                process_post_synch
                0x0000000000012a59                process_poll
                0x0000000000012a88                process_is_running
 .text          0x0000000000012a9c       0xba obj_cooja/mtype431.a(rtimer.o)
                0x0000000000012a9c                rtimer_init
                0x0000000000012aa9                rtimer_set
                0x0000000000012b00                rtimer_run_next
 .text          0x0000000000012b56       0x91 obj_cooja/mtype431.a(timer.o)
                0x0000000000012b56                timer_set
                0x0000000000012b71                timer_reset
                0x0000000000012b88                timer_restart
                0x0000000000012b9a                timer_expired
                0x0000000000012bc3                timer_remaining
 .text          0x0000000000012be7      0x1fb obj_cooja/mtype431.a(serial-line.o)
                0x0000000000012be7                serial_line_input_byte
                0x0000000000012daa                serial_line_init
 .text          0x0000000000012de2      0x244 obj_cooja/mtype431.a(list.o)
                0x0000000000012de2                list_init
                0x0000000000012df0                list_head
                0x0000000000012dfa                list_copy
                0x0000000000012e09                list_tail
                0x0000000000012e3f                list_add
                0x0000000000012e88                list_push
                0x0000000000012eb4                list_chop
                0x0000000000012f1e                list_pop
                0x0000000000012f46                list_remove
                0x0000000000012fad                list_length
                0x0000000000012fdb                list_insert
                0x000000000001300f                list_item_next
 .text          0x0000000000013026      0x155 obj_cooja/mtype431.a(ringbuf.o)
                0x0000000000013026                ringbuf_init
                0x0000000000013057                ringbuf_put
                0x00000000000130d5                ringbuf_get
                0x0000000000013142                ringbuf_size
                0x0000000000013154                ringbuf_elements
 .text          0x000000000001317b     0x258b obj_cooja/mtype431.a(sicslowpan.o)
                0x0000000000013705                rime_sniffer_add
                0x0000000000013712                rime_sniffer_remove
                0x00000000000156a5                sicslowpan_init
                0x00000000000156fc                sicslowpan_get_last_rssi
 .text          0x0000000000015706      0x39c obj_cooja/mtype431.a(uip-ds6-nbr.o)
                0x0000000000015723                uip_ds6_neighbors_init
                0x0000000000015740                uip_ds6_nbr_add
                0x00000000000158cc                uip_ds6_nbr_rm
                0x000000000001590e                uip_ds6_nbr_get_ipaddr
                0x0000000000015923                uip_ds6_nbr_get_ll
                0x000000000001593f                uip_ds6_nbr_num
                0x0000000000015984                uip_ds6_nbr_lookup
                0x00000000000159e9                uip_ds6_nbr_ll_lookup
                0x0000000000015a05                uip_ds6_nbr_ipaddr_from_lladdr
                0x0000000000015a2b                uip_ds6_nbr_lladdr_from_ipaddr
                0x0000000000015a59                uip_ds6_link_neighbor_callback
 .text          0x0000000000015aa2     0x12ad obj_cooja/mtype431.a(uip-ds6.o)
                0x0000000000015aa2                uip_ds6_init
                0x0000000000015df7                uip_ds6_periodic
                0x0000000000015ecf                uip_ds6_list_loop
                0x0000000000015f76                uip_ds6_prefix_add
                0x0000000000016034                uip_ds6_prefix_rm
                0x0000000000016046                uip_ds6_prefix_lookup
                0x0000000000016097                uip_ds6_is_addr_onlink
                0x000000000001610b                uip_ds6_addr_add
                0x0000000000016239                uip_ds6_long_addr_add
                0x0000000000016367                uip_ds6_addr_rm
                0x0000000000016407                uip_ds6_addr_lookup
                0x0000000000016452                uip_ds6_long_addr_lookup
                0x000000000001649d                uip_ds6_get_link_local
                0x000000000001651c                uip_ds6_long_get_link_local
                0x000000000001659b                uip_ds6_get_global
                0x000000000001661a                uip_ds6_long_get_global
                0x0000000000016699                uip_ds6_maddr_add
                0x000000000001670b                uip_ds6_long_maddr_add
                0x000000000001677d                uip_ds6_maddr_rm
                0x000000000001678f                uip_ds6_maddr_lookup
                0x00000000000167da                uip_ds6_long_maddr_lookup
                0x0000000000016825                uip_ds6_aaddr_add
                0x0000000000016897                uip_ds6_long_aaddr_add
                0x0000000000016909                uip_ds6_aaddr_rm
                0x000000000001691b                uip_ds6_aaddr_lookup
                0x0000000000016966                uip_ds6_long_aaddr_lookup
                0x00000000000169b1                uip_ds6_select_src
                0x0000000000016c3a                uip_ds6_set_addr_iid
                0x0000000000016c71                get_match_length
                0x0000000000016d03                uip_ds6_compute_reachable_time
 .text          0x0000000000016d4f     0x29f3 obj_cooja/mtype431.a(uip6.o)
                0x0000000000016d4f                uip_add32
                0x0000000000016ee8                uip_chksum
                0x0000000000016fd6                uip_icmp6chksum
                0x0000000000016fea                uip_tcpchksum
                0x0000000000016ffe                uip_udpchksum
                0x0000000000017012                uip_init
                0x00000000000170e2                uip_connect
                0x0000000000017291                remove_ext_hdr
                0x0000000000017366                uip_udp_new
                0x00000000000174c2                uip_unlisten
                0x0000000000017522                uip_listen
                0x00000000000177e4                uip_process
                0x0000000000019636                uip_htons
                0x0000000000019658                uip_htonl
                0x0000000000019698                uip_send
 .text          0x0000000000019742      0x9fb obj_cooja/mtype431.a(tcpip.o)
                0x0000000000019742                tcpip_output
                0x0000000000019770                tcpip_set_outputfunc
                0x0000000000019804                tcp_connect
                0x0000000000019859                tcp_unlisten
                0x00000000000198b4                tcp_listen
                0x000000000001990d                tcp_attach
                0x0000000000019932                udp_attach
                0x0000000000019957                udp_new
                0x00000000000199a9                udp_broadcast_new
                0x0000000000019c1d                tcpip_input
                0x0000000000019c51                tcpip_ipv6_output
                0x0000000000019f83                tcpip_poll_udp
                0x0000000000019fa6                tcpip_poll_tcp
                0x0000000000019fc9                tcpip_uipcall
 .text          0x000000000001a13d      0x1c1 obj_cooja/mtype431.a(uip-debug.o)
                0x000000000001a13d                uip_debug_ipaddr_print
                0x000000000001a29f                uip_debug_lladdr_print
 .text          0x000000000001a2fe      0x141 obj_cooja/mtype431.a(uip-packetqueue)
                0x000000000001a32a                uip_packetqueue_new
                0x000000000001a338                uip_packetqueue_alloc
                0x000000000001a398                uip_packetqueue_free
                0x000000000001a3d9                uip_packetqueue_buf
                0x000000000001a3f6                uip_packetqueue_buflen
                0x000000000001a417                uip_packetqueue_set_buflen
 .text          0x000000000001a43f     0x2ce0 obj_cooja/mtype431.a(rpl-dag.o)
                0x000000000001a43f                rpl_print_neighbor_list
                0x000000000001a614                rpl_get_nbr
                0x000000000001a66e                rpl_dag_init
                0x000000000001a68b                rpl_get_parent
                0x000000000001a6ad                rpl_get_parent_rank
                0x000000000001a6e0                rpl_get_parent_link_metric
                0x000000000001a713                rpl_get_parent_ipaddr
                0x000000000001aabf                rpl_set_root
                0x000000000001ad33                rpl_repair_root
                0x000000000001afe2                rpl_set_prefix
                0x000000000001b105                rpl_set_default_route
                0x000000000001b1fa                rpl_alloc_instance
                0x000000000001b28d                rpl_alloc_dag
                0x000000000001b33e                rpl_set_default_instance
                0x000000000001b34b                rpl_get_default_instance
                0x000000000001b355                rpl_free_instance
                0x000000000001b421                rpl_free_dag
                0x000000000001b4aa                rpl_add_parent
                0x000000000001b5bc                rpl_find_parent
                0x000000000001b614                rpl_find_parent_any_dag
                0x000000000001b650                rpl_select_dag
                0x000000000001ba6d                rpl_select_parent
                0x000000000001bacf                rpl_remove_parent
                0x000000000001bb21                rpl_nullify_parent
                0x000000000001bc1d                rpl_move_parent
                0x000000000001bd28                rpl_has_downward_route
                0x000000000001bd7b                rpl_get_any_dag
                0x000000000001bddd                rpl_get_instance
                0x000000000001be40                rpl_find_of
                0x000000000001be7d                rpl_join_instance
                0x000000000001c1b4                rpl_add_dag
                0x000000000001c685                rpl_local_repair
                0x000000000001c761                rpl_recalculate_ranks
                0x000000000001c80a                rpl_process_parent_event
                0x000000000001ca20                rpl_process_dio
 .text          0x000000000001d11f      0xbf3 obj_cooja/mtype431.a(rpl-ext-header.)
                0x000000000001d13c                rpl_verify_header
                0x000000000001d5b6                rpl_update_header_empty
                0x000000000001d8cd                rpl_update_header_final
                0x000000000001da5c                rpl_remove_header
                0x000000000001db66                rpl_invert_header
                0x000000000001dcf0                rpl_insert_header
 .text          0x000000000001dd12     0x22de obj_cooja/mtype431.a(rpl-icmp6.o)
                0x000000000001df71                rpl_icmp6_update_nbr_table
                0x000000000001e13e                dis_output
                0x000000000001ea65                dio_output
                0x000000000001fb04                dao_output
                0x000000000001fbcb                dao_output_target
                0x000000000001ffa4                dao_ack_output
                0x000000000001ffb8                rpl_icmp6_register_handlers
 .text          0x000000000001fff0      0x315 obj_cooja/mtype431.a(rpl-mrhof.o)
 .text          0x0000000000020305      0x909 obj_cooja/mtype431.a(rpl-timers.o)
                0x00000000000205f1                rpl_reset_periodic_timer
                0x0000000000020646                rpl_reset_dio_timer
                0x00000000000208de                rpl_schedule_dao
                0x00000000000208f9                rpl_schedule_dao_immediately
                0x0000000000020914                rpl_cancel_dao
                0x0000000000020976                rpl_schedule_unicast_dio_immediately
                0x0000000000020bb6                rpl_schedule_probing
 .text          0x0000000000020c0e      0x6e0 obj_cooja/mtype431.a(rpl.o)
                0x0000000000020c0e                rpl_get_mode
                0x0000000000020c18                rpl_set_mode
                0x0000000000020cdc                rpl_purge_routes
                0x0000000000020e0b                rpl_remove_routes
                0x0000000000020e51                rpl_remove_routes_by_nexthop
                0x0000000000020ebd                rpl_add_route
                0x0000000000020f88                rpl_link_neighbor_callback
                0x000000000002109c                rpl_ipv6_neighbor_callback
                0x0000000000021148                rpl_purge_dags
                0x000000000002125c                rpl_init
 .text          0x00000000000212ee       0x82 obj_cooja/mtype431.a(linkaddr.o)
                0x00000000000212ee                linkaddr_copy
                0x0000000000021310                linkaddr_cmp
                0x000000000002133a                linkaddr_set_node_addr
                0x0000000000021355                linkaddr_set_node_long_addr
 .text          0x0000000000021370      0x826 obj_cooja/mtype431.a(nbr-table.o)
                0x0000000000021370                lladdr_map_add_lr
                0x000000000002188c                nbr_table_register
                0x00000000000218d4                nbr_table_head
                0x0000000000021930                nbr_table_next
                0x0000000000021997                nbr_table_add_lladdr
                0x0000000000021a73                nbr_table_get_from_lladdr
                0x0000000000021ac0                nbr_table_remove
                0x0000000000021b12                nbr_table_lock
                0x0000000000021b3c                nbr_table_unlock
                0x0000000000021b66                nbr_table_get_lladdr
 .text          0x0000000000021b96       0x2b obj_cooja/mtype431.a(netstack.o)
                0x0000000000021b96                netstack_init
 .text          0x0000000000021bc1      0x3cd obj_cooja/mtype431.a(packetbuf.o)
                0x0000000000021bc1                packetbuf_clear
                0x0000000000021beb                packetbuf_copyfrom
                0x0000000000021c3d                packetbuf_compact
                0x0000000000021cba                packetbuf_copyto
                0x0000000000021d51                packetbuf_hdralloc
                0x0000000000021dce                packetbuf_hdrreduce
                0x0000000000021e16                packetbuf_set_datalen
                0x0000000000021e2f                packetbuf_dataptr
                0x0000000000021e4c                packetbuf_hdrptr
                0x0000000000021e56                packetbuf_datalen
                0x0000000000021e62                packetbuf_hdrlen
                0x0000000000021e79                packetbuf_totlen
                0x0000000000021e8f                packetbuf_attr_clear
                0x0000000000021ee1                packetbuf_attr_copyto
                0x0000000000021f2a                packetbuf_attr_copyfrom
                0x0000000000021f72                packetbuf_holds_broadcast
 .text          0x0000000000021f8e      0x2b4 obj_cooja/mtype431.a(queuebuf.o)
                0x0000000000021f98                queuebuf_init
                0x0000000000021fb8                queuebuf_numfree
                0x0000000000021fcc                queuebuf_new_from_packetbuf
                0x000000000002205c                queuebuf_update_attr_from_packetbuf
                0x000000000002208f                queuebuf_update_from_packetbuf
                0x00000000000220d9                queuebuf_free
                0x0000000000022120                queuebuf_to_packetbuf
                0x0000000000022186                queuebuf_dataptr
                0x00000000000221bd                queuebuf_datalen
                0x00000000000221e0                queuebuf_addr
                0x0000000000022212                queuebuf_attr
                0x000000000002223d                queuebuf_debug_print
 .text          0x0000000000022242      0x831 obj_cooja/mtype431.a(csma.o)
 .text          0x0000000000022a73      0x3f5 obj_cooja/mtype431.a(framer-802154.o)
 .text          0x0000000000022e68       0x3c obj_cooja/mtype431.a(mac.o)
                0x0000000000022e68                mac_call_sent_callback
 .text          0x0000000000022ea4      0x4a9 obj_cooja/mtype431.a(nullrdc.o)
 .text          0x000000000002334d       0x6e obj_cooja/mtype431.a(nullsec.o)
 .text          0x00000000000233bb       0x19 obj_cooja/mtype431.a(watchdog.o)
                0x00000000000233bb                watchdog_init
                0x00000000000233c0                watchdog_start
                0x00000000000233c5                watchdog_periodic
                0x00000000000233ca                watchdog_stop
                0x00000000000233cf                watchdog_reboot
 .text          0x00000000000233d4        0x0 obj_cooja/mtype431.a(rimestats.o)
 .text          0x00000000000233d4       0xa3 obj_cooja/mtype431.a(stimer.o)
                0x00000000000233d4                stimer_set
                0x00000000000233ef                stimer_reset
                0x0000000000023406                stimer_restart
                0x0000000000023418                stimer_expired
                0x000000000002343f                stimer_remaining
                0x0000000000023463                stimer_elapsed
 .text          0x0000000000023477      0x1c1 obj_cooja/mtype431.a(memb.o)
                0x0000000000023477                memb_init
                0x00000000000234d5                memb_alloc
                0x000000000002353a                memb_free
                0x00000000000235b5                memb_inmemb
                0x00000000000235f4                memb_numfree
 .text          0x0000000000023638      0x916 obj_cooja/mtype431.a(uip-ds6-route.o)
                0x00000000000236af                uip_ds6_notification_add
                0x00000000000236e0                uip_ds6_notification_rm
                0x00000000000236fc                uip_ds6_route_init
                0x0000000000023784                uip_ds6_route_nexthop
                0x00000000000237ac                uip_ds6_route_head
                0x00000000000237c1                uip_ds6_route_next
                0x00000000000237e7                uip_ds6_route_is_nexthop
                0x0000000000023826                uip_ds6_route_num_routes
                0x0000000000023830                uip_ds6_route_lookup
                0x00000000000238f2                uip_ds6_route_add
                0x0000000000023b26                uip_ds6_route_rm
                0x0000000000023cba                uip_ds6_route_rm_by_nexthop
                0x0000000000023cf2                uip_ds6_defrt_add
                0x0000000000023da3                uip_ds6_defrt_rm
                0x0000000000023e22                uip_ds6_defrt_lookup
                0x0000000000023e7b                uip_ds6_defrt_choose
                0x0000000000023ee6                uip_ds6_defrt_periodic
 .text          0x0000000000023f4e      0xab2 obj_cooja/mtype431.a(uip-icmp6.o)
                0x0000000000023fbc                uip_icmp6_input
                0x0000000000024012                uip_icmp6_register_input_handler
                0x00000000000242da                uip_icmp6_error_output
                0x000000000002461f                uip_icmp6_send
                0x0000000000024993                uip_icmp6_echo_reply_callback_add
                0x00000000000249c4                uip_icmp6_echo_reply_callback_rm
                0x00000000000249e0                uip_icmp6_init
 .text          0x0000000000024a00      0x358 obj_cooja/mtype431.a(uip-nd6.o)
                0x0000000000024a54                uip_nd6_ns_output
                0x0000000000024d53                uip_nd6_init
 .text          0x0000000000024d58      0x331 obj_cooja/mtype431.a(rpl-nbr-policy.)
                0x0000000000024f30                find_removable_dis
                0x0000000000024f53                find_removable_dio
                0x0000000000024fe2                find_removable_dao
                0x0000000000025032                rpl_nbr_policy_find_removable
 .text          0x0000000000025089      0x97c obj_cooja/mtype431.a(frame802154.o)
                0x00000000000250ba                frame802154_get_pan_id
                0x00000000000250c6                frame802154_set_pan_id
                0x00000000000250df                frame802154_has_panid
                0x00000000000251cb                frame802154_check_dest_panid
                0x0000000000025233                frame802154_is_broadcast_addr
                0x0000000000025280                frame802154_extract_linkaddr
                0x00000000000254c0                frame802154_hdrlen
                0x0000000000025511                frame802154_create
                0x00000000000256fc                frame802154_parse
 .text          0x0000000000025a05      0x181 obj_cooja/mtype431.a(mac-sequence.o)
                0x0000000000025a3c                mac_sequence_is_duplicate
                0x0000000000025abf                mac_sequence_register_seqno
 .text          0x0000000000025b86        0x0 /usr/lib/gcc/i686-linux-gnu/4.8/crtendS.o
 .text          0x0000000000025b86        0x0 /usr/lib/gcc/i686-linux-gnu/4.8/../../../i386-linux-gnu/crtn.o
 *(.gnu.warning)

.fini           0x0000000000025b88       0x14
 *(SORT(.fini))
 .fini          0x0000000000025b88        0xf /usr/lib/gcc/i686-linux-gnu/4.8/../../../i386-linux-gnu/crti.o
                0x0000000000025b88                _fini
 .fini          0x0000000000025b97        0x5 /usr/lib/gcc/i686-linux-gnu/4.8/../../../i386-linux-gnu/crtn.o
                0x0000000000025b9c                PROVIDE (__etext, .)
                0x0000000000025b9c                PROVIDE (_etext, .)
                0x0000000000025b9c                PROVIDE (etext, .)

.rodata         0x0000000000025ba0     0x2398
 *(.rodata .rodata.* .gnu.linkonce.r.*)
 .rodata        0x0000000000025ba0      0x148 udp-server.co
                0x0000000000025bb4                autostart_processes
 .rodata        0x0000000000025ce8      0x1b6 obj_cooja/mtype431.o
 *fill*         0x0000000000025e9e        0x2 
 .rodata        0x0000000000025ea0        0x8 obj_cooja/mtype431.a(beep.o)
                0x0000000000025ea0                beep_interface
 .rodata        0x0000000000025ea8       0x20 obj_cooja/mtype431.a(button-sensor.o)
                0x0000000000025ea8                button_interface
                0x0000000000025eb8                button_sensor
 .rodata        0x0000000000025ec8        0x8 obj_cooja/mtype431.a(leds-arch.o)
                0x0000000000025ec8                leds_interface
 .rodata        0x0000000000025ed0        0x8 obj_cooja/mtype431.a(moteid.o)
                0x0000000000025ed0                moteid_interface
 .rodata        0x0000000000025ed8       0x1c obj_cooja/mtype431.a(pir-sensor.o)
                0x0000000000025ed8                pir_interface
                0x0000000000025ee4                pir_sensor
 .rodata        0x0000000000025ef4        0xe obj_cooja/mtype431.a(rs232.o)
                0x0000000000025ef4                rs232_interface
 *fill*         0x0000000000025f02        0x2 
 .rodata        0x0000000000025f04       0x24 obj_cooja/mtype431.a(vib-sensor.o)
                0x0000000000025f04                vib_interface
                0x0000000000025f18                vib_sensor
 .rodata        0x0000000000025f28        0x8 obj_cooja/mtype431.a(clock.o)
                0x0000000000025f28                clock_interface
 .rodata        0x0000000000025f30        0x8 obj_cooja/mtype431.a(log.o)
                0x0000000000025f30                simlog_interface
 .rodata        0x0000000000025f38       0x2f obj_cooja/mtype431.a(cfs-cooja.o)
                0x0000000000025f38                cfs_interface
 *fill*         0x0000000000025f67       0x19 
 .rodata        0x0000000000025f80      0x120 obj_cooja/mtype431.a(cooja-radio.o)
                0x0000000000026060                cooja_radio_driver
                0x0000000000026098                radio_interface
 .rodata        0x00000000000260a0        0x8 obj_cooja/mtype431.a(eeprom.o)
                0x00000000000260a0                eeprom_interface
 .rodata        0x00000000000260a8        0x8 obj_cooja/mtype431.a(sensors.o)
 .rodata        0x00000000000260b0      0x21d obj_cooja/mtype431.a(dual_conf.o)
 .rodata        0x00000000000262cd        0xf obj_cooja/mtype431.a(ctimer.o)
 .rodata        0x00000000000262dc        0xc obj_cooja/mtype431.a(etimer.o)
 .rodata        0x00000000000262e8        0xe obj_cooja/mtype431.a(serial-line.o)
 *fill*         0x00000000000262f6        0x2 
 .rodata        0x00000000000262f8       0x2c obj_cooja/mtype431.a(sicslowpan.o)
                0x00000000000262f8                unc_llconf
                0x00000000000262fc                unc_ctxconf
                0x0000000000026300                unc_mxconf
                0x0000000000026304                llprefix
                0x0000000000026318                sicslowpan_driver
 .rodata        0x0000000000026324       0x9a obj_cooja/mtype431.a(uip-ds6-nbr.o)
 *fill*         0x00000000000263be        0x2 
 .rodata        0x00000000000263c0      0x13c obj_cooja/mtype431.a(uip6.o)
 .rodata        0x00000000000264fc       0x29 obj_cooja/mtype431.a(tcpip.o)
 .rodata        0x0000000000026525       0x3e obj_cooja/mtype431.a(uip-debug.o)
 *fill*         0x0000000000026563        0x1 
 .rodata        0x0000000000026564      0xc0b obj_cooja/mtype431.a(rpl-dag.o)
 *fill*         0x000000000002716f        0x1 
 .rodata        0x0000000000027170      0x8a4 obj_cooja/mtype431.a(rpl-icmp6.o)
 .rodata        0x0000000000027a14       0x6f obj_cooja/mtype431.a(rpl-mrhof.o)
 *fill*         0x0000000000027a83        0x1 
 .rodata        0x0000000000027a84      0x260 obj_cooja/mtype431.a(rpl-timers.o)
 .rodata        0x0000000000027ce4      0x1be obj_cooja/mtype431.a(rpl.o)
 .rodata        0x0000000000027ea2        0x8 obj_cooja/mtype431.a(linkaddr.o)
                0x0000000000027ea2                linkaddr_null
 *fill*         0x0000000000027eaa        0x2 
 .rodata        0x0000000000027eac       0x24 obj_cooja/mtype431.a(csma.o)
                0x0000000000027eb4                csma_driver
 .rodata        0x0000000000027ed0        0xc obj_cooja/mtype431.a(framer-802154.o)
                0x0000000000027ed0                framer_802154
 *fill*         0x0000000000027edc        0x4 
 .rodata        0x0000000000027ee0       0x40 obj_cooja/mtype431.a(nullrdc.o)
                0x0000000000027f00                nullrdc_driver
 .rodata        0x0000000000027f20       0x18 obj_cooja/mtype431.a(nullsec.o)
                0x0000000000027f28                nullsec_driver

.rodata1
 *(.rodata1)

.eh_frame_hdr   0x0000000000027f38     0x1314
 *(.eh_frame_hdr)
 .eh_frame_hdr  0x0000000000027f38     0x1314 udp-server.co

.eh_frame       0x000000000002924c     0x4dc0
 *(.eh_frame)
 .eh_frame      0x000000000002924c       0x3c /usr/lib/gcc/i686-linux-gnu/4.8/../../../i386-linux-gnu/crti.o
                                         0x40 (size before relaxing)
 .eh_frame      0x0000000000029288       0x68 udp-server.co
                                         0x80 (size before relaxing)
 .eh_frame      0x00000000000292f0      0x148 obj_cooja/mtype431.o
                                        0x160 (size before relaxing)
 .eh_frame      0x0000000000029438       0x40 obj_cooja/mtype431.a(simEnvChange.o)
                                         0x58 (size before relaxing)
 .eh_frame      0x0000000000029478       0xc0 obj_cooja/mtype431.a(cooja_mt.o)
                                         0xd8 (size before relaxing)
 .eh_frame      0x0000000000029538      0x120 obj_cooja/mtype431.a(cooja_mtarch.o)
                                        0x138 (size before relaxing)
 .eh_frame      0x0000000000029658       0xc0 obj_cooja/mtype431.a(rtimer-arch.o)
                                         0xd8 (size before relaxing)
 .eh_frame      0x0000000000029718      0x160 obj_cooja/mtype431.a(beep.o)
                                        0x178 (size before relaxing)
 .eh_frame      0x0000000000029878       0xa0 obj_cooja/mtype431.a(button-sensor.o)
                                         0xb8 (size before relaxing)
 .eh_frame      0x0000000000029918       0xa0 obj_cooja/mtype431.a(leds-arch.o)
                                         0xb8 (size before relaxing)
 .eh_frame      0x00000000000299b8       0x40 obj_cooja/mtype431.a(moteid.o)
                                         0x58 (size before relaxing)
 .eh_frame      0x00000000000299f8       0xa0 obj_cooja/mtype431.a(pir-sensor.o)
                                         0xb8 (size before relaxing)
 .eh_frame      0x0000000000029a98      0x100 obj_cooja/mtype431.a(rs232.o)
                                        0x118 (size before relaxing)
 .eh_frame      0x0000000000029b98       0xa0 obj_cooja/mtype431.a(vib-sensor.o)
                                         0xb8 (size before relaxing)
 .eh_frame      0x0000000000029c38       0xc0 obj_cooja/mtype431.a(clock.o)
                                         0xd8 (size before relaxing)
 .eh_frame      0x0000000000029cf8      0x120 obj_cooja/mtype431.a(log.o)
                                        0x138 (size before relaxing)
 .eh_frame      0x0000000000029e18      0x160 obj_cooja/mtype431.a(cfs-cooja.o)
                                        0x178 (size before relaxing)
 .eh_frame      0x0000000000029f78      0x2e0 obj_cooja/mtype431.a(cooja-radio.o)
                                        0x2f8 (size before relaxing)
 .eh_frame      0x000000000002a258       0xa0 obj_cooja/mtype431.a(eeprom.o)
                                         0xb8 (size before relaxing)
 .eh_frame      0x000000000002a2f8       0x40 obj_cooja/mtype431.a(random.o)
                                         0x58 (size before relaxing)
 .eh_frame      0x000000000002a338       0xc0 obj_cooja/mtype431.a(sensors.o)
                                         0xd8 (size before relaxing)
 .eh_frame      0x000000000002a3f8      0x120 obj_cooja/mtype431.a(dual_conf.o)
                                        0x138 (size before relaxing)
 .eh_frame      0x000000000002a518       0x40 obj_cooja/mtype431.a(autostart.o)
                                         0x58 (size before relaxing)
 .eh_frame      0x000000000002a558      0x100 obj_cooja/mtype431.a(ctimer.o)
                                        0x118 (size before relaxing)
 .eh_frame      0x000000000002a658      0x1e0 obj_cooja/mtype431.a(etimer.o)
                                        0x1f8 (size before relaxing)
 .eh_frame      0x000000000002a838      0x1c8 obj_cooja/mtype431.a(process.o)
                                        0x1e0 (size before relaxing)
 .eh_frame      0x000000000002aa00       0x60 obj_cooja/mtype431.a(rtimer.o)
                                         0x78 (size before relaxing)
 .eh_frame      0x000000000002aa60       0xa4 obj_cooja/mtype431.a(timer.o)
                                         0xbc (size before relaxing)
 .eh_frame      0x000000000002ab04       0x60 obj_cooja/mtype431.a(serial-line.o)
                                         0x78 (size before relaxing)
 .eh_frame      0x000000000002ab64      0x180 obj_cooja/mtype431.a(list.o)
                                        0x198 (size before relaxing)
 .eh_frame      0x000000000002ace4       0xa0 obj_cooja/mtype431.a(ringbuf.o)
                                         0xb8 (size before relaxing)
 .eh_frame      0x000000000002ad84      0x350 obj_cooja/mtype431.a(sicslowpan.o)
                                        0x368 (size before relaxing)
 .eh_frame      0x000000000002b0d4      0x180 obj_cooja/mtype431.a(uip-ds6-nbr.o)
                                        0x198 (size before relaxing)
 .eh_frame      0x000000000002b254      0x3c8 obj_cooja/mtype431.a(uip-ds6.o)
                                        0x3e0 (size before relaxing)
 .eh_frame      0x000000000002b61c      0x27c obj_cooja/mtype431.a(uip6.o)
                                        0x294 (size before relaxing)
 .eh_frame      0x000000000002b898      0x270 obj_cooja/mtype431.a(tcpip.o)
                                        0x288 (size before relaxing)
 .eh_frame      0x000000000002bb08       0x48 obj_cooja/mtype431.a(uip-debug.o)
                                         0x60 (size before relaxing)
 .eh_frame      0x000000000002bb50       0xe0 obj_cooja/mtype431.a(uip-packetqueue)
                                         0xf8 (size before relaxing)
 .eh_frame      0x000000000002bc30      0x674 obj_cooja/mtype431.a(rpl-dag.o)
                                        0x68c (size before relaxing)
 .eh_frame      0x000000000002c2a4      0x10c obj_cooja/mtype431.a(rpl-ext-header.)
                                        0x124 (size before relaxing)
 .eh_frame      0x000000000002c3b0      0x288 obj_cooja/mtype431.a(rpl-icmp6.o)
                                        0x2a0 (size before relaxing)
 .eh_frame      0x000000000002c638       0xe4 obj_cooja/mtype431.a(rpl-mrhof.o)
                                         0xfc (size before relaxing)
 .eh_frame      0x000000000002c71c      0x210 obj_cooja/mtype431.a(rpl-timers.o)
                                        0x228 (size before relaxing)
 .eh_frame      0x000000000002c92c      0x140 obj_cooja/mtype431.a(rpl.o)
                                        0x158 (size before relaxing)
 .eh_frame      0x000000000002ca6c       0x80 obj_cooja/mtype431.a(linkaddr.o)
                                         0x98 (size before relaxing)
 .eh_frame      0x000000000002caec      0x28c obj_cooja/mtype431.a(nbr-table.o)
                                        0x2a4 (size before relaxing)
 .eh_frame      0x000000000002cd78       0x20 obj_cooja/mtype431.a(netstack.o)
                                         0x38 (size before relaxing)
 .eh_frame      0x000000000002cd98      0x214 obj_cooja/mtype431.a(packetbuf.o)
                                        0x22c (size before relaxing)
 .eh_frame      0x000000000002cfac      0x1a0 obj_cooja/mtype431.a(queuebuf.o)
                                        0x1b8 (size before relaxing)
 .eh_frame      0x000000000002d14c      0x28c obj_cooja/mtype431.a(csma.o)
                                        0x2a4 (size before relaxing)
 .eh_frame      0x000000000002d3d8      0x108 obj_cooja/mtype431.a(framer-802154.o)
                                        0x120 (size before relaxing)
 .eh_frame      0x000000000002d4e0       0x20 obj_cooja/mtype431.a(mac.o)
                                         0x38 (size before relaxing)
 .eh_frame      0x000000000002d500      0x16c obj_cooja/mtype431.a(nullrdc.o)
                                        0x184 (size before relaxing)
 .eh_frame      0x000000000002d66c       0x80 obj_cooja/mtype431.a(nullsec.o)
                                         0x98 (size before relaxing)
 .eh_frame      0x000000000002d6ec       0xa0 obj_cooja/mtype431.a(watchdog.o)
                                         0xb8 (size before relaxing)
 .eh_frame      0x000000000002d78c       0xc4 obj_cooja/mtype431.a(stimer.o)
                                         0xdc (size before relaxing)
 .eh_frame      0x000000000002d850       0xa0 obj_cooja/mtype431.a(memb.o)
                                         0xb8 (size before relaxing)
 .eh_frame      0x000000000002d8f0      0x2a0 obj_cooja/mtype431.a(uip-ds6-route.o)
                                        0x2b8 (size before relaxing)
 .eh_frame      0x000000000002db90      0x164 obj_cooja/mtype431.a(uip-icmp6.o)
                                        0x17c (size before relaxing)
 .eh_frame      0x000000000002dcf4       0x68 obj_cooja/mtype431.a(uip-nd6.o)
                                         0x80 (size before relaxing)
 .eh_frame      0x000000000002dd5c       0xc0 obj_cooja/mtype431.a(rpl-nbr-policy.)
                                         0xd8 (size before relaxing)
 .eh_frame      0x000000000002de1c      0x164 obj_cooja/mtype431.a(frame802154.o)
                                        0x17c (size before relaxing)
 .eh_frame      0x000000000002df80       0x88 obj_cooja/mtype431.a(mac-sequence.o)
                                         0xa0 (size before relaxing)
 .eh_frame      0x000000000002e008        0x4 /usr/lib/gcc/i686-linux-gnu/4.8/crtendS.o

.gcc_except_table
 *(.gcc_except_table .gcc_except_table.*)

.exception_ranges
 *(.exception_ranges .exception_ranges*)
                0x000000000002e00c                . = (ALIGN (0x1000) - ((0x1000 - .) & 0xfff))
                0x000000000002fef8                . = DATA_SEGMENT_ALIGN (0x1000, 0x1000)

.eh_frame
 *(.eh_frame)

.gcc_except_table
 *(.gcc_except_table .gcc_except_table.*)

.exception_ranges
 *(.exception_ranges .exception_ranges*)

.tdata
 *(.tdata .tdata.* .gnu.linkonce.td.*)

.tbss
 *(.tbss .tbss.* .gnu.linkonce.tb.*)
 *(.tcommon)

.preinit_array
 *(.preinit_array)

.init_array     0x000000000002fef8        0x4
 *(SORT(.init_array.*) SORT(.ctors.*))
 *(.init_array EXCLUDE_FILE(*crtend?.o *crtend.o *crtbegin?.o *crtbegin.o) .ctors)
 .init_array    0x000000000002fef8        0x4 /usr/lib/gcc/i686-linux-gnu/4.8/crtbeginS.o

.fini_array     0x000000000002fefc        0x4
 *(SORT(.fini_array.*) SORT(.dtors.*))
 *(.fini_array EXCLUDE_FILE(*crtend?.o *crtend.o *crtbegin?.o *crtbegin.o) .dtors)
 .fini_array    0x000000000002fefc        0x4 /usr/lib/gcc/i686-linux-gnu/4.8/crtbeginS.o

.ctors
 *crtbegin.o(.ctors)
 *crtbegin?.o(.ctors)
 *(EXCLUDE_FILE(*crtend?.o *crtend.o) .ctors)
 *(SORT(.ctors.*))
 *(.ctors)

.dtors
 *crtbegin.o(.dtors)
 *crtbegin?.o(.dtors)
 *(EXCLUDE_FILE(*crtend?.o *crtend.o) .dtors)
 *(SORT(.dtors.*))
 *(.dtors)

.jcr            0x000000000002ff00        0x4
 *(.jcr)
 .jcr           0x000000000002ff00        0x0 /usr/lib/gcc/i686-linux-gnu/4.8/crtbeginS.o
 .jcr           0x000000000002ff00        0x4 /usr/lib/gcc/i686-linux-gnu/4.8/crtendS.o

.data.rel.ro
 *(.data.rel.ro.local* .gnu.linkonce.d.rel.ro.local.*)
 *(.data.rel.ro .data.rel.ro.* .gnu.linkonce.d.rel.ro.*)

.dynamic        0x000000000002ff04       0xe8
 *(.dynamic)
 .dynamic       0x000000000002ff04       0xe8 /usr/lib/gcc/i686-linux-gnu/4.8/../../../i386-linux-gnu/crti.o
                0x000000000002ff04                _DYNAMIC

.got            0x000000000002ffec       0x14
 *(.got)
 .got           0x000000000002ffec       0x14 /usr/lib/gcc/i686-linux-gnu/4.8/../../../i386-linux-gnu/crti.o
 *(.igot)
                0x0000000000030ff4                . = DATA_SEGMENT_RELRO_END (., (SIZEOF (.got.plt) >= 0xc)?0xc:0x0)

.got.plt        0x0000000000030000       0x14
 *(.got.plt)
 .got.plt       0x0000000000030000       0x14 /usr/lib/gcc/i686-linux-gnu/4.8/../../../i386-linux-gnu/crti.o
                0x0000000000030000                _GLOBAL_OFFSET_TABLE_
 *(.igot.plt)

.data           0x0000000000030020      0x246
 *(.data .data.* .gnu.linkonce.d.*)
 .data          0x0000000000030020        0x0 /usr/lib/gcc/i686-linux-gnu/4.8/../../../i386-linux-gnu/crti.o
 .data          0x0000000000030020        0x0 /usr/lib/gcc/i686-linux-gnu/4.8/crtbeginS.o
 .data.rel      0x0000000000030020        0x4 /usr/lib/gcc/i686-linux-gnu/4.8/crtbeginS.o
                0x0000000000030020                __dso_handle
 .data          0x0000000000030024       0x10 udp-server.co
                0x0000000000030024                udp_server_process
 *fill*         0x0000000000030034        0xc 
 .data          0x0000000000030040       0x44 obj_cooja/mtype431.o
                0x0000000000030040                simInterfaces
                0x0000000000030074                sensors
 .data          0x0000000000030084        0x0 obj_cooja/mtype431.a(simEnvChange.o)
 .data          0x0000000000030084        0x0 obj_cooja/mtype431.a(cooja_mt.o)
 .data          0x0000000000030084        0x0 obj_cooja/mtype431.a(cooja_mtarch.o)
 .data          0x0000000000030084        0x0 obj_cooja/mtype431.a(rtimer-arch.o)
 .data          0x0000000000030084        0x0 obj_cooja/mtype431.a(beep.o)
 .data          0x0000000000030084        0x0 obj_cooja/mtype431.a(button-sensor.o)
 .data          0x0000000000030084        0x0 obj_cooja/mtype431.a(leds-arch.o)
 .data          0x0000000000030084        0x0 obj_cooja/mtype431.a(moteid.o)
 .data          0x0000000000030084        0x0 obj_cooja/mtype431.a(pir-sensor.o)
 .data          0x0000000000030084        0x0 obj_cooja/mtype431.a(rs232.o)
 .data          0x0000000000030084        0x0 obj_cooja/mtype431.a(vib-sensor.o)
 .data          0x0000000000030084        0x0 obj_cooja/mtype431.a(clock.o)
 .data          0x0000000000030084        0x0 obj_cooja/mtype431.a(log.o)
 .data          0x0000000000030084        0x0 obj_cooja/mtype431.a(cfs-cooja.o)
 .data          0x0000000000030084       0x2c obj_cooja/mtype431.a(cooja-radio.o)
                0x0000000000030084                simRadioHWOn
                0x0000000000030088                simSignalStrength
                0x000000000003008c                simLastSignalStrength
                0x0000000000030090                simPower
                0x0000000000030094                simRadioChannel
                0x0000000000030098                simRadioChannelLR
                0x000000000003009c                simLQI
                0x00000000000300a0                cooja_radio_process
 .data          0x00000000000300b0        0x0 obj_cooja/mtype431.a(eeprom.o)
 .data          0x00000000000300b0        0x0 obj_cooja/mtype431.a(random.o)
 .data          0x00000000000300b0       0x10 obj_cooja/mtype431.a(sensors.o)
                0x00000000000300b0                sensors_process
 .data          0x00000000000300c0       0x24 obj_cooja/mtype431.a(dual_conf.o)
                0x00000000000300c0                radio_received
                0x00000000000300c4                dual_dio_broadcast
                0x00000000000300d4                dual_dis_broadcast
 .data          0x00000000000300e4        0x0 obj_cooja/mtype431.a(autostart.o)
 .data          0x00000000000300e4       0x14 obj_cooja/mtype431.a(ctimer.o)
                0x00000000000300e8                ctimer_process
 .data          0x00000000000300f8       0x10 obj_cooja/mtype431.a(etimer.o)
                0x00000000000300f8                etimer_process
 .data          0x0000000000030108        0x0 obj_cooja/mtype431.a(process.o)
 .data          0x0000000000030108        0x0 obj_cooja/mtype431.a(rtimer.o)
 .data          0x0000000000030108        0x0 obj_cooja/mtype431.a(timer.o)
 .data          0x0000000000030108       0x10 obj_cooja/mtype431.a(serial-line.o)
                0x0000000000030108                serial_line_process
 .data          0x0000000000030118        0x0 obj_cooja/mtype431.a(list.o)
 .data          0x0000000000030118        0x0 obj_cooja/mtype431.a(ringbuf.o)
 .data          0x0000000000030118        0x0 obj_cooja/mtype431.a(sicslowpan.o)
 .data          0x0000000000030118       0x14 obj_cooja/mtype431.a(uip-ds6-nbr.o)
                0x0000000000030128                ds6_neighbors
 .data          0x000000000003012c        0x0 obj_cooja/mtype431.a(uip-ds6.o)
 .data          0x000000000003012c        0x0 obj_cooja/mtype431.a(uip6.o)
 .data          0x000000000003012c       0x10 obj_cooja/mtype431.a(tcpip.o)
                0x000000000003012c                tcpip_process
 .data          0x000000000003013c        0x0 obj_cooja/mtype431.a(uip-debug.o)
 .data          0x000000000003013c        0xc obj_cooja/mtype431.a(uip-packetqueue)
 .data          0x0000000000030148       0x14 obj_cooja/mtype431.a(rpl-dag.o)
                0x0000000000030158                rpl_parents
 .data          0x000000000003015c        0x0 obj_cooja/mtype431.a(rpl-ext-header.)
 .data          0x000000000003015c       0x34 obj_cooja/mtype431.a(rpl-icmp6.o)
 .data          0x0000000000030190       0x1c obj_cooja/mtype431.a(rpl-mrhof.o)
                0x0000000000030190                rpl_mrhof
 .data          0x00000000000301ac        0x0 obj_cooja/mtype431.a(rpl-timers.o)
 .data          0x00000000000301ac        0x0 obj_cooja/mtype431.a(rpl.o)
 .data          0x00000000000301ac        0x0 obj_cooja/mtype431.a(linkaddr.o)
 .data          0x00000000000301ac       0x10 obj_cooja/mtype431.a(nbr-table.o)
 .data          0x00000000000301bc        0x0 obj_cooja/mtype431.a(netstack.o)
 .data          0x00000000000301bc        0x4 obj_cooja/mtype431.a(packetbuf.o)
 .data          0x00000000000301c0       0x18 obj_cooja/mtype431.a(queuebuf.o)
 .data          0x00000000000301d8       0x28 obj_cooja/mtype431.a(csma.o)
 .data          0x0000000000030200        0x0 obj_cooja/mtype431.a(framer-802154.o)
 .data          0x0000000000030200        0x0 obj_cooja/mtype431.a(mac.o)
 .data          0x0000000000030200        0x0 obj_cooja/mtype431.a(nullrdc.o)
 .data          0x0000000000030200        0x0 obj_cooja/mtype431.a(nullsec.o)
 .data          0x0000000000030200        0x0 obj_cooja/mtype431.a(watchdog.o)
 .data          0x0000000000030200        0x0 obj_cooja/mtype431.a(rimestats.o)
 .data          0x0000000000030200        0x0 obj_cooja/mtype431.a(stimer.o)
 .data          0x0000000000030200        0x0 obj_cooja/mtype431.a(memb.o)
 .data          0x0000000000030200       0x44 obj_cooja/mtype431.a(uip-ds6-route.o)
                0x0000000000030210                nbr_routes
 .data          0x0000000000030244       0x20 obj_cooja/mtype431.a(uip-icmp6.o)
 .data          0x0000000000030264        0x0 obj_cooja/mtype431.a(uip-nd6.o)
 .data          0x0000000000030264        0x0 obj_cooja/mtype431.a(rpl-nbr-policy.)
 .data          0x0000000000030264        0x2 obj_cooja/mtype431.a(frame802154.o)
 .data          0x0000000000030266        0x0 obj_cooja/mtype431.a(mac-sequence.o)
 .data          0x0000000000030266        0x0 /usr/lib/gcc/i686-linux-gnu/4.8/crtendS.o
 .data          0x0000000000030266        0x0 /usr/lib/gcc/i686-linux-gnu/4.8/../../../i386-linux-gnu/crtn.o

.tm_clone_table
                0x0000000000030268        0x0
 .tm_clone_table
                0x0000000000030268        0x0 /usr/lib/gcc/i686-linux-gnu/4.8/crtbeginS.o
 .tm_clone_table
                0x0000000000030268        0x0 /usr/lib/gcc/i686-linux-gnu/4.8/crtendS.o

.data1
 *(.data1)
                0x0000000000030268                _edata = .
                0x0000000000030268                PROVIDE (edata, .)
                0x0000000000030268                . = .
                0x0000000000030268                __bss_start = .

.bss            0x0000000000030280     0x8288
 *(.dynbss)
 .dynbss        0x0000000000000000        0x0 /usr/lib/gcc/i686-linux-gnu/4.8/../../../i386-linux-gnu/crti.o
 *(.bss .bss.* .gnu.linkonce.b.*)
 .bss           0x0000000000030280        0x0 /usr/lib/gcc/i686-linux-gnu/4.8/../../../i386-linux-gnu/crti.o
 .bss           0x0000000000030280        0x1 /usr/lib/gcc/i686-linux-gnu/4.8/crtbeginS.o
 *fill*         0x0000000000030281        0x3 
 .bss           0x0000000000030284        0x4 udp-server.co
 *fill*         0x0000000000030288       0x18 
 .bss           0x00000000000302a0     0x2030 obj_cooja/mtype431.o
 .bss           0x00000000000322d0        0x1 obj_cooja/mtype431.a(simEnvChange.o)
                0x00000000000322d0                simDontFallAsleep
 *fill*         0x00000000000322d1        0x3 
 .bss           0x00000000000322d4        0x4 obj_cooja/mtype431.a(cooja_mt.o)
 .bss           0x00000000000322d8        0x4 obj_cooja/mtype431.a(cooja_mtarch.o)
 .bss           0x00000000000322dc        0xc obj_cooja/mtype431.a(rtimer-arch.o)
 .bss           0x00000000000322e8        0x0 obj_cooja/mtype431.a(beep.o)
 .bss           0x00000000000322e8        0x8 obj_cooja/mtype431.a(button-sensor.o)
 .bss           0x00000000000322f0        0x0 obj_cooja/mtype431.a(leds-arch.o)
 .bss           0x00000000000322f0        0x0 obj_cooja/mtype431.a(moteid.o)
 .bss           0x00000000000322f0        0x1 obj_cooja/mtype431.a(pir-sensor.o)
                0x00000000000322f0                simPirValue
 *fill*         0x00000000000322f1        0x3 
 .bss           0x00000000000322f4        0x4 obj_cooja/mtype431.a(rs232.o)
 .bss           0x00000000000322f8        0x1 obj_cooja/mtype431.a(vib-sensor.o)
                0x00000000000322f8                simVibValue
 .bss           0x00000000000322f9        0x0 obj_cooja/mtype431.a(clock.o)
 *fill*         0x00000000000322f9        0x7 
 .bss           0x0000000000032300      0x420 obj_cooja/mtype431.a(log.o)
 .bss           0x0000000000032720      0xfc0 obj_cooja/mtype431.a(cfs-cooja.o)
                0x0000000000032720                simCFSData
                0x00000000000336c0                simCFSSize
                0x00000000000336c4                simCFSChanged
                0x00000000000336c8                simCFSRead
                0x00000000000336cc                simCFSWritten
 .bss           0x00000000000336e0       0x20 obj_cooja/mtype431.a(cooja-radio.o)
                0x00000000000336e0                simReceiving
                0x00000000000336e1                simReceivingLR
                0x00000000000336e4                simInSize
                0x00000000000336e8                simInSizeLR
                0x00000000000336ec                simOutSize
                0x00000000000336f0                simOutSizeLR
                0x00000000000336f4                LongRangeTransmit
                0x00000000000336f8                LongRangeReceiving
 .bss           0x0000000000033700        0xc obj_cooja/mtype431.a(eeprom.o)
                0x0000000000033700                simEEPROMChanged
                0x0000000000033704                simEEPROMRead
                0x0000000000033708                simEEPROMWritten
 .bss           0x000000000003370c        0x0 obj_cooja/mtype431.a(random.o)
 .bss           0x000000000003370c        0xc obj_cooja/mtype431.a(sensors.o)
 .bss           0x0000000000033718       0x28 obj_cooja/mtype431.a(dual_conf.o)
                0x0000000000033718                long_range_radio
 .bss           0x0000000000033740        0x0 obj_cooja/mtype431.a(autostart.o)
 .bss           0x0000000000033740        0x5 obj_cooja/mtype431.a(ctimer.o)
 *fill*         0x0000000000033745        0x3 
 .bss           0x0000000000033748        0x8 obj_cooja/mtype431.a(etimer.o)
 *fill*         0x0000000000033750       0x10 
 .bss           0x0000000000033760      0x1b1 obj_cooja/mtype431.a(process.o)
                0x0000000000033760                process_list
                0x0000000000033764                process_current
 *fill*         0x0000000000033911        0x3 
 .bss           0x0000000000033914        0x4 obj_cooja/mtype431.a(rtimer.o)
 .bss           0x0000000000033918        0x0 obj_cooja/mtype431.a(timer.o)
 *fill*         0x0000000000033918        0x8 
 .bss           0x0000000000033920      0x140 obj_cooja/mtype431.a(serial-line.o)
 .bss           0x0000000000033a60        0x0 obj_cooja/mtype431.a(list.o)
 .bss           0x0000000000033a60        0x0 obj_cooja/mtype431.a(ringbuf.o)
 .bss           0x0000000000033a60      0x70c obj_cooja/mtype431.a(sicslowpan.o)
 *fill*         0x000000000003416c       0x14 
 .bss           0x0000000000034180      0x164 obj_cooja/mtype431.a(uip-ds6-nbr.o)
 .bss           0x00000000000342e4       0x30 obj_cooja/mtype431.a(uip-ds6.o)
 .bss           0x0000000000034314        0xe obj_cooja/mtype431.a(uip6.o)
                0x0000000000034314                uip_ext_bitmap
                0x0000000000034315                uip_ext_len
                0x0000000000034316                uip_ext_opt_offset
 *fill*         0x0000000000034322       0x1e 
 .bss           0x0000000000034340       0x6a obj_cooja/mtype431.a(tcpip.o)
 .bss           0x00000000000343aa        0x0 obj_cooja/mtype431.a(uip-debug.o)
 *fill*         0x00000000000343aa       0x16 
 .bss           0x00000000000343c0      0xcf8 obj_cooja/mtype431.a(uip-packetqueue)
 *fill*         0x00000000000350b8        0x8 
 .bss           0x00000000000350c0       0xa0 obj_cooja/mtype431.a(rpl-dag.o)
 .bss           0x0000000000035160        0x0 obj_cooja/mtype431.a(rpl-ext-header.)
 .bss           0x0000000000035160        0x0 obj_cooja/mtype431.a(rpl-icmp6.o)
 .bss           0x0000000000035160        0x0 obj_cooja/mtype431.a(rpl-mrhof.o)
 .bss           0x0000000000035160       0x23 obj_cooja/mtype431.a(rpl-timers.o)
 *fill*         0x0000000000035183        0x1 
 .bss           0x0000000000035184        0x4 obj_cooja/mtype431.a(rpl.o)
 .bss           0x0000000000035188        0x0 obj_cooja/mtype431.a(linkaddr.o)
 *fill*         0x0000000000035188       0x18 
 .bss           0x00000000000351a0       0xdc obj_cooja/mtype431.a(nbr-table.o)
 .bss           0x000000000003527c        0x0 obj_cooja/mtype431.a(netstack.o)
 *fill*         0x000000000003527c        0x4 
 .bss           0x0000000000035280       0xa0 obj_cooja/mtype431.a(packetbuf.o)
 .bss           0x0000000000035320      0xb80 obj_cooja/mtype431.a(queuebuf.o)
 .bss           0x0000000000035ea0      0x248 obj_cooja/mtype431.a(csma.o)
 .bss           0x00000000000360e8        0x2 obj_cooja/mtype431.a(framer-802154.o)
 .bss           0x00000000000360ea        0x0 obj_cooja/mtype431.a(mac.o)
 .bss           0x00000000000360ea        0x0 obj_cooja/mtype431.a(nullrdc.o)
 .bss           0x00000000000360ea        0x0 obj_cooja/mtype431.a(nullsec.o)
 .bss           0x00000000000360ea        0x0 obj_cooja/mtype431.a(watchdog.o)
 .bss           0x00000000000360ea        0x0 obj_cooja/mtype431.a(rimestats.o)
 .bss           0x00000000000360ea        0x0 obj_cooja/mtype431.a(stimer.o)
 .bss           0x00000000000360ea        0x0 obj_cooja/mtype431.a(memb.o)
 *fill*         0x00000000000360ea       0x16 
 .bss           0x0000000000036100      0x2a8 obj_cooja/mtype431.a(uip-ds6-route.o)
 .bss           0x00000000000363a8       0x18 obj_cooja/mtype431.a(uip-icmp6.o)
 .bss           0x00000000000363c0        0x0 obj_cooja/mtype431.a(uip-nd6.o)
 .bss           0x00000000000363c0       0x44 obj_cooja/mtype431.a(rpl-nbr-policy.)
 .bss           0x0000000000036404        0x0 obj_cooja/mtype431.a(frame802154.o)
 *fill*         0x0000000000036404       0x1c 
 .bss           0x0000000000036420       0x90 obj_cooja/mtype431.a(mac-sequence.o)
 .bss           0x00000000000364b0        0x0 /usr/lib/gcc/i686-linux-gnu/4.8/crtendS.o
 .bss           0x00000000000364b0        0x0 /usr/lib/gcc/i686-linux-gnu/4.8/../../../i386-linux-gnu/crtn.o
 *(COMMON)
 COMMON         0x00000000000364b0        0x8 obj_cooja/mtype431.o
                0x00000000000364b0                referenceVar
                0x00000000000364b4                sensors_flags
 COMMON         0x00000000000364b8        0xc obj_cooja/mtype431.a(simEnvChange.o)
                0x00000000000364b8                simEtimerPending
                0x00000000000364bc                simProcessRunValue
                0x00000000000364c0                simNextExpirationTime
 COMMON         0x00000000000364c4        0x1 obj_cooja/mtype431.a(beep.o)
                0x00000000000364c4                simBeeped
 COMMON         0x00000000000364c5        0x3 obj_cooja/mtype431.a(button-sensor.o)
                0x00000000000364c5                simButtonIsActive
                0x00000000000364c6                simButtonIsDown
                0x00000000000364c7                simButtonChanged
 COMMON         0x00000000000364c8        0x1 obj_cooja/mtype431.a(leds-arch.o)
                0x00000000000364c8                simLedsValue
 *fill*         0x00000000000364c9        0x3 
 COMMON         0x00000000000364cc        0xc obj_cooja/mtype431.a(moteid.o)
                0x00000000000364cc                simRandomSeed
                0x00000000000364d0                simMoteIDChanged
                0x00000000000364d4                simMoteID
 COMMON         0x00000000000364d8        0x2 obj_cooja/mtype431.a(pir-sensor.o)
                0x00000000000364d8                simPirIsActive
                0x00000000000364d9                simPirChanged
 *fill*         0x00000000000364da        0x6 
 COMMON         0x00000000000364e0      0x820 obj_cooja/mtype431.a(rs232.o)
                0x00000000000364e0                simSerialReceivingFlag
                0x00000000000364e4                simSerialReceivingLength
                0x0000000000036500                simSerialReceivingData
 COMMON         0x0000000000036d00        0x2 obj_cooja/mtype431.a(vib-sensor.o)
                0x0000000000036d00                simVibChanged
                0x0000000000036d01                simVibIsActive
 *fill*         0x0000000000036d02        0x2 
 COMMON         0x0000000000036d04        0x4 obj_cooja/mtype431.a(clock.o)
                0x0000000000036d04                simCurrentTime
 *fill*         0x0000000000036d08       0x18 
 COMMON         0x0000000000036d20      0x420 obj_cooja/mtype431.a(log.o)
                0x0000000000036d20                simLoggedLength
                0x0000000000036d24                simLoggedFlag
                0x0000000000036d40                simLoggedData
 COMMON         0x0000000000037140      0x200 obj_cooja/mtype431.a(cooja-radio.o)
                0x0000000000037140                simOutDataBuffer
                0x00000000000371c0                simInDataBufferLR
                0x0000000000037240                simOutDataBufferLR
                0x00000000000372c0                simInDataBuffer
 COMMON         0x0000000000037340      0x400 obj_cooja/mtype431.a(eeprom.o)
                0x0000000000037340                simEEPROMData
 COMMON         0x0000000000037740        0x1 obj_cooja/mtype431.a(sensors.o)
                0x0000000000037740                sensors_event
 COMMON         0x0000000000037741        0x1 obj_cooja/mtype431.a(serial-line.o)
                0x0000000000037741                serial_line_event_message
 *fill*         0x0000000000037742       0x1e 
 COMMON         0x0000000000037760      0x298 obj_cooja/mtype431.a(uip-ds6.o)
                0x0000000000037760                uip_ds6_prefix_list
                0x00000000000377c0                uip_ds6_timer_periodic
                0x00000000000377d0                uip_ds6_netif_addr_list_offset
                0x00000000000377e0                uip_ds6_if
                0x00000000000378d8                uip_ds6_timer_ra
                0x00000000000378e0                uip_ds6_addr_size
                0x0000000000037900                long_uip_ds6_if
 *fill*         0x00000000000379f8        0x8 
 COMMON         0x0000000000037a00      0x8ec obj_cooja/mtype431.a(uip6.o)
                0x0000000000037a00                uip_slen
                0x0000000000037a02                uip_acc32
                0x0000000000037a20                uip_conns
                0x0000000000037ae0                uip_lladdr
                0x0000000000037ae8                uip_appdata
                0x0000000000037aec                uip_flags
                0x0000000000037b00                uip_aligned_buf
                0x0000000000038140                uip_listenports
                0x0000000000038150                uip_len
                0x0000000000038152                uip_long_lladdr
                0x000000000003815c                uip_sappdata
                0x0000000000038160                uip_udp_conns
                0x00000000000382e0                uip_udp_conn
                0x00000000000382e4                uip_next_hdr
                0x00000000000382e8                uip_conn
 COMMON         0x00000000000382ec        0x1 obj_cooja/mtype431.a(tcpip.o)
                0x00000000000382ec                tcpip_event
 *fill*         0x00000000000382ed       0x13 
 COMMON         0x0000000000038300      0x170 obj_cooja/mtype431.a(rpl-dag.o)
                0x0000000000038300                default_instance
                0x0000000000038320                instance_table
 COMMON         0x0000000000038470       0x10 obj_cooja/mtype431.a(linkaddr.o)
                0x0000000000038470                linkaddr_node_addr
                0x0000000000038478                long_linkaddr_node_addr
 COMMON         0x0000000000038480       0x2e obj_cooja/mtype431.a(packetbuf.o)
                0x0000000000038480                packetbuf_attrs
                0x000000000003849e                packetbuf_addrs
 *fill*         0x00000000000384ae       0x12 
 COMMON         0x00000000000384c0       0x48 obj_cooja/mtype431.a(rimestats.o)
                0x00000000000384c0                rimestats
                0x0000000000038508                . = ALIGN ((. != 0x0)?0x4:0x1)
                0x0000000000038508                . = ALIGN (0x4)
                0x0000000000038508                . = SEGMENT_START ("ldata-segment", .)
                0x0000000000038508                . = ALIGN (0x4)
                0x0000000000038508                _end = .
                0x0000000000038508                PROVIDE (end, .)
                0x0000000000038508                . = DATA_SEGMENT_END (.)

.stab
 *(.stab)

.stabstr
 *(.stabstr)

.stab.excl
 *(.stab.excl)

.stab.exclstr
 *(.stab.exclstr)

.stab.index
 *(.stab.index)

.stab.indexstr
 *(.stab.indexstr)

.comment        0x0000000000000000       0x2b
 *(.comment)
 .comment       0x0000000000000000       0x2b /usr/lib/gcc/i686-linux-gnu/4.8/crtbeginS.o
                                         0x2c (size before relaxing)
 .comment       0x0000000000000000       0x2c udp-server.co
 .comment       0x0000000000000000       0x2c obj_cooja/mtype431.o
 .comment       0x0000000000000000       0x2c obj_cooja/mtype431.a(simEnvChange.o)
 .comment       0x0000000000000000       0x2c obj_cooja/mtype431.a(cooja_mt.o)
 .comment       0x0000000000000000       0x2c obj_cooja/mtype431.a(cooja_mtarch.o)
 .comment       0x0000000000000000       0x2c obj_cooja/mtype431.a(rtimer-arch.o)
 .comment       0x0000000000000000       0x2c obj_cooja/mtype431.a(beep.o)
 .comment       0x0000000000000000       0x2c obj_cooja/mtype431.a(button-sensor.o)
 .comment       0x0000000000000000       0x2c obj_cooja/mtype431.a(leds-arch.o)
 .comment       0x0000000000000000       0x2c obj_cooja/mtype431.a(moteid.o)
 .comment       0x0000000000000000       0x2c obj_cooja/mtype431.a(pir-sensor.o)
 .comment       0x0000000000000000       0x2c obj_cooja/mtype431.a(rs232.o)
 .comment       0x0000000000000000       0x2c obj_cooja/mtype431.a(vib-sensor.o)
 .comment       0x0000000000000000       0x2c obj_cooja/mtype431.a(clock.o)
 .comment       0x0000000000000000       0x2c obj_cooja/mtype431.a(log.o)
 .comment       0x0000000000000000       0x2c obj_cooja/mtype431.a(cfs-cooja.o)
 .comment       0x0000000000000000       0x2c obj_cooja/mtype431.a(cooja-radio.o)
 .comment       0x0000000000000000       0x2c obj_cooja/mtype431.a(eeprom.o)
 .comment       0x0000000000000000       0x2c obj_cooja/mtype431.a(random.o)
 .comment       0x0000000000000000       0x2c obj_cooja/mtype431.a(sensors.o)
 .comment       0x0000000000000000       0x2c obj_cooja/mtype431.a(dual_conf.o)
 .comment       0x0000000000000000       0x2c obj_cooja/mtype431.a(autostart.o)
 .comment       0x0000000000000000       0x2c obj_cooja/mtype431.a(ctimer.o)
 .comment       0x0000000000000000       0x2c obj_cooja/mtype431.a(etimer.o)
 .comment       0x0000000000000000       0x2c obj_cooja/mtype431.a(process.o)
 .comment       0x0000000000000000       0x2c obj_cooja/mtype431.a(rtimer.o)
 .comment       0x0000000000000000       0x2c obj_cooja/mtype431.a(timer.o)
 .comment       0x0000000000000000       0x2c obj_cooja/mtype431.a(serial-line.o)
 .comment       0x0000000000000000       0x2c obj_cooja/mtype431.a(list.o)
 .comment       0x0000000000000000       0x2c obj_cooja/mtype431.a(ringbuf.o)
 .comment       0x0000000000000000       0x2c obj_cooja/mtype431.a(sicslowpan.o)
 .comment       0x0000000000000000       0x2c obj_cooja/mtype431.a(uip-ds6-nbr.o)
 .comment       0x0000000000000000       0x2c obj_cooja/mtype431.a(uip-ds6.o)
 .comment       0x0000000000000000       0x2c obj_cooja/mtype431.a(uip6.o)
 .comment       0x0000000000000000       0x2c obj_cooja/mtype431.a(tcpip.o)
 .comment       0x0000000000000000       0x2c obj_cooja/mtype431.a(uip-debug.o)
 .comment       0x0000000000000000       0x2c obj_cooja/mtype431.a(uip-packetqueue)
 .comment       0x0000000000000000       0x2c obj_cooja/mtype431.a(rpl-dag.o)
 .comment       0x0000000000000000       0x2c obj_cooja/mtype431.a(rpl-ext-header.)
 .comment       0x0000000000000000       0x2c obj_cooja/mtype431.a(rpl-icmp6.o)
 .comment       0x0000000000000000       0x2c obj_cooja/mtype431.a(rpl-mrhof.o)
 .comment       0x0000000000000000       0x2c obj_cooja/mtype431.a(rpl-timers.o)
 .comment       0x0000000000000000       0x2c obj_cooja/mtype431.a(rpl.o)
 .comment       0x0000000000000000       0x2c obj_cooja/mtype431.a(linkaddr.o)
 .comment       0x0000000000000000       0x2c obj_cooja/mtype431.a(nbr-table.o)
 .comment       0x0000000000000000       0x2c obj_cooja/mtype431.a(netstack.o)
 .comment       0x0000000000000000       0x2c obj_cooja/mtype431.a(packetbuf.o)
 .comment       0x0000000000000000       0x2c obj_cooja/mtype431.a(queuebuf.o)
 .comment       0x0000000000000000       0x2c obj_cooja/mtype431.a(csma.o)
 .comment       0x0000000000000000       0x2c obj_cooja/mtype431.a(framer-802154.o)
 .comment       0x0000000000000000       0x2c obj_cooja/mtype431.a(mac.o)
 .comment       0x0000000000000000       0x2c obj_cooja/mtype431.a(nullrdc.o)
 .comment       0x0000000000000000       0x2c obj_cooja/mtype431.a(nullsec.o)
 .comment       0x0000000000000000       0x2c obj_cooja/mtype431.a(watchdog.o)
 .comment       0x0000000000000000       0x2c obj_cooja/mtype431.a(rimestats.o)
 .comment       0x0000000000000000       0x2c obj_cooja/mtype431.a(stimer.o)
 .comment       0x0000000000000000       0x2c obj_cooja/mtype431.a(memb.o)
 .comment       0x0000000000000000       0x2c obj_cooja/mtype431.a(uip-ds6-route.o)
 .comment       0x0000000000000000       0x2c obj_cooja/mtype431.a(uip-icmp6.o)
 .comment       0x0000000000000000       0x2c obj_cooja/mtype431.a(uip-nd6.o)
 .comment       0x0000000000000000       0x2c obj_cooja/mtype431.a(rpl-nbr-policy.)
 .comment       0x0000000000000000       0x2c obj_cooja/mtype431.a(frame802154.o)
 .comment       0x0000000000000000       0x2c obj_cooja/mtype431.a(mac-sequence.o)
 .comment       0x0000000000000000       0x2c /usr/lib/gcc/i686-linux-gnu/4.8/crtendS.o

.debug
 *(.debug)

.line
 *(.line)

.debug_srcinfo
 *(.debug_srcinfo)

.debug_sfnames
 *(.debug_sfnames)

.debug_aranges  0x0000000000000000      0x7d8
 *(.debug_aranges)
 .debug_aranges
                0x0000000000000000       0x20 udp-server.co
 .debug_aranges
                0x0000000000000020       0x20 obj_cooja/mtype431.o
 .debug_aranges
                0x0000000000000040       0x20 obj_cooja/mtype431.a(simEnvChange.o)
 .debug_aranges
                0x0000000000000060       0x20 obj_cooja/mtype431.a(cooja_mt.o)
 .debug_aranges
                0x0000000000000080       0x20 obj_cooja/mtype431.a(cooja_mtarch.o)
 .debug_aranges
                0x00000000000000a0       0x20 obj_cooja/mtype431.a(rtimer-arch.o)
 .debug_aranges
                0x00000000000000c0       0x20 obj_cooja/mtype431.a(beep.o)
 .debug_aranges
                0x00000000000000e0       0x20 obj_cooja/mtype431.a(button-sensor.o)
 .debug_aranges
                0x0000000000000100       0x20 obj_cooja/mtype431.a(leds-arch.o)
 .debug_aranges
                0x0000000000000120       0x20 obj_cooja/mtype431.a(moteid.o)
 .debug_aranges
                0x0000000000000140       0x20 obj_cooja/mtype431.a(pir-sensor.o)
 .debug_aranges
                0x0000000000000160       0x20 obj_cooja/mtype431.a(rs232.o)
 .debug_aranges
                0x0000000000000180       0x20 obj_cooja/mtype431.a(vib-sensor.o)
 .debug_aranges
                0x00000000000001a0       0x20 obj_cooja/mtype431.a(clock.o)
 .debug_aranges
                0x00000000000001c0       0x20 obj_cooja/mtype431.a(log.o)
 .debug_aranges
                0x00000000000001e0       0x20 obj_cooja/mtype431.a(cfs-cooja.o)
 .debug_aranges
                0x0000000000000200       0x20 obj_cooja/mtype431.a(cooja-radio.o)
 .debug_aranges
                0x0000000000000220       0x20 obj_cooja/mtype431.a(eeprom.o)
 .debug_aranges
                0x0000000000000240       0x20 obj_cooja/mtype431.a(random.o)
 .debug_aranges
                0x0000000000000260       0x20 obj_cooja/mtype431.a(sensors.o)
 .debug_aranges
                0x0000000000000280       0x20 obj_cooja/mtype431.a(dual_conf.o)
 .debug_aranges
                0x00000000000002a0       0x20 obj_cooja/mtype431.a(autostart.o)
 .debug_aranges
                0x00000000000002c0       0x20 obj_cooja/mtype431.a(ctimer.o)
 .debug_aranges
                0x00000000000002e0       0x20 obj_cooja/mtype431.a(etimer.o)
 .debug_aranges
                0x0000000000000300       0x20 obj_cooja/mtype431.a(process.o)
 .debug_aranges
                0x0000000000000320       0x20 obj_cooja/mtype431.a(rtimer.o)
 .debug_aranges
                0x0000000000000340       0x20 obj_cooja/mtype431.a(timer.o)
 .debug_aranges
                0x0000000000000360       0x20 obj_cooja/mtype431.a(serial-line.o)
 .debug_aranges
                0x0000000000000380       0x20 obj_cooja/mtype431.a(list.o)
 .debug_aranges
                0x00000000000003a0       0x20 obj_cooja/mtype431.a(ringbuf.o)
 .debug_aranges
                0x00000000000003c0       0x20 obj_cooja/mtype431.a(sicslowpan.o)
 .debug_aranges
                0x00000000000003e0       0x20 obj_cooja/mtype431.a(uip-ds6-nbr.o)
 .debug_aranges
                0x0000000000000400       0x20 obj_cooja/mtype431.a(uip-ds6.o)
 .debug_aranges
                0x0000000000000420       0x20 obj_cooja/mtype431.a(uip6.o)
 .debug_aranges
                0x0000000000000440       0x20 obj_cooja/mtype431.a(tcpip.o)
 .debug_aranges
                0x0000000000000460       0x20 obj_cooja/mtype431.a(uip-debug.o)
 .debug_aranges
                0x0000000000000480       0x20 obj_cooja/mtype431.a(uip-packetqueue)
 .debug_aranges
                0x00000000000004a0       0x20 obj_cooja/mtype431.a(rpl-dag.o)
 .debug_aranges
                0x00000000000004c0       0x20 obj_cooja/mtype431.a(rpl-ext-header.)
 .debug_aranges
                0x00000000000004e0       0x20 obj_cooja/mtype431.a(rpl-icmp6.o)
 .debug_aranges
                0x0000000000000500       0x20 obj_cooja/mtype431.a(rpl-mrhof.o)
 .debug_aranges
                0x0000000000000520       0x20 obj_cooja/mtype431.a(rpl-timers.o)
 .debug_aranges
                0x0000000000000540       0x20 obj_cooja/mtype431.a(rpl.o)
 .debug_aranges
                0x0000000000000560       0x20 obj_cooja/mtype431.a(linkaddr.o)
 .debug_aranges
                0x0000000000000580       0x20 obj_cooja/mtype431.a(nbr-table.o)
 .debug_aranges
                0x00000000000005a0       0x20 obj_cooja/mtype431.a(netstack.o)
 .debug_aranges
                0x00000000000005c0       0x20 obj_cooja/mtype431.a(packetbuf.o)
 .debug_aranges
                0x00000000000005e0       0x20 obj_cooja/mtype431.a(queuebuf.o)
 .debug_aranges
                0x0000000000000600       0x20 obj_cooja/mtype431.a(csma.o)
 .debug_aranges
                0x0000000000000620       0x20 obj_cooja/mtype431.a(framer-802154.o)
 .debug_aranges
                0x0000000000000640       0x20 obj_cooja/mtype431.a(mac.o)
 .debug_aranges
                0x0000000000000660       0x20 obj_cooja/mtype431.a(nullrdc.o)
 .debug_aranges
                0x0000000000000680       0x20 obj_cooja/mtype431.a(nullsec.o)
 .debug_aranges
                0x00000000000006a0       0x20 obj_cooja/mtype431.a(watchdog.o)
 .debug_aranges
                0x00000000000006c0       0x18 obj_cooja/mtype431.a(rimestats.o)
 .debug_aranges
                0x00000000000006d8       0x20 obj_cooja/mtype431.a(stimer.o)
 .debug_aranges
                0x00000000000006f8       0x20 obj_cooja/mtype431.a(memb.o)
 .debug_aranges
                0x0000000000000718       0x20 obj_cooja/mtype431.a(uip-ds6-route.o)
 .debug_aranges
                0x0000000000000738       0x20 obj_cooja/mtype431.a(uip-icmp6.o)
 .debug_aranges
                0x0000000000000758       0x20 obj_cooja/mtype431.a(uip-nd6.o)
 .debug_aranges
                0x0000000000000778       0x20 obj_cooja/mtype431.a(rpl-nbr-policy.)
 .debug_aranges
                0x0000000000000798       0x20 obj_cooja/mtype431.a(frame802154.o)
 .debug_aranges
                0x00000000000007b8       0x20 obj_cooja/mtype431.a(mac-sequence.o)

.debug_pubnames
 *(.debug_pubnames)

.debug_info     0x0000000000000000    0x1b791
 *(.debug_info .gnu.linkonce.wi.*)
 .debug_info    0x0000000000000000      0xddf udp-server.co
 .debug_info    0x0000000000000ddf     0x3771 obj_cooja/mtype431.o
 .debug_info    0x0000000000004550      0x15a obj_cooja/mtype431.a(simEnvChange.o)
 .debug_info    0x00000000000046aa      0x1e2 obj_cooja/mtype431.a(cooja_mt.o)
 .debug_info    0x000000000000488c      0x2e7 obj_cooja/mtype431.a(cooja_mtarch.o)
 .debug_info    0x0000000000004b73      0x16b obj_cooja/mtype431.a(rtimer-arch.o)
 .debug_info    0x0000000000004cde      0x1f3 obj_cooja/mtype431.a(beep.o)
 .debug_info    0x0000000000004ed1      0x257 obj_cooja/mtype431.a(button-sensor.o)
 .debug_info    0x0000000000005128      0x132 obj_cooja/mtype431.a(leds-arch.o)
 .debug_info    0x000000000000525a      0x10a obj_cooja/mtype431.a(moteid.o)
 .debug_info    0x0000000000005364      0x216 obj_cooja/mtype431.a(pir-sensor.o)
 .debug_info    0x000000000000557a      0x21e obj_cooja/mtype431.a(rs232.o)
 .debug_info    0x0000000000005798      0x216 obj_cooja/mtype431.a(vib-sensor.o)
 .debug_info    0x00000000000059ae      0x152 obj_cooja/mtype431.a(clock.o)
 .debug_info    0x0000000000005b00      0x2bb obj_cooja/mtype431.a(log.o)
 .debug_info    0x0000000000005dbb      0x3cf obj_cooja/mtype431.a(cfs-cooja.o)
 .debug_info    0x000000000000618a      0xc5e obj_cooja/mtype431.a(cooja-radio.o)
 .debug_info    0x0000000000006de8      0x1d5 obj_cooja/mtype431.a(eeprom.o)
 .debug_info    0x0000000000006fbd       0xb3 obj_cooja/mtype431.a(random.o)
 .debug_info    0x0000000000007070      0x36d obj_cooja/mtype431.a(sensors.o)
 .debug_info    0x00000000000073dd      0x99d obj_cooja/mtype431.a(dual_conf.o)
 .debug_info    0x0000000000007d7a      0x1a5 obj_cooja/mtype431.a(autostart.o)
 .debug_info    0x0000000000007f1f      0x46c obj_cooja/mtype431.a(ctimer.o)
 .debug_info    0x000000000000838b      0x49c obj_cooja/mtype431.a(etimer.o)
 .debug_info    0x0000000000008827      0x4ba obj_cooja/mtype431.a(process.o)
 .debug_info    0x0000000000008ce1      0x1ab obj_cooja/mtype431.a(rtimer.o)
 .debug_info    0x0000000000008e8c      0x16c obj_cooja/mtype431.a(timer.o)
 .debug_info    0x0000000000008ff8      0x2de obj_cooja/mtype431.a(serial-line.o)
 .debug_info    0x00000000000092d6      0x2ed obj_cooja/mtype431.a(list.o)
 .debug_info    0x00000000000095c3      0x1aa obj_cooja/mtype431.a(ringbuf.o)
 .debug_info    0x000000000000976d     0x105d obj_cooja/mtype431.a(sicslowpan.o)
 .debug_info    0x000000000000a7ca      0x8bb obj_cooja/mtype431.a(uip-ds6-nbr.o)
 .debug_info    0x000000000000b085      0xc19 obj_cooja/mtype431.a(uip-ds6.o)
 .debug_info    0x000000000000bc9e      0xea0 obj_cooja/mtype431.a(uip6.o)
 .debug_info    0x000000000000cb3e     0x1437 obj_cooja/mtype431.a(tcpip.o)
 .debug_info    0x000000000000df75      0x1b5 obj_cooja/mtype431.a(uip-debug.o)
 .debug_info    0x000000000000e12a      0x470 obj_cooja/mtype431.a(uip-packetqueue)
 .debug_info    0x000000000000e59a     0x1903 obj_cooja/mtype431.a(rpl-dag.o)
 .debug_info    0x000000000000fe9d      0xe2b obj_cooja/mtype431.a(rpl-ext-header.)
 .debug_info    0x0000000000010cc8     0x16b2 obj_cooja/mtype431.a(rpl-icmp6.o)
 .debug_info    0x000000000001237a      0xabe obj_cooja/mtype431.a(rpl-mrhof.o)
 .debug_info    0x0000000000012e38      0xbeb obj_cooja/mtype431.a(rpl-timers.o)
 .debug_info    0x0000000000013a23      0xcde obj_cooja/mtype431.a(rpl.o)
 .debug_info    0x0000000000014701      0x198 obj_cooja/mtype431.a(linkaddr.o)
 .debug_info    0x0000000000014899      0x980 obj_cooja/mtype431.a(nbr-table.o)
 .debug_info    0x0000000000015219      0x4b9 obj_cooja/mtype431.a(netstack.o)
 .debug_info    0x00000000000156d2      0x478 obj_cooja/mtype431.a(packetbuf.o)
 .debug_info    0x0000000000015b4a      0x57d obj_cooja/mtype431.a(queuebuf.o)
 .debug_info    0x00000000000160c7      0xbff obj_cooja/mtype431.a(csma.o)
 .debug_info    0x0000000000016cc6      0x5ed obj_cooja/mtype431.a(framer-802154.o)
 .debug_info    0x00000000000172b3      0x112 obj_cooja/mtype431.a(mac.o)
 .debug_info    0x00000000000173c5      0xc6c obj_cooja/mtype431.a(nullrdc.o)
 .debug_info    0x0000000000018031      0x3aa obj_cooja/mtype431.a(nullsec.o)
 .debug_info    0x00000000000183db       0x7b obj_cooja/mtype431.a(watchdog.o)
 .debug_info    0x0000000000018456      0x119 obj_cooja/mtype431.a(rimestats.o)
 .debug_info    0x000000000001856f      0x179 obj_cooja/mtype431.a(stimer.o)
 .debug_info    0x00000000000186e8      0x1d7 obj_cooja/mtype431.a(memb.o)
 .debug_info    0x00000000000188bf      0xd30 obj_cooja/mtype431.a(uip-ds6-route.o)
 .debug_info    0x00000000000195ef      0x784 obj_cooja/mtype431.a(uip-icmp6.o)
 .debug_info    0x0000000000019d73      0x331 obj_cooja/mtype431.a(uip-nd6.o)
 .debug_info    0x000000000001a0a4      0xda2 obj_cooja/mtype431.a(rpl-nbr-policy.)
 .debug_info    0x000000000001ae46      0x6b4 obj_cooja/mtype431.a(frame802154.o)
 .debug_info    0x000000000001b4fa      0x297 obj_cooja/mtype431.a(mac-sequence.o)

.debug_abbrev   0x0000000000000000     0x6620
 *(.debug_abbrev)
 .debug_abbrev  0x0000000000000000      0x227 udp-server.co
 .debug_abbrev  0x0000000000000227      0x2b3 obj_cooja/mtype431.o
 .debug_abbrev  0x00000000000004da       0xc3 obj_cooja/mtype431.a(simEnvChange.o)
 .debug_abbrev  0x000000000000059d       0xe6 obj_cooja/mtype431.a(cooja_mt.o)
 .debug_abbrev  0x0000000000000683      0x147 obj_cooja/mtype431.a(cooja_mtarch.o)
 .debug_abbrev  0x00000000000007ca       0xcc obj_cooja/mtype431.a(rtimer-arch.o)
 .debug_abbrev  0x0000000000000896       0xe3 obj_cooja/mtype431.a(beep.o)
 .debug_abbrev  0x0000000000000979      0x11c obj_cooja/mtype431.a(button-sensor.o)
 .debug_abbrev  0x0000000000000a95       0xe1 obj_cooja/mtype431.a(leds-arch.o)
 .debug_abbrev  0x0000000000000b76       0x9c obj_cooja/mtype431.a(moteid.o)
 .debug_abbrev  0x0000000000000c12       0xe6 obj_cooja/mtype431.a(pir-sensor.o)
 .debug_abbrev  0x0000000000000cf8      0x14a obj_cooja/mtype431.a(rs232.o)
 .debug_abbrev  0x0000000000000e42       0xe6 obj_cooja/mtype431.a(vib-sensor.o)
 .debug_abbrev  0x0000000000000f28       0xee obj_cooja/mtype431.a(clock.o)
 .debug_abbrev  0x0000000000001016      0x141 obj_cooja/mtype431.a(log.o)
 .debug_abbrev  0x0000000000001157      0x139 obj_cooja/mtype431.a(cfs-cooja.o)