Archive member included to satisfy reference by file (symbol)

obj_cooja/mtype450.a(simEnvChange.o)
                              obj_cooja/mtype450.o (simDontFallAsleep)
obj_cooja/mtype450.a(cooja_mt.o)
                              obj_cooja/mtype450.o (cooja_mt_start)
obj_cooja/mtype450.a(cooja_mtarch.o)
                              obj_cooja/mtype450.a(cooja_mt.o) (cooja_mtarch_init)
obj_cooja/mtype450.a(rtimer-arch.o)
                              obj_cooja/mtype450.o (rtimer_arch_next)
obj_cooja/mtype450.a(beep.o)  obj_cooja/mtype450.o (beep_interface)
obj_cooja/mtype450.a(button-sensor.o)
                              obj_cooja/mtype450.o (button_interface)
obj_cooja/mtype450.a(leds-arch.o)
                              obj_cooja/mtype450.o (leds_interface)
obj_cooja/mtype450.a(moteid.o)
                              obj_cooja/mtype450.o (moteid_interface)
obj_cooja/mtype450.a(pir-sensor.o)
                              obj_cooja/mtype450.o (pir_interface)
obj_cooja/mtype450.a(rs232.o)
                              obj_cooja/mtype450.o (rs232_interface)
obj_cooja/mtype450.a(vib-sensor.o)
                              obj_cooja/mtype450.o (vib_interface)
obj_cooja/mtype450.a(clock.o)
                              obj_cooja/mtype450.o (clock_interface)
obj_cooja/mtype450.a(log.o)   obj_cooja/mtype450.o (simlog_interface)
obj_cooja/mtype450.a(cfs-cooja.o)
                              obj_cooja/mtype450.o (cfs_interface)
obj_cooja/mtype450.a(cooja-radio.o)
                              obj_cooja/mtype450.o (radio_interface)
obj_cooja/mtype450.a(eeprom.o)
                              obj_cooja/mtype450.o (eeprom_interface)
obj_cooja/mtype450.a(random.o)
                              obj_cooja/mtype450.a(moteid.o) (random_init)
obj_cooja/mtype450.a(sensors.o)
                              udp-server.co (sensors_event)
obj_cooja/mtype450.a(dual_conf.o)
                              obj_cooja/mtype450.a(cooja-radio.o) (long_range_radio)
obj_cooja/mtype450.a(autostart.o)
                              obj_cooja/mtype450.o (autostart_start)
obj_cooja/mtype450.a(ctimer.o)
                              obj_cooja/mtype450.o (ctimer_init)
obj_cooja/mtype450.a(etimer.o)
                              obj_cooja/mtype450.o (etimer_process)
obj_cooja/mtype450.a(process.o)
                              udp-server.co (process_current)
obj_cooja/mtype450.a(rtimer.o)
                              obj_cooja/mtype450.a(rtimer-arch.o) (rtimer_run_next)
obj_cooja/mtype450.a(timer.o)
                              obj_cooja/mtype450.a(button-sensor.o) (timer_set)
obj_cooja/mtype450.a(serial-line.o)
                              obj_cooja/mtype450.a(rs232.o) (serial_line_input_byte)
obj_cooja/mtype450.a(list.o)  obj_cooja/mtype450.a(ctimer.o) (list_init)
obj_cooja/mtype450.a(ringbuf.o)
                              obj_cooja/mtype450.a(serial-line.o) (ringbuf_init)
obj_cooja/mtype450.a(sicslowpan.o)
                              obj_cooja/mtype450.o (sicslowpan_driver)
obj_cooja/mtype450.a(uip-ds6-nbr.o)
                              obj_cooja/mtype450.a(sicslowpan.o) (uip_ds6_link_neighbor_callback)
obj_cooja/mtype450.a(uip-ds6.o)
                              udp-server.co (uip_ds6_if)
obj_cooja/mtype450.a(uip6.o)  obj_cooja/mtype450.o (uip_lladdr)
obj_cooja/mtype450.a(tcpip.o)
                              udp-server.co (tcpip_event)
obj_cooja/mtype450.a(uip-debug.o)
                              udp-server.co (uip_debug_ipaddr_print)
obj_cooja/mtype450.a(uip-packetqueue)
                              obj_cooja/mtype450.a(uip-ds6-nbr.o) (uip_packetqueue_new)
obj_cooja/mtype450.a(rpl-dag.o)
                              udp-server.co (rpl_set_root)
obj_cooja/mtype450.a(rpl-ext-header.)
                              obj_cooja/mtype450.a(uip6.o) (rpl_verify_header)
obj_cooja/mtype450.a(rpl-icmp6.o)
                              obj_cooja/mtype450.a(rpl-dag.o) (rpl_icmp6_update_nbr_table)
obj_cooja/mtype450.a(rpl-mrhof.o)
                              obj_cooja/mtype450.a(rpl-dag.o) (rpl_mrhof)
obj_cooja/mtype450.a(rpl-timers.o)
                              obj_cooja/mtype450.a(rpl-dag.o) (rpl_reset_dio_timer)
obj_cooja/mtype450.a(rpl.o)   obj_cooja/mtype450.a(rpl-icmp6.o) (rpl_get_mode)
obj_cooja/mtype450.a(linkaddr.o)
                              obj_cooja/mtype450.o (linkaddr_node_addr)
obj_cooja/mtype450.a(nbr-table.o)
                              obj_cooja/mtype450.a(uip-ds6-nbr.o) (nbr_table_register)
obj_cooja/mtype450.a(netstack.o)
                              obj_cooja/mtype450.o (netstack_init)
obj_cooja/mtype450.a(packetbuf.o)
                              obj_cooja/mtype450.a(cooja-radio.o) (packetbuf_attrs)
obj_cooja/mtype450.a(queuebuf.o)
                              obj_cooja/mtype450.o (queuebuf_init)
obj_cooja/mtype450.a(csma.o)  udp-server.co (csma_driver)
obj_cooja/mtype450.a(framer-802154.o)
                              obj_cooja/mtype450.a(sicslowpan.o) (framer_802154)
[...]
Memory Configuration

Name             Origin             Length             Attributes
*default*        0x0000000000000000 0xffffffffffffffff

Linker script and memory map

LOAD /usr/lib/gcc/i686-linux-gnu/4.8/../../../i386-linux-gnu/crti.o
LOAD /usr/lib/gcc/i686-linux-gnu/4.8/crtbeginS.o
LOAD udp-server.co
LOAD obj_cooja/mtype450.o
LOAD obj_cooja/mtype450.a
LOAD /usr/lib/gcc/i686-linux-gnu/4.8/libgcc.a
LOAD /usr/lib/gcc/i686-linux-gnu/4.8/libgcc_s.so
LOAD /usr/lib/gcc/i686-linux-gnu/4.8/../../../i386-linux-gnu/libc.so
START GROUP
LOAD /lib/i386-linux-gnu/libc.so.6
LOAD /usr/lib/i386-linux-gnu/libc_nonshared.a
LOAD /lib/i386-linux-gnu/ld-linux.so.2
END GROUP
LOAD /usr/lib/gcc/i686-linux-gnu/4.8/libgcc.a
LOAD /usr/lib/gcc/i686-linux-gnu/4.8/libgcc_s.so
LOAD /usr/lib/gcc/i686-linux-gnu/4.8/crtendS.o
LOAD /usr/lib/gcc/i686-linux-gnu/4.8/../../../i386-linux-gnu/crtn.o
                0x0000000000000114                . = (0x0 + SIZEOF_HEADERS)

.note.gnu.build-id
                0x0000000000000114       0x24
 *(.note.gnu.build-id)
 .note.gnu.build-id
                0x0000000000000114       0x24 /usr/lib/gcc/i686-linux-gnu/4.8/../../../i386-linux-gnu/crti.o

.hash
 *(.hash)

.gnu.hash       0x0000000000000138     0x125c
 *(.gnu.hash)
 .gnu.hash      0x0000000000000138     0x125c /usr/lib/gcc/i686-linux-gnu/4.8/../../../i386-linux-gnu/crti.o

.dynsym         0x0000000000001394     0x21a0
 *(.dynsym)
 .dynsym        0x0000000000001394     0x21a0 /usr/lib/gcc/i686-linux-gnu/4.8/../../../i386-linux-gnu/crti.o

.dynstr         0x0000000000003534     0x22a1
 *(.dynstr)
 .dynstr        0x0000000000003534     0x22a1 /usr/lib/gcc/i686-linux-gnu/4.8/../../../i386-linux-gnu/crti.o

.gnu.version    0x00000000000057d6      0x434
 *(.gnu.version)
 .gnu.version   0x00000000000057d6      0x434 /usr/lib/gcc/i686-linux-gnu/4.8/../../../i386-linux-gnu/crti.o

.gnu.version_d  0x0000000000005c0c        0x0
 *(.gnu.version_d)
 .gnu.version_d
                0x0000000000000000        0x0 /usr/lib/gcc/i686-linux-gnu/4.8/../../../i386-linux-gnu/crti.o

.gnu.version_r  0x0000000000005c0c       0x40
 *(.gnu.version_r)
 .gnu.version_r
                0x0000000000005c0c       0x40 /usr/lib/gcc/i686-linux-gnu/4.8/../../../i386-linux-gnu/crti.o

.rel.dyn        0x0000000000005c4c     0x9238
 *(.rel.init)
 .rel.init      0x0000000000000000        0x0 /usr/lib/gcc/i686-linux-gnu/4.8/../../../i386-linux-gnu/crti.o
 *(.rel.text .rel.text.* .rel.gnu.linkonce.t.*)
 .rel.text      0x0000000000005c4c     0x8a98 /usr/lib/gcc/i686-linux-gnu/4.8/../../../i386-linux-gnu/crti.o
 *(.rel.fini)
 .rel.fini      0x0000000000000000        0x0 /usr/lib/gcc/i686-linux-gnu/4.8/../../../i386-linux-gnu/crti.o
 *(.rel.rodata .rel.rodata.* .rel.gnu.linkonce.r.*)
 .rel.rodata    0x000000000000e6e4      0x4e0 /usr/lib/gcc/i686-linux-gnu/4.8/../../../i386-linux-gnu/crti.o
 *(.rel.data.rel.ro .rel.data.rel.ro.* .rel.gnu.linkonce.d.rel.ro.*)
 *(.rel.data .rel.data.* .rel.gnu.linkonce.d.*)
 .rel.data.rel  0x000000000000ebc4        0x8 /usr/lib/gcc/i686-linux-gnu/4.8/../../../i386-linux-gnu/crti.o
 .rel.data      0x000000000000ebcc      0x280 /usr/lib/gcc/i686-linux-gnu/4.8/../../../i386-linux-gnu/crti.o
 *(.rel.tdata .rel.tdata.* .rel.gnu.linkonce.td.*)
 *(.rel.tbss .rel.tbss.* .rel.gnu.linkonce.tb.*)
 *(.rel.ctors)
 *(.rel.dtors)
 *(.rel.got)
 .rel.got       0x000000000000ee4c       0x28 /usr/lib/gcc/i686-linux-gnu/4.8/../../../i386-linux-gnu/crti.o
 *(.rel.bss .rel.bss.* .rel.gnu.linkonce.b.*)
 *(.rel.ifunc)
 .rel.ifunc     0x0000000000000000        0x0 /usr/lib/gcc/i686-linux-gnu/4.8/../../../i386-linux-gnu/crti.o
 .rel.fini_array
                0x000000000000ee74        0x8 /usr/lib/gcc/i686-linux-gnu/4.8/../../../i386-linux-gnu/crti.o
 .rel.init_array
                0x000000000000ee7c        0x8 /usr/lib/gcc/i686-linux-gnu/4.8/../../../i386-linux-gnu/crti.o

.rel.plt        0x000000000000ee84       0x10
 *(.rel.plt)
 .rel.plt       0x000000000000ee84       0x10 /usr/lib/gcc/i686-linux-gnu/4.8/../../../i386-linux-gnu/crti.o
 *(.rel.iplt)

.init           0x000000000000ee94       0x23
 *(SORT(.init))
 .init          0x000000000000ee94       0x1e /usr/lib/gcc/i686-linux-gnu/4.8/../../../i386-linux-gnu/crti.o
                0x000000000000ee94                _init
 .init          0x000000000000eeb2        0x5 /usr/lib/gcc/i686-linux-gnu/4.8/../../../i386-linux-gnu/crtn.o

.plt            0x000000000000eec0       0x30
 *(.plt)
 .plt           0x000000000000eec0       0x30 /usr/lib/gcc/i686-linux-gnu/4.8/../../../i386-linux-gnu/crti.o
 *(.iplt)

.text           0x000000000000eef0    0x159d5
 *(.text.unlikely .text.*_unlikely .text.unlikely.*)
 *(.text.exit .text.exit.*)
 *(.text.startup .text.startup.*)
 *(.text.hot .text.hot.*)
 *(.text .stub .text.* .gnu.linkonce.t.*)
 .text          0x000000000000eef0        0x0 /usr/lib/gcc/i686-linux-gnu/4.8/../../../i386-linux-gnu/crti.o
 .gnu.linkonce.t.__x86.get_pc_thunk.bx
                0x000000000000eef0        0x4 /usr/lib/gcc/i686-linux-gnu/4.8/../../../i386-linux-gnu/crti.o
                0x000000000000eef0                __x86.get_pc_thunk.bx
 *fill*         0x000000000000eef4        0xc 
 .text          0x000000000000ef00      0x11b /usr/lib/gcc/i686-linux-gnu/4.8/crtbeginS.o
 .text          0x000000000000f01b      0x3e4 udp-server.co
 .text          0x000000000000f3ff      0x70e obj_cooja/mtype450.o
                0x000000000000f535                contiki_init
                0x000000000000f924                Java_org_contikios_cooja_corecomm_Lib34_init
                0x000000000000f964                Java_org_contikios_cooja_corecomm_Lib34_getMemory
                0x000000000000f9a4                Java_org_contikios_cooja_corecomm_Lib34_setMemory
                0x000000000000fa1b                Java_org_contikios_cooja_corecomm_Lib34_tick
                0x000000000000fafb                Java_org_contikios_cooja_corecomm_Lib34_setReferenceAddress
 .text          0x000000000000fb0d       0x63 obj_cooja/mtype450.a(simEnvChange.o)
                0x000000000000fb0d                doActionsBeforeTick
                0x000000000000fb3e                doActionsAfterTick
 .text          0x000000000000fb70       0xbc obj_cooja/mtype450.a(cooja_mt.o)
                0x000000000000fb70                cooja_mt_init
                0x000000000000fb7d                cooja_mt_remove
                0x000000000000fb8a                cooja_mt_start
                0x000000000000fbb7                cooja_mt_exec
                0x000000000000fbe8                cooja_mt_exit
                0x000000000000fc0a                cooja_mt_yield
 .text          0x000000000000fc2c      0x115 obj_cooja/mtype450.a(cooja_mtarch.o)
                0x000000000000fc2c                cooja_mtarch_init
                0x000000000000fc31                cooja_mtarch_start
                0x000000000000fcac                cooja_sw
                0x000000000000fcce                cooja_mtarch_exec
                0x000000000000fcea                cooja_mtarch_remove
                0x000000000000fcef                cooja_mtarch_yield
                0x000000000000fcf9                cooja_mtarch_pstop
                0x000000000000fcfe                cooja_mtarch_pstart
                0x000000000000fd03                cooja_mtarch_stack_usage
 .text          0x000000000000fd41       0xc2 obj_cooja/mtype450.a(rtimer-arch.o)
                0x000000000000fd41                rtimer_arch_init
                0x000000000000fd64                rtimer_arch_schedule
                0x000000000000fd7b                rtimer_arch_next
                0x000000000000fd85                rtimer_arch_pending
                0x000000000000fd8f                rtimer_arch_check
                0x000000000000fdc1                rtimer_arch_now
 .text          0x000000000000fe03       0x76 obj_cooja/mtype450.a(beep.o)
                0x000000000000fe03                beep_alarm
                0x000000000000fe0f                beep_beep
                0x000000000000fe1b                beep
                0x000000000000fe27                beep_down
                0x000000000000fe33                beep_on
                0x000000000000fe3f                beep_off
                0x000000000000fe4b                beep_spinup
                0x000000000000fe57                beep_quick
                0x000000000000fe63                beep_long
 .text          0x000000000000fe79      0x103 obj_cooja/mtype450.a(button-sensor.o)
 .text          0x000000000000ff7c       0x45 obj_cooja/mtype450.a(leds-arch.o)
                0x000000000000ff7c                leds_arch_init
                0x000000000000ff88                leds_arch_get
                0x000000000000ff94                leds_arch_set
 .text          0x000000000000ffc1       0x2f obj_cooja/mtype450.a(moteid.o)
 .text          0x000000000000fff0       0xb1 obj_cooja/mtype450.a(pir-sensor.o)
 .text          0x00000000000100a1      0x131 obj_cooja/mtype450.a(rs232.o)
                0x00000000000100a1                rs232_init
                0x00000000000100a6                rs232_set_speed
                0x00000000000100b4                rs232_set_input
                0x00000000000100c1                rs232_send
                0x00000000000100e3                rs232_print
                0x00000000000100fe                slip_arch_writeb
 .text          0x00000000000101d2       0xb1 obj_cooja/mtype450.a(vib-sensor.o)
 .text          0x0000000000010283       0x34 obj_cooja/mtype450.a(clock.o)
                0x0000000000010283                clock_init
                0x0000000000010288                clock_time
                0x0000000000010292                clock_seconds
                0x00000000000102a8                clock_delay
 .text          0x00000000000102b7      0x1ed obj_cooja/mtype450.a(log.o)
                0x00000000000102b7                simlog_char
                0x00000000000102f9                simlog
                0x0000000000010366                log_message
                0x000000000001038e                log_set_putchar_with_slip
                0x000000000001039b                log_putchar
                0x000000000001041f                log_puts
                0x0000000000010443                log_printf
 .text          0x00000000000104a4      0x2c4 obj_cooja/mtype450.a(cfs-cooja.o)
                0x00000000000104a4                cfs_open
                0x000000000001050d                cfs_close
                0x0000000000010519                cfs_read
                0x00000000000105b7                cfs_write
                0x0000000000010694                cfs_seek
                0x000000000001071c                cfs_remove
                0x0000000000010745                cfs_opendir
                0x000000000001074f                cfs_readdir
                0x0000000000010759                cfs_closedir
 .text          0x0000000000010768      0x514 obj_cooja/mtype450.a(cooja-radio.o)
                0x0000000000010792                radio_set_channel
                0x00000000000107a7                radio_set_txpower
                0x00000000000107be                radio_signal_strength_last
                0x00000000000107c8                radio_signal_strength_current
                0x00000000000107d2                radio_LQI
 .text          0x0000000000010c7c       0xef obj_cooja/mtype450.a(eeprom.o)
                0x0000000000010c7c                eeprom_init
                0x0000000000010c81                eeprom_read
                0x0000000000010cf1                eeprom_write
 .text          0x0000000000010d6b       0x28 obj_cooja/mtype450.a(random.o)
                0x0000000000010d6b                random_init
                0x0000000000010d86                random_rand
 .text          0x0000000000010d93      0x2a1 obj_cooja/mtype450.a(sensors.o)
                0x0000000000010dce                sensors_first
                0x0000000000010dd8                sensors_next
                0x0000000000010df5                sensors_changed
                0x0000000000010e24                sensors_find
 .text          0x0000000000011034      0x308 obj_cooja/mtype450.a(dual_conf.o)
                0x0000000000011034                dual_radio_switch
                0x000000000001108f                dual_radio_change
                0x00000000000110c9                sending_in_LR
                0x00000000000110f4                dual_radio_received
                0x0000000000011147                radio_received_is_longrange
                0x00000000000112f2                dio_broadcast
                0x000000000001131b                dis_broadcast
 .text          0x000000000001133c       0x8e obj_cooja/mtype450.a(autostart.o)
                0x000000000001133c                autostart_start
                0x0000000000011387                autostart_exit
 .text          0x00000000000113ca      0x334 obj_cooja/mtype450.a(ctimer.o)
                0x00000000000114e1                ctimer_init
                0x0000000000011511                ctimer_set
                0x0000000000011542                ctimer_set_with_process
                0x00000000000115be                ctimer_reset
                0x000000000001160d                ctimer_restart
                0x000000000001165c                ctimer_stop
                0x00000000000116a7                ctimer_expired
 .text          0x00000000000116fe      0x40b obj_cooja/mtype450.a(etimer.o)
                0x0000000000011911                etimer_request_poll
                0x0000000000011995                etimer_set
                0x00000000000119ba                etimer_reset_with_new_interval
                0x00000000000119e1                etimer_reset
                0x00000000000119ff                etimer_restart
                0x0000000000011a1d                etimer_adjust
                0x0000000000011a39                etimer_expired
                0x0000000000011a4c                etimer_expiration_time
                0x0000000000011a5e                etimer_start_time
                0x0000000000011a68                etimer_pending
                0x0000000000011a7a                etimer_next_expiration_time
                0x0000000000011a94                etimer_stop
 .text          0x0000000000011b09      0x560 obj_cooja/mtype450.a(process.o)
                0x0000000000011b09                process_alloc_event
                0x0000000000011b1e                process_start
                0x0000000000011d07                process_exit
                0x0000000000011d23                process_init
                0x0000000000011ef4                process_run
                0x0000000000011f27                process_nevents
                0x0000000000011f42                process_post
                0x0000000000011fee                process_post_synch
                0x0000000000012026                process_poll
                0x0000000000012055                process_is_running
 .text          0x0000000000012069       0xba obj_cooja/mtype450.a(rtimer.o)
                0x0000000000012069                rtimer_init
                0x0000000000012076                rtimer_set
                0x00000000000120cd                rtimer_run_next
 .text          0x0000000000012123       0x91 obj_cooja/mtype450.a(timer.o)
                0x0000000000012123                timer_set
                0x000000000001213e                timer_reset
                0x0000000000012155                timer_restart
                0x0000000000012167                timer_expired
                0x0000000000012190                timer_remaining
 .text          0x00000000000121b4      0x1fb obj_cooja/mtype450.a(serial-line.o)
                0x00000000000121b4                serial_line_input_byte
                0x0000000000012377                serial_line_init
 .text          0x00000000000123af      0x244 obj_cooja/mtype450.a(list.o)
                0x00000000000123af                list_init
                0x00000000000123bd                list_head
                0x00000000000123c7                list_copy
                0x00000000000123d6                list_tail
                0x000000000001240c                list_add
                0x0000000000012455                list_push
                0x0000000000012481                list_chop
                0x00000000000124eb                list_pop
                0x0000000000012513                list_remove
                0x000000000001257a                list_length
                0x00000000000125a8                list_insert
                0x00000000000125dc                list_item_next
 .text          0x00000000000125f3      0x155 obj_cooja/mtype450.a(ringbuf.o)
                0x00000000000125f3                ringbuf_init
                0x0000000000012624                ringbuf_put
                0x00000000000126a2                ringbuf_get
                0x000000000001270f                ringbuf_size
                0x0000000000012721                ringbuf_elements
 .text          0x0000000000012748     0x258b obj_cooja/mtype450.a(sicslowpan.o)
                0x0000000000012cd2                rime_sniffer_add
                0x0000000000012cdf                rime_sniffer_remove
                0x0000000000014c72                sicslowpan_init
                0x0000000000014cc9                sicslowpan_get_last_rssi
 .text          0x0000000000014cd3      0x298 obj_cooja/mtype450.a(uip-ds6-nbr.o)
                0x0000000000014cf0                uip_ds6_neighbors_init
                0x0000000000014d0d                uip_ds6_nbr_add
                0x0000000000014d95                uip_ds6_nbr_rm
                0x0000000000014dd7                uip_ds6_nbr_get_ipaddr
                0x0000000000014dec                uip_ds6_nbr_get_ll
                0x0000000000014e08                uip_ds6_nbr_num
                0x0000000000014e4d                uip_ds6_nbr_lookup
                0x0000000000014eb2                uip_ds6_nbr_ll_lookup
                0x0000000000014ece                uip_ds6_nbr_ipaddr_from_lladdr
                0x0000000000014ef4                uip_ds6_nbr_lladdr_from_ipaddr
                0x0000000000014f22                uip_ds6_link_neighbor_callback
 .text          0x0000000000014f6b      0xbc5 obj_cooja/mtype450.a(uip-ds6.o)
                0x0000000000014f6b                uip_ds6_init
                0x000000000001513e                uip_ds6_periodic
                0x00000000000151b7                uip_ds6_list_loop
                0x000000000001525e                uip_ds6_prefix_add
                0x000000000001531c                uip_ds6_prefix_rm
                0x000000000001532e                uip_ds6_prefix_lookup
                0x000000000001537f                uip_ds6_is_addr_onlink
                0x00000000000153f3                uip_ds6_addr_add
                0x0000000000015521                uip_ds6_addr_rm
                0x00000000000155c1                uip_ds6_addr_lookup
                0x000000000001560c                uip_ds6_get_link_local
                0x000000000001568b                uip_ds6_get_global
                0x000000000001570a                uip_ds6_maddr_add
                0x000000000001577c                uip_ds6_maddr_rm
                0x000000000001578e                uip_ds6_maddr_lookup
                0x00000000000157d9                uip_ds6_aaddr_add
                0x000000000001584b                uip_ds6_aaddr_rm
                0x000000000001585d                uip_ds6_aaddr_lookup
                0x00000000000158a8                uip_ds6_select_src
                0x0000000000015a1b                uip_ds6_set_addr_iid
                0x0000000000015a52                get_match_length
                0x0000000000015ae4                uip_ds6_compute_reachable_time
 .text          0x0000000000015b30     0x29cb obj_cooja/mtype450.a(uip6.o)
                0x0000000000015b30                uip_add32
                0x0000000000015cc9                uip_chksum
                0x0000000000015db7                uip_icmp6chksum
                0x0000000000015dcb                uip_tcpchksum
                0x0000000000015ddf                uip_udpchksum
                0x0000000000015df3                uip_init
                0x0000000000015ec3                uip_connect
                0x0000000000016072                remove_ext_hdr
                0x0000000000016147                uip_udp_new
                0x00000000000162a3                uip_unlisten
                0x0000000000016303                uip_listen
                0x00000000000165c5                uip_process
                0x00000000000183ef                uip_htons
                0x0000000000018411                uip_htonl
                0x0000000000018451                uip_send
 .text          0x00000000000184fb      0xa71 obj_cooja/mtype450.a(tcpip.o)
                0x00000000000184fb                tcpip_output
                0x000000000001854c                tcpip_set_outputfunc
                0x00000000000185e0                tcp_connect
                0x0000000000018635                tcp_unlisten
                0x0000000000018690                tcp_listen
                0x00000000000186e9                tcp_attach
                0x000000000001870e                udp_attach
                0x0000000000018733                udp_new
                0x0000000000018785                udp_broadcast_new
                0x00000000000189f9                tcpip_input
                0x0000000000018a2d                tcpip_ipv6_output
                0x0000000000018db2                tcpip_poll_udp
                0x0000000000018dd5                tcpip_poll_tcp
                0x0000000000018df8                tcpip_uipcall
 .text          0x0000000000018f6c      0x1c1 obj_cooja/mtype450.a(uip-debug.o)
                0x0000000000018f6c                uip_debug_ipaddr_print
                0x00000000000190ce                uip_debug_lladdr_print
 .text          0x000000000001912d      0x141 obj_cooja/mtype450.a(uip-packetqueue)
                0x0000000000019159                uip_packetqueue_new
                0x0000000000019167                uip_packetqueue_alloc
                0x00000000000191c7                uip_packetqueue_free
                0x0000000000019208                uip_packetqueue_buf
                0x0000000000019225                uip_packetqueue_buflen
                0x0000000000019246                uip_packetqueue_set_buflen
 .text          0x000000000001926e     0x2ce0 obj_cooja/mtype450.a(rpl-dag.o)
                0x000000000001926e                rpl_print_neighbor_list
                0x0000000000019443                rpl_get_nbr
                0x000000000001949d                rpl_dag_init
                0x00000000000194ba                rpl_get_parent
                0x00000000000194dc                rpl_get_parent_rank
                0x000000000001950f                rpl_get_parent_link_metric
                0x0000000000019542                rpl_get_parent_ipaddr
                0x00000000000198ee                rpl_set_root
                0x0000000000019b62                rpl_repair_root
                0x0000000000019e11                rpl_set_prefix
                0x0000000000019f34                rpl_set_default_route
                0x000000000001a029                rpl_alloc_instance
                0x000000000001a0bc                rpl_alloc_dag
                0x000000000001a16d                rpl_set_default_instance
                0x000000000001a17a                rpl_get_default_instance
                0x000000000001a184                rpl_free_instance
                0x000000000001a250                rpl_free_dag
                0x000000000001a2d9                rpl_add_parent
                0x000000000001a3eb                rpl_find_parent
                0x000000000001a443                rpl_find_parent_any_dag
                0x000000000001a47f                rpl_select_dag
                0x000000000001a89c                rpl_select_parent
                0x000000000001a8fe                rpl_remove_parent
                0x000000000001a950                rpl_nullify_parent
                0x000000000001aa4c                rpl_move_parent
                0x000000000001ab57                rpl_has_downward_route
                0x000000000001abaa                rpl_get_any_dag
                0x000000000001ac0c                rpl_get_instance
                0x000000000001ac6f                rpl_find_of
                0x000000000001acac                rpl_join_instance
                0x000000000001afe3                rpl_add_dag
                0x000000000001b4b4                rpl_local_repair
                0x000000000001b590                rpl_recalculate_ranks
                0x000000000001b639                rpl_process_parent_event
                0x000000000001b84f                rpl_process_dio
 .text          0x000000000001bf4e      0xbf3 obj_cooja/mtype450.a(rpl-ext-header.)
                0x000000000001bf6b                rpl_verify_header
                0x000000000001c3e5                rpl_update_header_empty
                0x000000000001c6fc                rpl_update_header_final
                0x000000000001c88b                rpl_remove_header
                0x000000000001c995                rpl_invert_header
                0x000000000001cb1f                rpl_insert_header
 .text          0x000000000001cb41     0x2237 obj_cooja/mtype450.a(rpl-icmp6.o)
                0x000000000001cda0                rpl_icmp6_update_nbr_table
                0x000000000001cf9a                dis_output
                0x000000000001d8c1                dio_output
                0x000000000001e8e1                dao_output
                0x000000000001e9a8                dao_output_target
                0x000000000001ed2c                dao_ack_output
                0x000000000001ed40                rpl_icmp6_register_handlers
 .text          0x000000000001ed78      0x315 obj_cooja/mtype450.a(rpl-mrhof.o)
 .text          0x000000000001f08d      0x909 obj_cooja/mtype450.a(rpl-timers.o)
                0x000000000001f379                rpl_reset_periodic_timer
                0x000000000001f3ce                rpl_reset_dio_timer
                0x000000000001f666                rpl_schedule_dao
                0x000000000001f681                rpl_schedule_dao_immediately
                0x000000000001f69c                rpl_cancel_dao
                0x000000000001f6fe                rpl_schedule_unicast_dio_immediately
                0x000000000001f93e                rpl_schedule_probing
 .text          0x000000000001f996      0x6e0 obj_cooja/mtype450.a(rpl.o)
                0x000000000001f996                rpl_get_mode
                0x000000000001f9a0                rpl_set_mode
                0x000000000001fa64                rpl_purge_routes
                0x000000000001fb93                rpl_remove_routes
                0x000000000001fbd9                rpl_remove_routes_by_nexthop
                0x000000000001fc45                rpl_add_route
                0x000000000001fd10                rpl_link_neighbor_callback
                0x000000000001fe24                rpl_ipv6_neighbor_callback
                0x000000000001fed0                rpl_purge_dags
                0x000000000001ffe4                rpl_init
 .text          0x0000000000020076       0x67 obj_cooja/mtype450.a(linkaddr.o)
                0x0000000000020076                linkaddr_copy
                0x0000000000020098                linkaddr_cmp
                0x00000000000200c2                linkaddr_set_node_addr
 .text          0x00000000000200dd      0x769 obj_cooja/mtype450.a(nbr-table.o)
                0x000000000002053c                nbr_table_register
                0x0000000000020584                nbr_table_head
                0x00000000000205e0                nbr_table_next
                0x0000000000020647                nbr_table_add_lladdr
                0x0000000000020723                nbr_table_get_from_lladdr
                0x0000000000020770                nbr_table_remove
                0x00000000000207c2                nbr_table_lock
                0x00000000000207ec                nbr_table_unlock
                0x0000000000020816                nbr_table_get_lladdr
 .text          0x0000000000020846       0x2b obj_cooja/mtype450.a(netstack.o)
                0x0000000000020846                netstack_init
 .text          0x0000000000020871      0x3cd obj_cooja/mtype450.a(packetbuf.o)
                0x0000000000020871                packetbuf_clear
                0x000000000002089b                packetbuf_copyfrom
                0x00000000000208ed                packetbuf_compact
                0x000000000002096a                packetbuf_copyto
                0x0000000000020a01                packetbuf_hdralloc
                0x0000000000020a7e                packetbuf_hdrreduce
                0x0000000000020ac6                packetbuf_set_datalen
                0x0000000000020adf                packetbuf_dataptr
                0x0000000000020afc                packetbuf_hdrptr
                0x0000000000020b06                packetbuf_datalen
                0x0000000000020b12                packetbuf_hdrlen
                0x0000000000020b29                packetbuf_totlen
                0x0000000000020b3f                packetbuf_attr_clear
                0x0000000000020b91                packetbuf_attr_copyto
                0x0000000000020bda                packetbuf_attr_copyfrom
                0x0000000000020c22                packetbuf_holds_broadcast
 .text          0x0000000000020c3e      0x2b4 obj_cooja/mtype450.a(queuebuf.o)
                0x0000000000020c48                queuebuf_init
                0x0000000000020c68                queuebuf_numfree
                0x0000000000020c7c                queuebuf_new_from_packetbuf
                0x0000000000020d0c                queuebuf_update_attr_from_packetbuf
                0x0000000000020d3f                queuebuf_update_from_packetbuf
                0x0000000000020d89                queuebuf_free
                0x0000000000020dd0                queuebuf_to_packetbuf
                0x0000000000020e36                queuebuf_dataptr
                0x0000000000020e6d                queuebuf_datalen
                0x0000000000020e90                queuebuf_addr
                0x0000000000020ec2                queuebuf_attr
                0x0000000000020eed                queuebuf_debug_print
 .text          0x0000000000020ef2      0x831 obj_cooja/mtype450.a(csma.o)
 .text          0x0000000000021723      0x3ed obj_cooja/mtype450.a(framer-802154.o)
 .text          0x0000000000021b10       0x3c obj_cooja/mtype450.a(mac.o)
                0x0000000000021b10                mac_call_sent_callback
 .text          0x0000000000021b4c      0x540 obj_cooja/mtype450.a(nullrdc.o)
 .text          0x000000000002208c       0x6e obj_cooja/mtype450.a(nullsec.o)
 .text          0x00000000000220fa       0x19 obj_cooja/mtype450.a(watchdog.o)
                0x00000000000220fa                watchdog_init
                0x00000000000220ff                watchdog_start
                0x0000000000022104                watchdog_periodic
                0x0000000000022109                watchdog_stop
                0x000000000002210e                watchdog_reboot
 .text          0x0000000000022113        0x0 obj_cooja/mtype450.a(rimestats.o)
 .text          0x0000000000022113       0xa3 obj_cooja/mtype450.a(stimer.o)
                0x0000000000022113                stimer_set
                0x000000000002212e                stimer_reset
                0x0000000000022145                stimer_restart
                0x0000000000022157                stimer_expired
                0x000000000002217e                stimer_remaining
                0x00000000000221a2                stimer_elapsed
 .text          0x00000000000221b6      0x1c1 obj_cooja/mtype450.a(memb.o)
                0x00000000000221b6                memb_init
                0x0000000000022214                memb_alloc
                0x0000000000022279                memb_free
                0x00000000000222f4                memb_inmemb
                0x0000000000022333                memb_numfree
 .text          0x0000000000022377      0x916 obj_cooja/mtype450.a(uip-ds6-route.o)
                0x00000000000223ee                uip_ds6_notification_add
                0x000000000002241f                uip_ds6_notification_rm
                0x000000000002243b                uip_ds6_route_init
                0x00000000000224c3                uip_ds6_route_nexthop
                0x00000000000224eb                uip_ds6_route_head
                0x0000000000022500                uip_ds6_route_next
                0x0000000000022526                uip_ds6_route_is_nexthop
                0x0000000000022565                uip_ds6_route_num_routes
                0x000000000002256f                uip_ds6_route_lookup
                0x0000000000022631                uip_ds6_route_add
                0x0000000000022865                uip_ds6_route_rm
                0x00000000000229f9                uip_ds6_route_rm_by_nexthop
                0x0000000000022a31                uip_ds6_defrt_add
                0x0000000000022ae2                uip_ds6_defrt_rm
                0x0000000000022b61                uip_ds6_defrt_lookup
                0x0000000000022bba                uip_ds6_defrt_choose
                0x0000000000022c25                uip_ds6_defrt_periodic
 .text          0x0000000000022c8d      0xab2 obj_cooja/mtype450.a(uip-icmp6.o)
                0x0000000000022cfb                uip_icmp6_input
                0x0000000000022d51                uip_icmp6_register_input_handler
                0x0000000000023019                uip_icmp6_error_output
                0x000000000002335e                uip_icmp6_send
                0x00000000000236d2                uip_icmp6_echo_reply_callback_add
                0x0000000000023703                uip_icmp6_echo_reply_callback_rm
                0x000000000002371f                uip_icmp6_init
 .text          0x000000000002373f      0x358 obj_cooja/mtype450.a(uip-nd6.o)
                0x0000000000023793                uip_nd6_ns_output
                0x0000000000023a92                uip_nd6_init
 .text          0x0000000000023a97      0x331 obj_cooja/mtype450.a(rpl-nbr-policy.)
                0x0000000000023c6f                find_removable_dis
                0x0000000000023c92                find_removable_dio
                0x0000000000023d21                find_removable_dao
                0x0000000000023d71                rpl_nbr_policy_find_removable
 .text          0x0000000000023dc8      0x97c obj_cooja/mtype450.a(frame802154.o)
                0x0000000000023df9                frame802154_get_pan_id
                0x0000000000023e05                frame802154_set_pan_id
                0x0000000000023e1e                frame802154_has_panid
                0x0000000000023f0a                frame802154_check_dest_panid
                0x0000000000023f72                frame802154_is_broadcast_addr
                0x0000000000023fbf                frame802154_extract_linkaddr
                0x00000000000241ff                frame802154_hdrlen
                0x0000000000024250                frame802154_create
                0x000000000002443b                frame802154_parse
 .text          0x0000000000024744      0x181 obj_cooja/mtype450.a(mac-sequence.o)
                0x000000000002477b                mac_sequence_is_duplicate
                0x00000000000247fe                mac_sequence_register_seqno
 .text          0x00000000000248c5        0x0 /usr/lib/gcc/i686-linux-gnu/4.8/crtendS.o
 .text          0x00000000000248c5        0x0 /usr/lib/gcc/i686-linux-gnu/4.8/../../../i386-linux-gnu/crtn.o
 *(.gnu.warning)

.fini           0x00000000000248c8       0x14
 *(SORT(.fini))
 .fini          0x00000000000248c8        0xf /usr/lib/gcc/i686-linux-gnu/4.8/../../../i386-linux-gnu/crti.o
                0x00000000000248c8                _fini
 .fini          0x00000000000248d7        0x5 /usr/lib/gcc/i686-linux-gnu/4.8/../../../i386-linux-gnu/crtn.o
                0x00000000000248dc                PROVIDE (__etext, .)
                0x00000000000248dc                PROVIDE (_etext, .)
                0x00000000000248dc                PROVIDE (etext, .)

.rodata         0x00000000000248e0     0x2378
 *(.rodata .rodata.* .gnu.linkonce.r.*)
 .rodata        0x00000000000248e0      0x148 udp-server.co
                0x00000000000248f4                autostart_processes
 .rodata        0x0000000000024a28      0x127 obj_cooja/mtype450.o
 *fill*         0x0000000000024b4f        0x1 
 .rodata        0x0000000000024b50        0x8 obj_cooja/mtype450.a(beep.o)
                0x0000000000024b50                beep_interface
 .rodata        0x0000000000024b58       0x20 obj_cooja/mtype450.a(button-sensor.o)
                0x0000000000024b58                button_interface
                0x0000000000024b68                button_sensor
 .rodata        0x0000000000024b78        0x8 obj_cooja/mtype450.a(leds-arch.o)
                0x0000000000024b78                leds_interface
 .rodata        0x0000000000024b80        0x8 obj_cooja/mtype450.a(moteid.o)
                0x0000000000024b80                moteid_interface
 .rodata        0x0000000000024b88       0x1c obj_cooja/mtype450.a(pir-sensor.o)
                0x0000000000024b88                pir_interface
                0x0000000000024b94                pir_sensor
 .rodata        0x0000000000024ba4        0xe obj_cooja/mtype450.a(rs232.o)
                0x0000000000024ba4                rs232_interface
 *fill*         0x0000000000024bb2        0x2 
 .rodata        0x0000000000024bb4       0x24 obj_cooja/mtype450.a(vib-sensor.o)
                0x0000000000024bb4                vib_interface
                0x0000000000024bc8                vib_sensor
 .rodata        0x0000000000024bd8        0x8 obj_cooja/mtype450.a(clock.o)
                0x0000000000024bd8                clock_interface
 .rodata        0x0000000000024be0        0x8 obj_cooja/mtype450.a(log.o)
                0x0000000000024be0                simlog_interface
 .rodata        0x0000000000024be8       0x2f obj_cooja/mtype450.a(cfs-cooja.o)
                0x0000000000024be8                cfs_interface
 *fill*         0x0000000000024c17        0x9 
 .rodata        0x0000000000024c20      0x120 obj_cooja/mtype450.a(cooja-radio.o)
                0x0000000000024d00                cooja_radio_driver
                0x0000000000024d38                radio_interface
 .rodata        0x0000000000024d40        0x8 obj_cooja/mtype450.a(eeprom.o)
                0x0000000000024d40                eeprom_interface
 .rodata        0x0000000000024d48        0x8 obj_cooja/mtype450.a(sensors.o)
 .rodata        0x0000000000024d50      0x196 obj_cooja/mtype450.a(dual_conf.o)
 .rodata        0x0000000000024ee6        0xf obj_cooja/mtype450.a(ctimer.o)
 .rodata        0x0000000000024ef5        0xc obj_cooja/mtype450.a(etimer.o)
 .rodata        0x0000000000024f01        0xe obj_cooja/mtype450.a(serial-line.o)
 *fill*         0x0000000000024f0f        0x1 
 .rodata        0x0000000000024f10       0x2c obj_cooja/mtype450.a(sicslowpan.o)
                0x0000000000024f10                unc_llconf
                0x0000000000024f14                unc_ctxconf
                0x0000000000024f18                unc_mxconf
                0x0000000000024f1c                llprefix
                0x0000000000024f30                sicslowpan_driver
 .rodata        0x0000000000024f3c      0x13c obj_cooja/mtype450.a(uip6.o)
 .rodata        0x0000000000025078      0x107 obj_cooja/mtype450.a(tcpip.o)
 .rodata        0x000000000002517f       0x3e obj_cooja/mtype450.a(uip-debug.o)
 *fill*         0x00000000000251bd        0x3 
 .rodata        0x00000000000251c0      0xc0b obj_cooja/mtype450.a(rpl-dag.o)
 *fill*         0x0000000000025dcb        0x1 
 .rodata        0x0000000000025dcc      0x8a4 obj_cooja/mtype450.a(rpl-icmp6.o)
 .rodata        0x0000000000026670       0x6f obj_cooja/mtype450.a(rpl-mrhof.o)
 *fill*         0x00000000000266df        0x1 
 .rodata        0x00000000000266e0      0x260 obj_cooja/mtype450.a(rpl-timers.o)
 .rodata        0x0000000000026940      0x1be obj_cooja/mtype450.a(rpl.o)
 .rodata        0x0000000000026afe        0x8 obj_cooja/mtype450.a(linkaddr.o)
                0x0000000000026afe                linkaddr_null
 *fill*         0x0000000000026b06        0x2 
 .rodata        0x0000000000026b08       0x24 obj_cooja/mtype450.a(csma.o)
                0x0000000000026b10                csma_driver
 .rodata        0x0000000000026b2c        0xc obj_cooja/mtype450.a(framer-802154.o)
                0x0000000000026b2c                framer_802154
 *fill*         0x0000000000026b38        0x8 
 .rodata        0x0000000000026b40      0x100 obj_cooja/mtype450.a(nullrdc.o)
                0x0000000000026c20                nullrdc_driver
 .rodata        0x0000000000026c40       0x18 obj_cooja/mtype450.a(nullsec.o)
                0x0000000000026c48                nullsec_driver

.rodata1
 *(.rodata1)

.eh_frame_hdr   0x0000000000026c58     0x12cc
 *(.eh_frame_hdr)
 .eh_frame_hdr  0x0000000000026c58     0x12cc udp-server.co

.eh_frame       0x0000000000027f24     0x4ca0
 *(.eh_frame)
 .eh_frame      0x0000000000027f24       0x3c /usr/lib/gcc/i686-linux-gnu/4.8/../../../i386-linux-gnu/crti.o
                                         0x40 (size before relaxing)
 .eh_frame      0x0000000000027f60       0x68 udp-server.co
                                         0x80 (size before relaxing)
 .eh_frame      0x0000000000027fc8      0x148 obj_cooja/mtype450.o
                                        0x160 (size before relaxing)
 .eh_frame      0x0000000000028110       0x40 obj_cooja/mtype450.a(simEnvChange.o)
                                         0x58 (size before relaxing)
 .eh_frame      0x0000000000028150       0xc0 obj_cooja/mtype450.a(cooja_mt.o)
                                         0xd8 (size before relaxing)
 .eh_frame      0x0000000000028210      0x120 obj_cooja/mtype450.a(cooja_mtarch.o)
                                        0x138 (size before relaxing)
 .eh_frame      0x0000000000028330       0xc0 obj_cooja/mtype450.a(rtimer-arch.o)
                                         0xd8 (size before relaxing)
 .eh_frame      0x00000000000283f0      0x160 obj_cooja/mtype450.a(beep.o)
                                        0x178 (size before relaxing)
 .eh_frame      0x0000000000028550       0xa0 obj_cooja/mtype450.a(button-sensor.o)
                                         0xb8 (size before relaxing)
 .eh_frame      0x00000000000285f0       0xa0 obj_cooja/mtype450.a(leds-arch.o)
                                         0xb8 (size before relaxing)
 .eh_frame      0x0000000000028690       0x40 obj_cooja/mtype450.a(moteid.o)
                                         0x58 (size before relaxing)
 .eh_frame      0x00000000000286d0       0xa0 obj_cooja/mtype450.a(pir-sensor.o)
                                         0xb8 (size before relaxing)
 .eh_frame      0x0000000000028770      0x100 obj_cooja/mtype450.a(rs232.o)
                                        0x118 (size before relaxing)
 .eh_frame      0x0000000000028870       0xa0 obj_cooja/mtype450.a(vib-sensor.o)
                                         0xb8 (size before relaxing)
 .eh_frame      0x0000000000028910       0xc0 obj_cooja/mtype450.a(clock.o)
                                         0xd8 (size before relaxing)
 .eh_frame      0x00000000000289d0      0x120 obj_cooja/mtype450.a(log.o)
                                        0x138 (size before relaxing)
 .eh_frame      0x0000000000028af0      0x160 obj_cooja/mtype450.a(cfs-cooja.o)
                                        0x178 (size before relaxing)
 .eh_frame      0x0000000000028c50      0x2e0 obj_cooja/mtype450.a(cooja-radio.o)
                                        0x2f8 (size before relaxing)
 .eh_frame      0x0000000000028f30       0xa0 obj_cooja/mtype450.a(eeprom.o)
                                         0xb8 (size before relaxing)
 .eh_frame      0x0000000000028fd0       0x40 obj_cooja/mtype450.a(random.o)
                                         0x58 (size before relaxing)
 .eh_frame      0x0000000000029010       0xc0 obj_cooja/mtype450.a(sensors.o)
                                         0xd8 (size before relaxing)
 .eh_frame      0x00000000000290d0      0x120 obj_cooja/mtype450.a(dual_conf.o)
                                        0x138 (size before relaxing)
 .eh_frame      0x00000000000291f0       0x40 obj_cooja/mtype450.a(autostart.o)
                                         0x58 (size before relaxing)
 .eh_frame      0x0000000000029230      0x100 obj_cooja/mtype450.a(ctimer.o)
                                        0x118 (size before relaxing)
 .eh_frame      0x0000000000029330      0x1e0 obj_cooja/mtype450.a(etimer.o)
                                        0x1f8 (size before relaxing)
 .eh_frame      0x0000000000029510      0x1c8 obj_cooja/mtype450.a(process.o)
                                        0x1e0 (size before relaxing)
 .eh_frame      0x00000000000296d8       0x60 obj_cooja/mtype450.a(rtimer.o)
                                         0x78 (size before relaxing)
 .eh_frame      0x0000000000029738       0xa4 obj_cooja/mtype450.a(timer.o)
                                         0xbc (size before relaxing)
 .eh_frame      0x00000000000297dc       0x60 obj_cooja/mtype450.a(serial-line.o)
                                         0x78 (size before relaxing)
 .eh_frame      0x000000000002983c      0x180 obj_cooja/mtype450.a(list.o)
                                        0x198 (size before relaxing)
 .eh_frame      0x00000000000299bc       0xa0 obj_cooja/mtype450.a(ringbuf.o)
                                         0xb8 (size before relaxing)
 .eh_frame      0x0000000000029a5c      0x350 obj_cooja/mtype450.a(sicslowpan.o)
                                        0x368 (size before relaxing)
 .eh_frame      0x0000000000029dac      0x180 obj_cooja/mtype450.a(uip-ds6-nbr.o)
                                        0x198 (size before relaxing)
 .eh_frame      0x0000000000029f2c      0x2c8 obj_cooja/mtype450.a(uip-ds6.o)
                                        0x2e0 (size before relaxing)
 .eh_frame      0x000000000002a1f4      0x27c obj_cooja/mtype450.a(uip6.o)
                                        0x294 (size before relaxing)
 .eh_frame      0x000000000002a470      0x270 obj_cooja/mtype450.a(tcpip.o)
                                        0x288 (size before relaxing)
 .eh_frame      0x000000000002a6e0       0x48 obj_cooja/mtype450.a(uip-debug.o)
                                         0x60 (size before relaxing)
 .eh_frame      0x000000000002a728       0xe0 obj_cooja/mtype450.a(uip-packetqueue)
                                         0xf8 (size before relaxing)
 .eh_frame      0x000000000002a808      0x674 obj_cooja/mtype450.a(rpl-dag.o)
                                        0x68c (size before relaxing)
 .eh_frame      0x000000000002ae7c      0x10c obj_cooja/mtype450.a(rpl-ext-header.)
                                        0x124 (size before relaxing)
 .eh_frame      0x000000000002af88      0x288 obj_cooja/mtype450.a(rpl-icmp6.o)
                                        0x2a0 (size before relaxing)
 .eh_frame      0x000000000002b210       0xe4 obj_cooja/mtype450.a(rpl-mrhof.o)
                                         0xfc (size before relaxing)
 .eh_frame      0x000000000002b2f4      0x210 obj_cooja/mtype450.a(rpl-timers.o)
                                        0x228 (size before relaxing)
 .eh_frame      0x000000000002b504      0x140 obj_cooja/mtype450.a(rpl.o)
                                        0x158 (size before relaxing)
 .eh_frame      0x000000000002b644       0x60 obj_cooja/mtype450.a(linkaddr.o)
                                         0x78 (size before relaxing)
 .eh_frame      0x000000000002b6a4      0x26c obj_cooja/mtype450.a(nbr-table.o)
                                        0x284 (size before relaxing)
 .eh_frame      0x000000000002b910       0x20 obj_cooja/mtype450.a(netstack.o)
                                         0x38 (size before relaxing)
 .eh_frame      0x000000000002b930      0x214 obj_cooja/mtype450.a(packetbuf.o)
                                        0x22c (size before relaxing)
 .eh_frame      0x000000000002bb44      0x1a0 obj_cooja/mtype450.a(queuebuf.o)
                                        0x1b8 (size before relaxing)
 .eh_frame      0x000000000002bce4      0x28c obj_cooja/mtype450.a(csma.o)
                                        0x2a4 (size before relaxing)
 .eh_frame      0x000000000002bf70      0x108 obj_cooja/mtype450.a(framer-802154.o)
                                        0x120 (size before relaxing)
 .eh_frame      0x000000000002c078       0x20 obj_cooja/mtype450.a(mac.o)
                                         0x38 (size before relaxing)
 .eh_frame      0x000000000002c098      0x18c obj_cooja/mtype450.a(nullrdc.o)
                                        0x1a4 (size before relaxing)
 .eh_frame      0x000000000002c224       0x80 obj_cooja/mtype450.a(nullsec.o)
                                         0x98 (size before relaxing)
 .eh_frame      0x000000000002c2a4       0xa0 obj_cooja/mtype450.a(watchdog.o)
                                         0xb8 (size before relaxing)
 .eh_frame      0x000000000002c344       0xc4 obj_cooja/mtype450.a(stimer.o)
                                         0xdc (size before relaxing)
 .eh_frame      0x000000000002c408       0xa0 obj_cooja/mtype450.a(memb.o)
                                         0xb8 (size before relaxing)
 .eh_frame      0x000000000002c4a8      0x2a0 obj_cooja/mtype450.a(uip-ds6-route.o)
                                        0x2b8 (size before relaxing)
 .eh_frame      0x000000000002c748      0x164 obj_cooja/mtype450.a(uip-icmp6.o)
                                        0x17c (size before relaxing)
 .eh_frame      0x000000000002c8ac       0x68 obj_cooja/mtype450.a(uip-nd6.o)
                                         0x80 (size before relaxing)
 .eh_frame      0x000000000002c914       0xc0 obj_cooja/mtype450.a(rpl-nbr-policy.)
                                         0xd8 (size before relaxing)
 .eh_frame      0x000000000002c9d4      0x164 obj_cooja/mtype450.a(frame802154.o)
                                        0x17c (size before relaxing)
 .eh_frame      0x000000000002cb38       0x88 obj_cooja/mtype450.a(mac-sequence.o)
                                         0xa0 (size before relaxing)
 .eh_frame      0x000000000002cbc0        0x4 /usr/lib/gcc/i686-linux-gnu/4.8/crtendS.o

.gcc_except_table
 *(.gcc_except_table .gcc_except_table.*)

.exception_ranges
 *(.exception_ranges .exception_ranges*)
                0x000000000002cbc4                . = (ALIGN (0x1000) - ((0x1000 - .) & 0xfff))
                0x000000000002def8                . = DATA_SEGMENT_ALIGN (0x1000, 0x1000)

.eh_frame
 *(.eh_frame)

.gcc_except_table
 *(.gcc_except_table .gcc_except_table.*)

.exception_ranges
 *(.exception_ranges .exception_ranges*)

.tdata
 *(.tdata .tdata.* .gnu.linkonce.td.*)

.tbss
 *(.tbss .tbss.* .gnu.linkonce.tb.*)
 *(.tcommon)

.preinit_array
 *(.preinit_array)

.init_array     0x000000000002def8        0x4
 *(SORT(.init_array.*) SORT(.ctors.*))
 *(.init_array EXCLUDE_FILE(*crtend?.o *crtend.o *crtbegin?.o *crtbegin.o) .ctors)
 .init_array    0x000000000002def8        0x4 /usr/lib/gcc/i686-linux-gnu/4.8/crtbeginS.o

.fini_array     0x000000000002defc        0x4
 *(SORT(.fini_array.*) SORT(.dtors.*))
 *(.fini_array EXCLUDE_FILE(*crtend?.o *crtend.o *crtbegin?.o *crtbegin.o) .dtors)
 .fini_array    0x000000000002defc        0x4 /usr/lib/gcc/i686-linux-gnu/4.8/crtbeginS.o

.ctors
 *crtbegin.o(.ctors)
 *crtbegin?.o(.ctors)
 *(EXCLUDE_FILE(*crtend?.o *crtend.o) .ctors)
 *(SORT(.ctors.*))
 *(.ctors)

.dtors
 *crtbegin.o(.dtors)
 *crtbegin?.o(.dtors)
 *(EXCLUDE_FILE(*crtend?.o *crtend.o) .dtors)
 *(SORT(.dtors.*))
 *(.dtors)

.jcr            0x000000000002df00        0x4
 *(.jcr)
 .jcr           0x000000000002df00        0x0 /usr/lib/gcc/i686-linux-gnu/4.8/crtbeginS.o
 .jcr           0x000000000002df00        0x4 /usr/lib/gcc/i686-linux-gnu/4.8/crtendS.o

.data.rel.ro
 *(.data.rel.ro.local* .gnu.linkonce.d.rel.ro.local.*)
 *(.data.rel.ro .data.rel.ro.* .gnu.linkonce.d.rel.ro.*)

.dynamic        0x000000000002df04       0xe8
 *(.dynamic)
 .dynamic       0x000000000002df04       0xe8 /usr/lib/gcc/i686-linux-gnu/4.8/../../../i386-linux-gnu/crti.o
                0x000000000002df04                _DYNAMIC

.got            0x000000000002dfec       0x14
 *(.got)
 .got           0x000000000002dfec       0x14 /usr/lib/gcc/i686-linux-gnu/4.8/../../../i386-linux-gnu/crti.o
 *(.igot)
                0x000000000002eff4                . = DATA_SEGMENT_RELRO_END (., (SIZEOF (.got.plt) >= 0xc)?0xc:0x0)

.got.plt        0x000000000002e000       0x14
 *(.got.plt)
 .got.plt       0x000000000002e000       0x14 /usr/lib/gcc/i686-linux-gnu/4.8/../../../i386-linux-gnu/crti.o
                0x000000000002e000                _GLOBAL_OFFSET_TABLE_
 *(.igot.plt)

.data           0x000000000002e020      0x246
 *(.data .data.* .gnu.linkonce.d.*)
 .data          0x000000000002e020        0x0 /usr/lib/gcc/i686-linux-gnu/4.8/../../../i386-linux-gnu/crti.o
 .data          0x000000000002e020        0x0 /usr/lib/gcc/i686-linux-gnu/4.8/crtbeginS.o
 .data.rel      0x000000000002e020        0x4 /usr/lib/gcc/i686-linux-gnu/4.8/crtbeginS.o
                0x000000000002e020                __dso_handle
 .data          0x000000000002e024       0x10 udp-server.co
                0x000000000002e024                udp_server_process
 *fill*         0x000000000002e034        0xc 
 .data          0x000000000002e040       0x44 obj_cooja/mtype450.o
                0x000000000002e040                simInterfaces
                0x000000000002e074                sensors
 .data          0x000000000002e084        0x0 obj_cooja/mtype450.a(simEnvChange.o)
 .data          0x000000000002e084        0x0 obj_cooja/mtype450.a(cooja_mt.o)
 .data          0x000000000002e084        0x0 obj_cooja/mtype450.a(cooja_mtarch.o)
 .data          0x000000000002e084        0x0 obj_cooja/mtype450.a(rtimer-arch.o)
 .data          0x000000000002e084        0x0 obj_cooja/mtype450.a(beep.o)
 .data          0x000000000002e084        0x0 obj_cooja/mtype450.a(button-sensor.o)
 .data          0x000000000002e084        0x0 obj_cooja/mtype450.a(leds-arch.o)
 .data          0x000000000002e084        0x0 obj_cooja/mtype450.a(moteid.o)
 .data          0x000000000002e084        0x0 obj_cooja/mtype450.a(pir-sensor.o)
 .data          0x000000000002e084        0x0 obj_cooja/mtype450.a(rs232.o)
 .data          0x000000000002e084        0x0 obj_cooja/mtype450.a(vib-sensor.o)
 .data          0x000000000002e084        0x0 obj_cooja/mtype450.a(clock.o)
 .data          0x000000000002e084        0x0 obj_cooja/mtype450.a(log.o)
 .data          0x000000000002e084        0x0 obj_cooja/mtype450.a(cfs-cooja.o)
 .data          0x000000000002e084       0x2c obj_cooja/mtype450.a(cooja-radio.o)
                0x000000000002e084                simRadioHWOn
                0x000000000002e088                simSignalStrength
                0x000000000002e08c                simLastSignalStrength
                0x000000000002e090                simPower
                0x000000000002e094                simRadioChannel
                0x000000000002e098                simRadioChannelLR
                0x000000000002e09c                simLQI
                0x000000000002e0a0                cooja_radio_process
 .data          0x000000000002e0b0        0x0 obj_cooja/mtype450.a(eeprom.o)
 .data          0x000000000002e0b0        0x0 obj_cooja/mtype450.a(random.o)
 .data          0x000000000002e0b0       0x10 obj_cooja/mtype450.a(sensors.o)
                0x000000000002e0b0                sensors_process
 .data          0x000000000002e0c0       0x24 obj_cooja/mtype450.a(dual_conf.o)
                0x000000000002e0c0                radio_received
                0x000000000002e0c4                dual_dio_broadcast
                0x000000000002e0d4                dual_dis_broadcast
 .data          0x000000000002e0e4        0x0 obj_cooja/mtype450.a(autostart.o)
 .data          0x000000000002e0e4       0x14 obj_cooja/mtype450.a(ctimer.o)
                0x000000000002e0e8                ctimer_process
 .data          0x000000000002e0f8       0x10 obj_cooja/mtype450.a(etimer.o)
                0x000000000002e0f8                etimer_process
 .data          0x000000000002e108        0x0 obj_cooja/mtype450.a(process.o)
 .data          0x000000000002e108        0x0 obj_cooja/mtype450.a(rtimer.o)
 .data          0x000000000002e108        0x0 obj_cooja/mtype450.a(timer.o)
 .data          0x000000000002e108       0x10 obj_cooja/mtype450.a(serial-line.o)
                0x000000000002e108                serial_line_process
 .data          0x000000000002e118        0x0 obj_cooja/mtype450.a(list.o)
 .data          0x000000000002e118        0x0 obj_cooja/mtype450.a(ringbuf.o)
 .data          0x000000000002e118        0x0 obj_cooja/mtype450.a(sicslowpan.o)
 .data          0x000000000002e118       0x14 obj_cooja/mtype450.a(uip-ds6-nbr.o)
                0x000000000002e128                ds6_neighbors
 .data          0x000000000002e12c        0x0 obj_cooja/mtype450.a(uip-ds6.o)
 .data          0x000000000002e12c        0x0 obj_cooja/mtype450.a(uip6.o)
 .data          0x000000000002e12c       0x10 obj_cooja/mtype450.a(tcpip.o)
                0x000000000002e12c                tcpip_process
 .data          0x000000000002e13c        0x0 obj_cooja/mtype450.a(uip-debug.o)
 .data          0x000000000002e13c        0xc obj_cooja/mtype450.a(uip-packetqueue)
 .data          0x000000000002e148       0x14 obj_cooja/mtype450.a(rpl-dag.o)
                0x000000000002e158                rpl_parents
 .data          0x000000000002e15c        0x0 obj_cooja/mtype450.a(rpl-ext-header.)
 .data          0x000000000002e15c       0x34 obj_cooja/mtype450.a(rpl-icmp6.o)
 .data          0x000000000002e190       0x1c obj_cooja/mtype450.a(rpl-mrhof.o)
                0x000000000002e190                rpl_mrhof
 .data          0x000000000002e1ac        0x0 obj_cooja/mtype450.a(rpl-timers.o)
 .data          0x000000000002e1ac        0x0 obj_cooja/mtype450.a(rpl.o)
 .data          0x000000000002e1ac        0x0 obj_cooja/mtype450.a(linkaddr.o)
 .data          0x000000000002e1ac       0x10 obj_cooja/mtype450.a(nbr-table.o)
 .data          0x000000000002e1bc        0x0 obj_cooja/mtype450.a(netstack.o)
 .data          0x000000000002e1bc        0x4 obj_cooja/mtype450.a(packetbuf.o)
 .data          0x000000000002e1c0       0x18 obj_cooja/mtype450.a(queuebuf.o)
 .data          0x000000000002e1d8       0x28 obj_cooja/mtype450.a(csma.o)
 .data          0x000000000002e200        0x0 obj_cooja/mtype450.a(framer-802154.o)
 .data          0x000000000002e200        0x0 obj_cooja/mtype450.a(mac.o)
 .data          0x000000000002e200        0x0 obj_cooja/mtype450.a(nullrdc.o)
 .data          0x000000000002e200        0x0 obj_cooja/mtype450.a(nullsec.o)
 .data          0x000000000002e200        0x0 obj_cooja/mtype450.a(watchdog.o)
 .data          0x000000000002e200        0x0 obj_cooja/mtype450.a(rimestats.o)
 .data          0x000000000002e200        0x0 obj_cooja/mtype450.a(stimer.o)
 .data          0x000000000002e200        0x0 obj_cooja/mtype450.a(memb.o)
 .data          0x000000000002e200       0x44 obj_cooja/mtype450.a(uip-ds6-route.o)
                0x000000000002e210                nbr_routes
 .data          0x000000000002e244       0x20 obj_cooja/mtype450.a(uip-icmp6.o)
 .data          0x000000000002e264        0x0 obj_cooja/mtype450.a(uip-nd6.o)
 .data          0x000000000002e264        0x0 obj_cooja/mtype450.a(rpl-nbr-policy.)
 .data          0x000000000002e264        0x2 obj_cooja/mtype450.a(frame802154.o)
 .data          0x000000000002e266        0x0 obj_cooja/mtype450.a(mac-sequence.o)
 .data          0x000000000002e266        0x0 /usr/lib/gcc/i686-linux-gnu/4.8/crtendS.o
 .data          0x000000000002e266        0x0 /usr/lib/gcc/i686-linux-gnu/4.8/../../../i386-linux-gnu/crtn.o

.tm_clone_table
                0x000000000002e268        0x0
 .tm_clone_table
                0x000000000002e268        0x0 /usr/lib/gcc/i686-linux-gnu/4.8/crtbeginS.o
 .tm_clone_table
                0x000000000002e268        0x0 /usr/lib/gcc/i686-linux-gnu/4.8/crtendS.o

.data1
 *(.data1)
                0x000000000002e268                _edata = .
                0x000000000002e268                PROVIDE (edata, .)
                0x000000000002e268                . = .
                0x000000000002e268                __bss_start = .

.bss            0x000000000002e280     0x80e8
 *(.dynbss)
 .dynbss        0x0000000000000000        0x0 /usr/lib/gcc/i686-linux-gnu/4.8/../../../i386-linux-gnu/crti.o
 *(.bss .bss.* .gnu.linkonce.b.*)
 .bss           0x000000000002e280        0x0 /usr/lib/gcc/i686-linux-gnu/4.8/../../../i386-linux-gnu/crti.o
 .bss           0x000000000002e280        0x1 /usr/lib/gcc/i686-linux-gnu/4.8/crtbeginS.o
 *fill*         0x000000000002e281        0x3 
 .bss           0x000000000002e284        0x4 udp-server.co
 *fill*         0x000000000002e288       0x18 
 .bss           0x000000000002e2a0     0x2030 obj_cooja/mtype450.o
 .bss           0x00000000000302d0        0x1 obj_cooja/mtype450.a(simEnvChange.o)
                0x00000000000302d0                simDontFallAsleep
 *fill*         0x00000000000302d1        0x3 
 .bss           0x00000000000302d4        0x4 obj_cooja/mtype450.a(cooja_mt.o)
 .bss           0x00000000000302d8        0x4 obj_cooja/mtype450.a(cooja_mtarch.o)
 .bss           0x00000000000302dc        0xc obj_cooja/mtype450.a(rtimer-arch.o)
 .bss           0x00000000000302e8        0x0 obj_cooja/mtype450.a(beep.o)
 .bss           0x00000000000302e8        0x8 obj_cooja/mtype450.a(button-sensor.o)
 .bss           0x00000000000302f0        0x0 obj_cooja/mtype450.a(leds-arch.o)
 .bss           0x00000000000302f0        0x0 obj_cooja/mtype450.a(moteid.o)
 .bss           0x00000000000302f0        0x1 obj_cooja/mtype450.a(pir-sensor.o)
                0x00000000000302f0                simPirValue
 *fill*         0x00000000000302f1        0x3 
 .bss           0x00000000000302f4        0x4 obj_cooja/mtype450.a(rs232.o)
 .bss           0x00000000000302f8        0x1 obj_cooja/mtype450.a(vib-sensor.o)
                0x00000000000302f8                simVibValue
 .bss           0x00000000000302f9        0x0 obj_cooja/mtype450.a(clock.o)
 *fill*         0x00000000000302f9        0x7 
 .bss           0x0000000000030300      0x420 obj_cooja/mtype450.a(log.o)
 .bss           0x0000000000030720      0xfc0 obj_cooja/mtype450.a(cfs-cooja.o)
                0x0000000000030720                simCFSData
                0x00000000000316c0                simCFSSize
                0x00000000000316c4                simCFSChanged
                0x00000000000316c8                simCFSRead
                0x00000000000316cc                simCFSWritten
 .bss           0x00000000000316e0       0x20 obj_cooja/mtype450.a(cooja-radio.o)
                0x00000000000316e0                simReceiving
                0x00000000000316e1                simReceivingLR
                0x00000000000316e4                simInSize
                0x00000000000316e8                simInSizeLR
                0x00000000000316ec                simOutSize
                0x00000000000316f0                simOutSizeLR
                0x00000000000316f4                LongRangeTransmit
                0x00000000000316f8                LongRangeReceiving
 .bss           0x0000000000031700        0xc obj_cooja/mtype450.a(eeprom.o)
                0x0000000000031700                simEEPROMChanged
                0x0000000000031704                simEEPROMRead
                0x0000000000031708                simEEPROMWritten
 .bss           0x000000000003170c        0x0 obj_cooja/mtype450.a(random.o)
 .bss           0x000000000003170c        0xc obj_cooja/mtype450.a(sensors.o)
 .bss           0x0000000000031718       0x28 obj_cooja/mtype450.a(dual_conf.o)
                0x0000000000031718                long_range_radio
 .bss           0x0000000000031740        0x0 obj_cooja/mtype450.a(autostart.o)
 .bss           0x0000000000031740        0x5 obj_cooja/mtype450.a(ctimer.o)
 *fill*         0x0000000000031745        0x3 
 .bss           0x0000000000031748        0x8 obj_cooja/mtype450.a(etimer.o)
 *fill*         0x0000000000031750       0x10 
 .bss           0x0000000000031760      0x1b1 obj_cooja/mtype450.a(process.o)
                0x0000000000031760                process_list
                0x0000000000031764                process_current
 *fill*         0x0000000000031911        0x3 
 .bss           0x0000000000031914        0x4 obj_cooja/mtype450.a(rtimer.o)
 .bss           0x0000000000031918        0x0 obj_cooja/mtype450.a(timer.o)
 *fill*         0x0000000000031918        0x8 
 .bss           0x0000000000031920      0x140 obj_cooja/mtype450.a(serial-line.o)
 .bss           0x0000000000031a60        0x0 obj_cooja/mtype450.a(list.o)
 .bss           0x0000000000031a60        0x0 obj_cooja/mtype450.a(ringbuf.o)
 .bss           0x0000000000031a60      0x70c obj_cooja/mtype450.a(sicslowpan.o)
 *fill*         0x000000000003216c       0x14 
 .bss           0x0000000000032180       0xf0 obj_cooja/mtype450.a(uip-ds6-nbr.o)
 .bss           0x0000000000032270       0x20 obj_cooja/mtype450.a(uip-ds6.o)
 .bss           0x0000000000032290        0xe obj_cooja/mtype450.a(uip6.o)
                0x0000000000032290                uip_ext_bitmap
                0x0000000000032291                uip_ext_len
                0x0000000000032292                uip_ext_opt_offset
 *fill*         0x000000000003229e        0x2 
 .bss           0x00000000000322a0       0x6a obj_cooja/mtype450.a(tcpip.o)
 .bss           0x000000000003230a        0x0 obj_cooja/mtype450.a(uip-debug.o)
 *fill*         0x000000000003230a       0x16 
 .bss           0x0000000000032320      0xcf8 obj_cooja/mtype450.a(uip-packetqueue)
 *fill*         0x0000000000033018        0x8 
 .bss           0x0000000000033020       0xa0 obj_cooja/mtype450.a(rpl-dag.o)
 .bss           0x00000000000330c0        0x0 obj_cooja/mtype450.a(rpl-ext-header.)
 .bss           0x00000000000330c0        0x0 obj_cooja/mtype450.a(rpl-icmp6.o)
 .bss           0x00000000000330c0        0x0 obj_cooja/mtype450.a(rpl-mrhof.o)
 .bss           0x00000000000330c0       0x23 obj_cooja/mtype450.a(rpl-timers.o)
 *fill*         0x00000000000330e3        0x1 
 .bss           0x00000000000330e4        0x4 obj_cooja/mtype450.a(rpl.o)
 .bss           0x00000000000330e8        0x0 obj_cooja/mtype450.a(linkaddr.o)
 *fill*         0x00000000000330e8       0x18 
 .bss           0x0000000000033100       0xdc obj_cooja/mtype450.a(nbr-table.o)
 .bss           0x00000000000331dc        0x0 obj_cooja/mtype450.a(netstack.o)
 *fill*         0x00000000000331dc        0x4 
 .bss           0x00000000000331e0       0xa0 obj_cooja/mtype450.a(packetbuf.o)
 .bss           0x0000000000033280      0xb80 obj_cooja/mtype450.a(queuebuf.o)
 .bss           0x0000000000033e00      0x248 obj_cooja/mtype450.a(csma.o)
 .bss           0x0000000000034048        0x2 obj_cooja/mtype450.a(framer-802154.o)
 .bss           0x000000000003404a        0x0 obj_cooja/mtype450.a(mac.o)
 .bss           0x000000000003404a        0x0 obj_cooja/mtype450.a(nullrdc.o)
 .bss           0x000000000003404a        0x0 obj_cooja/mtype450.a(nullsec.o)
 .bss           0x000000000003404a        0x0 obj_cooja/mtype450.a(watchdog.o)
 .bss           0x000000000003404a        0x0 obj_cooja/mtype450.a(rimestats.o)
 .bss           0x000000000003404a        0x0 obj_cooja/mtype450.a(stimer.o)
 .bss           0x000000000003404a        0x0 obj_cooja/mtype450.a(memb.o)
 *fill*         0x000000000003404a       0x16 
 .bss           0x0000000000034060      0x2a8 obj_cooja/mtype450.a(uip-ds6-route.o)
 .bss           0x0000000000034308       0x18 obj_cooja/mtype450.a(uip-icmp6.o)
 .bss           0x0000000000034320        0x0 obj_cooja/mtype450.a(uip-nd6.o)
 .bss           0x0000000000034320       0x44 obj_cooja/mtype450.a(rpl-nbr-policy.)
 .bss           0x0000000000034364        0x0 obj_cooja/mtype450.a(frame802154.o)
 *fill*         0x0000000000034364       0x1c 
 .bss           0x0000000000034380       0x90 obj_cooja/mtype450.a(mac-sequence.o)
 .bss           0x0000000000034410        0x0 /usr/lib/gcc/i686-linux-gnu/4.8/crtendS.o
 .bss           0x0000000000034410        0x0 /usr/lib/gcc/i686-linux-gnu/4.8/../../../i386-linux-gnu/crtn.o
 *(COMMON)
 COMMON         0x0000000000034410        0x8 obj_cooja/mtype450.o
                0x0000000000034410                referenceVar
                0x0000000000034414                sensors_flags
 COMMON         0x0000000000034418        0xc obj_cooja/mtype450.a(simEnvChange.o)
                0x0000000000034418                simEtimerPending
                0x000000000003441c                simProcessRunValue
                0x0000000000034420                simNextExpirationTime
 COMMON         0x0000000000034424        0x1 obj_cooja/mtype450.a(beep.o)
                0x0000000000034424                simBeeped
 COMMON         0x0000000000034425        0x3 obj_cooja/mtype450.a(button-sensor.o)
                0x0000000000034425                simButtonIsActive
                0x0000000000034426                simButtonIsDown
                0x0000000000034427                simButtonChanged
 COMMON         0x0000000000034428        0x1 obj_cooja/mtype450.a(leds-arch.o)
                0x0000000000034428                simLedsValue
 *fill*         0x0000000000034429        0x3 
 COMMON         0x000000000003442c        0xc obj_cooja/mtype450.a(moteid.o)
                0x000000000003442c                simRandomSeed
                0x0000000000034430                simMoteIDChanged
                0x0000000000034434                simMoteID
 COMMON         0x0000000000034438        0x2 obj_cooja/mtype450.a(pir-sensor.o)
                0x0000000000034438                simPirIsActive
                0x0000000000034439                simPirChanged
 *fill*         0x000000000003443a        0x6 
 COMMON         0x0000000000034440      0x820 obj_cooja/mtype450.a(rs232.o)
                0x0000000000034440                simSerialReceivingFlag
                0x0000000000034444                simSerialReceivingLength
                0x0000000000034460                simSerialReceivingData
 COMMON         0x0000000000034c60        0x2 obj_cooja/mtype450.a(vib-sensor.o)
                0x0000000000034c60                simVibChanged
                0x0000000000034c61                simVibIsActive
 *fill*         0x0000000000034c62        0x2 
 COMMON         0x0000000000034c64        0x4 obj_cooja/mtype450.a(clock.o)
                0x0000000000034c64                simCurrentTime
 *fill*         0x0000000000034c68       0x18 
 COMMON         0x0000000000034c80      0x420 obj_cooja/mtype450.a(log.o)
                0x0000000000034c80                simLoggedLength
                0x0000000000034c84                simLoggedFlag
                0x0000000000034ca0                simLoggedData
 COMMON         0x00000000000350a0      0x200 obj_cooja/mtype450.a(cooja-radio.o)
                0x00000000000350a0                simOutDataBuffer
                0x0000000000035120                simInDataBufferLR
                0x00000000000351a0                simOutDataBufferLR
                0x0000000000035220                simInDataBuffer
 COMMON         0x00000000000352a0      0x400 obj_cooja/mtype450.a(eeprom.o)
                0x00000000000352a0                simEEPROMData
 COMMON         0x00000000000356a0        0x1 obj_cooja/mtype450.a(sensors.o)
                0x00000000000356a0                sensors_event
 COMMON         0x00000000000356a1        0x1 obj_cooja/mtype450.a(serial-line.o)
                0x00000000000356a1                serial_line_event_message
 *fill*         0x00000000000356a2       0x1e 
 COMMON         0x00000000000356c0      0x181 obj_cooja/mtype450.a(uip-ds6.o)
                0x00000000000356c0                uip_ds6_prefix_list
                0x0000000000035720                uip_ds6_timer_periodic
                0x0000000000035730                uip_ds6_netif_addr_list_offset
                0x0000000000035740                uip_ds6_if
                0x0000000000035838                uip_ds6_timer_ra
                0x0000000000035840                uip_ds6_addr_size
 *fill*         0x0000000000035841       0x1f 
 COMMON         0x0000000000035860      0x8ec obj_cooja/mtype450.a(uip6.o)
                0x0000000000035860                uip_slen
                0x0000000000035862                uip_acc32
                0x0000000000035880                uip_conns
                0x0000000000035940                uip_lladdr
                0x0000000000035948                uip_appdata
                0x000000000003594c                uip_flags
                0x0000000000035960                uip_aligned_buf
                0x0000000000035fa0                uip_listenports
                0x0000000000035fb0                uip_len
                0x0000000000035fb4                uip_sappdata
                0x0000000000035fc0                uip_udp_conns
                0x0000000000036140                uip_udp_conn
                0x0000000000036144                uip_next_hdr
                0x0000000000036148                uip_conn
 COMMON         0x000000000003614c        0x1 obj_cooja/mtype450.a(tcpip.o)
                0x000000000003614c                tcpip_event
 *fill*         0x000000000003614d       0x13 
 COMMON         0x0000000000036160      0x170 obj_cooja/mtype450.a(rpl-dag.o)
                0x0000000000036160                default_instance
                0x0000000000036180                instance_table
 COMMON         0x00000000000362d0        0x8 obj_cooja/mtype450.a(linkaddr.o)
                0x00000000000362d0                linkaddr_node_addr
 COMMON         0x00000000000362d8       0x2e obj_cooja/mtype450.a(packetbuf.o)
                0x00000000000362d8                packetbuf_attrs
                0x00000000000362f6                packetbuf_addrs
 *fill*         0x0000000000036306       0x1a 
 COMMON         0x0000000000036320       0x48 obj_cooja/mtype450.a(rimestats.o)
                0x0000000000036320                rimestats
                0x0000000000036368                . = ALIGN ((. != 0x0)?0x4:0x1)
                0x0000000000036368                . = ALIGN (0x4)
                0x0000000000036368                . = SEGMENT_START ("ldata-segment", .)
                0x0000000000036368                . = ALIGN (0x4)
                0x0000000000036368                _end = .
                0x0000000000036368                PROVIDE (end, .)
                0x0000000000036368                . = DATA_SEGMENT_END (.)

.stab
 *(.stab)

.stabstr
 *(.stabstr)

.stab.excl
 *(.stab.excl)

.stab.exclstr
 *(.stab.exclstr)

.stab.index
 *(.stab.index)

.stab.indexstr
 *(.stab.indexstr)

.comment        0x0000000000000000       0x2b
 *(.comment)
 .comment       0x0000000000000000       0x2b /usr/lib/gcc/i686-linux-gnu/4.8/crtbeginS.o
                                         0x2c (size before relaxing)
 .comment       0x0000000000000000       0x2c udp-server.co
 .comment       0x0000000000000000       0x2c obj_cooja/mtype450.o
 .comment       0x0000000000000000       0x2c obj_cooja/mtype450.a(simEnvChange.o)
 .comment       0x0000000000000000       0x2c obj_cooja/mtype450.a(cooja_mt.o)
 .comment       0x0000000000000000       0x2c obj_cooja/mtype450.a(cooja_mtarch.o)
 .comment       0x0000000000000000       0x2c obj_cooja/mtype450.a(rtimer-arch.o)
 .comment       0x0000000000000000       0x2c obj_cooja/mtype450.a(beep.o)
 .comment       0x0000000000000000       0x2c obj_cooja/mtype450.a(button-sensor.o)
 .comment       0x0000000000000000       0x2c obj_cooja/mtype450.a(leds-arch.o)
 .comment       0x0000000000000000       0x2c obj_cooja/mtype450.a(moteid.o)
 .comment       0x0000000000000000       0x2c obj_cooja/mtype450.a(pir-sensor.o)
 .comment       0x0000000000000000       0x2c obj_cooja/mtype450.a(rs232.o)
 .comment       0x0000000000000000       0x2c obj_cooja/mtype450.a(vib-sensor.o)
 .comment       0x0000000000000000       0x2c obj_cooja/mtype450.a(clock.o)
 .comment       0x0000000000000000       0x2c obj_cooja/mtype450.a(log.o)
 .comment       0x0000000000000000       0x2c obj_cooja/mtype450.a(cfs-cooja.o)
 .comment       0x0000000000000000       0x2c obj_cooja/mtype450.a(cooja-radio.o)
 .comment       0x0000000000000000       0x2c obj_cooja/mtype450.a(eeprom.o)
 .comment       0x0000000000000000       0x2c obj_cooja/mtype450.a(random.o)
 .comment       0x0000000000000000       0x2c obj_cooja/mtype450.a(sensors.o)
 .comment       0x0000000000000000       0x2c obj_cooja/mtype450.a(dual_conf.o)
 .comment       0x0000000000000000       0x2c obj_cooja/mtype450.a(autostart.o)
 .comment       0x0000000000000000       0x2c obj_cooja/mtype450.a(ctimer.o)
 .comment       0x0000000000000000       0x2c obj_cooja/mtype450.a(etimer.o)
 .comment       0x0000000000000000       0x2c obj_cooja/mtype450.a(process.o)
 .comment       0x0000000000000000       0x2c obj_cooja/mtype450.a(rtimer.o)
 .comment       0x0000000000000000       0x2c obj_cooja/mtype450.a(timer.o)
 .comment       0x0000000000000000       0x2c obj_cooja/mtype450.a(serial-line.o)
 .comment       0x0000000000000000       0x2c obj_cooja/mtype450.a(list.o)
 .comment       0x0000000000000000       0x2c obj_cooja/mtype450.a(ringbuf.o)
 .comment       0x0000000000000000       0x2c obj_cooja/mtype450.a(sicslowpan.o)
 .comment       0x0000000000000000       0x2c obj_cooja/mtype450.a(uip-ds6-nbr.o)
 .comment       0x0000000000000000       0x2c obj_cooja/mtype450.a(uip-ds6.o)
 .comment       0x0000000000000000       0x2c obj_cooja/mtype450.a(uip6.o)
 .comment       0x0000000000000000       0x2c obj_cooja/mtype450.a(tcpip.o)
 .comment       0x0000000000000000       0x2c obj_cooja/mtype450.a(uip-debug.o)
 .comment       0x0000000000000000       0x2c obj_cooja/mtype450.a(uip-packetqueue)
 .comment       0x0000000000000000       0x2c obj_cooja/mtype450.a(rpl-dag.o)
 .comment       0x0000000000000000       0x2c obj_cooja/mtype450.a(rpl-ext-header.)
 .comment       0x0000000000000000       0x2c obj_cooja/mtype450.a(rpl-icmp6.o)
 .comment       0x0000000000000000       0x2c obj_cooja/mtype450.a(rpl-mrhof.o)
 .comment       0x0000000000000000       0x2c obj_cooja/mtype450.a(rpl-timers.o)
 .comment       0x0000000000000000       0x2c obj_cooja/mtype450.a(rpl.o)
 .comment       0x0000000000000000       0x2c obj_cooja/mtype450.a(linkaddr.o)
 .comment       0x0000000000000000       0x2c obj_cooja/mtype450.a(nbr-table.o)
 .comment       0x0000000000000000       0x2c obj_cooja/mtype450.a(netstack.o)
 .comment       0x0000000000000000       0x2c obj_cooja/mtype450.a(packetbuf.o)
 .comment       0x0000000000000000       0x2c obj_cooja/mtype450.a(queuebuf.o)
 .comment       0x0000000000000000       0x2c obj_cooja/mtype450.a(csma.o)
 .comment       0x0000000000000000       0x2c obj_cooja/mtype450.a(framer-802154.o)
 .comment       0x0000000000000000       0x2c obj_cooja/mtype450.a(mac.o)
 .comment       0x0000000000000000       0x2c obj_cooja/mtype450.a(nullrdc.o)
 .comment       0x0000000000000000       0x2c obj_cooja/mtype450.a(nullsec.o)
 .comment       0x0000000000000000       0x2c obj_cooja/mtype450.a(watchdog.o)
 .comment       0x0000000000000000       0x2c obj_cooja/mtype450.a(rimestats.o)
 .comment       0x0000000000000000       0x2c obj_cooja/mtype450.a(stimer.o)
 .comment       0x0000000000000000       0x2c obj_cooja/mtype450.a(memb.o)
 .comment       0x0000000000000000       0x2c obj_cooja/mtype450.a(uip-ds6-route.o)
 .comment       0x0000000000000000       0x2c obj_cooja/mtype450.a(uip-icmp6.o)
 .comment       0x0000000000000000       0x2c obj_cooja/mtype450.a(uip-nd6.o)
 .comment       0x0000000000000000       0x2c obj_cooja/mtype450.a(rpl-nbr-policy.)
 .comment       0x0000000000000000       0x2c obj_cooja/mtype450.a(frame802154.o)
 .comment       0x0000000000000000       0x2c obj_cooja/mtype450.a(mac-sequence.o)
 .comment       0x0000000000000000       0x2c /usr/lib/gcc/i686-linux-gnu/4.8/crtendS.o

.debug
 *(.debug)

.line
 *(.line)

.debug_srcinfo
 *(.debug_srcinfo)

.debug_sfnames
 *(.debug_sfnames)

.debug_aranges  0x0000000000000000      0x7d8
 *(.debug_aranges)
 .debug_aranges
                0x0000000000000000       0x20 udp-server.co
 .debug_aranges
                0x0000000000000020       0x20 obj_cooja/mtype450.o
 .debug_aranges
                0x0000000000000040       0x20 obj_cooja/mtype450.a(simEnvChange.o)
 .debug_aranges
                0x0000000000000060       0x20 obj_cooja/mtype450.a(cooja_mt.o)
 .debug_aranges
                0x0000000000000080       0x20 obj_cooja/mtype450.a(cooja_mtarch.o)
 .debug_aranges
                0x00000000000000a0       0x20 obj_cooja/mtype450.a(rtimer-arch.o)
 .debug_aranges
                0x00000000000000c0       0x20 obj_cooja/mtype450.a(beep.o)
 .debug_aranges
                0x00000000000000e0       0x20 obj_cooja/mtype450.a(button-sensor.o)
 .debug_aranges
                0x0000000000000100       0x20 obj_cooja/mtype450.a(leds-arch.o)
 .debug_aranges
                0x0000000000000120       0x20 obj_cooja/mtype450.a(moteid.o)
 .debug_aranges
                0x0000000000000140       0x20 obj_cooja/mtype450.a(pir-sensor.o)
 .debug_aranges
                0x0000000000000160       0x20 obj_cooja/mtype450.a(rs232.o)
 .debug_aranges
                0x0000000000000180       0x20 obj_cooja/mtype450.a(vib-sensor.o)
 .debug_aranges
                0x00000000000001a0       0x20 obj_cooja/mtype450.a(clock.o)
 .debug_aranges
                0x00000000000001c0       0x20 obj_cooja/mtype450.a(log.o)
 .debug_aranges
                0x00000000000001e0       0x20 obj_cooja/mtype450.a(cfs-cooja.o)
 .debug_aranges
                0x0000000000000200       0x20 obj_cooja/mtype450.a(cooja-radio.o)
 .debug_aranges
                0x0000000000000220       0x20 obj_cooja/mtype450.a(eeprom.o)
 .debug_aranges
                0x0000000000000240       0x20 obj_cooja/mtype450.a(random.o)
 .debug_aranges
                0x0000000000000260       0x20 obj_cooja/mtype450.a(sensors.o)
 .debug_aranges
                0x0000000000000280       0x20 obj_cooja/mtype450.a(dual_conf.o)
 .debug_aranges
                0x00000000000002a0       0x20 obj_cooja/mtype450.a(autostart.o)
 .debug_aranges
                0x00000000000002c0       0x20 obj_cooja/mtype450.a(ctimer.o)
 .debug_aranges
                0x00000000000002e0       0x20 obj_cooja/mtype450.a(etimer.o)
 .debug_aranges
                0x0000000000000300       0x20 obj_cooja/mtype450.a(process.o)
 .debug_aranges
                0x0000000000000320       0x20 obj_cooja/mtype450.a(rtimer.o)
 .debug_aranges
                0x0000000000000340       0x20 obj_cooja/mtype450.a(timer.o)
 .debug_aranges
                0x0000000000000360       0x20 obj_cooja/mtype450.a(serial-line.o)
 .debug_aranges
                0x0000000000000380       0x20 obj_cooja/mtype450.a(list.o)
 .debug_aranges
                0x00000000000003a0       0x20 obj_cooja/mtype450.a(ringbuf.o)
 .debug_aranges
                0x00000000000003c0       0x20 obj_cooja/mtype450.a(sicslowpan.o)
 .debug_aranges
                0x00000000000003e0       0x20 obj_cooja/mtype450.a(uip-ds6-nbr.o)
 .debug_aranges
                0x0000000000000400       0x20 obj_cooja/mtype450.a(uip-ds6.o)
 .debug_aranges
                0x0000000000000420       0x20 obj_cooja/mtype450.a(uip6.o)
 .debug_aranges
                0x0000000000000440       0x20 obj_cooja/mtype450.a(tcpip.o)
 .debug_aranges
                0x0000000000000460       0x20 obj_cooja/mtype450.a(uip-debug.o)
 .debug_aranges
                0x0000000000000480       0x20 obj_cooja/mtype450.a(uip-packetqueue)
 .debug_aranges
                0x00000000000004a0       0x20 obj_cooja/mtype450.a(rpl-dag.o)
 .debug_aranges
                0x00000000000004c0       0x20 obj_cooja/mtype450.a(rpl-ext-header.)
 .debug_aranges
                0x00000000000004e0       0x20 obj_cooja/mtype450.a(rpl-icmp6.o)
 .debug_aranges
                0x0000000000000500       0x20 obj_cooja/mtype450.a(rpl-mrhof.o)
 .debug_aranges
                0x0000000000000520       0x20 obj_cooja/mtype450.a(rpl-timers.o)
 .debug_aranges
                0x0000000000000540       0x20 obj_cooja/mtype450.a(rpl.o)
 .debug_aranges
                0x0000000000000560       0x20 obj_cooja/mtype450.a(linkaddr.o)
 .debug_aranges
                0x0000000000000580       0x20 obj_cooja/mtype450.a(nbr-table.o)
 .debug_aranges
                0x00000000000005a0       0x20 obj_cooja/mtype450.a(netstack.o)
 .debug_aranges
                0x00000000000005c0       0x20 obj_cooja/mtype450.a(packetbuf.o)
 .debug_aranges
                0x00000000000005e0       0x20 obj_cooja/mtype450.a(queuebuf.o)
 .debug_aranges
                0x0000000000000600       0x20 obj_cooja/mtype450.a(csma.o)
 .debug_aranges
                0x0000000000000620       0x20 obj_cooja/mtype450.a(framer-802154.o)
 .debug_aranges
                0x0000000000000640       0x20 obj_cooja/mtype450.a(mac.o)
 .debug_aranges
                0x0000000000000660       0x20 obj_cooja/mtype450.a(nullrdc.o)
 .debug_aranges
                0x0000000000000680       0x20 obj_cooja/mtype450.a(nullsec.o)
 .debug_aranges
                0x00000000000006a0       0x20 obj_cooja/mtype450.a(watchdog.o)
 .debug_aranges
                0x00000000000006c0       0x18 obj_cooja/mtype450.a(rimestats.o)
 .debug_aranges
                0x00000000000006d8       0x20 obj_cooja/mtype450.a(stimer.o)
 .debug_aranges
                0x00000000000006f8       0x20 obj_cooja/mtype450.a(memb.o)
 .debug_aranges
                0x0000000000000718       0x20 obj_cooja/mtype450.a(uip-ds6-route.o)
 .debug_aranges
                0x0000000000000738       0x20 obj_cooja/mtype450.a(uip-icmp6.o)
 .debug_aranges
                0x0000000000000758       0x20 obj_cooja/mtype450.a(uip-nd6.o)
 .debug_aranges
                0x0000000000000778       0x20 obj_cooja/mtype450.a(rpl-nbr-policy.)
 .debug_aranges
                0x0000000000000798       0x20 obj_cooja/mtype450.a(frame802154.o)
 .debug_aranges
                0x00000000000007b8       0x20 obj_cooja/mtype450.a(mac-sequence.o)

.debug_pubnames
 *(.debug_pubnames)

.debug_info     0x0000000000000000    0x1b459
 *(.debug_info .gnu.linkonce.wi.*)
 .debug_info    0x0000000000000000      0xdde udp-server.co
 .debug_info    0x0000000000000dde     0x370c obj_cooja/mtype450.o
 .debug_info    0x00000000000044ea      0x15a obj_cooja/mtype450.a(simEnvChange.o)
 .debug_info    0x0000000000004644      0x1e2 obj_cooja/mtype450.a(cooja_mt.o)
 .debug_info    0x0000000000004826      0x2e7 obj_cooja/mtype450.a(cooja_mtarch.o)
 .debug_info    0x0000000000004b0d      0x16b obj_cooja/mtype450.a(rtimer-arch.o)
 .debug_info    0x0000000000004c78      0x1f3 obj_cooja/mtype450.a(beep.o)
 .debug_info    0x0000000000004e6b      0x257 obj_cooja/mtype450.a(button-sensor.o)
 .debug_info    0x00000000000050c2      0x132 obj_cooja/mtype450.a(leds-arch.o)
 .debug_info    0x00000000000051f4      0x10a obj_cooja/mtype450.a(moteid.o)
 .debug_info    0x00000000000052fe      0x216 obj_cooja/mtype450.a(pir-sensor.o)
 .debug_info    0x0000000000005514      0x21e obj_cooja/mtype450.a(rs232.o)
 .debug_info    0x0000000000005732      0x216 obj_cooja/mtype450.a(vib-sensor.o)
 .debug_info    0x0000000000005948      0x152 obj_cooja/mtype450.a(clock.o)
 .debug_info    0x0000000000005a9a      0x2bb obj_cooja/mtype450.a(log.o)
 .debug_info    0x0000000000005d55      0x3cf obj_cooja/mtype450.a(cfs-cooja.o)
 .debug_info    0x0000000000006124      0xc5e obj_cooja/mtype450.a(cooja-radio.o)
 .debug_info    0x0000000000006d82      0x1d5 obj_cooja/mtype450.a(eeprom.o)
 .debug_info    0x0000000000006f57       0xb3 obj_cooja/mtype450.a(random.o)
 .debug_info    0x000000000000700a      0x36d obj_cooja/mtype450.a(sensors.o)
 .debug_info    0x0000000000007377      0x99d obj_cooja/mtype450.a(dual_conf.o)
 .debug_info    0x0000000000007d14      0x1a5 obj_cooja/mtype450.a(autostart.o)
 .debug_info    0x0000000000007eb9      0x46c obj_cooja/mtype450.a(ctimer.o)
 .debug_info    0x0000000000008325      0x49c obj_cooja/mtype450.a(etimer.o)
 .debug_info    0x00000000000087c1      0x4ba obj_cooja/mtype450.a(process.o)
 .debug_info    0x0000000000008c7b      0x1ab obj_cooja/mtype450.a(rtimer.o)
 .debug_info    0x0000000000008e26      0x16c obj_cooja/mtype450.a(timer.o)
 .debug_info    0x0000000000008f92      0x2de obj_cooja/mtype450.a(serial-line.o)
 .debug_info    0x0000000000009270      0x2ed obj_cooja/mtype450.a(list.o)
 .debug_info    0x000000000000955d      0x1aa obj_cooja/mtype450.a(ringbuf.o)
 .debug_info    0x0000000000009707     0x105d obj_cooja/mtype450.a(sicslowpan.o)
 .debug_info    0x000000000000a764      0x853 obj_cooja/mtype450.a(uip-ds6-nbr.o)
 .debug_info    0x000000000000afb7      0xa7c obj_cooja/mtype450.a(uip-ds6.o)
 .debug_info    0x000000000000ba33      0xe8e obj_cooja/mtype450.a(uip6.o)
 .debug_info    0x000000000000c8c1     0x1437 obj_cooja/mtype450.a(tcpip.o)
 .debug_info    0x000000000000dcf8      0x1b5 obj_cooja/mtype450.a(uip-debug.o)
 .debug_info    0x000000000000dead      0x470 obj_cooja/mtype450.a(uip-packetqueue)
 .debug_info    0x000000000000e31d     0x1903 obj_cooja/mtype450.a(rpl-dag.o)
 .debug_info    0x000000000000fc20      0xe2b obj_cooja/mtype450.a(rpl-ext-header.)
 .debug_info    0x0000000000010a4b     0x1695 obj_cooja/mtype450.a(rpl-icmp6.o)
 .debug_info    0x00000000000120e0      0xabe obj_cooja/mtype450.a(rpl-mrhof.o)
 .debug_info    0x0000000000012b9e      0xbeb obj_cooja/mtype450.a(rpl-timers.o)
 .debug_info    0x0000000000013789      0xcda obj_cooja/mtype450.a(rpl.o)
 .debug_info    0x0000000000014463      0x165 obj_cooja/mtype450.a(linkaddr.o)
 .debug_info    0x00000000000145c8      0x8d7 obj_cooja/mtype450.a(nbr-table.o)
 .debug_info    0x0000000000014e9f      0x4b9 obj_cooja/mtype450.a(netstack.o)
 .debug_info    0x0000000000015358      0x478 obj_cooja/mtype450.a(packetbuf.o)
 .debug_info    0x00000000000157d0      0x57d obj_cooja/mtype450.a(queuebuf.o)
 .debug_info    0x0000000000015d4d      0xbff obj_cooja/mtype450.a(csma.o)
 .debug_info    0x000000000001694c      0x5f8 obj_cooja/mtype450.a(framer-802154.o)
 .debug_info    0x0000000000016f44      0x112 obj_cooja/mtype450.a(mac.o)
 .debug_info    0x0000000000017056      0xca4 obj_cooja/mtype450.a(nullrdc.o)
 .debug_info    0x0000000000017cfa      0x3aa obj_cooja/mtype450.a(nullsec.o)
 .debug_info    0x00000000000180a4       0x7b obj_cooja/mtype450.a(watchdog.o)
 .debug_info    0x000000000001811f      0x119 obj_cooja/mtype450.a(rimestats.o)
 .debug_info    0x0000000000018238      0x179 obj_cooja/mtype450.a(stimer.o)
 .debug_info    0x00000000000183b1      0x1d7 obj_cooja/mtype450.a(memb.o)
 .debug_info    0x0000000000018588      0xd30 obj_cooja/mtype450.a(uip-ds6-route.o)
 .debug_info    0x00000000000192b8      0x783 obj_cooja/mtype450.a(uip-icmp6.o)
 .debug_info    0x0000000000019a3b      0x331 obj_cooja/mtype450.a(uip-nd6.o)
 .debug_info    0x0000000000019d6c      0xda2 obj_cooja/mtype450.a(rpl-nbr-policy.)
 .debug_info    0x000000000001ab0e      0x6b4 obj_cooja/mtype450.a(frame802154.o)
 .debug_info    0x000000000001b1c2      0x297 obj_cooja/mtype450.a(mac-sequence.o)

.debug_abbrev   0x0000000000000000     0x6645
 *(.debug_abbrev)
 .debug_abbrev  0x0000000000000000      0x227 udp-server.co
 .debug_abbrev  0x0000000000000227      0x2b3 obj_cooja/mtype450.o
 .debug_abbrev  0x00000000000004da       0xc3 obj_cooja/mtype450.a(simEnvChange.o)
 .debug_abbrev  0x000000000000059d       0xe6 obj_cooja/mtype450.a(cooja_mt.o)
 .debug_abbrev  0x0000000000000683      0x147 obj_cooja/mtype450.a(cooja_mtarch.o)
 .debug_abbrev  0x00000000000007ca       0xcc obj_cooja/mtype450.a(rtimer-arch.o)
 .debug_abbrev  0x0000000000000896       0xe3 obj_cooja/mtype450.a(beep.o)
 .debug_abbrev  0x0000000000000979      0x11c obj_cooja/mtype450.a(button-sensor.o)
 .debug_abbrev  0x0000000000000a95       0xe1 obj_cooja/mtype450.a(leds-arch.o)
 .debug_abbrev  0x0000000000000b76       0x9c obj_cooja/mtype450.a(moteid.o)
 .debug_abbrev  0x0000000000000c12       0xe6 obj_cooja/mtype450.a(pir-sensor.o)
 .debug_abbrev  0x0000000000000cf8      0x14a obj_cooja/mtype450.a(rs232.o)
 .debug_abbrev  0x0000000000000e42       0xe6 obj_cooja/mtype450.a(vib-sensor.o)
 .debug_abbrev  0x0000000000000f28       0xee obj_cooja/mtype450.a(clock.o)
 .debug_abbrev  0x0000000000001016      0x141 obj_cooja/mtype450.a(log.o)
 .debug_abbrev  0x0000000000001157      0x139 obj_cooja/mtype450.a(cfs-cooja.o)
 .debug_abbrev  0x0000000000001290      0x2f2 obj_cooja/mtype450.a(cooja-radio.o)
 .debug_abbrev  0x0000000000001582       0xf5 obj_cooja/mtype450.a(eeprom.o)
 .debug_abbrev  0x0000000000001677       0x6d obj_cooja/mtype450.a(random.o)
 .debug_abbrev  0x00000000000016e4      0x1c2 obj_cooja/mtype450.a(sensors.o)
 .debug_abbrev  0x00000000000018a6      0x1fc obj_cooja/mtype450.a(dual_conf.o)
 .debug_abbrev  0x0000000000001aa2       0xfb obj_cooja/mtype450.a(autostart.o)
 .debug_abbrev  0x0000000000001b9d      0x1a1 obj_cooja/mtype450.a(ctimer.o)
 .debug_abbrev  0x0000000000001d3e      0x1f1 obj_cooja/mtype450.a(etimer.o)
 .debug_abbrev  0x0000000000001f2f      0x244 obj_cooja/mtype450.a(process.o)
 .debug_abbrev  0x0000000000002173      0x124 obj_cooja/mtype450.a(rtimer.o)
 .debug_abbrev  0x0000000000002297       0xf5 obj_cooja/mtype450.a(timer.o)
 .debug_abbrev  0x000000000000238c      0x190 obj_cooja/mtype450.a(serial-line.o)
 .debug_abbrev  0x000000000000251c      0x145 obj_cooja/mtype450.a(list.o)
 .debug_abbrev  0x0000000000002661       0xdb obj_cooja/mtype450.a(ringbuf.o)