Archive member included to satisfy reference by file (symbol)

obj_cooja/mtype481.a(simEnvChange.o)
                              obj_cooja/mtype481.o (simDontFallAsleep)
obj_cooja/mtype481.a(cooja_mt.o)
                              obj_cooja/mtype481.o (cooja_mt_start)
obj_cooja/mtype481.a(cooja_mtarch.o)
                              obj_cooja/mtype481.a(cooja_mt.o) (cooja_mtarch_init)
obj_cooja/mtype481.a(rtimer-arch.o)
                              obj_cooja/mtype481.o (rtimer_arch_next)
obj_cooja/mtype481.a(beep.o)  obj_cooja/mtype481.o (beep_interface)
obj_cooja/mtype481.a(button-sensor.o)
                              obj_cooja/mtype481.o (button_interface)
obj_cooja/mtype481.a(leds-arch.o)
                              obj_cooja/mtype481.o (leds_interface)
obj_cooja/mtype481.a(moteid.o)
                              obj_cooja/mtype481.o (moteid_interface)
obj_cooja/mtype481.a(pir-sensor.o)
                              obj_cooja/mtype481.o (pir_interface)
obj_cooja/mtype481.a(rs232.o)
                              obj_cooja/mtype481.o (rs232_interface)
obj_cooja/mtype481.a(vib-sensor.o)
                              obj_cooja/mtype481.o (vib_interface)
obj_cooja/mtype481.a(clock.o)
                              obj_cooja/mtype481.o (clock_interface)
obj_cooja/mtype481.a(log.o)   obj_cooja/mtype481.o (simlog_interface)
obj_cooja/mtype481.a(cfs-cooja.o)
                              obj_cooja/mtype481.o (cfs_interface)
obj_cooja/mtype481.a(cooja-radio.o)
                              obj_cooja/mtype481.o (radio_interface)
obj_cooja/mtype481.a(eeprom.o)
                              obj_cooja/mtype481.o (eeprom_interface)
obj_cooja/mtype481.a(random.o)
                              obj_cooja/mtype481.a(moteid.o) (random_init)
obj_cooja/mtype481.a(sensors.o)
                              obj_cooja/mtype481.o (sensors_process)
obj_cooja/mtype481.a(dual_conf.o)
                              obj_cooja/mtype481.a(cooja-radio.o) (long_range_radio)
obj_cooja/mtype481.a(autostart.o)
                              obj_cooja/mtype481.o (autostart_start)
obj_cooja/mtype481.a(ctimer.o)
                              obj_cooja/mtype481.o (ctimer_init)
obj_cooja/mtype481.a(etimer.o)
                              obj_cooja/mtype481.o (etimer_process)
obj_cooja/mtype481.a(process.o)
                              udp-client.co (process_current)
obj_cooja/mtype481.a(rtimer.o)
                              obj_cooja/mtype481.a(rtimer-arch.o) (rtimer_run_next)
obj_cooja/mtype481.a(stimer.o)
                              udp-client.co (stimer_remaining)
obj_cooja/mtype481.a(timer.o)
                              obj_cooja/mtype481.a(button-sensor.o) (timer_set)
obj_cooja/mtype481.a(serial-line.o)
                              udp-client.co (serial_line_event_message)
obj_cooja/mtype481.a(list.o)  obj_cooja/mtype481.a(ctimer.o) (list_init)
obj_cooja/mtype481.a(ringbuf.o)
                              obj_cooja/mtype481.a(serial-line.o) (ringbuf_init)
obj_cooja/mtype481.a(sicslowpan.o)
                              obj_cooja/mtype481.o (sicslowpan_driver)
obj_cooja/mtype481.a(uip-ds6-nbr.o)
                              obj_cooja/mtype481.a(sicslowpan.o) (uip_ds6_link_neighbor_callback)
obj_cooja/mtype481.a(uip-ds6-route.o)
                              udp-client.co (uip_ds6_route_nexthop)
obj_cooja/mtype481.a(uip-ds6.o)
                              udp-client.co (uip_ds6_if)
obj_cooja/mtype481.a(uip6.o)  udp-client.co (uip_lladdr)
obj_cooja/mtype481.a(tcpip.o)
                              udp-client.co (tcpip_event)
obj_cooja/mtype481.a(uip-debug.o)
                              udp-client.co (uip_debug_ipaddr_print)
obj_cooja/mtype481.a(uip-packetqueue)
                              obj_cooja/mtype481.a(uip-ds6-nbr.o) (uip_packetqueue_new)
obj_cooja/mtype481.a(uip-udp-packet.)
                              udp-client.co (uip_udp_packet_sendto)
obj_cooja/mtype481.a(rpl-dag.o)
                              obj_cooja/mtype481.a(tcpip.o) (rpl_repair_root)
obj_cooja/mtype481.a(rpl-ext-header.)
                              obj_cooja/mtype481.a(uip6.o) (rpl_verify_header)
obj_cooja/mtype481.a(rpl-icmp6.o)
                              obj_cooja/mtype481.a(rpl-dag.o) (rpl_icmp6_update_nbr_table)
obj_cooja/mtype481.a(rpl-mrhof.o)
                              obj_cooja/mtype481.a(rpl-dag.o) (rpl_mrhof)
obj_cooja/mtype481.a(rpl-timers.o)
                              obj_cooja/mtype481.a(rpl-dag.o) (rpl_reset_dio_timer)
obj_cooja/mtype481.a(rpl.o)   obj_cooja/mtype481.a(rpl-icmp6.o) (rpl_get_mode)
obj_cooja/mtype481.a(linkaddr.o)
                              obj_cooja/mtype481.o (linkaddr_node_addr)
obj_cooja/mtype481.a(nbr-table.o)
                              obj_cooja/mtype481.a(uip-ds6-nbr.o) (lladdr_map_add_lr)
obj_cooja/mtype481.a(netstack.o)
                              obj_cooja/mtype481.o (netstack_init)
obj_cooja/mtype481.a(packetbuf.o)
[...]
Memory Configuration

Name             Origin             Length             Attributes
*default*        0x0000000000000000 0xffffffffffffffff

Linker script and memory map

LOAD /usr/lib/gcc/i686-linux-gnu/4.8/../../../i386-linux-gnu/crti.o
LOAD /usr/lib/gcc/i686-linux-gnu/4.8/crtbeginS.o
LOAD udp-client.co
LOAD obj_cooja/mtype481.o
LOAD obj_cooja/mtype481.a
LOAD /usr/lib/gcc/i686-linux-gnu/4.8/libgcc.a
LOAD /usr/lib/gcc/i686-linux-gnu/4.8/libgcc_s.so
LOAD /usr/lib/gcc/i686-linux-gnu/4.8/../../../i386-linux-gnu/libc.so
START GROUP
LOAD /lib/i386-linux-gnu/libc.so.6
LOAD /usr/lib/i386-linux-gnu/libc_nonshared.a
LOAD /lib/i386-linux-gnu/ld-linux.so.2
END GROUP
LOAD /usr/lib/gcc/i686-linux-gnu/4.8/libgcc.a
LOAD /usr/lib/gcc/i686-linux-gnu/4.8/libgcc_s.so
LOAD /usr/lib/gcc/i686-linux-gnu/4.8/crtendS.o
LOAD /usr/lib/gcc/i686-linux-gnu/4.8/../../../i386-linux-gnu/crtn.o
                0x0000000000000114                . = (0x0 + SIZEOF_HEADERS)

.note.gnu.build-id
                0x0000000000000114       0x24
 *(.note.gnu.build-id)
 .note.gnu.build-id
                0x0000000000000114       0x24 /usr/lib/gcc/i686-linux-gnu/4.8/../../../i386-linux-gnu/crti.o

.hash
 *(.hash)

.gnu.hash       0x0000000000000138     0x12a0
 *(.gnu.hash)
 .gnu.hash      0x0000000000000138     0x12a0 /usr/lib/gcc/i686-linux-gnu/4.8/../../../i386-linux-gnu/crti.o

.dynsym         0x00000000000013d8     0x22c0
 *(.dynsym)
 .dynsym        0x00000000000013d8     0x22c0 /usr/lib/gcc/i686-linux-gnu/4.8/../../../i386-linux-gnu/crti.o

.dynstr         0x0000000000003698     0x23fb
 *(.dynstr)
 .dynstr        0x0000000000003698     0x23fb /usr/lib/gcc/i686-linux-gnu/4.8/../../../i386-linux-gnu/crti.o

.gnu.version    0x0000000000005a94      0x458
 *(.gnu.version)
 .gnu.version   0x0000000000005a94      0x458 /usr/lib/gcc/i686-linux-gnu/4.8/../../../i386-linux-gnu/crti.o

.gnu.version_d  0x0000000000005eec        0x0
 *(.gnu.version_d)
 .gnu.version_d
                0x0000000000000000        0x0 /usr/lib/gcc/i686-linux-gnu/4.8/../../../i386-linux-gnu/crti.o

.gnu.version_r  0x0000000000005eec       0x40
 *(.gnu.version_r)
 .gnu.version_r
                0x0000000000005eec       0x40 /usr/lib/gcc/i686-linux-gnu/4.8/../../../i386-linux-gnu/crti.o

.rel.dyn        0x0000000000005f2c     0x9348
 *(.rel.init)
 .rel.init      0x0000000000000000        0x0 /usr/lib/gcc/i686-linux-gnu/4.8/../../../i386-linux-gnu/crti.o
 *(.rel.text .rel.text.* .rel.gnu.linkonce.t.*)
 .rel.text      0x0000000000005f2c     0x8ba8 /usr/lib/gcc/i686-linux-gnu/4.8/../../../i386-linux-gnu/crti.o
 *(.rel.fini)
 .rel.fini      0x0000000000000000        0x0 /usr/lib/gcc/i686-linux-gnu/4.8/../../../i386-linux-gnu/crti.o
 *(.rel.rodata .rel.rodata.* .rel.gnu.linkonce.r.*)
 .rel.rodata    0x000000000000ead4      0x4e0 /usr/lib/gcc/i686-linux-gnu/4.8/../../../i386-linux-gnu/crti.o
 *(.rel.data.rel.ro .rel.data.rel.ro.* .rel.gnu.linkonce.d.rel.ro.*)
 *(.rel.data .rel.data.* .rel.gnu.linkonce.d.*)
 .rel.data.rel  0x000000000000efb4        0x8 /usr/lib/gcc/i686-linux-gnu/4.8/../../../i386-linux-gnu/crti.o
 .rel.data      0x000000000000efbc      0x280 /usr/lib/gcc/i686-linux-gnu/4.8/../../../i386-linux-gnu/crti.o
 *(.rel.tdata .rel.tdata.* .rel.gnu.linkonce.td.*)
 *(.rel.tbss .rel.tbss.* .rel.gnu.linkonce.tb.*)
 *(.rel.ctors)
 *(.rel.dtors)
 *(.rel.got)
 .rel.got       0x000000000000f23c       0x28 /usr/lib/gcc/i686-linux-gnu/4.8/../../../i386-linux-gnu/crti.o
 *(.rel.bss .rel.bss.* .rel.gnu.linkonce.b.*)
 *(.rel.ifunc)
 .rel.ifunc     0x0000000000000000        0x0 /usr/lib/gcc/i686-linux-gnu/4.8/../../../i386-linux-gnu/crti.o
 .rel.fini_array
                0x000000000000f264        0x8 /usr/lib/gcc/i686-linux-gnu/4.8/../../../i386-linux-gnu/crti.o
 .rel.init_array
                0x000000000000f26c        0x8 /usr/lib/gcc/i686-linux-gnu/4.8/../../../i386-linux-gnu/crti.o

.rel.plt        0x000000000000f274       0x10
 *(.rel.plt)
 .rel.plt       0x000000000000f274       0x10 /usr/lib/gcc/i686-linux-gnu/4.8/../../../i386-linux-gnu/crti.o
 *(.rel.iplt)

.init           0x000000000000f284       0x23
 *(SORT(.init))
 .init          0x000000000000f284       0x1e /usr/lib/gcc/i686-linux-gnu/4.8/../../../i386-linux-gnu/crti.o
                0x000000000000f284                _init
 .init          0x000000000000f2a2        0x5 /usr/lib/gcc/i686-linux-gnu/4.8/../../../i386-linux-gnu/crtn.o

.plt            0x000000000000f2b0       0x30
 *(.plt)
 .plt           0x000000000000f2b0       0x30 /usr/lib/gcc/i686-linux-gnu/4.8/../../../i386-linux-gnu/crti.o
 *(.iplt)

.text           0x000000000000f2e0    0x16398
 *(.text.unlikely .text.*_unlikely .text.unlikely.*)
 *(.text.exit .text.exit.*)
 *(.text.startup .text.startup.*)
 *(.text.hot .text.hot.*)
 *(.text .stub .text.* .gnu.linkonce.t.*)
 .text          0x000000000000f2e0        0x0 /usr/lib/gcc/i686-linux-gnu/4.8/../../../i386-linux-gnu/crti.o
 .gnu.linkonce.t.__x86.get_pc_thunk.bx
                0x000000000000f2e0        0x4 /usr/lib/gcc/i686-linux-gnu/4.8/../../../i386-linux-gnu/crti.o
                0x000000000000f2e0                __x86.get_pc_thunk.bx
 *fill*         0x000000000000f2e4        0xc 
 .text          0x000000000000f2f0      0x11b /usr/lib/gcc/i686-linux-gnu/4.8/crtbeginS.o
 .text          0x000000000000f40b      0x5cc udp-client.co
 .text          0x000000000000f9d7      0x944 obj_cooja/mtype481.o
                0x000000000000fb85                contiki_init
                0x0000000000010132                Java_org_contikios_cooja_corecomm_Lib4_init
                0x0000000000010172                Java_org_contikios_cooja_corecomm_Lib4_getMemory
                0x00000000000101b2                Java_org_contikios_cooja_corecomm_Lib4_setMemory
                0x0000000000010229                Java_org_contikios_cooja_corecomm_Lib4_tick
                0x0000000000010309                Java_org_contikios_cooja_corecomm_Lib4_setReferenceAddress
 .text          0x000000000001031b       0x63 obj_cooja/mtype481.a(simEnvChange.o)
                0x000000000001031b                doActionsBeforeTick
                0x000000000001034c                doActionsAfterTick
 .text          0x000000000001037e       0xbc obj_cooja/mtype481.a(cooja_mt.o)
                0x000000000001037e                cooja_mt_init
                0x000000000001038b                cooja_mt_remove
                0x0000000000010398                cooja_mt_start
                0x00000000000103c5                cooja_mt_exec
                0x00000000000103f6                cooja_mt_exit
                0x0000000000010418                cooja_mt_yield
 .text          0x000000000001043a      0x115 obj_cooja/mtype481.a(cooja_mtarch.o)
                0x000000000001043a                cooja_mtarch_init
                0x000000000001043f                cooja_mtarch_start
                0x00000000000104ba                cooja_sw
                0x00000000000104dc                cooja_mtarch_exec
                0x00000000000104f8                cooja_mtarch_remove
                0x00000000000104fd                cooja_mtarch_yield
                0x0000000000010507                cooja_mtarch_pstop
                0x000000000001050c                cooja_mtarch_pstart
                0x0000000000010511                cooja_mtarch_stack_usage
 .text          0x000000000001054f       0xc2 obj_cooja/mtype481.a(rtimer-arch.o)
                0x000000000001054f                rtimer_arch_init
                0x0000000000010572                rtimer_arch_schedule
                0x0000000000010589                rtimer_arch_next
                0x0000000000010593                rtimer_arch_pending
                0x000000000001059d                rtimer_arch_check
                0x00000000000105cf                rtimer_arch_now
 .text          0x0000000000010611       0x76 obj_cooja/mtype481.a(beep.o)
                0x0000000000010611                beep_alarm
                0x000000000001061d                beep_beep
                0x0000000000010629                beep
                0x0000000000010635                beep_down
                0x0000000000010641                beep_on
                0x000000000001064d                beep_off
                0x0000000000010659                beep_spinup
                0x0000000000010665                beep_quick
                0x0000000000010671                beep_long
 .text          0x0000000000010687      0x103 obj_cooja/mtype481.a(button-sensor.o)
 .text          0x000000000001078a       0x45 obj_cooja/mtype481.a(leds-arch.o)
                0x000000000001078a                leds_arch_init
                0x0000000000010796                leds_arch_get
                0x00000000000107a2                leds_arch_set
 .text          0x00000000000107cf       0x2f obj_cooja/mtype481.a(moteid.o)
 .text          0x00000000000107fe       0xb1 obj_cooja/mtype481.a(pir-sensor.o)
 .text          0x00000000000108af      0x131 obj_cooja/mtype481.a(rs232.o)
                0x00000000000108af                rs232_init
                0x00000000000108b4                rs232_set_speed
                0x00000000000108c2                rs232_set_input
                0x00000000000108cf                rs232_send
                0x00000000000108f1                rs232_print
                0x000000000001090c                slip_arch_writeb
 .text          0x00000000000109e0       0xb1 obj_cooja/mtype481.a(vib-sensor.o)
 .text          0x0000000000010a91       0x34 obj_cooja/mtype481.a(clock.o)
                0x0000000000010a91                clock_init
                0x0000000000010a96                clock_time
                0x0000000000010aa0                clock_seconds
                0x0000000000010ab6                clock_delay
 .text          0x0000000000010ac5      0x1ed obj_cooja/mtype481.a(log.o)
                0x0000000000010ac5                simlog_char
                0x0000000000010b07                simlog
                0x0000000000010b74                log_message
                0x0000000000010b9c                log_set_putchar_with_slip
                0x0000000000010ba9                log_putchar
                0x0000000000010c2d                log_puts
                0x0000000000010c51                log_printf
 .text          0x0000000000010cb2      0x2c4 obj_cooja/mtype481.a(cfs-cooja.o)
                0x0000000000010cb2                cfs_open
                0x0000000000010d1b                cfs_close
                0x0000000000010d27                cfs_read
                0x0000000000010dc5                cfs_write
                0x0000000000010ea2                cfs_seek
                0x0000000000010f2a                cfs_remove
                0x0000000000010f53                cfs_opendir
                0x0000000000010f5d                cfs_readdir
                0x0000000000010f67                cfs_closedir
 .text          0x0000000000010f76      0x541 obj_cooja/mtype481.a(cooja-radio.o)
                0x0000000000010fa0                radio_set_channel
                0x0000000000010fb5                radio_set_txpower
                0x0000000000010fcc                radio_signal_strength_last
                0x0000000000010fd6                radio_signal_strength_current
                0x0000000000010fe0                radio_LQI
 .text          0x00000000000114b7       0xef obj_cooja/mtype481.a(eeprom.o)
                0x00000000000114b7                eeprom_init
                0x00000000000114bc                eeprom_read
                0x000000000001152c                eeprom_write
 .text          0x00000000000115a6       0x28 obj_cooja/mtype481.a(random.o)
                0x00000000000115a6                random_init
                0x00000000000115c1                random_rand
 .text          0x00000000000115ce      0x2a1 obj_cooja/mtype481.a(sensors.o)
                0x0000000000011609                sensors_first
                0x0000000000011613                sensors_next
                0x0000000000011630                sensors_changed
                0x000000000001165f                sensors_find
 .text          0x000000000001186f      0x308 obj_cooja/mtype481.a(dual_conf.o)
                0x000000000001186f                dual_radio_switch
                0x00000000000118ca                dual_radio_change
                0x0000000000011904                sending_in_LR
                0x000000000001192f                dual_radio_received
                0x0000000000011982                radio_received_is_longrange
                0x0000000000011b2d                dio_broadcast
                0x0000000000011b56                dis_broadcast
 .text          0x0000000000011b77       0x8e obj_cooja/mtype481.a(autostart.o)
                0x0000000000011b77                autostart_start
                0x0000000000011bc2                autostart_exit
 .text          0x0000000000011c05      0x334 obj_cooja/mtype481.a(ctimer.o)
                0x0000000000011d1c                ctimer_init
                0x0000000000011d4c                ctimer_set
                0x0000000000011d7d                ctimer_set_with_process
                0x0000000000011df9                ctimer_reset
                0x0000000000011e48                ctimer_restart
                0x0000000000011e97                ctimer_stop
                0x0000000000011ee2                ctimer_expired
 .text          0x0000000000011f39      0x40b obj_cooja/mtype481.a(etimer.o)
                0x000000000001214c                etimer_request_poll
                0x00000000000121d0                etimer_set
                0x00000000000121f5                etimer_reset_with_new_interval
                0x000000000001221c                etimer_reset
                0x000000000001223a                etimer_restart
                0x0000000000012258                etimer_adjust
                0x0000000000012274                etimer_expired
                0x0000000000012287                etimer_expiration_time
                0x0000000000012299                etimer_start_time
                0x00000000000122a3                etimer_pending
                0x00000000000122b5                etimer_next_expiration_time
                0x00000000000122cf                etimer_stop
 .text          0x0000000000012344      0x560 obj_cooja/mtype481.a(process.o)
                0x0000000000012344                process_alloc_event
                0x0000000000012359                process_start
                0x0000000000012542                process_exit
                0x000000000001255e                process_init
                0x000000000001272f                process_run
                0x0000000000012762                process_nevents
                0x000000000001277d                process_post
                0x0000000000012829                process_post_synch
                0x0000000000012861                process_poll
                0x0000000000012890                process_is_running
 .text          0x00000000000128a4       0xba obj_cooja/mtype481.a(rtimer.o)
                0x00000000000128a4                rtimer_init
                0x00000000000128b1                rtimer_set
                0x0000000000012908                rtimer_run_next
 .text          0x000000000001295e       0xa3 obj_cooja/mtype481.a(stimer.o)
                0x000000000001295e                stimer_set
                0x0000000000012979                stimer_reset
                0x0000000000012990                stimer_restart
                0x00000000000129a2                stimer_expired
                0x00000000000129c9                stimer_remaining
                0x00000000000129ed                stimer_elapsed
 .text          0x0000000000012a01       0x91 obj_cooja/mtype481.a(timer.o)
                0x0000000000012a01                timer_set
                0x0000000000012a1c                timer_reset
                0x0000000000012a33                timer_restart
                0x0000000000012a45                timer_expired
                0x0000000000012a6e                timer_remaining
 .text          0x0000000000012a92      0x1fb obj_cooja/mtype481.a(serial-line.o)
                0x0000000000012a92                serial_line_input_byte
                0x0000000000012c55                serial_line_init
 .text          0x0000000000012c8d      0x244 obj_cooja/mtype481.a(list.o)
                0x0000000000012c8d                list_init
                0x0000000000012c9b                list_head
                0x0000000000012ca5                list_copy
                0x0000000000012cb4                list_tail
                0x0000000000012cea                list_add
                0x0000000000012d33                list_push
                0x0000000000012d5f                list_chop
                0x0000000000012dc9                list_pop
                0x0000000000012df1                list_remove
                0x0000000000012e58                list_length
                0x0000000000012e86                list_insert
                0x0000000000012eba                list_item_next
 .text          0x0000000000012ed1      0x155 obj_cooja/mtype481.a(ringbuf.o)
                0x0000000000012ed1                ringbuf_init
                0x0000000000012f02                ringbuf_put
                0x0000000000012f80                ringbuf_get
                0x0000000000012fed                ringbuf_size
                0x0000000000012fff                ringbuf_elements
 .text          0x0000000000013026     0x258b obj_cooja/mtype481.a(sicslowpan.o)
                0x00000000000135b0                rime_sniffer_add
                0x00000000000135bd                rime_sniffer_remove
                0x0000000000015550                sicslowpan_init
                0x00000000000155a7                sicslowpan_get_last_rssi
 .text          0x00000000000155b1      0x3cb obj_cooja/mtype481.a(uip-ds6-nbr.o)
                0x00000000000155ce                uip_ds6_neighbors_init
                0x00000000000155eb                uip_ds6_nbr_add
                0x000000000001578b                uip_ds6_nbr_rm
                0x00000000000157e8                uip_ds6_nbr_get_ipaddr
                0x00000000000157fd                uip_ds6_nbr_get_ll
                0x0000000000015819                uip_ds6_nbr_num
                0x000000000001585e                uip_ds6_nbr_lookup
                0x00000000000158c3                uip_ds6_nbr_ll_lookup
                0x00000000000158df                uip_ds6_nbr_ipaddr_from_lladdr
                0x0000000000015905                uip_ds6_nbr_lladdr_from_ipaddr
                0x0000000000015933                uip_ds6_link_neighbor_callback
 .text          0x000000000001597c      0x916 obj_cooja/mtype481.a(uip-ds6-route.o)
                0x00000000000159f3                uip_ds6_notification_add
                0x0000000000015a24                uip_ds6_notification_rm
                0x0000000000015a40                uip_ds6_route_init
                0x0000000000015ac8                uip_ds6_route_nexthop
                0x0000000000015af0                uip_ds6_route_head
                0x0000000000015b05                uip_ds6_route_next
                0x0000000000015b2b                uip_ds6_route_is_nexthop
                0x0000000000015b6a                uip_ds6_route_num_routes
                0x0000000000015b74                uip_ds6_route_lookup
                0x0000000000015c36                uip_ds6_route_add
                0x0000000000015e6a                uip_ds6_route_rm
                0x0000000000015ffe                uip_ds6_route_rm_by_nexthop
                0x0000000000016036                uip_ds6_defrt_add
                0x00000000000160e7                uip_ds6_defrt_rm
                0x0000000000016166                uip_ds6_defrt_lookup
                0x00000000000161bf                uip_ds6_defrt_choose
                0x000000000001622a                uip_ds6_defrt_periodic
 .text          0x0000000000016292     0x12ad obj_cooja/mtype481.a(uip-ds6.o)
                0x0000000000016292                uip_ds6_init
                0x00000000000165e7                uip_ds6_periodic
                0x00000000000166bf                uip_ds6_list_loop
                0x0000000000016766                uip_ds6_prefix_add
                0x0000000000016824                uip_ds6_prefix_rm
                0x0000000000016836                uip_ds6_prefix_lookup
                0x0000000000016887                uip_ds6_is_addr_onlink
                0x00000000000168fb                uip_ds6_addr_add
                0x0000000000016a29                uip_ds6_long_addr_add
                0x0000000000016b57                uip_ds6_addr_rm
                0x0000000000016bf7                uip_ds6_addr_lookup
                0x0000000000016c42                uip_ds6_long_addr_lookup
                0x0000000000016c8d                uip_ds6_get_link_local
                0x0000000000016d0c                uip_ds6_long_get_link_local
                0x0000000000016d8b                uip_ds6_get_global
                0x0000000000016e0a                uip_ds6_long_get_global
                0x0000000000016e89                uip_ds6_maddr_add
                0x0000000000016efb                uip_ds6_long_maddr_add
                0x0000000000016f6d                uip_ds6_maddr_rm
                0x0000000000016f7f                uip_ds6_maddr_lookup
                0x0000000000016fca                uip_ds6_long_maddr_lookup
                0x0000000000017015                uip_ds6_aaddr_add
                0x0000000000017087                uip_ds6_long_aaddr_add
                0x00000000000170f9                uip_ds6_aaddr_rm
                0x000000000001710b                uip_ds6_aaddr_lookup
                0x0000000000017156                uip_ds6_long_aaddr_lookup
                0x00000000000171a1                uip_ds6_select_src
                0x000000000001742a                uip_ds6_set_addr_iid
                0x0000000000017461                get_match_length
                0x00000000000174f3                uip_ds6_compute_reachable_time
 .text          0x000000000001753f     0x29f3 obj_cooja/mtype481.a(uip6.o)
                0x000000000001753f                uip_add32
                0x00000000000176d8                uip_chksum
                0x00000000000177c6                uip_icmp6chksum
                0x00000000000177da                uip_tcpchksum
                0x00000000000177ee                uip_udpchksum
                0x0000000000017802                uip_init
                0x00000000000178d2                uip_connect
                0x0000000000017a81                remove_ext_hdr
                0x0000000000017b56                uip_udp_new
                0x0000000000017cb2                uip_unlisten
                0x0000000000017d12                uip_listen
                0x0000000000017fd4                uip_process
                0x0000000000019e26                uip_htons
                0x0000000000019e48                uip_htonl
                0x0000000000019e88                uip_send
 .text          0x0000000000019f32      0xb42 obj_cooja/mtype481.a(tcpip.o)
                0x0000000000019f32                tcpip_output
                0x0000000000019f83                tcpip_set_outputfunc
                0x000000000001a023                tcp_connect
                0x000000000001a078                tcp_unlisten
                0x000000000001a0d3                tcp_listen
                0x000000000001a12c                tcp_attach
                0x000000000001a151                udp_attach
                0x000000000001a176                udp_new
                0x000000000001a1c8                udp_broadcast_new
                0x000000000001a43c                tcpip_input
                0x000000000001a470                tcpip_ipv6_output
                0x000000000001a8ba                tcpip_poll_udp
                0x000000000001a8dd                tcpip_poll_tcp
                0x000000000001a900                tcpip_uipcall
 .text          0x000000000001aa74      0x1c1 obj_cooja/mtype481.a(uip-debug.o)
                0x000000000001aa74                uip_debug_ipaddr_print
                0x000000000001abd6                uip_debug_lladdr_print
 .text          0x000000000001ac35      0x141 obj_cooja/mtype481.a(uip-packetqueue)
                0x000000000001ac61                uip_packetqueue_new
                0x000000000001ac6f                uip_packetqueue_alloc
                0x000000000001accf                uip_packetqueue_free
                0x000000000001ad10                uip_packetqueue_buf
                0x000000000001ad2d                uip_packetqueue_buflen
                0x000000000001ad4e                uip_packetqueue_set_buflen
 .text          0x000000000001ad76      0x131 obj_cooja/mtype481.a(uip-udp-packet.)
                0x000000000001ad76                uip_udp_packet_send
                0x000000000001add6                uip_udp_packet_sendto
 .text          0x000000000001aea7     0x238e obj_cooja/mtype481.a(rpl-dag.o)
                0x000000000001aea7                rpl_print_neighbor_list
                0x000000000001b07c                rpl_get_nbr
                0x000000000001b0d6                rpl_dag_init
                0x000000000001b0f3                rpl_get_parent
                0x000000000001b115                rpl_get_parent_rank
                0x000000000001b148                rpl_get_parent_link_metric
                0x000000000001b17b                rpl_get_parent_ipaddr
                0x000000000001b47e                rpl_set_root
                0x000000000001b6a5                rpl_repair_root
                0x000000000001b8e1                rpl_set_prefix
                0x000000000001b9e0                rpl_set_default_route
                0x000000000001ba6c                rpl_alloc_instance
                0x000000000001baff                rpl_alloc_dag
                0x000000000001bbb0                rpl_set_default_instance
                0x000000000001bbbd                rpl_get_default_instance
                0x000000000001bbc7                rpl_free_instance
                0x000000000001bc76                rpl_free_dag
                0x000000000001bcdc                rpl_add_parent
                0x000000000001bdb2                rpl_find_parent
                0x000000000001be0a                rpl_find_parent_any_dag
                0x000000000001be46                rpl_select_dag
                0x000000000001c1dc                rpl_select_parent
                0x000000000001c23e                rpl_remove_parent
                0x000000000001c265                rpl_nullify_parent
                0x000000000001c303                rpl_move_parent
                0x000000000001c3a0                rpl_has_downward_route
                0x000000000001c3f3                rpl_get_any_dag
                0x000000000001c455                rpl_get_instance
                0x000000000001c4b8                rpl_find_of
                0x000000000001c4f5                rpl_join_instance
                0x000000000001c770                rpl_add_dag
                0x000000000001cb5f                rpl_local_repair
                0x000000000001cc23                rpl_recalculate_ranks
                0x000000000001cca9                rpl_process_parent_event
                0x000000000001cd5b                rpl_process_dio
 .text          0x000000000001d235      0xbf3 obj_cooja/mtype481.a(rpl-ext-header.)
                0x000000000001d252                rpl_verify_header
                0x000000000001d6cc                rpl_update_header_empty
                0x000000000001d9e3                rpl_update_header_final
                0x000000000001db72                rpl_remove_header
                0x000000000001dc7c                rpl_invert_header
                0x000000000001de06                rpl_insert_header
 .text          0x000000000001de28     0x25e3 obj_cooja/mtype481.a(rpl-icmp6.o)
                0x000000000001e087                rpl_icmp6_update_nbr_table
                0x000000000001e254                dis_output
                0x000000000001eb7b                dio_output
                0x000000000001fe99                dao_output
                0x000000000001ff60                dao_output_target
                0x00000000000203bf                dao_ack_output
                0x00000000000203d3                rpl_icmp6_register_handlers
 .text          0x000000000002040b      0x330 obj_cooja/mtype481.a(rpl-mrhof.o)
 .text          0x000000000002073b      0x7b3 obj_cooja/mtype481.a(rpl-timers.o)
                0x0000000000020981                rpl_reset_periodic_timer
                0x00000000000209d6                rpl_reset_dio_timer
                0x0000000000020c10                rpl_schedule_dao
                0x0000000000020c2b                rpl_schedule_dao_immediately
                0x0000000000020c46                rpl_cancel_dao
                0x0000000000020ca8                rpl_schedule_unicast_dio_immediately
                0x0000000000020e96                rpl_schedule_probing
 .text          0x0000000000020eee      0x59b obj_cooja/mtype481.a(rpl.o)
                0x0000000000020eee                rpl_get_mode
                0x0000000000020ef8                rpl_set_mode
                0x0000000000020f86                rpl_purge_routes
                0x0000000000021080                rpl_remove_routes
                0x00000000000210c6                rpl_remove_routes_by_nexthop
                0x0000000000021132                rpl_add_route
                0x00000000000211ad                rpl_link_neighbor_callback
                0x00000000000212b2                rpl_ipv6_neighbor_callback
                0x0000000000021321                rpl_purge_dags
                0x0000000000021403                rpl_init
 .text          0x0000000000021489       0x82 obj_cooja/mtype481.a(linkaddr.o)
                0x0000000000021489                linkaddr_copy
                0x00000000000214ab                linkaddr_cmp
                0x00000000000214d5                linkaddr_set_node_addr
                0x00000000000214f0                linkaddr_set_node_long_addr
 .text          0x000000000002150b      0xa47 obj_cooja/mtype481.a(nbr-table.o)
                0x000000000002150b                lladdr_map_add_lr
                0x00000000000215d8                lladdr_map_rm_lr
                0x0000000000021ab5                nbr_table_register
                0x0000000000021b36                nbr_table_head
                0x0000000000021b92                nbr_table_next
                0x0000000000021bf9                nbr_table_add_lladdr
                0x0000000000021cda                nbr_table_get_from_lladdr
                0x0000000000021d27                nbr_table_remove
                0x0000000000021d79                nbr_table_lock
                0x0000000000021dcb                nbr_table_unlock
                0x0000000000021e1d                nbr_table_get_lladdr
 .text          0x0000000000021f52       0x2b obj_cooja/mtype481.a(netstack.o)
                0x0000000000021f52                netstack_init
 .text          0x0000000000021f7d      0x3cd obj_cooja/mtype481.a(packetbuf.o)
                0x0000000000021f7d                packetbuf_clear
                0x0000000000021fa7                packetbuf_copyfrom
                0x0000000000021ff9                packetbuf_compact
                0x0000000000022076                packetbuf_copyto
                0x000000000002210d                packetbuf_hdralloc
                0x000000000002218a                packetbuf_hdrreduce
                0x00000000000221d2                packetbuf_set_datalen
                0x00000000000221eb                packetbuf_dataptr
                0x0000000000022208                packetbuf_hdrptr
                0x0000000000022212                packetbuf_datalen
                0x000000000002221e                packetbuf_hdrlen
                0x0000000000022235                packetbuf_totlen
                0x000000000002224b                packetbuf_attr_clear
                0x000000000002229d                packetbuf_attr_copyto
                0x00000000000222e6                packetbuf_attr_copyfrom
                0x000000000002232e                packetbuf_holds_broadcast
 .text          0x000000000002234a      0x2b4 obj_cooja/mtype481.a(queuebuf.o)
                0x0000000000022354                queuebuf_init
                0x0000000000022374                queuebuf_numfree
                0x0000000000022388                queuebuf_new_from_packetbuf
                0x0000000000022418                queuebuf_update_attr_from_packetbuf
                0x000000000002244b                queuebuf_update_from_packetbuf
                0x0000000000022495                queuebuf_free
                0x00000000000224dc                queuebuf_to_packetbuf
                0x0000000000022542                queuebuf_dataptr
                0x0000000000022579                queuebuf_datalen
                0x000000000002259c                queuebuf_addr
                0x00000000000225ce                queuebuf_attr
                0x00000000000225f9                queuebuf_debug_print
 .text          0x00000000000225fe      0x831 obj_cooja/mtype481.a(csma.o)
 .text          0x0000000000022e2f      0x3f5 obj_cooja/mtype481.a(framer-802154.o)
 .text          0x0000000000023224       0x3c obj_cooja/mtype481.a(mac.o)
                0x0000000000023224                mac_call_sent_callback
 .text          0x0000000000023260      0x598 obj_cooja/mtype481.a(nullrdc.o)
 .text          0x00000000000237f8       0x6e obj_cooja/mtype481.a(nullsec.o)
 .text          0x0000000000023866       0x19 obj_cooja/mtype481.a(watchdog.o)
                0x0000000000023866                watchdog_init
                0x000000000002386b                watchdog_start
                0x0000000000023870                watchdog_periodic
                0x0000000000023875                watchdog_stop
                0x000000000002387a                watchdog_reboot
 .text          0x000000000002387f        0x0 obj_cooja/mtype481.a(rimestats.o)
 .text          0x000000000002387f      0x1c1 obj_cooja/mtype481.a(memb.o)
                0x000000000002387f                memb_init
                0x00000000000238dd                memb_alloc
                0x0000000000023942                memb_free
                0x00000000000239bd                memb_inmemb
                0x00000000000239fc                memb_numfree
 .text          0x0000000000023a40      0xab2 obj_cooja/mtype481.a(uip-icmp6.o)
                0x0000000000023aae                uip_icmp6_input
                0x0000000000023b04                uip_icmp6_register_input_handler
                0x0000000000023dcc                uip_icmp6_error_output
                0x0000000000024111                uip_icmp6_send
                0x0000000000024485                uip_icmp6_echo_reply_callback_add
                0x00000000000244b6                uip_icmp6_echo_reply_callback_rm
                0x00000000000244d2                uip_icmp6_init
 .text          0x00000000000244f2      0x358 obj_cooja/mtype481.a(uip-nd6.o)
                0x0000000000024546                uip_nd6_ns_output
                0x0000000000024845                uip_nd6_init
 .text          0x000000000002484a      0x331 obj_cooja/mtype481.a(rpl-nbr-policy.)
                0x0000000000024a22                find_removable_dis
                0x0000000000024a45                find_removable_dio
                0x0000000000024ad4                find_removable_dao
                0x0000000000024b24                rpl_nbr_policy_find_removable
 .text          0x0000000000024b7b      0x97c obj_cooja/mtype481.a(frame802154.o)
                0x0000000000024bac                frame802154_get_pan_id
                0x0000000000024bb8                frame802154_set_pan_id
                0x0000000000024bd1                frame802154_has_panid
                0x0000000000024cbd                frame802154_check_dest_panid
                0x0000000000024d25                frame802154_is_broadcast_addr
                0x0000000000024d72                frame802154_extract_linkaddr
                0x0000000000024fb2                frame802154_hdrlen
                0x0000000000025003                frame802154_create
                0x00000000000251ee                frame802154_parse
 .text          0x00000000000254f7      0x181 obj_cooja/mtype481.a(mac-sequence.o)
                0x000000000002552e                mac_sequence_is_duplicate
                0x00000000000255b1                mac_sequence_register_seqno
 .text          0x0000000000025678        0x0 /usr/lib/gcc/i686-linux-gnu/4.8/crtendS.o
 .text          0x0000000000025678        0x0 /usr/lib/gcc/i686-linux-gnu/4.8/../../../i386-linux-gnu/crtn.o
 *(.gnu.warning)

.fini           0x0000000000025678       0x14
 *(SORT(.fini))
 .fini          0x0000000000025678        0xf /usr/lib/gcc/i686-linux-gnu/4.8/../../../i386-linux-gnu/crti.o
                0x0000000000025678                _fini
 .fini          0x0000000000025687        0x5 /usr/lib/gcc/i686-linux-gnu/4.8/../../../i386-linux-gnu/crtn.o
                0x000000000002568c                PROVIDE (__etext, .)
                0x000000000002568c                PROVIDE (_etext, .)
                0x000000000002568c                PROVIDE (etext, .)

.rodata         0x00000000000256a0     0x1598
 *(.rodata .rodata.* .gnu.linkonce.r.*)
 .rodata        0x00000000000256a0      0x17a udp-client.co
                0x00000000000256b4                autostart_processes
 *fill*         0x000000000002581a        0x2 
 .rodata        0x000000000002581c      0x1b6 obj_cooja/mtype481.o
 *fill*         0x00000000000259d2        0x2 
 .rodata        0x00000000000259d4        0x8 obj_cooja/mtype481.a(beep.o)
                0x00000000000259d4                beep_interface
 .rodata        0x00000000000259dc       0x20 obj_cooja/mtype481.a(button-sensor.o)
                0x00000000000259dc                button_interface
                0x00000000000259ec                button_sensor
 .rodata        0x00000000000259fc        0x8 obj_cooja/mtype481.a(leds-arch.o)
                0x00000000000259fc                leds_interface
 .rodata        0x0000000000025a04        0x8 obj_cooja/mtype481.a(moteid.o)
                0x0000000000025a04                moteid_interface
 .rodata        0x0000000000025a0c       0x1c obj_cooja/mtype481.a(pir-sensor.o)
                0x0000000000025a0c                pir_interface
                0x0000000000025a18                pir_sensor
 .rodata        0x0000000000025a28        0xe obj_cooja/mtype481.a(rs232.o)
                0x0000000000025a28                rs232_interface
 *fill*         0x0000000000025a36        0x2 
 .rodata        0x0000000000025a38       0x24 obj_cooja/mtype481.a(vib-sensor.o)
                0x0000000000025a38                vib_interface
                0x0000000000025a4c                vib_sensor
 .rodata        0x0000000000025a5c        0x8 obj_cooja/mtype481.a(clock.o)
                0x0000000000025a5c                clock_interface
 .rodata        0x0000000000025a64        0x8 obj_cooja/mtype481.a(log.o)
                0x0000000000025a64                simlog_interface
 .rodata        0x0000000000025a6c       0x2f obj_cooja/mtype481.a(cfs-cooja.o)
                0x0000000000025a6c                cfs_interface
 *fill*         0x0000000000025a9b        0x5 
 .rodata        0x0000000000025aa0      0x120 obj_cooja/mtype481.a(cooja-radio.o)
                0x0000000000025b80                cooja_radio_driver
                0x0000000000025bb8                radio_interface
 .rodata        0x0000000000025bc0        0x8 obj_cooja/mtype481.a(eeprom.o)
                0x0000000000025bc0                eeprom_interface
 .rodata        0x0000000000025bc8        0x8 obj_cooja/mtype481.a(sensors.o)
 .rodata        0x0000000000025bd0      0x21d obj_cooja/mtype481.a(dual_conf.o)
 .rodata        0x0000000000025ded        0xf obj_cooja/mtype481.a(ctimer.o)
 .rodata        0x0000000000025dfc        0xc obj_cooja/mtype481.a(etimer.o)
 .rodata        0x0000000000025e08        0xe obj_cooja/mtype481.a(serial-line.o)
 *fill*         0x0000000000025e16        0x2 
 .rodata        0x0000000000025e18       0x2c obj_cooja/mtype481.a(sicslowpan.o)
                0x0000000000025e18                unc_llconf
                0x0000000000025e1c                unc_ctxconf
                0x0000000000025e20                unc_mxconf
                0x0000000000025e24                llprefix
                0x0000000000025e38                sicslowpan_driver
 .rodata        0x0000000000025e44       0xb1 obj_cooja/mtype481.a(uip-ds6-nbr.o)
 *fill*         0x0000000000025ef5        0x3 
 .rodata        0x0000000000025ef8      0x13c obj_cooja/mtype481.a(uip6.o)
 .rodata        0x0000000000026034      0x12b obj_cooja/mtype481.a(tcpip.o)
 .rodata        0x000000000002615f       0x3e obj_cooja/mtype481.a(uip-debug.o)
 *fill*         0x000000000002619d        0x3 
 .rodata        0x00000000000261a0       0x72 obj_cooja/mtype481.a(rpl-dag.o)
 *fill*         0x0000000000026212        0x2 
 .rodata        0x0000000000026214      0x8a4 obj_cooja/mtype481.a(rpl-icmp6.o)
 .rodata        0x0000000000026ab8       0x30 obj_cooja/mtype481.a(rpl-mrhof.o)
 .rodata        0x0000000000026ae8        0x8 obj_cooja/mtype481.a(linkaddr.o)
                0x0000000000026ae8                linkaddr_null
 .rodata        0x0000000000026af0       0x91 obj_cooja/mtype481.a(nbr-table.o)
 *fill*         0x0000000000026b81        0x3 
 .rodata        0x0000000000026b84       0x24 obj_cooja/mtype481.a(csma.o)
                0x0000000000026b8c                csma_driver
 .rodata        0x0000000000026ba8        0xc obj_cooja/mtype481.a(framer-802154.o)
                0x0000000000026ba8                framer_802154
 *fill*         0x0000000000026bb4        0xc 
 .rodata        0x0000000000026bc0       0x60 obj_cooja/mtype481.a(nullrdc.o)
                0x0000000000026c00                nullrdc_driver
 .rodata        0x0000000000026c20       0x18 obj_cooja/mtype481.a(nullsec.o)
                0x0000000000026c28                nullsec_driver

.rodata1
 *(.rodata1)

.eh_frame_hdr   0x0000000000026c38     0x134c
 *(.eh_frame_hdr)
 .eh_frame_hdr  0x0000000000026c38     0x134c udp-client.co

.eh_frame       0x0000000000027f84     0x4e98
 *(.eh_frame)
 .eh_frame      0x0000000000027f84       0x3c /usr/lib/gcc/i686-linux-gnu/4.8/../../../i386-linux-gnu/crti.o
                                         0x40 (size before relaxing)
 .eh_frame      0x0000000000027fc0       0xa8 udp-client.co
                                         0xc0 (size before relaxing)
 .eh_frame      0x0000000000028068      0x148 obj_cooja/mtype481.o
                                        0x160 (size before relaxing)
 .eh_frame      0x00000000000281b0       0x40 obj_cooja/mtype481.a(simEnvChange.o)
                                         0x58 (size before relaxing)
 .eh_frame      0x00000000000281f0       0xc0 obj_cooja/mtype481.a(cooja_mt.o)
                                         0xd8 (size before relaxing)
 .eh_frame      0x00000000000282b0      0x120 obj_cooja/mtype481.a(cooja_mtarch.o)
                                        0x138 (size before relaxing)
 .eh_frame      0x00000000000283d0       0xc0 obj_cooja/mtype481.a(rtimer-arch.o)
                                         0xd8 (size before relaxing)
 .eh_frame      0x0000000000028490      0x160 obj_cooja/mtype481.a(beep.o)
                                        0x178 (size before relaxing)
 .eh_frame      0x00000000000285f0       0xa0 obj_cooja/mtype481.a(button-sensor.o)
                                         0xb8 (size before relaxing)
 .eh_frame      0x0000000000028690       0xa0 obj_cooja/mtype481.a(leds-arch.o)
                                         0xb8 (size before relaxing)
 .eh_frame      0x0000000000028730       0x40 obj_cooja/mtype481.a(moteid.o)
                                         0x58 (size before relaxing)
 .eh_frame      0x0000000000028770       0xa0 obj_cooja/mtype481.a(pir-sensor.o)
                                         0xb8 (size before relaxing)
 .eh_frame      0x0000000000028810      0x100 obj_cooja/mtype481.a(rs232.o)
                                        0x118 (size before relaxing)
 .eh_frame      0x0000000000028910       0xa0 obj_cooja/mtype481.a(vib-sensor.o)
                                         0xb8 (size before relaxing)
 .eh_frame      0x00000000000289b0       0xc0 obj_cooja/mtype481.a(clock.o)
                                         0xd8 (size before relaxing)
 .eh_frame      0x0000000000028a70      0x120 obj_cooja/mtype481.a(log.o)
                                        0x138 (size before relaxing)
 .eh_frame      0x0000000000028b90      0x160 obj_cooja/mtype481.a(cfs-cooja.o)
                                        0x178 (size before relaxing)
 .eh_frame      0x0000000000028cf0      0x2e0 obj_cooja/mtype481.a(cooja-radio.o)
                                        0x2f8 (size before relaxing)
 .eh_frame      0x0000000000028fd0       0xa0 obj_cooja/mtype481.a(eeprom.o)
                                         0xb8 (size before relaxing)
 .eh_frame      0x0000000000029070       0x40 obj_cooja/mtype481.a(random.o)
                                         0x58 (size before relaxing)
 .eh_frame      0x00000000000290b0       0xc0 obj_cooja/mtype481.a(sensors.o)
                                         0xd8 (size before relaxing)
 .eh_frame      0x0000000000029170      0x120 obj_cooja/mtype481.a(dual_conf.o)
                                        0x138 (size before relaxing)
 .eh_frame      0x0000000000029290       0x40 obj_cooja/mtype481.a(autostart.o)
                                         0x58 (size before relaxing)
 .eh_frame      0x00000000000292d0      0x100 obj_cooja/mtype481.a(ctimer.o)
                                        0x118 (size before relaxing)
 .eh_frame      0x00000000000293d0      0x1e0 obj_cooja/mtype481.a(etimer.o)
                                        0x1f8 (size before relaxing)
 .eh_frame      0x00000000000295b0      0x1c8 obj_cooja/mtype481.a(process.o)
                                        0x1e0 (size before relaxing)
 .eh_frame      0x0000000000029778       0x60 obj_cooja/mtype481.a(rtimer.o)
                                         0x78 (size before relaxing)
 .eh_frame      0x00000000000297d8       0xc4 obj_cooja/mtype481.a(stimer.o)
                                         0xdc (size before relaxing)
 .eh_frame      0x000000000002989c       0xa4 obj_cooja/mtype481.a(timer.o)
                                         0xbc (size before relaxing)
 .eh_frame      0x0000000000029940       0x60 obj_cooja/mtype481.a(serial-line.o)
                                         0x78 (size before relaxing)
 .eh_frame      0x00000000000299a0      0x180 obj_cooja/mtype481.a(list.o)
                                        0x198 (size before relaxing)
 .eh_frame      0x0000000000029b20       0xa0 obj_cooja/mtype481.a(ringbuf.o)
                                         0xb8 (size before relaxing)
 .eh_frame      0x0000000000029bc0      0x350 obj_cooja/mtype481.a(sicslowpan.o)
                                        0x368 (size before relaxing)
 .eh_frame      0x0000000000029f10      0x180 obj_cooja/mtype481.a(uip-ds6-nbr.o)
                                        0x198 (size before relaxing)
 .eh_frame      0x000000000002a090      0x2a0 obj_cooja/mtype481.a(uip-ds6-route.o)
                                        0x2b8 (size before relaxing)
 .eh_frame      0x000000000002a330      0x3c8 obj_cooja/mtype481.a(uip-ds6.o)
                                        0x3e0 (size before relaxing)
 .eh_frame      0x000000000002a6f8      0x27c obj_cooja/mtype481.a(uip6.o)
                                        0x294 (size before relaxing)
 .eh_frame      0x000000000002a974      0x270 obj_cooja/mtype481.a(tcpip.o)
                                        0x288 (size before relaxing)
 .eh_frame      0x000000000002abe4       0x48 obj_cooja/mtype481.a(uip-debug.o)
                                         0x60 (size before relaxing)
 .eh_frame      0x000000000002ac2c       0xe0 obj_cooja/mtype481.a(uip-packetqueue)
                                         0xf8 (size before relaxing)
 .eh_frame      0x000000000002ad0c       0x40 obj_cooja/mtype481.a(uip-udp-packet.)
                                         0x58 (size before relaxing)
 .eh_frame      0x000000000002ad4c      0x65c obj_cooja/mtype481.a(rpl-dag.o)
                                        0x674 (size before relaxing)
 .eh_frame      0x000000000002b3a8      0x10c obj_cooja/mtype481.a(rpl-ext-header.)
                                        0x124 (size before relaxing)
 .eh_frame      0x000000000002b4b4      0x288 obj_cooja/mtype481.a(rpl-icmp6.o)
                                        0x2a0 (size before relaxing)
 .eh_frame      0x000000000002b73c       0xe4 obj_cooja/mtype481.a(rpl-mrhof.o)
                                         0xfc (size before relaxing)
 .eh_frame      0x000000000002b820      0x20c obj_cooja/mtype481.a(rpl-timers.o)
                                        0x224 (size before relaxing)
 .eh_frame      0x000000000002ba2c      0x140 obj_cooja/mtype481.a(rpl.o)
                                        0x158 (size before relaxing)
 .eh_frame      0x000000000002bb6c       0x80 obj_cooja/mtype481.a(linkaddr.o)
                                         0x98 (size before relaxing)
 .eh_frame      0x000000000002bbec      0x2f0 obj_cooja/mtype481.a(nbr-table.o)
                                        0x308 (size before relaxing)
 .eh_frame      0x000000000002bedc       0x20 obj_cooja/mtype481.a(netstack.o)
                                         0x38 (size before relaxing)
 .eh_frame      0x000000000002befc      0x214 obj_cooja/mtype481.a(packetbuf.o)
                                        0x22c (size before relaxing)
 .eh_frame      0x000000000002c110      0x1a0 obj_cooja/mtype481.a(queuebuf.o)
                                        0x1b8 (size before relaxing)
 .eh_frame      0x000000000002c2b0      0x28c obj_cooja/mtype481.a(csma.o)
                                        0x2a4 (size before relaxing)
 .eh_frame      0x000000000002c53c      0x108 obj_cooja/mtype481.a(framer-802154.o)
                                        0x120 (size before relaxing)
 .eh_frame      0x000000000002c644       0x20 obj_cooja/mtype481.a(mac.o)
                                         0x38 (size before relaxing)
 .eh_frame      0x000000000002c664      0x17c obj_cooja/mtype481.a(nullrdc.o)
                                        0x194 (size before relaxing)
 .eh_frame      0x000000000002c7e0       0x80 obj_cooja/mtype481.a(nullsec.o)
                                         0x98 (size before relaxing)
 .eh_frame      0x000000000002c860       0xa0 obj_cooja/mtype481.a(watchdog.o)
                                         0xb8 (size before relaxing)
 .eh_frame      0x000000000002c900       0xa0 obj_cooja/mtype481.a(memb.o)
                                         0xb8 (size before relaxing)
 .eh_frame      0x000000000002c9a0      0x164 obj_cooja/mtype481.a(uip-icmp6.o)
                                        0x17c (size before relaxing)
 .eh_frame      0x000000000002cb04       0x68 obj_cooja/mtype481.a(uip-nd6.o)
                                         0x80 (size before relaxing)
 .eh_frame      0x000000000002cb6c       0xc0 obj_cooja/mtype481.a(rpl-nbr-policy.)
                                         0xd8 (size before relaxing)
 .eh_frame      0x000000000002cc2c      0x164 obj_cooja/mtype481.a(frame802154.o)
                                        0x17c (size before relaxing)
 .eh_frame      0x000000000002cd90       0x88 obj_cooja/mtype481.a(mac-sequence.o)
                                         0xa0 (size before relaxing)
 .eh_frame      0x000000000002ce18        0x4 /usr/lib/gcc/i686-linux-gnu/4.8/crtendS.o

.gcc_except_table
 *(.gcc_except_table .gcc_except_table.*)

.exception_ranges
 *(.exception_ranges .exception_ranges*)
                0x000000000002ce1c                . = (ALIGN (0x1000) - ((0x1000 - .) & 0xfff))
                0x000000000002def8                . = DATA_SEGMENT_ALIGN (0x1000, 0x1000)

.eh_frame
 *(.eh_frame)

.gcc_except_table
 *(.gcc_except_table .gcc_except_table.*)

.exception_ranges
 *(.exception_ranges .exception_ranges*)

.tdata
 *(.tdata .tdata.* .gnu.linkonce.td.*)

.tbss
 *(.tbss .tbss.* .gnu.linkonce.tb.*)
 *(.tcommon)

.preinit_array
 *(.preinit_array)

.init_array     0x000000000002def8        0x4
 *(SORT(.init_array.*) SORT(.ctors.*))
 *(.init_array EXCLUDE_FILE(*crtend?.o *crtend.o *crtbegin?.o *crtbegin.o) .ctors)
 .init_array    0x000000000002def8        0x4 /usr/lib/gcc/i686-linux-gnu/4.8/crtbeginS.o

.fini_array     0x000000000002defc        0x4
 *(SORT(.fini_array.*) SORT(.dtors.*))
 *(.fini_array EXCLUDE_FILE(*crtend?.o *crtend.o *crtbegin?.o *crtbegin.o) .dtors)
 .fini_array    0x000000000002defc        0x4 /usr/lib/gcc/i686-linux-gnu/4.8/crtbeginS.o

.ctors
 *crtbegin.o(.ctors)
 *crtbegin?.o(.ctors)
 *(EXCLUDE_FILE(*crtend?.o *crtend.o) .ctors)
 *(SORT(.ctors.*))
 *(.ctors)

.dtors
 *crtbegin.o(.dtors)
 *crtbegin?.o(.dtors)
 *(EXCLUDE_FILE(*crtend?.o *crtend.o) .dtors)
 *(SORT(.dtors.*))
 *(.dtors)

.jcr            0x000000000002df00        0x4
 *(.jcr)
 .jcr           0x000000000002df00        0x0 /usr/lib/gcc/i686-linux-gnu/4.8/crtbeginS.o
 .jcr           0x000000000002df00        0x4 /usr/lib/gcc/i686-linux-gnu/4.8/crtendS.o

.data.rel.ro
 *(.data.rel.ro.local* .gnu.linkonce.d.rel.ro.local.*)
 *(.data.rel.ro .data.rel.ro.* .gnu.linkonce.d.rel.ro.*)

.dynamic        0x000000000002df04       0xe8
 *(.dynamic)
 .dynamic       0x000000000002df04       0xe8 /usr/lib/gcc/i686-linux-gnu/4.8/../../../i386-linux-gnu/crti.o
                0x000000000002df04                _DYNAMIC

.got            0x000000000002dfec       0x14
 *(.got)
 .got           0x000000000002dfec       0x14 /usr/lib/gcc/i686-linux-gnu/4.8/../../../i386-linux-gnu/crti.o
 *(.igot)
                0x000000000002eff4                . = DATA_SEGMENT_RELRO_END (., (SIZEOF (.got.plt) >= 0xc)?0xc:0x0)

.got.plt        0x000000000002e000       0x14
 *(.got.plt)
 .got.plt       0x000000000002e000       0x14 /usr/lib/gcc/i686-linux-gnu/4.8/../../../i386-linux-gnu/crti.o
                0x000000000002e000                _GLOBAL_OFFSET_TABLE_
 *(.igot.plt)

.data           0x000000000002e020      0x246
 *(.data .data.* .gnu.linkonce.d.*)
 .data          0x000000000002e020        0x0 /usr/lib/gcc/i686-linux-gnu/4.8/../../../i386-linux-gnu/crti.o
 .data          0x000000000002e020        0x0 /usr/lib/gcc/i686-linux-gnu/4.8/crtbeginS.o
 .data.rel      0x000000000002e020        0x4 /usr/lib/gcc/i686-linux-gnu/4.8/crtbeginS.o
                0x000000000002e020                __dso_handle
 .data          0x000000000002e024       0x10 udp-client.co
                0x000000000002e024                udp_client_process
 *fill*         0x000000000002e034        0xc 
 .data          0x000000000002e040       0x44 obj_cooja/mtype481.o
                0x000000000002e040                simInterfaces
                0x000000000002e074                sensors
 .data          0x000000000002e084        0x0 obj_cooja/mtype481.a(simEnvChange.o)
 .data          0x000000000002e084        0x0 obj_cooja/mtype481.a(cooja_mt.o)
 .data          0x000000000002e084        0x0 obj_cooja/mtype481.a(cooja_mtarch.o)
 .data          0x000000000002e084        0x0 obj_cooja/mtype481.a(rtimer-arch.o)
 .data          0x000000000002e084        0x0 obj_cooja/mtype481.a(beep.o)
 .data          0x000000000002e084        0x0 obj_cooja/mtype481.a(button-sensor.o)
 .data          0x000000000002e084        0x0 obj_cooja/mtype481.a(leds-arch.o)
 .data          0x000000000002e084        0x0 obj_cooja/mtype481.a(moteid.o)
 .data          0x000000000002e084        0x0 obj_cooja/mtype481.a(pir-sensor.o)
 .data          0x000000000002e084        0x0 obj_cooja/mtype481.a(rs232.o)
 .data          0x000000000002e084        0x0 obj_cooja/mtype481.a(vib-sensor.o)
 .data          0x000000000002e084        0x0 obj_cooja/mtype481.a(clock.o)
 .data          0x000000000002e084        0x0 obj_cooja/mtype481.a(log.o)
 .data          0x000000000002e084        0x0 obj_cooja/mtype481.a(cfs-cooja.o)
 .data          0x000000000002e084       0x2c obj_cooja/mtype481.a(cooja-radio.o)
                0x000000000002e084                simRadioHWOn
                0x000000000002e088                simSignalStrength
                0x000000000002e08c                simLastSignalStrength
                0x000000000002e090                simPower
                0x000000000002e094                simRadioChannel
                0x000000000002e098                simRadioChannelLR
                0x000000000002e09c                simLQI
                0x000000000002e0a0                cooja_radio_process
 .data          0x000000000002e0b0        0x0 obj_cooja/mtype481.a(eeprom.o)
 .data          0x000000000002e0b0        0x0 obj_cooja/mtype481.a(random.o)
 .data          0x000000000002e0b0       0x10 obj_cooja/mtype481.a(sensors.o)
                0x000000000002e0b0                sensors_process
 .data          0x000000000002e0c0       0x24 obj_cooja/mtype481.a(dual_conf.o)
                0x000000000002e0c0                radio_received
                0x000000000002e0c4                dual_dio_broadcast
                0x000000000002e0d4                dual_dis_broadcast
 .data          0x000000000002e0e4        0x0 obj_cooja/mtype481.a(autostart.o)
 .data          0x000000000002e0e4       0x14 obj_cooja/mtype481.a(ctimer.o)
                0x000000000002e0e8                ctimer_process
 .data          0x000000000002e0f8       0x10 obj_cooja/mtype481.a(etimer.o)
                0x000000000002e0f8                etimer_process
 .data          0x000000000002e108        0x0 obj_cooja/mtype481.a(process.o)
 .data          0x000000000002e108        0x0 obj_cooja/mtype481.a(rtimer.o)
 .data          0x000000000002e108        0x0 obj_cooja/mtype481.a(stimer.o)
 .data          0x000000000002e108        0x0 obj_cooja/mtype481.a(timer.o)
 .data          0x000000000002e108       0x10 obj_cooja/mtype481.a(serial-line.o)
                0x000000000002e108                serial_line_process
 .data          0x000000000002e118        0x0 obj_cooja/mtype481.a(list.o)
 .data          0x000000000002e118        0x0 obj_cooja/mtype481.a(ringbuf.o)
 .data          0x000000000002e118        0x0 obj_cooja/mtype481.a(sicslowpan.o)
 .data          0x000000000002e118       0x14 obj_cooja/mtype481.a(uip-ds6-nbr.o)
                0x000000000002e128                ds6_neighbors
 .data          0x000000000002e12c       0x44 obj_cooja/mtype481.a(uip-ds6-route.o)
                0x000000000002e13c                nbr_routes
 .data          0x000000000002e170        0x0 obj_cooja/mtype481.a(uip-ds6.o)
 .data          0x000000000002e170        0x0 obj_cooja/mtype481.a(uip6.o)
 .data          0x000000000002e170       0x10 obj_cooja/mtype481.a(tcpip.o)
                0x000000000002e170                tcpip_process
 .data          0x000000000002e180        0x0 obj_cooja/mtype481.a(uip-debug.o)
 .data          0x000000000002e180        0xc obj_cooja/mtype481.a(uip-packetqueue)
 .data          0x000000000002e18c        0x0 obj_cooja/mtype481.a(uip-udp-packet.)
 .data          0x000000000002e18c       0x14 obj_cooja/mtype481.a(rpl-dag.o)
                0x000000000002e19c                rpl_parents
 .data          0x000000000002e1a0        0x0 obj_cooja/mtype481.a(rpl-ext-header.)
 .data          0x000000000002e1a0       0x34 obj_cooja/mtype481.a(rpl-icmp6.o)
 .data          0x000000000002e1d4       0x1c obj_cooja/mtype481.a(rpl-mrhof.o)
                0x000000000002e1d4                rpl_mrhof
 .data          0x000000000002e1f0        0x0 obj_cooja/mtype481.a(rpl-timers.o)
 .data          0x000000000002e1f0        0x0 obj_cooja/mtype481.a(rpl.o)
 .data          0x000000000002e1f0        0x0 obj_cooja/mtype481.a(linkaddr.o)
 .data          0x000000000002e1f0       0x10 obj_cooja/mtype481.a(nbr-table.o)
 .data          0x000000000002e200        0x0 obj_cooja/mtype481.a(netstack.o)
 .data          0x000000000002e200        0x4 obj_cooja/mtype481.a(packetbuf.o)
 .data          0x000000000002e204       0x18 obj_cooja/mtype481.a(queuebuf.o)
 .data          0x000000000002e21c       0x28 obj_cooja/mtype481.a(csma.o)
 .data          0x000000000002e244        0x0 obj_cooja/mtype481.a(framer-802154.o)
 .data          0x000000000002e244        0x0 obj_cooja/mtype481.a(mac.o)
 .data          0x000000000002e244        0x0 obj_cooja/mtype481.a(nullrdc.o)
 .data          0x000000000002e244        0x0 obj_cooja/mtype481.a(nullsec.o)
 .data          0x000000000002e244        0x0 obj_cooja/mtype481.a(watchdog.o)
 .data          0x000000000002e244        0x0 obj_cooja/mtype481.a(rimestats.o)
 .data          0x000000000002e244        0x0 obj_cooja/mtype481.a(memb.o)
 .data          0x000000000002e244       0x20 obj_cooja/mtype481.a(uip-icmp6.o)
 .data          0x000000000002e264        0x0 obj_cooja/mtype481.a(uip-nd6.o)
 .data          0x000000000002e264        0x0 obj_cooja/mtype481.a(rpl-nbr-policy.)
 .data          0x000000000002e264        0x2 obj_cooja/mtype481.a(frame802154.o)
 .data          0x000000000002e266        0x0 obj_cooja/mtype481.a(mac-sequence.o)
 .data          0x000000000002e266        0x0 /usr/lib/gcc/i686-linux-gnu/4.8/crtendS.o
 .data          0x000000000002e266        0x0 /usr/lib/gcc/i686-linux-gnu/4.8/../../../i386-linux-gnu/crtn.o

.tm_clone_table
                0x000000000002e268        0x0
 .tm_clone_table
                0x000000000002e268        0x0 /usr/lib/gcc/i686-linux-gnu/4.8/crtbeginS.o
 .tm_clone_table
                0x000000000002e268        0x0 /usr/lib/gcc/i686-linux-gnu/4.8/crtendS.o

.data1
 *(.data1)
                0x000000000002e268                _edata = .
                0x000000000002e268                PROVIDE (edata, .)
                0x000000000002e268                . = .
                0x000000000002e268                __bss_start = .

.bss            0x000000000002e280     0x8328
 *(.dynbss)
 .dynbss        0x0000000000000000        0x0 /usr/lib/gcc/i686-linux-gnu/4.8/../../../i386-linux-gnu/crti.o
 *(.bss .bss.* .gnu.linkonce.b.*)
 .bss           0x000000000002e280        0x0 /usr/lib/gcc/i686-linux-gnu/4.8/../../../i386-linux-gnu/crti.o
 .bss           0x000000000002e280        0x1 /usr/lib/gcc/i686-linux-gnu/4.8/crtbeginS.o
 *fill*         0x000000000002e281       0x1f 
 .bss           0x000000000002e2a0       0x60 udp-client.co
 .bss           0x000000000002e300     0x2030 obj_cooja/mtype481.o
 .bss           0x0000000000030330        0x1 obj_cooja/mtype481.a(simEnvChange.o)
                0x0000000000030330                simDontFallAsleep
 *fill*         0x0000000000030331        0x3 
 .bss           0x0000000000030334        0x4 obj_cooja/mtype481.a(cooja_mt.o)
 .bss           0x0000000000030338        0x4 obj_cooja/mtype481.a(cooja_mtarch.o)
 .bss           0x000000000003033c        0xc obj_cooja/mtype481.a(rtimer-arch.o)
 .bss           0x0000000000030348        0x0 obj_cooja/mtype481.a(beep.o)
 .bss           0x0000000000030348        0x8 obj_cooja/mtype481.a(button-sensor.o)
 .bss           0x0000000000030350        0x0 obj_cooja/mtype481.a(leds-arch.o)
 .bss           0x0000000000030350        0x0 obj_cooja/mtype481.a(moteid.o)
 .bss           0x0000000000030350        0x1 obj_cooja/mtype481.a(pir-sensor.o)
                0x0000000000030350                simPirValue
 *fill*         0x0000000000030351        0x3 
 .bss           0x0000000000030354        0x4 obj_cooja/mtype481.a(rs232.o)
 .bss           0x0000000000030358        0x1 obj_cooja/mtype481.a(vib-sensor.o)
                0x0000000000030358                simVibValue
 .bss           0x0000000000030359        0x0 obj_cooja/mtype481.a(clock.o)
 *fill*         0x0000000000030359        0x7 
 .bss           0x0000000000030360      0x420 obj_cooja/mtype481.a(log.o)
 .bss           0x0000000000030780      0xfc0 obj_cooja/mtype481.a(cfs-cooja.o)
                0x0000000000030780                simCFSData
                0x0000000000031720                simCFSSize
                0x0000000000031724                simCFSChanged
                0x0000000000031728                simCFSRead
                0x000000000003172c                simCFSWritten
 .bss           0x0000000000031740       0x20 obj_cooja/mtype481.a(cooja-radio.o)
                0x0000000000031740                simReceiving
                0x0000000000031741                simReceivingLR
                0x0000000000031744                simInSize
                0x0000000000031748                simInSizeLR
                0x000000000003174c                simOutSize
                0x0000000000031750                simOutSizeLR
                0x0000000000031754                LongRangeTransmit
                0x0000000000031758                LongRangeReceiving
 .bss           0x0000000000031760        0xc obj_cooja/mtype481.a(eeprom.o)
                0x0000000000031760                simEEPROMChanged
                0x0000000000031764                simEEPROMRead
                0x0000000000031768                simEEPROMWritten
 .bss           0x000000000003176c        0x0 obj_cooja/mtype481.a(random.o)
 .bss           0x000000000003176c        0xc obj_cooja/mtype481.a(sensors.o)
 .bss           0x0000000000031778       0x28 obj_cooja/mtype481.a(dual_conf.o)
                0x0000000000031778                long_range_radio
 .bss           0x00000000000317a0        0x0 obj_cooja/mtype481.a(autostart.o)
 .bss           0x00000000000317a0        0x5 obj_cooja/mtype481.a(ctimer.o)
 *fill*         0x00000000000317a5        0x3 
 .bss           0x00000000000317a8        0x8 obj_cooja/mtype481.a(etimer.o)
 *fill*         0x00000000000317b0       0x10 
 .bss           0x00000000000317c0      0x1b1 obj_cooja/mtype481.a(process.o)
                0x00000000000317c0                process_list
                0x00000000000317c4                process_current
 *fill*         0x0000000000031971        0x3 
 .bss           0x0000000000031974        0x4 obj_cooja/mtype481.a(rtimer.o)
 .bss           0x0000000000031978        0x0 obj_cooja/mtype481.a(stimer.o)
 .bss           0x0000000000031978        0x0 obj_cooja/mtype481.a(timer.o)
 *fill*         0x0000000000031978        0x8 
 .bss           0x0000000000031980      0x140 obj_cooja/mtype481.a(serial-line.o)
 .bss           0x0000000000031ac0        0x0 obj_cooja/mtype481.a(list.o)
 .bss           0x0000000000031ac0        0x0 obj_cooja/mtype481.a(ringbuf.o)
 .bss           0x0000000000031ac0      0x70c obj_cooja/mtype481.a(sicslowpan.o)
 *fill*         0x00000000000321cc       0x14 
 .bss           0x00000000000321e0       0xf0 obj_cooja/mtype481.a(uip-ds6-nbr.o)
 *fill*         0x00000000000322d0       0x10 
 .bss           0x00000000000322e0      0x2a8 obj_cooja/mtype481.a(uip-ds6-route.o)
 .bss           0x0000000000032588       0x30 obj_cooja/mtype481.a(uip-ds6.o)
 .bss           0x00000000000325b8        0xe obj_cooja/mtype481.a(uip6.o)
                0x00000000000325b8                uip_ext_bitmap
                0x00000000000325b9                uip_ext_len
                0x00000000000325ba                uip_ext_opt_offset
 *fill*         0x00000000000325c6       0x1a 
 .bss           0x00000000000325e0       0x6a obj_cooja/mtype481.a(tcpip.o)
 .bss           0x000000000003264a        0x0 obj_cooja/mtype481.a(uip-debug.o)
 *fill*         0x000000000003264a       0x16 
 .bss           0x0000000000032660      0xcf8 obj_cooja/mtype481.a(uip-packetqueue)
 .bss           0x0000000000033358        0x0 obj_cooja/mtype481.a(uip-udp-packet.)
 *fill*         0x0000000000033358        0x8 
 .bss           0x0000000000033360       0xa0 obj_cooja/mtype481.a(rpl-dag.o)
 .bss           0x0000000000033400        0x0 obj_cooja/mtype481.a(rpl-ext-header.)
 .bss           0x0000000000033400        0x0 obj_cooja/mtype481.a(rpl-icmp6.o)
 .bss           0x0000000000033400        0x0 obj_cooja/mtype481.a(rpl-mrhof.o)
 .bss           0x0000000000033400       0x23 obj_cooja/mtype481.a(rpl-timers.o)
 *fill*         0x0000000000033423        0x1 
 .bss           0x0000000000033424        0x4 obj_cooja/mtype481.a(rpl.o)
 .bss           0x0000000000033428        0x0 obj_cooja/mtype481.a(linkaddr.o)
 *fill*         0x0000000000033428       0x18 
 .bss           0x0000000000033440       0xfc obj_cooja/mtype481.a(nbr-table.o)
 .bss           0x000000000003353c        0x0 obj_cooja/mtype481.a(netstack.o)
 *fill*         0x000000000003353c        0x4 
 .bss           0x0000000000033540       0xa0 obj_cooja/mtype481.a(packetbuf.o)
 .bss           0x00000000000335e0      0xb80 obj_cooja/mtype481.a(queuebuf.o)
 .bss           0x0000000000034160      0x248 obj_cooja/mtype481.a(csma.o)
 .bss           0x00000000000343a8        0x2 obj_cooja/mtype481.a(framer-802154.o)
 .bss           0x00000000000343aa        0x0 obj_cooja/mtype481.a(mac.o)
 .bss           0x00000000000343aa        0x0 obj_cooja/mtype481.a(nullrdc.o)
 .bss           0x00000000000343aa        0x0 obj_cooja/mtype481.a(nullsec.o)
 .bss           0x00000000000343aa        0x0 obj_cooja/mtype481.a(watchdog.o)
 .bss           0x00000000000343aa        0x0 obj_cooja/mtype481.a(rimestats.o)
 .bss           0x00000000000343aa        0x0 obj_cooja/mtype481.a(memb.o)
 *fill*         0x00000000000343aa        0x2 
 .bss           0x00000000000343ac       0x18 obj_cooja/mtype481.a(uip-icmp6.o)
 .bss           0x00000000000343c4        0x0 obj_cooja/mtype481.a(uip-nd6.o)
 *fill*         0x00000000000343c4       0x1c 
 .bss           0x00000000000343e0       0x44 obj_cooja/mtype481.a(rpl-nbr-policy.)
 .bss           0x0000000000034424        0x0 obj_cooja/mtype481.a(frame802154.o)
 *fill*         0x0000000000034424       0x1c 
 .bss           0x0000000000034440       0x90 obj_cooja/mtype481.a(mac-sequence.o)
 .bss           0x00000000000344d0        0x0 /usr/lib/gcc/i686-linux-gnu/4.8/crtendS.o
 .bss           0x00000000000344d0        0x0 /usr/lib/gcc/i686-linux-gnu/4.8/../../../i386-linux-gnu/crtn.o
 *(COMMON)
 COMMON         0x00000000000344d0        0x8 obj_cooja/mtype481.o
                0x00000000000344d0                referenceVar
                0x00000000000344d4                sensors_flags
 COMMON         0x00000000000344d8        0xc obj_cooja/mtype481.a(simEnvChange.o)
                0x00000000000344d8                simEtimerPending
                0x00000000000344dc                simProcessRunValue
                0x00000000000344e0                simNextExpirationTime
 COMMON         0x00000000000344e4        0x1 obj_cooja/mtype481.a(beep.o)
                0x00000000000344e4                simBeeped
 COMMON         0x00000000000344e5        0x3 obj_cooja/mtype481.a(button-sensor.o)
                0x00000000000344e5                simButtonIsActive
                0x00000000000344e6                simButtonIsDown
                0x00000000000344e7                simButtonChanged
 COMMON         0x00000000000344e8        0x1 obj_cooja/mtype481.a(leds-arch.o)
                0x00000000000344e8                simLedsValue
 *fill*         0x00000000000344e9        0x3 
 COMMON         0x00000000000344ec        0xc obj_cooja/mtype481.a(moteid.o)
                0x00000000000344ec                simRandomSeed
                0x00000000000344f0                simMoteIDChanged
                0x00000000000344f4                simMoteID
 COMMON         0x00000000000344f8        0x2 obj_cooja/mtype481.a(pir-sensor.o)
                0x00000000000344f8                simPirIsActive
                0x00000000000344f9                simPirChanged
 *fill*         0x00000000000344fa        0x6 
 COMMON         0x0000000000034500      0x820 obj_cooja/mtype481.a(rs232.o)
                0x0000000000034500                simSerialReceivingFlag
                0x0000000000034504                simSerialReceivingLength
                0x0000000000034520                simSerialReceivingData
 COMMON         0x0000000000034d20        0x2 obj_cooja/mtype481.a(vib-sensor.o)
                0x0000000000034d20                simVibChanged
                0x0000000000034d21                simVibIsActive
 *fill*         0x0000000000034d22        0x2 
 COMMON         0x0000000000034d24        0x4 obj_cooja/mtype481.a(clock.o)
                0x0000000000034d24                simCurrentTime
 *fill*         0x0000000000034d28       0x18 
 COMMON         0x0000000000034d40      0x420 obj_cooja/mtype481.a(log.o)
                0x0000000000034d40                simLoggedLength
                0x0000000000034d44                simLoggedFlag
                0x0000000000034d60                simLoggedData
 COMMON         0x0000000000035160      0x200 obj_cooja/mtype481.a(cooja-radio.o)
                0x0000000000035160                simOutDataBuffer
                0x00000000000351e0                simInDataBufferLR
                0x0000000000035260                simOutDataBufferLR
                0x00000000000352e0                simInDataBuffer
 COMMON         0x0000000000035360      0x400 obj_cooja/mtype481.a(eeprom.o)
                0x0000000000035360                simEEPROMData
 COMMON         0x0000000000035760        0x1 obj_cooja/mtype481.a(sensors.o)
                0x0000000000035760                sensors_event
 COMMON         0x0000000000035761        0x1 obj_cooja/mtype481.a(serial-line.o)
                0x0000000000035761                serial_line_event_message
 *fill*         0x0000000000035762       0x1e 
 COMMON         0x0000000000035780       0x64 obj_cooja/mtype481.a(uip-ds6-nbr.o)
                0x0000000000035780                ds6_lr_addrmap
 *fill*         0x00000000000357e4       0x1c 
 COMMON         0x0000000000035800      0x298 obj_cooja/mtype481.a(uip-ds6.o)
                0x0000000000035800                uip_ds6_prefix_list
                0x0000000000035860                uip_ds6_timer_periodic
                0x0000000000035870                uip_ds6_netif_addr_list_offset
                0x0000000000035880                uip_ds6_if
                0x0000000000035978                uip_ds6_timer_ra
                0x0000000000035980                uip_ds6_addr_size
                0x00000000000359a0                long_uip_ds6_if
 *fill*         0x0000000000035a98        0x8 
 COMMON         0x0000000000035aa0      0x8ec obj_cooja/mtype481.a(uip6.o)
                0x0000000000035aa0                uip_slen
                0x0000000000035aa2                uip_acc32
                0x0000000000035ac0                uip_conns
                0x0000000000035b80                uip_lladdr
                0x0000000000035b88                uip_appdata
                0x0000000000035b8c                uip_flags
                0x0000000000035ba0                uip_aligned_buf
                0x00000000000361e0                uip_listenports
                0x00000000000361f0                uip_len
                0x00000000000361f2                uip_long_lladdr
                0x00000000000361fc                uip_sappdata
                0x0000000000036200                uip_udp_conns
                0x0000000000036380                uip_udp_conn
                0x0000000000036384                uip_next_hdr
                0x0000000000036388                uip_conn
 COMMON         0x000000000003638c        0x1 obj_cooja/mtype481.a(tcpip.o)
                0x000000000003638c                tcpip_event
 *fill*         0x000000000003638d       0x13 
 COMMON         0x00000000000363a0      0x170 obj_cooja/mtype481.a(rpl-dag.o)
                0x00000000000363a0                default_instance
                0x00000000000363c0                instance_table
 COMMON         0x0000000000036510       0x10 obj_cooja/mtype481.a(linkaddr.o)
                0x0000000000036510                linkaddr_node_addr
                0x0000000000036518                long_linkaddr_node_addr
 COMMON         0x0000000000036520       0x2e obj_cooja/mtype481.a(packetbuf.o)
                0x0000000000036520                packetbuf_attrs
                0x000000000003653e                packetbuf_addrs
 *fill*         0x000000000003654e       0x12 
 COMMON         0x0000000000036560       0x48 obj_cooja/mtype481.a(rimestats.o)
                0x0000000000036560                rimestats
                0x00000000000365a8                . = ALIGN ((. != 0x0)?0x4:0x1)
                0x00000000000365a8                . = ALIGN (0x4)
                0x00000000000365a8                . = SEGMENT_START ("ldata-segment", .)
                0x00000000000365a8                . = ALIGN (0x4)
                0x00000000000365a8                _end = .
                0x00000000000365a8                PROVIDE (end, .)
                0x00000000000365a8                . = DATA_SEGMENT_END (.)

.stab
 *(.stab)

.stabstr
 *(.stabstr)

.stab.excl
 *(.stab.excl)

.stab.exclstr
 *(.stab.exclstr)

.stab.index
 *(.stab.index)

.stab.indexstr
 *(.stab.indexstr)

.comment        0x0000000000000000       0x29
 *(.comment)
 .comment       0x0000000000000000       0x29 /usr/lib/gcc/i686-linux-gnu/4.8/crtbeginS.o
                                         0x2a (size before relaxing)
 .comment       0x0000000000000000       0x2a udp-client.co
 .comment       0x0000000000000000       0x2a obj_cooja/mtype481.o
 .comment       0x0000000000000000       0x2a obj_cooja/mtype481.a(simEnvChange.o)
 .comment       0x0000000000000000       0x2a obj_cooja/mtype481.a(cooja_mt.o)
 .comment       0x0000000000000000       0x2a obj_cooja/mtype481.a(cooja_mtarch.o)
 .comment       0x0000000000000000       0x2a obj_cooja/mtype481.a(rtimer-arch.o)
 .comment       0x0000000000000000       0x2a obj_cooja/mtype481.a(beep.o)
 .comment       0x0000000000000000       0x2a obj_cooja/mtype481.a(button-sensor.o)
 .comment       0x0000000000000000       0x2a obj_cooja/mtype481.a(leds-arch.o)
 .comment       0x0000000000000000       0x2a obj_cooja/mtype481.a(moteid.o)
 .comment       0x0000000000000000       0x2a obj_cooja/mtype481.a(pir-sensor.o)
 .comment       0x0000000000000000       0x2a obj_cooja/mtype481.a(rs232.o)
 .comment       0x0000000000000000       0x2a obj_cooja/mtype481.a(vib-sensor.o)
 .comment       0x0000000000000000       0x2a obj_cooja/mtype481.a(clock.o)
 .comment       0x0000000000000000       0x2a obj_cooja/mtype481.a(log.o)
 .comment       0x0000000000000000       0x2a obj_cooja/mtype481.a(cfs-cooja.o)
 .comment       0x0000000000000000       0x2a obj_cooja/mtype481.a(cooja-radio.o)
 .comment       0x0000000000000000       0x2a obj_cooja/mtype481.a(eeprom.o)
 .comment       0x0000000000000000       0x2a obj_cooja/mtype481.a(random.o)
 .comment       0x0000000000000000       0x2a obj_cooja/mtype481.a(sensors.o)
 .comment       0x0000000000000000       0x2a obj_cooja/mtype481.a(dual_conf.o)
 .comment       0x0000000000000000       0x2a obj_cooja/mtype481.a(autostart.o)
 .comment       0x0000000000000000       0x2a obj_cooja/mtype481.a(ctimer.o)
 .comment       0x0000000000000000       0x2a obj_cooja/mtype481.a(etimer.o)
 .comment       0x0000000000000000       0x2a obj_cooja/mtype481.a(process.o)
 .comment       0x0000000000000000       0x2a obj_cooja/mtype481.a(rtimer.o)
 .comment       0x0000000000000000       0x2a obj_cooja/mtype481.a(stimer.o)
 .comment       0x0000000000000000       0x2a obj_cooja/mtype481.a(timer.o)
 .comment       0x0000000000000000       0x2a obj_cooja/mtype481.a(serial-line.o)
 .comment       0x0000000000000000       0x2a obj_cooja/mtype481.a(list.o)
 .comment       0x0000000000000000       0x2a obj_cooja/mtype481.a(ringbuf.o)
 .comment       0x0000000000000000       0x2a obj_cooja/mtype481.a(sicslowpan.o)
 .comment       0x0000000000000000       0x2a obj_cooja/mtype481.a(uip-ds6-nbr.o)
 .comment       0x0000000000000000       0x2a obj_cooja/mtype481.a(uip-ds6-route.o)
 .comment       0x0000000000000000       0x2a obj_cooja/mtype481.a(uip-ds6.o)
 .comment       0x0000000000000000       0x2a obj_cooja/mtype481.a(uip6.o)
 .comment       0x0000000000000000       0x2a obj_cooja/mtype481.a(tcpip.o)
 .comment       0x0000000000000000       0x2a obj_cooja/mtype481.a(uip-debug.o)
 .comment       0x0000000000000000       0x2a obj_cooja/mtype481.a(uip-packetqueue)
 .comment       0x0000000000000000       0x2a obj_cooja/mtype481.a(uip-udp-packet.)
 .comment       0x0000000000000000       0x2a obj_cooja/mtype481.a(rpl-dag.o)
 .comment       0x0000000000000000       0x2a obj_cooja/mtype481.a(rpl-ext-header.)
 .comment       0x0000000000000000       0x2a obj_cooja/mtype481.a(rpl-icmp6.o)
 .comment       0x0000000000000000       0x2a obj_cooja/mtype481.a(rpl-mrhof.o)
 .comment       0x0000000000000000       0x2a obj_cooja/mtype481.a(rpl-timers.o)
 .comment       0x0000000000000000       0x2a obj_cooja/mtype481.a(rpl.o)
 .comment       0x0000000000000000       0x2a obj_cooja/mtype481.a(linkaddr.o)
 .comment       0x0000000000000000       0x2a obj_cooja/mtype481.a(nbr-table.o)
 .comment       0x0000000000000000       0x2a obj_cooja/mtype481.a(netstack.o)
 .comment       0x0000000000000000       0x2a obj_cooja/mtype481.a(packetbuf.o)
 .comment       0x0000000000000000       0x2a obj_cooja/mtype481.a(queuebuf.o)
 .comment       0x0000000000000000       0x2a obj_cooja/mtype481.a(csma.o)
 .comment       0x0000000000000000       0x2a obj_cooja/mtype481.a(framer-802154.o)
 .comment       0x0000000000000000       0x2a obj_cooja/mtype481.a(mac.o)
 .comment       0x0000000000000000       0x2a obj_cooja/mtype481.a(nullrdc.o)
 .comment       0x0000000000000000       0x2a obj_cooja/mtype481.a(nullsec.o)
 .comment       0x0000000000000000       0x2a obj_cooja/mtype481.a(watchdog.o)
 .comment       0x0000000000000000       0x2a obj_cooja/mtype481.a(rimestats.o)
 .comment       0x0000000000000000       0x2a obj_cooja/mtype481.a(memb.o)
 .comment       0x0000000000000000       0x2a obj_cooja/mtype481.a(uip-icmp6.o)
 .comment       0x0000000000000000       0x2a obj_cooja/mtype481.a(uip-nd6.o)
 .comment       0x0000000000000000       0x2a obj_cooja/mtype481.a(rpl-nbr-policy.)
 .comment       0x0000000000000000       0x2a obj_cooja/mtype481.a(frame802154.o)
 .comment       0x0000000000000000       0x2a obj_cooja/mtype481.a(mac-sequence.o)
 .comment       0x0000000000000000       0x2a /usr/lib/gcc/i686-linux-gnu/4.8/crtendS.o

.debug
 *(.debug)

.line
 *(.line)

.debug_srcinfo
 *(.debug_srcinfo)

.debug_sfnames
 *(.debug_sfnames)

.debug_aranges  0x0000000000000000      0x7f8
 *(.debug_aranges)
 .debug_aranges
                0x0000000000000000       0x20 udp-client.co
 .debug_aranges
                0x0000000000000020       0x20 obj_cooja/mtype481.o
 .debug_aranges
                0x0000000000000040       0x20 obj_cooja/mtype481.a(simEnvChange.o)
 .debug_aranges
                0x0000000000000060       0x20 obj_cooja/mtype481.a(cooja_mt.o)
 .debug_aranges
                0x0000000000000080       0x20 obj_cooja/mtype481.a(cooja_mtarch.o)
 .debug_aranges
                0x00000000000000a0       0x20 obj_cooja/mtype481.a(rtimer-arch.o)
 .debug_aranges
                0x00000000000000c0       0x20 obj_cooja/mtype481.a(beep.o)
 .debug_aranges
                0x00000000000000e0       0x20 obj_cooja/mtype481.a(button-sensor.o)
 .debug_aranges
                0x0000000000000100       0x20 obj_cooja/mtype481.a(leds-arch.o)
 .debug_aranges
                0x0000000000000120       0x20 obj_cooja/mtype481.a(moteid.o)
 .debug_aranges
                0x0000000000000140       0x20 obj_cooja/mtype481.a(pir-sensor.o)
 .debug_aranges
                0x0000000000000160       0x20 obj_cooja/mtype481.a(rs232.o)
 .debug_aranges
                0x0000000000000180       0x20 obj_cooja/mtype481.a(vib-sensor.o)
 .debug_aranges
                0x00000000000001a0       0x20 obj_cooja/mtype481.a(clock.o)
 .debug_aranges
                0x00000000000001c0       0x20 obj_cooja/mtype481.a(log.o)
 .debug_aranges
                0x00000000000001e0       0x20 obj_cooja/mtype481.a(cfs-cooja.o)
 .debug_aranges
                0x0000000000000200       0x20 obj_cooja/mtype481.a(cooja-radio.o)
 .debug_aranges
                0x0000000000000220       0x20 obj_cooja/mtype481.a(eeprom.o)
 .debug_aranges
                0x0000000000000240       0x20 obj_cooja/mtype481.a(random.o)
 .debug_aranges
                0x0000000000000260       0x20 obj_cooja/mtype481.a(sensors.o)
 .debug_aranges
                0x0000000000000280       0x20 obj_cooja/mtype481.a(dual_conf.o)
 .debug_aranges
                0x00000000000002a0       0x20 obj_cooja/mtype481.a(autostart.o)
 .debug_aranges
                0x00000000000002c0       0x20 obj_cooja/mtype481.a(ctimer.o)
 .debug_aranges
                0x00000000000002e0       0x20 obj_cooja/mtype481.a(etimer.o)
 .debug_aranges
                0x0000000000000300       0x20 obj_cooja/mtype481.a(process.o)
 .debug_aranges
                0x0000000000000320       0x20 obj_cooja/mtype481.a(rtimer.o)
 .debug_aranges
                0x0000000000000340       0x20 obj_cooja/mtype481.a(stimer.o)
 .debug_aranges
                0x0000000000000360       0x20 obj_cooja/mtype481.a(timer.o)
 .debug_aranges
                0x0000000000000380       0x20 obj_cooja/mtype481.a(serial-line.o)
 .debug_aranges
                0x00000000000003a0       0x20 obj_cooja/mtype481.a(list.o)
 .debug_aranges
                0x00000000000003c0       0x20 obj_cooja/mtype481.a(ringbuf.o)
 .debug_aranges
                0x00000000000003e0       0x20 obj_cooja/mtype481.a(sicslowpan.o)
 .debug_aranges
                0x0000000000000400       0x20 obj_cooja/mtype481.a(uip-ds6-nbr.o)
 .debug_aranges
                0x0000000000000420       0x20 obj_cooja/mtype481.a(uip-ds6-route.o)
 .debug_aranges
                0x0000000000000440       0x20 obj_cooja/mtype481.a(uip-ds6.o)
 .debug_aranges
                0x0000000000000460       0x20 obj_cooja/mtype481.a(uip6.o)
 .debug_aranges
                0x0000000000000480       0x20 obj_cooja/mtype481.a(tcpip.o)
 .debug_aranges
                0x00000000000004a0       0x20 obj_cooja/mtype481.a(uip-debug.o)
 .debug_aranges
                0x00000000000004c0       0x20 obj_cooja/mtype481.a(uip-packetqueue)
 .debug_aranges
                0x00000000000004e0       0x20 obj_cooja/mtype481.a(uip-udp-packet.)
 .debug_aranges
                0x0000000000000500       0x20 obj_cooja/mtype481.a(rpl-dag.o)
 .debug_aranges
                0x0000000000000520       0x20 obj_cooja/mtype481.a(rpl-ext-header.)
 .debug_aranges
                0x0000000000000540       0x20 obj_cooja/mtype481.a(rpl-icmp6.o)
 .debug_aranges
                0x0000000000000560       0x20 obj_cooja/mtype481.a(rpl-mrhof.o)
 .debug_aranges
                0x0000000000000580       0x20 obj_cooja/mtype481.a(rpl-timers.o)
 .debug_aranges
                0x00000000000005a0       0x20 obj_cooja/mtype481.a(rpl.o)
 .debug_aranges
                0x00000000000005c0       0x20 obj_cooja/mtype481.a(linkaddr.o)
 .debug_aranges
                0x00000000000005e0       0x20 obj_cooja/mtype481.a(nbr-table.o)
 .debug_aranges
                0x0000000000000600       0x20 obj_cooja/mtype481.a(netstack.o)
 .debug_aranges
                0x0000000000000620       0x20 obj_cooja/mtype481.a(packetbuf.o)
 .debug_aranges
                0x0000000000000640       0x20 obj_cooja/mtype481.a(queuebuf.o)
 .debug_aranges
                0x0000000000000660       0x20 obj_cooja/mtype481.a(csma.o)
 .debug_aranges
                0x0000000000000680       0x20 obj_cooja/mtype481.a(framer-802154.o)
 .debug_aranges
                0x00000000000006a0       0x20 obj_cooja/mtype481.a(mac.o)
 .debug_aranges
                0x00000000000006c0       0x20 obj_cooja/mtype481.a(nullrdc.o)
 .debug_aranges
                0x00000000000006e0       0x20 obj_cooja/mtype481.a(nullsec.o)
 .debug_aranges
                0x0000000000000700       0x20 obj_cooja/mtype481.a(watchdog.o)
 .debug_aranges
                0x0000000000000720       0x18 obj_cooja/mtype481.a(rimestats.o)
 .debug_aranges
                0x0000000000000738       0x20 obj_cooja/mtype481.a(memb.o)
 .debug_aranges
                0x0000000000000758       0x20 obj_cooja/mtype481.a(uip-icmp6.o)
 .debug_aranges
                0x0000000000000778       0x20 obj_cooja/mtype481.a(uip-nd6.o)
 .debug_aranges
                0x0000000000000798       0x20 obj_cooja/mtype481.a(rpl-nbr-policy.)
 .debug_aranges
                0x00000000000007b8       0x20 obj_cooja/mtype481.a(frame802154.o)
 .debug_aranges
                0x00000000000007d8       0x20 obj_cooja/mtype481.a(mac-sequence.o)

.debug_pubnames
 *(.debug_pubnames)

.debug_info     0x0000000000000000    0x1b9ff
 *(.debug_info .gnu.linkonce.wi.*)
 .debug_info    0x0000000000000000      0x8b3 udp-client.co
 .debug_info    0x00000000000008b3     0x3771 obj_cooja/mtype481.o
 .debug_info    0x0000000000004024      0x15a obj_cooja/mtype481.a(simEnvChange.o)
 .debug_info    0x000000000000417e      0x1e2 obj_cooja/mtype481.a(cooja_mt.o)
 .debug_info    0x0000000000004360      0x2e7 obj_cooja/mtype481.a(cooja_mtarch.o)
 .debug_info    0x0000000000004647      0x16b obj_cooja/mtype481.a(rtimer-arch.o)
 .debug_info    0x00000000000047b2      0x1f3 obj_cooja/mtype481.a(beep.o)
 .debug_info    0x00000000000049a5      0x257 obj_cooja/mtype481.a(button-sensor.o)
 .debug_info    0x0000000000004bfc      0x132 obj_cooja/mtype481.a(leds-arch.o)
 .debug_info    0x0000000000004d2e      0x10a obj_cooja/mtype481.a(moteid.o)
 .debug_info    0x0000000000004e38      0x216 obj_cooja/mtype481.a(pir-sensor.o)
 .debug_info    0x000000000000504e      0x21e obj_cooja/mtype481.a(rs232.o)
 .debug_info    0x000000000000526c      0x216 obj_cooja/mtype481.a(vib-sensor.o)
 .debug_info    0x0000000000005482      0x152 obj_cooja/mtype481.a(clock.o)
 .debug_info    0x00000000000055d4      0x2bb obj_cooja/mtype481.a(log.o)
 .debug_info    0x000000000000588f      0x3cf obj_cooja/mtype481.a(cfs-cooja.o)
 .debug_info    0x0000000000005c5e      0xc5e obj_cooja/mtype481.a(cooja-radio.o)
 .debug_info    0x00000000000068bc      0x1d5 obj_cooja/mtype481.a(eeprom.o)
 .debug_info    0x0000000000006a91       0xb3 obj_cooja/mtype481.a(random.o)
 .debug_info    0x0000000000006b44      0x36d obj_cooja/mtype481.a(sensors.o)
 .debug_info    0x0000000000006eb1      0x99d obj_cooja/mtype481.a(dual_conf.o)
 .debug_info    0x000000000000784e      0x1a5 obj_cooja/mtype481.a(autostart.o)
 .debug_info    0x00000000000079f3      0x46c obj_cooja/mtype481.a(ctimer.o)
 .debug_info    0x0000000000007e5f      0x49c obj_cooja/mtype481.a(etimer.o)
 .debug_info    0x00000000000082fb      0x4ba obj_cooja/mtype481.a(process.o)
 .debug_info    0x00000000000087b5      0x1ab obj_cooja/mtype481.a(rtimer.o)
 .debug_info    0x0000000000008960      0x179 obj_cooja/mtype481.a(stimer.o)
 .debug_info    0x0000000000008ad9      0x16c obj_cooja/mtype481.a(timer.o)
 .debug_info    0x0000000000008c45      0x2de obj_cooja/mtype481.a(serial-line.o)
 .debug_info    0x0000000000008f23      0x2ed obj_cooja/mtype481.a(list.o)
 .debug_info    0x0000000000009210      0x1aa obj_cooja/mtype481.a(ringbuf.o)
 .debug_info    0x00000000000093ba     0x105d obj_cooja/mtype481.a(sicslowpan.o)
 .debug_info    0x000000000000a417      0x8bb obj_cooja/mtype481.a(uip-ds6-nbr.o)
 .debug_info    0x000000000000acd2      0xd30 obj_cooja/mtype481.a(uip-ds6-route.o)
 .debug_info    0x000000000000ba02      0xc19 obj_cooja/mtype481.a(uip-ds6.o)
 .debug_info    0x000000000000c61b      0xea0 obj_cooja/mtype481.a(uip6.o)
 .debug_info    0x000000000000d4bb     0x14b3 obj_cooja/mtype481.a(tcpip.o)
 .debug_info    0x000000000000e96e      0x1b5 obj_cooja/mtype481.a(uip-debug.o)
 .debug_info    0x000000000000eb23      0x470 obj_cooja/mtype481.a(uip-packetqueue)
 .debug_info    0x000000000000ef93      0x37a obj_cooja/mtype481.a(uip-udp-packet.)
 .debug_info    0x000000000000f30d     0x18f4 obj_cooja/mtype481.a(rpl-dag.o)
 .debug_info    0x0000000000010c01      0xe2b obj_cooja/mtype481.a(rpl-ext-header.)
 .debug_info    0x0000000000011a2c     0x1746 obj_cooja/mtype481.a(rpl-icmp6.o)
 .debug_info    0x0000000000013172      0xb0b obj_cooja/mtype481.a(rpl-mrhof.o)
 .debug_info    0x0000000000013c7d      0xbeb obj_cooja/mtype481.a(rpl-timers.o)
 .debug_info    0x0000000000014868      0xcde obj_cooja/mtype481.a(rpl.o)
 .debug_info    0x0000000000015546      0x198 obj_cooja/mtype481.a(linkaddr.o)
 .debug_info    0x00000000000156de      0xbe0 obj_cooja/mtype481.a(nbr-table.o)
 .debug_info    0x00000000000162be      0x4b9 obj_cooja/mtype481.a(netstack.o)
 .debug_info    0x0000000000016777      0x478 obj_cooja/mtype481.a(packetbuf.o)
 .debug_info    0x0000000000016bef      0x57d obj_cooja/mtype481.a(queuebuf.o)
 .debug_info    0x000000000001716c      0xbff obj_cooja/mtype481.a(csma.o)
 .debug_info    0x0000000000017d6b      0x5ed obj_cooja/mtype481.a(framer-802154.o)
 .debug_info    0x0000000000018358      0x112 obj_cooja/mtype481.a(mac.o)
 .debug_info    0x000000000001846a      0xcde obj_cooja/mtype481.a(nullrdc.o)
 .debug_info    0x0000000000019148      0x3aa obj_cooja/mtype481.a(nullsec.o)
 .debug_info    0x00000000000194f2       0x7b obj_cooja/mtype481.a(watchdog.o)
 .debug_info    0x000000000001956d      0x119 obj_cooja/mtype481.a(rimestats.o)
 .debug_info    0x0000000000019686      0x1d7 obj_cooja/mtype481.a(memb.o)
 .debug_info    0x000000000001985d      0x784 obj_cooja/mtype481.a(uip-icmp6.o)
 .debug_info    0x0000000000019fe1      0x331 obj_cooja/mtype481.a(uip-nd6.o)
 .debug_info    0x000000000001a312      0xda2 obj_cooja/mtype481.a(rpl-nbr-policy.)
 .debug_info    0x000000000001b0b4      0x6b4 obj_cooja/mtype481.a(frame802154.o)
 .debug_info    0x000000000001b768      0x297 obj_cooja/mtype481.a(mac-sequence.o)

.debug_abbrev   0x0000000000000000     0x67f7
 *(.debug_abbrev)
 .debug_abbrev  0x0000000000000000      0x1c0 udp-client.co
 .debug_abbrev  0x00000000000001c0      0x2b3 obj_cooja/mtype481.o
 .debug_abbrev  0x0000000000000473       0xc3 obj_cooja/mtype481.a(simEnvChange.o)