Archive member included to satisfy reference by file (symbol)

obj_cooja/mtype331.a(simEnvChange.o)
                              obj_cooja/mtype331.o (simDontFallAsleep)
obj_cooja/mtype331.a(cooja_mt.o)
                              obj_cooja/mtype331.o (cooja_mt_start)
obj_cooja/mtype331.a(cooja_mtarch.o)
                              obj_cooja/mtype331.a(cooja_mt.o) (cooja_mtarch_init)
obj_cooja/mtype331.a(rtimer-arch.o)
                              obj_cooja/mtype331.o (rtimer_arch_next)
obj_cooja/mtype331.a(beep.o)  obj_cooja/mtype331.o (beep_interface)
obj_cooja/mtype331.a(button-sensor.o)
                              obj_cooja/mtype331.o (button_interface)
obj_cooja/mtype331.a(leds-arch.o)
                              obj_cooja/mtype331.o (leds_interface)
obj_cooja/mtype331.a(moteid.o)
                              obj_cooja/mtype331.o (moteid_interface)
obj_cooja/mtype331.a(pir-sensor.o)
                              obj_cooja/mtype331.o (pir_interface)
obj_cooja/mtype331.a(rs232.o)
                              obj_cooja/mtype331.o (rs232_interface)
obj_cooja/mtype331.a(vib-sensor.o)
                              obj_cooja/mtype331.o (vib_interface)
obj_cooja/mtype331.a(clock.o)
                              obj_cooja/mtype331.o (clock_interface)
obj_cooja/mtype331.a(log.o)   obj_cooja/mtype331.o (simlog_interface)
obj_cooja/mtype331.a(cfs-cooja.o)
                              obj_cooja/mtype331.o (cfs_interface)
obj_cooja/mtype331.a(cooja-radio.o)
                              obj_cooja/mtype331.o (radio_interface)
obj_cooja/mtype331.a(eeprom.o)
                              obj_cooja/mtype331.o (eeprom_interface)
obj_cooja/mtype331.a(random.o)
                              obj_cooja/mtype331.a(moteid.o) (random_init)
obj_cooja/mtype331.a(sensors.o)
                              obj_cooja/mtype331.o (sensors_process)
obj_cooja/mtype331.a(dual_conf.o)
                              obj_cooja/mtype331.a(cooja-radio.o) (long_range_radio)
obj_cooja/mtype331.a(autostart.o)
                              obj_cooja/mtype331.o (autostart_start)
obj_cooja/mtype331.a(ctimer.o)
                              obj_cooja/mtype331.o (ctimer_init)
obj_cooja/mtype331.a(etimer.o)
                              obj_cooja/mtype331.o (etimer_process)
obj_cooja/mtype331.a(process.o)
                              udp-client.co (process_current)
obj_cooja/mtype331.a(rtimer.o)
                              obj_cooja/mtype331.a(rtimer-arch.o) (rtimer_run_next)
obj_cooja/mtype331.a(stimer.o)
                              udp-client.co (stimer_remaining)
obj_cooja/mtype331.a(timer.o)
                              obj_cooja/mtype331.a(button-sensor.o) (timer_set)
obj_cooja/mtype331.a(serial-line.o)
                              udp-client.co (serial_line_event_message)
obj_cooja/mtype331.a(list.o)  obj_cooja/mtype331.a(ctimer.o) (list_init)
obj_cooja/mtype331.a(ringbuf.o)
                              obj_cooja/mtype331.a(serial-line.o) (ringbuf_init)
obj_cooja/mtype331.a(sicslowpan.o)
                              obj_cooja/mtype331.o (sicslowpan_driver)
obj_cooja/mtype331.a(uip-ds6-nbr.o)
                              obj_cooja/mtype331.a(sicslowpan.o) (uip_ds6_link_neighbor_callback)
obj_cooja/mtype331.a(uip-ds6-route.o)
                              udp-client.co (uip_ds6_route_nexthop)
obj_cooja/mtype331.a(uip-ds6.o)
                              udp-client.co (uip_ds6_if)
obj_cooja/mtype331.a(uip6.o)  udp-client.co (uip_lladdr)
obj_cooja/mtype331.a(tcpip.o)
                              udp-client.co (tcpip_event)
obj_cooja/mtype331.a(uip-debug.o)
                              udp-client.co (uip_debug_ipaddr_print)
obj_cooja/mtype331.a(uip-packetqueue)
                              obj_cooja/mtype331.a(uip-ds6-nbr.o) (uip_packetqueue_new)
obj_cooja/mtype331.a(uip-udp-packet.)
                              udp-client.co (uip_udp_packet_sendto)
obj_cooja/mtype331.a(rpl-dag.o)
                              obj_cooja/mtype331.a(tcpip.o) (rpl_repair_root)
obj_cooja/mtype331.a(rpl-ext-header.)
                              obj_cooja/mtype331.a(uip6.o) (rpl_verify_header)
obj_cooja/mtype331.a(rpl-icmp6.o)
                              obj_cooja/mtype331.a(rpl-dag.o) (rpl_icmp6_update_nbr_table)
obj_cooja/mtype331.a(rpl-mrhof.o)
                              obj_cooja/mtype331.a(rpl-dag.o) (rpl_mrhof)
obj_cooja/mtype331.a(rpl-timers.o)
                              obj_cooja/mtype331.a(rpl-dag.o) (rpl_reset_dio_timer)
obj_cooja/mtype331.a(rpl.o)   obj_cooja/mtype331.a(rpl-icmp6.o) (rpl_get_mode)
obj_cooja/mtype331.a(linkaddr.o)
                              obj_cooja/mtype331.o (linkaddr_node_addr)
obj_cooja/mtype331.a(nbr-table.o)
                              obj_cooja/mtype331.a(uip-ds6-nbr.o) (nbr_table_register)
obj_cooja/mtype331.a(netstack.o)
                              obj_cooja/mtype331.o (netstack_init)
obj_cooja/mtype331.a(packetbuf.o)
[...]
Memory Configuration

Name             Origin             Length             Attributes
*default*        0x0000000000000000 0xffffffffffffffff

Linker script and memory map

LOAD /usr/lib/gcc/i686-linux-gnu/4.8/../../../i386-linux-gnu/crti.o
LOAD /usr/lib/gcc/i686-linux-gnu/4.8/crtbeginS.o
LOAD udp-client.co
LOAD obj_cooja/mtype331.o
LOAD obj_cooja/mtype331.a
LOAD /usr/lib/gcc/i686-linux-gnu/4.8/libgcc.a
LOAD /usr/lib/gcc/i686-linux-gnu/4.8/libgcc_s.so
LOAD /usr/lib/gcc/i686-linux-gnu/4.8/../../../i386-linux-gnu/libc.so
START GROUP
LOAD /lib/i386-linux-gnu/libc.so.6
LOAD /usr/lib/i386-linux-gnu/libc_nonshared.a
LOAD /lib/i386-linux-gnu/ld-linux.so.2
END GROUP
LOAD /usr/lib/gcc/i686-linux-gnu/4.8/libgcc.a
LOAD /usr/lib/gcc/i686-linux-gnu/4.8/libgcc_s.so
LOAD /usr/lib/gcc/i686-linux-gnu/4.8/crtendS.o
LOAD /usr/lib/gcc/i686-linux-gnu/4.8/../../../i386-linux-gnu/crtn.o
                0x0000000000000114                . = (0x0 + SIZEOF_HEADERS)

.note.gnu.build-id
                0x0000000000000114       0x24
 *(.note.gnu.build-id)
 .note.gnu.build-id
                0x0000000000000114       0x24 /usr/lib/gcc/i686-linux-gnu/4.8/../../../i386-linux-gnu/crti.o

.hash
 *(.hash)

.gnu.hash       0x0000000000000138     0x1294
 *(.gnu.hash)
 .gnu.hash      0x0000000000000138     0x1294 /usr/lib/gcc/i686-linux-gnu/4.8/../../../i386-linux-gnu/crti.o

.dynsym         0x00000000000013cc     0x2290
 *(.dynsym)
 .dynsym        0x00000000000013cc     0x2290 /usr/lib/gcc/i686-linux-gnu/4.8/../../../i386-linux-gnu/crti.o

.dynstr         0x000000000000365c     0x23ce
 *(.dynstr)
 .dynstr        0x000000000000365c     0x23ce /usr/lib/gcc/i686-linux-gnu/4.8/../../../i386-linux-gnu/crti.o

.gnu.version    0x0000000000005a2a      0x452
 *(.gnu.version)
 .gnu.version   0x0000000000005a2a      0x452 /usr/lib/gcc/i686-linux-gnu/4.8/../../../i386-linux-gnu/crti.o

.gnu.version_d  0x0000000000005e7c        0x0
 *(.gnu.version_d)
 .gnu.version_d
                0x0000000000000000        0x0 /usr/lib/gcc/i686-linux-gnu/4.8/../../../i386-linux-gnu/crti.o

.gnu.version_r  0x0000000000005e7c       0x40
 *(.gnu.version_r)
 .gnu.version_r
                0x0000000000005e7c       0x40 /usr/lib/gcc/i686-linux-gnu/4.8/../../../i386-linux-gnu/crti.o

.rel.dyn        0x0000000000005ebc     0x8950
 *(.rel.init)
 .rel.init      0x0000000000000000        0x0 /usr/lib/gcc/i686-linux-gnu/4.8/../../../i386-linux-gnu/crti.o
 *(.rel.text .rel.text.* .rel.gnu.linkonce.t.*)
 .rel.text      0x0000000000005ebc     0x81b0 /usr/lib/gcc/i686-linux-gnu/4.8/../../../i386-linux-gnu/crti.o
 *(.rel.fini)
 .rel.fini      0x0000000000000000        0x0 /usr/lib/gcc/i686-linux-gnu/4.8/../../../i386-linux-gnu/crti.o
 *(.rel.rodata .rel.rodata.* .rel.gnu.linkonce.r.*)
 .rel.rodata    0x000000000000e06c      0x4e0 /usr/lib/gcc/i686-linux-gnu/4.8/../../../i386-linux-gnu/crti.o
 *(.rel.data.rel.ro .rel.data.rel.ro.* .rel.gnu.linkonce.d.rel.ro.*)
 *(.rel.data .rel.data.* .rel.gnu.linkonce.d.*)
 .rel.data.rel  0x000000000000e54c        0x8 /usr/lib/gcc/i686-linux-gnu/4.8/../../../i386-linux-gnu/crti.o
 .rel.data      0x000000000000e554      0x280 /usr/lib/gcc/i686-linux-gnu/4.8/../../../i386-linux-gnu/crti.o
 *(.rel.tdata .rel.tdata.* .rel.gnu.linkonce.td.*)
 *(.rel.tbss .rel.tbss.* .rel.gnu.linkonce.tb.*)
 *(.rel.ctors)
 *(.rel.dtors)
 *(.rel.got)
 .rel.got       0x000000000000e7d4       0x28 /usr/lib/gcc/i686-linux-gnu/4.8/../../../i386-linux-gnu/crti.o
 *(.rel.bss .rel.bss.* .rel.gnu.linkonce.b.*)
 *(.rel.ifunc)
 .rel.ifunc     0x0000000000000000        0x0 /usr/lib/gcc/i686-linux-gnu/4.8/../../../i386-linux-gnu/crti.o
 .rel.fini_array
                0x000000000000e7fc        0x8 /usr/lib/gcc/i686-linux-gnu/4.8/../../../i386-linux-gnu/crti.o
 .rel.init_array
                0x000000000000e804        0x8 /usr/lib/gcc/i686-linux-gnu/4.8/../../../i386-linux-gnu/crti.o

.rel.plt        0x000000000000e80c       0x10
 *(.rel.plt)
 .rel.plt       0x000000000000e80c       0x10 /usr/lib/gcc/i686-linux-gnu/4.8/../../../i386-linux-gnu/crti.o
 *(.rel.iplt)

.init           0x000000000000e81c       0x23
 *(SORT(.init))
 .init          0x000000000000e81c       0x1e /usr/lib/gcc/i686-linux-gnu/4.8/../../../i386-linux-gnu/crti.o
                0x000000000000e81c                _init
 .init          0x000000000000e83a        0x5 /usr/lib/gcc/i686-linux-gnu/4.8/../../../i386-linux-gnu/crtn.o

.plt            0x000000000000e840       0x30
 *(.plt)
 .plt           0x000000000000e840       0x30 /usr/lib/gcc/i686-linux-gnu/4.8/../../../i386-linux-gnu/crti.o
 *(.iplt)

.text           0x000000000000e870    0x1536c
 *(.text.unlikely .text.*_unlikely .text.unlikely.*)
 *(.text.exit .text.exit.*)
 *(.text.startup .text.startup.*)
 *(.text.hot .text.hot.*)
 *(.text .stub .text.* .gnu.linkonce.t.*)
 .text          0x000000000000e870        0x0 /usr/lib/gcc/i686-linux-gnu/4.8/../../../i386-linux-gnu/crti.o
 .gnu.linkonce.t.__x86.get_pc_thunk.bx
                0x000000000000e870        0x4 /usr/lib/gcc/i686-linux-gnu/4.8/../../../i386-linux-gnu/crti.o
                0x000000000000e870                __x86.get_pc_thunk.bx
 *fill*         0x000000000000e874        0xc 
 .text          0x000000000000e880      0x11b /usr/lib/gcc/i686-linux-gnu/4.8/crtbeginS.o
 .text          0x000000000000e99b      0x5cc udp-client.co
 .text          0x000000000000ef67      0x944 obj_cooja/mtype331.o
                0x000000000000f115                contiki_init
                0x000000000000f6c2                Java_org_contikios_cooja_corecomm_Lib25_init
                0x000000000000f702                Java_org_contikios_cooja_corecomm_Lib25_getMemory
                0x000000000000f742                Java_org_contikios_cooja_corecomm_Lib25_setMemory
                0x000000000000f7b9                Java_org_contikios_cooja_corecomm_Lib25_tick
                0x000000000000f899                Java_org_contikios_cooja_corecomm_Lib25_setReferenceAddress
 .text          0x000000000000f8ab       0x63 obj_cooja/mtype331.a(simEnvChange.o)
                0x000000000000f8ab                doActionsBeforeTick
                0x000000000000f8dc                doActionsAfterTick
 .text          0x000000000000f90e       0xbc obj_cooja/mtype331.a(cooja_mt.o)
                0x000000000000f90e                cooja_mt_init
                0x000000000000f91b                cooja_mt_remove
                0x000000000000f928                cooja_mt_start
                0x000000000000f955                cooja_mt_exec
                0x000000000000f986                cooja_mt_exit
                0x000000000000f9a8                cooja_mt_yield
 .text          0x000000000000f9ca      0x115 obj_cooja/mtype331.a(cooja_mtarch.o)
                0x000000000000f9ca                cooja_mtarch_init
                0x000000000000f9cf                cooja_mtarch_start
                0x000000000000fa4a                cooja_sw
                0x000000000000fa6c                cooja_mtarch_exec
                0x000000000000fa88                cooja_mtarch_remove
                0x000000000000fa8d                cooja_mtarch_yield
                0x000000000000fa97                cooja_mtarch_pstop
                0x000000000000fa9c                cooja_mtarch_pstart
                0x000000000000faa1                cooja_mtarch_stack_usage
 .text          0x000000000000fadf       0xc2 obj_cooja/mtype331.a(rtimer-arch.o)
                0x000000000000fadf                rtimer_arch_init
                0x000000000000fb02                rtimer_arch_schedule
                0x000000000000fb19                rtimer_arch_next
                0x000000000000fb23                rtimer_arch_pending
                0x000000000000fb2d                rtimer_arch_check
                0x000000000000fb5f                rtimer_arch_now
 .text          0x000000000000fba1       0x76 obj_cooja/mtype331.a(beep.o)
                0x000000000000fba1                beep_alarm
                0x000000000000fbad                beep_beep
                0x000000000000fbb9                beep
                0x000000000000fbc5                beep_down
                0x000000000000fbd1                beep_on
                0x000000000000fbdd                beep_off
                0x000000000000fbe9                beep_spinup
                0x000000000000fbf5                beep_quick
                0x000000000000fc01                beep_long
 .text          0x000000000000fc17      0x103 obj_cooja/mtype331.a(button-sensor.o)
 .text          0x000000000000fd1a       0x45 obj_cooja/mtype331.a(leds-arch.o)
                0x000000000000fd1a                leds_arch_init
                0x000000000000fd26                leds_arch_get
                0x000000000000fd32                leds_arch_set
 .text          0x000000000000fd5f       0x2f obj_cooja/mtype331.a(moteid.o)
 .text          0x000000000000fd8e       0xb1 obj_cooja/mtype331.a(pir-sensor.o)
 .text          0x000000000000fe3f      0x131 obj_cooja/mtype331.a(rs232.o)
                0x000000000000fe3f                rs232_init
                0x000000000000fe44                rs232_set_speed
                0x000000000000fe52                rs232_set_input
                0x000000000000fe5f                rs232_send
                0x000000000000fe81                rs232_print
                0x000000000000fe9c                slip_arch_writeb
 .text          0x000000000000ff70       0xb1 obj_cooja/mtype331.a(vib-sensor.o)
 .text          0x0000000000010021       0x34 obj_cooja/mtype331.a(clock.o)
                0x0000000000010021                clock_init
                0x0000000000010026                clock_time
                0x0000000000010030                clock_seconds
                0x0000000000010046                clock_delay
 .text          0x0000000000010055      0x1ed obj_cooja/mtype331.a(log.o)
                0x0000000000010055                simlog_char
                0x0000000000010097                simlog
                0x0000000000010104                log_message
                0x000000000001012c                log_set_putchar_with_slip
                0x0000000000010139                log_putchar
                0x00000000000101bd                log_puts
                0x00000000000101e1                log_printf
 .text          0x0000000000010242      0x2c4 obj_cooja/mtype331.a(cfs-cooja.o)
                0x0000000000010242                cfs_open
                0x00000000000102ab                cfs_close
                0x00000000000102b7                cfs_read
                0x0000000000010355                cfs_write
                0x0000000000010432                cfs_seek
                0x00000000000104ba                cfs_remove
                0x00000000000104e3                cfs_opendir
                0x00000000000104ed                cfs_readdir
                0x00000000000104f7                cfs_closedir
 .text          0x0000000000010506      0x541 obj_cooja/mtype331.a(cooja-radio.o)
                0x0000000000010530                radio_set_channel
                0x0000000000010545                radio_set_txpower
                0x000000000001055c                radio_signal_strength_last
                0x0000000000010566                radio_signal_strength_current
                0x0000000000010570                radio_LQI
 .text          0x0000000000010a47       0xef obj_cooja/mtype331.a(eeprom.o)
                0x0000000000010a47                eeprom_init
                0x0000000000010a4c                eeprom_read
                0x0000000000010abc                eeprom_write
 .text          0x0000000000010b36       0x28 obj_cooja/mtype331.a(random.o)
                0x0000000000010b36                random_init
                0x0000000000010b51                random_rand
 .text          0x0000000000010b5e      0x2a1 obj_cooja/mtype331.a(sensors.o)
                0x0000000000010b99                sensors_first
                0x0000000000010ba3                sensors_next
                0x0000000000010bc0                sensors_changed
                0x0000000000010bef                sensors_find
 .text          0x0000000000010dff      0x308 obj_cooja/mtype331.a(dual_conf.o)
                0x0000000000010dff                dual_radio_switch
                0x0000000000010e5a                dual_radio_change
                0x0000000000010e94                sending_in_LR
                0x0000000000010ebf                dual_radio_received
                0x0000000000010f12                radio_received_is_longrange
                0x00000000000110bd                dio_broadcast
                0x00000000000110e6                dis_broadcast
 .text          0x0000000000011107       0x8e obj_cooja/mtype331.a(autostart.o)
                0x0000000000011107                autostart_start
                0x0000000000011152                autostart_exit
 .text          0x0000000000011195      0x334 obj_cooja/mtype331.a(ctimer.o)
                0x00000000000112ac                ctimer_init
                0x00000000000112dc                ctimer_set
                0x000000000001130d                ctimer_set_with_process
                0x0000000000011389                ctimer_reset
                0x00000000000113d8                ctimer_restart
                0x0000000000011427                ctimer_stop
                0x0000000000011472                ctimer_expired
 .text          0x00000000000114c9      0x40b obj_cooja/mtype331.a(etimer.o)
                0x00000000000116dc                etimer_request_poll
                0x0000000000011760                etimer_set
                0x0000000000011785                etimer_reset_with_new_interval
                0x00000000000117ac                etimer_reset
                0x00000000000117ca                etimer_restart
                0x00000000000117e8                etimer_adjust
                0x0000000000011804                etimer_expired
                0x0000000000011817                etimer_expiration_time
                0x0000000000011829                etimer_start_time
                0x0000000000011833                etimer_pending
                0x0000000000011845                etimer_next_expiration_time
                0x000000000001185f                etimer_stop
 .text          0x00000000000118d4      0x560 obj_cooja/mtype331.a(process.o)
                0x00000000000118d4                process_alloc_event
                0x00000000000118e9                process_start
                0x0000000000011ad2                process_exit
                0x0000000000011aee                process_init
                0x0000000000011cbf                process_run
                0x0000000000011cf2                process_nevents
                0x0000000000011d0d                process_post
                0x0000000000011db9                process_post_synch
                0x0000000000011df1                process_poll
                0x0000000000011e20                process_is_running
 .text          0x0000000000011e34       0xba obj_cooja/mtype331.a(rtimer.o)
                0x0000000000011e34                rtimer_init
                0x0000000000011e41                rtimer_set
                0x0000000000011e98                rtimer_run_next
 .text          0x0000000000011eee       0xa3 obj_cooja/mtype331.a(stimer.o)
                0x0000000000011eee                stimer_set
                0x0000000000011f09                stimer_reset
                0x0000000000011f20                stimer_restart
                0x0000000000011f32                stimer_expired
                0x0000000000011f59                stimer_remaining
                0x0000000000011f7d                stimer_elapsed
 .text          0x0000000000011f91       0x91 obj_cooja/mtype331.a(timer.o)
                0x0000000000011f91                timer_set
                0x0000000000011fac                timer_reset
                0x0000000000011fc3                timer_restart
                0x0000000000011fd5                timer_expired
                0x0000000000011ffe                timer_remaining
 .text          0x0000000000012022      0x1fb obj_cooja/mtype331.a(serial-line.o)
                0x0000000000012022                serial_line_input_byte
                0x00000000000121e5                serial_line_init
 .text          0x000000000001221d      0x244 obj_cooja/mtype331.a(list.o)
                0x000000000001221d                list_init
                0x000000000001222b                list_head
                0x0000000000012235                list_copy
                0x0000000000012244                list_tail
                0x000000000001227a                list_add
                0x00000000000122c3                list_push
                0x00000000000122ef                list_chop
                0x0000000000012359                list_pop
                0x0000000000012381                list_remove
                0x00000000000123e8                list_length
                0x0000000000012416                list_insert
                0x000000000001244a                list_item_next
 .text          0x0000000000012461      0x155 obj_cooja/mtype331.a(ringbuf.o)
                0x0000000000012461                ringbuf_init
                0x0000000000012492                ringbuf_put
                0x0000000000012510                ringbuf_get
                0x000000000001257d                ringbuf_size
                0x000000000001258f                ringbuf_elements
 .text          0x00000000000125b6     0x258b obj_cooja/mtype331.a(sicslowpan.o)
                0x0000000000012b40                rime_sniffer_add
                0x0000000000012b4d                rime_sniffer_remove
                0x0000000000014ae0                sicslowpan_init
                0x0000000000014b37                sicslowpan_get_last_rssi
 .text          0x0000000000014b41      0x298 obj_cooja/mtype331.a(uip-ds6-nbr.o)
                0x0000000000014b5e                uip_ds6_neighbors_init
                0x0000000000014b7b                uip_ds6_nbr_add
                0x0000000000014c03                uip_ds6_nbr_rm
                0x0000000000014c45                uip_ds6_nbr_get_ipaddr
                0x0000000000014c5a                uip_ds6_nbr_get_ll
                0x0000000000014c76                uip_ds6_nbr_num
                0x0000000000014cbb                uip_ds6_nbr_lookup
                0x0000000000014d20                uip_ds6_nbr_ll_lookup
                0x0000000000014d3c                uip_ds6_nbr_ipaddr_from_lladdr
                0x0000000000014d62                uip_ds6_nbr_lladdr_from_ipaddr
                0x0000000000014d90                uip_ds6_link_neighbor_callback
 .text          0x0000000000014dd9      0x916 obj_cooja/mtype331.a(uip-ds6-route.o)
                0x0000000000014e50                uip_ds6_notification_add
                0x0000000000014e81                uip_ds6_notification_rm
                0x0000000000014e9d                uip_ds6_route_init
                0x0000000000014f25                uip_ds6_route_nexthop
                0x0000000000014f4d                uip_ds6_route_head
                0x0000000000014f62                uip_ds6_route_next
                0x0000000000014f88                uip_ds6_route_is_nexthop
                0x0000000000014fc7                uip_ds6_route_num_routes
                0x0000000000014fd1                uip_ds6_route_lookup
                0x0000000000015093                uip_ds6_route_add
                0x00000000000152c7                uip_ds6_route_rm
                0x000000000001545b                uip_ds6_route_rm_by_nexthop
                0x0000000000015493                uip_ds6_defrt_add
                0x0000000000015544                uip_ds6_defrt_rm
                0x00000000000155c3                uip_ds6_defrt_lookup
                0x000000000001561c                uip_ds6_defrt_choose
                0x0000000000015687                uip_ds6_defrt_periodic
 .text          0x00000000000156ef     0x12ad obj_cooja/mtype331.a(uip-ds6.o)
                0x00000000000156ef                uip_ds6_init
                0x0000000000015a44                uip_ds6_periodic
                0x0000000000015b1c                uip_ds6_list_loop
                0x0000000000015bc3                uip_ds6_prefix_add
                0x0000000000015c81                uip_ds6_prefix_rm
                0x0000000000015c93                uip_ds6_prefix_lookup
                0x0000000000015ce4                uip_ds6_is_addr_onlink
                0x0000000000015d58                uip_ds6_addr_add
                0x0000000000015e86                uip_ds6_long_addr_add
                0x0000000000015fb4                uip_ds6_addr_rm
                0x0000000000016054                uip_ds6_addr_lookup
                0x000000000001609f                uip_ds6_long_addr_lookup
                0x00000000000160ea                uip_ds6_get_link_local
                0x0000000000016169                uip_ds6_long_get_link_local
                0x00000000000161e8                uip_ds6_get_global
                0x0000000000016267                uip_ds6_long_get_global
                0x00000000000162e6                uip_ds6_maddr_add
                0x0000000000016358                uip_ds6_long_maddr_add
                0x00000000000163ca                uip_ds6_maddr_rm
                0x00000000000163dc                uip_ds6_maddr_lookup
                0x0000000000016427                uip_ds6_long_maddr_lookup
                0x0000000000016472                uip_ds6_aaddr_add
                0x00000000000164e4                uip_ds6_long_aaddr_add
                0x0000000000016556                uip_ds6_aaddr_rm
                0x0000000000016568                uip_ds6_aaddr_lookup
                0x00000000000165b3                uip_ds6_long_aaddr_lookup
                0x00000000000165fe                uip_ds6_select_src
                0x0000000000016887                uip_ds6_set_addr_iid
                0x00000000000168be                get_match_length
                0x0000000000016950                uip_ds6_compute_reachable_time
 .text          0x000000000001699c     0x29f3 obj_cooja/mtype331.a(uip6.o)
                0x000000000001699c                uip_add32
                0x0000000000016b35                uip_chksum
                0x0000000000016c23                uip_icmp6chksum
                0x0000000000016c37                uip_tcpchksum
                0x0000000000016c4b                uip_udpchksum
                0x0000000000016c5f                uip_init
                0x0000000000016d2f                uip_connect
                0x0000000000016ede                remove_ext_hdr
                0x0000000000016fb3                uip_udp_new
                0x000000000001710f                uip_unlisten
                0x000000000001716f                uip_listen
                0x0000000000017431                uip_process
                0x0000000000019283                uip_htons
                0x00000000000192a5                uip_htonl
                0x00000000000192e5                uip_send
 .text          0x000000000001938f      0x9fb obj_cooja/mtype331.a(tcpip.o)
                0x000000000001938f                tcpip_output
                0x00000000000193bd                tcpip_set_outputfunc
                0x0000000000019451                tcp_connect
                0x00000000000194a6                tcp_unlisten
                0x0000000000019501                tcp_listen
                0x000000000001955a                tcp_attach
                0x000000000001957f                udp_attach
                0x00000000000195a4                udp_new
                0x00000000000195f6                udp_broadcast_new
                0x000000000001986a                tcpip_input
                0x000000000001989e                tcpip_ipv6_output
                0x0000000000019bd0                tcpip_poll_udp
                0x0000000000019bf3                tcpip_poll_tcp
                0x0000000000019c16                tcpip_uipcall
 .text          0x0000000000019d8a      0x1c1 obj_cooja/mtype331.a(uip-debug.o)
                0x0000000000019d8a                uip_debug_ipaddr_print
                0x0000000000019eec                uip_debug_lladdr_print
 .text          0x0000000000019f4b      0x141 obj_cooja/mtype331.a(uip-packetqueue)
                0x0000000000019f77                uip_packetqueue_new
                0x0000000000019f85                uip_packetqueue_alloc
                0x0000000000019fe5                uip_packetqueue_free
                0x000000000001a026                uip_packetqueue_buf
                0x000000000001a043                uip_packetqueue_buflen
                0x000000000001a064                uip_packetqueue_set_buflen
 .text          0x000000000001a08c      0x131 obj_cooja/mtype331.a(uip-udp-packet.)
                0x000000000001a08c                uip_udp_packet_send
                0x000000000001a0ec                uip_udp_packet_sendto
 .text          0x000000000001a1bd     0x238e obj_cooja/mtype331.a(rpl-dag.o)
                0x000000000001a1bd                rpl_print_neighbor_list
                0x000000000001a392                rpl_get_nbr
                0x000000000001a3ec                rpl_dag_init
                0x000000000001a409                rpl_get_parent
                0x000000000001a42b                rpl_get_parent_rank
                0x000000000001a45e                rpl_get_parent_link_metric
                0x000000000001a491                rpl_get_parent_ipaddr
                0x000000000001a794                rpl_set_root
                0x000000000001a9bb                rpl_repair_root
                0x000000000001abf7                rpl_set_prefix
                0x000000000001acf6                rpl_set_default_route
                0x000000000001ad82                rpl_alloc_instance
                0x000000000001ae15                rpl_alloc_dag
                0x000000000001aec6                rpl_set_default_instance
                0x000000000001aed3                rpl_get_default_instance
                0x000000000001aedd                rpl_free_instance
                0x000000000001af8c                rpl_free_dag
                0x000000000001aff2                rpl_add_parent
                0x000000000001b0c8                rpl_find_parent
                0x000000000001b120                rpl_find_parent_any_dag
                0x000000000001b15c                rpl_select_dag
                0x000000000001b4f2                rpl_select_parent
                0x000000000001b554                rpl_remove_parent
                0x000000000001b57b                rpl_nullify_parent
                0x000000000001b619                rpl_move_parent
                0x000000000001b6b6                rpl_has_downward_route
                0x000000000001b709                rpl_get_any_dag
                0x000000000001b76b                rpl_get_instance
                0x000000000001b7ce                rpl_find_of
                0x000000000001b80b                rpl_join_instance
                0x000000000001ba86                rpl_add_dag
                0x000000000001be75                rpl_local_repair
                0x000000000001bf39                rpl_recalculate_ranks
                0x000000000001bfbf                rpl_process_parent_event
                0x000000000001c071                rpl_process_dio
 .text          0x000000000001c54b      0xbf3 obj_cooja/mtype331.a(rpl-ext-header.)
                0x000000000001c568                rpl_verify_header
                0x000000000001c9e2                rpl_update_header_empty
                0x000000000001ccf9                rpl_update_header_final
                0x000000000001ce88                rpl_remove_header
                0x000000000001cf92                rpl_invert_header
                0x000000000001d11c                rpl_insert_header
 .text          0x000000000001d13e     0x1b7a obj_cooja/mtype331.a(rpl-icmp6.o)
                0x000000000001d39d                rpl_icmp6_update_nbr_table
                0x000000000001d48d                dis_output
                0x000000000001dacb                dio_output
                0x000000000001e89b                dao_output
                0x000000000001e956                dao_output_target
                0x000000000001ec6c                dao_ack_output
                0x000000000001ec80                rpl_icmp6_register_handlers
 .text          0x000000000001ecb8      0x2c5 obj_cooja/mtype331.a(rpl-mrhof.o)
 .text          0x000000000001ef7d      0x7b3 obj_cooja/mtype331.a(rpl-timers.o)
                0x000000000001f1c3                rpl_reset_periodic_timer
                0x000000000001f218                rpl_reset_dio_timer
                0x000000000001f452                rpl_schedule_dao
                0x000000000001f46d                rpl_schedule_dao_immediately
                0x000000000001f488                rpl_cancel_dao
                0x000000000001f4ea                rpl_schedule_unicast_dio_immediately
                0x000000000001f6d8                rpl_schedule_probing
 .text          0x000000000001f730      0x59b obj_cooja/mtype331.a(rpl.o)
                0x000000000001f730                rpl_get_mode
                0x000000000001f73a                rpl_set_mode
                0x000000000001f7c8                rpl_purge_routes
                0x000000000001f8c2                rpl_remove_routes
                0x000000000001f908                rpl_remove_routes_by_nexthop
                0x000000000001f974                rpl_add_route
                0x000000000001f9ef                rpl_link_neighbor_callback
                0x000000000001faf4                rpl_ipv6_neighbor_callback
                0x000000000001fb63                rpl_purge_dags
                0x000000000001fc45                rpl_init
 .text          0x000000000001fccb       0x82 obj_cooja/mtype331.a(linkaddr.o)
                0x000000000001fccb                linkaddr_copy
                0x000000000001fced                linkaddr_cmp
                0x000000000001fd17                linkaddr_set_node_addr
                0x000000000001fd32                linkaddr_set_node_long_addr
 .text          0x000000000001fd4d      0x769 obj_cooja/mtype331.a(nbr-table.o)
                0x00000000000201ac                nbr_table_register
                0x00000000000201f4                nbr_table_head
                0x0000000000020250                nbr_table_next
                0x00000000000202b7                nbr_table_add_lladdr
                0x0000000000020393                nbr_table_get_from_lladdr
                0x00000000000203e0                nbr_table_remove
                0x0000000000020432                nbr_table_lock
                0x000000000002045c                nbr_table_unlock
                0x0000000000020486                nbr_table_get_lladdr
 .text          0x00000000000204b6       0x2b obj_cooja/mtype331.a(netstack.o)
                0x00000000000204b6                netstack_init
 .text          0x00000000000204e1      0x3cd obj_cooja/mtype331.a(packetbuf.o)
                0x00000000000204e1                packetbuf_clear
                0x000000000002050b                packetbuf_copyfrom
                0x000000000002055d                packetbuf_compact
                0x00000000000205da                packetbuf_copyto
                0x0000000000020671                packetbuf_hdralloc
                0x00000000000206ee                packetbuf_hdrreduce
                0x0000000000020736                packetbuf_set_datalen
                0x000000000002074f                packetbuf_dataptr
                0x000000000002076c                packetbuf_hdrptr
                0x0000000000020776                packetbuf_datalen
                0x0000000000020782                packetbuf_hdrlen
                0x0000000000020799                packetbuf_totlen
                0x00000000000207af                packetbuf_attr_clear
                0x0000000000020801                packetbuf_attr_copyto
                0x000000000002084a                packetbuf_attr_copyfrom
                0x0000000000020892                packetbuf_holds_broadcast
 .text          0x00000000000208ae      0x2b4 obj_cooja/mtype331.a(queuebuf.o)
                0x00000000000208b8                queuebuf_init
                0x00000000000208d8                queuebuf_numfree
                0x00000000000208ec                queuebuf_new_from_packetbuf
                0x000000000002097c                queuebuf_update_attr_from_packetbuf
                0x00000000000209af                queuebuf_update_from_packetbuf
                0x00000000000209f9                queuebuf_free
                0x0000000000020a40                queuebuf_to_packetbuf
                0x0000000000020aa6                queuebuf_dataptr
                0x0000000000020add                queuebuf_datalen
                0x0000000000020b00                queuebuf_addr
                0x0000000000020b32                queuebuf_attr
                0x0000000000020b5d                queuebuf_debug_print
 .text          0x0000000000020b62      0x831 obj_cooja/mtype331.a(csma.o)
 .text          0x0000000000021393      0x3f5 obj_cooja/mtype331.a(framer-802154.o)
 .text          0x0000000000021788       0x3c obj_cooja/mtype331.a(mac.o)
                0x0000000000021788                mac_call_sent_callback
 .text          0x00000000000217c4      0x598 obj_cooja/mtype331.a(nullrdc.o)
 .text          0x0000000000021d5c       0x6e obj_cooja/mtype331.a(nullsec.o)
 .text          0x0000000000021dca       0x19 obj_cooja/mtype331.a(watchdog.o)
                0x0000000000021dca                watchdog_init
                0x0000000000021dcf                watchdog_start
                0x0000000000021dd4                watchdog_periodic
                0x0000000000021dd9                watchdog_stop
                0x0000000000021dde                watchdog_reboot
 .text          0x0000000000021de3        0x0 obj_cooja/mtype331.a(rimestats.o)
 .text          0x0000000000021de3      0x1c1 obj_cooja/mtype331.a(memb.o)
                0x0000000000021de3                memb_init
                0x0000000000021e41                memb_alloc
                0x0000000000021ea6                memb_free
                0x0000000000021f21                memb_inmemb
                0x0000000000021f60                memb_numfree
 .text          0x0000000000021fa4      0xab2 obj_cooja/mtype331.a(uip-icmp6.o)
                0x0000000000022012                uip_icmp6_input
                0x0000000000022068                uip_icmp6_register_input_handler
                0x0000000000022330                uip_icmp6_error_output
                0x0000000000022675                uip_icmp6_send
                0x00000000000229e9                uip_icmp6_echo_reply_callback_add
                0x0000000000022a1a                uip_icmp6_echo_reply_callback_rm
                0x0000000000022a36                uip_icmp6_init
 .text          0x0000000000022a56      0x358 obj_cooja/mtype331.a(uip-nd6.o)
                0x0000000000022aaa                uip_nd6_ns_output
                0x0000000000022da9                uip_nd6_init
 .text          0x0000000000022dae      0x331 obj_cooja/mtype331.a(rpl-nbr-policy.)
                0x0000000000022f86                find_removable_dis
                0x0000000000022fa9                find_removable_dio
                0x0000000000023038                find_removable_dao
                0x0000000000023088                rpl_nbr_policy_find_removable
 .text          0x00000000000230df      0x97c obj_cooja/mtype331.a(frame802154.o)
                0x0000000000023110                frame802154_get_pan_id
                0x000000000002311c                frame802154_set_pan_id
                0x0000000000023135                frame802154_has_panid
                0x0000000000023221                frame802154_check_dest_panid
                0x0000000000023289                frame802154_is_broadcast_addr
                0x00000000000232d6                frame802154_extract_linkaddr
                0x0000000000023516                frame802154_hdrlen
                0x0000000000023567                frame802154_create
                0x0000000000023752                frame802154_parse
 .text          0x0000000000023a5b      0x181 obj_cooja/mtype331.a(mac-sequence.o)
                0x0000000000023a92                mac_sequence_is_duplicate
                0x0000000000023b15                mac_sequence_register_seqno
 .text          0x0000000000023bdc        0x0 /usr/lib/gcc/i686-linux-gnu/4.8/crtendS.o
 .text          0x0000000000023bdc        0x0 /usr/lib/gcc/i686-linux-gnu/4.8/../../../i386-linux-gnu/crtn.o
 *(.gnu.warning)

.fini           0x0000000000023bdc       0x14
 *(SORT(.fini))
 .fini          0x0000000000023bdc        0xf /usr/lib/gcc/i686-linux-gnu/4.8/../../../i386-linux-gnu/crti.o
                0x0000000000023bdc                _fini
 .fini          0x0000000000023beb        0x5 /usr/lib/gcc/i686-linux-gnu/4.8/../../../i386-linux-gnu/crtn.o
                0x0000000000023bf0                PROVIDE (__etext, .)
                0x0000000000023bf0                PROVIDE (_etext, .)
                0x0000000000023bf0                PROVIDE (etext, .)

.rodata         0x0000000000023c00      0xa98
 *(.rodata .rodata.* .gnu.linkonce.r.*)
 .rodata        0x0000000000023c00      0x17a udp-client.co
                0x0000000000023c14                autostart_processes
 *fill*         0x0000000000023d7a        0x2 
 .rodata        0x0000000000023d7c      0x1b6 obj_cooja/mtype331.o
 *fill*         0x0000000000023f32        0x2 
 .rodata        0x0000000000023f34        0x8 obj_cooja/mtype331.a(beep.o)
                0x0000000000023f34                beep_interface
 .rodata        0x0000000000023f3c       0x20 obj_cooja/mtype331.a(button-sensor.o)
                0x0000000000023f3c                button_interface
                0x0000000000023f4c                button_sensor
 .rodata        0x0000000000023f5c        0x8 obj_cooja/mtype331.a(leds-arch.o)
                0x0000000000023f5c                leds_interface
 .rodata        0x0000000000023f64        0x8 obj_cooja/mtype331.a(moteid.o)
                0x0000000000023f64                moteid_interface
 .rodata        0x0000000000023f6c       0x1c obj_cooja/mtype331.a(pir-sensor.o)
                0x0000000000023f6c                pir_interface
                0x0000000000023f78                pir_sensor
 .rodata        0x0000000000023f88        0xe obj_cooja/mtype331.a(rs232.o)
                0x0000000000023f88                rs232_interface
 *fill*         0x0000000000023f96        0x2 
 .rodata        0x0000000000023f98       0x24 obj_cooja/mtype331.a(vib-sensor.o)
                0x0000000000023f98                vib_interface
                0x0000000000023fac                vib_sensor
 .rodata        0x0000000000023fbc        0x8 obj_cooja/mtype331.a(clock.o)
                0x0000000000023fbc                clock_interface
 .rodata        0x0000000000023fc4        0x8 obj_cooja/mtype331.a(log.o)
                0x0000000000023fc4                simlog_interface
 .rodata        0x0000000000023fcc       0x2f obj_cooja/mtype331.a(cfs-cooja.o)
                0x0000000000023fcc                cfs_interface
 *fill*         0x0000000000023ffb        0x5 
 .rodata        0x0000000000024000      0x120 obj_cooja/mtype331.a(cooja-radio.o)
                0x00000000000240e0                cooja_radio_driver
                0x0000000000024118                radio_interface
 .rodata        0x0000000000024120        0x8 obj_cooja/mtype331.a(eeprom.o)
                0x0000000000024120                eeprom_interface
 .rodata        0x0000000000024128        0x8 obj_cooja/mtype331.a(sensors.o)
 .rodata        0x0000000000024130      0x21d obj_cooja/mtype331.a(dual_conf.o)
 .rodata        0x000000000002434d        0xf obj_cooja/mtype331.a(ctimer.o)
 .rodata        0x000000000002435c        0xc obj_cooja/mtype331.a(etimer.o)
 .rodata        0x0000000000024368        0xe obj_cooja/mtype331.a(serial-line.o)
 *fill*         0x0000000000024376        0x2 
 .rodata        0x0000000000024378       0x2c obj_cooja/mtype331.a(sicslowpan.o)
                0x0000000000024378                unc_llconf
                0x000000000002437c                unc_ctxconf
                0x0000000000024380                unc_mxconf
                0x0000000000024384                llprefix
                0x0000000000024398                sicslowpan_driver
 .rodata        0x00000000000243a4      0x13c obj_cooja/mtype331.a(uip6.o)
 .rodata        0x00000000000244e0       0x29 obj_cooja/mtype331.a(tcpip.o)
 .rodata        0x0000000000024509       0x3e obj_cooja/mtype331.a(uip-debug.o)
 *fill*         0x0000000000024547        0x1 
 .rodata        0x0000000000024548       0x72 obj_cooja/mtype331.a(rpl-dag.o)
 .rodata        0x00000000000245ba       0x11 obj_cooja/mtype331.a(rpl-mrhof.o)
 .rodata        0x00000000000245cb        0x8 obj_cooja/mtype331.a(linkaddr.o)
                0x00000000000245cb                linkaddr_null
 *fill*         0x00000000000245d3        0x1 
 .rodata        0x00000000000245d4       0x24 obj_cooja/mtype331.a(csma.o)
                0x00000000000245dc                csma_driver
 .rodata        0x00000000000245f8        0xc obj_cooja/mtype331.a(framer-802154.o)
                0x00000000000245f8                framer_802154
 *fill*         0x0000000000024604       0x1c 
 .rodata        0x0000000000024620       0x60 obj_cooja/mtype331.a(nullrdc.o)
                0x0000000000024660                nullrdc_driver
 .rodata        0x0000000000024680       0x18 obj_cooja/mtype331.a(nullsec.o)
                0x0000000000024688                nullsec_driver

.rodata1
 *(.rodata1)

.eh_frame_hdr   0x0000000000024698     0x132c
 *(.eh_frame_hdr)
 .eh_frame_hdr  0x0000000000024698     0x132c udp-client.co

.eh_frame       0x00000000000259c4     0x4e00
 *(.eh_frame)
 .eh_frame      0x00000000000259c4       0x3c /usr/lib/gcc/i686-linux-gnu/4.8/../../../i386-linux-gnu/crti.o
                                         0x40 (size before relaxing)
 .eh_frame      0x0000000000025a00       0xa8 udp-client.co
                                         0xc0 (size before relaxing)
 .eh_frame      0x0000000000025aa8      0x148 obj_cooja/mtype331.o
                                        0x160 (size before relaxing)
 .eh_frame      0x0000000000025bf0       0x40 obj_cooja/mtype331.a(simEnvChange.o)
                                         0x58 (size before relaxing)
 .eh_frame      0x0000000000025c30       0xc0 obj_cooja/mtype331.a(cooja_mt.o)
                                         0xd8 (size before relaxing)
 .eh_frame      0x0000000000025cf0      0x120 obj_cooja/mtype331.a(cooja_mtarch.o)
                                        0x138 (size before relaxing)
 .eh_frame      0x0000000000025e10       0xc0 obj_cooja/mtype331.a(rtimer-arch.o)
                                         0xd8 (size before relaxing)
 .eh_frame      0x0000000000025ed0      0x160 obj_cooja/mtype331.a(beep.o)
                                        0x178 (size before relaxing)
 .eh_frame      0x0000000000026030       0xa0 obj_cooja/mtype331.a(button-sensor.o)
                                         0xb8 (size before relaxing)
 .eh_frame      0x00000000000260d0       0xa0 obj_cooja/mtype331.a(leds-arch.o)
                                         0xb8 (size before relaxing)
 .eh_frame      0x0000000000026170       0x40 obj_cooja/mtype331.a(moteid.o)
                                         0x58 (size before relaxing)
 .eh_frame      0x00000000000261b0       0xa0 obj_cooja/mtype331.a(pir-sensor.o)
                                         0xb8 (size before relaxing)
 .eh_frame      0x0000000000026250      0x100 obj_cooja/mtype331.a(rs232.o)
                                        0x118 (size before relaxing)
 .eh_frame      0x0000000000026350       0xa0 obj_cooja/mtype331.a(vib-sensor.o)
                                         0xb8 (size before relaxing)
 .eh_frame      0x00000000000263f0       0xc0 obj_cooja/mtype331.a(clock.o)
                                         0xd8 (size before relaxing)
 .eh_frame      0x00000000000264b0      0x120 obj_cooja/mtype331.a(log.o)
                                        0x138 (size before relaxing)
 .eh_frame      0x00000000000265d0      0x160 obj_cooja/mtype331.a(cfs-cooja.o)
                                        0x178 (size before relaxing)
 .eh_frame      0x0000000000026730      0x2e0 obj_cooja/mtype331.a(cooja-radio.o)
                                        0x2f8 (size before relaxing)
 .eh_frame      0x0000000000026a10       0xa0 obj_cooja/mtype331.a(eeprom.o)
                                         0xb8 (size before relaxing)
 .eh_frame      0x0000000000026ab0       0x40 obj_cooja/mtype331.a(random.o)
                                         0x58 (size before relaxing)
 .eh_frame      0x0000000000026af0       0xc0 obj_cooja/mtype331.a(sensors.o)
                                         0xd8 (size before relaxing)
 .eh_frame      0x0000000000026bb0      0x120 obj_cooja/mtype331.a(dual_conf.o)
                                        0x138 (size before relaxing)
 .eh_frame      0x0000000000026cd0       0x40 obj_cooja/mtype331.a(autostart.o)
                                         0x58 (size before relaxing)
 .eh_frame      0x0000000000026d10      0x100 obj_cooja/mtype331.a(ctimer.o)
                                        0x118 (size before relaxing)
 .eh_frame      0x0000000000026e10      0x1e0 obj_cooja/mtype331.a(etimer.o)
                                        0x1f8 (size before relaxing)
 .eh_frame      0x0000000000026ff0      0x1c8 obj_cooja/mtype331.a(process.o)
                                        0x1e0 (size before relaxing)
 .eh_frame      0x00000000000271b8       0x60 obj_cooja/mtype331.a(rtimer.o)
                                         0x78 (size before relaxing)
 .eh_frame      0x0000000000027218       0xc4 obj_cooja/mtype331.a(stimer.o)
                                         0xdc (size before relaxing)
 .eh_frame      0x00000000000272dc       0xa4 obj_cooja/mtype331.a(timer.o)
                                         0xbc (size before relaxing)
 .eh_frame      0x0000000000027380       0x60 obj_cooja/mtype331.a(serial-line.o)
                                         0x78 (size before relaxing)
 .eh_frame      0x00000000000273e0      0x180 obj_cooja/mtype331.a(list.o)
                                        0x198 (size before relaxing)
 .eh_frame      0x0000000000027560       0xa0 obj_cooja/mtype331.a(ringbuf.o)
                                         0xb8 (size before relaxing)
 .eh_frame      0x0000000000027600      0x350 obj_cooja/mtype331.a(sicslowpan.o)
                                        0x368 (size before relaxing)
 .eh_frame      0x0000000000027950      0x180 obj_cooja/mtype331.a(uip-ds6-nbr.o)
                                        0x198 (size before relaxing)
 .eh_frame      0x0000000000027ad0      0x2a0 obj_cooja/mtype331.a(uip-ds6-route.o)
                                        0x2b8 (size before relaxing)
 .eh_frame      0x0000000000027d70      0x3c8 obj_cooja/mtype331.a(uip-ds6.o)
                                        0x3e0 (size before relaxing)
 .eh_frame      0x0000000000028138      0x27c obj_cooja/mtype331.a(uip6.o)
                                        0x294 (size before relaxing)
 .eh_frame      0x00000000000283b4      0x270 obj_cooja/mtype331.a(tcpip.o)
                                        0x288 (size before relaxing)
 .eh_frame      0x0000000000028624       0x48 obj_cooja/mtype331.a(uip-debug.o)
                                         0x60 (size before relaxing)
 .eh_frame      0x000000000002866c       0xe0 obj_cooja/mtype331.a(uip-packetqueue)
                                         0xf8 (size before relaxing)
 .eh_frame      0x000000000002874c       0x40 obj_cooja/mtype331.a(uip-udp-packet.)
                                         0x58 (size before relaxing)
 .eh_frame      0x000000000002878c      0x65c obj_cooja/mtype331.a(rpl-dag.o)
                                        0x674 (size before relaxing)
 .eh_frame      0x0000000000028de8      0x10c obj_cooja/mtype331.a(rpl-ext-header.)
                                        0x124 (size before relaxing)
 .eh_frame      0x0000000000028ef4      0x278 obj_cooja/mtype331.a(rpl-icmp6.o)
                                        0x290 (size before relaxing)
 .eh_frame      0x000000000002916c       0xe0 obj_cooja/mtype331.a(rpl-mrhof.o)
                                         0xf8 (size before relaxing)
 .eh_frame      0x000000000002924c      0x20c obj_cooja/mtype331.a(rpl-timers.o)
                                        0x224 (size before relaxing)
 .eh_frame      0x0000000000029458      0x140 obj_cooja/mtype331.a(rpl.o)
                                        0x158 (size before relaxing)
 .eh_frame      0x0000000000029598       0x80 obj_cooja/mtype331.a(linkaddr.o)
                                         0x98 (size before relaxing)
 .eh_frame      0x0000000000029618      0x26c obj_cooja/mtype331.a(nbr-table.o)
                                        0x284 (size before relaxing)
 .eh_frame      0x0000000000029884       0x20 obj_cooja/mtype331.a(netstack.o)
                                         0x38 (size before relaxing)
 .eh_frame      0x00000000000298a4      0x214 obj_cooja/mtype331.a(packetbuf.o)
                                        0x22c (size before relaxing)
 .eh_frame      0x0000000000029ab8      0x1a0 obj_cooja/mtype331.a(queuebuf.o)
                                        0x1b8 (size before relaxing)
 .eh_frame      0x0000000000029c58      0x28c obj_cooja/mtype331.a(csma.o)
                                        0x2a4 (size before relaxing)
 .eh_frame      0x0000000000029ee4      0x108 obj_cooja/mtype331.a(framer-802154.o)
                                        0x120 (size before relaxing)
 .eh_frame      0x0000000000029fec       0x20 obj_cooja/mtype331.a(mac.o)
                                         0x38 (size before relaxing)
 .eh_frame      0x000000000002a00c      0x17c obj_cooja/mtype331.a(nullrdc.o)
                                        0x194 (size before relaxing)
 .eh_frame      0x000000000002a188       0x80 obj_cooja/mtype331.a(nullsec.o)
                                         0x98 (size before relaxing)
 .eh_frame      0x000000000002a208       0xa0 obj_cooja/mtype331.a(watchdog.o)
                                         0xb8 (size before relaxing)
 .eh_frame      0x000000000002a2a8       0xa0 obj_cooja/mtype331.a(memb.o)
                                         0xb8 (size before relaxing)
 .eh_frame      0x000000000002a348      0x164 obj_cooja/mtype331.a(uip-icmp6.o)
                                        0x17c (size before relaxing)
 .eh_frame      0x000000000002a4ac       0x68 obj_cooja/mtype331.a(uip-nd6.o)
                                         0x80 (size before relaxing)
 .eh_frame      0x000000000002a514       0xc0 obj_cooja/mtype331.a(rpl-nbr-policy.)
                                         0xd8 (size before relaxing)
 .eh_frame      0x000000000002a5d4      0x164 obj_cooja/mtype331.a(frame802154.o)
                                        0x17c (size before relaxing)
 .eh_frame      0x000000000002a738       0x88 obj_cooja/mtype331.a(mac-sequence.o)
                                         0xa0 (size before relaxing)
 .eh_frame      0x000000000002a7c0        0x4 /usr/lib/gcc/i686-linux-gnu/4.8/crtendS.o

.gcc_except_table
 *(.gcc_except_table .gcc_except_table.*)

.exception_ranges
 *(.exception_ranges .exception_ranges*)
                0x000000000002a7c4                . = (ALIGN (0x1000) - ((0x1000 - .) & 0xfff))
                0x000000000002bef8                . = DATA_SEGMENT_ALIGN (0x1000, 0x1000)

.eh_frame
 *(.eh_frame)

.gcc_except_table
 *(.gcc_except_table .gcc_except_table.*)

.exception_ranges
 *(.exception_ranges .exception_ranges*)

.tdata
 *(.tdata .tdata.* .gnu.linkonce.td.*)

.tbss
 *(.tbss .tbss.* .gnu.linkonce.tb.*)
 *(.tcommon)

.preinit_array
 *(.preinit_array)

.init_array     0x000000000002bef8        0x4
 *(SORT(.init_array.*) SORT(.ctors.*))
 *(.init_array EXCLUDE_FILE(*crtend?.o *crtend.o *crtbegin?.o *crtbegin.o) .ctors)
 .init_array    0x000000000002bef8        0x4 /usr/lib/gcc/i686-linux-gnu/4.8/crtbeginS.o

.fini_array     0x000000000002befc        0x4
 *(SORT(.fini_array.*) SORT(.dtors.*))
 *(.fini_array EXCLUDE_FILE(*crtend?.o *crtend.o *crtbegin?.o *crtbegin.o) .dtors)
 .fini_array    0x000000000002befc        0x4 /usr/lib/gcc/i686-linux-gnu/4.8/crtbeginS.o

.ctors
 *crtbegin.o(.ctors)
 *crtbegin?.o(.ctors)
 *(EXCLUDE_FILE(*crtend?.o *crtend.o) .ctors)
 *(SORT(.ctors.*))
 *(.ctors)

.dtors
 *crtbegin.o(.dtors)
 *crtbegin?.o(.dtors)
 *(EXCLUDE_FILE(*crtend?.o *crtend.o) .dtors)
 *(SORT(.dtors.*))
 *(.dtors)

.jcr            0x000000000002bf00        0x4
 *(.jcr)
 .jcr           0x000000000002bf00        0x0 /usr/lib/gcc/i686-linux-gnu/4.8/crtbeginS.o
 .jcr           0x000000000002bf00        0x4 /usr/lib/gcc/i686-linux-gnu/4.8/crtendS.o

.data.rel.ro
 *(.data.rel.ro.local* .gnu.linkonce.d.rel.ro.local.*)
 *(.data.rel.ro .data.rel.ro.* .gnu.linkonce.d.rel.ro.*)

.dynamic        0x000000000002bf04       0xe8
 *(.dynamic)
 .dynamic       0x000000000002bf04       0xe8 /usr/lib/gcc/i686-linux-gnu/4.8/../../../i386-linux-gnu/crti.o
                0x000000000002bf04                _DYNAMIC

.got            0x000000000002bfec       0x14
 *(.got)
 .got           0x000000000002bfec       0x14 /usr/lib/gcc/i686-linux-gnu/4.8/../../../i386-linux-gnu/crti.o
 *(.igot)
                0x000000000002cff4                . = DATA_SEGMENT_RELRO_END (., (SIZEOF (.got.plt) >= 0xc)?0xc:0x0)

.got.plt        0x000000000002c000       0x14
 *(.got.plt)
 .got.plt       0x000000000002c000       0x14 /usr/lib/gcc/i686-linux-gnu/4.8/../../../i386-linux-gnu/crti.o
                0x000000000002c000                _GLOBAL_OFFSET_TABLE_
 *(.igot.plt)

.data           0x000000000002c020      0x246
 *(.data .data.* .gnu.linkonce.d.*)
 .data          0x000000000002c020        0x0 /usr/lib/gcc/i686-linux-gnu/4.8/../../../i386-linux-gnu/crti.o
 .data          0x000000000002c020        0x0 /usr/lib/gcc/i686-linux-gnu/4.8/crtbeginS.o
 .data.rel      0x000000000002c020        0x4 /usr/lib/gcc/i686-linux-gnu/4.8/crtbeginS.o
                0x000000000002c020                __dso_handle
 .data          0x000000000002c024       0x10 udp-client.co
                0x000000000002c024                udp_client_process
 *fill*         0x000000000002c034        0xc 
 .data          0x000000000002c040       0x44 obj_cooja/mtype331.o
                0x000000000002c040                simInterfaces
                0x000000000002c074                sensors
 .data          0x000000000002c084        0x0 obj_cooja/mtype331.a(simEnvChange.o)
 .data          0x000000000002c084        0x0 obj_cooja/mtype331.a(cooja_mt.o)
 .data          0x000000000002c084        0x0 obj_cooja/mtype331.a(cooja_mtarch.o)
 .data          0x000000000002c084        0x0 obj_cooja/mtype331.a(rtimer-arch.o)
 .data          0x000000000002c084        0x0 obj_cooja/mtype331.a(beep.o)
 .data          0x000000000002c084        0x0 obj_cooja/mtype331.a(button-sensor.o)
 .data          0x000000000002c084        0x0 obj_cooja/mtype331.a(leds-arch.o)
 .data          0x000000000002c084        0x0 obj_cooja/mtype331.a(moteid.o)
 .data          0x000000000002c084        0x0 obj_cooja/mtype331.a(pir-sensor.o)
 .data          0x000000000002c084        0x0 obj_cooja/mtype331.a(rs232.o)
 .data          0x000000000002c084        0x0 obj_cooja/mtype331.a(vib-sensor.o)
 .data          0x000000000002c084        0x0 obj_cooja/mtype331.a(clock.o)
 .data          0x000000000002c084        0x0 obj_cooja/mtype331.a(log.o)
 .data          0x000000000002c084        0x0 obj_cooja/mtype331.a(cfs-cooja.o)
 .data          0x000000000002c084       0x2c obj_cooja/mtype331.a(cooja-radio.o)
                0x000000000002c084                simRadioHWOn
                0x000000000002c088                simSignalStrength
                0x000000000002c08c                simLastSignalStrength
                0x000000000002c090                simPower
                0x000000000002c094                simRadioChannel
                0x000000000002c098                simRadioChannelLR
                0x000000000002c09c                simLQI
                0x000000000002c0a0                cooja_radio_process
 .data          0x000000000002c0b0        0x0 obj_cooja/mtype331.a(eeprom.o)
 .data          0x000000000002c0b0        0x0 obj_cooja/mtype331.a(random.o)
 .data          0x000000000002c0b0       0x10 obj_cooja/mtype331.a(sensors.o)
                0x000000000002c0b0                sensors_process
 .data          0x000000000002c0c0       0x24 obj_cooja/mtype331.a(dual_conf.o)
                0x000000000002c0c0                radio_received
                0x000000000002c0c4                dual_dio_broadcast
                0x000000000002c0d4                dual_dis_broadcast
 .data          0x000000000002c0e4        0x0 obj_cooja/mtype331.a(autostart.o)
 .data          0x000000000002c0e4       0x14 obj_cooja/mtype331.a(ctimer.o)
                0x000000000002c0e8                ctimer_process
 .data          0x000000000002c0f8       0x10 obj_cooja/mtype331.a(etimer.o)
                0x000000000002c0f8                etimer_process
 .data          0x000000000002c108        0x0 obj_cooja/mtype331.a(process.o)
 .data          0x000000000002c108        0x0 obj_cooja/mtype331.a(rtimer.o)
 .data          0x000000000002c108        0x0 obj_cooja/mtype331.a(stimer.o)
 .data          0x000000000002c108        0x0 obj_cooja/mtype331.a(timer.o)
 .data          0x000000000002c108       0x10 obj_cooja/mtype331.a(serial-line.o)
                0x000000000002c108                serial_line_process
 .data          0x000000000002c118        0x0 obj_cooja/mtype331.a(list.o)
 .data          0x000000000002c118        0x0 obj_cooja/mtype331.a(ringbuf.o)
 .data          0x000000000002c118        0x0 obj_cooja/mtype331.a(sicslowpan.o)
 .data          0x000000000002c118       0x14 obj_cooja/mtype331.a(uip-ds6-nbr.o)
                0x000000000002c128                ds6_neighbors
 .data          0x000000000002c12c       0x44 obj_cooja/mtype331.a(uip-ds6-route.o)
                0x000000000002c13c                nbr_routes
 .data          0x000000000002c170        0x0 obj_cooja/mtype331.a(uip-ds6.o)
 .data          0x000000000002c170        0x0 obj_cooja/mtype331.a(uip6.o)
 .data          0x000000000002c170       0x10 obj_cooja/mtype331.a(tcpip.o)
                0x000000000002c170                tcpip_process
 .data          0x000000000002c180        0x0 obj_cooja/mtype331.a(uip-debug.o)
 .data          0x000000000002c180        0xc obj_cooja/mtype331.a(uip-packetqueue)
 .data          0x000000000002c18c        0x0 obj_cooja/mtype331.a(uip-udp-packet.)
 .data          0x000000000002c18c       0x14 obj_cooja/mtype331.a(rpl-dag.o)
                0x000000000002c19c                rpl_parents
 .data          0x000000000002c1a0        0x0 obj_cooja/mtype331.a(rpl-ext-header.)
 .data          0x000000000002c1a0       0x34 obj_cooja/mtype331.a(rpl-icmp6.o)
 .data          0x000000000002c1d4       0x1c obj_cooja/mtype331.a(rpl-mrhof.o)
                0x000000000002c1d4                rpl_mrhof
 .data          0x000000000002c1f0        0x0 obj_cooja/mtype331.a(rpl-timers.o)
 .data          0x000000000002c1f0        0x0 obj_cooja/mtype331.a(rpl.o)
 .data          0x000000000002c1f0        0x0 obj_cooja/mtype331.a(linkaddr.o)
 .data          0x000000000002c1f0       0x10 obj_cooja/mtype331.a(nbr-table.o)
 .data          0x000000000002c200        0x0 obj_cooja/mtype331.a(netstack.o)
 .data          0x000000000002c200        0x4 obj_cooja/mtype331.a(packetbuf.o)
 .data          0x000000000002c204       0x18 obj_cooja/mtype331.a(queuebuf.o)
 .data          0x000000000002c21c       0x28 obj_cooja/mtype331.a(csma.o)
 .data          0x000000000002c244        0x0 obj_cooja/mtype331.a(framer-802154.o)
 .data          0x000000000002c244        0x0 obj_cooja/mtype331.a(mac.o)
 .data          0x000000000002c244        0x0 obj_cooja/mtype331.a(nullrdc.o)
 .data          0x000000000002c244        0x0 obj_cooja/mtype331.a(nullsec.o)
 .data          0x000000000002c244        0x0 obj_cooja/mtype331.a(watchdog.o)
 .data          0x000000000002c244        0x0 obj_cooja/mtype331.a(rimestats.o)
 .data          0x000000000002c244        0x0 obj_cooja/mtype331.a(memb.o)
 .data          0x000000000002c244       0x20 obj_cooja/mtype331.a(uip-icmp6.o)
 .data          0x000000000002c264        0x0 obj_cooja/mtype331.a(uip-nd6.o)
 .data          0x000000000002c264        0x0 obj_cooja/mtype331.a(rpl-nbr-policy.)
 .data          0x000000000002c264        0x2 obj_cooja/mtype331.a(frame802154.o)
 .data          0x000000000002c266        0x0 obj_cooja/mtype331.a(mac-sequence.o)
 .data          0x000000000002c266        0x0 /usr/lib/gcc/i686-linux-gnu/4.8/crtendS.o
 .data          0x000000000002c266        0x0 /usr/lib/gcc/i686-linux-gnu/4.8/../../../i386-linux-gnu/crtn.o

.tm_clone_table
                0x000000000002c268        0x0
 .tm_clone_table
                0x000000000002c268        0x0 /usr/lib/gcc/i686-linux-gnu/4.8/crtbeginS.o
 .tm_clone_table
                0x000000000002c268        0x0 /usr/lib/gcc/i686-linux-gnu/4.8/crtendS.o

.data1
 *(.data1)
                0x000000000002c268                _edata = .
                0x000000000002c268                PROVIDE (edata, .)
                0x000000000002c268                . = .
                0x000000000002c268                __bss_start = .

.bss            0x000000000002c280     0x8288
 *(.dynbss)
 .dynbss        0x0000000000000000        0x0 /usr/lib/gcc/i686-linux-gnu/4.8/../../../i386-linux-gnu/crti.o
 *(.bss .bss.* .gnu.linkonce.b.*)
 .bss           0x000000000002c280        0x0 /usr/lib/gcc/i686-linux-gnu/4.8/../../../i386-linux-gnu/crti.o
 .bss           0x000000000002c280        0x1 /usr/lib/gcc/i686-linux-gnu/4.8/crtbeginS.o
 *fill*         0x000000000002c281       0x1f 
 .bss           0x000000000002c2a0       0x60 udp-client.co
 .bss           0x000000000002c300     0x2030 obj_cooja/mtype331.o
 .bss           0x000000000002e330        0x1 obj_cooja/mtype331.a(simEnvChange.o)
                0x000000000002e330                simDontFallAsleep
 *fill*         0x000000000002e331        0x3 
 .bss           0x000000000002e334        0x4 obj_cooja/mtype331.a(cooja_mt.o)
 .bss           0x000000000002e338        0x4 obj_cooja/mtype331.a(cooja_mtarch.o)
 .bss           0x000000000002e33c        0xc obj_cooja/mtype331.a(rtimer-arch.o)
 .bss           0x000000000002e348        0x0 obj_cooja/mtype331.a(beep.o)
 .bss           0x000000000002e348        0x8 obj_cooja/mtype331.a(button-sensor.o)
 .bss           0x000000000002e350        0x0 obj_cooja/mtype331.a(leds-arch.o)
 .bss           0x000000000002e350        0x0 obj_cooja/mtype331.a(moteid.o)
 .bss           0x000000000002e350        0x1 obj_cooja/mtype331.a(pir-sensor.o)
                0x000000000002e350                simPirValue
 *fill*         0x000000000002e351        0x3 
 .bss           0x000000000002e354        0x4 obj_cooja/mtype331.a(rs232.o)
 .bss           0x000000000002e358        0x1 obj_cooja/mtype331.a(vib-sensor.o)
                0x000000000002e358                simVibValue
 .bss           0x000000000002e359        0x0 obj_cooja/mtype331.a(clock.o)
 *fill*         0x000000000002e359        0x7 
 .bss           0x000000000002e360      0x420 obj_cooja/mtype331.a(log.o)
 .bss           0x000000000002e780      0xfc0 obj_cooja/mtype331.a(cfs-cooja.o)
                0x000000000002e780                simCFSData
                0x000000000002f720                simCFSSize
                0x000000000002f724                simCFSChanged
                0x000000000002f728                simCFSRead
                0x000000000002f72c                simCFSWritten
 .bss           0x000000000002f740       0x20 obj_cooja/mtype331.a(cooja-radio.o)
                0x000000000002f740                simReceiving
                0x000000000002f741                simReceivingLR
                0x000000000002f744                simInSize
                0x000000000002f748                simInSizeLR
                0x000000000002f74c                simOutSize
                0x000000000002f750                simOutSizeLR
                0x000000000002f754                LongRangeTransmit
                0x000000000002f758                LongRangeReceiving
 .bss           0x000000000002f760        0xc obj_cooja/mtype331.a(eeprom.o)
                0x000000000002f760                simEEPROMChanged
                0x000000000002f764                simEEPROMRead
                0x000000000002f768                simEEPROMWritten
 .bss           0x000000000002f76c        0x0 obj_cooja/mtype331.a(random.o)
 .bss           0x000000000002f76c        0xc obj_cooja/mtype331.a(sensors.o)
 .bss           0x000000000002f778       0x28 obj_cooja/mtype331.a(dual_conf.o)
                0x000000000002f778                long_range_radio
 .bss           0x000000000002f7a0        0x0 obj_cooja/mtype331.a(autostart.o)
 .bss           0x000000000002f7a0        0x5 obj_cooja/mtype331.a(ctimer.o)
 *fill*         0x000000000002f7a5        0x3 
 .bss           0x000000000002f7a8        0x8 obj_cooja/mtype331.a(etimer.o)
 *fill*         0x000000000002f7b0       0x10 
 .bss           0x000000000002f7c0      0x1b1 obj_cooja/mtype331.a(process.o)
                0x000000000002f7c0                process_list
                0x000000000002f7c4                process_current
 *fill*         0x000000000002f971        0x3 
 .bss           0x000000000002f974        0x4 obj_cooja/mtype331.a(rtimer.o)
 .bss           0x000000000002f978        0x0 obj_cooja/mtype331.a(stimer.o)
 .bss           0x000000000002f978        0x0 obj_cooja/mtype331.a(timer.o)
 *fill*         0x000000000002f978        0x8 
 .bss           0x000000000002f980      0x140 obj_cooja/mtype331.a(serial-line.o)
 .bss           0x000000000002fac0        0x0 obj_cooja/mtype331.a(list.o)
 .bss           0x000000000002fac0        0x0 obj_cooja/mtype331.a(ringbuf.o)
 .bss           0x000000000002fac0      0x70c obj_cooja/mtype331.a(sicslowpan.o)
 *fill*         0x00000000000301cc       0x14 
 .bss           0x00000000000301e0       0xf0 obj_cooja/mtype331.a(uip-ds6-nbr.o)
 *fill*         0x00000000000302d0       0x10 
 .bss           0x00000000000302e0      0x2a8 obj_cooja/mtype331.a(uip-ds6-route.o)
 .bss           0x0000000000030588       0x30 obj_cooja/mtype331.a(uip-ds6.o)
 .bss           0x00000000000305b8        0xe obj_cooja/mtype331.a(uip6.o)
                0x00000000000305b8                uip_ext_bitmap
                0x00000000000305b9                uip_ext_len
                0x00000000000305ba                uip_ext_opt_offset
 *fill*         0x00000000000305c6       0x1a 
 .bss           0x00000000000305e0       0x6a obj_cooja/mtype331.a(tcpip.o)
 .bss           0x000000000003064a        0x0 obj_cooja/mtype331.a(uip-debug.o)
 *fill*         0x000000000003064a       0x16 
 .bss           0x0000000000030660      0xcf8 obj_cooja/mtype331.a(uip-packetqueue)
 .bss           0x0000000000031358        0x0 obj_cooja/mtype331.a(uip-udp-packet.)
 *fill*         0x0000000000031358        0x8 
 .bss           0x0000000000031360       0xa0 obj_cooja/mtype331.a(rpl-dag.o)
 .bss           0x0000000000031400        0x0 obj_cooja/mtype331.a(rpl-ext-header.)
 .bss           0x0000000000031400        0x0 obj_cooja/mtype331.a(rpl-icmp6.o)
 .bss           0x0000000000031400        0x0 obj_cooja/mtype331.a(rpl-mrhof.o)
 .bss           0x0000000000031400       0x23 obj_cooja/mtype331.a(rpl-timers.o)
 *fill*         0x0000000000031423        0x1 
 .bss           0x0000000000031424        0x4 obj_cooja/mtype331.a(rpl.o)
 .bss           0x0000000000031428        0x0 obj_cooja/mtype331.a(linkaddr.o)
 *fill*         0x0000000000031428       0x18 
 .bss           0x0000000000031440       0xdc obj_cooja/mtype331.a(nbr-table.o)
 .bss           0x000000000003151c        0x0 obj_cooja/mtype331.a(netstack.o)
 *fill*         0x000000000003151c        0x4 
 .bss           0x0000000000031520       0xa0 obj_cooja/mtype331.a(packetbuf.o)
 .bss           0x00000000000315c0      0xb80 obj_cooja/mtype331.a(queuebuf.o)
 .bss           0x0000000000032140      0x248 obj_cooja/mtype331.a(csma.o)
 .bss           0x0000000000032388        0x2 obj_cooja/mtype331.a(framer-802154.o)
 .bss           0x000000000003238a        0x0 obj_cooja/mtype331.a(mac.o)
 .bss           0x000000000003238a        0x0 obj_cooja/mtype331.a(nullrdc.o)
 .bss           0x000000000003238a        0x0 obj_cooja/mtype331.a(nullsec.o)
 .bss           0x000000000003238a        0x0 obj_cooja/mtype331.a(watchdog.o)
 .bss           0x000000000003238a        0x0 obj_cooja/mtype331.a(rimestats.o)
 .bss           0x000000000003238a        0x0 obj_cooja/mtype331.a(memb.o)
 *fill*         0x000000000003238a        0x2 
 .bss           0x000000000003238c       0x18 obj_cooja/mtype331.a(uip-icmp6.o)
 .bss           0x00000000000323a4        0x0 obj_cooja/mtype331.a(uip-nd6.o)
 *fill*         0x00000000000323a4       0x1c 
 .bss           0x00000000000323c0       0x44 obj_cooja/mtype331.a(rpl-nbr-policy.)
 .bss           0x0000000000032404        0x0 obj_cooja/mtype331.a(frame802154.o)
 *fill*         0x0000000000032404       0x1c 
 .bss           0x0000000000032420       0x90 obj_cooja/mtype331.a(mac-sequence.o)
 .bss           0x00000000000324b0        0x0 /usr/lib/gcc/i686-linux-gnu/4.8/crtendS.o
 .bss           0x00000000000324b0        0x0 /usr/lib/gcc/i686-linux-gnu/4.8/../../../i386-linux-gnu/crtn.o
 *(COMMON)
 COMMON         0x00000000000324b0        0x8 obj_cooja/mtype331.o
                0x00000000000324b0                referenceVar
                0x00000000000324b4                sensors_flags
 COMMON         0x00000000000324b8        0xc obj_cooja/mtype331.a(simEnvChange.o)
                0x00000000000324b8                simEtimerPending
                0x00000000000324bc                simProcessRunValue
                0x00000000000324c0                simNextExpirationTime
 COMMON         0x00000000000324c4        0x1 obj_cooja/mtype331.a(beep.o)
                0x00000000000324c4                simBeeped
 COMMON         0x00000000000324c5        0x3 obj_cooja/mtype331.a(button-sensor.o)
                0x00000000000324c5                simButtonIsActive
                0x00000000000324c6                simButtonIsDown
                0x00000000000324c7                simButtonChanged
 COMMON         0x00000000000324c8        0x1 obj_cooja/mtype331.a(leds-arch.o)
                0x00000000000324c8                simLedsValue
 *fill*         0x00000000000324c9        0x3 
 COMMON         0x00000000000324cc        0xc obj_cooja/mtype331.a(moteid.o)
                0x00000000000324cc                simRandomSeed
                0x00000000000324d0                simMoteIDChanged
                0x00000000000324d4                simMoteID
 COMMON         0x00000000000324d8        0x2 obj_cooja/mtype331.a(pir-sensor.o)
                0x00000000000324d8                simPirIsActive
                0x00000000000324d9                simPirChanged
 *fill*         0x00000000000324da        0x6 
 COMMON         0x00000000000324e0      0x820 obj_cooja/mtype331.a(rs232.o)
                0x00000000000324e0                simSerialReceivingFlag
                0x00000000000324e4                simSerialReceivingLength
                0x0000000000032500                simSerialReceivingData
 COMMON         0x0000000000032d00        0x2 obj_cooja/mtype331.a(vib-sensor.o)
                0x0000000000032d00                simVibChanged
                0x0000000000032d01                simVibIsActive
 *fill*         0x0000000000032d02        0x2 
 COMMON         0x0000000000032d04        0x4 obj_cooja/mtype331.a(clock.o)
                0x0000000000032d04                simCurrentTime
 *fill*         0x0000000000032d08       0x18 
 COMMON         0x0000000000032d20      0x420 obj_cooja/mtype331.a(log.o)
                0x0000000000032d20                simLoggedLength
                0x0000000000032d24                simLoggedFlag
                0x0000000000032d40                simLoggedData
 COMMON         0x0000000000033140      0x200 obj_cooja/mtype331.a(cooja-radio.o)
                0x0000000000033140                simOutDataBuffer
                0x00000000000331c0                simInDataBufferLR
                0x0000000000033240                simOutDataBufferLR
                0x00000000000332c0                simInDataBuffer
 COMMON         0x0000000000033340      0x400 obj_cooja/mtype331.a(eeprom.o)
                0x0000000000033340                simEEPROMData
 COMMON         0x0000000000033740        0x1 obj_cooja/mtype331.a(sensors.o)
                0x0000000000033740                sensors_event
 COMMON         0x0000000000033741        0x1 obj_cooja/mtype331.a(serial-line.o)
                0x0000000000033741                serial_line_event_message
 *fill*         0x0000000000033742       0x1e 
 COMMON         0x0000000000033760      0x298 obj_cooja/mtype331.a(uip-ds6.o)
                0x0000000000033760                uip_ds6_prefix_list
                0x00000000000337c0                uip_ds6_timer_periodic
                0x00000000000337d0                uip_ds6_netif_addr_list_offset
                0x00000000000337e0                uip_ds6_if
                0x00000000000338d8                uip_ds6_timer_ra
                0x00000000000338e0                uip_ds6_addr_size
                0x0000000000033900                long_uip_ds6_if
 *fill*         0x00000000000339f8        0x8 
 COMMON         0x0000000000033a00      0x8ec obj_cooja/mtype331.a(uip6.o)
                0x0000000000033a00                uip_slen
                0x0000000000033a02                uip_acc32
                0x0000000000033a20                uip_conns
                0x0000000000033ae0                uip_lladdr
                0x0000000000033ae8                uip_appdata
                0x0000000000033aec                uip_flags
                0x0000000000033b00                uip_aligned_buf
                0x0000000000034140                uip_listenports
                0x0000000000034150                uip_len
                0x0000000000034152                uip_long_lladdr
                0x000000000003415c                uip_sappdata
                0x0000000000034160                uip_udp_conns
                0x00000000000342e0                uip_udp_conn
                0x00000000000342e4                uip_next_hdr
                0x00000000000342e8                uip_conn
 COMMON         0x00000000000342ec        0x1 obj_cooja/mtype331.a(tcpip.o)
                0x00000000000342ec                tcpip_event
 *fill*         0x00000000000342ed       0x13 
 COMMON         0x0000000000034300      0x170 obj_cooja/mtype331.a(rpl-dag.o)
                0x0000000000034300                default_instance
                0x0000000000034320                instance_table
 COMMON         0x0000000000034470       0x10 obj_cooja/mtype331.a(linkaddr.o)
                0x0000000000034470                linkaddr_node_addr
                0x0000000000034478                long_linkaddr_node_addr
 COMMON         0x0000000000034480       0x2e obj_cooja/mtype331.a(packetbuf.o)
                0x0000000000034480                packetbuf_attrs
                0x000000000003449e                packetbuf_addrs
 *fill*         0x00000000000344ae       0x12 
 COMMON         0x00000000000344c0       0x48 obj_cooja/mtype331.a(rimestats.o)
                0x00000000000344c0                rimestats
                0x0000000000034508                . = ALIGN ((. != 0x0)?0x4:0x1)
                0x0000000000034508                . = ALIGN (0x4)
                0x0000000000034508                . = SEGMENT_START ("ldata-segment", .)
                0x0000000000034508                . = ALIGN (0x4)
                0x0000000000034508                _end = .
                0x0000000000034508                PROVIDE (end, .)
                0x0000000000034508                . = DATA_SEGMENT_END (.)

.stab
 *(.stab)

.stabstr
 *(.stabstr)

.stab.excl
 *(.stab.excl)

.stab.exclstr
 *(.stab.exclstr)

.stab.index
 *(.stab.index)

.stab.indexstr
 *(.stab.indexstr)

.comment        0x0000000000000000       0x29
 *(.comment)
 .comment       0x0000000000000000       0x29 /usr/lib/gcc/i686-linux-gnu/4.8/crtbeginS.o
                                         0x2a (size before relaxing)
 .comment       0x0000000000000000       0x2a udp-client.co
 .comment       0x0000000000000000       0x2a obj_cooja/mtype331.o
 .comment       0x0000000000000000       0x2a obj_cooja/mtype331.a(simEnvChange.o)
 .comment       0x0000000000000000       0x2a obj_cooja/mtype331.a(cooja_mt.o)
 .comment       0x0000000000000000       0x2a obj_cooja/mtype331.a(cooja_mtarch.o)
 .comment       0x0000000000000000       0x2a obj_cooja/mtype331.a(rtimer-arch.o)
 .comment       0x0000000000000000       0x2a obj_cooja/mtype331.a(beep.o)
 .comment       0x0000000000000000       0x2a obj_cooja/mtype331.a(button-sensor.o)
 .comment       0x0000000000000000       0x2a obj_cooja/mtype331.a(leds-arch.o)
 .comment       0x0000000000000000       0x2a obj_cooja/mtype331.a(moteid.o)
 .comment       0x0000000000000000       0x2a obj_cooja/mtype331.a(pir-sensor.o)
 .comment       0x0000000000000000       0x2a obj_cooja/mtype331.a(rs232.o)
 .comment       0x0000000000000000       0x2a obj_cooja/mtype331.a(vib-sensor.o)
 .comment       0x0000000000000000       0x2a obj_cooja/mtype331.a(clock.o)
 .comment       0x0000000000000000       0x2a obj_cooja/mtype331.a(log.o)
 .comment       0x0000000000000000       0x2a obj_cooja/mtype331.a(cfs-cooja.o)
 .comment       0x0000000000000000       0x2a obj_cooja/mtype331.a(cooja-radio.o)
 .comment       0x0000000000000000       0x2a obj_cooja/mtype331.a(eeprom.o)
 .comment       0x0000000000000000       0x2a obj_cooja/mtype331.a(random.o)
 .comment       0x0000000000000000       0x2a obj_cooja/mtype331.a(sensors.o)
 .comment       0x0000000000000000       0x2a obj_cooja/mtype331.a(dual_conf.o)
 .comment       0x0000000000000000       0x2a obj_cooja/mtype331.a(autostart.o)
 .comment       0x0000000000000000       0x2a obj_cooja/mtype331.a(ctimer.o)
 .comment       0x0000000000000000       0x2a obj_cooja/mtype331.a(etimer.o)
 .comment       0x0000000000000000       0x2a obj_cooja/mtype331.a(process.o)
 .comment       0x0000000000000000       0x2a obj_cooja/mtype331.a(rtimer.o)
 .comment       0x0000000000000000       0x2a obj_cooja/mtype331.a(stimer.o)
 .comment       0x0000000000000000       0x2a obj_cooja/mtype331.a(timer.o)
 .comment       0x0000000000000000       0x2a obj_cooja/mtype331.a(serial-line.o)
 .comment       0x0000000000000000       0x2a obj_cooja/mtype331.a(list.o)
 .comment       0x0000000000000000       0x2a obj_cooja/mtype331.a(ringbuf.o)
 .comment       0x0000000000000000       0x2a obj_cooja/mtype331.a(sicslowpan.o)
 .comment       0x0000000000000000       0x2a obj_cooja/mtype331.a(uip-ds6-nbr.o)
 .comment       0x0000000000000000       0x2a obj_cooja/mtype331.a(uip-ds6-route.o)
 .comment       0x0000000000000000       0x2a obj_cooja/mtype331.a(uip-ds6.o)
 .comment       0x0000000000000000       0x2a obj_cooja/mtype331.a(uip6.o)
 .comment       0x0000000000000000       0x2a obj_cooja/mtype331.a(tcpip.o)
 .comment       0x0000000000000000       0x2a obj_cooja/mtype331.a(uip-debug.o)
 .comment       0x0000000000000000       0x2a obj_cooja/mtype331.a(uip-packetqueue)
 .comment       0x0000000000000000       0x2a obj_cooja/mtype331.a(uip-udp-packet.)
 .comment       0x0000000000000000       0x2a obj_cooja/mtype331.a(rpl-dag.o)
 .comment       0x0000000000000000       0x2a obj_cooja/mtype331.a(rpl-ext-header.)
 .comment       0x0000000000000000       0x2a obj_cooja/mtype331.a(rpl-icmp6.o)
 .comment       0x0000000000000000       0x2a obj_cooja/mtype331.a(rpl-mrhof.o)
 .comment       0x0000000000000000       0x2a obj_cooja/mtype331.a(rpl-timers.o)
 .comment       0x0000000000000000       0x2a obj_cooja/mtype331.a(rpl.o)
 .comment       0x0000000000000000       0x2a obj_cooja/mtype331.a(linkaddr.o)
 .comment       0x0000000000000000       0x2a obj_cooja/mtype331.a(nbr-table.o)
 .comment       0x0000000000000000       0x2a obj_cooja/mtype331.a(netstack.o)
 .comment       0x0000000000000000       0x2a obj_cooja/mtype331.a(packetbuf.o)
 .comment       0x0000000000000000       0x2a obj_cooja/mtype331.a(queuebuf.o)
 .comment       0x0000000000000000       0x2a obj_cooja/mtype331.a(csma.o)
 .comment       0x0000000000000000       0x2a obj_cooja/mtype331.a(framer-802154.o)
 .comment       0x0000000000000000       0x2a obj_cooja/mtype331.a(mac.o)
 .comment       0x0000000000000000       0x2a obj_cooja/mtype331.a(nullrdc.o)
 .comment       0x0000000000000000       0x2a obj_cooja/mtype331.a(nullsec.o)
 .comment       0x0000000000000000       0x2a obj_cooja/mtype331.a(watchdog.o)
 .comment       0x0000000000000000       0x2a obj_cooja/mtype331.a(rimestats.o)
 .comment       0x0000000000000000       0x2a obj_cooja/mtype331.a(memb.o)
 .comment       0x0000000000000000       0x2a obj_cooja/mtype331.a(uip-icmp6.o)
 .comment       0x0000000000000000       0x2a obj_cooja/mtype331.a(uip-nd6.o)
 .comment       0x0000000000000000       0x2a obj_cooja/mtype331.a(rpl-nbr-policy.)
 .comment       0x0000000000000000       0x2a obj_cooja/mtype331.a(frame802154.o)
 .comment       0x0000000000000000       0x2a obj_cooja/mtype331.a(mac-sequence.o)
 .comment       0x0000000000000000       0x2a /usr/lib/gcc/i686-linux-gnu/4.8/crtendS.o

.debug
 *(.debug)

.line
 *(.line)

.debug_srcinfo
 *(.debug_srcinfo)

.debug_sfnames
 *(.debug_sfnames)

.debug_aranges  0x0000000000000000      0x7f8
 *(.debug_aranges)
 .debug_aranges
                0x0000000000000000       0x20 udp-client.co
 .debug_aranges
                0x0000000000000020       0x20 obj_cooja/mtype331.o
 .debug_aranges
                0x0000000000000040       0x20 obj_cooja/mtype331.a(simEnvChange.o)
 .debug_aranges
                0x0000000000000060       0x20 obj_cooja/mtype331.a(cooja_mt.o)
 .debug_aranges
                0x0000000000000080       0x20 obj_cooja/mtype331.a(cooja_mtarch.o)
 .debug_aranges
                0x00000000000000a0       0x20 obj_cooja/mtype331.a(rtimer-arch.o)
 .debug_aranges
                0x00000000000000c0       0x20 obj_cooja/mtype331.a(beep.o)
 .debug_aranges
                0x00000000000000e0       0x20 obj_cooja/mtype331.a(button-sensor.o)
 .debug_aranges
                0x0000000000000100       0x20 obj_cooja/mtype331.a(leds-arch.o)
 .debug_aranges
                0x0000000000000120       0x20 obj_cooja/mtype331.a(moteid.o)
 .debug_aranges
                0x0000000000000140       0x20 obj_cooja/mtype331.a(pir-sensor.o)
 .debug_aranges
                0x0000000000000160       0x20 obj_cooja/mtype331.a(rs232.o)
 .debug_aranges
                0x0000000000000180       0x20 obj_cooja/mtype331.a(vib-sensor.o)
 .debug_aranges
                0x00000000000001a0       0x20 obj_cooja/mtype331.a(clock.o)
 .debug_aranges
                0x00000000000001c0       0x20 obj_cooja/mtype331.a(log.o)
 .debug_aranges
                0x00000000000001e0       0x20 obj_cooja/mtype331.a(cfs-cooja.o)
 .debug_aranges
                0x0000000000000200       0x20 obj_cooja/mtype331.a(cooja-radio.o)
 .debug_aranges
                0x0000000000000220       0x20 obj_cooja/mtype331.a(eeprom.o)
 .debug_aranges
                0x0000000000000240       0x20 obj_cooja/mtype331.a(random.o)
 .debug_aranges
                0x0000000000000260       0x20 obj_cooja/mtype331.a(sensors.o)
 .debug_aranges
                0x0000000000000280       0x20 obj_cooja/mtype331.a(dual_conf.o)
 .debug_aranges
                0x00000000000002a0       0x20 obj_cooja/mtype331.a(autostart.o)
 .debug_aranges
                0x00000000000002c0       0x20 obj_cooja/mtype331.a(ctimer.o)
 .debug_aranges
                0x00000000000002e0       0x20 obj_cooja/mtype331.a(etimer.o)
 .debug_aranges
                0x0000000000000300       0x20 obj_cooja/mtype331.a(process.o)
 .debug_aranges
                0x0000000000000320       0x20 obj_cooja/mtype331.a(rtimer.o)
 .debug_aranges
                0x0000000000000340       0x20 obj_cooja/mtype331.a(stimer.o)
 .debug_aranges
                0x0000000000000360       0x20 obj_cooja/mtype331.a(timer.o)
 .debug_aranges
                0x0000000000000380       0x20 obj_cooja/mtype331.a(serial-line.o)
 .debug_aranges
                0x00000000000003a0       0x20 obj_cooja/mtype331.a(list.o)
 .debug_aranges
                0x00000000000003c0       0x20 obj_cooja/mtype331.a(ringbuf.o)
 .debug_aranges
                0x00000000000003e0       0x20 obj_cooja/mtype331.a(sicslowpan.o)
 .debug_aranges
                0x0000000000000400       0x20 obj_cooja/mtype331.a(uip-ds6-nbr.o)
 .debug_aranges
                0x0000000000000420       0x20 obj_cooja/mtype331.a(uip-ds6-route.o)
 .debug_aranges
                0x0000000000000440       0x20 obj_cooja/mtype331.a(uip-ds6.o)
 .debug_aranges
                0x0000000000000460       0x20 obj_cooja/mtype331.a(uip6.o)
 .debug_aranges
                0x0000000000000480       0x20 obj_cooja/mtype331.a(tcpip.o)
 .debug_aranges
                0x00000000000004a0       0x20 obj_cooja/mtype331.a(uip-debug.o)
 .debug_aranges
                0x00000000000004c0       0x20 obj_cooja/mtype331.a(uip-packetqueue)
 .debug_aranges
                0x00000000000004e0       0x20 obj_cooja/mtype331.a(uip-udp-packet.)
 .debug_aranges
                0x0000000000000500       0x20 obj_cooja/mtype331.a(rpl-dag.o)
 .debug_aranges
                0x0000000000000520       0x20 obj_cooja/mtype331.a(rpl-ext-header.)
 .debug_aranges
                0x0000000000000540       0x20 obj_cooja/mtype331.a(rpl-icmp6.o)
 .debug_aranges
                0x0000000000000560       0x20 obj_cooja/mtype331.a(rpl-mrhof.o)
 .debug_aranges
                0x0000000000000580       0x20 obj_cooja/mtype331.a(rpl-timers.o)
 .debug_aranges
                0x00000000000005a0       0x20 obj_cooja/mtype331.a(rpl.o)
 .debug_aranges
                0x00000000000005c0       0x20 obj_cooja/mtype331.a(linkaddr.o)
 .debug_aranges
                0x00000000000005e0       0x20 obj_cooja/mtype331.a(nbr-table.o)
 .debug_aranges
                0x0000000000000600       0x20 obj_cooja/mtype331.a(netstack.o)
 .debug_aranges
                0x0000000000000620       0x20 obj_cooja/mtype331.a(packetbuf.o)
 .debug_aranges
                0x0000000000000640       0x20 obj_cooja/mtype331.a(queuebuf.o)
 .debug_aranges
                0x0000000000000660       0x20 obj_cooja/mtype331.a(csma.o)
 .debug_aranges
                0x0000000000000680       0x20 obj_cooja/mtype331.a(framer-802154.o)
 .debug_aranges
                0x00000000000006a0       0x20 obj_cooja/mtype331.a(mac.o)
 .debug_aranges
                0x00000000000006c0       0x20 obj_cooja/mtype331.a(nullrdc.o)
 .debug_aranges
                0x00000000000006e0       0x20 obj_cooja/mtype331.a(nullsec.o)
 .debug_aranges
                0x0000000000000700       0x20 obj_cooja/mtype331.a(watchdog.o)
 .debug_aranges
                0x0000000000000720       0x18 obj_cooja/mtype331.a(rimestats.o)
 .debug_aranges
                0x0000000000000738       0x20 obj_cooja/mtype331.a(memb.o)
 .debug_aranges
                0x0000000000000758       0x20 obj_cooja/mtype331.a(uip-icmp6.o)
 .debug_aranges
                0x0000000000000778       0x20 obj_cooja/mtype331.a(uip-nd6.o)
 .debug_aranges
                0x0000000000000798       0x20 obj_cooja/mtype331.a(rpl-nbr-policy.)
 .debug_aranges
                0x00000000000007b8       0x20 obj_cooja/mtype331.a(frame802154.o)
 .debug_aranges
                0x00000000000007d8       0x20 obj_cooja/mtype331.a(mac-sequence.o)

.debug_pubnames
 *(.debug_pubnames)

.debug_info     0x0000000000000000    0x1b517
 *(.debug_info .gnu.linkonce.wi.*)
 .debug_info    0x0000000000000000      0x8b3 udp-client.co
 .debug_info    0x00000000000008b3     0x3771 obj_cooja/mtype331.o
 .debug_info    0x0000000000004024      0x15a obj_cooja/mtype331.a(simEnvChange.o)
 .debug_info    0x000000000000417e      0x1e2 obj_cooja/mtype331.a(cooja_mt.o)
 .debug_info    0x0000000000004360      0x2e7 obj_cooja/mtype331.a(cooja_mtarch.o)
 .debug_info    0x0000000000004647      0x16b obj_cooja/mtype331.a(rtimer-arch.o)
 .debug_info    0x00000000000047b2      0x1f3 obj_cooja/mtype331.a(beep.o)
 .debug_info    0x00000000000049a5      0x257 obj_cooja/mtype331.a(button-sensor.o)
 .debug_info    0x0000000000004bfc      0x132 obj_cooja/mtype331.a(leds-arch.o)
 .debug_info    0x0000000000004d2e      0x10a obj_cooja/mtype331.a(moteid.o)
 .debug_info    0x0000000000004e38      0x216 obj_cooja/mtype331.a(pir-sensor.o)
 .debug_info    0x000000000000504e      0x21e obj_cooja/mtype331.a(rs232.o)
 .debug_info    0x000000000000526c      0x216 obj_cooja/mtype331.a(vib-sensor.o)
 .debug_info    0x0000000000005482      0x152 obj_cooja/mtype331.a(clock.o)
 .debug_info    0x00000000000055d4      0x2bb obj_cooja/mtype331.a(log.o)
 .debug_info    0x000000000000588f      0x3cf obj_cooja/mtype331.a(cfs-cooja.o)
 .debug_info    0x0000000000005c5e      0xc5e obj_cooja/mtype331.a(cooja-radio.o)
 .debug_info    0x00000000000068bc      0x1d5 obj_cooja/mtype331.a(eeprom.o)
 .debug_info    0x0000000000006a91       0xb3 obj_cooja/mtype331.a(random.o)
 .debug_info    0x0000000000006b44      0x36d obj_cooja/mtype331.a(sensors.o)
 .debug_info    0x0000000000006eb1      0x99d obj_cooja/mtype331.a(dual_conf.o)
 .debug_info    0x000000000000784e      0x1a5 obj_cooja/mtype331.a(autostart.o)
 .debug_info    0x00000000000079f3      0x46c obj_cooja/mtype331.a(ctimer.o)
 .debug_info    0x0000000000007e5f      0x49c obj_cooja/mtype331.a(etimer.o)
 .debug_info    0x00000000000082fb      0x4ba obj_cooja/mtype331.a(process.o)
 .debug_info    0x00000000000087b5      0x1ab obj_cooja/mtype331.a(rtimer.o)
 .debug_info    0x0000000000008960      0x179 obj_cooja/mtype331.a(stimer.o)
 .debug_info    0x0000000000008ad9      0x16c obj_cooja/mtype331.a(timer.o)
 .debug_info    0x0000000000008c45      0x2de obj_cooja/mtype331.a(serial-line.o)
 .debug_info    0x0000000000008f23      0x2ed obj_cooja/mtype331.a(list.o)
 .debug_info    0x0000000000009210      0x1aa obj_cooja/mtype331.a(ringbuf.o)
 .debug_info    0x00000000000093ba     0x105d obj_cooja/mtype331.a(sicslowpan.o)
 .debug_info    0x000000000000a417      0x853 obj_cooja/mtype331.a(uip-ds6-nbr.o)
 .debug_info    0x000000000000ac6a      0xd30 obj_cooja/mtype331.a(uip-ds6-route.o)
 .debug_info    0x000000000000b99a      0xc19 obj_cooja/mtype331.a(uip-ds6.o)
 .debug_info    0x000000000000c5b3      0xea0 obj_cooja/mtype331.a(uip6.o)
 .debug_info    0x000000000000d453     0x1437 obj_cooja/mtype331.a(tcpip.o)
 .debug_info    0x000000000000e88a      0x1b5 obj_cooja/mtype331.a(uip-debug.o)
 .debug_info    0x000000000000ea3f      0x470 obj_cooja/mtype331.a(uip-packetqueue)
 .debug_info    0x000000000000eeaf      0x37a obj_cooja/mtype331.a(uip-udp-packet.)
 .debug_info    0x000000000000f229     0x18f4 obj_cooja/mtype331.a(rpl-dag.o)
 .debug_info    0x0000000000010b1d      0xe2b obj_cooja/mtype331.a(rpl-ext-header.)
 .debug_info    0x0000000000011948     0x1670 obj_cooja/mtype331.a(rpl-icmp6.o)
 .debug_info    0x0000000000012fb8      0xabe obj_cooja/mtype331.a(rpl-mrhof.o)
 .debug_info    0x0000000000013a76      0xbeb obj_cooja/mtype331.a(rpl-timers.o)
 .debug_info    0x0000000000014661      0xcde obj_cooja/mtype331.a(rpl.o)
 .debug_info    0x000000000001533f      0x198 obj_cooja/mtype331.a(linkaddr.o)
 .debug_info    0x00000000000154d7      0x8ff obj_cooja/mtype331.a(nbr-table.o)
 .debug_info    0x0000000000015dd6      0x4b9 obj_cooja/mtype331.a(netstack.o)
 .debug_info    0x000000000001628f      0x478 obj_cooja/mtype331.a(packetbuf.o)
 .debug_info    0x0000000000016707      0x57d obj_cooja/mtype331.a(queuebuf.o)
 .debug_info    0x0000000000016c84      0xbff obj_cooja/mtype331.a(csma.o)
 .debug_info    0x0000000000017883      0x5ed obj_cooja/mtype331.a(framer-802154.o)
 .debug_info    0x0000000000017e70      0x112 obj_cooja/mtype331.a(mac.o)
 .debug_info    0x0000000000017f82      0xcde obj_cooja/mtype331.a(nullrdc.o)
 .debug_info    0x0000000000018c60      0x3aa obj_cooja/mtype331.a(nullsec.o)
 .debug_info    0x000000000001900a       0x7b obj_cooja/mtype331.a(watchdog.o)
 .debug_info    0x0000000000019085      0x119 obj_cooja/mtype331.a(rimestats.o)
 .debug_info    0x000000000001919e      0x1d7 obj_cooja/mtype331.a(memb.o)
 .debug_info    0x0000000000019375      0x784 obj_cooja/mtype331.a(uip-icmp6.o)
 .debug_info    0x0000000000019af9      0x331 obj_cooja/mtype331.a(uip-nd6.o)
 .debug_info    0x0000000000019e2a      0xda2 obj_cooja/mtype331.a(rpl-nbr-policy.)
 .debug_info    0x000000000001abcc      0x6b4 obj_cooja/mtype331.a(frame802154.o)
 .debug_info    0x000000000001b280      0x297 obj_cooja/mtype331.a(mac-sequence.o)

.debug_abbrev   0x0000000000000000     0x6762
 *(.debug_abbrev)
 .debug_abbrev  0x0000000000000000      0x1c0 udp-client.co
 .debug_abbrev  0x00000000000001c0      0x2b3 obj_cooja/mtype331.o
 .debug_abbrev  0x0000000000000473       0xc3 obj_cooja/mtype331.a(simEnvChange.o)
 .debug_abbrev  0x0000000000000536       0xe6 obj_cooja/mtype331.a(cooja_mt.o)
 .debug_abbrev  0x000000000000061c      0x147 obj_cooja/mtype331.a(cooja_mtarch.o)
 .debug_abbrev  0x0000000000000763       0xcc obj_cooja/mtype331.a(rtimer-arch.o)
 .debug_abbrev  0x000000000000082f       0xe3 obj_cooja/mtype331.a(beep.o)
 .debug_abbrev  0x0000000000000912      0x11c obj_cooja/mtype331.a(button-sensor.o)
 .debug_abbrev  0x0000000000000a2e       0xe1 obj_cooja/mtype331.a(leds-arch.o)
 .debug_abbrev  0x0000000000000b0f       0x9c obj_cooja/mtype331.a(moteid.o)
 .debug_abbrev  0x0000000000000bab       0xe6 obj_cooja/mtype331.a(pir-sensor.o)