Archive member included to satisfy reference by file (symbol)

obj_cooja/mtype404.a(simEnvChange.o)
                              obj_cooja/mtype404.o (simDontFallAsleep)
obj_cooja/mtype404.a(cooja_mt.o)
                              obj_cooja/mtype404.o (cooja_mt_start)
obj_cooja/mtype404.a(cooja_mtarch.o)
                              obj_cooja/mtype404.a(cooja_mt.o) (cooja_mtarch_init)
obj_cooja/mtype404.a(rtimer-arch.o)
                              obj_cooja/mtype404.o (rtimer_arch_next)
obj_cooja/mtype404.a(beep.o)  obj_cooja/mtype404.o (beep_interface)
obj_cooja/mtype404.a(button-sensor.o)
                              obj_cooja/mtype404.o (button_interface)
obj_cooja/mtype404.a(leds-arch.o)
                              obj_cooja/mtype404.o (leds_interface)
obj_cooja/mtype404.a(moteid.o)
                              obj_cooja/mtype404.o (moteid_interface)
obj_cooja/mtype404.a(pir-sensor.o)
                              obj_cooja/mtype404.o (pir_interface)
obj_cooja/mtype404.a(rs232.o)
                              obj_cooja/mtype404.o (rs232_interface)
obj_cooja/mtype404.a(vib-sensor.o)
                              obj_cooja/mtype404.o (vib_interface)
obj_cooja/mtype404.a(clock.o)
                              obj_cooja/mtype404.o (clock_interface)
obj_cooja/mtype404.a(log.o)   obj_cooja/mtype404.o (simlog_interface)
obj_cooja/mtype404.a(cfs-cooja.o)
                              obj_cooja/mtype404.o (cfs_interface)
obj_cooja/mtype404.a(cooja-radio.o)
                              obj_cooja/mtype404.o (radio_interface)
obj_cooja/mtype404.a(eeprom.o)
                              obj_cooja/mtype404.o (eeprom_interface)
obj_cooja/mtype404.a(random.o)
                              obj_cooja/mtype404.a(moteid.o) (random_init)
obj_cooja/mtype404.a(sensors.o)
                              obj_cooja/mtype404.o (sensors_process)
obj_cooja/mtype404.a(dual_conf.o)
                              obj_cooja/mtype404.a(cooja-radio.o) (long_range_radio)
obj_cooja/mtype404.a(autostart.o)
                              obj_cooja/mtype404.o (autostart_start)
obj_cooja/mtype404.a(ctimer.o)
                              obj_cooja/mtype404.o (ctimer_init)
obj_cooja/mtype404.a(etimer.o)
                              obj_cooja/mtype404.o (etimer_process)
obj_cooja/mtype404.a(process.o)
                              udp-client.co (process_current)
obj_cooja/mtype404.a(rtimer.o)
                              obj_cooja/mtype404.a(rtimer-arch.o) (rtimer_run_next)
obj_cooja/mtype404.a(stimer.o)
                              udp-client.co (stimer_remaining)
obj_cooja/mtype404.a(timer.o)
                              obj_cooja/mtype404.a(button-sensor.o) (timer_set)
obj_cooja/mtype404.a(serial-line.o)
                              udp-client.co (serial_line_event_message)
obj_cooja/mtype404.a(list.o)  obj_cooja/mtype404.a(ctimer.o) (list_init)
obj_cooja/mtype404.a(ringbuf.o)
                              obj_cooja/mtype404.a(serial-line.o) (ringbuf_init)
obj_cooja/mtype404.a(sicslowpan.o)
                              obj_cooja/mtype404.o (sicslowpan_driver)
obj_cooja/mtype404.a(uip-ds6-nbr.o)
                              obj_cooja/mtype404.a(sicslowpan.o) (uip_ds6_link_neighbor_callback)
obj_cooja/mtype404.a(uip-ds6-route.o)
                              udp-client.co (uip_ds6_route_nexthop)
obj_cooja/mtype404.a(uip-ds6.o)
                              udp-client.co (uip_ds6_if)
obj_cooja/mtype404.a(uip6.o)  udp-client.co (uip_lladdr)
obj_cooja/mtype404.a(tcpip.o)
                              udp-client.co (tcpip_event)
obj_cooja/mtype404.a(uip-debug.o)
                              udp-client.co (uip_debug_ipaddr_print)
obj_cooja/mtype404.a(uip-packetqueue)
                              obj_cooja/mtype404.a(uip-ds6-nbr.o) (uip_packetqueue_new)
obj_cooja/mtype404.a(uip-udp-packet.)
                              udp-client.co (uip_udp_packet_sendto)
obj_cooja/mtype404.a(rpl-dag.o)
                              obj_cooja/mtype404.a(tcpip.o) (rpl_repair_root)
obj_cooja/mtype404.a(rpl-ext-header.)
                              obj_cooja/mtype404.a(uip6.o) (rpl_verify_header)
obj_cooja/mtype404.a(rpl-icmp6.o)
                              obj_cooja/mtype404.a(rpl-dag.o) (rpl_icmp6_update_nbr_table)
obj_cooja/mtype404.a(rpl-mrhof.o)
                              obj_cooja/mtype404.a(rpl-dag.o) (rpl_mrhof)
obj_cooja/mtype404.a(rpl-timers.o)
                              obj_cooja/mtype404.a(rpl-dag.o) (rpl_reset_dio_timer)
obj_cooja/mtype404.a(rpl.o)   obj_cooja/mtype404.a(rpl-icmp6.o) (rpl_get_mode)
obj_cooja/mtype404.a(linkaddr.o)
                              obj_cooja/mtype404.o (linkaddr_node_addr)
obj_cooja/mtype404.a(nbr-table.o)
                              obj_cooja/mtype404.a(uip-ds6-nbr.o) (nbr_table_register)
obj_cooja/mtype404.a(netstack.o)
                              obj_cooja/mtype404.o (netstack_init)
obj_cooja/mtype404.a(packetbuf.o)
[...]
Memory Configuration

Name             Origin             Length             Attributes
*default*        0x0000000000000000 0xffffffffffffffff

Linker script and memory map

LOAD /usr/lib/gcc/i686-linux-gnu/4.8/../../../i386-linux-gnu/crti.o
LOAD /usr/lib/gcc/i686-linux-gnu/4.8/crtbeginS.o
LOAD udp-client.co
LOAD obj_cooja/mtype404.o
LOAD obj_cooja/mtype404.a
LOAD /usr/lib/gcc/i686-linux-gnu/4.8/libgcc.a
LOAD /usr/lib/gcc/i686-linux-gnu/4.8/libgcc_s.so
LOAD /usr/lib/gcc/i686-linux-gnu/4.8/../../../i386-linux-gnu/libc.so
START GROUP
LOAD /lib/i386-linux-gnu/libc.so.6
LOAD /usr/lib/i386-linux-gnu/libc_nonshared.a
LOAD /lib/i386-linux-gnu/ld-linux.so.2
END GROUP
LOAD /usr/lib/gcc/i686-linux-gnu/4.8/libgcc.a
LOAD /usr/lib/gcc/i686-linux-gnu/4.8/libgcc_s.so
LOAD /usr/lib/gcc/i686-linux-gnu/4.8/crtendS.o
LOAD /usr/lib/gcc/i686-linux-gnu/4.8/../../../i386-linux-gnu/crtn.o
                0x0000000000000114                . = (0x0 + SIZEOF_HEADERS)

.note.gnu.build-id
                0x0000000000000114       0x24
 *(.note.gnu.build-id)
 .note.gnu.build-id
                0x0000000000000114       0x24 /usr/lib/gcc/i686-linux-gnu/4.8/../../../i386-linux-gnu/crti.o

.hash
 *(.hash)

.gnu.hash       0x0000000000000138     0x1258
 *(.gnu.hash)
 .gnu.hash      0x0000000000000138     0x1258 /usr/lib/gcc/i686-linux-gnu/4.8/../../../i386-linux-gnu/crti.o

.dynsym         0x0000000000001390     0x21a0
 *(.dynsym)
 .dynsym        0x0000000000001390     0x21a0 /usr/lib/gcc/i686-linux-gnu/4.8/../../../i386-linux-gnu/crti.o

.dynstr         0x0000000000003530     0x22a8
 *(.dynstr)
 .dynstr        0x0000000000003530     0x22a8 /usr/lib/gcc/i686-linux-gnu/4.8/../../../i386-linux-gnu/crti.o

.gnu.version    0x00000000000057d8      0x434
 *(.gnu.version)
 .gnu.version   0x00000000000057d8      0x434 /usr/lib/gcc/i686-linux-gnu/4.8/../../../i386-linux-gnu/crti.o

.gnu.version_d  0x0000000000005c0c        0x0
 *(.gnu.version_d)
 .gnu.version_d
                0x0000000000000000        0x0 /usr/lib/gcc/i686-linux-gnu/4.8/../../../i386-linux-gnu/crti.o

.gnu.version_r  0x0000000000005c0c       0x40
 *(.gnu.version_r)
 .gnu.version_r
                0x0000000000005c0c       0x40 /usr/lib/gcc/i686-linux-gnu/4.8/../../../i386-linux-gnu/crti.o

.rel.dyn        0x0000000000005c4c     0x9660
 *(.rel.init)
 .rel.init      0x0000000000000000        0x0 /usr/lib/gcc/i686-linux-gnu/4.8/../../../i386-linux-gnu/crti.o
 *(.rel.text .rel.text.* .rel.gnu.linkonce.t.*)
 .rel.text      0x0000000000005c4c     0x8ee0 /usr/lib/gcc/i686-linux-gnu/4.8/../../../i386-linux-gnu/crti.o
 *(.rel.fini)
 .rel.fini      0x0000000000000000        0x0 /usr/lib/gcc/i686-linux-gnu/4.8/../../../i386-linux-gnu/crti.o
 *(.rel.rodata .rel.rodata.* .rel.gnu.linkonce.r.*)
 .rel.rodata    0x000000000000eb2c      0x4e0 /usr/lib/gcc/i686-linux-gnu/4.8/../../../i386-linux-gnu/crti.o
 *(.rel.data.rel.ro .rel.data.rel.ro.* .rel.gnu.linkonce.d.rel.ro.*)
 *(.rel.data .rel.data.* .rel.gnu.linkonce.d.*)
 .rel.data.rel  0x000000000000f00c        0x8 /usr/lib/gcc/i686-linux-gnu/4.8/../../../i386-linux-gnu/crti.o
 .rel.data      0x000000000000f014      0x260 /usr/lib/gcc/i686-linux-gnu/4.8/../../../i386-linux-gnu/crti.o
 *(.rel.tdata .rel.tdata.* .rel.gnu.linkonce.td.*)
 *(.rel.tbss .rel.tbss.* .rel.gnu.linkonce.tb.*)
 *(.rel.ctors)
 *(.rel.dtors)
 *(.rel.got)
 .rel.got       0x000000000000f274       0x28 /usr/lib/gcc/i686-linux-gnu/4.8/../../../i386-linux-gnu/crti.o
 *(.rel.bss .rel.bss.* .rel.gnu.linkonce.b.*)
 *(.rel.ifunc)
 .rel.ifunc     0x0000000000000000        0x0 /usr/lib/gcc/i686-linux-gnu/4.8/../../../i386-linux-gnu/crti.o
 .rel.fini_array
                0x000000000000f29c        0x8 /usr/lib/gcc/i686-linux-gnu/4.8/../../../i386-linux-gnu/crti.o
 .rel.init_array
                0x000000000000f2a4        0x8 /usr/lib/gcc/i686-linux-gnu/4.8/../../../i386-linux-gnu/crti.o

.rel.plt        0x000000000000f2ac       0x10
 *(.rel.plt)
 .rel.plt       0x000000000000f2ac       0x10 /usr/lib/gcc/i686-linux-gnu/4.8/../../../i386-linux-gnu/crti.o
 *(.rel.iplt)

.init           0x000000000000f2bc       0x23
 *(SORT(.init))
 .init          0x000000000000f2bc       0x1e /usr/lib/gcc/i686-linux-gnu/4.8/../../../i386-linux-gnu/crti.o
                0x000000000000f2bc                _init
 .init          0x000000000000f2da        0x5 /usr/lib/gcc/i686-linux-gnu/4.8/../../../i386-linux-gnu/crtn.o

.plt            0x000000000000f2e0       0x30
 *(.plt)
 .plt           0x000000000000f2e0       0x30 /usr/lib/gcc/i686-linux-gnu/4.8/../../../i386-linux-gnu/crti.o
 *(.iplt)

.text           0x000000000000f310    0x16058
 *(.text.unlikely .text.*_unlikely .text.unlikely.*)
 *(.text.exit .text.exit.*)
 *(.text.startup .text.startup.*)
 *(.text.hot .text.hot.*)
 *(.text .stub .text.* .gnu.linkonce.t.*)
 .text          0x000000000000f310        0x0 /usr/lib/gcc/i686-linux-gnu/4.8/../../../i386-linux-gnu/crti.o
 .gnu.linkonce.t.__x86.get_pc_thunk.bx
                0x000000000000f310        0x4 /usr/lib/gcc/i686-linux-gnu/4.8/../../../i386-linux-gnu/crti.o
                0x000000000000f310                __x86.get_pc_thunk.bx
 *fill*         0x000000000000f314        0xc 
 .text          0x000000000000f320      0x11b /usr/lib/gcc/i686-linux-gnu/4.8/crtbeginS.o
 .text          0x000000000000f43b      0x5a4 udp-client.co
 .text          0x000000000000f9df      0x70e obj_cooja/mtype404.o
                0x000000000000fb15                contiki_init
                0x000000000000ff04                Java_org_contikios_cooja_corecomm_Lib1_init
                0x000000000000ff44                Java_org_contikios_cooja_corecomm_Lib1_getMemory
                0x000000000000ff84                Java_org_contikios_cooja_corecomm_Lib1_setMemory
                0x000000000000fffb                Java_org_contikios_cooja_corecomm_Lib1_tick
                0x00000000000100db                Java_org_contikios_cooja_corecomm_Lib1_setReferenceAddress
 .text          0x00000000000100ed       0x63 obj_cooja/mtype404.a(simEnvChange.o)
                0x00000000000100ed                doActionsBeforeTick
                0x000000000001011e                doActionsAfterTick
 .text          0x0000000000010150       0xbc obj_cooja/mtype404.a(cooja_mt.o)
                0x0000000000010150                cooja_mt_init
                0x000000000001015d                cooja_mt_remove
                0x000000000001016a                cooja_mt_start
                0x0000000000010197                cooja_mt_exec
                0x00000000000101c8                cooja_mt_exit
                0x00000000000101ea                cooja_mt_yield
 .text          0x000000000001020c      0x115 obj_cooja/mtype404.a(cooja_mtarch.o)
                0x000000000001020c                cooja_mtarch_init
                0x0000000000010211                cooja_mtarch_start
                0x000000000001028c                cooja_sw
                0x00000000000102ae                cooja_mtarch_exec
                0x00000000000102ca                cooja_mtarch_remove
                0x00000000000102cf                cooja_mtarch_yield
                0x00000000000102d9                cooja_mtarch_pstop
                0x00000000000102de                cooja_mtarch_pstart
                0x00000000000102e3                cooja_mtarch_stack_usage
 .text          0x0000000000010321       0xc2 obj_cooja/mtype404.a(rtimer-arch.o)
                0x0000000000010321                rtimer_arch_init
                0x0000000000010344                rtimer_arch_schedule
                0x000000000001035b                rtimer_arch_next
                0x0000000000010365                rtimer_arch_pending
                0x000000000001036f                rtimer_arch_check
                0x00000000000103a1                rtimer_arch_now
 .text          0x00000000000103e3       0x76 obj_cooja/mtype404.a(beep.o)
                0x00000000000103e3                beep_alarm
                0x00000000000103ef                beep_beep
                0x00000000000103fb                beep
                0x0000000000010407                beep_down
                0x0000000000010413                beep_on
                0x000000000001041f                beep_off
                0x000000000001042b                beep_spinup
                0x0000000000010437                beep_quick
                0x0000000000010443                beep_long
 .text          0x0000000000010459      0x103 obj_cooja/mtype404.a(button-sensor.o)
 .text          0x000000000001055c       0x45 obj_cooja/mtype404.a(leds-arch.o)
                0x000000000001055c                leds_arch_init
                0x0000000000010568                leds_arch_get
                0x0000000000010574                leds_arch_set
 .text          0x00000000000105a1       0x2f obj_cooja/mtype404.a(moteid.o)
 .text          0x00000000000105d0       0xb1 obj_cooja/mtype404.a(pir-sensor.o)
 .text          0x0000000000010681      0x131 obj_cooja/mtype404.a(rs232.o)
                0x0000000000010681                rs232_init
                0x0000000000010686                rs232_set_speed
                0x0000000000010694                rs232_set_input
                0x00000000000106a1                rs232_send
                0x00000000000106c3                rs232_print
                0x00000000000106de                slip_arch_writeb
 .text          0x00000000000107b2       0xb1 obj_cooja/mtype404.a(vib-sensor.o)
 .text          0x0000000000010863       0x34 obj_cooja/mtype404.a(clock.o)
                0x0000000000010863                clock_init
                0x0000000000010868                clock_time
                0x0000000000010872                clock_seconds
                0x0000000000010888                clock_delay
 .text          0x0000000000010897      0x1ed obj_cooja/mtype404.a(log.o)
                0x0000000000010897                simlog_char
                0x00000000000108d9                simlog
                0x0000000000010946                log_message
                0x000000000001096e                log_set_putchar_with_slip
                0x000000000001097b                log_putchar
                0x00000000000109ff                log_puts
                0x0000000000010a23                log_printf
 .text          0x0000000000010a84      0x2c4 obj_cooja/mtype404.a(cfs-cooja.o)
                0x0000000000010a84                cfs_open
                0x0000000000010aed                cfs_close
                0x0000000000010af9                cfs_read
                0x0000000000010b97                cfs_write
                0x0000000000010c74                cfs_seek
                0x0000000000010cfc                cfs_remove
                0x0000000000010d25                cfs_opendir
                0x0000000000010d2f                cfs_readdir
                0x0000000000010d39                cfs_closedir
 .text          0x0000000000010d48      0x4d0 obj_cooja/mtype404.a(cooja-radio.o)
                0x0000000000010d72                radio_set_channel
                0x0000000000010d87                radio_set_txpower
                0x0000000000010d9e                radio_signal_strength_last
                0x0000000000010da8                radio_signal_strength_current
                0x0000000000010db2                radio_LQI
 .text          0x0000000000011218       0xef obj_cooja/mtype404.a(eeprom.o)
                0x0000000000011218                eeprom_init
                0x000000000001121d                eeprom_read
                0x000000000001128d                eeprom_write
 .text          0x0000000000011307       0x28 obj_cooja/mtype404.a(random.o)
                0x0000000000011307                random_init
                0x0000000000011322                random_rand
 .text          0x000000000001132f      0x2a1 obj_cooja/mtype404.a(sensors.o)
                0x000000000001136a                sensors_first
                0x0000000000011374                sensors_next
                0x0000000000011391                sensors_changed
                0x00000000000113c0                sensors_find
 .text          0x00000000000115d0      0x15d obj_cooja/mtype404.a(dual_conf.o)
                0x00000000000115d0                dual_radio_switch
                0x0000000000011655                dual_radio_change
                0x000000000001168f                sending_in_LR
                0x00000000000116b5                dual_radio_received
                0x00000000000116f7                radio_received_is_longrange
 .text          0x000000000001172d       0x8e obj_cooja/mtype404.a(autostart.o)
                0x000000000001172d                autostart_start
                0x0000000000011778                autostart_exit
 .text          0x00000000000117bb      0x334 obj_cooja/mtype404.a(ctimer.o)
                0x00000000000118d2                ctimer_init
                0x0000000000011902                ctimer_set
                0x0000000000011933                ctimer_set_with_process
                0x00000000000119af                ctimer_reset
                0x00000000000119fe                ctimer_restart
                0x0000000000011a4d                ctimer_stop
                0x0000000000011a98                ctimer_expired
 .text          0x0000000000011aef      0x40b obj_cooja/mtype404.a(etimer.o)
                0x0000000000011d02                etimer_request_poll
                0x0000000000011d86                etimer_set
                0x0000000000011dab                etimer_reset_with_new_interval
                0x0000000000011dd2                etimer_reset
                0x0000000000011df0                etimer_restart
                0x0000000000011e0e                etimer_adjust
                0x0000000000011e2a                etimer_expired
                0x0000000000011e3d                etimer_expiration_time
                0x0000000000011e4f                etimer_start_time
                0x0000000000011e59                etimer_pending
                0x0000000000011e6b                etimer_next_expiration_time
                0x0000000000011e85                etimer_stop
 .text          0x0000000000011efa      0x560 obj_cooja/mtype404.a(process.o)
                0x0000000000011efa                process_alloc_event
                0x0000000000011f0f                process_start
                0x00000000000120f8                process_exit
                0x0000000000012114                process_init
                0x00000000000122e5                process_run
                0x0000000000012318                process_nevents
                0x0000000000012333                process_post
                0x00000000000123df                process_post_synch
                0x0000000000012417                process_poll
                0x0000000000012446                process_is_running
 .text          0x000000000001245a       0xba obj_cooja/mtype404.a(rtimer.o)
                0x000000000001245a                rtimer_init
                0x0000000000012467                rtimer_set
                0x00000000000124be                rtimer_run_next
 .text          0x0000000000012514       0xa3 obj_cooja/mtype404.a(stimer.o)
                0x0000000000012514                stimer_set
                0x000000000001252f                stimer_reset
                0x0000000000012546                stimer_restart
                0x0000000000012558                stimer_expired
                0x000000000001257f                stimer_remaining
                0x00000000000125a3                stimer_elapsed
 .text          0x00000000000125b7       0x91 obj_cooja/mtype404.a(timer.o)
                0x00000000000125b7                timer_set
                0x00000000000125d2                timer_reset
                0x00000000000125e9                timer_restart
                0x00000000000125fb                timer_expired
                0x0000000000012624                timer_remaining
 .text          0x0000000000012648      0x1fb obj_cooja/mtype404.a(serial-line.o)
                0x0000000000012648                serial_line_input_byte
                0x000000000001280b                serial_line_init
 .text          0x0000000000012843      0x244 obj_cooja/mtype404.a(list.o)
                0x0000000000012843                list_init
                0x0000000000012851                list_head
                0x000000000001285b                list_copy
                0x000000000001286a                list_tail
                0x00000000000128a0                list_add
                0x00000000000128e9                list_push
                0x0000000000012915                list_chop
                0x000000000001297f                list_pop
                0x00000000000129a7                list_remove
                0x0000000000012a0e                list_length
                0x0000000000012a3c                list_insert
                0x0000000000012a70                list_item_next
 .text          0x0000000000012a87      0x155 obj_cooja/mtype404.a(ringbuf.o)
                0x0000000000012a87                ringbuf_init
                0x0000000000012ab8                ringbuf_put
                0x0000000000012b36                ringbuf_get
                0x0000000000012ba3                ringbuf_size
                0x0000000000012bb5                ringbuf_elements
 .text          0x0000000000012bdc     0x2c51 obj_cooja/mtype404.a(sicslowpan.o)
                0x00000000000131dc                rime_sniffer_add
                0x00000000000131e9                rime_sniffer_remove
                0x00000000000157cc                sicslowpan_init
                0x0000000000015823                sicslowpan_get_last_rssi
 .text          0x000000000001582d      0x298 obj_cooja/mtype404.a(uip-ds6-nbr.o)
                0x000000000001584a                uip_ds6_neighbors_init
                0x0000000000015867                uip_ds6_nbr_add
                0x00000000000158ef                uip_ds6_nbr_rm
                0x0000000000015931                uip_ds6_nbr_get_ipaddr
                0x0000000000015946                uip_ds6_nbr_get_ll
                0x0000000000015962                uip_ds6_nbr_num
                0x00000000000159a7                uip_ds6_nbr_lookup
                0x0000000000015a0c                uip_ds6_nbr_ll_lookup
                0x0000000000015a28                uip_ds6_nbr_ipaddr_from_lladdr
                0x0000000000015a4e                uip_ds6_nbr_lladdr_from_ipaddr
                0x0000000000015a7c                uip_ds6_link_neighbor_callback
 .text          0x0000000000015ac5      0x916 obj_cooja/mtype404.a(uip-ds6-route.o)
                0x0000000000015b3c                uip_ds6_notification_add
                0x0000000000015b6d                uip_ds6_notification_rm
                0x0000000000015b89                uip_ds6_route_init
                0x0000000000015c11                uip_ds6_route_nexthop
                0x0000000000015c39                uip_ds6_route_head
                0x0000000000015c4e                uip_ds6_route_next
                0x0000000000015c74                uip_ds6_route_is_nexthop
                0x0000000000015cb3                uip_ds6_route_num_routes
                0x0000000000015cbd                uip_ds6_route_lookup
                0x0000000000015d7f                uip_ds6_route_add
                0x0000000000015fb3                uip_ds6_route_rm
                0x0000000000016147                uip_ds6_route_rm_by_nexthop
                0x000000000001617f                uip_ds6_defrt_add
                0x0000000000016230                uip_ds6_defrt_rm
                0x00000000000162af                uip_ds6_defrt_lookup
                0x0000000000016308                uip_ds6_defrt_choose
                0x0000000000016373                uip_ds6_defrt_periodic
 .text          0x00000000000163db      0xb97 obj_cooja/mtype404.a(uip-ds6.o)
                0x00000000000163db                uip_ds6_init
                0x00000000000165ae                uip_ds6_periodic
                0x0000000000016627                uip_ds6_list_loop
                0x00000000000166ce                uip_ds6_prefix_add
                0x000000000001678c                uip_ds6_prefix_rm
                0x000000000001679e                uip_ds6_prefix_lookup
                0x00000000000167ef                uip_ds6_is_addr_onlink
                0x0000000000016863                uip_ds6_addr_add
                0x0000000000016991                uip_ds6_addr_rm
                0x0000000000016a31                uip_ds6_addr_lookup
                0x0000000000016a7c                uip_ds6_get_link_local
                0x0000000000016afb                uip_ds6_get_global
                0x0000000000016b7a                uip_ds6_maddr_add
                0x0000000000016bec                uip_ds6_maddr_rm
                0x0000000000016bfe                uip_ds6_maddr_lookup
                0x0000000000016c49                uip_ds6_aaddr_add
                0x0000000000016cbb                uip_ds6_aaddr_rm
                0x0000000000016ccd                uip_ds6_aaddr_lookup
                0x0000000000016d18                uip_ds6_select_src
                0x0000000000016e5d                uip_ds6_set_addr_iid
                0x0000000000016e94                get_match_length
                0x0000000000016f26                uip_ds6_compute_reachable_time
 .text          0x0000000000016f72     0x296f obj_cooja/mtype404.a(uip6.o)
                0x0000000000016f72                uip_add32
                0x000000000001710b                uip_chksum
                0x00000000000171f9                uip_icmp6chksum
                0x000000000001720d                uip_tcpchksum
                0x0000000000017221                uip_udpchksum
                0x0000000000017235                uip_init
                0x0000000000017305                uip_connect
                0x00000000000174b4                remove_ext_hdr
                0x0000000000017589                uip_udp_new
                0x00000000000176e5                uip_unlisten
                0x0000000000017745                uip_listen
                0x0000000000017a07                uip_process
                0x00000000000197d5                uip_htons
                0x00000000000197f7                uip_htonl
                0x0000000000019837                uip_send
 .text          0x00000000000198e1      0x9bb obj_cooja/mtype404.a(tcpip.o)
                0x00000000000198e1                tcpip_output
                0x000000000001990f                tcpip_set_outputfunc
                0x00000000000199a3                tcp_connect
                0x00000000000199f8                tcp_unlisten
                0x0000000000019a53                tcp_listen
                0x0000000000019aac                tcp_attach
                0x0000000000019ad1                udp_attach
                0x0000000000019af6                udp_new
                0x0000000000019b48                udp_broadcast_new
                0x0000000000019dbc                tcpip_input
                0x0000000000019df0                tcpip_ipv6_output
                0x000000000001a0e2                tcpip_poll_udp
                0x000000000001a105                tcpip_poll_tcp
                0x000000000001a128                tcpip_uipcall
 .text          0x000000000001a29c      0x1c1 obj_cooja/mtype404.a(uip-debug.o)
                0x000000000001a29c                uip_debug_ipaddr_print
                0x000000000001a3fe                uip_debug_lladdr_print
 .text          0x000000000001a45d      0x141 obj_cooja/mtype404.a(uip-packetqueue)
                0x000000000001a489                uip_packetqueue_new
                0x000000000001a497                uip_packetqueue_alloc
                0x000000000001a4f7                uip_packetqueue_free
                0x000000000001a538                uip_packetqueue_buf
                0x000000000001a555                uip_packetqueue_buflen
                0x000000000001a576                uip_packetqueue_set_buflen
 .text          0x000000000001a59e      0x131 obj_cooja/mtype404.a(uip-udp-packet.)
                0x000000000001a59e                uip_udp_packet_send
                0x000000000001a5fe                uip_udp_packet_sendto
 .text          0x000000000001a6cf     0x2ce0 obj_cooja/mtype404.a(rpl-dag.o)
                0x000000000001a6cf                rpl_print_neighbor_list
                0x000000000001a8a4                rpl_get_nbr
                0x000000000001a8fe                rpl_dag_init
                0x000000000001a91b                rpl_get_parent
                0x000000000001a93d                rpl_get_parent_rank
                0x000000000001a970                rpl_get_parent_link_metric
                0x000000000001a9a3                rpl_get_parent_ipaddr
                0x000000000001ad4f                rpl_set_root
                0x000000000001afc3                rpl_repair_root
                0x000000000001b272                rpl_set_prefix
                0x000000000001b395                rpl_set_default_route
                0x000000000001b48a                rpl_alloc_instance
                0x000000000001b51d                rpl_alloc_dag
                0x000000000001b5ce                rpl_set_default_instance
                0x000000000001b5db                rpl_get_default_instance
                0x000000000001b5e5                rpl_free_instance
                0x000000000001b6b1                rpl_free_dag
                0x000000000001b73a                rpl_add_parent
                0x000000000001b84c                rpl_find_parent
                0x000000000001b8a4                rpl_find_parent_any_dag
                0x000000000001b8e0                rpl_select_dag
                0x000000000001bcfd                rpl_select_parent
                0x000000000001bd5f                rpl_remove_parent
                0x000000000001bdb1                rpl_nullify_parent
                0x000000000001bead                rpl_move_parent
                0x000000000001bfb8                rpl_has_downward_route
                0x000000000001c00b                rpl_get_any_dag
                0x000000000001c06d                rpl_get_instance
                0x000000000001c0d0                rpl_find_of
                0x000000000001c10d                rpl_join_instance
                0x000000000001c444                rpl_add_dag
                0x000000000001c915                rpl_local_repair
                0x000000000001c9f1                rpl_recalculate_ranks
                0x000000000001ca9a                rpl_process_parent_event
                0x000000000001ccb0                rpl_process_dio
 .text          0x000000000001d3af      0xbf3 obj_cooja/mtype404.a(rpl-ext-header.)
                0x000000000001d3cc                rpl_verify_header
                0x000000000001d846                rpl_update_header_empty
                0x000000000001db5d                rpl_update_header_final
                0x000000000001dcec                rpl_remove_header
                0x000000000001ddf6                rpl_invert_header
                0x000000000001df80                rpl_insert_header
 .text          0x000000000001dfa2     0x22e1 obj_cooja/mtype404.a(rpl-icmp6.o)
                0x000000000001e201                rpl_icmp6_update_nbr_table
                0x000000000001e3ce                dis_output
                0x000000000001ed10                dio_output
                0x000000000001fdc6                dao_output
                0x000000000001fe8d                dao_output_target
                0x0000000000020237                dao_ack_output
                0x000000000002024b                rpl_icmp6_register_handlers
 .text          0x0000000000020283      0x315 obj_cooja/mtype404.a(rpl-mrhof.o)
 .text          0x0000000000020598      0x97f obj_cooja/mtype404.a(rpl-timers.o)
                0x00000000000208fa                rpl_reset_periodic_timer
                0x000000000002094f                rpl_reset_dio_timer
                0x0000000000020be7                rpl_schedule_dao
                0x0000000000020c02                rpl_schedule_dao_immediately
                0x0000000000020c1d                rpl_cancel_dao
                0x0000000000020c7f                rpl_schedule_unicast_dio_immediately
                0x0000000000020ebf                rpl_schedule_probing
 .text          0x0000000000020f17      0x6e0 obj_cooja/mtype404.a(rpl.o)
                0x0000000000020f17                rpl_get_mode
                0x0000000000020f21                rpl_set_mode
                0x0000000000020fe5                rpl_purge_routes
                0x0000000000021114                rpl_remove_routes
                0x000000000002115a                rpl_remove_routes_by_nexthop
                0x00000000000211c6                rpl_add_route
                0x0000000000021291                rpl_link_neighbor_callback
                0x00000000000213a5                rpl_ipv6_neighbor_callback
                0x0000000000021451                rpl_purge_dags
                0x0000000000021565                rpl_init
 .text          0x00000000000215f7       0x67 obj_cooja/mtype404.a(linkaddr.o)
                0x00000000000215f7                linkaddr_copy
                0x0000000000021619                linkaddr_cmp
                0x0000000000021643                linkaddr_set_node_addr
 .text          0x000000000002165e      0x769 obj_cooja/mtype404.a(nbr-table.o)
                0x0000000000021abd                nbr_table_register
                0x0000000000021b05                nbr_table_head
                0x0000000000021b61                nbr_table_next
                0x0000000000021bc8                nbr_table_add_lladdr
                0x0000000000021ca4                nbr_table_get_from_lladdr
                0x0000000000021cf1                nbr_table_remove
                0x0000000000021d43                nbr_table_lock
                0x0000000000021d6d                nbr_table_unlock
                0x0000000000021d97                nbr_table_get_lladdr
 .text          0x0000000000021dc7       0x2b obj_cooja/mtype404.a(netstack.o)
                0x0000000000021dc7                netstack_init
 .text          0x0000000000021df2      0x3cd obj_cooja/mtype404.a(packetbuf.o)
                0x0000000000021df2                packetbuf_clear
                0x0000000000021e1c                packetbuf_copyfrom
                0x0000000000021e6e                packetbuf_compact
                0x0000000000021eeb                packetbuf_copyto
                0x0000000000021f82                packetbuf_hdralloc
                0x0000000000021fff                packetbuf_hdrreduce
                0x0000000000022047                packetbuf_set_datalen
                0x0000000000022060                packetbuf_dataptr
                0x000000000002207d                packetbuf_hdrptr
                0x0000000000022087                packetbuf_datalen
                0x0000000000022093                packetbuf_hdrlen
                0x00000000000220aa                packetbuf_totlen
                0x00000000000220c0                packetbuf_attr_clear
                0x0000000000022112                packetbuf_attr_copyto
                0x000000000002215b                packetbuf_attr_copyfrom
                0x00000000000221a3                packetbuf_holds_broadcast
 .text          0x00000000000221bf      0x2b4 obj_cooja/mtype404.a(queuebuf.o)
                0x00000000000221c9                queuebuf_init
                0x00000000000221e9                queuebuf_numfree
                0x00000000000221fd                queuebuf_new_from_packetbuf
                0x000000000002228d                queuebuf_update_attr_from_packetbuf
                0x00000000000222c0                queuebuf_update_from_packetbuf
                0x000000000002230a                queuebuf_free
                0x0000000000022351                queuebuf_to_packetbuf
                0x00000000000223b7                queuebuf_dataptr
                0x00000000000223ee                queuebuf_datalen
                0x0000000000022411                queuebuf_addr
                0x0000000000022443                queuebuf_attr
                0x000000000002246e                queuebuf_debug_print
 .text          0x0000000000022473      0x831 obj_cooja/mtype404.a(csma.o)
 .text          0x0000000000022ca4      0x3ed obj_cooja/mtype404.a(framer-802154.o)
 .text          0x0000000000023091       0x3c obj_cooja/mtype404.a(mac.o)
                0x0000000000023091                mac_call_sent_callback
 .text          0x00000000000230cd      0x41b obj_cooja/mtype404.a(nullrdc.o)
 .text          0x00000000000234e8       0x6e obj_cooja/mtype404.a(nullsec.o)
 .text          0x0000000000023556       0x19 obj_cooja/mtype404.a(watchdog.o)
                0x0000000000023556                watchdog_init
                0x000000000002355b                watchdog_start
                0x0000000000023560                watchdog_periodic
                0x0000000000023565                watchdog_stop
                0x000000000002356a                watchdog_reboot
 .text          0x000000000002356f        0x0 obj_cooja/mtype404.a(rimestats.o)
 .text          0x000000000002356f      0x1c1 obj_cooja/mtype404.a(memb.o)
                0x000000000002356f                memb_init
                0x00000000000235cd                memb_alloc
                0x0000000000023632                memb_free
                0x00000000000236ad                memb_inmemb
                0x00000000000236ec                memb_numfree
 .text          0x0000000000023730      0xab2 obj_cooja/mtype404.a(uip-icmp6.o)
                0x000000000002379e                uip_icmp6_input
                0x00000000000237f4                uip_icmp6_register_input_handler
                0x0000000000023abc                uip_icmp6_error_output
                0x0000000000023e01                uip_icmp6_send
                0x0000000000024175                uip_icmp6_echo_reply_callback_add
                0x00000000000241a6                uip_icmp6_echo_reply_callback_rm
                0x00000000000241c2                uip_icmp6_init
 .text          0x00000000000241e2      0x358 obj_cooja/mtype404.a(uip-nd6.o)
                0x0000000000024236                uip_nd6_ns_output
                0x0000000000024535                uip_nd6_init
 .text          0x000000000002453a      0x331 obj_cooja/mtype404.a(rpl-nbr-policy.)
                0x0000000000024712                find_removable_dis
                0x0000000000024735                find_removable_dio
                0x00000000000247c4                find_removable_dao
                0x0000000000024814                rpl_nbr_policy_find_removable
 .text          0x000000000002486b      0x97c obj_cooja/mtype404.a(frame802154.o)
                0x000000000002489c                frame802154_get_pan_id
                0x00000000000248a8                frame802154_set_pan_id
                0x00000000000248c1                frame802154_has_panid
                0x00000000000249ad                frame802154_check_dest_panid
                0x0000000000024a15                frame802154_is_broadcast_addr
                0x0000000000024a62                frame802154_extract_linkaddr
                0x0000000000024ca2                frame802154_hdrlen
                0x0000000000024cf3                frame802154_create
                0x0000000000024ede                frame802154_parse
 .text          0x00000000000251e7      0x181 obj_cooja/mtype404.a(mac-sequence.o)
                0x000000000002521e                mac_sequence_is_duplicate
                0x00000000000252a1                mac_sequence_register_seqno
 .text          0x0000000000025368        0x0 /usr/lib/gcc/i686-linux-gnu/4.8/crtendS.o
 .text          0x0000000000025368        0x0 /usr/lib/gcc/i686-linux-gnu/4.8/../../../i386-linux-gnu/crtn.o
 *(.gnu.warning)

.fini           0x0000000000025368       0x14
 *(SORT(.fini))
 .fini          0x0000000000025368        0xf /usr/lib/gcc/i686-linux-gnu/4.8/../../../i386-linux-gnu/crti.o
                0x0000000000025368                _fini
 .fini          0x0000000000025377        0x5 /usr/lib/gcc/i686-linux-gnu/4.8/../../../i386-linux-gnu/crtn.o
                0x000000000002537c                PROVIDE (__etext, .)
                0x000000000002537c                PROVIDE (_etext, .)
                0x000000000002537c                PROVIDE (etext, .)

.rodata         0x0000000000025380     0x2a18
 *(.rodata .rodata.* .gnu.linkonce.r.*)
 .rodata        0x0000000000025380      0x17e udp-client.co
                0x0000000000025394                autostart_processes
 *fill*         0x00000000000254fe        0x2 
 .rodata        0x0000000000025500      0x123 obj_cooja/mtype404.o
 *fill*         0x0000000000025623        0x1 
 .rodata        0x0000000000025624        0x8 obj_cooja/mtype404.a(beep.o)
                0x0000000000025624                beep_interface
 .rodata        0x000000000002562c       0x20 obj_cooja/mtype404.a(button-sensor.o)
                0x000000000002562c                button_interface
                0x000000000002563c                button_sensor
 .rodata        0x000000000002564c        0x8 obj_cooja/mtype404.a(leds-arch.o)
                0x000000000002564c                leds_interface
 .rodata        0x0000000000025654        0x8 obj_cooja/mtype404.a(moteid.o)
                0x0000000000025654                moteid_interface
 .rodata        0x000000000002565c       0x1c obj_cooja/mtype404.a(pir-sensor.o)
                0x000000000002565c                pir_interface
                0x0000000000025668                pir_sensor
 .rodata        0x0000000000025678        0xe obj_cooja/mtype404.a(rs232.o)
                0x0000000000025678                rs232_interface
 *fill*         0x0000000000025686        0x2 
 .rodata        0x0000000000025688       0x24 obj_cooja/mtype404.a(vib-sensor.o)
                0x0000000000025688                vib_interface
                0x000000000002569c                vib_sensor
 .rodata        0x00000000000256ac        0x8 obj_cooja/mtype404.a(clock.o)
                0x00000000000256ac                clock_interface
 .rodata        0x00000000000256b4        0x8 obj_cooja/mtype404.a(log.o)
                0x00000000000256b4                simlog_interface
 .rodata        0x00000000000256bc       0x2f obj_cooja/mtype404.a(cfs-cooja.o)
                0x00000000000256bc                cfs_interface
 *fill*         0x00000000000256eb       0x15 
 .rodata        0x0000000000025700       0x60 obj_cooja/mtype404.a(cooja-radio.o)
                0x0000000000025720                cooja_radio_driver
                0x0000000000025758                radio_interface
 .rodata        0x0000000000025760        0x8 obj_cooja/mtype404.a(eeprom.o)
                0x0000000000025760                eeprom_interface
 .rodata        0x0000000000025768        0x8 obj_cooja/mtype404.a(sensors.o)
 .rodata        0x0000000000025770      0x132 obj_cooja/mtype404.a(dual_conf.o)
 .rodata        0x00000000000258a2        0xf obj_cooja/mtype404.a(ctimer.o)
 .rodata        0x00000000000258b1        0xc obj_cooja/mtype404.a(etimer.o)
 .rodata        0x00000000000258bd        0xe obj_cooja/mtype404.a(serial-line.o)
 *fill*         0x00000000000258cb        0x1 
 .rodata        0x00000000000258cc      0x8cc obj_cooja/mtype404.a(sicslowpan.o)
                0x00000000000259a5                unc_llconf
                0x00000000000259a9                unc_ctxconf
                0x00000000000259ad                unc_mxconf
                0x00000000000259b1                llprefix
                0x000000000002618c                sicslowpan_driver
 .rodata        0x0000000000026198      0x13c obj_cooja/mtype404.a(uip6.o)
 .rodata        0x00000000000262d4       0x9a obj_cooja/mtype404.a(tcpip.o)
 .rodata        0x000000000002636e       0x3e obj_cooja/mtype404.a(uip-debug.o)
 .rodata        0x00000000000263ac      0xc0b obj_cooja/mtype404.a(rpl-dag.o)
 *fill*         0x0000000000026fb7        0x1 
 .rodata        0x0000000000026fb8      0x8a4 obj_cooja/mtype404.a(rpl-icmp6.o)
 .rodata        0x000000000002785c       0x6f obj_cooja/mtype404.a(rpl-mrhof.o)
 *fill*         0x00000000000278cb        0x1 
 .rodata        0x00000000000278cc      0x260 obj_cooja/mtype404.a(rpl-timers.o)
 .rodata        0x0000000000027b2c      0x1be obj_cooja/mtype404.a(rpl.o)
 .rodata        0x0000000000027cea        0x8 obj_cooja/mtype404.a(linkaddr.o)
                0x0000000000027cea                linkaddr_null
 *fill*         0x0000000000027cf2        0x2 
 .rodata        0x0000000000027cf4       0x24 obj_cooja/mtype404.a(csma.o)
                0x0000000000027cfc                csma_driver
 .rodata        0x0000000000027d18        0xc obj_cooja/mtype404.a(framer-802154.o)
                0x0000000000027d18                framer_802154
 *fill*         0x0000000000027d24       0x1c 
 .rodata        0x0000000000027d40       0x40 obj_cooja/mtype404.a(nullrdc.o)
                0x0000000000027d60                nullrdc_driver
 .rodata        0x0000000000027d80       0x18 obj_cooja/mtype404.a(nullsec.o)
                0x0000000000027d88                nullsec_driver

.rodata1
 *(.rodata1)

.eh_frame_hdr   0x0000000000027d98     0x12c4
 *(.eh_frame_hdr)
 .eh_frame_hdr  0x0000000000027d98     0x12c4 udp-client.co

.eh_frame       0x000000000002905c     0x4c80
 *(.eh_frame)
 .eh_frame      0x000000000002905c       0x3c /usr/lib/gcc/i686-linux-gnu/4.8/../../../i386-linux-gnu/crti.o
                                         0x40 (size before relaxing)
 .eh_frame      0x0000000000029098       0xa8 udp-client.co
                                         0xc0 (size before relaxing)
 .eh_frame      0x0000000000029140      0x148 obj_cooja/mtype404.o
                                        0x160 (size before relaxing)
 .eh_frame      0x0000000000029288       0x40 obj_cooja/mtype404.a(simEnvChange.o)
                                         0x58 (size before relaxing)
 .eh_frame      0x00000000000292c8       0xc0 obj_cooja/mtype404.a(cooja_mt.o)
                                         0xd8 (size before relaxing)
 .eh_frame      0x0000000000029388      0x120 obj_cooja/mtype404.a(cooja_mtarch.o)
                                        0x138 (size before relaxing)
 .eh_frame      0x00000000000294a8       0xc0 obj_cooja/mtype404.a(rtimer-arch.o)
                                         0xd8 (size before relaxing)
 .eh_frame      0x0000000000029568      0x160 obj_cooja/mtype404.a(beep.o)
                                        0x178 (size before relaxing)
 .eh_frame      0x00000000000296c8       0xa0 obj_cooja/mtype404.a(button-sensor.o)
                                         0xb8 (size before relaxing)
 .eh_frame      0x0000000000029768       0xa0 obj_cooja/mtype404.a(leds-arch.o)
                                         0xb8 (size before relaxing)
 .eh_frame      0x0000000000029808       0x40 obj_cooja/mtype404.a(moteid.o)
                                         0x58 (size before relaxing)
 .eh_frame      0x0000000000029848       0xa0 obj_cooja/mtype404.a(pir-sensor.o)
                                         0xb8 (size before relaxing)
 .eh_frame      0x00000000000298e8      0x100 obj_cooja/mtype404.a(rs232.o)
                                        0x118 (size before relaxing)
 .eh_frame      0x00000000000299e8       0xa0 obj_cooja/mtype404.a(vib-sensor.o)
                                         0xb8 (size before relaxing)
 .eh_frame      0x0000000000029a88       0xc0 obj_cooja/mtype404.a(clock.o)
                                         0xd8 (size before relaxing)
 .eh_frame      0x0000000000029b48      0x120 obj_cooja/mtype404.a(log.o)
                                        0x138 (size before relaxing)
 .eh_frame      0x0000000000029c68      0x160 obj_cooja/mtype404.a(cfs-cooja.o)
                                        0x178 (size before relaxing)
 .eh_frame      0x0000000000029dc8      0x2e0 obj_cooja/mtype404.a(cooja-radio.o)
                                        0x2f8 (size before relaxing)
 .eh_frame      0x000000000002a0a8       0xa0 obj_cooja/mtype404.a(eeprom.o)
                                         0xb8 (size before relaxing)
 .eh_frame      0x000000000002a148       0x40 obj_cooja/mtype404.a(random.o)
                                         0x58 (size before relaxing)
 .eh_frame      0x000000000002a188       0xc0 obj_cooja/mtype404.a(sensors.o)
                                         0xd8 (size before relaxing)
 .eh_frame      0x000000000002a248       0xa0 obj_cooja/mtype404.a(dual_conf.o)
                                         0xb8 (size before relaxing)
 .eh_frame      0x000000000002a2e8       0x40 obj_cooja/mtype404.a(autostart.o)
                                         0x58 (size before relaxing)
 .eh_frame      0x000000000002a328      0x100 obj_cooja/mtype404.a(ctimer.o)
                                        0x118 (size before relaxing)
 .eh_frame      0x000000000002a428      0x1e0 obj_cooja/mtype404.a(etimer.o)
                                        0x1f8 (size before relaxing)
 .eh_frame      0x000000000002a608      0x1c8 obj_cooja/mtype404.a(process.o)
                                        0x1e0 (size before relaxing)
 .eh_frame      0x000000000002a7d0       0x60 obj_cooja/mtype404.a(rtimer.o)
                                         0x78 (size before relaxing)
 .eh_frame      0x000000000002a830       0xc4 obj_cooja/mtype404.a(stimer.o)
                                         0xdc (size before relaxing)
 .eh_frame      0x000000000002a8f4       0xa4 obj_cooja/mtype404.a(timer.o)
                                         0xbc (size before relaxing)
 .eh_frame      0x000000000002a998       0x60 obj_cooja/mtype404.a(serial-line.o)
                                         0x78 (size before relaxing)
 .eh_frame      0x000000000002a9f8      0x180 obj_cooja/mtype404.a(list.o)
                                        0x198 (size before relaxing)
 .eh_frame      0x000000000002ab78       0xa0 obj_cooja/mtype404.a(ringbuf.o)
                                         0xb8 (size before relaxing)
 .eh_frame      0x000000000002ac18      0x350 obj_cooja/mtype404.a(sicslowpan.o)
                                        0x368 (size before relaxing)
 .eh_frame      0x000000000002af68      0x180 obj_cooja/mtype404.a(uip-ds6-nbr.o)
                                        0x198 (size before relaxing)
 .eh_frame      0x000000000002b0e8      0x2a0 obj_cooja/mtype404.a(uip-ds6-route.o)
                                        0x2b8 (size before relaxing)
 .eh_frame      0x000000000002b388      0x2c8 obj_cooja/mtype404.a(uip-ds6.o)
                                        0x2e0 (size before relaxing)
 .eh_frame      0x000000000002b650      0x27c obj_cooja/mtype404.a(uip6.o)
                                        0x294 (size before relaxing)
 .eh_frame      0x000000000002b8cc      0x270 obj_cooja/mtype404.a(tcpip.o)
                                        0x288 (size before relaxing)
 .eh_frame      0x000000000002bb3c       0x48 obj_cooja/mtype404.a(uip-debug.o)
                                         0x60 (size before relaxing)
 .eh_frame      0x000000000002bb84       0xe0 obj_cooja/mtype404.a(uip-packetqueue)
                                         0xf8 (size before relaxing)
 .eh_frame      0x000000000002bc64       0x40 obj_cooja/mtype404.a(uip-udp-packet.)
                                         0x58 (size before relaxing)
 .eh_frame      0x000000000002bca4      0x674 obj_cooja/mtype404.a(rpl-dag.o)
                                        0x68c (size before relaxing)
 .eh_frame      0x000000000002c318      0x10c obj_cooja/mtype404.a(rpl-ext-header.)
                                        0x124 (size before relaxing)
 .eh_frame      0x000000000002c424      0x288 obj_cooja/mtype404.a(rpl-icmp6.o)
                                        0x2a0 (size before relaxing)
 .eh_frame      0x000000000002c6ac       0xe4 obj_cooja/mtype404.a(rpl-mrhof.o)
                                         0xfc (size before relaxing)
 .eh_frame      0x000000000002c790      0x210 obj_cooja/mtype404.a(rpl-timers.o)
                                        0x228 (size before relaxing)
 .eh_frame      0x000000000002c9a0      0x140 obj_cooja/mtype404.a(rpl.o)
                                        0x158 (size before relaxing)
 .eh_frame      0x000000000002cae0       0x60 obj_cooja/mtype404.a(linkaddr.o)
                                         0x78 (size before relaxing)
 .eh_frame      0x000000000002cb40      0x26c obj_cooja/mtype404.a(nbr-table.o)
                                        0x284 (size before relaxing)
 .eh_frame      0x000000000002cdac       0x20 obj_cooja/mtype404.a(netstack.o)
                                         0x38 (size before relaxing)
 .eh_frame      0x000000000002cdcc      0x214 obj_cooja/mtype404.a(packetbuf.o)
                                        0x22c (size before relaxing)
 .eh_frame      0x000000000002cfe0      0x1a0 obj_cooja/mtype404.a(queuebuf.o)
                                        0x1b8 (size before relaxing)
 .eh_frame      0x000000000002d180      0x28c obj_cooja/mtype404.a(csma.o)
                                        0x2a4 (size before relaxing)
 .eh_frame      0x000000000002d40c      0x108 obj_cooja/mtype404.a(framer-802154.o)
                                        0x120 (size before relaxing)
 .eh_frame      0x000000000002d514       0x20 obj_cooja/mtype404.a(mac.o)
                                         0x38 (size before relaxing)
 .eh_frame      0x000000000002d534      0x16c obj_cooja/mtype404.a(nullrdc.o)
                                        0x184 (size before relaxing)
 .eh_frame      0x000000000002d6a0       0x80 obj_cooja/mtype404.a(nullsec.o)
                                         0x98 (size before relaxing)
 .eh_frame      0x000000000002d720       0xa0 obj_cooja/mtype404.a(watchdog.o)
                                         0xb8 (size before relaxing)
 .eh_frame      0x000000000002d7c0       0xa0 obj_cooja/mtype404.a(memb.o)
                                         0xb8 (size before relaxing)
 .eh_frame      0x000000000002d860      0x164 obj_cooja/mtype404.a(uip-icmp6.o)
                                        0x17c (size before relaxing)
 .eh_frame      0x000000000002d9c4       0x68 obj_cooja/mtype404.a(uip-nd6.o)
                                         0x80 (size before relaxing)
 .eh_frame      0x000000000002da2c       0xc0 obj_cooja/mtype404.a(rpl-nbr-policy.)
                                         0xd8 (size before relaxing)
 .eh_frame      0x000000000002daec      0x164 obj_cooja/mtype404.a(frame802154.o)
                                        0x17c (size before relaxing)
 .eh_frame      0x000000000002dc50       0x88 obj_cooja/mtype404.a(mac-sequence.o)
                                         0xa0 (size before relaxing)
 .eh_frame      0x000000000002dcd8        0x4 /usr/lib/gcc/i686-linux-gnu/4.8/crtendS.o

.gcc_except_table
 *(.gcc_except_table .gcc_except_table.*)

.exception_ranges
 *(.exception_ranges .exception_ranges*)
                0x000000000002dcdc                . = (ALIGN (0x1000) - ((0x1000 - .) & 0xfff))
                0x000000000002eef8                . = DATA_SEGMENT_ALIGN (0x1000, 0x1000)

.eh_frame
 *(.eh_frame)

.gcc_except_table
 *(.gcc_except_table .gcc_except_table.*)

.exception_ranges
 *(.exception_ranges .exception_ranges*)

.tdata
 *(.tdata .tdata.* .gnu.linkonce.td.*)

.tbss
 *(.tbss .tbss.* .gnu.linkonce.tb.*)
 *(.tcommon)

.preinit_array
 *(.preinit_array)

.init_array     0x000000000002eef8        0x4
 *(SORT(.init_array.*) SORT(.ctors.*))
 *(.init_array EXCLUDE_FILE(*crtend?.o *crtend.o *crtbegin?.o *crtbegin.o) .ctors)
 .init_array    0x000000000002eef8        0x4 /usr/lib/gcc/i686-linux-gnu/4.8/crtbeginS.o

.fini_array     0x000000000002eefc        0x4
 *(SORT(.fini_array.*) SORT(.dtors.*))
 *(.fini_array EXCLUDE_FILE(*crtend?.o *crtend.o *crtbegin?.o *crtbegin.o) .dtors)
 .fini_array    0x000000000002eefc        0x4 /usr/lib/gcc/i686-linux-gnu/4.8/crtbeginS.o

.ctors
 *crtbegin.o(.ctors)
 *crtbegin?.o(.ctors)
 *(EXCLUDE_FILE(*crtend?.o *crtend.o) .ctors)
 *(SORT(.ctors.*))
 *(.ctors)

.dtors
 *crtbegin.o(.dtors)
 *crtbegin?.o(.dtors)
 *(EXCLUDE_FILE(*crtend?.o *crtend.o) .dtors)
 *(SORT(.dtors.*))
 *(.dtors)

.jcr            0x000000000002ef00        0x4
 *(.jcr)
 .jcr           0x000000000002ef00        0x0 /usr/lib/gcc/i686-linux-gnu/4.8/crtbeginS.o
 .jcr           0x000000000002ef00        0x4 /usr/lib/gcc/i686-linux-gnu/4.8/crtendS.o

.data.rel.ro
 *(.data.rel.ro.local* .gnu.linkonce.d.rel.ro.local.*)
 *(.data.rel.ro .data.rel.ro.* .gnu.linkonce.d.rel.ro.*)

.dynamic        0x000000000002ef04       0xe8
 *(.dynamic)
 .dynamic       0x000000000002ef04       0xe8 /usr/lib/gcc/i686-linux-gnu/4.8/../../../i386-linux-gnu/crti.o
                0x000000000002ef04                _DYNAMIC

.got            0x000000000002efec       0x14
 *(.got)
 .got           0x000000000002efec       0x14 /usr/lib/gcc/i686-linux-gnu/4.8/../../../i386-linux-gnu/crti.o
 *(.igot)
                0x000000000002fff4                . = DATA_SEGMENT_RELRO_END (., (SIZEOF (.got.plt) >= 0xc)?0xc:0x0)

.got.plt        0x000000000002f000       0x14
 *(.got.plt)
 .got.plt       0x000000000002f000       0x14 /usr/lib/gcc/i686-linux-gnu/4.8/../../../i386-linux-gnu/crti.o
                0x000000000002f000                _GLOBAL_OFFSET_TABLE_
 *(.igot.plt)

.data           0x000000000002f020      0x226
 *(.data .data.* .gnu.linkonce.d.*)
 .data          0x000000000002f020        0x0 /usr/lib/gcc/i686-linux-gnu/4.8/../../../i386-linux-gnu/crti.o
 .data          0x000000000002f020        0x0 /usr/lib/gcc/i686-linux-gnu/4.8/crtbeginS.o
 .data.rel      0x000000000002f020        0x4 /usr/lib/gcc/i686-linux-gnu/4.8/crtbeginS.o
                0x000000000002f020                __dso_handle
 .data          0x000000000002f024       0x10 udp-client.co
                0x000000000002f024                udp_client_process
 *fill*         0x000000000002f034        0xc 
 .data          0x000000000002f040       0x44 obj_cooja/mtype404.o
                0x000000000002f040                simInterfaces
                0x000000000002f074                sensors
 .data          0x000000000002f084        0x0 obj_cooja/mtype404.a(simEnvChange.o)
 .data          0x000000000002f084        0x0 obj_cooja/mtype404.a(cooja_mt.o)
 .data          0x000000000002f084        0x0 obj_cooja/mtype404.a(cooja_mtarch.o)
 .data          0x000000000002f084        0x0 obj_cooja/mtype404.a(rtimer-arch.o)
 .data          0x000000000002f084        0x0 obj_cooja/mtype404.a(beep.o)
 .data          0x000000000002f084        0x0 obj_cooja/mtype404.a(button-sensor.o)
 .data          0x000000000002f084        0x0 obj_cooja/mtype404.a(leds-arch.o)
 .data          0x000000000002f084        0x0 obj_cooja/mtype404.a(moteid.o)
 .data          0x000000000002f084        0x0 obj_cooja/mtype404.a(pir-sensor.o)
 .data          0x000000000002f084        0x0 obj_cooja/mtype404.a(rs232.o)
 .data          0x000000000002f084        0x0 obj_cooja/mtype404.a(vib-sensor.o)
 .data          0x000000000002f084        0x0 obj_cooja/mtype404.a(clock.o)
 .data          0x000000000002f084        0x0 obj_cooja/mtype404.a(log.o)
 .data          0x000000000002f084        0x0 obj_cooja/mtype404.a(cfs-cooja.o)
 .data          0x000000000002f084       0x2c obj_cooja/mtype404.a(cooja-radio.o)
                0x000000000002f084                simRadioHWOn
                0x000000000002f088                simSignalStrength
                0x000000000002f08c                simLastSignalStrength
                0x000000000002f090                simPower
                0x000000000002f094                simRadioChannel
                0x000000000002f098                simRadioChannelLR
                0x000000000002f09c                simLQI
                0x000000000002f0a0                cooja_radio_process
 .data          0x000000000002f0b0        0x0 obj_cooja/mtype404.a(eeprom.o)
 .data          0x000000000002f0b0        0x0 obj_cooja/mtype404.a(random.o)
 .data          0x000000000002f0b0       0x10 obj_cooja/mtype404.a(sensors.o)
                0x000000000002f0b0                sensors_process
 .data          0x000000000002f0c0        0x4 obj_cooja/mtype404.a(dual_conf.o)
                0x000000000002f0c0                radio_received
 .data          0x000000000002f0c4        0x0 obj_cooja/mtype404.a(autostart.o)
 .data          0x000000000002f0c4       0x14 obj_cooja/mtype404.a(ctimer.o)
                0x000000000002f0c8                ctimer_process
 .data          0x000000000002f0d8       0x10 obj_cooja/mtype404.a(etimer.o)
                0x000000000002f0d8                etimer_process
 .data          0x000000000002f0e8        0x0 obj_cooja/mtype404.a(process.o)
 .data          0x000000000002f0e8        0x0 obj_cooja/mtype404.a(rtimer.o)
 .data          0x000000000002f0e8        0x0 obj_cooja/mtype404.a(stimer.o)
 .data          0x000000000002f0e8        0x0 obj_cooja/mtype404.a(timer.o)
 .data          0x000000000002f0e8       0x10 obj_cooja/mtype404.a(serial-line.o)
                0x000000000002f0e8                serial_line_process
 .data          0x000000000002f0f8        0x0 obj_cooja/mtype404.a(list.o)
 .data          0x000000000002f0f8        0x0 obj_cooja/mtype404.a(ringbuf.o)
 .data          0x000000000002f0f8        0x0 obj_cooja/mtype404.a(sicslowpan.o)
 .data          0x000000000002f0f8       0x14 obj_cooja/mtype404.a(uip-ds6-nbr.o)
                0x000000000002f108                ds6_neighbors
 .data          0x000000000002f10c       0x44 obj_cooja/mtype404.a(uip-ds6-route.o)
                0x000000000002f11c                nbr_routes
 .data          0x000000000002f150        0x0 obj_cooja/mtype404.a(uip-ds6.o)
 .data          0x000000000002f150        0x0 obj_cooja/mtype404.a(uip6.o)
 .data          0x000000000002f150       0x10 obj_cooja/mtype404.a(tcpip.o)
                0x000000000002f150                tcpip_process
 .data          0x000000000002f160        0x0 obj_cooja/mtype404.a(uip-debug.o)
 .data          0x000000000002f160        0xc obj_cooja/mtype404.a(uip-packetqueue)
 .data          0x000000000002f16c        0x0 obj_cooja/mtype404.a(uip-udp-packet.)
 .data          0x000000000002f16c       0x14 obj_cooja/mtype404.a(rpl-dag.o)
                0x000000000002f17c                rpl_parents
 .data          0x000000000002f180        0x0 obj_cooja/mtype404.a(rpl-ext-header.)
 .data          0x000000000002f180       0x34 obj_cooja/mtype404.a(rpl-icmp6.o)
 .data          0x000000000002f1b4       0x1c obj_cooja/mtype404.a(rpl-mrhof.o)
                0x000000000002f1b4                rpl_mrhof
 .data          0x000000000002f1d0        0x0 obj_cooja/mtype404.a(rpl-timers.o)
 .data          0x000000000002f1d0        0x0 obj_cooja/mtype404.a(rpl.o)
 .data          0x000000000002f1d0        0x0 obj_cooja/mtype404.a(linkaddr.o)
 .data          0x000000000002f1d0       0x10 obj_cooja/mtype404.a(nbr-table.o)
 .data          0x000000000002f1e0        0x0 obj_cooja/mtype404.a(netstack.o)
 .data          0x000000000002f1e0        0x4 obj_cooja/mtype404.a(packetbuf.o)
 .data          0x000000000002f1e4       0x18 obj_cooja/mtype404.a(queuebuf.o)
 .data          0x000000000002f1fc       0x28 obj_cooja/mtype404.a(csma.o)
 .data          0x000000000002f224        0x0 obj_cooja/mtype404.a(framer-802154.o)
 .data          0x000000000002f224        0x0 obj_cooja/mtype404.a(mac.o)
 .data          0x000000000002f224        0x0 obj_cooja/mtype404.a(nullrdc.o)
 .data          0x000000000002f224        0x0 obj_cooja/mtype404.a(nullsec.o)
 .data          0x000000000002f224        0x0 obj_cooja/mtype404.a(watchdog.o)
 .data          0x000000000002f224        0x0 obj_cooja/mtype404.a(rimestats.o)
 .data          0x000000000002f224        0x0 obj_cooja/mtype404.a(memb.o)
 .data          0x000000000002f224       0x20 obj_cooja/mtype404.a(uip-icmp6.o)
 .data          0x000000000002f244        0x0 obj_cooja/mtype404.a(uip-nd6.o)
 .data          0x000000000002f244        0x0 obj_cooja/mtype404.a(rpl-nbr-policy.)
 .data          0x000000000002f244        0x2 obj_cooja/mtype404.a(frame802154.o)
 .data          0x000000000002f246        0x0 obj_cooja/mtype404.a(mac-sequence.o)
 .data          0x000000000002f246        0x0 /usr/lib/gcc/i686-linux-gnu/4.8/crtendS.o
 .data          0x000000000002f246        0x0 /usr/lib/gcc/i686-linux-gnu/4.8/../../../i386-linux-gnu/crtn.o

.tm_clone_table
                0x000000000002f248        0x0
 .tm_clone_table
                0x000000000002f248        0x0 /usr/lib/gcc/i686-linux-gnu/4.8/crtbeginS.o
 .tm_clone_table
                0x000000000002f248        0x0 /usr/lib/gcc/i686-linux-gnu/4.8/crtendS.o

.data1
 *(.data1)
                0x000000000002f248                _edata = .
                0x000000000002f248                PROVIDE (edata, .)
                0x000000000002f248                . = .
                0x000000000002f248                __bss_start = .

.bss            0x000000000002f260     0x8148
 *(.dynbss)
 .dynbss        0x0000000000000000        0x0 /usr/lib/gcc/i686-linux-gnu/4.8/../../../i386-linux-gnu/crti.o
 *(.bss .bss.* .gnu.linkonce.b.*)
 .bss           0x000000000002f260        0x0 /usr/lib/gcc/i686-linux-gnu/4.8/../../../i386-linux-gnu/crti.o
 .bss           0x000000000002f260        0x1 /usr/lib/gcc/i686-linux-gnu/4.8/crtbeginS.o
 *fill*         0x000000000002f261       0x1f 
 .bss           0x000000000002f280       0x60 udp-client.co
 .bss           0x000000000002f2e0     0x2030 obj_cooja/mtype404.o
 .bss           0x0000000000031310        0x1 obj_cooja/mtype404.a(simEnvChange.o)
                0x0000000000031310                simDontFallAsleep
 *fill*         0x0000000000031311        0x3 
 .bss           0x0000000000031314        0x4 obj_cooja/mtype404.a(cooja_mt.o)
 .bss           0x0000000000031318        0x4 obj_cooja/mtype404.a(cooja_mtarch.o)
 .bss           0x000000000003131c        0xc obj_cooja/mtype404.a(rtimer-arch.o)
 .bss           0x0000000000031328        0x0 obj_cooja/mtype404.a(beep.o)
 .bss           0x0000000000031328        0x8 obj_cooja/mtype404.a(button-sensor.o)
 .bss           0x0000000000031330        0x0 obj_cooja/mtype404.a(leds-arch.o)
 .bss           0x0000000000031330        0x0 obj_cooja/mtype404.a(moteid.o)
 .bss           0x0000000000031330        0x1 obj_cooja/mtype404.a(pir-sensor.o)
                0x0000000000031330                simPirValue
 *fill*         0x0000000000031331        0x3 
 .bss           0x0000000000031334        0x4 obj_cooja/mtype404.a(rs232.o)
 .bss           0x0000000000031338        0x1 obj_cooja/mtype404.a(vib-sensor.o)
                0x0000000000031338                simVibValue
 .bss           0x0000000000031339        0x0 obj_cooja/mtype404.a(clock.o)
 *fill*         0x0000000000031339        0x7 
 .bss           0x0000000000031340      0x420 obj_cooja/mtype404.a(log.o)
 .bss           0x0000000000031760      0xfc0 obj_cooja/mtype404.a(cfs-cooja.o)
                0x0000000000031760                simCFSData
                0x0000000000032700                simCFSSize
                0x0000000000032704                simCFSChanged
                0x0000000000032708                simCFSRead
                0x000000000003270c                simCFSWritten
 .bss           0x0000000000032720       0x20 obj_cooja/mtype404.a(cooja-radio.o)
                0x0000000000032720                simReceiving
                0x0000000000032721                simReceivingLR
                0x0000000000032724                simInSize
                0x0000000000032728                simInSizeLR
                0x000000000003272c                simOutSize
                0x0000000000032730                simOutSizeLR
                0x0000000000032734                LongRangeTransmit
                0x0000000000032738                LongRangeReceiving
 .bss           0x0000000000032740        0xc obj_cooja/mtype404.a(eeprom.o)
                0x0000000000032740                simEEPROMChanged
                0x0000000000032744                simEEPROMRead
                0x0000000000032748                simEEPROMWritten
 .bss           0x000000000003274c        0x0 obj_cooja/mtype404.a(random.o)
 .bss           0x000000000003274c        0xc obj_cooja/mtype404.a(sensors.o)
 .bss           0x0000000000032758        0x4 obj_cooja/mtype404.a(dual_conf.o)
                0x0000000000032758                long_range_radio
 .bss           0x000000000003275c        0x0 obj_cooja/mtype404.a(autostart.o)
 .bss           0x000000000003275c        0x5 obj_cooja/mtype404.a(ctimer.o)
 *fill*         0x0000000000032761        0x3 
 .bss           0x0000000000032764        0x8 obj_cooja/mtype404.a(etimer.o)
 *fill*         0x000000000003276c       0x14 
 .bss           0x0000000000032780      0x1b1 obj_cooja/mtype404.a(process.o)
                0x0000000000032780                process_list
                0x0000000000032784                process_current
 *fill*         0x0000000000032931        0x3 
 .bss           0x0000000000032934        0x4 obj_cooja/mtype404.a(rtimer.o)
 .bss           0x0000000000032938        0x0 obj_cooja/mtype404.a(stimer.o)
 .bss           0x0000000000032938        0x0 obj_cooja/mtype404.a(timer.o)
 *fill*         0x0000000000032938        0x8 
 .bss           0x0000000000032940      0x140 obj_cooja/mtype404.a(serial-line.o)
 .bss           0x0000000000032a80        0x0 obj_cooja/mtype404.a(list.o)
 .bss           0x0000000000032a80        0x0 obj_cooja/mtype404.a(ringbuf.o)
 .bss           0x0000000000032a80      0x70c obj_cooja/mtype404.a(sicslowpan.o)
 *fill*         0x000000000003318c       0x14 
 .bss           0x00000000000331a0       0xf0 obj_cooja/mtype404.a(uip-ds6-nbr.o)
 *fill*         0x0000000000033290       0x10 
 .bss           0x00000000000332a0      0x2a8 obj_cooja/mtype404.a(uip-ds6-route.o)
 .bss           0x0000000000033548       0x20 obj_cooja/mtype404.a(uip-ds6.o)
 .bss           0x0000000000033568        0xe obj_cooja/mtype404.a(uip6.o)
                0x0000000000033568                uip_ext_bitmap
                0x0000000000033569                uip_ext_len
                0x000000000003356a                uip_ext_opt_offset
 *fill*         0x0000000000033576        0xa 
 .bss           0x0000000000033580       0x6a obj_cooja/mtype404.a(tcpip.o)
 .bss           0x00000000000335ea        0x0 obj_cooja/mtype404.a(uip-debug.o)
 *fill*         0x00000000000335ea       0x16 
 .bss           0x0000000000033600      0xcf8 obj_cooja/mtype404.a(uip-packetqueue)
 .bss           0x00000000000342f8        0x0 obj_cooja/mtype404.a(uip-udp-packet.)
 *fill*         0x00000000000342f8        0x8 
 .bss           0x0000000000034300       0xa0 obj_cooja/mtype404.a(rpl-dag.o)
 .bss           0x00000000000343a0        0x0 obj_cooja/mtype404.a(rpl-ext-header.)
 .bss           0x00000000000343a0        0x0 obj_cooja/mtype404.a(rpl-icmp6.o)
 .bss           0x00000000000343a0        0x0 obj_cooja/mtype404.a(rpl-mrhof.o)
 .bss           0x00000000000343a0       0x23 obj_cooja/mtype404.a(rpl-timers.o)
 *fill*         0x00000000000343c3        0x1 
 .bss           0x00000000000343c4        0x4 obj_cooja/mtype404.a(rpl.o)
 .bss           0x00000000000343c8        0x0 obj_cooja/mtype404.a(linkaddr.o)
 *fill*         0x00000000000343c8       0x18 
 .bss           0x00000000000343e0       0xdc obj_cooja/mtype404.a(nbr-table.o)
 .bss           0x00000000000344bc        0x0 obj_cooja/mtype404.a(netstack.o)
 *fill*         0x00000000000344bc        0x4 
 .bss           0x00000000000344c0       0xa0 obj_cooja/mtype404.a(packetbuf.o)
 .bss           0x0000000000034560      0xb80 obj_cooja/mtype404.a(queuebuf.o)
 .bss           0x00000000000350e0      0x248 obj_cooja/mtype404.a(csma.o)
 .bss           0x0000000000035328        0x2 obj_cooja/mtype404.a(framer-802154.o)
 .bss           0x000000000003532a        0x0 obj_cooja/mtype404.a(mac.o)
 .bss           0x000000000003532a        0x0 obj_cooja/mtype404.a(nullrdc.o)
 .bss           0x000000000003532a        0x0 obj_cooja/mtype404.a(nullsec.o)
 .bss           0x000000000003532a        0x0 obj_cooja/mtype404.a(watchdog.o)
 .bss           0x000000000003532a        0x0 obj_cooja/mtype404.a(rimestats.o)
 .bss           0x000000000003532a        0x0 obj_cooja/mtype404.a(memb.o)
 *fill*         0x000000000003532a        0x2 
 .bss           0x000000000003532c       0x18 obj_cooja/mtype404.a(uip-icmp6.o)
 .bss           0x0000000000035344        0x0 obj_cooja/mtype404.a(uip-nd6.o)
 *fill*         0x0000000000035344       0x1c 
 .bss           0x0000000000035360       0x44 obj_cooja/mtype404.a(rpl-nbr-policy.)
 .bss           0x00000000000353a4        0x0 obj_cooja/mtype404.a(frame802154.o)
 *fill*         0x00000000000353a4       0x1c 
 .bss           0x00000000000353c0       0x90 obj_cooja/mtype404.a(mac-sequence.o)
 .bss           0x0000000000035450        0x0 /usr/lib/gcc/i686-linux-gnu/4.8/crtendS.o
 .bss           0x0000000000035450        0x0 /usr/lib/gcc/i686-linux-gnu/4.8/../../../i386-linux-gnu/crtn.o
 *(COMMON)
 COMMON         0x0000000000035450        0x8 obj_cooja/mtype404.o
                0x0000000000035450                referenceVar
                0x0000000000035454                sensors_flags
 COMMON         0x0000000000035458        0xc obj_cooja/mtype404.a(simEnvChange.o)
                0x0000000000035458                simEtimerPending
                0x000000000003545c                simProcessRunValue
                0x0000000000035460                simNextExpirationTime
 COMMON         0x0000000000035464        0x1 obj_cooja/mtype404.a(beep.o)
                0x0000000000035464                simBeeped
 COMMON         0x0000000000035465        0x3 obj_cooja/mtype404.a(button-sensor.o)
                0x0000000000035465                simButtonIsActive
                0x0000000000035466                simButtonIsDown
                0x0000000000035467                simButtonChanged
 COMMON         0x0000000000035468        0x1 obj_cooja/mtype404.a(leds-arch.o)
                0x0000000000035468                simLedsValue
 *fill*         0x0000000000035469        0x3 
 COMMON         0x000000000003546c        0xc obj_cooja/mtype404.a(moteid.o)
                0x000000000003546c                simRandomSeed
                0x0000000000035470                simMoteIDChanged
                0x0000000000035474                simMoteID
 COMMON         0x0000000000035478        0x2 obj_cooja/mtype404.a(pir-sensor.o)
                0x0000000000035478                simPirIsActive
                0x0000000000035479                simPirChanged
 *fill*         0x000000000003547a        0x6 
 COMMON         0x0000000000035480      0x820 obj_cooja/mtype404.a(rs232.o)
                0x0000000000035480                simSerialReceivingFlag
                0x0000000000035484                simSerialReceivingLength
                0x00000000000354a0                simSerialReceivingData
 COMMON         0x0000000000035ca0        0x2 obj_cooja/mtype404.a(vib-sensor.o)
                0x0000000000035ca0                simVibChanged
                0x0000000000035ca1                simVibIsActive
 *fill*         0x0000000000035ca2        0x2 
 COMMON         0x0000000000035ca4        0x4 obj_cooja/mtype404.a(clock.o)
                0x0000000000035ca4                simCurrentTime
 *fill*         0x0000000000035ca8       0x18 
 COMMON         0x0000000000035cc0      0x420 obj_cooja/mtype404.a(log.o)
                0x0000000000035cc0                simLoggedLength
                0x0000000000035cc4                simLoggedFlag
                0x0000000000035ce0                simLoggedData
 COMMON         0x00000000000360e0      0x200 obj_cooja/mtype404.a(cooja-radio.o)
                0x00000000000360e0                simOutDataBuffer
                0x0000000000036160                simInDataBufferLR
                0x00000000000361e0                simOutDataBufferLR
                0x0000000000036260                simInDataBuffer
 COMMON         0x00000000000362e0      0x400 obj_cooja/mtype404.a(eeprom.o)
                0x00000000000362e0                simEEPROMData
 COMMON         0x00000000000366e0        0x1 obj_cooja/mtype404.a(sensors.o)
                0x00000000000366e0                sensors_event
 COMMON         0x00000000000366e1        0x1 obj_cooja/mtype404.a(serial-line.o)
                0x00000000000366e1                serial_line_event_message
 COMMON         0x00000000000366e2        0x1 obj_cooja/mtype404.a(sicslowpan.o)
                0x00000000000366e2                p
 *fill*         0x00000000000366e3       0x1d 
 COMMON         0x0000000000036700      0x181 obj_cooja/mtype404.a(uip-ds6.o)
                0x0000000000036700                uip_ds6_prefix_list
                0x0000000000036760                uip_ds6_timer_periodic
                0x0000000000036770                uip_ds6_netif_addr_list_offset
                0x0000000000036780                uip_ds6_if
                0x0000000000036878                uip_ds6_timer_ra
                0x0000000000036880                uip_ds6_addr_size
 *fill*         0x0000000000036881       0x1f 
 COMMON         0x00000000000368a0      0x8ec obj_cooja/mtype404.a(uip6.o)
                0x00000000000368a0                uip_slen
                0x00000000000368a2                uip_acc32
                0x00000000000368c0                uip_conns
                0x0000000000036980                uip_lladdr
                0x0000000000036988                uip_appdata
                0x000000000003698c                uip_flags
                0x00000000000369a0                uip_aligned_buf
                0x0000000000036fe0                uip_listenports
                0x0000000000036ff0                uip_len
                0x0000000000036ff4                uip_sappdata
                0x0000000000037000                uip_udp_conns
                0x0000000000037180                uip_udp_conn
                0x0000000000037184                uip_next_hdr
                0x0000000000037188                uip_conn
 COMMON         0x000000000003718c        0x1 obj_cooja/mtype404.a(tcpip.o)
                0x000000000003718c                tcpip_event
 *fill*         0x000000000003718d       0x13 
 COMMON         0x00000000000371a0      0x170 obj_cooja/mtype404.a(rpl-dag.o)
                0x00000000000371a0                default_instance
                0x00000000000371c0                instance_table
 COMMON         0x0000000000037310        0x8 obj_cooja/mtype404.a(linkaddr.o)
                0x0000000000037310                linkaddr_node_addr
 COMMON         0x0000000000037318       0x2e obj_cooja/mtype404.a(packetbuf.o)
                0x0000000000037318                packetbuf_attrs
                0x0000000000037336                packetbuf_addrs
 *fill*         0x0000000000037346       0x1a 
 COMMON         0x0000000000037360       0x48 obj_cooja/mtype404.a(rimestats.o)
                0x0000000000037360                rimestats
                0x00000000000373a8                . = ALIGN ((. != 0x0)?0x4:0x1)
                0x00000000000373a8                . = ALIGN (0x4)
                0x00000000000373a8                . = SEGMENT_START ("ldata-segment", .)
                0x00000000000373a8                . = ALIGN (0x4)
                0x00000000000373a8                _end = .
                0x00000000000373a8                PROVIDE (end, .)
                0x00000000000373a8                . = DATA_SEGMENT_END (.)

.stab
 *(.stab)

.stabstr
 *(.stabstr)

.stab.excl
 *(.stab.excl)

.stab.exclstr
 *(.stab.exclstr)

.stab.index
 *(.stab.index)

.stab.indexstr
 *(.stab.indexstr)

.comment        0x0000000000000000       0x2b
 *(.comment)
 .comment       0x0000000000000000       0x2b /usr/lib/gcc/i686-linux-gnu/4.8/crtbeginS.o
                                         0x2c (size before relaxing)
 .comment       0x0000000000000000       0x2c udp-client.co
 .comment       0x0000000000000000       0x2c obj_cooja/mtype404.o
 .comment       0x0000000000000000       0x2c obj_cooja/mtype404.a(simEnvChange.o)
 .comment       0x0000000000000000       0x2c obj_cooja/mtype404.a(cooja_mt.o)
 .comment       0x0000000000000000       0x2c obj_cooja/mtype404.a(cooja_mtarch.o)
 .comment       0x0000000000000000       0x2c obj_cooja/mtype404.a(rtimer-arch.o)
 .comment       0x0000000000000000       0x2c obj_cooja/mtype404.a(beep.o)
 .comment       0x0000000000000000       0x2c obj_cooja/mtype404.a(button-sensor.o)
 .comment       0x0000000000000000       0x2c obj_cooja/mtype404.a(leds-arch.o)
 .comment       0x0000000000000000       0x2c obj_cooja/mtype404.a(moteid.o)
 .comment       0x0000000000000000       0x2c obj_cooja/mtype404.a(pir-sensor.o)
 .comment       0x0000000000000000       0x2c obj_cooja/mtype404.a(rs232.o)
 .comment       0x0000000000000000       0x2c obj_cooja/mtype404.a(vib-sensor.o)
 .comment       0x0000000000000000       0x2c obj_cooja/mtype404.a(clock.o)
 .comment       0x0000000000000000       0x2c obj_cooja/mtype404.a(log.o)
 .comment       0x0000000000000000       0x2c obj_cooja/mtype404.a(cfs-cooja.o)
 .comment       0x0000000000000000       0x2c obj_cooja/mtype404.a(cooja-radio.o)
 .comment       0x0000000000000000       0x2c obj_cooja/mtype404.a(eeprom.o)
 .comment       0x0000000000000000       0x2c obj_cooja/mtype404.a(random.o)
 .comment       0x0000000000000000       0x2c obj_cooja/mtype404.a(sensors.o)
 .comment       0x0000000000000000       0x2c obj_cooja/mtype404.a(dual_conf.o)
 .comment       0x0000000000000000       0x2c obj_cooja/mtype404.a(autostart.o)
 .comment       0x0000000000000000       0x2c obj_cooja/mtype404.a(ctimer.o)
 .comment       0x0000000000000000       0x2c obj_cooja/mtype404.a(etimer.o)
 .comment       0x0000000000000000       0x2c obj_cooja/mtype404.a(process.o)
 .comment       0x0000000000000000       0x2c obj_cooja/mtype404.a(rtimer.o)
 .comment       0x0000000000000000       0x2c obj_cooja/mtype404.a(stimer.o)
 .comment       0x0000000000000000       0x2c obj_cooja/mtype404.a(timer.o)
 .comment       0x0000000000000000       0x2c obj_cooja/mtype404.a(serial-line.o)
 .comment       0x0000000000000000       0x2c obj_cooja/mtype404.a(list.o)
 .comment       0x0000000000000000       0x2c obj_cooja/mtype404.a(ringbuf.o)
 .comment       0x0000000000000000       0x2c obj_cooja/mtype404.a(sicslowpan.o)
 .comment       0x0000000000000000       0x2c obj_cooja/mtype404.a(uip-ds6-nbr.o)
 .comment       0x0000000000000000       0x2c obj_cooja/mtype404.a(uip-ds6-route.o)
 .comment       0x0000000000000000       0x2c obj_cooja/mtype404.a(uip-ds6.o)
 .comment       0x0000000000000000       0x2c obj_cooja/mtype404.a(uip6.o)
 .comment       0x0000000000000000       0x2c obj_cooja/mtype404.a(tcpip.o)
 .comment       0x0000000000000000       0x2c obj_cooja/mtype404.a(uip-debug.o)
 .comment       0x0000000000000000       0x2c obj_cooja/mtype404.a(uip-packetqueue)
 .comment       0x0000000000000000       0x2c obj_cooja/mtype404.a(uip-udp-packet.)
 .comment       0x0000000000000000       0x2c obj_cooja/mtype404.a(rpl-dag.o)
 .comment       0x0000000000000000       0x2c obj_cooja/mtype404.a(rpl-ext-header.)
 .comment       0x0000000000000000       0x2c obj_cooja/mtype404.a(rpl-icmp6.o)
 .comment       0x0000000000000000       0x2c obj_cooja/mtype404.a(rpl-mrhof.o)
 .comment       0x0000000000000000       0x2c obj_cooja/mtype404.a(rpl-timers.o)
 .comment       0x0000000000000000       0x2c obj_cooja/mtype404.a(rpl.o)
 .comment       0x0000000000000000       0x2c obj_cooja/mtype404.a(linkaddr.o)
 .comment       0x0000000000000000       0x2c obj_cooja/mtype404.a(nbr-table.o)
 .comment       0x0000000000000000       0x2c obj_cooja/mtype404.a(netstack.o)
 .comment       0x0000000000000000       0x2c obj_cooja/mtype404.a(packetbuf.o)
 .comment       0x0000000000000000       0x2c obj_cooja/mtype404.a(queuebuf.o)
 .comment       0x0000000000000000       0x2c obj_cooja/mtype404.a(csma.o)
 .comment       0x0000000000000000       0x2c obj_cooja/mtype404.a(framer-802154.o)
 .comment       0x0000000000000000       0x2c obj_cooja/mtype404.a(mac.o)
 .comment       0x0000000000000000       0x2c obj_cooja/mtype404.a(nullrdc.o)
 .comment       0x0000000000000000       0x2c obj_cooja/mtype404.a(nullsec.o)
 .comment       0x0000000000000000       0x2c obj_cooja/mtype404.a(watchdog.o)
 .comment       0x0000000000000000       0x2c obj_cooja/mtype404.a(rimestats.o)
 .comment       0x0000000000000000       0x2c obj_cooja/mtype404.a(memb.o)
 .comment       0x0000000000000000       0x2c obj_cooja/mtype404.a(uip-icmp6.o)
 .comment       0x0000000000000000       0x2c obj_cooja/mtype404.a(uip-nd6.o)
 .comment       0x0000000000000000       0x2c obj_cooja/mtype404.a(rpl-nbr-policy.)
 .comment       0x0000000000000000       0x2c obj_cooja/mtype404.a(frame802154.o)
 .comment       0x0000000000000000       0x2c obj_cooja/mtype404.a(mac-sequence.o)
 .comment       0x0000000000000000       0x2c /usr/lib/gcc/i686-linux-gnu/4.8/crtendS.o

.debug
 *(.debug)

.line
 *(.line)

.debug_srcinfo
 *(.debug_srcinfo)

.debug_sfnames
 *(.debug_sfnames)

.debug_aranges  0x0000000000000000      0x7f8
 *(.debug_aranges)
 .debug_aranges
                0x0000000000000000       0x20 udp-client.co
 .debug_aranges
                0x0000000000000020       0x20 obj_cooja/mtype404.o
 .debug_aranges
                0x0000000000000040       0x20 obj_cooja/mtype404.a(simEnvChange.o)
 .debug_aranges
                0x0000000000000060       0x20 obj_cooja/mtype404.a(cooja_mt.o)
 .debug_aranges
                0x0000000000000080       0x20 obj_cooja/mtype404.a(cooja_mtarch.o)
 .debug_aranges
                0x00000000000000a0       0x20 obj_cooja/mtype404.a(rtimer-arch.o)
 .debug_aranges
                0x00000000000000c0       0x20 obj_cooja/mtype404.a(beep.o)
 .debug_aranges
                0x00000000000000e0       0x20 obj_cooja/mtype404.a(button-sensor.o)
 .debug_aranges
                0x0000000000000100       0x20 obj_cooja/mtype404.a(leds-arch.o)
 .debug_aranges
                0x0000000000000120       0x20 obj_cooja/mtype404.a(moteid.o)
 .debug_aranges
                0x0000000000000140       0x20 obj_cooja/mtype404.a(pir-sensor.o)
 .debug_aranges
                0x0000000000000160       0x20 obj_cooja/mtype404.a(rs232.o)
 .debug_aranges
                0x0000000000000180       0x20 obj_cooja/mtype404.a(vib-sensor.o)
 .debug_aranges
                0x00000000000001a0       0x20 obj_cooja/mtype404.a(clock.o)
 .debug_aranges
                0x00000000000001c0       0x20 obj_cooja/mtype404.a(log.o)
 .debug_aranges
                0x00000000000001e0       0x20 obj_cooja/mtype404.a(cfs-cooja.o)
 .debug_aranges
                0x0000000000000200       0x20 obj_cooja/mtype404.a(cooja-radio.o)
 .debug_aranges
                0x0000000000000220       0x20 obj_cooja/mtype404.a(eeprom.o)
 .debug_aranges
                0x0000000000000240       0x20 obj_cooja/mtype404.a(random.o)
 .debug_aranges
                0x0000000000000260       0x20 obj_cooja/mtype404.a(sensors.o)
 .debug_aranges
                0x0000000000000280       0x20 obj_cooja/mtype404.a(dual_conf.o)
 .debug_aranges
                0x00000000000002a0       0x20 obj_cooja/mtype404.a(autostart.o)
 .debug_aranges
                0x00000000000002c0       0x20 obj_cooja/mtype404.a(ctimer.o)
 .debug_aranges
                0x00000000000002e0       0x20 obj_cooja/mtype404.a(etimer.o)
 .debug_aranges
                0x0000000000000300       0x20 obj_cooja/mtype404.a(process.o)
 .debug_aranges
                0x0000000000000320       0x20 obj_cooja/mtype404.a(rtimer.o)
 .debug_aranges
                0x0000000000000340       0x20 obj_cooja/mtype404.a(stimer.o)
 .debug_aranges
                0x0000000000000360       0x20 obj_cooja/mtype404.a(timer.o)
 .debug_aranges
                0x0000000000000380       0x20 obj_cooja/mtype404.a(serial-line.o)
 .debug_aranges
                0x00000000000003a0       0x20 obj_cooja/mtype404.a(list.o)
 .debug_aranges
                0x00000000000003c0       0x20 obj_cooja/mtype404.a(ringbuf.o)
 .debug_aranges
                0x00000000000003e0       0x20 obj_cooja/mtype404.a(sicslowpan.o)
 .debug_aranges
                0x0000000000000400       0x20 obj_cooja/mtype404.a(uip-ds6-nbr.o)
 .debug_aranges
                0x0000000000000420       0x20 obj_cooja/mtype404.a(uip-ds6-route.o)
 .debug_aranges
                0x0000000000000440       0x20 obj_cooja/mtype404.a(uip-ds6.o)
 .debug_aranges
                0x0000000000000460       0x20 obj_cooja/mtype404.a(uip6.o)
 .debug_aranges
                0x0000000000000480       0x20 obj_cooja/mtype404.a(tcpip.o)
 .debug_aranges
                0x00000000000004a0       0x20 obj_cooja/mtype404.a(uip-debug.o)
 .debug_aranges
                0x00000000000004c0       0x20 obj_cooja/mtype404.a(uip-packetqueue)
 .debug_aranges
                0x00000000000004e0       0x20 obj_cooja/mtype404.a(uip-udp-packet.)
 .debug_aranges
                0x0000000000000500       0x20 obj_cooja/mtype404.a(rpl-dag.o)
 .debug_aranges
                0x0000000000000520       0x20 obj_cooja/mtype404.a(rpl-ext-header.)
 .debug_aranges
                0x0000000000000540       0x20 obj_cooja/mtype404.a(rpl-icmp6.o)
 .debug_aranges
                0x0000000000000560       0x20 obj_cooja/mtype404.a(rpl-mrhof.o)
 .debug_aranges
                0x0000000000000580       0x20 obj_cooja/mtype404.a(rpl-timers.o)
 .debug_aranges
                0x00000000000005a0       0x20 obj_cooja/mtype404.a(rpl.o)
 .debug_aranges
                0x00000000000005c0       0x20 obj_cooja/mtype404.a(linkaddr.o)
 .debug_aranges
                0x00000000000005e0       0x20 obj_cooja/mtype404.a(nbr-table.o)
 .debug_aranges
                0x0000000000000600       0x20 obj_cooja/mtype404.a(netstack.o)
 .debug_aranges
                0x0000000000000620       0x20 obj_cooja/mtype404.a(packetbuf.o)
 .debug_aranges
                0x0000000000000640       0x20 obj_cooja/mtype404.a(queuebuf.o)
 .debug_aranges
                0x0000000000000660       0x20 obj_cooja/mtype404.a(csma.o)
 .debug_aranges
                0x0000000000000680       0x20 obj_cooja/mtype404.a(framer-802154.o)
 .debug_aranges
                0x00000000000006a0       0x20 obj_cooja/mtype404.a(mac.o)
 .debug_aranges
                0x00000000000006c0       0x20 obj_cooja/mtype404.a(nullrdc.o)
 .debug_aranges
                0x00000000000006e0       0x20 obj_cooja/mtype404.a(nullsec.o)
 .debug_aranges
                0x0000000000000700       0x20 obj_cooja/mtype404.a(watchdog.o)
 .debug_aranges
                0x0000000000000720       0x18 obj_cooja/mtype404.a(rimestats.o)
 .debug_aranges
                0x0000000000000738       0x20 obj_cooja/mtype404.a(memb.o)
 .debug_aranges
                0x0000000000000758       0x20 obj_cooja/mtype404.a(uip-icmp6.o)
 .debug_aranges
                0x0000000000000778       0x20 obj_cooja/mtype404.a(uip-nd6.o)
 .debug_aranges
                0x0000000000000798       0x20 obj_cooja/mtype404.a(rpl-nbr-policy.)
 .debug_aranges
                0x00000000000007b8       0x20 obj_cooja/mtype404.a(frame802154.o)
 .debug_aranges
                0x00000000000007d8       0x20 obj_cooja/mtype404.a(mac-sequence.o)

.debug_pubnames
 *(.debug_pubnames)

.debug_info     0x0000000000000000    0x1a980
 *(.debug_info .gnu.linkonce.wi.*)
 .debug_info    0x0000000000000000      0x8a1 udp-client.co
 .debug_info    0x00000000000008a1     0x370c obj_cooja/mtype404.o
 .debug_info    0x0000000000003fad      0x15a obj_cooja/mtype404.a(simEnvChange.o)
 .debug_info    0x0000000000004107      0x1e2 obj_cooja/mtype404.a(cooja_mt.o)
 .debug_info    0x00000000000042e9      0x2e7 obj_cooja/mtype404.a(cooja_mtarch.o)
 .debug_info    0x00000000000045d0      0x16b obj_cooja/mtype404.a(rtimer-arch.o)
 .debug_info    0x000000000000473b      0x1f3 obj_cooja/mtype404.a(beep.o)
 .debug_info    0x000000000000492e      0x257 obj_cooja/mtype404.a(button-sensor.o)
 .debug_info    0x0000000000004b85      0x132 obj_cooja/mtype404.a(leds-arch.o)
 .debug_info    0x0000000000004cb7      0x10a obj_cooja/mtype404.a(moteid.o)
 .debug_info    0x0000000000004dc1      0x216 obj_cooja/mtype404.a(pir-sensor.o)
 .debug_info    0x0000000000004fd7      0x21e obj_cooja/mtype404.a(rs232.o)
 .debug_info    0x00000000000051f5      0x216 obj_cooja/mtype404.a(vib-sensor.o)
 .debug_info    0x000000000000540b      0x152 obj_cooja/mtype404.a(clock.o)
 .debug_info    0x000000000000555d      0x2bb obj_cooja/mtype404.a(log.o)
 .debug_info    0x0000000000005818      0x3cf obj_cooja/mtype404.a(cfs-cooja.o)
 .debug_info    0x0000000000005be7      0xc5e obj_cooja/mtype404.a(cooja-radio.o)
 .debug_info    0x0000000000006845      0x1d5 obj_cooja/mtype404.a(eeprom.o)
 .debug_info    0x0000000000006a1a       0xb3 obj_cooja/mtype404.a(random.o)
 .debug_info    0x0000000000006acd      0x36d obj_cooja/mtype404.a(sensors.o)
 .debug_info    0x0000000000006e3a      0x136 obj_cooja/mtype404.a(dual_conf.o)
 .debug_info    0x0000000000006f70      0x1a5 obj_cooja/mtype404.a(autostart.o)
 .debug_info    0x0000000000007115      0x46c obj_cooja/mtype404.a(ctimer.o)
 .debug_info    0x0000000000007581      0x49c obj_cooja/mtype404.a(etimer.o)
 .debug_info    0x0000000000007a1d      0x4ba obj_cooja/mtype404.a(process.o)
 .debug_info    0x0000000000007ed7      0x1ab obj_cooja/mtype404.a(rtimer.o)
 .debug_info    0x0000000000008082      0x179 obj_cooja/mtype404.a(stimer.o)
 .debug_info    0x00000000000081fb      0x16c obj_cooja/mtype404.a(timer.o)
 .debug_info    0x0000000000008367      0x2de obj_cooja/mtype404.a(serial-line.o)
 .debug_info    0x0000000000008645      0x2ed obj_cooja/mtype404.a(list.o)
 .debug_info    0x0000000000008932      0x1aa obj_cooja/mtype404.a(ringbuf.o)
 .debug_info    0x0000000000008adc     0x10d4 obj_cooja/mtype404.a(sicslowpan.o)
 .debug_info    0x0000000000009bb0      0x853 obj_cooja/mtype404.a(uip-ds6-nbr.o)
 .debug_info    0x000000000000a403      0xd30 obj_cooja/mtype404.a(uip-ds6-route.o)
 .debug_info    0x000000000000b133      0xa4b obj_cooja/mtype404.a(uip-ds6.o)
 .debug_info    0x000000000000bb7e      0xe2c obj_cooja/mtype404.a(uip6.o)
 .debug_info    0x000000000000c9aa     0x1402 obj_cooja/mtype404.a(tcpip.o)
 .debug_info    0x000000000000ddac      0x1b5 obj_cooja/mtype404.a(uip-debug.o)
 .debug_info    0x000000000000df61      0x470 obj_cooja/mtype404.a(uip-packetqueue)
 .debug_info    0x000000000000e3d1      0x37a obj_cooja/mtype404.a(uip-udp-packet.)
 .debug_info    0x000000000000e74b     0x1903 obj_cooja/mtype404.a(rpl-dag.o)
 .debug_info    0x000000000001004e      0xe2b obj_cooja/mtype404.a(rpl-ext-header.)
 .debug_info    0x0000000000010e79     0x168f obj_cooja/mtype404.a(rpl-icmp6.o)
 .debug_info    0x0000000000012508      0xabe obj_cooja/mtype404.a(rpl-mrhof.o)
 .debug_info    0x0000000000012fc6      0xc11 obj_cooja/mtype404.a(rpl-timers.o)
 .debug_info    0x0000000000013bd7      0xcda obj_cooja/mtype404.a(rpl.o)
 .debug_info    0x00000000000148b1      0x165 obj_cooja/mtype404.a(linkaddr.o)
 .debug_info    0x0000000000014a16      0x8d7 obj_cooja/mtype404.a(nbr-table.o)
 .debug_info    0x00000000000152ed      0x4b9 obj_cooja/mtype404.a(netstack.o)
 .debug_info    0x00000000000157a6      0x478 obj_cooja/mtype404.a(packetbuf.o)
 .debug_info    0x0000000000015c1e      0x57d obj_cooja/mtype404.a(queuebuf.o)
 .debug_info    0x000000000001619b      0xbff obj_cooja/mtype404.a(csma.o)
 .debug_info    0x0000000000016d9a      0x5f8 obj_cooja/mtype404.a(framer-802154.o)
 .debug_info    0x0000000000017392      0x112 obj_cooja/mtype404.a(mac.o)
 .debug_info    0x00000000000174a4      0xc26 obj_cooja/mtype404.a(nullrdc.o)
 .debug_info    0x00000000000180ca      0x3aa obj_cooja/mtype404.a(nullsec.o)
 .debug_info    0x0000000000018474       0x7b obj_cooja/mtype404.a(watchdog.o)
 .debug_info    0x00000000000184ef      0x119 obj_cooja/mtype404.a(rimestats.o)
 .debug_info    0x0000000000018608      0x1d7 obj_cooja/mtype404.a(memb.o)
 .debug_info    0x00000000000187df      0x783 obj_cooja/mtype404.a(uip-icmp6.o)
 .debug_info    0x0000000000018f62      0x331 obj_cooja/mtype404.a(uip-nd6.o)
 .debug_info    0x0000000000019293      0xda2 obj_cooja/mtype404.a(rpl-nbr-policy.)
 .debug_info    0x000000000001a035      0x6b4 obj_cooja/mtype404.a(frame802154.o)
 .debug_info    0x000000000001a6e9      0x297 obj_cooja/mtype404.a(mac-sequence.o)

.debug_abbrev   0x0000000000000000     0x6645
 *(.debug_abbrev)
 .debug_abbrev  0x0000000000000000      0x1c0 udp-client.co
 .debug_abbrev  0x00000000000001c0      0x2b3 obj_cooja/mtype404.o
 .debug_abbrev  0x0000000000000473       0xc3 obj_cooja/mtype404.a(simEnvChange.o)
 .debug_abbrev  0x0000000000000536       0xe6 obj_cooja/mtype404.a(cooja_mt.o)
 .debug_abbrev  0x000000000000061c      0x147 obj_cooja/mtype404.a(cooja_mtarch.o)
 .debug_abbrev  0x0000000000000763       0xcc obj_cooja/mtype404.a(rtimer-arch.o)
 .debug_abbrev  0x000000000000082f       0xe3 obj_cooja/mtype404.a(beep.o)
 .debug_abbrev  0x0000000000000912      0x11c obj_cooja/mtype404.a(button-sensor.o)
 .debug_abbrev  0x0000000000000a2e       0xe1 obj_cooja/mtype404.a(leds-arch.o)
 .debug_abbrev  0x0000000000000b0f       0x9c obj_cooja/mtype404.a(moteid.o)
 .debug_abbrev  0x0000000000000bab       0xe6 obj_cooja/mtype404.a(pir-sensor.o)
 .debug_abbrev  0x0000000000000c91      0x14a obj_cooja/mtype404.a(rs232.o)
 .debug_abbrev  0x0000000000000ddb       0xe6 obj_cooja/mtype404.a(vib-sensor.o)
 .debug_abbrev  0x0000000000000ec1       0xee obj_cooja/mtype404.a(clock.o)
 .debug_abbrev  0x0000000000000faf      0x141 obj_cooja/mtype404.a(log.o)
 .debug_abbrev  0x00000000000010f0      0x139 obj_cooja/mtype404.a(cfs-cooja.o)
 .debug_abbrev  0x0000000000001229      0x2f2 obj_cooja/mtype404.a(cooja-radio.o)
 .debug_abbrev  0x000000000000151b       0xf5 obj_cooja/mtype404.a(eeprom.o)
 .debug_abbrev  0x0000000000001610       0x6d obj_cooja/mtype404.a(random.o)
 .debug_abbrev  0x000000000000167d      0x1c2 obj_cooja/mtype404.a(sensors.o)