Archive member included to satisfy reference by file (symbol)

obj_cooja/mtype245.a(simEnvChange.o)
                              obj_cooja/mtype245.o (simDontFallAsleep)
obj_cooja/mtype245.a(cooja_mt.o)
                              obj_cooja/mtype245.o (cooja_mt_start)
obj_cooja/mtype245.a(cooja_mtarch.o)
                              obj_cooja/mtype245.a(cooja_mt.o) (cooja_mtarch_init)
obj_cooja/mtype245.a(rtimer-arch.o)
                              obj_cooja/mtype245.o (rtimer_arch_next)
obj_cooja/mtype245.a(beep.o)  obj_cooja/mtype245.o (beep_interface)
obj_cooja/mtype245.a(button-sensor.o)
                              obj_cooja/mtype245.o (button_interface)
obj_cooja/mtype245.a(leds-arch.o)
                              obj_cooja/mtype245.o (leds_interface)
obj_cooja/mtype245.a(moteid.o)
                              obj_cooja/mtype245.o (moteid_interface)
obj_cooja/mtype245.a(pir-sensor.o)
                              obj_cooja/mtype245.o (pir_interface)
obj_cooja/mtype245.a(rs232.o)
                              obj_cooja/mtype245.o (rs232_interface)
obj_cooja/mtype245.a(vib-sensor.o)
                              obj_cooja/mtype245.o (vib_interface)
obj_cooja/mtype245.a(clock.o)
                              obj_cooja/mtype245.o (clock_interface)
obj_cooja/mtype245.a(log.o)   obj_cooja/mtype245.o (simlog_interface)
obj_cooja/mtype245.a(cfs-cooja.o)
                              obj_cooja/mtype245.o (cfs_interface)
obj_cooja/mtype245.a(cooja-radio.o)
                              obj_cooja/mtype245.o (radio_interface)
obj_cooja/mtype245.a(eeprom.o)
                              obj_cooja/mtype245.o (eeprom_interface)
obj_cooja/mtype245.a(random.o)
                              obj_cooja/mtype245.a(moteid.o) (random_init)
obj_cooja/mtype245.a(sensors.o)
                              udp-server.co (sensors_event)
obj_cooja/mtype245.a(dual_conf.o)
                              obj_cooja/mtype245.a(cooja-radio.o) (long_range_radio)
obj_cooja/mtype245.a(autostart.o)
                              obj_cooja/mtype245.o (autostart_start)
obj_cooja/mtype245.a(ctimer.o)
                              obj_cooja/mtype245.o (ctimer_init)
obj_cooja/mtype245.a(etimer.o)
                              obj_cooja/mtype245.o (etimer_process)
obj_cooja/mtype245.a(process.o)
                              udp-server.co (process_current)
obj_cooja/mtype245.a(rtimer.o)
                              obj_cooja/mtype245.a(rtimer-arch.o) (rtimer_run_next)
obj_cooja/mtype245.a(timer.o)
                              obj_cooja/mtype245.a(button-sensor.o) (timer_set)
obj_cooja/mtype245.a(serial-line.o)
                              obj_cooja/mtype245.a(rs232.o) (serial_line_input_byte)
obj_cooja/mtype245.a(list.o)  obj_cooja/mtype245.a(ctimer.o) (list_init)
obj_cooja/mtype245.a(ringbuf.o)
                              obj_cooja/mtype245.a(serial-line.o) (ringbuf_init)
obj_cooja/mtype245.a(sicslowpan.o)
                              obj_cooja/mtype245.o (sicslowpan_driver)
obj_cooja/mtype245.a(uip-ds6-nbr.o)
                              obj_cooja/mtype245.a(sicslowpan.o) (uip_ds6_link_neighbor_callback)
obj_cooja/mtype245.a(uip-ds6.o)
                              udp-server.co (uip_ds6_if)
obj_cooja/mtype245.a(uip6.o)  obj_cooja/mtype245.o (uip_lladdr)
obj_cooja/mtype245.a(tcpip.o)
                              udp-server.co (tcpip_event)
obj_cooja/mtype245.a(uip-debug.o)
                              udp-server.co (uip_debug_ipaddr_print)
obj_cooja/mtype245.a(uip-packetqueue)
                              obj_cooja/mtype245.a(uip-ds6-nbr.o) (uip_packetqueue_new)
obj_cooja/mtype245.a(rpl-dag.o)
                              udp-server.co (rpl_set_root)
obj_cooja/mtype245.a(rpl-ext-header.)
                              obj_cooja/mtype245.a(uip6.o) (rpl_verify_header)
obj_cooja/mtype245.a(rpl-icmp6.o)
                              obj_cooja/mtype245.a(rpl-dag.o) (rpl_icmp6_update_nbr_table)
obj_cooja/mtype245.a(rpl-mrhof.o)
                              obj_cooja/mtype245.a(rpl-dag.o) (rpl_mrhof)
obj_cooja/mtype245.a(rpl-timers.o)
                              obj_cooja/mtype245.a(rpl-dag.o) (rpl_reset_dio_timer)
obj_cooja/mtype245.a(rpl.o)   obj_cooja/mtype245.a(rpl-icmp6.o) (rpl_get_mode)
obj_cooja/mtype245.a(linkaddr.o)
                              obj_cooja/mtype245.o (linkaddr_node_addr)
obj_cooja/mtype245.a(nbr-table.o)
                              obj_cooja/mtype245.a(uip-ds6-nbr.o) (nbr_table_register)
obj_cooja/mtype245.a(netstack.o)
                              obj_cooja/mtype245.o (netstack_init)
obj_cooja/mtype245.a(packetbuf.o)
                              obj_cooja/mtype245.a(cooja-radio.o) (packetbuf_attrs)
obj_cooja/mtype245.a(queuebuf.o)
                              obj_cooja/mtype245.o (queuebuf_init)
obj_cooja/mtype245.a(csma.o)  udp-server.co (csma_driver)
obj_cooja/mtype245.a(framer-802154.o)
                              obj_cooja/mtype245.a(sicslowpan.o) (framer_802154)
[...]
Memory Configuration

Name             Origin             Length             Attributes
*default*        0x0000000000000000 0xffffffffffffffff

Linker script and memory map

LOAD /usr/lib/gcc/i686-linux-gnu/4.8/../../../i386-linux-gnu/crti.o
LOAD /usr/lib/gcc/i686-linux-gnu/4.8/crtbeginS.o
LOAD udp-server.co
LOAD obj_cooja/mtype245.o
LOAD obj_cooja/mtype245.a
LOAD /usr/lib/gcc/i686-linux-gnu/4.8/libgcc.a
LOAD /usr/lib/gcc/i686-linux-gnu/4.8/libgcc_s.so
LOAD /usr/lib/gcc/i686-linux-gnu/4.8/../../../i386-linux-gnu/libc.so
START GROUP
LOAD /lib/i386-linux-gnu/libc.so.6
LOAD /usr/lib/i386-linux-gnu/libc_nonshared.a
LOAD /lib/i386-linux-gnu/ld-linux.so.2
END GROUP
LOAD /usr/lib/gcc/i686-linux-gnu/4.8/libgcc.a
LOAD /usr/lib/gcc/i686-linux-gnu/4.8/libgcc_s.so
LOAD /usr/lib/gcc/i686-linux-gnu/4.8/crtendS.o
LOAD /usr/lib/gcc/i686-linux-gnu/4.8/../../../i386-linux-gnu/crtn.o
                0x0000000000000114                . = (0x0 + SIZEOF_HEADERS)

.note.gnu.build-id
                0x0000000000000114       0x24
 *(.note.gnu.build-id)
 .note.gnu.build-id
                0x0000000000000114       0x24 /usr/lib/gcc/i686-linux-gnu/4.8/../../../i386-linux-gnu/crti.o

.hash
 *(.hash)

.gnu.hash       0x0000000000000138     0x1278
 *(.gnu.hash)
 .gnu.hash      0x0000000000000138     0x1278 /usr/lib/gcc/i686-linux-gnu/4.8/../../../i386-linux-gnu/crti.o

.dynsym         0x00000000000013b0     0x2210
 *(.dynsym)
 .dynsym        0x00000000000013b0     0x2210 /usr/lib/gcc/i686-linux-gnu/4.8/../../../i386-linux-gnu/crti.o

.dynstr         0x00000000000035c0     0x2355
 *(.dynstr)
 .dynstr        0x00000000000035c0     0x2355 /usr/lib/gcc/i686-linux-gnu/4.8/../../../i386-linux-gnu/crti.o

.gnu.version    0x0000000000005916      0x442
 *(.gnu.version)
 .gnu.version   0x0000000000005916      0x442 /usr/lib/gcc/i686-linux-gnu/4.8/../../../i386-linux-gnu/crti.o

.gnu.version_d  0x0000000000005d58        0x0
 *(.gnu.version_d)
 .gnu.version_d
                0x0000000000000000        0x0 /usr/lib/gcc/i686-linux-gnu/4.8/../../../i386-linux-gnu/crti.o

.gnu.version_r  0x0000000000005d58       0x40
 *(.gnu.version_r)
 .gnu.version_r
                0x0000000000005d58       0x40 /usr/lib/gcc/i686-linux-gnu/4.8/../../../i386-linux-gnu/crti.o

.rel.dyn        0x0000000000005d98     0x99a0
 *(.rel.init)
 .rel.init      0x0000000000000000        0x0 /usr/lib/gcc/i686-linux-gnu/4.8/../../../i386-linux-gnu/crti.o
 *(.rel.text .rel.text.* .rel.gnu.linkonce.t.*)
 .rel.text      0x0000000000005d98     0x9200 /usr/lib/gcc/i686-linux-gnu/4.8/../../../i386-linux-gnu/crti.o
 *(.rel.fini)
 .rel.fini      0x0000000000000000        0x0 /usr/lib/gcc/i686-linux-gnu/4.8/../../../i386-linux-gnu/crti.o
 *(.rel.rodata .rel.rodata.* .rel.gnu.linkonce.r.*)
 .rel.rodata    0x000000000000ef98      0x4e0 /usr/lib/gcc/i686-linux-gnu/4.8/../../../i386-linux-gnu/crti.o
 *(.rel.data.rel.ro .rel.data.rel.ro.* .rel.gnu.linkonce.d.rel.ro.*)
 *(.rel.data .rel.data.* .rel.gnu.linkonce.d.*)
 .rel.data.rel  0x000000000000f478        0x8 /usr/lib/gcc/i686-linux-gnu/4.8/../../../i386-linux-gnu/crti.o
 .rel.data      0x000000000000f480      0x280 /usr/lib/gcc/i686-linux-gnu/4.8/../../../i386-linux-gnu/crti.o
 *(.rel.tdata .rel.tdata.* .rel.gnu.linkonce.td.*)
 *(.rel.tbss .rel.tbss.* .rel.gnu.linkonce.tb.*)
 *(.rel.ctors)
 *(.rel.dtors)
 *(.rel.got)
 .rel.got       0x000000000000f700       0x28 /usr/lib/gcc/i686-linux-gnu/4.8/../../../i386-linux-gnu/crti.o
 *(.rel.bss .rel.bss.* .rel.gnu.linkonce.b.*)
 *(.rel.ifunc)
 .rel.ifunc     0x0000000000000000        0x0 /usr/lib/gcc/i686-linux-gnu/4.8/../../../i386-linux-gnu/crti.o
 .rel.fini_array
                0x000000000000f728        0x8 /usr/lib/gcc/i686-linux-gnu/4.8/../../../i386-linux-gnu/crti.o
 .rel.init_array
                0x000000000000f730        0x8 /usr/lib/gcc/i686-linux-gnu/4.8/../../../i386-linux-gnu/crti.o

.rel.plt        0x000000000000f738       0x10
 *(.rel.plt)
 .rel.plt       0x000000000000f738       0x10 /usr/lib/gcc/i686-linux-gnu/4.8/../../../i386-linux-gnu/crti.o
 *(.rel.iplt)

.init           0x000000000000f748       0x23
 *(SORT(.init))
 .init          0x000000000000f748       0x1e /usr/lib/gcc/i686-linux-gnu/4.8/../../../i386-linux-gnu/crti.o
                0x000000000000f748                _init
 .init          0x000000000000f766        0x5 /usr/lib/gcc/i686-linux-gnu/4.8/../../../i386-linux-gnu/crtn.o

.plt            0x000000000000f770       0x30
 *(.plt)
 .plt           0x000000000000f770       0x30 /usr/lib/gcc/i686-linux-gnu/4.8/../../../i386-linux-gnu/crti.o
 *(.iplt)

.text           0x000000000000f7a0    0x15da6
 *(.text.unlikely .text.*_unlikely .text.unlikely.*)
 *(.text.exit .text.exit.*)
 *(.text.startup .text.startup.*)
 *(.text.hot .text.hot.*)
 *(.text .stub .text.* .gnu.linkonce.t.*)
 .text          0x000000000000f7a0        0x0 /usr/lib/gcc/i686-linux-gnu/4.8/../../../i386-linux-gnu/crti.o
 .gnu.linkonce.t.__x86.get_pc_thunk.bx
                0x000000000000f7a0        0x4 /usr/lib/gcc/i686-linux-gnu/4.8/../../../i386-linux-gnu/crti.o
                0x000000000000f7a0                __x86.get_pc_thunk.bx
 *fill*         0x000000000000f7a4        0xc 
 .text          0x000000000000f7b0      0x11b /usr/lib/gcc/i686-linux-gnu/4.8/crtbeginS.o
 .text          0x000000000000f8cb      0x3e4 udp-server.co
 .text          0x000000000000fcaf      0x768 obj_cooja/mtype245.o
                0x000000000000fde5                contiki_init
                0x000000000001022e                Java_org_contikios_cooja_corecomm_Lib34_init
                0x000000000001026e                Java_org_contikios_cooja_corecomm_Lib34_getMemory
                0x00000000000102ae                Java_org_contikios_cooja_corecomm_Lib34_setMemory
                0x0000000000010325                Java_org_contikios_cooja_corecomm_Lib34_tick
                0x0000000000010405                Java_org_contikios_cooja_corecomm_Lib34_setReferenceAddress
 .text          0x0000000000010417       0x63 obj_cooja/mtype245.a(simEnvChange.o)
                0x0000000000010417                doActionsBeforeTick
                0x0000000000010448                doActionsAfterTick
 .text          0x000000000001047a       0xbc obj_cooja/mtype245.a(cooja_mt.o)
                0x000000000001047a                cooja_mt_init
                0x0000000000010487                cooja_mt_remove
                0x0000000000010494                cooja_mt_start
                0x00000000000104c1                cooja_mt_exec
                0x00000000000104f2                cooja_mt_exit
                0x0000000000010514                cooja_mt_yield
 .text          0x0000000000010536      0x115 obj_cooja/mtype245.a(cooja_mtarch.o)
                0x0000000000010536                cooja_mtarch_init
                0x000000000001053b                cooja_mtarch_start
                0x00000000000105b6                cooja_sw
                0x00000000000105d8                cooja_mtarch_exec
                0x00000000000105f4                cooja_mtarch_remove
                0x00000000000105f9                cooja_mtarch_yield
                0x0000000000010603                cooja_mtarch_pstop
                0x0000000000010608                cooja_mtarch_pstart
                0x000000000001060d                cooja_mtarch_stack_usage
 .text          0x000000000001064b       0xc2 obj_cooja/mtype245.a(rtimer-arch.o)
                0x000000000001064b                rtimer_arch_init
                0x000000000001066e                rtimer_arch_schedule
                0x0000000000010685                rtimer_arch_next
                0x000000000001068f                rtimer_arch_pending
                0x0000000000010699                rtimer_arch_check
                0x00000000000106cb                rtimer_arch_now
 .text          0x000000000001070d       0x76 obj_cooja/mtype245.a(beep.o)
                0x000000000001070d                beep_alarm
                0x0000000000010719                beep_beep
                0x0000000000010725                beep
                0x0000000000010731                beep_down
                0x000000000001073d                beep_on
                0x0000000000010749                beep_off
                0x0000000000010755                beep_spinup
                0x0000000000010761                beep_quick
                0x000000000001076d                beep_long
 .text          0x0000000000010783      0x103 obj_cooja/mtype245.a(button-sensor.o)
 .text          0x0000000000010886       0x45 obj_cooja/mtype245.a(leds-arch.o)
                0x0000000000010886                leds_arch_init
                0x0000000000010892                leds_arch_get
                0x000000000001089e                leds_arch_set
 .text          0x00000000000108cb       0x2f obj_cooja/mtype245.a(moteid.o)
 .text          0x00000000000108fa       0xb1 obj_cooja/mtype245.a(pir-sensor.o)
 .text          0x00000000000109ab      0x131 obj_cooja/mtype245.a(rs232.o)
                0x00000000000109ab                rs232_init
                0x00000000000109b0                rs232_set_speed
                0x00000000000109be                rs232_set_input
                0x00000000000109cb                rs232_send
                0x00000000000109ed                rs232_print
                0x0000000000010a08                slip_arch_writeb
 .text          0x0000000000010adc       0xb1 obj_cooja/mtype245.a(vib-sensor.o)
 .text          0x0000000000010b8d       0x34 obj_cooja/mtype245.a(clock.o)
                0x0000000000010b8d                clock_init
                0x0000000000010b92                clock_time
                0x0000000000010b9c                clock_seconds
                0x0000000000010bb2                clock_delay
 .text          0x0000000000010bc1      0x1ed obj_cooja/mtype245.a(log.o)
                0x0000000000010bc1                simlog_char
                0x0000000000010c03                simlog
                0x0000000000010c70                log_message
                0x0000000000010c98                log_set_putchar_with_slip
                0x0000000000010ca5                log_putchar
                0x0000000000010d29                log_puts
                0x0000000000010d4d                log_printf
 .text          0x0000000000010dae      0x2c4 obj_cooja/mtype245.a(cfs-cooja.o)
                0x0000000000010dae                cfs_open
                0x0000000000010e17                cfs_close
                0x0000000000010e23                cfs_read
                0x0000000000010ec1                cfs_write
                0x0000000000010f9e                cfs_seek
                0x0000000000011026                cfs_remove
                0x000000000001104f                cfs_opendir
                0x0000000000011059                cfs_readdir
                0x0000000000011063                cfs_closedir
 .text          0x0000000000011072      0x541 obj_cooja/mtype245.a(cooja-radio.o)
                0x000000000001109c                radio_set_channel
                0x00000000000110b1                radio_set_txpower
                0x00000000000110c8                radio_signal_strength_last
                0x00000000000110d2                radio_signal_strength_current
                0x00000000000110dc                radio_LQI
 .text          0x00000000000115b3       0xef obj_cooja/mtype245.a(eeprom.o)
                0x00000000000115b3                eeprom_init
                0x00000000000115b8                eeprom_read
                0x0000000000011628                eeprom_write
 .text          0x00000000000116a2       0x28 obj_cooja/mtype245.a(random.o)
                0x00000000000116a2                random_init
                0x00000000000116bd                random_rand
 .text          0x00000000000116ca      0x2a1 obj_cooja/mtype245.a(sensors.o)
                0x0000000000011705                sensors_first
                0x000000000001170f                sensors_next
                0x000000000001172c                sensors_changed
                0x000000000001175b                sensors_find
 .text          0x000000000001196b      0x308 obj_cooja/mtype245.a(dual_conf.o)
                0x000000000001196b                dual_radio_switch
                0x00000000000119c6                dual_radio_change
                0x0000000000011a00                sending_in_LR
                0x0000000000011a2b                dual_radio_received
                0x0000000000011a7e                radio_received_is_longrange
                0x0000000000011c29                dio_broadcast
                0x0000000000011c52                dis_broadcast
 .text          0x0000000000011c73       0x8e obj_cooja/mtype245.a(autostart.o)
                0x0000000000011c73                autostart_start
                0x0000000000011cbe                autostart_exit
 .text          0x0000000000011d01      0x334 obj_cooja/mtype245.a(ctimer.o)
                0x0000000000011e18                ctimer_init
                0x0000000000011e48                ctimer_set
                0x0000000000011e79                ctimer_set_with_process
                0x0000000000011ef5                ctimer_reset
                0x0000000000011f44                ctimer_restart
                0x0000000000011f93                ctimer_stop
                0x0000000000011fde                ctimer_expired
 .text          0x0000000000012035      0x40b obj_cooja/mtype245.a(etimer.o)
                0x0000000000012248                etimer_request_poll
                0x00000000000122cc                etimer_set
                0x00000000000122f1                etimer_reset_with_new_interval
                0x0000000000012318                etimer_reset
                0x0000000000012336                etimer_restart
                0x0000000000012354                etimer_adjust
                0x0000000000012370                etimer_expired
                0x0000000000012383                etimer_expiration_time
                0x0000000000012395                etimer_start_time
                0x000000000001239f                etimer_pending
                0x00000000000123b1                etimer_next_expiration_time
                0x00000000000123cb                etimer_stop
 .text          0x0000000000012440      0x560 obj_cooja/mtype245.a(process.o)
                0x0000000000012440                process_alloc_event
                0x0000000000012455                process_start
                0x000000000001263e                process_exit
                0x000000000001265a                process_init
                0x000000000001282b                process_run
                0x000000000001285e                process_nevents
                0x0000000000012879                process_post
                0x0000000000012925                process_post_synch
                0x000000000001295d                process_poll
                0x000000000001298c                process_is_running
 .text          0x00000000000129a0       0xba obj_cooja/mtype245.a(rtimer.o)
                0x00000000000129a0                rtimer_init
                0x00000000000129ad                rtimer_set
                0x0000000000012a04                rtimer_run_next
 .text          0x0000000000012a5a       0x91 obj_cooja/mtype245.a(timer.o)
                0x0000000000012a5a                timer_set
                0x0000000000012a75                timer_reset
                0x0000000000012a8c                timer_restart
                0x0000000000012a9e                timer_expired
                0x0000000000012ac7                timer_remaining
 .text          0x0000000000012aeb      0x1fb obj_cooja/mtype245.a(serial-line.o)
                0x0000000000012aeb                serial_line_input_byte
                0x0000000000012cae                serial_line_init
 .text          0x0000000000012ce6      0x244 obj_cooja/mtype245.a(list.o)
                0x0000000000012ce6                list_init
                0x0000000000012cf4                list_head
                0x0000000000012cfe                list_copy
                0x0000000000012d0d                list_tail
                0x0000000000012d43                list_add
                0x0000000000012d8c                list_push
                0x0000000000012db8                list_chop
                0x0000000000012e22                list_pop
                0x0000000000012e4a                list_remove
                0x0000000000012eb1                list_length
                0x0000000000012edf                list_insert
                0x0000000000012f13                list_item_next
 .text          0x0000000000012f2a      0x155 obj_cooja/mtype245.a(ringbuf.o)
                0x0000000000012f2a                ringbuf_init
                0x0000000000012f5b                ringbuf_put
                0x0000000000012fd9                ringbuf_get
                0x0000000000013046                ringbuf_size
                0x0000000000013058                ringbuf_elements
 .text          0x000000000001307f     0x102d obj_cooja/mtype245.a(sicslowpan.o)
                0x0000000000013609                rime_sniffer_add
                0x0000000000013616                rime_sniffer_remove
                0x000000000001408e                sicslowpan_init
                0x00000000000140a2                sicslowpan_get_last_rssi
 .text          0x00000000000140ac      0x298 obj_cooja/mtype245.a(uip-ds6-nbr.o)
                0x00000000000140c9                uip_ds6_neighbors_init
                0x00000000000140e6                uip_ds6_nbr_add
                0x000000000001416e                uip_ds6_nbr_rm
                0x00000000000141b0                uip_ds6_nbr_get_ipaddr
                0x00000000000141c5                uip_ds6_nbr_get_ll
                0x00000000000141e1                uip_ds6_nbr_num
                0x0000000000014226                uip_ds6_nbr_lookup
                0x000000000001428b                uip_ds6_nbr_ll_lookup
                0x00000000000142a7                uip_ds6_nbr_ipaddr_from_lladdr
                0x00000000000142cd                uip_ds6_nbr_lladdr_from_ipaddr
                0x00000000000142fb                uip_ds6_link_neighbor_callback
 .text          0x0000000000014344     0x13be obj_cooja/mtype245.a(uip-ds6.o)
                0x0000000000014344                uip_ds6_init
                0x00000000000146e9                uip_ds6_periodic
                0x00000000000147c1                uip_ds6_list_loop
                0x0000000000014868                uip_ds6_prefix_add
                0x000000000001497c                uip_ds6_prefix_rm
                0x000000000001498e                uip_ds6_prefix_lookup
                0x00000000000149df                uip_ds6_is_addr_onlink
                0x0000000000014a53                uip_ds6_addr_add
                0x0000000000014b81                uip_ds6_long_addr_add
                0x0000000000014caf                uip_ds6_addr_rm
                0x0000000000014d4f                uip_ds6_addr_lookup
                0x0000000000014d9a                uip_ds6_long_addr_lookup
                0x0000000000014de5                uip_ds6_get_link_local
                0x0000000000014e64                uip_ds6_long_get_link_local
                0x0000000000014ee3                uip_ds6_get_global
                0x0000000000014f62                uip_ds6_long_get_global
                0x0000000000014fe1                uip_ds6_maddr_add
                0x0000000000015053                uip_ds6_long_maddr_add
                0x00000000000150c5                uip_ds6_maddr_rm
                0x00000000000150d7                uip_ds6_maddr_lookup
                0x0000000000015122                uip_ds6_long_maddr_lookup
                0x000000000001516d                uip_ds6_aaddr_add
                0x00000000000151df                uip_ds6_long_aaddr_add
                0x0000000000015251                uip_ds6_aaddr_rm
                0x0000000000015263                uip_ds6_aaddr_lookup
                0x00000000000152ae                uip_ds6_long_aaddr_lookup
                0x00000000000152f9                uip_ds6_select_src
                0x00000000000155ed                uip_ds6_set_addr_iid
                0x0000000000015624                get_match_length
                0x00000000000156b6                uip_ds6_compute_reachable_time
 .text          0x0000000000015702     0x2d5c obj_cooja/mtype245.a(uip6.o)
                0x0000000000015702                uip_add32
                0x000000000001589b                uip_chksum
                0x00000000000159b1                uip_icmp6chksum
                0x00000000000159c5                uip_tcpchksum
                0x00000000000159d9                uip_udpchksum
                0x00000000000159ed                uip_init
                0x0000000000015abd                uip_connect
                0x0000000000015c6c                remove_ext_hdr
                0x0000000000015d75                uip_udp_new
                0x0000000000015ed1                uip_unlisten
                0x0000000000015f31                uip_listen
                0x0000000000016257                uip_process
                0x0000000000018352                uip_htons
                0x0000000000018374                uip_htonl
                0x00000000000183b4                uip_send
 .text          0x000000000001845e      0xa7d obj_cooja/mtype245.a(tcpip.o)
                0x000000000001845e                tcpip_output
                0x00000000000184af                tcpip_set_outputfunc
                0x000000000001854f                tcp_connect
                0x00000000000185a4                tcp_unlisten
                0x00000000000185ff                tcp_listen
                0x0000000000018658                tcp_attach
                0x000000000001867d                udp_attach
                0x00000000000186a2                udp_new
                0x00000000000186f4                udp_broadcast_new
                0x0000000000018968                tcpip_input
                0x000000000001899c                tcpip_ipv6_output
                0x0000000000018d21                tcpip_poll_udp
                0x0000000000018d44                tcpip_poll_tcp
                0x0000000000018d67                tcpip_uipcall
 .text          0x0000000000018edb      0x1c1 obj_cooja/mtype245.a(uip-debug.o)
                0x0000000000018edb                uip_debug_ipaddr_print
                0x000000000001903d                uip_debug_lladdr_print
 .text          0x000000000001909c      0x141 obj_cooja/mtype245.a(uip-packetqueue)
                0x00000000000190c8                uip_packetqueue_new
                0x00000000000190d6                uip_packetqueue_alloc
                0x0000000000019136                uip_packetqueue_free
                0x0000000000019177                uip_packetqueue_buf
                0x0000000000019194                uip_packetqueue_buflen
                0x00000000000191b5                uip_packetqueue_set_buflen
 .text          0x00000000000191dd     0x2ce0 obj_cooja/mtype245.a(rpl-dag.o)
                0x00000000000191dd                rpl_print_neighbor_list
                0x00000000000193b2                rpl_get_nbr
                0x000000000001940c                rpl_dag_init
                0x0000000000019429                rpl_get_parent
                0x000000000001944b                rpl_get_parent_rank
                0x000000000001947e                rpl_get_parent_link_metric
                0x00000000000194b1                rpl_get_parent_ipaddr
                0x000000000001985d                rpl_set_root
                0x0000000000019ad1                rpl_repair_root
                0x0000000000019d80                rpl_set_prefix
                0x0000000000019ea3                rpl_set_default_route
                0x0000000000019f98                rpl_alloc_instance
                0x000000000001a02b                rpl_alloc_dag
                0x000000000001a0dc                rpl_set_default_instance
                0x000000000001a0e9                rpl_get_default_instance
                0x000000000001a0f3                rpl_free_instance
                0x000000000001a1bf                rpl_free_dag
                0x000000000001a248                rpl_add_parent
                0x000000000001a35a                rpl_find_parent
                0x000000000001a3b2                rpl_find_parent_any_dag
                0x000000000001a3ee                rpl_select_dag
                0x000000000001a80b                rpl_select_parent
                0x000000000001a86d                rpl_remove_parent
                0x000000000001a8bf                rpl_nullify_parent
                0x000000000001a9bb                rpl_move_parent
                0x000000000001aac6                rpl_has_downward_route
                0x000000000001ab19                rpl_get_any_dag
                0x000000000001ab7b                rpl_get_instance
                0x000000000001abde                rpl_find_of
                0x000000000001ac1b                rpl_join_instance
                0x000000000001af52                rpl_add_dag
                0x000000000001b423                rpl_local_repair
                0x000000000001b4ff                rpl_recalculate_ranks
                0x000000000001b5a8                rpl_process_parent_event
                0x000000000001b7be                rpl_process_dio
 .text          0x000000000001bebd      0xbf3 obj_cooja/mtype245.a(rpl-ext-header.)
                0x000000000001beda                rpl_verify_header
                0x000000000001c354                rpl_update_header_empty
                0x000000000001c66b                rpl_update_header_final
                0x000000000001c7fa                rpl_remove_header
                0x000000000001c904                rpl_invert_header
                0x000000000001ca8e                rpl_insert_header
 .text          0x000000000001cab0     0x22c2 obj_cooja/mtype245.a(rpl-icmp6.o)
                0x000000000001cd0f                rpl_icmp6_update_nbr_table
                0x000000000001cf09                dis_output
                0x000000000001d830                dio_output
                0x000000000001e8b9                dao_output
                0x000000000001e980                dao_output_target
                0x000000000001ed26                dao_ack_output
                0x000000000001ed3a                rpl_icmp6_register_handlers
 .text          0x000000000001ed72      0x315 obj_cooja/mtype245.a(rpl-mrhof.o)
 .text          0x000000000001f087      0x909 obj_cooja/mtype245.a(rpl-timers.o)
                0x000000000001f373                rpl_reset_periodic_timer
                0x000000000001f3c8                rpl_reset_dio_timer
                0x000000000001f660                rpl_schedule_dao
                0x000000000001f67b                rpl_schedule_dao_immediately
                0x000000000001f696                rpl_cancel_dao
                0x000000000001f6f8                rpl_schedule_unicast_dio_immediately
                0x000000000001f938                rpl_schedule_probing
 .text          0x000000000001f990      0x6e0 obj_cooja/mtype245.a(rpl.o)
                0x000000000001f990                rpl_get_mode
                0x000000000001f99a                rpl_set_mode
                0x000000000001fa5e                rpl_purge_routes
                0x000000000001fb8d                rpl_remove_routes
                0x000000000001fbd3                rpl_remove_routes_by_nexthop
                0x000000000001fc3f                rpl_add_route
                0x000000000001fd0a                rpl_link_neighbor_callback
                0x000000000001fe1e                rpl_ipv6_neighbor_callback
                0x000000000001feca                rpl_purge_dags
                0x000000000001ffde                rpl_init
 .text          0x0000000000020070       0xae obj_cooja/mtype245.a(linkaddr.o)
                0x0000000000020070                linkaddr_copy
                0x0000000000020092                linkaddr_cmp
                0x00000000000200bc                linkaddr_set_node_addr
 .text          0x000000000002011e      0x769 obj_cooja/mtype245.a(nbr-table.o)
                0x000000000002057d                nbr_table_register
                0x00000000000205c5                nbr_table_head
                0x0000000000020621                nbr_table_next
                0x0000000000020688                nbr_table_add_lladdr
                0x0000000000020764                nbr_table_get_from_lladdr
                0x00000000000207b1                nbr_table_remove
                0x0000000000020803                nbr_table_lock
                0x000000000002082d                nbr_table_unlock
                0x0000000000020857                nbr_table_get_lladdr
 .text          0x0000000000020887       0x2b obj_cooja/mtype245.a(netstack.o)
                0x0000000000020887                netstack_init
 .text          0x00000000000208b2      0x3cd obj_cooja/mtype245.a(packetbuf.o)
                0x00000000000208b2                packetbuf_clear
                0x00000000000208dc                packetbuf_copyfrom
                0x000000000002092e                packetbuf_compact
                0x00000000000209ab                packetbuf_copyto
                0x0000000000020a42                packetbuf_hdralloc
                0x0000000000020abf                packetbuf_hdrreduce
                0x0000000000020b07                packetbuf_set_datalen
                0x0000000000020b20                packetbuf_dataptr
                0x0000000000020b3d                packetbuf_hdrptr
                0x0000000000020b47                packetbuf_datalen
                0x0000000000020b53                packetbuf_hdrlen
                0x0000000000020b6a                packetbuf_totlen
                0x0000000000020b80                packetbuf_attr_clear
                0x0000000000020bd2                packetbuf_attr_copyto
                0x0000000000020c1b                packetbuf_attr_copyfrom
                0x0000000000020c63                packetbuf_holds_broadcast
 .text          0x0000000000020c7f      0x2b4 obj_cooja/mtype245.a(queuebuf.o)
                0x0000000000020c89                queuebuf_init
                0x0000000000020ca9                queuebuf_numfree
                0x0000000000020cbd                queuebuf_new_from_packetbuf
                0x0000000000020d4d                queuebuf_update_attr_from_packetbuf
                0x0000000000020d80                queuebuf_update_from_packetbuf
                0x0000000000020dca                queuebuf_free
                0x0000000000020e11                queuebuf_to_packetbuf
                0x0000000000020e77                queuebuf_dataptr
                0x0000000000020eae                queuebuf_datalen
                0x0000000000020ed1                queuebuf_addr
                0x0000000000020f03                queuebuf_attr
                0x0000000000020f2e                queuebuf_debug_print
 .text          0x0000000000020f33      0x831 obj_cooja/mtype245.a(csma.o)
 .text          0x0000000000021764      0x3f5 obj_cooja/mtype245.a(framer-802154.o)
 .text          0x0000000000021b59       0x3c obj_cooja/mtype245.a(mac.o)
                0x0000000000021b59                mac_call_sent_callback
 .text          0x0000000000021b95      0x556 obj_cooja/mtype245.a(nullrdc.o)
 .text          0x00000000000220eb       0x6e obj_cooja/mtype245.a(nullsec.o)
 .text          0x0000000000022159       0x19 obj_cooja/mtype245.a(watchdog.o)
                0x0000000000022159                watchdog_init
                0x000000000002215e                watchdog_start
                0x0000000000022163                watchdog_periodic
                0x0000000000022168                watchdog_stop
                0x000000000002216d                watchdog_reboot
 .text          0x0000000000022172        0x0 obj_cooja/mtype245.a(rimestats.o)
 .text          0x0000000000022172       0xa3 obj_cooja/mtype245.a(stimer.o)
                0x0000000000022172                stimer_set
                0x000000000002218d                stimer_reset
                0x00000000000221a4                stimer_restart
                0x00000000000221b6                stimer_expired
                0x00000000000221dd                stimer_remaining
                0x0000000000022201                stimer_elapsed
 .text          0x0000000000022215      0x1c1 obj_cooja/mtype245.a(memb.o)
                0x0000000000022215                memb_init
                0x0000000000022273                memb_alloc
                0x00000000000222d8                memb_free
                0x0000000000022353                memb_inmemb
                0x0000000000022392                memb_numfree
 .text          0x00000000000223d6      0xc68 obj_cooja/mtype245.a(uip-ds6-route.o)
                0x00000000000224c4                uip_ds6_notification_add
                0x00000000000224f5                uip_ds6_notification_rm
                0x0000000000022511                uip_ds6_route_init
                0x0000000000022599                uip_ds6_route_nexthop
                0x00000000000225c1                uip_ds6_route_head
                0x00000000000225d6                uip_ds6_route_next
                0x00000000000225fc                uip_ds6_route_is_nexthop
                0x000000000002263b                uip_ds6_route_num_routes
                0x0000000000022645                uip_ds6_route_lookup
                0x0000000000022780                uip_ds6_route_add
                0x0000000000022a9d                uip_ds6_route_rm
                0x0000000000022cb0                uip_ds6_route_rm_by_nexthop
                0x0000000000022ce8                uip_ds6_defrt_add
                0x0000000000022df8                uip_ds6_defrt_rm
                0x0000000000022e8d                uip_ds6_defrt_lookup
                0x0000000000022ee6                uip_ds6_defrt_choose
                0x0000000000022fca                uip_ds6_defrt_periodic
 .text          0x000000000002303e     0x1382 obj_cooja/mtype245.a(uip-icmp6.o)
                0x00000000000230ac                uip_icmp6_input
                0x0000000000023102                uip_icmp6_register_input_handler
                0x00000000000238c2                uip_icmp6_error_output
                0x0000000000023e99                uip_icmp6_send
                0x0000000000024353                uip_icmp6_echo_reply_callback_add
                0x0000000000024384                uip_icmp6_echo_reply_callback_rm
                0x00000000000243a0                uip_icmp6_init
 .text          0x00000000000243c0      0x358 obj_cooja/mtype245.a(uip-nd6.o)
                0x0000000000024414                uip_nd6_ns_output
                0x0000000000024713                uip_nd6_init
 .text          0x0000000000024718      0x331 obj_cooja/mtype245.a(rpl-nbr-policy.)
                0x00000000000248f0                find_removable_dis
                0x0000000000024913                find_removable_dio
                0x00000000000249a2                find_removable_dao
                0x00000000000249f2                rpl_nbr_policy_find_removable
 .text          0x0000000000024a49      0x97c obj_cooja/mtype245.a(frame802154.o)
                0x0000000000024a7a                frame802154_get_pan_id
                0x0000000000024a86                frame802154_set_pan_id
                0x0000000000024a9f                frame802154_has_panid
                0x0000000000024b8b                frame802154_check_dest_panid
                0x0000000000024bf3                frame802154_is_broadcast_addr
                0x0000000000024c40                frame802154_extract_linkaddr
                0x0000000000024e80                frame802154_hdrlen
                0x0000000000024ed1                frame802154_create
                0x00000000000250bc                frame802154_parse
 .text          0x00000000000253c5      0x181 obj_cooja/mtype245.a(mac-sequence.o)
                0x00000000000253fc                mac_sequence_is_duplicate
                0x000000000002547f                mac_sequence_register_seqno
 .text          0x0000000000025546        0x0 /usr/lib/gcc/i686-linux-gnu/4.8/crtendS.o
 .text          0x0000000000025546        0x0 /usr/lib/gcc/i686-linux-gnu/4.8/../../../i386-linux-gnu/crtn.o
 *(.gnu.warning)

.fini           0x0000000000025548       0x14
 *(SORT(.fini))
 .fini          0x0000000000025548        0xf /usr/lib/gcc/i686-linux-gnu/4.8/../../../i386-linux-gnu/crti.o
                0x0000000000025548                _fini
 .fini          0x0000000000025557        0x5 /usr/lib/gcc/i686-linux-gnu/4.8/../../../i386-linux-gnu/crtn.o
                0x000000000002555c                PROVIDE (__etext, .)
                0x000000000002555c                PROVIDE (_etext, .)
                0x000000000002555c                PROVIDE (etext, .)

.rodata         0x0000000000025560     0x2e89
 *(.rodata .rodata.* .gnu.linkonce.r.*)
 .rodata        0x0000000000025560      0x148 udp-server.co
                0x0000000000025574                autostart_processes
 .rodata        0x00000000000256a8      0x127 obj_cooja/mtype245.o
 *fill*         0x00000000000257cf        0x1 
 .rodata        0x00000000000257d0        0x8 obj_cooja/mtype245.a(beep.o)
                0x00000000000257d0                beep_interface
 .rodata        0x00000000000257d8       0x20 obj_cooja/mtype245.a(button-sensor.o)
                0x00000000000257d8                button_interface
                0x00000000000257e8                button_sensor
 .rodata        0x00000000000257f8        0x8 obj_cooja/mtype245.a(leds-arch.o)
                0x00000000000257f8                leds_interface
 .rodata        0x0000000000025800        0x8 obj_cooja/mtype245.a(moteid.o)
                0x0000000000025800                moteid_interface
 .rodata        0x0000000000025808       0x1c obj_cooja/mtype245.a(pir-sensor.o)
                0x0000000000025808                pir_interface
                0x0000000000025814                pir_sensor
 .rodata        0x0000000000025824        0xe obj_cooja/mtype245.a(rs232.o)
                0x0000000000025824                rs232_interface
 *fill*         0x0000000000025832        0x2 
 .rodata        0x0000000000025834       0x24 obj_cooja/mtype245.a(vib-sensor.o)
                0x0000000000025834                vib_interface
                0x0000000000025848                vib_sensor
 .rodata        0x0000000000025858        0x8 obj_cooja/mtype245.a(clock.o)
                0x0000000000025858                clock_interface
 .rodata        0x0000000000025860        0x8 obj_cooja/mtype245.a(log.o)
                0x0000000000025860                simlog_interface
 .rodata        0x0000000000025868       0x2f obj_cooja/mtype245.a(cfs-cooja.o)
                0x0000000000025868                cfs_interface
 *fill*         0x0000000000025897        0x9 
 .rodata        0x00000000000258a0      0x120 obj_cooja/mtype245.a(cooja-radio.o)
                0x0000000000025980                cooja_radio_driver
                0x00000000000259b8                radio_interface
 .rodata        0x00000000000259c0        0x8 obj_cooja/mtype245.a(eeprom.o)
                0x00000000000259c0                eeprom_interface
 .rodata        0x00000000000259c8        0x8 obj_cooja/mtype245.a(sensors.o)
 .rodata        0x00000000000259d0      0x196 obj_cooja/mtype245.a(dual_conf.o)
 .rodata        0x0000000000025b66        0xf obj_cooja/mtype245.a(ctimer.o)
 .rodata        0x0000000000025b75        0xc obj_cooja/mtype245.a(etimer.o)
 .rodata        0x0000000000025b81        0xe obj_cooja/mtype245.a(serial-line.o)
 *fill*         0x0000000000025b8f        0x1 
 .rodata        0x0000000000025b90       0x18 obj_cooja/mtype245.a(sicslowpan.o)
                0x0000000000025b9c                sicslowpan_driver
 .rodata        0x0000000000025ba8      0x134 obj_cooja/mtype245.a(uip-ds6.o)
 .rodata        0x0000000000025cdc      0x590 obj_cooja/mtype245.a(uip6.o)
 .rodata        0x000000000002626c      0x113 obj_cooja/mtype245.a(tcpip.o)
 .rodata        0x000000000002637f       0x3e obj_cooja/mtype245.a(uip-debug.o)
 *fill*         0x00000000000263bd        0x3 
 .rodata        0x00000000000263c0      0xc0b obj_cooja/mtype245.a(rpl-dag.o)
 *fill*         0x0000000000026fcb        0x1 
 .rodata        0x0000000000026fcc      0x8a4 obj_cooja/mtype245.a(rpl-icmp6.o)
 .rodata        0x0000000000027870       0x6f obj_cooja/mtype245.a(rpl-mrhof.o)
 *fill*         0x00000000000278df        0x1 
 .rodata        0x00000000000278e0      0x260 obj_cooja/mtype245.a(rpl-timers.o)
 .rodata        0x0000000000027b40      0x1be obj_cooja/mtype245.a(rpl.o)
 .rodata        0x0000000000027cfe        0x8 obj_cooja/mtype245.a(linkaddr.o)
                0x0000000000027cfe                linkaddr_null
 *fill*         0x0000000000027d06        0x2 
 .rodata        0x0000000000027d08       0x24 obj_cooja/mtype245.a(csma.o)
                0x0000000000027d10                csma_driver
 .rodata        0x0000000000027d2c        0xc obj_cooja/mtype245.a(framer-802154.o)
                0x0000000000027d2c                framer_802154
 *fill*         0x0000000000027d38        0x8 
 .rodata        0x0000000000027d40      0x140 obj_cooja/mtype245.a(nullrdc.o)
                0x0000000000027e60                nullrdc_driver
 .rodata        0x0000000000027e80       0x18 obj_cooja/mtype245.a(nullsec.o)
                0x0000000000027e88                nullsec_driver
 .rodata        0x0000000000027e98      0x480 obj_cooja/mtype245.a(uip-ds6-route.o)
 .rodata        0x0000000000028318       0xd1 obj_cooja/mtype245.a(uip-icmp6.o)

.rodata1
 *(.rodata1)

.eh_frame_hdr   0x00000000000283ec     0x12e4
 *(.eh_frame_hdr)
 .eh_frame_hdr  0x00000000000283ec     0x12e4 udp-server.co

.eh_frame       0x00000000000296d0     0x4d00
 *(.eh_frame)
 .eh_frame      0x00000000000296d0       0x3c /usr/lib/gcc/i686-linux-gnu/4.8/../../../i386-linux-gnu/crti.o
                                         0x40 (size before relaxing)
 .eh_frame      0x000000000002970c       0x68 udp-server.co
                                         0x80 (size before relaxing)
 .eh_frame      0x0000000000029774      0x148 obj_cooja/mtype245.o
                                        0x160 (size before relaxing)
 .eh_frame      0x00000000000298bc       0x40 obj_cooja/mtype245.a(simEnvChange.o)
                                         0x58 (size before relaxing)
 .eh_frame      0x00000000000298fc       0xc0 obj_cooja/mtype245.a(cooja_mt.o)
                                         0xd8 (size before relaxing)
 .eh_frame      0x00000000000299bc      0x120 obj_cooja/mtype245.a(cooja_mtarch.o)
                                        0x138 (size before relaxing)
 .eh_frame      0x0000000000029adc       0xc0 obj_cooja/mtype245.a(rtimer-arch.o)
                                         0xd8 (size before relaxing)
 .eh_frame      0x0000000000029b9c      0x160 obj_cooja/mtype245.a(beep.o)
                                        0x178 (size before relaxing)
 .eh_frame      0x0000000000029cfc       0xa0 obj_cooja/mtype245.a(button-sensor.o)
                                         0xb8 (size before relaxing)
 .eh_frame      0x0000000000029d9c       0xa0 obj_cooja/mtype245.a(leds-arch.o)
                                         0xb8 (size before relaxing)
 .eh_frame      0x0000000000029e3c       0x40 obj_cooja/mtype245.a(moteid.o)
                                         0x58 (size before relaxing)
 .eh_frame      0x0000000000029e7c       0xa0 obj_cooja/mtype245.a(pir-sensor.o)
                                         0xb8 (size before relaxing)
 .eh_frame      0x0000000000029f1c      0x100 obj_cooja/mtype245.a(rs232.o)
                                        0x118 (size before relaxing)
 .eh_frame      0x000000000002a01c       0xa0 obj_cooja/mtype245.a(vib-sensor.o)
                                         0xb8 (size before relaxing)
 .eh_frame      0x000000000002a0bc       0xc0 obj_cooja/mtype245.a(clock.o)
                                         0xd8 (size before relaxing)
 .eh_frame      0x000000000002a17c      0x120 obj_cooja/mtype245.a(log.o)
                                        0x138 (size before relaxing)
 .eh_frame      0x000000000002a29c      0x160 obj_cooja/mtype245.a(cfs-cooja.o)
                                        0x178 (size before relaxing)
 .eh_frame      0x000000000002a3fc      0x2e0 obj_cooja/mtype245.a(cooja-radio.o)
                                        0x2f8 (size before relaxing)
 .eh_frame      0x000000000002a6dc       0xa0 obj_cooja/mtype245.a(eeprom.o)
                                         0xb8 (size before relaxing)
 .eh_frame      0x000000000002a77c       0x40 obj_cooja/mtype245.a(random.o)
                                         0x58 (size before relaxing)
 .eh_frame      0x000000000002a7bc       0xc0 obj_cooja/mtype245.a(sensors.o)
                                         0xd8 (size before relaxing)
 .eh_frame      0x000000000002a87c      0x120 obj_cooja/mtype245.a(dual_conf.o)
                                        0x138 (size before relaxing)
 .eh_frame      0x000000000002a99c       0x40 obj_cooja/mtype245.a(autostart.o)
                                         0x58 (size before relaxing)
 .eh_frame      0x000000000002a9dc      0x100 obj_cooja/mtype245.a(ctimer.o)
                                        0x118 (size before relaxing)
 .eh_frame      0x000000000002aadc      0x1e0 obj_cooja/mtype245.a(etimer.o)
                                        0x1f8 (size before relaxing)
 .eh_frame      0x000000000002acbc      0x1c8 obj_cooja/mtype245.a(process.o)
                                        0x1e0 (size before relaxing)
 .eh_frame      0x000000000002ae84       0x60 obj_cooja/mtype245.a(rtimer.o)
                                         0x78 (size before relaxing)
 .eh_frame      0x000000000002aee4       0xa4 obj_cooja/mtype245.a(timer.o)
                                         0xbc (size before relaxing)
 .eh_frame      0x000000000002af88       0x60 obj_cooja/mtype245.a(serial-line.o)
                                         0x78 (size before relaxing)
 .eh_frame      0x000000000002afe8      0x180 obj_cooja/mtype245.a(list.o)
                                        0x198 (size before relaxing)
 .eh_frame      0x000000000002b168       0xa0 obj_cooja/mtype245.a(ringbuf.o)
                                         0xb8 (size before relaxing)
 .eh_frame      0x000000000002b208      0x278 obj_cooja/mtype245.a(sicslowpan.o)
                                        0x290 (size before relaxing)
 .eh_frame      0x000000000002b480      0x180 obj_cooja/mtype245.a(uip-ds6-nbr.o)
                                        0x198 (size before relaxing)
 .eh_frame      0x000000000002b600      0x3c8 obj_cooja/mtype245.a(uip-ds6.o)
                                        0x3e0 (size before relaxing)
 .eh_frame      0x000000000002b9c8      0x27c obj_cooja/mtype245.a(uip6.o)
                                        0x294 (size before relaxing)
 .eh_frame      0x000000000002bc44      0x270 obj_cooja/mtype245.a(tcpip.o)
                                        0x288 (size before relaxing)
 .eh_frame      0x000000000002beb4       0x48 obj_cooja/mtype245.a(uip-debug.o)
                                         0x60 (size before relaxing)
 .eh_frame      0x000000000002befc       0xe0 obj_cooja/mtype245.a(uip-packetqueue)
                                         0xf8 (size before relaxing)
 .eh_frame      0x000000000002bfdc      0x674 obj_cooja/mtype245.a(rpl-dag.o)
                                        0x68c (size before relaxing)
 .eh_frame      0x000000000002c650      0x10c obj_cooja/mtype245.a(rpl-ext-header.)
                                        0x124 (size before relaxing)
 .eh_frame      0x000000000002c75c      0x288 obj_cooja/mtype245.a(rpl-icmp6.o)
                                        0x2a0 (size before relaxing)
 .eh_frame      0x000000000002c9e4       0xe4 obj_cooja/mtype245.a(rpl-mrhof.o)
                                         0xfc (size before relaxing)
 .eh_frame      0x000000000002cac8      0x210 obj_cooja/mtype245.a(rpl-timers.o)
                                        0x228 (size before relaxing)
 .eh_frame      0x000000000002ccd8      0x140 obj_cooja/mtype245.a(rpl.o)
                                        0x158 (size before relaxing)
 .eh_frame      0x000000000002ce18       0x60 obj_cooja/mtype245.a(linkaddr.o)
                                         0x78 (size before relaxing)
 .eh_frame      0x000000000002ce78      0x26c obj_cooja/mtype245.a(nbr-table.o)
                                        0x284 (size before relaxing)
 .eh_frame      0x000000000002d0e4       0x20 obj_cooja/mtype245.a(netstack.o)
                                         0x38 (size before relaxing)
 .eh_frame      0x000000000002d104      0x214 obj_cooja/mtype245.a(packetbuf.o)
                                        0x22c (size before relaxing)
 .eh_frame      0x000000000002d318      0x1a0 obj_cooja/mtype245.a(queuebuf.o)
                                        0x1b8 (size before relaxing)
 .eh_frame      0x000000000002d4b8      0x28c obj_cooja/mtype245.a(csma.o)
                                        0x2a4 (size before relaxing)
 .eh_frame      0x000000000002d744      0x108 obj_cooja/mtype245.a(framer-802154.o)
                                        0x120 (size before relaxing)
 .eh_frame      0x000000000002d84c       0x20 obj_cooja/mtype245.a(mac.o)
                                         0x38 (size before relaxing)
 .eh_frame      0x000000000002d86c      0x18c obj_cooja/mtype245.a(nullrdc.o)
                                        0x1a4 (size before relaxing)
 .eh_frame      0x000000000002d9f8       0x80 obj_cooja/mtype245.a(nullsec.o)
                                         0x98 (size before relaxing)
 .eh_frame      0x000000000002da78       0xa0 obj_cooja/mtype245.a(watchdog.o)
                                         0xb8 (size before relaxing)
 .eh_frame      0x000000000002db18       0xc4 obj_cooja/mtype245.a(stimer.o)
                                         0xdc (size before relaxing)
 .eh_frame      0x000000000002dbdc       0xa0 obj_cooja/mtype245.a(memb.o)
                                         0xb8 (size before relaxing)
 .eh_frame      0x000000000002dc7c      0x2c0 obj_cooja/mtype245.a(uip-ds6-route.o)
                                        0x2d8 (size before relaxing)
 .eh_frame      0x000000000002df3c      0x17c obj_cooja/mtype245.a(uip-icmp6.o)
                                        0x194 (size before relaxing)
 .eh_frame      0x000000000002e0b8       0x68 obj_cooja/mtype245.a(uip-nd6.o)
                                         0x80 (size before relaxing)
 .eh_frame      0x000000000002e120       0xc0 obj_cooja/mtype245.a(rpl-nbr-policy.)
                                         0xd8 (size before relaxing)
 .eh_frame      0x000000000002e1e0      0x164 obj_cooja/mtype245.a(frame802154.o)
                                        0x17c (size before relaxing)
 .eh_frame      0x000000000002e344       0x88 obj_cooja/mtype245.a(mac-sequence.o)
                                         0xa0 (size before relaxing)
 .eh_frame      0x000000000002e3cc        0x4 /usr/lib/gcc/i686-linux-gnu/4.8/crtendS.o

.gcc_except_table
 *(.gcc_except_table .gcc_except_table.*)

.exception_ranges
 *(.exception_ranges .exception_ranges*)
                0x000000000002e3d0                . = (ALIGN (0x1000) - ((0x1000 - .) & 0xfff))
                0x000000000002fef8                . = DATA_SEGMENT_ALIGN (0x1000, 0x1000)

.eh_frame
 *(.eh_frame)

.gcc_except_table
 *(.gcc_except_table .gcc_except_table.*)

.exception_ranges
 *(.exception_ranges .exception_ranges*)

.tdata
 *(.tdata .tdata.* .gnu.linkonce.td.*)

.tbss
 *(.tbss .tbss.* .gnu.linkonce.tb.*)
 *(.tcommon)

.preinit_array
 *(.preinit_array)

.init_array     0x000000000002fef8        0x4
 *(SORT(.init_array.*) SORT(.ctors.*))
 *(.init_array EXCLUDE_FILE(*crtend?.o *crtend.o *crtbegin?.o *crtbegin.o) .ctors)
 .init_array    0x000000000002fef8        0x4 /usr/lib/gcc/i686-linux-gnu/4.8/crtbeginS.o

.fini_array     0x000000000002fefc        0x4
 *(SORT(.fini_array.*) SORT(.dtors.*))
 *(.fini_array EXCLUDE_FILE(*crtend?.o *crtend.o *crtbegin?.o *crtbegin.o) .dtors)
 .fini_array    0x000000000002fefc        0x4 /usr/lib/gcc/i686-linux-gnu/4.8/crtbeginS.o

.ctors
 *crtbegin.o(.ctors)
 *crtbegin?.o(.ctors)
 *(EXCLUDE_FILE(*crtend?.o *crtend.o) .ctors)
 *(SORT(.ctors.*))
 *(.ctors)

.dtors
 *crtbegin.o(.dtors)
 *crtbegin?.o(.dtors)
 *(EXCLUDE_FILE(*crtend?.o *crtend.o) .dtors)
 *(SORT(.dtors.*))
 *(.dtors)

.jcr            0x000000000002ff00        0x4
 *(.jcr)
 .jcr           0x000000000002ff00        0x0 /usr/lib/gcc/i686-linux-gnu/4.8/crtbeginS.o
 .jcr           0x000000000002ff00        0x4 /usr/lib/gcc/i686-linux-gnu/4.8/crtendS.o

.data.rel.ro
 *(.data.rel.ro.local* .gnu.linkonce.d.rel.ro.local.*)
 *(.data.rel.ro .data.rel.ro.* .gnu.linkonce.d.rel.ro.*)

.dynamic        0x000000000002ff04       0xe8
 *(.dynamic)
 .dynamic       0x000000000002ff04       0xe8 /usr/lib/gcc/i686-linux-gnu/4.8/../../../i386-linux-gnu/crti.o
                0x000000000002ff04                _DYNAMIC

.got            0x000000000002ffec       0x14
 *(.got)
 .got           0x000000000002ffec       0x14 /usr/lib/gcc/i686-linux-gnu/4.8/../../../i386-linux-gnu/crti.o
 *(.igot)
                0x0000000000030ff4                . = DATA_SEGMENT_RELRO_END (., (SIZEOF (.got.plt) >= 0xc)?0xc:0x0)

.got.plt        0x0000000000030000       0x14
 *(.got.plt)
 .got.plt       0x0000000000030000       0x14 /usr/lib/gcc/i686-linux-gnu/4.8/../../../i386-linux-gnu/crti.o
                0x0000000000030000                _GLOBAL_OFFSET_TABLE_
 *(.igot.plt)

.data           0x0000000000030020      0x246
 *(.data .data.* .gnu.linkonce.d.*)
 .data          0x0000000000030020        0x0 /usr/lib/gcc/i686-linux-gnu/4.8/../../../i386-linux-gnu/crti.o
 .data          0x0000000000030020        0x0 /usr/lib/gcc/i686-linux-gnu/4.8/crtbeginS.o
 .data.rel      0x0000000000030020        0x4 /usr/lib/gcc/i686-linux-gnu/4.8/crtbeginS.o
                0x0000000000030020                __dso_handle
 .data          0x0000000000030024       0x10 udp-server.co
                0x0000000000030024                udp_server_process
 *fill*         0x0000000000030034        0xc 
 .data          0x0000000000030040       0x44 obj_cooja/mtype245.o
                0x0000000000030040                simInterfaces
                0x0000000000030074                sensors
 .data          0x0000000000030084        0x0 obj_cooja/mtype245.a(simEnvChange.o)
 .data          0x0000000000030084        0x0 obj_cooja/mtype245.a(cooja_mt.o)
 .data          0x0000000000030084        0x0 obj_cooja/mtype245.a(cooja_mtarch.o)
 .data          0x0000000000030084        0x0 obj_cooja/mtype245.a(rtimer-arch.o)
 .data          0x0000000000030084        0x0 obj_cooja/mtype245.a(beep.o)
 .data          0x0000000000030084        0x0 obj_cooja/mtype245.a(button-sensor.o)
 .data          0x0000000000030084        0x0 obj_cooja/mtype245.a(leds-arch.o)
 .data          0x0000000000030084        0x0 obj_cooja/mtype245.a(moteid.o)
 .data          0x0000000000030084        0x0 obj_cooja/mtype245.a(pir-sensor.o)
 .data          0x0000000000030084        0x0 obj_cooja/mtype245.a(rs232.o)
 .data          0x0000000000030084        0x0 obj_cooja/mtype245.a(vib-sensor.o)
 .data          0x0000000000030084        0x0 obj_cooja/mtype245.a(clock.o)
 .data          0x0000000000030084        0x0 obj_cooja/mtype245.a(log.o)
 .data          0x0000000000030084        0x0 obj_cooja/mtype245.a(cfs-cooja.o)
 .data          0x0000000000030084       0x2c obj_cooja/mtype245.a(cooja-radio.o)
                0x0000000000030084                simRadioHWOn
                0x0000000000030088                simSignalStrength
                0x000000000003008c                simLastSignalStrength
                0x0000000000030090                simPower
                0x0000000000030094                simRadioChannel
                0x0000000000030098                simRadioChannelLR
                0x000000000003009c                simLQI
                0x00000000000300a0                cooja_radio_process
 .data          0x00000000000300b0        0x0 obj_cooja/mtype245.a(eeprom.o)
 .data          0x00000000000300b0        0x0 obj_cooja/mtype245.a(random.o)
 .data          0x00000000000300b0       0x10 obj_cooja/mtype245.a(sensors.o)
                0x00000000000300b0                sensors_process
 .data          0x00000000000300c0       0x24 obj_cooja/mtype245.a(dual_conf.o)
                0x00000000000300c0                radio_received
                0x00000000000300c4                dual_dio_broadcast
                0x00000000000300d4                dual_dis_broadcast
 .data          0x00000000000300e4        0x0 obj_cooja/mtype245.a(autostart.o)
 .data          0x00000000000300e4       0x14 obj_cooja/mtype245.a(ctimer.o)
                0x00000000000300e8                ctimer_process
 .data          0x00000000000300f8       0x10 obj_cooja/mtype245.a(etimer.o)
                0x00000000000300f8                etimer_process
 .data          0x0000000000030108        0x0 obj_cooja/mtype245.a(process.o)
 .data          0x0000000000030108        0x0 obj_cooja/mtype245.a(rtimer.o)
 .data          0x0000000000030108        0x0 obj_cooja/mtype245.a(timer.o)
 .data          0x0000000000030108       0x10 obj_cooja/mtype245.a(serial-line.o)
                0x0000000000030108                serial_line_process
 .data          0x0000000000030118        0x0 obj_cooja/mtype245.a(list.o)
 .data          0x0000000000030118        0x0 obj_cooja/mtype245.a(ringbuf.o)
 .data          0x0000000000030118        0x0 obj_cooja/mtype245.a(sicslowpan.o)
 .data          0x0000000000030118       0x14 obj_cooja/mtype245.a(uip-ds6-nbr.o)
                0x0000000000030128                ds6_neighbors
 .data          0x000000000003012c        0x0 obj_cooja/mtype245.a(uip-ds6.o)
 .data          0x000000000003012c        0x0 obj_cooja/mtype245.a(uip6.o)
 .data          0x000000000003012c       0x10 obj_cooja/mtype245.a(tcpip.o)
                0x000000000003012c                tcpip_process
 .data          0x000000000003013c        0x0 obj_cooja/mtype245.a(uip-debug.o)
 .data          0x000000000003013c        0xc obj_cooja/mtype245.a(uip-packetqueue)
 .data          0x0000000000030148       0x14 obj_cooja/mtype245.a(rpl-dag.o)
                0x0000000000030158                rpl_parents
 .data          0x000000000003015c        0x0 obj_cooja/mtype245.a(rpl-ext-header.)
 .data          0x000000000003015c       0x34 obj_cooja/mtype245.a(rpl-icmp6.o)
 .data          0x0000000000030190       0x1c obj_cooja/mtype245.a(rpl-mrhof.o)
                0x0000000000030190                rpl_mrhof
 .data          0x00000000000301ac        0x0 obj_cooja/mtype245.a(rpl-timers.o)
 .data          0x00000000000301ac        0x0 obj_cooja/mtype245.a(rpl.o)
 .data          0x00000000000301ac        0x0 obj_cooja/mtype245.a(linkaddr.o)
 .data          0x00000000000301ac       0x10 obj_cooja/mtype245.a(nbr-table.o)
 .data          0x00000000000301bc        0x0 obj_cooja/mtype245.a(netstack.o)
 .data          0x00000000000301bc        0x4 obj_cooja/mtype245.a(packetbuf.o)
 .data          0x00000000000301c0       0x18 obj_cooja/mtype245.a(queuebuf.o)
 .data          0x00000000000301d8       0x28 obj_cooja/mtype245.a(csma.o)
 .data          0x0000000000030200        0x0 obj_cooja/mtype245.a(framer-802154.o)
 .data          0x0000000000030200        0x0 obj_cooja/mtype245.a(mac.o)
 .data          0x0000000000030200        0x0 obj_cooja/mtype245.a(nullrdc.o)
 .data          0x0000000000030200        0x0 obj_cooja/mtype245.a(nullsec.o)
 .data          0x0000000000030200        0x0 obj_cooja/mtype245.a(watchdog.o)
 .data          0x0000000000030200        0x0 obj_cooja/mtype245.a(rimestats.o)
 .data          0x0000000000030200        0x0 obj_cooja/mtype245.a(stimer.o)
 .data          0x0000000000030200        0x0 obj_cooja/mtype245.a(memb.o)
 .data          0x0000000000030200       0x44 obj_cooja/mtype245.a(uip-ds6-route.o)
                0x0000000000030210                nbr_routes
 .data          0x0000000000030244       0x20 obj_cooja/mtype245.a(uip-icmp6.o)
 .data          0x0000000000030264        0x0 obj_cooja/mtype245.a(uip-nd6.o)
 .data          0x0000000000030264        0x0 obj_cooja/mtype245.a(rpl-nbr-policy.)
 .data          0x0000000000030264        0x2 obj_cooja/mtype245.a(frame802154.o)
 .data          0x0000000000030266        0x0 obj_cooja/mtype245.a(mac-sequence.o)
 .data          0x0000000000030266        0x0 /usr/lib/gcc/i686-linux-gnu/4.8/crtendS.o
 .data          0x0000000000030266        0x0 /usr/lib/gcc/i686-linux-gnu/4.8/../../../i386-linux-gnu/crtn.o

.tm_clone_table
                0x0000000000030268        0x0
 .tm_clone_table
                0x0000000000030268        0x0 /usr/lib/gcc/i686-linux-gnu/4.8/crtbeginS.o
 .tm_clone_table
                0x0000000000030268        0x0 /usr/lib/gcc/i686-linux-gnu/4.8/crtendS.o

.data1
 *(.data1)
                0x0000000000030268                _edata = .
                0x0000000000030268                PROVIDE (edata, .)
                0x0000000000030268                . = .
                0x0000000000030268                __bss_start = .

.bss            0x0000000000030280     0x81e8
 *(.dynbss)
 .dynbss        0x0000000000000000        0x0 /usr/lib/gcc/i686-linux-gnu/4.8/../../../i386-linux-gnu/crti.o
 *(.bss .bss.* .gnu.linkonce.b.*)
 .bss           0x0000000000030280        0x0 /usr/lib/gcc/i686-linux-gnu/4.8/../../../i386-linux-gnu/crti.o
 .bss           0x0000000000030280        0x1 /usr/lib/gcc/i686-linux-gnu/4.8/crtbeginS.o
 *fill*         0x0000000000030281        0x3 
 .bss           0x0000000000030284        0x4 udp-server.co
 *fill*         0x0000000000030288       0x18 
 .bss           0x00000000000302a0     0x2030 obj_cooja/mtype245.o
 .bss           0x00000000000322d0        0x1 obj_cooja/mtype245.a(simEnvChange.o)
                0x00000000000322d0                simDontFallAsleep
 *fill*         0x00000000000322d1        0x3 
 .bss           0x00000000000322d4        0x4 obj_cooja/mtype245.a(cooja_mt.o)
 .bss           0x00000000000322d8        0x4 obj_cooja/mtype245.a(cooja_mtarch.o)
 .bss           0x00000000000322dc        0xc obj_cooja/mtype245.a(rtimer-arch.o)
 .bss           0x00000000000322e8        0x0 obj_cooja/mtype245.a(beep.o)
 .bss           0x00000000000322e8        0x8 obj_cooja/mtype245.a(button-sensor.o)
 .bss           0x00000000000322f0        0x0 obj_cooja/mtype245.a(leds-arch.o)
 .bss           0x00000000000322f0        0x0 obj_cooja/mtype245.a(moteid.o)
 .bss           0x00000000000322f0        0x1 obj_cooja/mtype245.a(pir-sensor.o)
                0x00000000000322f0                simPirValue
 *fill*         0x00000000000322f1        0x3 
 .bss           0x00000000000322f4        0x4 obj_cooja/mtype245.a(rs232.o)
 .bss           0x00000000000322f8        0x1 obj_cooja/mtype245.a(vib-sensor.o)
                0x00000000000322f8                simVibValue
 .bss           0x00000000000322f9        0x0 obj_cooja/mtype245.a(clock.o)
 *fill*         0x00000000000322f9        0x7 
 .bss           0x0000000000032300      0x420 obj_cooja/mtype245.a(log.o)
 .bss           0x0000000000032720      0xfc0 obj_cooja/mtype245.a(cfs-cooja.o)
                0x0000000000032720                simCFSData
                0x00000000000336c0                simCFSSize
                0x00000000000336c4                simCFSChanged
                0x00000000000336c8                simCFSRead
                0x00000000000336cc                simCFSWritten
 .bss           0x00000000000336e0       0x20 obj_cooja/mtype245.a(cooja-radio.o)
                0x00000000000336e0                simReceiving
                0x00000000000336e1                simReceivingLR
                0x00000000000336e4                simInSize
                0x00000000000336e8                simInSizeLR
                0x00000000000336ec                simOutSize
                0x00000000000336f0                simOutSizeLR
                0x00000000000336f4                LongRangeTransmit
                0x00000000000336f8                LongRangeReceiving
 .bss           0x0000000000033700        0xc obj_cooja/mtype245.a(eeprom.o)
                0x0000000000033700                simEEPROMChanged
                0x0000000000033704                simEEPROMRead
                0x0000000000033708                simEEPROMWritten
 .bss           0x000000000003370c        0x0 obj_cooja/mtype245.a(random.o)
 .bss           0x000000000003370c        0xc obj_cooja/mtype245.a(sensors.o)
 .bss           0x0000000000033718       0x28 obj_cooja/mtype245.a(dual_conf.o)
                0x0000000000033718                long_range_radio
 .bss           0x0000000000033740        0x0 obj_cooja/mtype245.a(autostart.o)
 .bss           0x0000000000033740        0x5 obj_cooja/mtype245.a(ctimer.o)
 *fill*         0x0000000000033745        0x3 
 .bss           0x0000000000033748        0x8 obj_cooja/mtype245.a(etimer.o)
 *fill*         0x0000000000033750       0x10 
 .bss           0x0000000000033760      0x1b1 obj_cooja/mtype245.a(process.o)
                0x0000000000033760                process_list
                0x0000000000033764                process_current
 *fill*         0x0000000000033911        0x3 
 .bss           0x0000000000033914        0x4 obj_cooja/mtype245.a(rtimer.o)
 .bss           0x0000000000033918        0x0 obj_cooja/mtype245.a(timer.o)
 *fill*         0x0000000000033918        0x8 
 .bss           0x0000000000033920      0x140 obj_cooja/mtype245.a(serial-line.o)
 .bss           0x0000000000033a60        0x0 obj_cooja/mtype245.a(list.o)
 .bss           0x0000000000033a60        0x0 obj_cooja/mtype245.a(ringbuf.o)
 .bss           0x0000000000033a60      0x6f0 obj_cooja/mtype245.a(sicslowpan.o)
 *fill*         0x0000000000034150       0x10 
 .bss           0x0000000000034160       0xf0 obj_cooja/mtype245.a(uip-ds6-nbr.o)
 .bss           0x0000000000034250       0x30 obj_cooja/mtype245.a(uip-ds6.o)
 .bss           0x0000000000034280        0xe obj_cooja/mtype245.a(uip6.o)
                0x0000000000034280                uip_ext_bitmap
                0x0000000000034281                uip_ext_len
                0x0000000000034282                uip_ext_opt_offset
 *fill*         0x000000000003428e       0x12 
 .bss           0x00000000000342a0       0x6a obj_cooja/mtype245.a(tcpip.o)
 .bss           0x000000000003430a        0x0 obj_cooja/mtype245.a(uip-debug.o)
 *fill*         0x000000000003430a       0x16 
 .bss           0x0000000000034320      0xcf8 obj_cooja/mtype245.a(uip-packetqueue)
 *fill*         0x0000000000035018        0x8 
 .bss           0x0000000000035020       0xa0 obj_cooja/mtype245.a(rpl-dag.o)
 .bss           0x00000000000350c0        0x0 obj_cooja/mtype245.a(rpl-ext-header.)
 .bss           0x00000000000350c0        0x0 obj_cooja/mtype245.a(rpl-icmp6.o)
 .bss           0x00000000000350c0        0x0 obj_cooja/mtype245.a(rpl-mrhof.o)
 .bss           0x00000000000350c0       0x23 obj_cooja/mtype245.a(rpl-timers.o)
 *fill*         0x00000000000350e3        0x1 
 .bss           0x00000000000350e4        0x4 obj_cooja/mtype245.a(rpl.o)
 .bss           0x00000000000350e8        0x0 obj_cooja/mtype245.a(linkaddr.o)
 *fill*         0x00000000000350e8       0x18 
 .bss           0x0000000000035100       0xdc obj_cooja/mtype245.a(nbr-table.o)
 .bss           0x00000000000351dc        0x0 obj_cooja/mtype245.a(netstack.o)
 *fill*         0x00000000000351dc        0x4 
 .bss           0x00000000000351e0       0xa0 obj_cooja/mtype245.a(packetbuf.o)
 .bss           0x0000000000035280      0xb80 obj_cooja/mtype245.a(queuebuf.o)
 .bss           0x0000000000035e00      0x248 obj_cooja/mtype245.a(csma.o)
 .bss           0x0000000000036048        0x2 obj_cooja/mtype245.a(framer-802154.o)
 .bss           0x000000000003604a        0x0 obj_cooja/mtype245.a(mac.o)
 .bss           0x000000000003604a        0x0 obj_cooja/mtype245.a(nullrdc.o)
 .bss           0x000000000003604a        0x0 obj_cooja/mtype245.a(nullsec.o)
 .bss           0x000000000003604a        0x0 obj_cooja/mtype245.a(watchdog.o)
 .bss           0x000000000003604a        0x0 obj_cooja/mtype245.a(rimestats.o)
 .bss           0x000000000003604a        0x0 obj_cooja/mtype245.a(stimer.o)
 .bss           0x000000000003604a        0x0 obj_cooja/mtype245.a(memb.o)
 *fill*         0x000000000003604a       0x16 
 .bss           0x0000000000036060      0x2a8 obj_cooja/mtype245.a(uip-ds6-route.o)
 .bss           0x0000000000036308       0x18 obj_cooja/mtype245.a(uip-icmp6.o)
 .bss           0x0000000000036320        0x0 obj_cooja/mtype245.a(uip-nd6.o)
 .bss           0x0000000000036320       0x44 obj_cooja/mtype245.a(rpl-nbr-policy.)
 .bss           0x0000000000036364        0x0 obj_cooja/mtype245.a(frame802154.o)
 *fill*         0x0000000000036364       0x1c 
 .bss           0x0000000000036380       0x90 obj_cooja/mtype245.a(mac-sequence.o)
 .bss           0x0000000000036410        0x0 /usr/lib/gcc/i686-linux-gnu/4.8/crtendS.o
 .bss           0x0000000000036410        0x0 /usr/lib/gcc/i686-linux-gnu/4.8/../../../i386-linux-gnu/crtn.o
 *(COMMON)
 COMMON         0x0000000000036410        0x8 obj_cooja/mtype245.o
                0x0000000000036410                referenceVar
                0x0000000000036414                sensors_flags
 COMMON         0x0000000000036418        0xc obj_cooja/mtype245.a(simEnvChange.o)
                0x0000000000036418                simEtimerPending
                0x000000000003641c                simProcessRunValue
                0x0000000000036420                simNextExpirationTime
 COMMON         0x0000000000036424        0x1 obj_cooja/mtype245.a(beep.o)
                0x0000000000036424                simBeeped
 COMMON         0x0000000000036425        0x3 obj_cooja/mtype245.a(button-sensor.o)
                0x0000000000036425                simButtonIsActive
                0x0000000000036426                simButtonIsDown
                0x0000000000036427                simButtonChanged
 COMMON         0x0000000000036428        0x1 obj_cooja/mtype245.a(leds-arch.o)
                0x0000000000036428                simLedsValue
 *fill*         0x0000000000036429        0x3 
 COMMON         0x000000000003642c        0xc obj_cooja/mtype245.a(moteid.o)
                0x000000000003642c                simRandomSeed
                0x0000000000036430                simMoteIDChanged
                0x0000000000036434                simMoteID
 COMMON         0x0000000000036438        0x2 obj_cooja/mtype245.a(pir-sensor.o)
                0x0000000000036438                simPirIsActive
                0x0000000000036439                simPirChanged
 *fill*         0x000000000003643a        0x6 
 COMMON         0x0000000000036440      0x820 obj_cooja/mtype245.a(rs232.o)
                0x0000000000036440                simSerialReceivingFlag
                0x0000000000036444                simSerialReceivingLength
                0x0000000000036460                simSerialReceivingData
 COMMON         0x0000000000036c60        0x2 obj_cooja/mtype245.a(vib-sensor.o)
                0x0000000000036c60                simVibChanged
                0x0000000000036c61                simVibIsActive
 *fill*         0x0000000000036c62        0x2 
 COMMON         0x0000000000036c64        0x4 obj_cooja/mtype245.a(clock.o)
                0x0000000000036c64                simCurrentTime
 *fill*         0x0000000000036c68       0x18 
 COMMON         0x0000000000036c80      0x420 obj_cooja/mtype245.a(log.o)
                0x0000000000036c80                simLoggedLength
                0x0000000000036c84                simLoggedFlag
                0x0000000000036ca0                simLoggedData
 COMMON         0x00000000000370a0      0x200 obj_cooja/mtype245.a(cooja-radio.o)
                0x00000000000370a0                simOutDataBuffer
                0x0000000000037120                simInDataBufferLR
                0x00000000000371a0                simOutDataBufferLR
                0x0000000000037220                simInDataBuffer
 COMMON         0x00000000000372a0      0x400 obj_cooja/mtype245.a(eeprom.o)
                0x00000000000372a0                simEEPROMData
 COMMON         0x00000000000376a0        0x1 obj_cooja/mtype245.a(sensors.o)
                0x00000000000376a0                sensors_event
 COMMON         0x00000000000376a1        0x1 obj_cooja/mtype245.a(serial-line.o)
                0x00000000000376a1                serial_line_event_message
 *fill*         0x00000000000376a2       0x1e 
 COMMON         0x00000000000376c0      0x298 obj_cooja/mtype245.a(uip-ds6.o)
                0x00000000000376c0                uip_ds6_prefix_list
                0x0000000000037720                uip_ds6_timer_periodic
                0x0000000000037730                uip_ds6_netif_addr_list_offset
                0x0000000000037740                uip_ds6_if
                0x0000000000037838                uip_ds6_timer_ra
                0x0000000000037840                uip_ds6_addr_size
                0x0000000000037860                long_uip_ds6_if
 *fill*         0x0000000000037958        0x8 
 COMMON         0x0000000000037960      0x8ec obj_cooja/mtype245.a(uip6.o)
                0x0000000000037960                uip_slen
                0x0000000000037962                uip_acc32
                0x0000000000037980                uip_conns
                0x0000000000037a40                uip_lladdr
                0x0000000000037a48                uip_appdata
                0x0000000000037a4c                uip_flags
                0x0000000000037a60                uip_aligned_buf
                0x00000000000380a0                uip_listenports
                0x00000000000380b0                uip_len
                0x00000000000380b2                uip_long_lladdr
                0x00000000000380bc                uip_sappdata
                0x00000000000380c0                uip_udp_conns
                0x0000000000038240                uip_udp_conn
                0x0000000000038244                uip_next_hdr
                0x0000000000038248                uip_conn
 COMMON         0x000000000003824c        0x1 obj_cooja/mtype245.a(tcpip.o)
                0x000000000003824c                tcpip_event
 *fill*         0x000000000003824d       0x13 
 COMMON         0x0000000000038260      0x170 obj_cooja/mtype245.a(rpl-dag.o)
                0x0000000000038260                default_instance
                0x0000000000038280                instance_table
 COMMON         0x00000000000383d0       0x10 obj_cooja/mtype245.a(linkaddr.o)
                0x00000000000383d0                linkaddr_node_addr
                0x00000000000383d8                long_linkaddr_node_addr
 COMMON         0x00000000000383e0       0x2e obj_cooja/mtype245.a(packetbuf.o)
                0x00000000000383e0                packetbuf_attrs
                0x00000000000383fe                packetbuf_addrs
 *fill*         0x000000000003840e       0x12 
 COMMON         0x0000000000038420       0x48 obj_cooja/mtype245.a(rimestats.o)
                0x0000000000038420                rimestats
                0x0000000000038468                . = ALIGN ((. != 0x0)?0x4:0x1)
                0x0000000000038468                . = ALIGN (0x4)
                0x0000000000038468                . = SEGMENT_START ("ldata-segment", .)
                0x0000000000038468                . = ALIGN (0x4)
                0x0000000000038468                _end = .
                0x0000000000038468                PROVIDE (end, .)
                0x0000000000038468                . = DATA_SEGMENT_END (.)

.stab
 *(.stab)

.stabstr
 *(.stabstr)

.stab.excl
 *(.stab.excl)

.stab.exclstr
 *(.stab.exclstr)

.stab.index
 *(.stab.index)

.stab.indexstr
 *(.stab.indexstr)

.comment        0x0000000000000000       0x2b
 *(.comment)
 .comment       0x0000000000000000       0x2b /usr/lib/gcc/i686-linux-gnu/4.8/crtbeginS.o
                                         0x2c (size before relaxing)
 .comment       0x0000000000000000       0x2c udp-server.co
 .comment       0x0000000000000000       0x2c obj_cooja/mtype245.o
 .comment       0x0000000000000000       0x2c obj_cooja/mtype245.a(simEnvChange.o)
 .comment       0x0000000000000000       0x2c obj_cooja/mtype245.a(cooja_mt.o)
 .comment       0x0000000000000000       0x2c obj_cooja/mtype245.a(cooja_mtarch.o)
 .comment       0x0000000000000000       0x2c obj_cooja/mtype245.a(rtimer-arch.o)
 .comment       0x0000000000000000       0x2c obj_cooja/mtype245.a(beep.o)
 .comment       0x0000000000000000       0x2c obj_cooja/mtype245.a(button-sensor.o)
 .comment       0x0000000000000000       0x2c obj_cooja/mtype245.a(leds-arch.o)
 .comment       0x0000000000000000       0x2c obj_cooja/mtype245.a(moteid.o)
 .comment       0x0000000000000000       0x2c obj_cooja/mtype245.a(pir-sensor.o)
 .comment       0x0000000000000000       0x2c obj_cooja/mtype245.a(rs232.o)
 .comment       0x0000000000000000       0x2c obj_cooja/mtype245.a(vib-sensor.o)
 .comment       0x0000000000000000       0x2c obj_cooja/mtype245.a(clock.o)
 .comment       0x0000000000000000       0x2c obj_cooja/mtype245.a(log.o)
 .comment       0x0000000000000000       0x2c obj_cooja/mtype245.a(cfs-cooja.o)
 .comment       0x0000000000000000       0x2c obj_cooja/mtype245.a(cooja-radio.o)
 .comment       0x0000000000000000       0x2c obj_cooja/mtype245.a(eeprom.o)
 .comment       0x0000000000000000       0x2c obj_cooja/mtype245.a(random.o)
 .comment       0x0000000000000000       0x2c obj_cooja/mtype245.a(sensors.o)
 .comment       0x0000000000000000       0x2c obj_cooja/mtype245.a(dual_conf.o)
 .comment       0x0000000000000000       0x2c obj_cooja/mtype245.a(autostart.o)
 .comment       0x0000000000000000       0x2c obj_cooja/mtype245.a(ctimer.o)
 .comment       0x0000000000000000       0x2c obj_cooja/mtype245.a(etimer.o)
 .comment       0x0000000000000000       0x2c obj_cooja/mtype245.a(process.o)
 .comment       0x0000000000000000       0x2c obj_cooja/mtype245.a(rtimer.o)
 .comment       0x0000000000000000       0x2c obj_cooja/mtype245.a(timer.o)
 .comment       0x0000000000000000       0x2c obj_cooja/mtype245.a(serial-line.o)
 .comment       0x0000000000000000       0x2c obj_cooja/mtype245.a(list.o)
 .comment       0x0000000000000000       0x2c obj_cooja/mtype245.a(ringbuf.o)
 .comment       0x0000000000000000       0x2c obj_cooja/mtype245.a(sicslowpan.o)
 .comment       0x0000000000000000       0x2c obj_cooja/mtype245.a(uip-ds6-nbr.o)
 .comment       0x0000000000000000       0x2c obj_cooja/mtype245.a(uip-ds6.o)
 .comment       0x0000000000000000       0x2c obj_cooja/mtype245.a(uip6.o)
 .comment       0x0000000000000000       0x2c obj_cooja/mtype245.a(tcpip.o)
 .comment       0x0000000000000000       0x2c obj_cooja/mtype245.a(uip-debug.o)
 .comment       0x0000000000000000       0x2c obj_cooja/mtype245.a(uip-packetqueue)
 .comment       0x0000000000000000       0x2c obj_cooja/mtype245.a(rpl-dag.o)
 .comment       0x0000000000000000       0x2c obj_cooja/mtype245.a(rpl-ext-header.)
 .comment       0x0000000000000000       0x2c obj_cooja/mtype245.a(rpl-icmp6.o)
 .comment       0x0000000000000000       0x2c obj_cooja/mtype245.a(rpl-mrhof.o)
 .comment       0x0000000000000000       0x2c obj_cooja/mtype245.a(rpl-timers.o)
 .comment       0x0000000000000000       0x2c obj_cooja/mtype245.a(rpl.o)
 .comment       0x0000000000000000       0x2c obj_cooja/mtype245.a(linkaddr.o)
 .comment       0x0000000000000000       0x2c obj_cooja/mtype245.a(nbr-table.o)
 .comment       0x0000000000000000       0x2c obj_cooja/mtype245.a(netstack.o)
 .comment       0x0000000000000000       0x2c obj_cooja/mtype245.a(packetbuf.o)
 .comment       0x0000000000000000       0x2c obj_cooja/mtype245.a(queuebuf.o)
 .comment       0x0000000000000000       0x2c obj_cooja/mtype245.a(csma.o)
 .comment       0x0000000000000000       0x2c obj_cooja/mtype245.a(framer-802154.o)
 .comment       0x0000000000000000       0x2c obj_cooja/mtype245.a(mac.o)
 .comment       0x0000000000000000       0x2c obj_cooja/mtype245.a(nullrdc.o)
 .comment       0x0000000000000000       0x2c obj_cooja/mtype245.a(nullsec.o)
 .comment       0x0000000000000000       0x2c obj_cooja/mtype245.a(watchdog.o)
 .comment       0x0000000000000000       0x2c obj_cooja/mtype245.a(rimestats.o)
 .comment       0x0000000000000000       0x2c obj_cooja/mtype245.a(stimer.o)
 .comment       0x0000000000000000       0x2c obj_cooja/mtype245.a(memb.o)
 .comment       0x0000000000000000       0x2c obj_cooja/mtype245.a(uip-ds6-route.o)
 .comment       0x0000000000000000       0x2c obj_cooja/mtype245.a(uip-icmp6.o)
 .comment       0x0000000000000000       0x2c obj_cooja/mtype245.a(uip-nd6.o)
 .comment       0x0000000000000000       0x2c obj_cooja/mtype245.a(rpl-nbr-policy.)
 .comment       0x0000000000000000       0x2c obj_cooja/mtype245.a(frame802154.o)
 .comment       0x0000000000000000       0x2c obj_cooja/mtype245.a(mac-sequence.o)
 .comment       0x0000000000000000       0x2c /usr/lib/gcc/i686-linux-gnu/4.8/crtendS.o

.debug
 *(.debug)

.line
 *(.line)

.debug_srcinfo
 *(.debug_srcinfo)

.debug_sfnames
 *(.debug_sfnames)

.debug_aranges  0x0000000000000000      0x7d8
 *(.debug_aranges)
 .debug_aranges
                0x0000000000000000       0x20 udp-server.co
 .debug_aranges
                0x0000000000000020       0x20 obj_cooja/mtype245.o
 .debug_aranges
                0x0000000000000040       0x20 obj_cooja/mtype245.a(simEnvChange.o)
 .debug_aranges
                0x0000000000000060       0x20 obj_cooja/mtype245.a(cooja_mt.o)
 .debug_aranges
                0x0000000000000080       0x20 obj_cooja/mtype245.a(cooja_mtarch.o)
 .debug_aranges
                0x00000000000000a0       0x20 obj_cooja/mtype245.a(rtimer-arch.o)
 .debug_aranges
                0x00000000000000c0       0x20 obj_cooja/mtype245.a(beep.o)
 .debug_aranges
                0x00000000000000e0       0x20 obj_cooja/mtype245.a(button-sensor.o)
 .debug_aranges
                0x0000000000000100       0x20 obj_cooja/mtype245.a(leds-arch.o)
 .debug_aranges
                0x0000000000000120       0x20 obj_cooja/mtype245.a(moteid.o)
 .debug_aranges
                0x0000000000000140       0x20 obj_cooja/mtype245.a(pir-sensor.o)
 .debug_aranges
                0x0000000000000160       0x20 obj_cooja/mtype245.a(rs232.o)
 .debug_aranges
                0x0000000000000180       0x20 obj_cooja/mtype245.a(vib-sensor.o)
 .debug_aranges
                0x00000000000001a0       0x20 obj_cooja/mtype245.a(clock.o)
 .debug_aranges
                0x00000000000001c0       0x20 obj_cooja/mtype245.a(log.o)
 .debug_aranges
                0x00000000000001e0       0x20 obj_cooja/mtype245.a(cfs-cooja.o)
 .debug_aranges
                0x0000000000000200       0x20 obj_cooja/mtype245.a(cooja-radio.o)
 .debug_aranges
                0x0000000000000220       0x20 obj_cooja/mtype245.a(eeprom.o)
 .debug_aranges
                0x0000000000000240       0x20 obj_cooja/mtype245.a(random.o)
 .debug_aranges
                0x0000000000000260       0x20 obj_cooja/mtype245.a(sensors.o)
 .debug_aranges
                0x0000000000000280       0x20 obj_cooja/mtype245.a(dual_conf.o)
 .debug_aranges
                0x00000000000002a0       0x20 obj_cooja/mtype245.a(autostart.o)
 .debug_aranges
                0x00000000000002c0       0x20 obj_cooja/mtype245.a(ctimer.o)
 .debug_aranges
                0x00000000000002e0       0x20 obj_cooja/mtype245.a(etimer.o)
 .debug_aranges
                0x0000000000000300       0x20 obj_cooja/mtype245.a(process.o)
 .debug_aranges
                0x0000000000000320       0x20 obj_cooja/mtype245.a(rtimer.o)
 .debug_aranges
                0x0000000000000340       0x20 obj_cooja/mtype245.a(timer.o)
 .debug_aranges
                0x0000000000000360       0x20 obj_cooja/mtype245.a(serial-line.o)
 .debug_aranges
                0x0000000000000380       0x20 obj_cooja/mtype245.a(list.o)
 .debug_aranges
                0x00000000000003a0       0x20 obj_cooja/mtype245.a(ringbuf.o)
 .debug_aranges
                0x00000000000003c0       0x20 obj_cooja/mtype245.a(sicslowpan.o)
 .debug_aranges
                0x00000000000003e0       0x20 obj_cooja/mtype245.a(uip-ds6-nbr.o)
 .debug_aranges
                0x0000000000000400       0x20 obj_cooja/mtype245.a(uip-ds6.o)
 .debug_aranges
                0x0000000000000420       0x20 obj_cooja/mtype245.a(uip6.o)
 .debug_aranges
                0x0000000000000440       0x20 obj_cooja/mtype245.a(tcpip.o)
 .debug_aranges
                0x0000000000000460       0x20 obj_cooja/mtype245.a(uip-debug.o)
 .debug_aranges
                0x0000000000000480       0x20 obj_cooja/mtype245.a(uip-packetqueue)
 .debug_aranges
                0x00000000000004a0       0x20 obj_cooja/mtype245.a(rpl-dag.o)
 .debug_aranges
                0x00000000000004c0       0x20 obj_cooja/mtype245.a(rpl-ext-header.)
 .debug_aranges
                0x00000000000004e0       0x20 obj_cooja/mtype245.a(rpl-icmp6.o)
 .debug_aranges
                0x0000000000000500       0x20 obj_cooja/mtype245.a(rpl-mrhof.o)
 .debug_aranges
                0x0000000000000520       0x20 obj_cooja/mtype245.a(rpl-timers.o)
 .debug_aranges
                0x0000000000000540       0x20 obj_cooja/mtype245.a(rpl.o)
 .debug_aranges
                0x0000000000000560       0x20 obj_cooja/mtype245.a(linkaddr.o)
 .debug_aranges
                0x0000000000000580       0x20 obj_cooja/mtype245.a(nbr-table.o)
 .debug_aranges
                0x00000000000005a0       0x20 obj_cooja/mtype245.a(netstack.o)
 .debug_aranges
                0x00000000000005c0       0x20 obj_cooja/mtype245.a(packetbuf.o)
 .debug_aranges
                0x00000000000005e0       0x20 obj_cooja/mtype245.a(queuebuf.o)
 .debug_aranges
                0x0000000000000600       0x20 obj_cooja/mtype245.a(csma.o)
 .debug_aranges
                0x0000000000000620       0x20 obj_cooja/mtype245.a(framer-802154.o)
 .debug_aranges
                0x0000000000000640       0x20 obj_cooja/mtype245.a(mac.o)
 .debug_aranges
                0x0000000000000660       0x20 obj_cooja/mtype245.a(nullrdc.o)
 .debug_aranges
                0x0000000000000680       0x20 obj_cooja/mtype245.a(nullsec.o)
 .debug_aranges
                0x00000000000006a0       0x20 obj_cooja/mtype245.a(watchdog.o)
 .debug_aranges
                0x00000000000006c0       0x18 obj_cooja/mtype245.a(rimestats.o)
 .debug_aranges
                0x00000000000006d8       0x20 obj_cooja/mtype245.a(stimer.o)
 .debug_aranges
                0x00000000000006f8       0x20 obj_cooja/mtype245.a(memb.o)
 .debug_aranges
                0x0000000000000718       0x20 obj_cooja/mtype245.a(uip-ds6-route.o)
 .debug_aranges
                0x0000000000000738       0x20 obj_cooja/mtype245.a(uip-icmp6.o)
 .debug_aranges
                0x0000000000000758       0x20 obj_cooja/mtype245.a(uip-nd6.o)
 .debug_aranges
                0x0000000000000778       0x20 obj_cooja/mtype245.a(rpl-nbr-policy.)
 .debug_aranges
                0x0000000000000798       0x20 obj_cooja/mtype245.a(frame802154.o)
 .debug_aranges
                0x00000000000007b8       0x20 obj_cooja/mtype245.a(mac-sequence.o)

.debug_pubnames
 *(.debug_pubnames)

.debug_info     0x0000000000000000    0x1b2e4
 *(.debug_info .gnu.linkonce.wi.*)
 .debug_info    0x0000000000000000      0xdde udp-server.co
 .debug_info    0x0000000000000dde     0x3734 obj_cooja/mtype245.o
 .debug_info    0x0000000000004512      0x15a obj_cooja/mtype245.a(simEnvChange.o)
 .debug_info    0x000000000000466c      0x1e2 obj_cooja/mtype245.a(cooja_mt.o)
 .debug_info    0x000000000000484e      0x2e7 obj_cooja/mtype245.a(cooja_mtarch.o)
 .debug_info    0x0000000000004b35      0x16b obj_cooja/mtype245.a(rtimer-arch.o)
 .debug_info    0x0000000000004ca0      0x1f3 obj_cooja/mtype245.a(beep.o)
 .debug_info    0x0000000000004e93      0x257 obj_cooja/mtype245.a(button-sensor.o)
 .debug_info    0x00000000000050ea      0x132 obj_cooja/mtype245.a(leds-arch.o)
 .debug_info    0x000000000000521c      0x10a obj_cooja/mtype245.a(moteid.o)
 .debug_info    0x0000000000005326      0x216 obj_cooja/mtype245.a(pir-sensor.o)
 .debug_info    0x000000000000553c      0x21e obj_cooja/mtype245.a(rs232.o)
 .debug_info    0x000000000000575a      0x216 obj_cooja/mtype245.a(vib-sensor.o)
 .debug_info    0x0000000000005970      0x152 obj_cooja/mtype245.a(clock.o)
 .debug_info    0x0000000000005ac2      0x2bb obj_cooja/mtype245.a(log.o)
 .debug_info    0x0000000000005d7d      0x3cf obj_cooja/mtype245.a(cfs-cooja.o)
 .debug_info    0x000000000000614c      0xc5e obj_cooja/mtype245.a(cooja-radio.o)
 .debug_info    0x0000000000006daa      0x1d5 obj_cooja/mtype245.a(eeprom.o)
 .debug_info    0x0000000000006f7f       0xb3 obj_cooja/mtype245.a(random.o)
 .debug_info    0x0000000000007032      0x36d obj_cooja/mtype245.a(sensors.o)
 .debug_info    0x000000000000739f      0x99d obj_cooja/mtype245.a(dual_conf.o)
 .debug_info    0x0000000000007d3c      0x1a5 obj_cooja/mtype245.a(autostart.o)
 .debug_info    0x0000000000007ee1      0x46c obj_cooja/mtype245.a(ctimer.o)
 .debug_info    0x000000000000834d      0x49c obj_cooja/mtype245.a(etimer.o)
 .debug_info    0x00000000000087e9      0x4ba obj_cooja/mtype245.a(process.o)
 .debug_info    0x0000000000008ca3      0x1ab obj_cooja/mtype245.a(rtimer.o)
 .debug_info    0x0000000000008e4e      0x16c obj_cooja/mtype245.a(timer.o)
 .debug_info    0x0000000000008fba      0x2de obj_cooja/mtype245.a(serial-line.o)
 .debug_info    0x0000000000009298      0x2ed obj_cooja/mtype245.a(list.o)
 .debug_info    0x0000000000009585      0x1aa obj_cooja/mtype245.a(ringbuf.o)
 .debug_info    0x000000000000972f      0xcba obj_cooja/mtype245.a(sicslowpan.o)
 .debug_info    0x000000000000a3e9      0x853 obj_cooja/mtype245.a(uip-ds6-nbr.o)
 .debug_info    0x000000000000ac3c      0xc27 obj_cooja/mtype245.a(uip-ds6.o)
 .debug_info    0x000000000000b863      0xeaf obj_cooja/mtype245.a(uip6.o)
 .debug_info    0x000000000000c712     0x1437 obj_cooja/mtype245.a(tcpip.o)
 .debug_info    0x000000000000db49      0x1b5 obj_cooja/mtype245.a(uip-debug.o)
 .debug_info    0x000000000000dcfe      0x470 obj_cooja/mtype245.a(uip-packetqueue)
 .debug_info    0x000000000000e16e     0x1903 obj_cooja/mtype245.a(rpl-dag.o)
 .debug_info    0x000000000000fa71      0xe2b obj_cooja/mtype245.a(rpl-ext-header.)
 .debug_info    0x000000000001089c     0x1695 obj_cooja/mtype245.a(rpl-icmp6.o)
 .debug_info    0x0000000000011f31      0xabe obj_cooja/mtype245.a(rpl-mrhof.o)
 .debug_info    0x00000000000129ef      0xbeb obj_cooja/mtype245.a(rpl-timers.o)
 .debug_info    0x00000000000135da      0xcde obj_cooja/mtype245.a(rpl.o)
 .debug_info    0x00000000000142b8      0x184 obj_cooja/mtype245.a(linkaddr.o)
 .debug_info    0x000000000001443c      0x8d7 obj_cooja/mtype245.a(nbr-table.o)
 .debug_info    0x0000000000014d13      0x4b9 obj_cooja/mtype245.a(netstack.o)
 .debug_info    0x00000000000151cc      0x478 obj_cooja/mtype245.a(packetbuf.o)
 .debug_info    0x0000000000015644      0x57d obj_cooja/mtype245.a(queuebuf.o)
 .debug_info    0x0000000000015bc1      0xbff obj_cooja/mtype245.a(csma.o)
 .debug_info    0x00000000000167c0      0x5ed obj_cooja/mtype245.a(framer-802154.o)
 .debug_info    0x0000000000016dad      0x112 obj_cooja/mtype245.a(mac.o)
 .debug_info    0x0000000000016ebf      0xc96 obj_cooja/mtype245.a(nullrdc.o)
 .debug_info    0x0000000000017b55      0x3aa obj_cooja/mtype245.a(nullsec.o)
 .debug_info    0x0000000000017eff       0x7b obj_cooja/mtype245.a(watchdog.o)
 .debug_info    0x0000000000017f7a      0x119 obj_cooja/mtype245.a(rimestats.o)
 .debug_info    0x0000000000018093      0x179 obj_cooja/mtype245.a(stimer.o)
 .debug_info    0x000000000001820c      0x1d7 obj_cooja/mtype245.a(memb.o)
 .debug_info    0x00000000000183e3      0xd60 obj_cooja/mtype245.a(uip-ds6-route.o)
 .debug_info    0x0000000000019143      0x783 obj_cooja/mtype245.a(uip-icmp6.o)
 .debug_info    0x00000000000198c6      0x331 obj_cooja/mtype245.a(uip-nd6.o)
 .debug_info    0x0000000000019bf7      0xda2 obj_cooja/mtype245.a(rpl-nbr-policy.)
 .debug_info    0x000000000001a999      0x6b4 obj_cooja/mtype245.a(frame802154.o)
 .debug_info    0x000000000001b04d      0x297 obj_cooja/mtype245.a(mac-sequence.o)

.debug_abbrev   0x0000000000000000     0x6602
 *(.debug_abbrev)
 .debug_abbrev  0x0000000000000000      0x227 udp-server.co
 .debug_abbrev  0x0000000000000227      0x2b3 obj_cooja/mtype245.o
 .debug_abbrev  0x00000000000004da       0xc3 obj_cooja/mtype245.a(simEnvChange.o)
 .debug_abbrev  0x000000000000059d       0xe6 obj_cooja/mtype245.a(cooja_mt.o)
 .debug_abbrev  0x0000000000000683      0x147 obj_cooja/mtype245.a(cooja_mtarch.o)
 .debug_abbrev  0x00000000000007ca       0xcc obj_cooja/mtype245.a(rtimer-arch.o)
 .debug_abbrev  0x0000000000000896       0xe3 obj_cooja/mtype245.a(beep.o)
 .debug_abbrev  0x0000000000000979      0x11c obj_cooja/mtype245.a(button-sensor.o)
 .debug_abbrev  0x0000000000000a95       0xe1 obj_cooja/mtype245.a(leds-arch.o)
 .debug_abbrev  0x0000000000000b76       0x9c obj_cooja/mtype245.a(moteid.o)
 .debug_abbrev  0x0000000000000c12       0xe6 obj_cooja/mtype245.a(pir-sensor.o)
 .debug_abbrev  0x0000000000000cf8      0x14a obj_cooja/mtype245.a(rs232.o)
 .debug_abbrev  0x0000000000000e42       0xe6 obj_cooja/mtype245.a(vib-sensor.o)
 .debug_abbrev  0x0000000000000f28       0xee obj_cooja/mtype245.a(clock.o)
 .debug_abbrev  0x0000000000001016      0x141 obj_cooja/mtype245.a(log.o)
 .debug_abbrev  0x0000000000001157      0x139 obj_cooja/mtype245.a(cfs-cooja.o)
 .debug_abbrev  0x0000000000001290      0x2f2 obj_cooja/mtype245.a(cooja-radio.o)
 .debug_abbrev  0x0000000000001582       0xf5 obj_cooja/mtype245.a(eeprom.o)
 .debug_abbrev  0x0000000000001677       0x6d obj_cooja/mtype245.a(random.o)