Archive member included to satisfy reference by file (symbol)

obj_cooja/mtype530.a(simEnvChange.o)
                              obj_cooja/mtype530.o (simDontFallAsleep)
obj_cooja/mtype530.a(cooja_mt.o)
                              obj_cooja/mtype530.o (cooja_mt_start)
obj_cooja/mtype530.a(cooja_mtarch.o)
                              obj_cooja/mtype530.a(cooja_mt.o) (cooja_mtarch_init)
obj_cooja/mtype530.a(rtimer-arch.o)
                              obj_cooja/mtype530.o (rtimer_arch_next)
obj_cooja/mtype530.a(beep.o)  obj_cooja/mtype530.o (beep_interface)
obj_cooja/mtype530.a(button-sensor.o)
                              obj_cooja/mtype530.o (button_interface)
obj_cooja/mtype530.a(leds-arch.o)
                              obj_cooja/mtype530.o (leds_interface)
obj_cooja/mtype530.a(moteid.o)
                              obj_cooja/mtype530.o (moteid_interface)
obj_cooja/mtype530.a(pir-sensor.o)
                              obj_cooja/mtype530.o (pir_interface)
obj_cooja/mtype530.a(rs232.o)
                              obj_cooja/mtype530.o (rs232_interface)
obj_cooja/mtype530.a(vib-sensor.o)
                              obj_cooja/mtype530.o (vib_interface)
obj_cooja/mtype530.a(clock.o)
                              obj_cooja/mtype530.o (clock_interface)
obj_cooja/mtype530.a(log.o)   obj_cooja/mtype530.o (simlog_interface)
obj_cooja/mtype530.a(cfs-cooja.o)
                              obj_cooja/mtype530.o (cfs_interface)
obj_cooja/mtype530.a(cooja-radio.o)
                              obj_cooja/mtype530.o (radio_interface)
obj_cooja/mtype530.a(eeprom.o)
                              obj_cooja/mtype530.o (eeprom_interface)
obj_cooja/mtype530.a(random.o)
                              obj_cooja/mtype530.a(moteid.o) (random_init)
obj_cooja/mtype530.a(sensors.o)
                              udp-server.co (sensors_event)
obj_cooja/mtype530.a(dual_conf.o)
                              obj_cooja/mtype530.a(cooja-radio.o) (long_range_radio)
obj_cooja/mtype530.a(autostart.o)
                              obj_cooja/mtype530.o (autostart_start)
obj_cooja/mtype530.a(ctimer.o)
                              obj_cooja/mtype530.o (ctimer_init)
obj_cooja/mtype530.a(etimer.o)
                              obj_cooja/mtype530.o (etimer_process)
obj_cooja/mtype530.a(process.o)
                              udp-server.co (process_current)
obj_cooja/mtype530.a(rtimer.o)
                              obj_cooja/mtype530.a(rtimer-arch.o) (rtimer_run_next)
obj_cooja/mtype530.a(timer.o)
                              obj_cooja/mtype530.a(button-sensor.o) (timer_set)
obj_cooja/mtype530.a(serial-line.o)
                              obj_cooja/mtype530.a(rs232.o) (serial_line_input_byte)
obj_cooja/mtype530.a(list.o)  obj_cooja/mtype530.a(ctimer.o) (list_init)
obj_cooja/mtype530.a(ringbuf.o)
                              obj_cooja/mtype530.a(serial-line.o) (ringbuf_init)
obj_cooja/mtype530.a(sicslowpan.o)
                              obj_cooja/mtype530.o (sicslowpan_driver)
obj_cooja/mtype530.a(uip-ds6-nbr.o)
                              obj_cooja/mtype530.a(sicslowpan.o) (uip_ds6_link_neighbor_callback)
obj_cooja/mtype530.a(uip-ds6.o)
                              udp-server.co (uip_ds6_if)
obj_cooja/mtype530.a(uip6.o)  obj_cooja/mtype530.o (uip_lladdr)
obj_cooja/mtype530.a(tcpip.o)
                              udp-server.co (tcpip_event)
obj_cooja/mtype530.a(uip-debug.o)
                              udp-server.co (uip_debug_ipaddr_print)
obj_cooja/mtype530.a(uip-packetqueue)
                              obj_cooja/mtype530.a(uip-ds6-nbr.o) (uip_packetqueue_new)
obj_cooja/mtype530.a(rpl-dag.o)
                              udp-server.co (rpl_set_root)
obj_cooja/mtype530.a(rpl-ext-header.)
                              obj_cooja/mtype530.a(uip6.o) (rpl_verify_header)
obj_cooja/mtype530.a(rpl-icmp6.o)
                              obj_cooja/mtype530.a(rpl-dag.o) (rpl_icmp6_update_nbr_table)
obj_cooja/mtype530.a(rpl-mrhof.o)
                              obj_cooja/mtype530.a(rpl-dag.o) (rpl_mrhof)
obj_cooja/mtype530.a(rpl-timers.o)
                              obj_cooja/mtype530.a(rpl-dag.o) (rpl_reset_dio_timer)
obj_cooja/mtype530.a(rpl.o)   obj_cooja/mtype530.a(rpl-icmp6.o) (rpl_get_mode)
obj_cooja/mtype530.a(linkaddr.o)
                              obj_cooja/mtype530.o (linkaddr_node_addr)
obj_cooja/mtype530.a(nbr-table.o)
                              obj_cooja/mtype530.a(uip-ds6-nbr.o) (nbr_table_register)
obj_cooja/mtype530.a(netstack.o)
                              obj_cooja/mtype530.o (netstack_init)
obj_cooja/mtype530.a(packetbuf.o)
                              obj_cooja/mtype530.a(cooja-radio.o) (packetbuf_attrs)
obj_cooja/mtype530.a(queuebuf.o)
                              obj_cooja/mtype530.o (queuebuf_init)
obj_cooja/mtype530.a(csma.o)  udp-server.co (csma_driver)
obj_cooja/mtype530.a(framer-802154.o)
                              obj_cooja/mtype530.a(sicslowpan.o) (framer_802154)
[...]
Memory Configuration

Name             Origin             Length             Attributes
*default*        0x0000000000000000 0xffffffffffffffff

Linker script and memory map

LOAD /usr/lib/gcc/i686-linux-gnu/4.8/../../../i386-linux-gnu/crti.o
LOAD /usr/lib/gcc/i686-linux-gnu/4.8/crtbeginS.o
LOAD udp-server.co
LOAD obj_cooja/mtype530.o
LOAD obj_cooja/mtype530.a
LOAD /usr/lib/gcc/i686-linux-gnu/4.8/libgcc.a
LOAD /usr/lib/gcc/i686-linux-gnu/4.8/libgcc_s.so
LOAD /usr/lib/gcc/i686-linux-gnu/4.8/../../../i386-linux-gnu/libc.so
START GROUP
LOAD /lib/i386-linux-gnu/libc.so.6
LOAD /usr/lib/i386-linux-gnu/libc_nonshared.a
LOAD /lib/i386-linux-gnu/ld-linux.so.2
END GROUP
LOAD /usr/lib/gcc/i686-linux-gnu/4.8/libgcc.a
LOAD /usr/lib/gcc/i686-linux-gnu/4.8/libgcc_s.so
LOAD /usr/lib/gcc/i686-linux-gnu/4.8/crtendS.o
LOAD /usr/lib/gcc/i686-linux-gnu/4.8/../../../i386-linux-gnu/crtn.o
                0x0000000000000114                . = (0x0 + SIZEOF_HEADERS)

.note.gnu.build-id
                0x0000000000000114       0x24
 *(.note.gnu.build-id)
 .note.gnu.build-id
                0x0000000000000114       0x24 /usr/lib/gcc/i686-linux-gnu/4.8/../../../i386-linux-gnu/crti.o

.hash
 *(.hash)

.gnu.hash       0x0000000000000138      0xe44
 *(.gnu.hash)
 .gnu.hash      0x0000000000000138      0xe44 /usr/lib/gcc/i686-linux-gnu/4.8/../../../i386-linux-gnu/crti.o

.dynsym         0x0000000000000f7c     0x2160
 *(.dynsym)
 .dynsym        0x0000000000000f7c     0x2160 /usr/lib/gcc/i686-linux-gnu/4.8/../../../i386-linux-gnu/crti.o

.dynstr         0x00000000000030dc     0x2271
 *(.dynstr)
 .dynstr        0x00000000000030dc     0x2271 /usr/lib/gcc/i686-linux-gnu/4.8/../../../i386-linux-gnu/crti.o

.gnu.version    0x000000000000534e      0x42c
 *(.gnu.version)
 .gnu.version   0x000000000000534e      0x42c /usr/lib/gcc/i686-linux-gnu/4.8/../../../i386-linux-gnu/crti.o

.gnu.version_d  0x000000000000577c        0x0
 *(.gnu.version_d)
 .gnu.version_d
                0x0000000000000000        0x0 /usr/lib/gcc/i686-linux-gnu/4.8/../../../i386-linux-gnu/crti.o

.gnu.version_r  0x000000000000577c       0x40
 *(.gnu.version_r)
 .gnu.version_r
                0x000000000000577c       0x40 /usr/lib/gcc/i686-linux-gnu/4.8/../../../i386-linux-gnu/crti.o

.rel.dyn        0x00000000000057bc     0x93e0
 *(.rel.init)
 .rel.init      0x0000000000000000        0x0 /usr/lib/gcc/i686-linux-gnu/4.8/../../../i386-linux-gnu/crti.o
 *(.rel.text .rel.text.* .rel.gnu.linkonce.t.*)
 .rel.text      0x00000000000057bc     0x8c40 /usr/lib/gcc/i686-linux-gnu/4.8/../../../i386-linux-gnu/crti.o
 *(.rel.fini)
 .rel.fini      0x0000000000000000        0x0 /usr/lib/gcc/i686-linux-gnu/4.8/../../../i386-linux-gnu/crti.o
 *(.rel.rodata .rel.rodata.* .rel.gnu.linkonce.r.*)
 .rel.rodata    0x000000000000e3fc      0x4e0 /usr/lib/gcc/i686-linux-gnu/4.8/../../../i386-linux-gnu/crti.o
 *(.rel.data.rel.ro .rel.data.rel.ro.* .rel.gnu.linkonce.d.rel.ro.*)
 *(.rel.data .rel.data.* .rel.gnu.linkonce.d.*)
 .rel.data.rel  0x000000000000e8dc        0x8 /usr/lib/gcc/i686-linux-gnu/4.8/../../../i386-linux-gnu/crti.o
 .rel.data      0x000000000000e8e4      0x280 /usr/lib/gcc/i686-linux-gnu/4.8/../../../i386-linux-gnu/crti.o
 *(.rel.tdata .rel.tdata.* .rel.gnu.linkonce.td.*)
 *(.rel.tbss .rel.tbss.* .rel.gnu.linkonce.tb.*)
 *(.rel.ctors)
 *(.rel.dtors)
 *(.rel.got)
 .rel.got       0x000000000000eb64       0x28 /usr/lib/gcc/i686-linux-gnu/4.8/../../../i386-linux-gnu/crti.o
 *(.rel.bss .rel.bss.* .rel.gnu.linkonce.b.*)
 *(.rel.ifunc)
 .rel.ifunc     0x0000000000000000        0x0 /usr/lib/gcc/i686-linux-gnu/4.8/../../../i386-linux-gnu/crti.o
 .rel.fini_array
                0x000000000000eb8c        0x8 /usr/lib/gcc/i686-linux-gnu/4.8/../../../i386-linux-gnu/crti.o
 .rel.init_array
                0x000000000000eb94        0x8 /usr/lib/gcc/i686-linux-gnu/4.8/../../../i386-linux-gnu/crti.o

.rel.plt        0x000000000000eb9c       0x10
 *(.rel.plt)
 .rel.plt       0x000000000000eb9c       0x10 /usr/lib/gcc/i686-linux-gnu/4.8/../../../i386-linux-gnu/crti.o
 *(.rel.iplt)

.init           0x000000000000ebac       0x23
 *(SORT(.init))
 .init          0x000000000000ebac       0x1e /usr/lib/gcc/i686-linux-gnu/4.8/../../../i386-linux-gnu/crti.o
                0x000000000000ebac                _init
 .init          0x000000000000ebca        0x5 /usr/lib/gcc/i686-linux-gnu/4.8/../../../i386-linux-gnu/crtn.o

.plt            0x000000000000ebd0       0x30
 *(.plt)
 .plt           0x000000000000ebd0       0x30 /usr/lib/gcc/i686-linux-gnu/4.8/../../../i386-linux-gnu/crti.o
 *(.iplt)

.text           0x000000000000ec00    0x15460
 *(.text.unlikely .text.*_unlikely .text.unlikely.*)
 *(.text.exit .text.exit.*)
 *(.text.startup .text.startup.*)
 *(.text.hot .text.hot.*)
 *(.text .stub .text.* .gnu.linkonce.t.*)
 .text          0x000000000000ec00        0x0 /usr/lib/gcc/i686-linux-gnu/4.8/../../../i386-linux-gnu/crti.o
 .gnu.linkonce.t.__x86.get_pc_thunk.bx
                0x000000000000ec00        0x4 /usr/lib/gcc/i686-linux-gnu/4.8/../../../i386-linux-gnu/crti.o
                0x000000000000ec00                __x86.get_pc_thunk.bx
 *fill*         0x000000000000ec04        0xc 
 .text          0x000000000000ec10      0x11b /usr/lib/gcc/i686-linux-gnu/4.8/crtbeginS.o
 .text          0x000000000000ed2b      0x3e4 udp-server.co
 .text          0x000000000000f10f      0x70e obj_cooja/mtype530.o
                0x000000000000f245                contiki_init
                0x000000000000f634                Java_org_contikios_cooja_corecomm_Lib1_init
                0x000000000000f674                Java_org_contikios_cooja_corecomm_Lib1_getMemory
                0x000000000000f6b4                Java_org_contikios_cooja_corecomm_Lib1_setMemory
                0x000000000000f72b                Java_org_contikios_cooja_corecomm_Lib1_tick
                0x000000000000f80b                Java_org_contikios_cooja_corecomm_Lib1_setReferenceAddress
 .text          0x000000000000f81d       0x63 obj_cooja/mtype530.a(simEnvChange.o)
                0x000000000000f81d                doActionsBeforeTick
                0x000000000000f84e                doActionsAfterTick
 .text          0x000000000000f880       0xbc obj_cooja/mtype530.a(cooja_mt.o)
                0x000000000000f880                cooja_mt_init
                0x000000000000f88d                cooja_mt_remove
                0x000000000000f89a                cooja_mt_start
                0x000000000000f8c7                cooja_mt_exec
                0x000000000000f8f8                cooja_mt_exit
                0x000000000000f91a                cooja_mt_yield
 .text          0x000000000000f93c      0x115 obj_cooja/mtype530.a(cooja_mtarch.o)
                0x000000000000f93c                cooja_mtarch_init
                0x000000000000f941                cooja_mtarch_start
                0x000000000000f9bc                cooja_sw
                0x000000000000f9de                cooja_mtarch_exec
                0x000000000000f9fa                cooja_mtarch_remove
                0x000000000000f9ff                cooja_mtarch_yield
                0x000000000000fa09                cooja_mtarch_pstop
                0x000000000000fa0e                cooja_mtarch_pstart
                0x000000000000fa13                cooja_mtarch_stack_usage
 .text          0x000000000000fa51       0xc2 obj_cooja/mtype530.a(rtimer-arch.o)
                0x000000000000fa51                rtimer_arch_init
                0x000000000000fa74                rtimer_arch_schedule
                0x000000000000fa8b                rtimer_arch_next
                0x000000000000fa95                rtimer_arch_pending
                0x000000000000fa9f                rtimer_arch_check
                0x000000000000fad1                rtimer_arch_now
 .text          0x000000000000fb13       0x76 obj_cooja/mtype530.a(beep.o)
                0x000000000000fb13                beep_alarm
                0x000000000000fb1f                beep_beep
                0x000000000000fb2b                beep
                0x000000000000fb37                beep_down
                0x000000000000fb43                beep_on
                0x000000000000fb4f                beep_off
                0x000000000000fb5b                beep_spinup
                0x000000000000fb67                beep_quick
                0x000000000000fb73                beep_long
 .text          0x000000000000fb89      0x103 obj_cooja/mtype530.a(button-sensor.o)
 .text          0x000000000000fc8c       0x45 obj_cooja/mtype530.a(leds-arch.o)
                0x000000000000fc8c                leds_arch_init
                0x000000000000fc98                leds_arch_get
                0x000000000000fca4                leds_arch_set
 .text          0x000000000000fcd1       0x2f obj_cooja/mtype530.a(moteid.o)
 .text          0x000000000000fd00       0xb1 obj_cooja/mtype530.a(pir-sensor.o)
 .text          0x000000000000fdb1      0x131 obj_cooja/mtype530.a(rs232.o)
                0x000000000000fdb1                rs232_init
                0x000000000000fdb6                rs232_set_speed
                0x000000000000fdc4                rs232_set_input
                0x000000000000fdd1                rs232_send
                0x000000000000fdf3                rs232_print
                0x000000000000fe0e                slip_arch_writeb
 .text          0x000000000000fee2       0xb1 obj_cooja/mtype530.a(vib-sensor.o)
 .text          0x000000000000ff93       0x34 obj_cooja/mtype530.a(clock.o)
                0x000000000000ff93                clock_init
                0x000000000000ff98                clock_time
                0x000000000000ffa2                clock_seconds
                0x000000000000ffb8                clock_delay
 .text          0x000000000000ffc7      0x1ed obj_cooja/mtype530.a(log.o)
                0x000000000000ffc7                simlog_char
                0x0000000000010009                simlog
                0x0000000000010076                log_message
                0x000000000001009e                log_set_putchar_with_slip
                0x00000000000100ab                log_putchar
                0x000000000001012f                log_puts
                0x0000000000010153                log_printf
 .text          0x00000000000101b4      0x2c4 obj_cooja/mtype530.a(cfs-cooja.o)
                0x00000000000101b4                cfs_open
                0x000000000001021d                cfs_close
                0x0000000000010229                cfs_read
                0x00000000000102c7                cfs_write
                0x00000000000103a4                cfs_seek
                0x000000000001042c                cfs_remove
                0x0000000000010455                cfs_opendir
                0x000000000001045f                cfs_readdir
                0x0000000000010469                cfs_closedir
 .text          0x0000000000010478      0x514 obj_cooja/mtype530.a(cooja-radio.o)
                0x00000000000104a2                radio_set_channel
                0x00000000000104b7                radio_set_txpower
                0x00000000000104ce                radio_signal_strength_last
                0x00000000000104d8                radio_signal_strength_current
                0x00000000000104e2                radio_LQI
 .text          0x000000000001098c       0xef obj_cooja/mtype530.a(eeprom.o)
                0x000000000001098c                eeprom_init
                0x0000000000010991                eeprom_read
                0x0000000000010a01                eeprom_write
 .text          0x0000000000010a7b       0x28 obj_cooja/mtype530.a(random.o)
                0x0000000000010a7b                random_init
                0x0000000000010a96                random_rand
 .text          0x0000000000010aa3      0x2a1 obj_cooja/mtype530.a(sensors.o)
                0x0000000000010ade                sensors_first
                0x0000000000010ae8                sensors_next
                0x0000000000010b05                sensors_changed
                0x0000000000010b34                sensors_find
 .text          0x0000000000010d44      0x308 obj_cooja/mtype530.a(dual_conf.o)
                0x0000000000010d44                dual_radio_switch
                0x0000000000010d9f                dual_radio_change
                0x0000000000010dd9                sending_in_LR
                0x0000000000010e04                dual_radio_received
                0x0000000000010e57                radio_received_is_longrange
                0x0000000000011002                dio_broadcast
                0x000000000001102b                dis_broadcast
 .text          0x000000000001104c       0x8e obj_cooja/mtype530.a(autostart.o)
                0x000000000001104c                autostart_start
                0x0000000000011097                autostart_exit
 .text          0x00000000000110da      0x334 obj_cooja/mtype530.a(ctimer.o)
                0x00000000000111f1                ctimer_init
                0x0000000000011221                ctimer_set
                0x0000000000011252                ctimer_set_with_process
                0x00000000000112ce                ctimer_reset
                0x000000000001131d                ctimer_restart
                0x000000000001136c                ctimer_stop
                0x00000000000113b7                ctimer_expired
 .text          0x000000000001140e      0x40b obj_cooja/mtype530.a(etimer.o)
                0x0000000000011621                etimer_request_poll
                0x00000000000116a5                etimer_set
                0x00000000000116ca                etimer_reset_with_new_interval
                0x00000000000116f1                etimer_reset
                0x000000000001170f                etimer_restart
                0x000000000001172d                etimer_adjust
                0x0000000000011749                etimer_expired
                0x000000000001175c                etimer_expiration_time
                0x000000000001176e                etimer_start_time
                0x0000000000011778                etimer_pending
                0x000000000001178a                etimer_next_expiration_time
                0x00000000000117a4                etimer_stop
 .text          0x0000000000011819      0x560 obj_cooja/mtype530.a(process.o)
                0x0000000000011819                process_alloc_event
                0x000000000001182e                process_start
                0x0000000000011a17                process_exit
                0x0000000000011a33                process_init
                0x0000000000011c04                process_run
                0x0000000000011c37                process_nevents
                0x0000000000011c52                process_post
                0x0000000000011cfe                process_post_synch
                0x0000000000011d36                process_poll
                0x0000000000011d65                process_is_running
 .text          0x0000000000011d79       0xba obj_cooja/mtype530.a(rtimer.o)
                0x0000000000011d79                rtimer_init
                0x0000000000011d86                rtimer_set
                0x0000000000011ddd                rtimer_run_next
 .text          0x0000000000011e33       0x91 obj_cooja/mtype530.a(timer.o)
                0x0000000000011e33                timer_set
                0x0000000000011e4e                timer_reset
                0x0000000000011e65                timer_restart
                0x0000000000011e77                timer_expired
                0x0000000000011ea0                timer_remaining
 .text          0x0000000000011ec4      0x1fb obj_cooja/mtype530.a(serial-line.o)
                0x0000000000011ec4                serial_line_input_byte
                0x0000000000012087                serial_line_init
 .text          0x00000000000120bf      0x244 obj_cooja/mtype530.a(list.o)
                0x00000000000120bf                list_init
                0x00000000000120cd                list_head
                0x00000000000120d7                list_copy
                0x00000000000120e6                list_tail
                0x000000000001211c                list_add
                0x0000000000012165                list_push
                0x0000000000012191                list_chop
                0x00000000000121fb                list_pop
                0x0000000000012223                list_remove
                0x000000000001228a                list_length
                0x00000000000122b8                list_insert
                0x00000000000122ec                list_item_next
 .text          0x0000000000012303      0x155 obj_cooja/mtype530.a(ringbuf.o)
                0x0000000000012303                ringbuf_init
                0x0000000000012334                ringbuf_put
                0x00000000000123b2                ringbuf_get
                0x000000000001241f                ringbuf_size
                0x0000000000012431                ringbuf_elements
 .text          0x0000000000012458     0x102d obj_cooja/mtype530.a(sicslowpan.o)
                0x00000000000129e2                rime_sniffer_add
                0x00000000000129ef                rime_sniffer_remove
                0x0000000000013467                sicslowpan_init
                0x000000000001347b                sicslowpan_get_last_rssi
 .text          0x0000000000013485      0x298 obj_cooja/mtype530.a(uip-ds6-nbr.o)
                0x00000000000134a2                uip_ds6_neighbors_init
                0x00000000000134bf                uip_ds6_nbr_add
                0x0000000000013547                uip_ds6_nbr_rm
                0x0000000000013589                uip_ds6_nbr_get_ipaddr
                0x000000000001359e                uip_ds6_nbr_get_ll
                0x00000000000135ba                uip_ds6_nbr_num
                0x00000000000135ff                uip_ds6_nbr_lookup
                0x0000000000013664                uip_ds6_nbr_ll_lookup
                0x0000000000013680                uip_ds6_nbr_ipaddr_from_lladdr
                0x00000000000136a6                uip_ds6_nbr_lladdr_from_ipaddr
                0x00000000000136d4                uip_ds6_link_neighbor_callback
 .text          0x000000000001371d      0xbe5 obj_cooja/mtype530.a(uip-ds6.o)
                0x000000000001371d                uip_ds6_init
                0x00000000000138f0                uip_ds6_periodic
                0x0000000000013969                uip_ds6_list_loop
                0x0000000000013a10                uip_ds6_prefix_add
                0x0000000000013ace                uip_ds6_prefix_rm
                0x0000000000013ae0                uip_ds6_prefix_lookup
                0x0000000000013b31                uip_ds6_is_addr_onlink
                0x0000000000013ba5                uip_ds6_addr_add
                0x0000000000013cd3                uip_ds6_addr_rm
                0x0000000000013d73                uip_ds6_addr_lookup
                0x0000000000013dbe                uip_ds6_get_link_local
                0x0000000000013e3d                uip_ds6_get_global
                0x0000000000013ebc                uip_ds6_maddr_add
                0x0000000000013f2e                uip_ds6_maddr_rm
                0x0000000000013f40                uip_ds6_maddr_lookup
                0x0000000000013f8b                uip_ds6_aaddr_add
                0x0000000000013ffd                uip_ds6_aaddr_rm
                0x000000000001400f                uip_ds6_aaddr_lookup
                0x000000000001405a                uip_ds6_select_src
                0x00000000000141ed                uip_ds6_set_addr_iid
                0x0000000000014224                get_match_length
                0x00000000000142b6                uip_ds6_compute_reachable_time
 .text          0x0000000000014302     0x2d47 obj_cooja/mtype530.a(uip6.o)
                0x0000000000014302                uip_add32
                0x000000000001449b                uip_chksum
                0x00000000000145b1                uip_icmp6chksum
                0x00000000000145c5                uip_tcpchksum
                0x00000000000145d9                uip_udpchksum
                0x00000000000145ed                uip_init
                0x00000000000146bd                uip_connect
                0x000000000001486c                remove_ext_hdr
                0x0000000000014975                uip_udp_new
                0x0000000000014ad1                uip_unlisten
                0x0000000000014b31                uip_listen
                0x0000000000014e57                uip_process
                0x0000000000016f3d                uip_htons
                0x0000000000016f5f                uip_htonl
                0x0000000000016f9f                uip_send
 .text          0x0000000000017049      0xa7d obj_cooja/mtype530.a(tcpip.o)
                0x0000000000017049                tcpip_output
                0x000000000001709a                tcpip_set_outputfunc
                0x000000000001713a                tcp_connect
                0x000000000001718f                tcp_unlisten
                0x00000000000171ea                tcp_listen
                0x0000000000017243                tcp_attach
                0x0000000000017268                udp_attach
                0x000000000001728d                udp_new
                0x00000000000172df                udp_broadcast_new
                0x0000000000017553                tcpip_input
                0x0000000000017587                tcpip_ipv6_output
                0x000000000001790c                tcpip_poll_udp
                0x000000000001792f                tcpip_poll_tcp
                0x0000000000017952                tcpip_uipcall
 .text          0x0000000000017ac6      0x1c1 obj_cooja/mtype530.a(uip-debug.o)
                0x0000000000017ac6                uip_debug_ipaddr_print
                0x0000000000017c28                uip_debug_lladdr_print
 .text          0x0000000000017c87      0x141 obj_cooja/mtype530.a(uip-packetqueue)
                0x0000000000017cb3                uip_packetqueue_new
                0x0000000000017cc1                uip_packetqueue_alloc
                0x0000000000017d21                uip_packetqueue_free
                0x0000000000017d62                uip_packetqueue_buf
                0x0000000000017d7f                uip_packetqueue_buflen
                0x0000000000017da0                uip_packetqueue_set_buflen
 .text          0x0000000000017dc8     0x2ce0 obj_cooja/mtype530.a(rpl-dag.o)
                0x0000000000017dc8                rpl_print_neighbor_list
                0x0000000000017f9d                rpl_get_nbr
                0x0000000000017ff7                rpl_dag_init
                0x0000000000018014                rpl_get_parent
                0x0000000000018036                rpl_get_parent_rank
                0x0000000000018069                rpl_get_parent_link_metric
                0x000000000001809c                rpl_get_parent_ipaddr
                0x0000000000018448                rpl_set_root
                0x00000000000186bc                rpl_repair_root
                0x000000000001896b                rpl_set_prefix
                0x0000000000018a8e                rpl_set_default_route
                0x0000000000018b83                rpl_alloc_instance
                0x0000000000018c16                rpl_alloc_dag
                0x0000000000018cc7                rpl_set_default_instance
                0x0000000000018cd4                rpl_get_default_instance
                0x0000000000018cde                rpl_free_instance
                0x0000000000018daa                rpl_free_dag
                0x0000000000018e33                rpl_add_parent
                0x0000000000018f45                rpl_find_parent
                0x0000000000018f9d                rpl_find_parent_any_dag
                0x0000000000018fd9                rpl_select_dag
                0x00000000000193f6                rpl_select_parent
                0x0000000000019458                rpl_remove_parent
                0x00000000000194aa                rpl_nullify_parent
                0x00000000000195a6                rpl_move_parent
                0x00000000000196b1                rpl_has_downward_route
                0x0000000000019704                rpl_get_any_dag
                0x0000000000019766                rpl_get_instance
                0x00000000000197c9                rpl_find_of
                0x0000000000019806                rpl_join_instance
                0x0000000000019b3d                rpl_add_dag
                0x000000000001a00e                rpl_local_repair
                0x000000000001a0ea                rpl_recalculate_ranks
                0x000000000001a193                rpl_process_parent_event
                0x000000000001a3a9                rpl_process_dio
 .text          0x000000000001aaa8      0xbf3 obj_cooja/mtype530.a(rpl-ext-header.)
                0x000000000001aac5                rpl_verify_header
                0x000000000001af3f                rpl_update_header_empty
                0x000000000001b256                rpl_update_header_final
                0x000000000001b3e5                rpl_remove_header
                0x000000000001b4ef                rpl_invert_header
                0x000000000001b679                rpl_insert_header
 .text          0x000000000001b69b     0x22c2 obj_cooja/mtype530.a(rpl-icmp6.o)
                0x000000000001b8fa                rpl_icmp6_update_nbr_table
                0x000000000001baf4                dis_output
                0x000000000001c41b                dio_output
                0x000000000001d4a4                dao_output
                0x000000000001d56b                dao_output_target
                0x000000000001d911                dao_ack_output
                0x000000000001d925                rpl_icmp6_register_handlers
 .text          0x000000000001d95d      0x315 obj_cooja/mtype530.a(rpl-mrhof.o)
 .text          0x000000000001dc72      0x909 obj_cooja/mtype530.a(rpl-timers.o)
                0x000000000001df5e                rpl_reset_periodic_timer
                0x000000000001dfb3                rpl_reset_dio_timer
                0x000000000001e24b                rpl_schedule_dao
                0x000000000001e266                rpl_schedule_dao_immediately
                0x000000000001e281                rpl_cancel_dao
                0x000000000001e2e3                rpl_schedule_unicast_dio_immediately
                0x000000000001e523                rpl_schedule_probing
 .text          0x000000000001e57b      0x6e0 obj_cooja/mtype530.a(rpl.o)
                0x000000000001e57b                rpl_get_mode
                0x000000000001e585                rpl_set_mode
                0x000000000001e649                rpl_purge_routes
                0x000000000001e778                rpl_remove_routes
                0x000000000001e7be                rpl_remove_routes_by_nexthop
                0x000000000001e82a                rpl_add_route
                0x000000000001e8f5                rpl_link_neighbor_callback
                0x000000000001ea09                rpl_ipv6_neighbor_callback
                0x000000000001eab5                rpl_purge_dags
                0x000000000001ebc9                rpl_init
 .text          0x000000000001ec5b       0x67 obj_cooja/mtype530.a(linkaddr.o)
                0x000000000001ec5b                linkaddr_copy
                0x000000000001ec7d                linkaddr_cmp
                0x000000000001eca7                linkaddr_set_node_addr
 .text          0x000000000001ecc2      0x769 obj_cooja/mtype530.a(nbr-table.o)
                0x000000000001f121                nbr_table_register
                0x000000000001f169                nbr_table_head
                0x000000000001f1c5                nbr_table_next
                0x000000000001f22c                nbr_table_add_lladdr
                0x000000000001f308                nbr_table_get_from_lladdr
                0x000000000001f355                nbr_table_remove
                0x000000000001f3a7                nbr_table_lock
                0x000000000001f3d1                nbr_table_unlock
                0x000000000001f3fb                nbr_table_get_lladdr
 .text          0x000000000001f42b       0x2b obj_cooja/mtype530.a(netstack.o)
                0x000000000001f42b                netstack_init
 .text          0x000000000001f456      0x3cd obj_cooja/mtype530.a(packetbuf.o)
                0x000000000001f456                packetbuf_clear
                0x000000000001f480                packetbuf_copyfrom
                0x000000000001f4d2                packetbuf_compact
                0x000000000001f54f                packetbuf_copyto
                0x000000000001f5e6                packetbuf_hdralloc
                0x000000000001f663                packetbuf_hdrreduce
                0x000000000001f6ab                packetbuf_set_datalen
                0x000000000001f6c4                packetbuf_dataptr
                0x000000000001f6e1                packetbuf_hdrptr
                0x000000000001f6eb                packetbuf_datalen
                0x000000000001f6f7                packetbuf_hdrlen
                0x000000000001f70e                packetbuf_totlen
                0x000000000001f724                packetbuf_attr_clear
                0x000000000001f776                packetbuf_attr_copyto
                0x000000000001f7bf                packetbuf_attr_copyfrom
                0x000000000001f807                packetbuf_holds_broadcast
 .text          0x000000000001f823      0x2b4 obj_cooja/mtype530.a(queuebuf.o)
                0x000000000001f82d                queuebuf_init
                0x000000000001f84d                queuebuf_numfree
                0x000000000001f861                queuebuf_new_from_packetbuf
                0x000000000001f8f1                queuebuf_update_attr_from_packetbuf
                0x000000000001f924                queuebuf_update_from_packetbuf
                0x000000000001f96e                queuebuf_free
                0x000000000001f9b5                queuebuf_to_packetbuf
                0x000000000001fa1b                queuebuf_dataptr
                0x000000000001fa52                queuebuf_datalen
                0x000000000001fa75                queuebuf_addr
                0x000000000001faa7                queuebuf_attr
                0x000000000001fad2                queuebuf_debug_print
 .text          0x000000000001fad7      0x831 obj_cooja/mtype530.a(csma.o)
 .text          0x0000000000020308      0x3f5 obj_cooja/mtype530.a(framer-802154.o)
 .text          0x00000000000206fd       0x3c obj_cooja/mtype530.a(mac.o)
                0x00000000000206fd                mac_call_sent_callback
 .text          0x0000000000020739      0x4cc obj_cooja/mtype530.a(nullrdc.o)
 .text          0x0000000000020c05       0x6e obj_cooja/mtype530.a(nullsec.o)
 .text          0x0000000000020c73       0x19 obj_cooja/mtype530.a(watchdog.o)
                0x0000000000020c73                watchdog_init
                0x0000000000020c78                watchdog_start
                0x0000000000020c7d                watchdog_periodic
                0x0000000000020c82                watchdog_stop
                0x0000000000020c87                watchdog_reboot
 .text          0x0000000000020c8c        0x0 obj_cooja/mtype530.a(rimestats.o)
 .text          0x0000000000020c8c       0xa3 obj_cooja/mtype530.a(stimer.o)
                0x0000000000020c8c                stimer_set
                0x0000000000020ca7                stimer_reset
                0x0000000000020cbe                stimer_restart
                0x0000000000020cd0                stimer_expired
                0x0000000000020cf7                stimer_remaining
                0x0000000000020d1b                stimer_elapsed
 .text          0x0000000000020d2f      0x1c1 obj_cooja/mtype530.a(memb.o)
                0x0000000000020d2f                memb_init
                0x0000000000020d8d                memb_alloc
                0x0000000000020df2                memb_free
                0x0000000000020e6d                memb_inmemb
                0x0000000000020eac                memb_numfree
 .text          0x0000000000020ef0      0xc68 obj_cooja/mtype530.a(uip-ds6-route.o)
                0x0000000000020fde                uip_ds6_notification_add
                0x000000000002100f                uip_ds6_notification_rm
                0x000000000002102b                uip_ds6_route_init
                0x00000000000210b3                uip_ds6_route_nexthop
                0x00000000000210db                uip_ds6_route_head
                0x00000000000210f0                uip_ds6_route_next
                0x0000000000021116                uip_ds6_route_is_nexthop
                0x0000000000021155                uip_ds6_route_num_routes
                0x000000000002115f                uip_ds6_route_lookup
                0x000000000002129a                uip_ds6_route_add
                0x00000000000215b7                uip_ds6_route_rm
                0x00000000000217ca                uip_ds6_route_rm_by_nexthop
                0x0000000000021802                uip_ds6_defrt_add
                0x0000000000021912                uip_ds6_defrt_rm
                0x00000000000219a7                uip_ds6_defrt_lookup
                0x0000000000021a00                uip_ds6_defrt_choose
                0x0000000000021ae4                uip_ds6_defrt_periodic
 .text          0x0000000000021b58     0x1382 obj_cooja/mtype530.a(uip-icmp6.o)
                0x0000000000021bc6                uip_icmp6_input
                0x0000000000021c1c                uip_icmp6_register_input_handler
                0x00000000000223dc                uip_icmp6_error_output
                0x00000000000229b3                uip_icmp6_send
                0x0000000000022e6d                uip_icmp6_echo_reply_callback_add
                0x0000000000022e9e                uip_icmp6_echo_reply_callback_rm
                0x0000000000022eba                uip_icmp6_init
 .text          0x0000000000022eda      0x358 obj_cooja/mtype530.a(uip-nd6.o)
                0x0000000000022f2e                uip_nd6_ns_output
                0x000000000002322d                uip_nd6_init
 .text          0x0000000000023232      0x331 obj_cooja/mtype530.a(rpl-nbr-policy.)
                0x000000000002340a                find_removable_dis
                0x000000000002342d                find_removable_dio
                0x00000000000234bc                find_removable_dao
                0x000000000002350c                rpl_nbr_policy_find_removable
 .text          0x0000000000023563      0x97c obj_cooja/mtype530.a(frame802154.o)
                0x0000000000023594                frame802154_get_pan_id
                0x00000000000235a0                frame802154_set_pan_id
                0x00000000000235b9                frame802154_has_panid
                0x00000000000236a5                frame802154_check_dest_panid
                0x000000000002370d                frame802154_is_broadcast_addr
                0x000000000002375a                frame802154_extract_linkaddr
                0x000000000002399a                frame802154_hdrlen
                0x00000000000239eb                frame802154_create
                0x0000000000023bd6                frame802154_parse
 .text          0x0000000000023edf      0x181 obj_cooja/mtype530.a(mac-sequence.o)
                0x0000000000023f16                mac_sequence_is_duplicate
                0x0000000000023f99                mac_sequence_register_seqno
 .text          0x0000000000024060        0x0 /usr/lib/gcc/i686-linux-gnu/4.8/crtendS.o
 .text          0x0000000000024060        0x0 /usr/lib/gcc/i686-linux-gnu/4.8/../../../i386-linux-gnu/crtn.o
 *(.gnu.warning)

.fini           0x0000000000024060       0x14
 *(SORT(.fini))
 .fini          0x0000000000024060        0xf /usr/lib/gcc/i686-linux-gnu/4.8/../../../i386-linux-gnu/crti.o
                0x0000000000024060                _fini
 .fini          0x000000000002406f        0x5 /usr/lib/gcc/i686-linux-gnu/4.8/../../../i386-linux-gnu/crtn.o
                0x0000000000024074                PROVIDE (__etext, .)
                0x0000000000024074                PROVIDE (_etext, .)
                0x0000000000024074                PROVIDE (etext, .)

.rodata         0x0000000000024080     0x2d49
 *(.rodata .rodata.* .gnu.linkonce.r.*)
 .rodata        0x0000000000024080      0x148 udp-server.co
                0x0000000000024094                autostart_processes
 .rodata        0x00000000000241c8      0x127 obj_cooja/mtype530.o
 *fill*         0x00000000000242ef        0x1 
 .rodata        0x00000000000242f0        0x8 obj_cooja/mtype530.a(beep.o)
                0x00000000000242f0                beep_interface
 .rodata        0x00000000000242f8       0x20 obj_cooja/mtype530.a(button-sensor.o)
                0x00000000000242f8                button_interface
                0x0000000000024308                button_sensor
 .rodata        0x0000000000024318        0x8 obj_cooja/mtype530.a(leds-arch.o)
                0x0000000000024318                leds_interface
 .rodata        0x0000000000024320        0x8 obj_cooja/mtype530.a(moteid.o)
                0x0000000000024320                moteid_interface
 .rodata        0x0000000000024328       0x1c obj_cooja/mtype530.a(pir-sensor.o)
                0x0000000000024328                pir_interface
                0x0000000000024334                pir_sensor
 .rodata        0x0000000000024344        0xe obj_cooja/mtype530.a(rs232.o)
                0x0000000000024344                rs232_interface
 *fill*         0x0000000000024352        0x2 
 .rodata        0x0000000000024354       0x24 obj_cooja/mtype530.a(vib-sensor.o)
                0x0000000000024354                vib_interface
                0x0000000000024368                vib_sensor
 .rodata        0x0000000000024378        0x8 obj_cooja/mtype530.a(clock.o)
                0x0000000000024378                clock_interface
 .rodata        0x0000000000024380        0x8 obj_cooja/mtype530.a(log.o)
                0x0000000000024380                simlog_interface
 .rodata        0x0000000000024388       0x2f obj_cooja/mtype530.a(cfs-cooja.o)
                0x0000000000024388                cfs_interface
 *fill*         0x00000000000243b7        0x9 
 .rodata        0x00000000000243c0      0x120 obj_cooja/mtype530.a(cooja-radio.o)
                0x00000000000244a0                cooja_radio_driver
                0x00000000000244d8                radio_interface
 .rodata        0x00000000000244e0        0x8 obj_cooja/mtype530.a(eeprom.o)
                0x00000000000244e0                eeprom_interface
 .rodata        0x00000000000244e8        0x8 obj_cooja/mtype530.a(sensors.o)
 .rodata        0x00000000000244f0      0x196 obj_cooja/mtype530.a(dual_conf.o)
 .rodata        0x0000000000024686        0xf obj_cooja/mtype530.a(ctimer.o)
 .rodata        0x0000000000024695        0xc obj_cooja/mtype530.a(etimer.o)
 .rodata        0x00000000000246a1        0xe obj_cooja/mtype530.a(serial-line.o)
 *fill*         0x00000000000246af        0x1 
 .rodata        0x00000000000246b0       0x18 obj_cooja/mtype530.a(sicslowpan.o)
                0x00000000000246bc                sicslowpan_driver
 .rodata        0x00000000000246c8      0x590 obj_cooja/mtype530.a(uip6.o)
 .rodata        0x0000000000024c58      0x113 obj_cooja/mtype530.a(tcpip.o)
 .rodata        0x0000000000024d6b       0x3e obj_cooja/mtype530.a(uip-debug.o)
 *fill*         0x0000000000024da9        0x3 
 .rodata        0x0000000000024dac      0xc0b obj_cooja/mtype530.a(rpl-dag.o)
 *fill*         0x00000000000259b7        0x1 
 .rodata        0x00000000000259b8      0x8a4 obj_cooja/mtype530.a(rpl-icmp6.o)
 .rodata        0x000000000002625c       0x6f obj_cooja/mtype530.a(rpl-mrhof.o)
 *fill*         0x00000000000262cb        0x1 
 .rodata        0x00000000000262cc      0x260 obj_cooja/mtype530.a(rpl-timers.o)
 .rodata        0x000000000002652c      0x1be obj_cooja/mtype530.a(rpl.o)
 .rodata        0x00000000000266ea        0x8 obj_cooja/mtype530.a(linkaddr.o)
                0x00000000000266ea                linkaddr_null
 *fill*         0x00000000000266f2        0x2 
 .rodata        0x00000000000266f4       0x24 obj_cooja/mtype530.a(csma.o)
                0x00000000000266fc                csma_driver
 .rodata        0x0000000000026718        0xc obj_cooja/mtype530.a(framer-802154.o)
                0x0000000000026718                framer_802154
 *fill*         0x0000000000026724       0x1c 
 .rodata        0x0000000000026740      0x120 obj_cooja/mtype530.a(nullrdc.o)
                0x0000000000026840                nullrdc_driver
 .rodata        0x0000000000026860       0x18 obj_cooja/mtype530.a(nullsec.o)
                0x0000000000026868                nullsec_driver
 .rodata        0x0000000000026878      0x480 obj_cooja/mtype530.a(uip-ds6-route.o)
 .rodata        0x0000000000026cf8       0xd1 obj_cooja/mtype530.a(uip-icmp6.o)

.rodata1
 *(.rodata1)

.eh_frame_hdr   0x0000000000026dcc     0x12a4
 *(.eh_frame_hdr)
 .eh_frame_hdr  0x0000000000026dcc     0x12a4 udp-server.co

.eh_frame       0x0000000000028070     0x4c00
 *(.eh_frame)
 .eh_frame      0x0000000000028070       0x3c /usr/lib/gcc/i686-linux-gnu/4.8/../../../i386-linux-gnu/crti.o
                                         0x40 (size before relaxing)
 .eh_frame      0x00000000000280ac       0x68 udp-server.co
                                         0x80 (size before relaxing)
 .eh_frame      0x0000000000028114      0x148 obj_cooja/mtype530.o
                                        0x160 (size before relaxing)
 .eh_frame      0x000000000002825c       0x40 obj_cooja/mtype530.a(simEnvChange.o)
                                         0x58 (size before relaxing)
 .eh_frame      0x000000000002829c       0xc0 obj_cooja/mtype530.a(cooja_mt.o)
                                         0xd8 (size before relaxing)
 .eh_frame      0x000000000002835c      0x120 obj_cooja/mtype530.a(cooja_mtarch.o)
                                        0x138 (size before relaxing)
 .eh_frame      0x000000000002847c       0xc0 obj_cooja/mtype530.a(rtimer-arch.o)
                                         0xd8 (size before relaxing)
 .eh_frame      0x000000000002853c      0x160 obj_cooja/mtype530.a(beep.o)
                                        0x178 (size before relaxing)
 .eh_frame      0x000000000002869c       0xa0 obj_cooja/mtype530.a(button-sensor.o)
                                         0xb8 (size before relaxing)
 .eh_frame      0x000000000002873c       0xa0 obj_cooja/mtype530.a(leds-arch.o)
                                         0xb8 (size before relaxing)
 .eh_frame      0x00000000000287dc       0x40 obj_cooja/mtype530.a(moteid.o)
                                         0x58 (size before relaxing)
 .eh_frame      0x000000000002881c       0xa0 obj_cooja/mtype530.a(pir-sensor.o)
                                         0xb8 (size before relaxing)
 .eh_frame      0x00000000000288bc      0x100 obj_cooja/mtype530.a(rs232.o)
                                        0x118 (size before relaxing)
 .eh_frame      0x00000000000289bc       0xa0 obj_cooja/mtype530.a(vib-sensor.o)
                                         0xb8 (size before relaxing)
 .eh_frame      0x0000000000028a5c       0xc0 obj_cooja/mtype530.a(clock.o)
                                         0xd8 (size before relaxing)
 .eh_frame      0x0000000000028b1c      0x120 obj_cooja/mtype530.a(log.o)
                                        0x138 (size before relaxing)
 .eh_frame      0x0000000000028c3c      0x160 obj_cooja/mtype530.a(cfs-cooja.o)
                                        0x178 (size before relaxing)
 .eh_frame      0x0000000000028d9c      0x2e0 obj_cooja/mtype530.a(cooja-radio.o)
                                        0x2f8 (size before relaxing)
 .eh_frame      0x000000000002907c       0xa0 obj_cooja/mtype530.a(eeprom.o)
                                         0xb8 (size before relaxing)
 .eh_frame      0x000000000002911c       0x40 obj_cooja/mtype530.a(random.o)
                                         0x58 (size before relaxing)
 .eh_frame      0x000000000002915c       0xc0 obj_cooja/mtype530.a(sensors.o)
                                         0xd8 (size before relaxing)
 .eh_frame      0x000000000002921c      0x120 obj_cooja/mtype530.a(dual_conf.o)
                                        0x138 (size before relaxing)
 .eh_frame      0x000000000002933c       0x40 obj_cooja/mtype530.a(autostart.o)
                                         0x58 (size before relaxing)
 .eh_frame      0x000000000002937c      0x100 obj_cooja/mtype530.a(ctimer.o)
                                        0x118 (size before relaxing)
 .eh_frame      0x000000000002947c      0x1e0 obj_cooja/mtype530.a(etimer.o)
                                        0x1f8 (size before relaxing)
 .eh_frame      0x000000000002965c      0x1c8 obj_cooja/mtype530.a(process.o)
                                        0x1e0 (size before relaxing)
 .eh_frame      0x0000000000029824       0x60 obj_cooja/mtype530.a(rtimer.o)
                                         0x78 (size before relaxing)
 .eh_frame      0x0000000000029884       0xa4 obj_cooja/mtype530.a(timer.o)
                                         0xbc (size before relaxing)
 .eh_frame      0x0000000000029928       0x60 obj_cooja/mtype530.a(serial-line.o)
                                         0x78 (size before relaxing)
 .eh_frame      0x0000000000029988      0x180 obj_cooja/mtype530.a(list.o)
                                        0x198 (size before relaxing)
 .eh_frame      0x0000000000029b08       0xa0 obj_cooja/mtype530.a(ringbuf.o)
                                         0xb8 (size before relaxing)
 .eh_frame      0x0000000000029ba8      0x278 obj_cooja/mtype530.a(sicslowpan.o)
                                        0x290 (size before relaxing)
 .eh_frame      0x0000000000029e20      0x180 obj_cooja/mtype530.a(uip-ds6-nbr.o)
                                        0x198 (size before relaxing)
 .eh_frame      0x0000000000029fa0      0x2c8 obj_cooja/mtype530.a(uip-ds6.o)
                                        0x2e0 (size before relaxing)
 .eh_frame      0x000000000002a268      0x27c obj_cooja/mtype530.a(uip6.o)
                                        0x294 (size before relaxing)
 .eh_frame      0x000000000002a4e4      0x270 obj_cooja/mtype530.a(tcpip.o)
                                        0x288 (size before relaxing)
 .eh_frame      0x000000000002a754       0x48 obj_cooja/mtype530.a(uip-debug.o)
                                         0x60 (size before relaxing)
 .eh_frame      0x000000000002a79c       0xe0 obj_cooja/mtype530.a(uip-packetqueue)
                                         0xf8 (size before relaxing)
 .eh_frame      0x000000000002a87c      0x674 obj_cooja/mtype530.a(rpl-dag.o)
                                        0x68c (size before relaxing)
 .eh_frame      0x000000000002aef0      0x10c obj_cooja/mtype530.a(rpl-ext-header.)
                                        0x124 (size before relaxing)
 .eh_frame      0x000000000002affc      0x288 obj_cooja/mtype530.a(rpl-icmp6.o)
                                        0x2a0 (size before relaxing)
 .eh_frame      0x000000000002b284       0xe4 obj_cooja/mtype530.a(rpl-mrhof.o)
                                         0xfc (size before relaxing)
 .eh_frame      0x000000000002b368      0x210 obj_cooja/mtype530.a(rpl-timers.o)
                                        0x228 (size before relaxing)
 .eh_frame      0x000000000002b578      0x140 obj_cooja/mtype530.a(rpl.o)
                                        0x158 (size before relaxing)
 .eh_frame      0x000000000002b6b8       0x60 obj_cooja/mtype530.a(linkaddr.o)
                                         0x78 (size before relaxing)
 .eh_frame      0x000000000002b718      0x26c obj_cooja/mtype530.a(nbr-table.o)
                                        0x284 (size before relaxing)
 .eh_frame      0x000000000002b984       0x20 obj_cooja/mtype530.a(netstack.o)
                                         0x38 (size before relaxing)
 .eh_frame      0x000000000002b9a4      0x214 obj_cooja/mtype530.a(packetbuf.o)
                                        0x22c (size before relaxing)
 .eh_frame      0x000000000002bbb8      0x1a0 obj_cooja/mtype530.a(queuebuf.o)
                                        0x1b8 (size before relaxing)
 .eh_frame      0x000000000002bd58      0x28c obj_cooja/mtype530.a(csma.o)
                                        0x2a4 (size before relaxing)
 .eh_frame      0x000000000002bfe4      0x108 obj_cooja/mtype530.a(framer-802154.o)
                                        0x120 (size before relaxing)
 .eh_frame      0x000000000002c0ec       0x20 obj_cooja/mtype530.a(mac.o)
                                         0x38 (size before relaxing)
 .eh_frame      0x000000000002c10c      0x18c obj_cooja/mtype530.a(nullrdc.o)
                                        0x1a4 (size before relaxing)
 .eh_frame      0x000000000002c298       0x80 obj_cooja/mtype530.a(nullsec.o)
                                         0x98 (size before relaxing)
 .eh_frame      0x000000000002c318       0xa0 obj_cooja/mtype530.a(watchdog.o)
                                         0xb8 (size before relaxing)
 .eh_frame      0x000000000002c3b8       0xc4 obj_cooja/mtype530.a(stimer.o)
                                         0xdc (size before relaxing)
 .eh_frame      0x000000000002c47c       0xa0 obj_cooja/mtype530.a(memb.o)
                                         0xb8 (size before relaxing)
 .eh_frame      0x000000000002c51c      0x2c0 obj_cooja/mtype530.a(uip-ds6-route.o)
                                        0x2d8 (size before relaxing)
 .eh_frame      0x000000000002c7dc      0x17c obj_cooja/mtype530.a(uip-icmp6.o)
                                        0x194 (size before relaxing)
 .eh_frame      0x000000000002c958       0x68 obj_cooja/mtype530.a(uip-nd6.o)
                                         0x80 (size before relaxing)
 .eh_frame      0x000000000002c9c0       0xc0 obj_cooja/mtype530.a(rpl-nbr-policy.)
                                         0xd8 (size before relaxing)
 .eh_frame      0x000000000002ca80      0x164 obj_cooja/mtype530.a(frame802154.o)
                                        0x17c (size before relaxing)
 .eh_frame      0x000000000002cbe4       0x88 obj_cooja/mtype530.a(mac-sequence.o)
                                         0xa0 (size before relaxing)
 .eh_frame      0x000000000002cc6c        0x4 /usr/lib/gcc/i686-linux-gnu/4.8/crtendS.o

.gcc_except_table
 *(.gcc_except_table .gcc_except_table.*)

.exception_ranges
 *(.exception_ranges .exception_ranges*)
                0x000000000002cc70                . = (ALIGN (0x1000) - ((0x1000 - .) & 0xfff))
                0x000000000002def8                . = DATA_SEGMENT_ALIGN (0x1000, 0x1000)

.eh_frame
 *(.eh_frame)

.gcc_except_table
 *(.gcc_except_table .gcc_except_table.*)

.exception_ranges
 *(.exception_ranges .exception_ranges*)

.tdata
 *(.tdata .tdata.* .gnu.linkonce.td.*)

.tbss
 *(.tbss .tbss.* .gnu.linkonce.tb.*)
 *(.tcommon)

.preinit_array
 *(.preinit_array)

.init_array     0x000000000002def8        0x4
 *(SORT(.init_array.*) SORT(.ctors.*))
 *(.init_array EXCLUDE_FILE(*crtend?.o *crtend.o *crtbegin?.o *crtbegin.o) .ctors)
 .init_array    0x000000000002def8        0x4 /usr/lib/gcc/i686-linux-gnu/4.8/crtbeginS.o

.fini_array     0x000000000002defc        0x4
 *(SORT(.fini_array.*) SORT(.dtors.*))
 *(.fini_array EXCLUDE_FILE(*crtend?.o *crtend.o *crtbegin?.o *crtbegin.o) .dtors)
 .fini_array    0x000000000002defc        0x4 /usr/lib/gcc/i686-linux-gnu/4.8/crtbeginS.o

.ctors
 *crtbegin.o(.ctors)
 *crtbegin?.o(.ctors)
 *(EXCLUDE_FILE(*crtend?.o *crtend.o) .ctors)
 *(SORT(.ctors.*))
 *(.ctors)

.dtors
 *crtbegin.o(.dtors)
 *crtbegin?.o(.dtors)
 *(EXCLUDE_FILE(*crtend?.o *crtend.o) .dtors)
 *(SORT(.dtors.*))
 *(.dtors)

.jcr            0x000000000002df00        0x4
 *(.jcr)
 .jcr           0x000000000002df00        0x0 /usr/lib/gcc/i686-linux-gnu/4.8/crtbeginS.o
 .jcr           0x000000000002df00        0x4 /usr/lib/gcc/i686-linux-gnu/4.8/crtendS.o

.data.rel.ro
 *(.data.rel.ro.local* .gnu.linkonce.d.rel.ro.local.*)
 *(.data.rel.ro .data.rel.ro.* .gnu.linkonce.d.rel.ro.*)

.dynamic        0x000000000002df04       0xe8
 *(.dynamic)
 .dynamic       0x000000000002df04       0xe8 /usr/lib/gcc/i686-linux-gnu/4.8/../../../i386-linux-gnu/crti.o
                0x000000000002df04                _DYNAMIC

.got            0x000000000002dfec       0x14
 *(.got)
 .got           0x000000000002dfec       0x14 /usr/lib/gcc/i686-linux-gnu/4.8/../../../i386-linux-gnu/crti.o
 *(.igot)
                0x000000000002eff4                . = DATA_SEGMENT_RELRO_END (., (SIZEOF (.got.plt) >= 0xc)?0xc:0x0)

.got.plt        0x000000000002e000       0x14
 *(.got.plt)
 .got.plt       0x000000000002e000       0x14 /usr/lib/gcc/i686-linux-gnu/4.8/../../../i386-linux-gnu/crti.o
                0x000000000002e000                _GLOBAL_OFFSET_TABLE_
 *(.igot.plt)

.data           0x000000000002e020      0x246
 *(.data .data.* .gnu.linkonce.d.*)
 .data          0x000000000002e020        0x0 /usr/lib/gcc/i686-linux-gnu/4.8/../../../i386-linux-gnu/crti.o
 .data          0x000000000002e020        0x0 /usr/lib/gcc/i686-linux-gnu/4.8/crtbeginS.o
 .data.rel      0x000000000002e020        0x4 /usr/lib/gcc/i686-linux-gnu/4.8/crtbeginS.o
                0x000000000002e020                __dso_handle
 .data          0x000000000002e024       0x10 udp-server.co
                0x000000000002e024                udp_server_process
 *fill*         0x000000000002e034        0xc 
 .data          0x000000000002e040       0x44 obj_cooja/mtype530.o
                0x000000000002e040                simInterfaces
                0x000000000002e074                sensors
 .data          0x000000000002e084        0x0 obj_cooja/mtype530.a(simEnvChange.o)
 .data          0x000000000002e084        0x0 obj_cooja/mtype530.a(cooja_mt.o)
 .data          0x000000000002e084        0x0 obj_cooja/mtype530.a(cooja_mtarch.o)
 .data          0x000000000002e084        0x0 obj_cooja/mtype530.a(rtimer-arch.o)
 .data          0x000000000002e084        0x0 obj_cooja/mtype530.a(beep.o)
 .data          0x000000000002e084        0x0 obj_cooja/mtype530.a(button-sensor.o)
 .data          0x000000000002e084        0x0 obj_cooja/mtype530.a(leds-arch.o)
 .data          0x000000000002e084        0x0 obj_cooja/mtype530.a(moteid.o)
 .data          0x000000000002e084        0x0 obj_cooja/mtype530.a(pir-sensor.o)
 .data          0x000000000002e084        0x0 obj_cooja/mtype530.a(rs232.o)
 .data          0x000000000002e084        0x0 obj_cooja/mtype530.a(vib-sensor.o)
 .data          0x000000000002e084        0x0 obj_cooja/mtype530.a(clock.o)
 .data          0x000000000002e084        0x0 obj_cooja/mtype530.a(log.o)
 .data          0x000000000002e084        0x0 obj_cooja/mtype530.a(cfs-cooja.o)
 .data          0x000000000002e084       0x2c obj_cooja/mtype530.a(cooja-radio.o)
                0x000000000002e084                simRadioHWOn
                0x000000000002e088                simSignalStrength
                0x000000000002e08c                simLastSignalStrength
                0x000000000002e090                simPower
                0x000000000002e094                simRadioChannel
                0x000000000002e098                simRadioChannelLR
                0x000000000002e09c                simLQI
                0x000000000002e0a0                cooja_radio_process
 .data          0x000000000002e0b0        0x0 obj_cooja/mtype530.a(eeprom.o)
 .data          0x000000000002e0b0        0x0 obj_cooja/mtype530.a(random.o)
 .data          0x000000000002e0b0       0x10 obj_cooja/mtype530.a(sensors.o)
                0x000000000002e0b0                sensors_process
 .data          0x000000000002e0c0       0x24 obj_cooja/mtype530.a(dual_conf.o)
                0x000000000002e0c0                radio_received
                0x000000000002e0c4                dual_dio_broadcast
                0x000000000002e0d4                dual_dis_broadcast
 .data          0x000000000002e0e4        0x0 obj_cooja/mtype530.a(autostart.o)
 .data          0x000000000002e0e4       0x14 obj_cooja/mtype530.a(ctimer.o)
                0x000000000002e0e8                ctimer_process
 .data          0x000000000002e0f8       0x10 obj_cooja/mtype530.a(etimer.o)
                0x000000000002e0f8                etimer_process
 .data          0x000000000002e108        0x0 obj_cooja/mtype530.a(process.o)
 .data          0x000000000002e108        0x0 obj_cooja/mtype530.a(rtimer.o)
 .data          0x000000000002e108        0x0 obj_cooja/mtype530.a(timer.o)
 .data          0x000000000002e108       0x10 obj_cooja/mtype530.a(serial-line.o)
                0x000000000002e108                serial_line_process
 .data          0x000000000002e118        0x0 obj_cooja/mtype530.a(list.o)
 .data          0x000000000002e118        0x0 obj_cooja/mtype530.a(ringbuf.o)
 .data          0x000000000002e118        0x0 obj_cooja/mtype530.a(sicslowpan.o)
 .data          0x000000000002e118       0x14 obj_cooja/mtype530.a(uip-ds6-nbr.o)
                0x000000000002e128                ds6_neighbors
 .data          0x000000000002e12c        0x0 obj_cooja/mtype530.a(uip-ds6.o)
 .data          0x000000000002e12c        0x0 obj_cooja/mtype530.a(uip6.o)
 .data          0x000000000002e12c       0x10 obj_cooja/mtype530.a(tcpip.o)
                0x000000000002e12c                tcpip_process
 .data          0x000000000002e13c        0x0 obj_cooja/mtype530.a(uip-debug.o)
 .data          0x000000000002e13c        0xc obj_cooja/mtype530.a(uip-packetqueue)
 .data          0x000000000002e148       0x14 obj_cooja/mtype530.a(rpl-dag.o)
                0x000000000002e158                rpl_parents
 .data          0x000000000002e15c        0x0 obj_cooja/mtype530.a(rpl-ext-header.)
 .data          0x000000000002e15c       0x34 obj_cooja/mtype530.a(rpl-icmp6.o)
 .data          0x000000000002e190       0x1c obj_cooja/mtype530.a(rpl-mrhof.o)
                0x000000000002e190                rpl_mrhof
 .data          0x000000000002e1ac        0x0 obj_cooja/mtype530.a(rpl-timers.o)
 .data          0x000000000002e1ac        0x0 obj_cooja/mtype530.a(rpl.o)
 .data          0x000000000002e1ac        0x0 obj_cooja/mtype530.a(linkaddr.o)
 .data          0x000000000002e1ac       0x10 obj_cooja/mtype530.a(nbr-table.o)
 .data          0x000000000002e1bc        0x0 obj_cooja/mtype530.a(netstack.o)
 .data          0x000000000002e1bc        0x4 obj_cooja/mtype530.a(packetbuf.o)
 .data          0x000000000002e1c0       0x18 obj_cooja/mtype530.a(queuebuf.o)
 .data          0x000000000002e1d8       0x28 obj_cooja/mtype530.a(csma.o)
 .data          0x000000000002e200        0x0 obj_cooja/mtype530.a(framer-802154.o)
 .data          0x000000000002e200        0x0 obj_cooja/mtype530.a(mac.o)
 .data          0x000000000002e200        0x0 obj_cooja/mtype530.a(nullrdc.o)
 .data          0x000000000002e200        0x0 obj_cooja/mtype530.a(nullsec.o)
 .data          0x000000000002e200        0x0 obj_cooja/mtype530.a(watchdog.o)
 .data          0x000000000002e200        0x0 obj_cooja/mtype530.a(rimestats.o)
 .data          0x000000000002e200        0x0 obj_cooja/mtype530.a(stimer.o)
 .data          0x000000000002e200        0x0 obj_cooja/mtype530.a(memb.o)
 .data          0x000000000002e200       0x44 obj_cooja/mtype530.a(uip-ds6-route.o)
                0x000000000002e210                nbr_routes
 .data          0x000000000002e244       0x20 obj_cooja/mtype530.a(uip-icmp6.o)
 .data          0x000000000002e264        0x0 obj_cooja/mtype530.a(uip-nd6.o)
 .data          0x000000000002e264        0x0 obj_cooja/mtype530.a(rpl-nbr-policy.)
 .data          0x000000000002e264        0x2 obj_cooja/mtype530.a(frame802154.o)
 .data          0x000000000002e266        0x0 obj_cooja/mtype530.a(mac-sequence.o)
 .data          0x000000000002e266        0x0 /usr/lib/gcc/i686-linux-gnu/4.8/crtendS.o
 .data          0x000000000002e266        0x0 /usr/lib/gcc/i686-linux-gnu/4.8/../../../i386-linux-gnu/crtn.o

.tm_clone_table
                0x000000000002e268        0x0
 .tm_clone_table
                0x000000000002e268        0x0 /usr/lib/gcc/i686-linux-gnu/4.8/crtbeginS.o
 .tm_clone_table
                0x000000000002e268        0x0 /usr/lib/gcc/i686-linux-gnu/4.8/crtendS.o

.data1
 *(.data1)
                0x000000000002e268                _edata = .
                0x000000000002e268                PROVIDE (edata, .)
                0x000000000002e268                . = .
                0x000000000002e268                __bss_start = .

.bss            0x000000000002e280     0x80c8
 *(.dynbss)
 .dynbss        0x0000000000000000        0x0 /usr/lib/gcc/i686-linux-gnu/4.8/../../../i386-linux-gnu/crti.o
 *(.bss .bss.* .gnu.linkonce.b.*)
 .bss           0x000000000002e280        0x0 /usr/lib/gcc/i686-linux-gnu/4.8/../../../i386-linux-gnu/crti.o
 .bss           0x000000000002e280        0x1 /usr/lib/gcc/i686-linux-gnu/4.8/crtbeginS.o
 *fill*         0x000000000002e281        0x3 
 .bss           0x000000000002e284        0x4 udp-server.co
 *fill*         0x000000000002e288       0x18 
 .bss           0x000000000002e2a0     0x2030 obj_cooja/mtype530.o
 .bss           0x00000000000302d0        0x1 obj_cooja/mtype530.a(simEnvChange.o)
                0x00000000000302d0                simDontFallAsleep
 *fill*         0x00000000000302d1        0x3 
 .bss           0x00000000000302d4        0x4 obj_cooja/mtype530.a(cooja_mt.o)
 .bss           0x00000000000302d8        0x4 obj_cooja/mtype530.a(cooja_mtarch.o)
 .bss           0x00000000000302dc        0xc obj_cooja/mtype530.a(rtimer-arch.o)
 .bss           0x00000000000302e8        0x0 obj_cooja/mtype530.a(beep.o)
 .bss           0x00000000000302e8        0x8 obj_cooja/mtype530.a(button-sensor.o)
 .bss           0x00000000000302f0        0x0 obj_cooja/mtype530.a(leds-arch.o)
 .bss           0x00000000000302f0        0x0 obj_cooja/mtype530.a(moteid.o)
 .bss           0x00000000000302f0        0x1 obj_cooja/mtype530.a(pir-sensor.o)
                0x00000000000302f0                simPirValue
 *fill*         0x00000000000302f1        0x3 
 .bss           0x00000000000302f4        0x4 obj_cooja/mtype530.a(rs232.o)
 .bss           0x00000000000302f8        0x1 obj_cooja/mtype530.a(vib-sensor.o)
                0x00000000000302f8                simVibValue
 .bss           0x00000000000302f9        0x0 obj_cooja/mtype530.a(clock.o)
 *fill*         0x00000000000302f9        0x7 
 .bss           0x0000000000030300      0x420 obj_cooja/mtype530.a(log.o)
 .bss           0x0000000000030720      0xfc0 obj_cooja/mtype530.a(cfs-cooja.o)
                0x0000000000030720                simCFSData
                0x00000000000316c0                simCFSSize
                0x00000000000316c4                simCFSChanged
                0x00000000000316c8                simCFSRead
                0x00000000000316cc                simCFSWritten
 .bss           0x00000000000316e0       0x20 obj_cooja/mtype530.a(cooja-radio.o)
                0x00000000000316e0                simReceiving
                0x00000000000316e1                simReceivingLR
                0x00000000000316e4                simInSize
                0x00000000000316e8                simInSizeLR
                0x00000000000316ec                simOutSize
                0x00000000000316f0                simOutSizeLR
                0x00000000000316f4                LongRangeTransmit
                0x00000000000316f8                LongRangeReceiving
 .bss           0x0000000000031700        0xc obj_cooja/mtype530.a(eeprom.o)
                0x0000000000031700                simEEPROMChanged
                0x0000000000031704                simEEPROMRead
                0x0000000000031708                simEEPROMWritten
 .bss           0x000000000003170c        0x0 obj_cooja/mtype530.a(random.o)
 .bss           0x000000000003170c        0xc obj_cooja/mtype530.a(sensors.o)
 .bss           0x0000000000031718       0x28 obj_cooja/mtype530.a(dual_conf.o)
                0x0000000000031718                long_range_radio
 .bss           0x0000000000031740        0x0 obj_cooja/mtype530.a(autostart.o)
 .bss           0x0000000000031740        0x5 obj_cooja/mtype530.a(ctimer.o)
 *fill*         0x0000000000031745        0x3 
 .bss           0x0000000000031748        0x8 obj_cooja/mtype530.a(etimer.o)
 *fill*         0x0000000000031750       0x10 
 .bss           0x0000000000031760      0x1b1 obj_cooja/mtype530.a(process.o)
                0x0000000000031760                process_list
                0x0000000000031764                process_current
 *fill*         0x0000000000031911        0x3 
 .bss           0x0000000000031914        0x4 obj_cooja/mtype530.a(rtimer.o)
 .bss           0x0000000000031918        0x0 obj_cooja/mtype530.a(timer.o)
 *fill*         0x0000000000031918        0x8 
 .bss           0x0000000000031920      0x140 obj_cooja/mtype530.a(serial-line.o)
 .bss           0x0000000000031a60        0x0 obj_cooja/mtype530.a(list.o)
 .bss           0x0000000000031a60        0x0 obj_cooja/mtype530.a(ringbuf.o)
 .bss           0x0000000000031a60      0x6f0 obj_cooja/mtype530.a(sicslowpan.o)
 *fill*         0x0000000000032150       0x10 
 .bss           0x0000000000032160       0xf0 obj_cooja/mtype530.a(uip-ds6-nbr.o)
 .bss           0x0000000000032250       0x20 obj_cooja/mtype530.a(uip-ds6.o)
 .bss           0x0000000000032270        0xe obj_cooja/mtype530.a(uip6.o)
                0x0000000000032270                uip_ext_bitmap
                0x0000000000032271                uip_ext_len
                0x0000000000032272                uip_ext_opt_offset
 *fill*         0x000000000003227e        0x2 
 .bss           0x0000000000032280       0x6a obj_cooja/mtype530.a(tcpip.o)
 .bss           0x00000000000322ea        0x0 obj_cooja/mtype530.a(uip-debug.o)
 *fill*         0x00000000000322ea       0x16 
 .bss           0x0000000000032300      0xcf8 obj_cooja/mtype530.a(uip-packetqueue)
 *fill*         0x0000000000032ff8        0x8 
 .bss           0x0000000000033000       0xa0 obj_cooja/mtype530.a(rpl-dag.o)
 .bss           0x00000000000330a0        0x0 obj_cooja/mtype530.a(rpl-ext-header.)
 .bss           0x00000000000330a0        0x0 obj_cooja/mtype530.a(rpl-icmp6.o)
 .bss           0x00000000000330a0        0x0 obj_cooja/mtype530.a(rpl-mrhof.o)
 .bss           0x00000000000330a0       0x23 obj_cooja/mtype530.a(rpl-timers.o)
 *fill*         0x00000000000330c3        0x1 
 .bss           0x00000000000330c4        0x4 obj_cooja/mtype530.a(rpl.o)
 .bss           0x00000000000330c8        0x0 obj_cooja/mtype530.a(linkaddr.o)
 *fill*         0x00000000000330c8       0x18 
 .bss           0x00000000000330e0       0xdc obj_cooja/mtype530.a(nbr-table.o)
 .bss           0x00000000000331bc        0x0 obj_cooja/mtype530.a(netstack.o)
 *fill*         0x00000000000331bc        0x4 
 .bss           0x00000000000331c0       0xa0 obj_cooja/mtype530.a(packetbuf.o)
 .bss           0x0000000000033260      0xb80 obj_cooja/mtype530.a(queuebuf.o)
 .bss           0x0000000000033de0      0x248 obj_cooja/mtype530.a(csma.o)
 .bss           0x0000000000034028        0x2 obj_cooja/mtype530.a(framer-802154.o)
 .bss           0x000000000003402a        0x0 obj_cooja/mtype530.a(mac.o)
 .bss           0x000000000003402a        0x0 obj_cooja/mtype530.a(nullrdc.o)
 .bss           0x000000000003402a        0x0 obj_cooja/mtype530.a(nullsec.o)
 .bss           0x000000000003402a        0x0 obj_cooja/mtype530.a(watchdog.o)
 .bss           0x000000000003402a        0x0 obj_cooja/mtype530.a(rimestats.o)
 .bss           0x000000000003402a        0x0 obj_cooja/mtype530.a(stimer.o)
 .bss           0x000000000003402a        0x0 obj_cooja/mtype530.a(memb.o)
 *fill*         0x000000000003402a       0x16 
 .bss           0x0000000000034040      0x2a8 obj_cooja/mtype530.a(uip-ds6-route.o)
 .bss           0x00000000000342e8       0x18 obj_cooja/mtype530.a(uip-icmp6.o)
 .bss           0x0000000000034300        0x0 obj_cooja/mtype530.a(uip-nd6.o)
 .bss           0x0000000000034300       0x44 obj_cooja/mtype530.a(rpl-nbr-policy.)
 .bss           0x0000000000034344        0x0 obj_cooja/mtype530.a(frame802154.o)
 *fill*         0x0000000000034344       0x1c 
 .bss           0x0000000000034360       0x90 obj_cooja/mtype530.a(mac-sequence.o)
 .bss           0x00000000000343f0        0x0 /usr/lib/gcc/i686-linux-gnu/4.8/crtendS.o
 .bss           0x00000000000343f0        0x0 /usr/lib/gcc/i686-linux-gnu/4.8/../../../i386-linux-gnu/crtn.o
 *(COMMON)
 COMMON         0x00000000000343f0        0x8 obj_cooja/mtype530.o
                0x00000000000343f0                referenceVar
                0x00000000000343f4                sensors_flags
 COMMON         0x00000000000343f8        0xc obj_cooja/mtype530.a(simEnvChange.o)
                0x00000000000343f8                simEtimerPending
                0x00000000000343fc                simProcessRunValue
                0x0000000000034400                simNextExpirationTime
 COMMON         0x0000000000034404        0x1 obj_cooja/mtype530.a(beep.o)
                0x0000000000034404                simBeeped
 COMMON         0x0000000000034405        0x3 obj_cooja/mtype530.a(button-sensor.o)
                0x0000000000034405                simButtonIsActive
                0x0000000000034406                simButtonIsDown
                0x0000000000034407                simButtonChanged
 COMMON         0x0000000000034408        0x1 obj_cooja/mtype530.a(leds-arch.o)
                0x0000000000034408                simLedsValue
 *fill*         0x0000000000034409        0x3 
 COMMON         0x000000000003440c        0xc obj_cooja/mtype530.a(moteid.o)
                0x000000000003440c                simRandomSeed
                0x0000000000034410                simMoteIDChanged
                0x0000000000034414                simMoteID
 COMMON         0x0000000000034418        0x2 obj_cooja/mtype530.a(pir-sensor.o)
                0x0000000000034418                simPirIsActive
                0x0000000000034419                simPirChanged
 *fill*         0x000000000003441a        0x6 
 COMMON         0x0000000000034420      0x820 obj_cooja/mtype530.a(rs232.o)
                0x0000000000034420                simSerialReceivingFlag
                0x0000000000034424                simSerialReceivingLength
                0x0000000000034440                simSerialReceivingData
 COMMON         0x0000000000034c40        0x2 obj_cooja/mtype530.a(vib-sensor.o)
                0x0000000000034c40                simVibChanged
                0x0000000000034c41                simVibIsActive
 *fill*         0x0000000000034c42        0x2 
 COMMON         0x0000000000034c44        0x4 obj_cooja/mtype530.a(clock.o)
                0x0000000000034c44                simCurrentTime
 *fill*         0x0000000000034c48       0x18 
 COMMON         0x0000000000034c60      0x420 obj_cooja/mtype530.a(log.o)
                0x0000000000034c60                simLoggedLength
                0x0000000000034c64                simLoggedFlag
                0x0000000000034c80                simLoggedData
 COMMON         0x0000000000035080      0x200 obj_cooja/mtype530.a(cooja-radio.o)
                0x0000000000035080                simOutDataBuffer
                0x0000000000035100                simInDataBufferLR
                0x0000000000035180                simOutDataBufferLR
                0x0000000000035200                simInDataBuffer
 COMMON         0x0000000000035280      0x400 obj_cooja/mtype530.a(eeprom.o)
                0x0000000000035280                simEEPROMData
 COMMON         0x0000000000035680        0x1 obj_cooja/mtype530.a(sensors.o)
                0x0000000000035680                sensors_event
 COMMON         0x0000000000035681        0x1 obj_cooja/mtype530.a(serial-line.o)
                0x0000000000035681                serial_line_event_message
 *fill*         0x0000000000035682       0x1e 
 COMMON         0x00000000000356a0      0x181 obj_cooja/mtype530.a(uip-ds6.o)
                0x00000000000356a0                uip_ds6_prefix_list
                0x0000000000035700                uip_ds6_timer_periodic
                0x0000000000035710                uip_ds6_netif_addr_list_offset
                0x0000000000035720                uip_ds6_if
                0x0000000000035818                uip_ds6_timer_ra
                0x0000000000035820                uip_ds6_addr_size
 *fill*         0x0000000000035821       0x1f 
 COMMON         0x0000000000035840      0x8ec obj_cooja/mtype530.a(uip6.o)
                0x0000000000035840                uip_slen
                0x0000000000035842                uip_acc32
                0x0000000000035860                uip_conns
                0x0000000000035920                uip_lladdr
                0x0000000000035928                uip_appdata
                0x000000000003592c                uip_flags
                0x0000000000035940                uip_aligned_buf
                0x0000000000035f80                uip_listenports
                0x0000000000035f90                uip_len
                0x0000000000035f94                uip_sappdata
                0x0000000000035fa0                uip_udp_conns
                0x0000000000036120                uip_udp_conn
                0x0000000000036124                uip_next_hdr
                0x0000000000036128                uip_conn
 COMMON         0x000000000003612c        0x1 obj_cooja/mtype530.a(tcpip.o)
                0x000000000003612c                tcpip_event
 *fill*         0x000000000003612d       0x13 
 COMMON         0x0000000000036140      0x170 obj_cooja/mtype530.a(rpl-dag.o)
                0x0000000000036140                default_instance
                0x0000000000036160                instance_table
 COMMON         0x00000000000362b0        0x8 obj_cooja/mtype530.a(linkaddr.o)
                0x00000000000362b0                linkaddr_node_addr
 COMMON         0x00000000000362b8       0x2e obj_cooja/mtype530.a(packetbuf.o)
                0x00000000000362b8                packetbuf_attrs
                0x00000000000362d6                packetbuf_addrs
 *fill*         0x00000000000362e6       0x1a 
 COMMON         0x0000000000036300       0x48 obj_cooja/mtype530.a(rimestats.o)
                0x0000000000036300                rimestats
                0x0000000000036348                . = ALIGN ((. != 0x0)?0x4:0x1)
                0x0000000000036348                . = ALIGN (0x4)
                0x0000000000036348                . = SEGMENT_START ("ldata-segment", .)
                0x0000000000036348                . = ALIGN (0x4)
                0x0000000000036348                _end = .
                0x0000000000036348                PROVIDE (end, .)
                0x0000000000036348                . = DATA_SEGMENT_END (.)

.stab
 *(.stab)

.stabstr
 *(.stabstr)

.stab.excl
 *(.stab.excl)

.stab.exclstr
 *(.stab.exclstr)

.stab.index
 *(.stab.index)

.stab.indexstr
 *(.stab.indexstr)

.comment        0x0000000000000000       0x2b
 *(.comment)
 .comment       0x0000000000000000       0x2b /usr/lib/gcc/i686-linux-gnu/4.8/crtbeginS.o
                                         0x2c (size before relaxing)
 .comment       0x0000000000000000       0x2c udp-server.co
 .comment       0x0000000000000000       0x2c obj_cooja/mtype530.o
 .comment       0x0000000000000000       0x2c obj_cooja/mtype530.a(simEnvChange.o)
 .comment       0x0000000000000000       0x2c obj_cooja/mtype530.a(cooja_mt.o)
 .comment       0x0000000000000000       0x2c obj_cooja/mtype530.a(cooja_mtarch.o)
 .comment       0x0000000000000000       0x2c obj_cooja/mtype530.a(rtimer-arch.o)
 .comment       0x0000000000000000       0x2c obj_cooja/mtype530.a(beep.o)
 .comment       0x0000000000000000       0x2c obj_cooja/mtype530.a(button-sensor.o)
 .comment       0x0000000000000000       0x2c obj_cooja/mtype530.a(leds-arch.o)
 .comment       0x0000000000000000       0x2c obj_cooja/mtype530.a(moteid.o)
 .comment       0x0000000000000000       0x2c obj_cooja/mtype530.a(pir-sensor.o)
 .comment       0x0000000000000000       0x2c obj_cooja/mtype530.a(rs232.o)
 .comment       0x0000000000000000       0x2c obj_cooja/mtype530.a(vib-sensor.o)
 .comment       0x0000000000000000       0x2c obj_cooja/mtype530.a(clock.o)
 .comment       0x0000000000000000       0x2c obj_cooja/mtype530.a(log.o)
 .comment       0x0000000000000000       0x2c obj_cooja/mtype530.a(cfs-cooja.o)
 .comment       0x0000000000000000       0x2c obj_cooja/mtype530.a(cooja-radio.o)
 .comment       0x0000000000000000       0x2c obj_cooja/mtype530.a(eeprom.o)
 .comment       0x0000000000000000       0x2c obj_cooja/mtype530.a(random.o)
 .comment       0x0000000000000000       0x2c obj_cooja/mtype530.a(sensors.o)
 .comment       0x0000000000000000       0x2c obj_cooja/mtype530.a(dual_conf.o)
 .comment       0x0000000000000000       0x2c obj_cooja/mtype530.a(autostart.o)
 .comment       0x0000000000000000       0x2c obj_cooja/mtype530.a(ctimer.o)
 .comment       0x0000000000000000       0x2c obj_cooja/mtype530.a(etimer.o)
 .comment       0x0000000000000000       0x2c obj_cooja/mtype530.a(process.o)
 .comment       0x0000000000000000       0x2c obj_cooja/mtype530.a(rtimer.o)
 .comment       0x0000000000000000       0x2c obj_cooja/mtype530.a(timer.o)
 .comment       0x0000000000000000       0x2c obj_cooja/mtype530.a(serial-line.o)
 .comment       0x0000000000000000       0x2c obj_cooja/mtype530.a(list.o)
 .comment       0x0000000000000000       0x2c obj_cooja/mtype530.a(ringbuf.o)
 .comment       0x0000000000000000       0x2c obj_cooja/mtype530.a(sicslowpan.o)
 .comment       0x0000000000000000       0x2c obj_cooja/mtype530.a(uip-ds6-nbr.o)
 .comment       0x0000000000000000       0x2c obj_cooja/mtype530.a(uip-ds6.o)
 .comment       0x0000000000000000       0x2c obj_cooja/mtype530.a(uip6.o)
 .comment       0x0000000000000000       0x2c obj_cooja/mtype530.a(tcpip.o)
 .comment       0x0000000000000000       0x2c obj_cooja/mtype530.a(uip-debug.o)
 .comment       0x0000000000000000       0x2c obj_cooja/mtype530.a(uip-packetqueue)
 .comment       0x0000000000000000       0x2c obj_cooja/mtype530.a(rpl-dag.o)
 .comment       0x0000000000000000       0x2c obj_cooja/mtype530.a(rpl-ext-header.)
 .comment       0x0000000000000000       0x2c obj_cooja/mtype530.a(rpl-icmp6.o)
 .comment       0x0000000000000000       0x2c obj_cooja/mtype530.a(rpl-mrhof.o)
 .comment       0x0000000000000000       0x2c obj_cooja/mtype530.a(rpl-timers.o)
 .comment       0x0000000000000000       0x2c obj_cooja/mtype530.a(rpl.o)
 .comment       0x0000000000000000       0x2c obj_cooja/mtype530.a(linkaddr.o)
 .comment       0x0000000000000000       0x2c obj_cooja/mtype530.a(nbr-table.o)
 .comment       0x0000000000000000       0x2c obj_cooja/mtype530.a(netstack.o)
 .comment       0x0000000000000000       0x2c obj_cooja/mtype530.a(packetbuf.o)
 .comment       0x0000000000000000       0x2c obj_cooja/mtype530.a(queuebuf.o)
 .comment       0x0000000000000000       0x2c obj_cooja/mtype530.a(csma.o)
 .comment       0x0000000000000000       0x2c obj_cooja/mtype530.a(framer-802154.o)
 .comment       0x0000000000000000       0x2c obj_cooja/mtype530.a(mac.o)
 .comment       0x0000000000000000       0x2c obj_cooja/mtype530.a(nullrdc.o)
 .comment       0x0000000000000000       0x2c obj_cooja/mtype530.a(nullsec.o)
 .comment       0x0000000000000000       0x2c obj_cooja/mtype530.a(watchdog.o)
 .comment       0x0000000000000000       0x2c obj_cooja/mtype530.a(rimestats.o)
 .comment       0x0000000000000000       0x2c obj_cooja/mtype530.a(stimer.o)
 .comment       0x0000000000000000       0x2c obj_cooja/mtype530.a(memb.o)
 .comment       0x0000000000000000       0x2c obj_cooja/mtype530.a(uip-ds6-route.o)
 .comment       0x0000000000000000       0x2c obj_cooja/mtype530.a(uip-icmp6.o)
 .comment       0x0000000000000000       0x2c obj_cooja/mtype530.a(uip-nd6.o)
 .comment       0x0000000000000000       0x2c obj_cooja/mtype530.a(rpl-nbr-policy.)
 .comment       0x0000000000000000       0x2c obj_cooja/mtype530.a(frame802154.o)
 .comment       0x0000000000000000       0x2c obj_cooja/mtype530.a(mac-sequence.o)
 .comment       0x0000000000000000       0x2c /usr/lib/gcc/i686-linux-gnu/4.8/crtendS.o

.debug
 *(.debug)

.line
 *(.line)

.debug_srcinfo
 *(.debug_srcinfo)

.debug_sfnames
 *(.debug_sfnames)

.debug_aranges  0x0000000000000000      0x7d8
 *(.debug_aranges)
 .debug_aranges
                0x0000000000000000       0x20 udp-server.co
 .debug_aranges
                0x0000000000000020       0x20 obj_cooja/mtype530.o
 .debug_aranges
                0x0000000000000040       0x20 obj_cooja/mtype530.a(simEnvChange.o)
 .debug_aranges
                0x0000000000000060       0x20 obj_cooja/mtype530.a(cooja_mt.o)
 .debug_aranges
                0x0000000000000080       0x20 obj_cooja/mtype530.a(cooja_mtarch.o)
 .debug_aranges
                0x00000000000000a0       0x20 obj_cooja/mtype530.a(rtimer-arch.o)
 .debug_aranges
                0x00000000000000c0       0x20 obj_cooja/mtype530.a(beep.o)
 .debug_aranges
                0x00000000000000e0       0x20 obj_cooja/mtype530.a(button-sensor.o)
 .debug_aranges
                0x0000000000000100       0x20 obj_cooja/mtype530.a(leds-arch.o)
 .debug_aranges
                0x0000000000000120       0x20 obj_cooja/mtype530.a(moteid.o)
 .debug_aranges
                0x0000000000000140       0x20 obj_cooja/mtype530.a(pir-sensor.o)
 .debug_aranges
                0x0000000000000160       0x20 obj_cooja/mtype530.a(rs232.o)
 .debug_aranges
                0x0000000000000180       0x20 obj_cooja/mtype530.a(vib-sensor.o)
 .debug_aranges
                0x00000000000001a0       0x20 obj_cooja/mtype530.a(clock.o)
 .debug_aranges
                0x00000000000001c0       0x20 obj_cooja/mtype530.a(log.o)
 .debug_aranges
                0x00000000000001e0       0x20 obj_cooja/mtype530.a(cfs-cooja.o)
 .debug_aranges
                0x0000000000000200       0x20 obj_cooja/mtype530.a(cooja-radio.o)
 .debug_aranges
                0x0000000000000220       0x20 obj_cooja/mtype530.a(eeprom.o)
 .debug_aranges
                0x0000000000000240       0x20 obj_cooja/mtype530.a(random.o)
 .debug_aranges
                0x0000000000000260       0x20 obj_cooja/mtype530.a(sensors.o)
 .debug_aranges
                0x0000000000000280       0x20 obj_cooja/mtype530.a(dual_conf.o)
 .debug_aranges
                0x00000000000002a0       0x20 obj_cooja/mtype530.a(autostart.o)
 .debug_aranges
                0x00000000000002c0       0x20 obj_cooja/mtype530.a(ctimer.o)
 .debug_aranges
                0x00000000000002e0       0x20 obj_cooja/mtype530.a(etimer.o)
 .debug_aranges
                0x0000000000000300       0x20 obj_cooja/mtype530.a(process.o)
 .debug_aranges
                0x0000000000000320       0x20 obj_cooja/mtype530.a(rtimer.o)
 .debug_aranges
                0x0000000000000340       0x20 obj_cooja/mtype530.a(timer.o)
 .debug_aranges
                0x0000000000000360       0x20 obj_cooja/mtype530.a(serial-line.o)
 .debug_aranges
                0x0000000000000380       0x20 obj_cooja/mtype530.a(list.o)
 .debug_aranges
                0x00000000000003a0       0x20 obj_cooja/mtype530.a(ringbuf.o)
 .debug_aranges
                0x00000000000003c0       0x20 obj_cooja/mtype530.a(sicslowpan.o)
 .debug_aranges
                0x00000000000003e0       0x20 obj_cooja/mtype530.a(uip-ds6-nbr.o)
 .debug_aranges
                0x0000000000000400       0x20 obj_cooja/mtype530.a(uip-ds6.o)
 .debug_aranges
                0x0000000000000420       0x20 obj_cooja/mtype530.a(uip6.o)
 .debug_aranges
                0x0000000000000440       0x20 obj_cooja/mtype530.a(tcpip.o)
 .debug_aranges
                0x0000000000000460       0x20 obj_cooja/mtype530.a(uip-debug.o)
 .debug_aranges
                0x0000000000000480       0x20 obj_cooja/mtype530.a(uip-packetqueue)
 .debug_aranges
                0x00000000000004a0       0x20 obj_cooja/mtype530.a(rpl-dag.o)
 .debug_aranges
                0x00000000000004c0       0x20 obj_cooja/mtype530.a(rpl-ext-header.)
 .debug_aranges
                0x00000000000004e0       0x20 obj_cooja/mtype530.a(rpl-icmp6.o)
 .debug_aranges
                0x0000000000000500       0x20 obj_cooja/mtype530.a(rpl-mrhof.o)
 .debug_aranges
                0x0000000000000520       0x20 obj_cooja/mtype530.a(rpl-timers.o)
 .debug_aranges
                0x0000000000000540       0x20 obj_cooja/mtype530.a(rpl.o)
 .debug_aranges
                0x0000000000000560       0x20 obj_cooja/mtype530.a(linkaddr.o)
 .debug_aranges
                0x0000000000000580       0x20 obj_cooja/mtype530.a(nbr-table.o)
 .debug_aranges
                0x00000000000005a0       0x20 obj_cooja/mtype530.a(netstack.o)
 .debug_aranges
                0x00000000000005c0       0x20 obj_cooja/mtype530.a(packetbuf.o)
 .debug_aranges
                0x00000000000005e0       0x20 obj_cooja/mtype530.a(queuebuf.o)
 .debug_aranges
                0x0000000000000600       0x20 obj_cooja/mtype530.a(csma.o)
 .debug_aranges
                0x0000000000000620       0x20 obj_cooja/mtype530.a(framer-802154.o)
 .debug_aranges
                0x0000000000000640       0x20 obj_cooja/mtype530.a(mac.o)
 .debug_aranges
                0x0000000000000660       0x20 obj_cooja/mtype530.a(nullrdc.o)
 .debug_aranges
                0x0000000000000680       0x20 obj_cooja/mtype530.a(nullsec.o)
 .debug_aranges
                0x00000000000006a0       0x20 obj_cooja/mtype530.a(watchdog.o)
 .debug_aranges
                0x00000000000006c0       0x18 obj_cooja/mtype530.a(rimestats.o)
 .debug_aranges
                0x00000000000006d8       0x20 obj_cooja/mtype530.a(stimer.o)
 .debug_aranges
                0x00000000000006f8       0x20 obj_cooja/mtype530.a(memb.o)
 .debug_aranges
                0x0000000000000718       0x20 obj_cooja/mtype530.a(uip-ds6-route.o)
 .debug_aranges
                0x0000000000000738       0x20 obj_cooja/mtype530.a(uip-icmp6.o)
 .debug_aranges
                0x0000000000000758       0x20 obj_cooja/mtype530.a(uip-nd6.o)
 .debug_aranges
                0x0000000000000778       0x20 obj_cooja/mtype530.a(rpl-nbr-policy.)
 .debug_aranges
                0x0000000000000798       0x20 obj_cooja/mtype530.a(frame802154.o)
 .debug_aranges
                0x00000000000007b8       0x20 obj_cooja/mtype530.a(mac-sequence.o)

.debug_pubnames
 *(.debug_pubnames)

.debug_info     0x0000000000000000    0x1ae60
 *(.debug_info .gnu.linkonce.wi.*)
 .debug_info    0x0000000000000000      0xdde udp-server.co
 .debug_info    0x0000000000000dde     0x370c obj_cooja/mtype530.o
 .debug_info    0x00000000000044ea      0x15a obj_cooja/mtype530.a(simEnvChange.o)
 .debug_info    0x0000000000004644      0x1e2 obj_cooja/mtype530.a(cooja_mt.o)
 .debug_info    0x0000000000004826      0x2e7 obj_cooja/mtype530.a(cooja_mtarch.o)
 .debug_info    0x0000000000004b0d      0x16b obj_cooja/mtype530.a(rtimer-arch.o)
 .debug_info    0x0000000000004c78      0x1f3 obj_cooja/mtype530.a(beep.o)
 .debug_info    0x0000000000004e6b      0x257 obj_cooja/mtype530.a(button-sensor.o)
 .debug_info    0x00000000000050c2      0x132 obj_cooja/mtype530.a(leds-arch.o)
 .debug_info    0x00000000000051f4      0x10a obj_cooja/mtype530.a(moteid.o)
 .debug_info    0x00000000000052fe      0x216 obj_cooja/mtype530.a(pir-sensor.o)
 .debug_info    0x0000000000005514      0x21e obj_cooja/mtype530.a(rs232.o)
 .debug_info    0x0000000000005732      0x216 obj_cooja/mtype530.a(vib-sensor.o)
 .debug_info    0x0000000000005948      0x152 obj_cooja/mtype530.a(clock.o)
 .debug_info    0x0000000000005a9a      0x2bb obj_cooja/mtype530.a(log.o)
 .debug_info    0x0000000000005d55      0x3cf obj_cooja/mtype530.a(cfs-cooja.o)
 .debug_info    0x0000000000006124      0xc5e obj_cooja/mtype530.a(cooja-radio.o)
 .debug_info    0x0000000000006d82      0x1d5 obj_cooja/mtype530.a(eeprom.o)
 .debug_info    0x0000000000006f57       0xb3 obj_cooja/mtype530.a(random.o)
 .debug_info    0x000000000000700a      0x36d obj_cooja/mtype530.a(sensors.o)
 .debug_info    0x0000000000007377      0x99d obj_cooja/mtype530.a(dual_conf.o)
 .debug_info    0x0000000000007d14      0x1a5 obj_cooja/mtype530.a(autostart.o)
 .debug_info    0x0000000000007eb9      0x46c obj_cooja/mtype530.a(ctimer.o)
 .debug_info    0x0000000000008325      0x49c obj_cooja/mtype530.a(etimer.o)
 .debug_info    0x00000000000087c1      0x4ba obj_cooja/mtype530.a(process.o)
 .debug_info    0x0000000000008c7b      0x1ab obj_cooja/mtype530.a(rtimer.o)
 .debug_info    0x0000000000008e26      0x16c obj_cooja/mtype530.a(timer.o)
 .debug_info    0x0000000000008f92      0x2de obj_cooja/mtype530.a(serial-line.o)
 .debug_info    0x0000000000009270      0x2ed obj_cooja/mtype530.a(list.o)
 .debug_info    0x000000000000955d      0x1aa obj_cooja/mtype530.a(ringbuf.o)
 .debug_info    0x0000000000009707      0xcba obj_cooja/mtype530.a(sicslowpan.o)
 .debug_info    0x000000000000a3c1      0x853 obj_cooja/mtype530.a(uip-ds6-nbr.o)
 .debug_info    0x000000000000ac14      0xa7c obj_cooja/mtype530.a(uip-ds6.o)
 .debug_info    0x000000000000b690      0xe9e obj_cooja/mtype530.a(uip6.o)
 .debug_info    0x000000000000c52e     0x1437 obj_cooja/mtype530.a(tcpip.o)
 .debug_info    0x000000000000d965      0x1b5 obj_cooja/mtype530.a(uip-debug.o)
 .debug_info    0x000000000000db1a      0x470 obj_cooja/mtype530.a(uip-packetqueue)
 .debug_info    0x000000000000df8a     0x1903 obj_cooja/mtype530.a(rpl-dag.o)
 .debug_info    0x000000000000f88d      0xe2b obj_cooja/mtype530.a(rpl-ext-header.)
 .debug_info    0x00000000000106b8     0x1695 obj_cooja/mtype530.a(rpl-icmp6.o)
 .debug_info    0x0000000000011d4d      0xabe obj_cooja/mtype530.a(rpl-mrhof.o)
 .debug_info    0x000000000001280b      0xbeb obj_cooja/mtype530.a(rpl-timers.o)
 .debug_info    0x00000000000133f6      0xcde obj_cooja/mtype530.a(rpl.o)
 .debug_info    0x00000000000140d4      0x165 obj_cooja/mtype530.a(linkaddr.o)
 .debug_info    0x0000000000014239      0x8d7 obj_cooja/mtype530.a(nbr-table.o)
 .debug_info    0x0000000000014b10      0x4b9 obj_cooja/mtype530.a(netstack.o)
 .debug_info    0x0000000000014fc9      0x478 obj_cooja/mtype530.a(packetbuf.o)
 .debug_info    0x0000000000015441      0x57d obj_cooja/mtype530.a(queuebuf.o)
 .debug_info    0x00000000000159be      0xbff obj_cooja/mtype530.a(csma.o)
 .debug_info    0x00000000000165bd      0x5ed obj_cooja/mtype530.a(framer-802154.o)
 .debug_info    0x0000000000016baa      0x112 obj_cooja/mtype530.a(mac.o)
 .debug_info    0x0000000000016cbc      0xa15 obj_cooja/mtype530.a(nullrdc.o)
 .debug_info    0x00000000000176d1      0x3aa obj_cooja/mtype530.a(nullsec.o)
 .debug_info    0x0000000000017a7b       0x7b obj_cooja/mtype530.a(watchdog.o)
 .debug_info    0x0000000000017af6      0x119 obj_cooja/mtype530.a(rimestats.o)
 .debug_info    0x0000000000017c0f      0x179 obj_cooja/mtype530.a(stimer.o)
 .debug_info    0x0000000000017d88      0x1d7 obj_cooja/mtype530.a(memb.o)
 .debug_info    0x0000000000017f5f      0xd60 obj_cooja/mtype530.a(uip-ds6-route.o)
 .debug_info    0x0000000000018cbf      0x783 obj_cooja/mtype530.a(uip-icmp6.o)
 .debug_info    0x0000000000019442      0x331 obj_cooja/mtype530.a(uip-nd6.o)
 .debug_info    0x0000000000019773      0xda2 obj_cooja/mtype530.a(rpl-nbr-policy.)
 .debug_info    0x000000000001a515      0x6b4 obj_cooja/mtype530.a(frame802154.o)
 .debug_info    0x000000000001abc9      0x297 obj_cooja/mtype530.a(mac-sequence.o)

.debug_abbrev   0x0000000000000000     0x6611
 *(.debug_abbrev)
 .debug_abbrev  0x0000000000000000      0x227 udp-server.co
 .debug_abbrev  0x0000000000000227      0x2b3 obj_cooja/mtype530.o
 .debug_abbrev  0x00000000000004da       0xc3 obj_cooja/mtype530.a(simEnvChange.o)
 .debug_abbrev  0x000000000000059d       0xe6 obj_cooja/mtype530.a(cooja_mt.o)
 .debug_abbrev  0x0000000000000683      0x147 obj_cooja/mtype530.a(cooja_mtarch.o)
 .debug_abbrev  0x00000000000007ca       0xcc obj_cooja/mtype530.a(rtimer-arch.o)
 .debug_abbrev  0x0000000000000896       0xe3 obj_cooja/mtype530.a(beep.o)
 .debug_abbrev  0x0000000000000979      0x11c obj_cooja/mtype530.a(button-sensor.o)
 .debug_abbrev  0x0000000000000a95       0xe1 obj_cooja/mtype530.a(leds-arch.o)
 .debug_abbrev  0x0000000000000b76       0x9c obj_cooja/mtype530.a(moteid.o)
 .debug_abbrev  0x0000000000000c12       0xe6 obj_cooja/mtype530.a(pir-sensor.o)
 .debug_abbrev  0x0000000000000cf8      0x14a obj_cooja/mtype530.a(rs232.o)
 .debug_abbrev  0x0000000000000e42       0xe6 obj_cooja/mtype530.a(vib-sensor.o)
 .debug_abbrev  0x0000000000000f28       0xee obj_cooja/mtype530.a(clock.o)
 .debug_abbrev  0x0000000000001016      0x141 obj_cooja/mtype530.a(log.o)
 .debug_abbrev  0x0000000000001157      0x139 obj_cooja/mtype530.a(cfs-cooja.o)
 .debug_abbrev  0x0000000000001290      0x2f2 obj_cooja/mtype530.a(cooja-radio.o)
 .debug_abbrev  0x0000000000001582       0xf5 obj_cooja/mtype530.a(eeprom.o)
 .debug_abbrev  0x0000000000001677       0x6d obj_cooja/mtype530.a(random.o)
 .debug_abbrev  0x00000000000016e4      0x1c2 obj_cooja/mtype530.a(sensors.o)
 .debug_abbrev  0x00000000000018a6      0x1fc obj_cooja/mtype530.a(dual_conf.o)
 .debug_abbrev  0x0000000000001aa2       0xfb obj_cooja/mtype530.a(autostart.o)
 .debug_abbrev  0x0000000000001b9d      0x1a1 obj_cooja/mtype530.a(ctimer.o)
 .debug_abbrev  0x0000000000001d3e      0x1f1 obj_cooja/mtype530.a(etimer.o)
 .debug_abbrev  0x0000000000001f2f      0x244 obj_cooja/mtype530.a(process.o)
 .debug_abbrev  0x0000000000002173      0x124 obj_cooja/mtype530.a(rtimer.o)
 .debug_abbrev  0x0000000000002297       0xf5 obj_cooja/mtype530.a(timer.o)
 .debug_abbrev  0x000000000000238c      0x190 obj_cooja/mtype530.a(serial-line.o)
 .debug_abbrev  0x000000000000251c      0x145 obj_cooja/mtype530.a(list.o)
 .debug_abbrev  0x0000000000002661       0xdb obj_cooja/mtype530.a(ringbuf.o)
 .debug_abbrev  0x000000000000273c      0x283 obj_cooja/mtype530.a(sicslowpan.o)