Archive member included to satisfy reference by file (symbol)

obj_cooja/mtype434.a(simEnvChange.o)
                              obj_cooja/mtype434.o (simDontFallAsleep)
obj_cooja/mtype434.a(cooja_mt.o)
                              obj_cooja/mtype434.o (cooja_mt_start)
obj_cooja/mtype434.a(cooja_mtarch.o)
                              obj_cooja/mtype434.a(cooja_mt.o) (cooja_mtarch_init)
obj_cooja/mtype434.a(rtimer-arch.o)
                              obj_cooja/mtype434.o (rtimer_arch_next)
obj_cooja/mtype434.a(beep.o)  obj_cooja/mtype434.o (beep_interface)
obj_cooja/mtype434.a(button-sensor.o)
                              obj_cooja/mtype434.o (button_interface)
obj_cooja/mtype434.a(leds-arch.o)
                              obj_cooja/mtype434.o (leds_interface)
obj_cooja/mtype434.a(moteid.o)
                              obj_cooja/mtype434.o (moteid_interface)
obj_cooja/mtype434.a(pir-sensor.o)
                              obj_cooja/mtype434.o (pir_interface)
obj_cooja/mtype434.a(rs232.o)
                              obj_cooja/mtype434.o (rs232_interface)
obj_cooja/mtype434.a(vib-sensor.o)
                              obj_cooja/mtype434.o (vib_interface)
obj_cooja/mtype434.a(clock.o)
                              obj_cooja/mtype434.o (clock_interface)
obj_cooja/mtype434.a(log.o)   obj_cooja/mtype434.o (simlog_interface)
obj_cooja/mtype434.a(cfs-cooja.o)
                              obj_cooja/mtype434.o (cfs_interface)
obj_cooja/mtype434.a(cooja-radio.o)
                              obj_cooja/mtype434.o (radio_interface)
obj_cooja/mtype434.a(eeprom.o)
                              obj_cooja/mtype434.o (eeprom_interface)
obj_cooja/mtype434.a(random.o)
                              obj_cooja/mtype434.a(moteid.o) (random_init)
obj_cooja/mtype434.a(sensors.o)
                              obj_cooja/mtype434.o (sensors_process)
obj_cooja/mtype434.a(dual_conf.o)
                              obj_cooja/mtype434.a(cooja-radio.o) (long_range_radio)
obj_cooja/mtype434.a(autostart.o)
                              obj_cooja/mtype434.o (autostart_start)
obj_cooja/mtype434.a(ctimer.o)
                              obj_cooja/mtype434.o (ctimer_init)
obj_cooja/mtype434.a(etimer.o)
                              obj_cooja/mtype434.o (etimer_process)
obj_cooja/mtype434.a(process.o)
                              udp-client.co (process_current)
obj_cooja/mtype434.a(rtimer.o)
                              obj_cooja/mtype434.a(rtimer-arch.o) (rtimer_run_next)
obj_cooja/mtype434.a(stimer.o)
                              udp-client.co (stimer_remaining)
obj_cooja/mtype434.a(timer.o)
                              obj_cooja/mtype434.a(button-sensor.o) (timer_set)
obj_cooja/mtype434.a(serial-line.o)
                              udp-client.co (serial_line_event_message)
obj_cooja/mtype434.a(list.o)  obj_cooja/mtype434.a(ctimer.o) (list_init)
obj_cooja/mtype434.a(ringbuf.o)
                              obj_cooja/mtype434.a(serial-line.o) (ringbuf_init)
obj_cooja/mtype434.a(sicslowpan.o)
                              obj_cooja/mtype434.o (sicslowpan_driver)
obj_cooja/mtype434.a(uip-ds6-nbr.o)
                              obj_cooja/mtype434.a(sicslowpan.o) (uip_ds6_link_neighbor_callback)
obj_cooja/mtype434.a(uip-ds6-route.o)
                              udp-client.co (uip_ds6_route_nexthop)
obj_cooja/mtype434.a(uip-ds6.o)
                              udp-client.co (uip_ds6_if)
obj_cooja/mtype434.a(uip6.o)  udp-client.co (uip_lladdr)
obj_cooja/mtype434.a(tcpip.o)
                              udp-client.co (tcpip_event)
obj_cooja/mtype434.a(uip-debug.o)
                              udp-client.co (uip_debug_ipaddr_print)
obj_cooja/mtype434.a(uip-packetqueue)
                              obj_cooja/mtype434.a(uip-ds6-nbr.o) (uip_packetqueue_new)
obj_cooja/mtype434.a(uip-udp-packet.)
                              udp-client.co (uip_udp_packet_sendto)
obj_cooja/mtype434.a(rpl-dag.o)
                              obj_cooja/mtype434.a(tcpip.o) (rpl_repair_root)
obj_cooja/mtype434.a(rpl-ext-header.)
                              obj_cooja/mtype434.a(uip6.o) (rpl_verify_header)
obj_cooja/mtype434.a(rpl-icmp6.o)
                              obj_cooja/mtype434.a(rpl-dag.o) (rpl_icmp6_update_nbr_table)
obj_cooja/mtype434.a(rpl-mrhof.o)
                              obj_cooja/mtype434.a(rpl-dag.o) (rpl_mrhof)
obj_cooja/mtype434.a(rpl-timers.o)
                              obj_cooja/mtype434.a(rpl-dag.o) (rpl_reset_dio_timer)
obj_cooja/mtype434.a(rpl.o)   obj_cooja/mtype434.a(rpl-icmp6.o) (rpl_get_mode)
obj_cooja/mtype434.a(linkaddr.o)
                              obj_cooja/mtype434.o (linkaddr_node_addr)
obj_cooja/mtype434.a(nbr-table.o)
                              obj_cooja/mtype434.a(uip-ds6-nbr.o) (lladdr_map_add_lr)
obj_cooja/mtype434.a(netstack.o)
                              obj_cooja/mtype434.o (netstack_init)
obj_cooja/mtype434.a(packetbuf.o)
[...]
Memory Configuration

Name             Origin             Length             Attributes
*default*        0x0000000000000000 0xffffffffffffffff

Linker script and memory map

LOAD /usr/lib/gcc/i686-linux-gnu/4.8/../../../i386-linux-gnu/crti.o
LOAD /usr/lib/gcc/i686-linux-gnu/4.8/crtbeginS.o
LOAD udp-client.co
LOAD obj_cooja/mtype434.o
LOAD obj_cooja/mtype434.a
LOAD /usr/lib/gcc/i686-linux-gnu/4.8/libgcc.a
LOAD /usr/lib/gcc/i686-linux-gnu/4.8/libgcc_s.so
LOAD /usr/lib/gcc/i686-linux-gnu/4.8/../../../i386-linux-gnu/libc.so
START GROUP
LOAD /lib/i386-linux-gnu/libc.so.6
LOAD /usr/lib/i386-linux-gnu/libc_nonshared.a
LOAD /lib/i386-linux-gnu/ld-linux.so.2
END GROUP
LOAD /usr/lib/gcc/i686-linux-gnu/4.8/libgcc.a
LOAD /usr/lib/gcc/i686-linux-gnu/4.8/libgcc_s.so
LOAD /usr/lib/gcc/i686-linux-gnu/4.8/crtendS.o
LOAD /usr/lib/gcc/i686-linux-gnu/4.8/../../../i386-linux-gnu/crtn.o
                0x0000000000000114                . = (0x0 + SIZEOF_HEADERS)

.note.gnu.build-id
                0x0000000000000114       0x24
 *(.note.gnu.build-id)
 .note.gnu.build-id
                0x0000000000000114       0x24 /usr/lib/gcc/i686-linux-gnu/4.8/../../../i386-linux-gnu/crti.o

.hash
 *(.hash)

.gnu.hash       0x0000000000000138     0x12a0
 *(.gnu.hash)
 .gnu.hash      0x0000000000000138     0x12a0 /usr/lib/gcc/i686-linux-gnu/4.8/../../../i386-linux-gnu/crti.o

.dynsym         0x00000000000013d8     0x22c0
 *(.dynsym)
 .dynsym        0x00000000000013d8     0x22c0 /usr/lib/gcc/i686-linux-gnu/4.8/../../../i386-linux-gnu/crti.o

.dynstr         0x0000000000003698     0x23fb
 *(.dynstr)
 .dynstr        0x0000000000003698     0x23fb /usr/lib/gcc/i686-linux-gnu/4.8/../../../i386-linux-gnu/crti.o

.gnu.version    0x0000000000005a94      0x458
 *(.gnu.version)
 .gnu.version   0x0000000000005a94      0x458 /usr/lib/gcc/i686-linux-gnu/4.8/../../../i386-linux-gnu/crti.o

.gnu.version_d  0x0000000000005eec        0x0
 *(.gnu.version_d)
 .gnu.version_d
                0x0000000000000000        0x0 /usr/lib/gcc/i686-linux-gnu/4.8/../../../i386-linux-gnu/crti.o

.gnu.version_r  0x0000000000005eec       0x40
 *(.gnu.version_r)
 .gnu.version_r
                0x0000000000005eec       0x40 /usr/lib/gcc/i686-linux-gnu/4.8/../../../i386-linux-gnu/crti.o

.rel.dyn        0x0000000000005f2c     0x8aa8
 *(.rel.init)
 .rel.init      0x0000000000000000        0x0 /usr/lib/gcc/i686-linux-gnu/4.8/../../../i386-linux-gnu/crti.o
 *(.rel.text .rel.text.* .rel.gnu.linkonce.t.*)
 .rel.text      0x0000000000005f2c     0x8308 /usr/lib/gcc/i686-linux-gnu/4.8/../../../i386-linux-gnu/crti.o
 *(.rel.fini)
 .rel.fini      0x0000000000000000        0x0 /usr/lib/gcc/i686-linux-gnu/4.8/../../../i386-linux-gnu/crti.o
 *(.rel.rodata .rel.rodata.* .rel.gnu.linkonce.r.*)
 .rel.rodata    0x000000000000e234      0x4e0 /usr/lib/gcc/i686-linux-gnu/4.8/../../../i386-linux-gnu/crti.o
 *(.rel.data.rel.ro .rel.data.rel.ro.* .rel.gnu.linkonce.d.rel.ro.*)
 *(.rel.data .rel.data.* .rel.gnu.linkonce.d.*)
 .rel.data.rel  0x000000000000e714        0x8 /usr/lib/gcc/i686-linux-gnu/4.8/../../../i386-linux-gnu/crti.o
 .rel.data      0x000000000000e71c      0x280 /usr/lib/gcc/i686-linux-gnu/4.8/../../../i386-linux-gnu/crti.o
 *(.rel.tdata .rel.tdata.* .rel.gnu.linkonce.td.*)
 *(.rel.tbss .rel.tbss.* .rel.gnu.linkonce.tb.*)
 *(.rel.ctors)
 *(.rel.dtors)
 *(.rel.got)
 .rel.got       0x000000000000e99c       0x28 /usr/lib/gcc/i686-linux-gnu/4.8/../../../i386-linux-gnu/crti.o
 *(.rel.bss .rel.bss.* .rel.gnu.linkonce.b.*)
 *(.rel.ifunc)
 .rel.ifunc     0x0000000000000000        0x0 /usr/lib/gcc/i686-linux-gnu/4.8/../../../i386-linux-gnu/crti.o
 .rel.fini_array
                0x000000000000e9c4        0x8 /usr/lib/gcc/i686-linux-gnu/4.8/../../../i386-linux-gnu/crti.o
 .rel.init_array
                0x000000000000e9cc        0x8 /usr/lib/gcc/i686-linux-gnu/4.8/../../../i386-linux-gnu/crti.o

.rel.plt        0x000000000000e9d4       0x10
 *(.rel.plt)
 .rel.plt       0x000000000000e9d4       0x10 /usr/lib/gcc/i686-linux-gnu/4.8/../../../i386-linux-gnu/crti.o
 *(.rel.iplt)

.init           0x000000000000e9e4       0x23
 *(SORT(.init))
 .init          0x000000000000e9e4       0x1e /usr/lib/gcc/i686-linux-gnu/4.8/../../../i386-linux-gnu/crti.o
                0x000000000000e9e4                _init
 .init          0x000000000000ea02        0x5 /usr/lib/gcc/i686-linux-gnu/4.8/../../../i386-linux-gnu/crtn.o

.plt            0x000000000000ea10       0x30
 *(.plt)
 .plt           0x000000000000ea10       0x30 /usr/lib/gcc/i686-linux-gnu/4.8/../../../i386-linux-gnu/crti.o
 *(.iplt)

.text           0x000000000000ea40    0x156ff
 *(.text.unlikely .text.*_unlikely .text.unlikely.*)
 *(.text.exit .text.exit.*)
 *(.text.startup .text.startup.*)
 *(.text.hot .text.hot.*)
 *(.text .stub .text.* .gnu.linkonce.t.*)
 .text          0x000000000000ea40        0x0 /usr/lib/gcc/i686-linux-gnu/4.8/../../../i386-linux-gnu/crti.o
 .gnu.linkonce.t.__x86.get_pc_thunk.bx
                0x000000000000ea40        0x4 /usr/lib/gcc/i686-linux-gnu/4.8/../../../i386-linux-gnu/crti.o
                0x000000000000ea40                __x86.get_pc_thunk.bx
 *fill*         0x000000000000ea44        0xc 
 .text          0x000000000000ea50      0x11b /usr/lib/gcc/i686-linux-gnu/4.8/crtbeginS.o
 .text          0x000000000000eb6b      0x5cc udp-client.co
 .text          0x000000000000f137      0x944 obj_cooja/mtype434.o
                0x000000000000f2e5                contiki_init
                0x000000000000f892                Java_org_contikios_cooja_corecomm_Lib2_init
                0x000000000000f8d2                Java_org_contikios_cooja_corecomm_Lib2_getMemory
                0x000000000000f912                Java_org_contikios_cooja_corecomm_Lib2_setMemory
                0x000000000000f989                Java_org_contikios_cooja_corecomm_Lib2_tick
                0x000000000000fa69                Java_org_contikios_cooja_corecomm_Lib2_setReferenceAddress
 .text          0x000000000000fa7b       0x63 obj_cooja/mtype434.a(simEnvChange.o)
                0x000000000000fa7b                doActionsBeforeTick
                0x000000000000faac                doActionsAfterTick
 .text          0x000000000000fade       0xbc obj_cooja/mtype434.a(cooja_mt.o)
                0x000000000000fade                cooja_mt_init
                0x000000000000faeb                cooja_mt_remove
                0x000000000000faf8                cooja_mt_start
                0x000000000000fb25                cooja_mt_exec
                0x000000000000fb56                cooja_mt_exit
                0x000000000000fb78                cooja_mt_yield
 .text          0x000000000000fb9a      0x115 obj_cooja/mtype434.a(cooja_mtarch.o)
                0x000000000000fb9a                cooja_mtarch_init
                0x000000000000fb9f                cooja_mtarch_start
                0x000000000000fc1a                cooja_sw
                0x000000000000fc3c                cooja_mtarch_exec
                0x000000000000fc58                cooja_mtarch_remove
                0x000000000000fc5d                cooja_mtarch_yield
                0x000000000000fc67                cooja_mtarch_pstop
                0x000000000000fc6c                cooja_mtarch_pstart
                0x000000000000fc71                cooja_mtarch_stack_usage
 .text          0x000000000000fcaf       0xc2 obj_cooja/mtype434.a(rtimer-arch.o)
                0x000000000000fcaf                rtimer_arch_init
                0x000000000000fcd2                rtimer_arch_schedule
                0x000000000000fce9                rtimer_arch_next
                0x000000000000fcf3                rtimer_arch_pending
                0x000000000000fcfd                rtimer_arch_check
                0x000000000000fd2f                rtimer_arch_now
 .text          0x000000000000fd71       0x76 obj_cooja/mtype434.a(beep.o)
                0x000000000000fd71                beep_alarm
                0x000000000000fd7d                beep_beep
                0x000000000000fd89                beep
                0x000000000000fd95                beep_down
                0x000000000000fda1                beep_on
                0x000000000000fdad                beep_off
                0x000000000000fdb9                beep_spinup
                0x000000000000fdc5                beep_quick
                0x000000000000fdd1                beep_long
 .text          0x000000000000fde7      0x103 obj_cooja/mtype434.a(button-sensor.o)
 .text          0x000000000000feea       0x45 obj_cooja/mtype434.a(leds-arch.o)
                0x000000000000feea                leds_arch_init
                0x000000000000fef6                leds_arch_get
                0x000000000000ff02                leds_arch_set
 .text          0x000000000000ff2f       0x2f obj_cooja/mtype434.a(moteid.o)
 .text          0x000000000000ff5e       0xb1 obj_cooja/mtype434.a(pir-sensor.o)
 .text          0x000000000001000f      0x131 obj_cooja/mtype434.a(rs232.o)
                0x000000000001000f                rs232_init
                0x0000000000010014                rs232_set_speed
                0x0000000000010022                rs232_set_input
                0x000000000001002f                rs232_send
                0x0000000000010051                rs232_print
                0x000000000001006c                slip_arch_writeb
 .text          0x0000000000010140       0xb1 obj_cooja/mtype434.a(vib-sensor.o)
 .text          0x00000000000101f1       0x34 obj_cooja/mtype434.a(clock.o)
                0x00000000000101f1                clock_init
                0x00000000000101f6                clock_time
                0x0000000000010200                clock_seconds
                0x0000000000010216                clock_delay
 .text          0x0000000000010225      0x1ed obj_cooja/mtype434.a(log.o)
                0x0000000000010225                simlog_char
                0x0000000000010267                simlog
                0x00000000000102d4                log_message
                0x00000000000102fc                log_set_putchar_with_slip
                0x0000000000010309                log_putchar
                0x000000000001038d                log_puts
                0x00000000000103b1                log_printf
 .text          0x0000000000010412      0x2c4 obj_cooja/mtype434.a(cfs-cooja.o)
                0x0000000000010412                cfs_open
                0x000000000001047b                cfs_close
                0x0000000000010487                cfs_read
                0x0000000000010525                cfs_write
                0x0000000000010602                cfs_seek
                0x000000000001068a                cfs_remove
                0x00000000000106b3                cfs_opendir
                0x00000000000106bd                cfs_readdir
                0x00000000000106c7                cfs_closedir
 .text          0x00000000000106d6      0x541 obj_cooja/mtype434.a(cooja-radio.o)
                0x0000000000010700                radio_set_channel
                0x0000000000010715                radio_set_txpower
                0x000000000001072c                radio_signal_strength_last
                0x0000000000010736                radio_signal_strength_current
                0x0000000000010740                radio_LQI
 .text          0x0000000000010c17       0xef obj_cooja/mtype434.a(eeprom.o)
                0x0000000000010c17                eeprom_init
                0x0000000000010c1c                eeprom_read
                0x0000000000010c8c                eeprom_write
 .text          0x0000000000010d06       0x28 obj_cooja/mtype434.a(random.o)
                0x0000000000010d06                random_init
                0x0000000000010d21                random_rand
 .text          0x0000000000010d2e      0x2a1 obj_cooja/mtype434.a(sensors.o)
                0x0000000000010d69                sensors_first
                0x0000000000010d73                sensors_next
                0x0000000000010d90                sensors_changed
                0x0000000000010dbf                sensors_find
 .text          0x0000000000010fcf      0x308 obj_cooja/mtype434.a(dual_conf.o)
                0x0000000000010fcf                dual_radio_switch
                0x000000000001102a                dual_radio_change
                0x0000000000011064                sending_in_LR
                0x000000000001108f                dual_radio_received
                0x00000000000110e2                radio_received_is_longrange
                0x000000000001128d                dio_broadcast
                0x00000000000112b6                dis_broadcast
 .text          0x00000000000112d7       0x8e obj_cooja/mtype434.a(autostart.o)
                0x00000000000112d7                autostart_start
                0x0000000000011322                autostart_exit
 .text          0x0000000000011365      0x334 obj_cooja/mtype434.a(ctimer.o)
                0x000000000001147c                ctimer_init
                0x00000000000114ac                ctimer_set
                0x00000000000114dd                ctimer_set_with_process
                0x0000000000011559                ctimer_reset
                0x00000000000115a8                ctimer_restart
                0x00000000000115f7                ctimer_stop
                0x0000000000011642                ctimer_expired
 .text          0x0000000000011699      0x40b obj_cooja/mtype434.a(etimer.o)
                0x00000000000118ac                etimer_request_poll
                0x0000000000011930                etimer_set
                0x0000000000011955                etimer_reset_with_new_interval
                0x000000000001197c                etimer_reset
                0x000000000001199a                etimer_restart
                0x00000000000119b8                etimer_adjust
                0x00000000000119d4                etimer_expired
                0x00000000000119e7                etimer_expiration_time
                0x00000000000119f9                etimer_start_time
                0x0000000000011a03                etimer_pending
                0x0000000000011a15                etimer_next_expiration_time
                0x0000000000011a2f                etimer_stop
 .text          0x0000000000011aa4      0x560 obj_cooja/mtype434.a(process.o)
                0x0000000000011aa4                process_alloc_event
                0x0000000000011ab9                process_start
                0x0000000000011ca2                process_exit
                0x0000000000011cbe                process_init
                0x0000000000011e8f                process_run
                0x0000000000011ec2                process_nevents
                0x0000000000011edd                process_post
                0x0000000000011f89                process_post_synch
                0x0000000000011fc1                process_poll
                0x0000000000011ff0                process_is_running
 .text          0x0000000000012004       0xba obj_cooja/mtype434.a(rtimer.o)
                0x0000000000012004                rtimer_init
                0x0000000000012011                rtimer_set
                0x0000000000012068                rtimer_run_next
 .text          0x00000000000120be       0xa3 obj_cooja/mtype434.a(stimer.o)
                0x00000000000120be                stimer_set
                0x00000000000120d9                stimer_reset
                0x00000000000120f0                stimer_restart
                0x0000000000012102                stimer_expired
                0x0000000000012129                stimer_remaining
                0x000000000001214d                stimer_elapsed
 .text          0x0000000000012161       0x91 obj_cooja/mtype434.a(timer.o)
                0x0000000000012161                timer_set
                0x000000000001217c                timer_reset
                0x0000000000012193                timer_restart
                0x00000000000121a5                timer_expired
                0x00000000000121ce                timer_remaining
 .text          0x00000000000121f2      0x1fb obj_cooja/mtype434.a(serial-line.o)
                0x00000000000121f2                serial_line_input_byte
                0x00000000000123b5                serial_line_init
 .text          0x00000000000123ed      0x244 obj_cooja/mtype434.a(list.o)
                0x00000000000123ed                list_init
                0x00000000000123fb                list_head
                0x0000000000012405                list_copy
                0x0000000000012414                list_tail
                0x000000000001244a                list_add
                0x0000000000012493                list_push
                0x00000000000124bf                list_chop
                0x0000000000012529                list_pop
                0x0000000000012551                list_remove
                0x00000000000125b8                list_length
                0x00000000000125e6                list_insert
                0x000000000001261a                list_item_next
 .text          0x0000000000012631      0x155 obj_cooja/mtype434.a(ringbuf.o)
                0x0000000000012631                ringbuf_init
                0x0000000000012662                ringbuf_put
                0x00000000000126e0                ringbuf_get
                0x000000000001274d                ringbuf_size
                0x000000000001275f                ringbuf_elements
 .text          0x0000000000012786     0x259f obj_cooja/mtype434.a(sicslowpan.o)
                0x0000000000012d10                rime_sniffer_add
                0x0000000000012d1d                rime_sniffer_remove
                0x0000000000014cc4                sicslowpan_init
                0x0000000000014d1b                sicslowpan_get_last_rssi
 .text          0x0000000000014d25      0x2dc obj_cooja/mtype434.a(uip-ds6-nbr.o)
                0x0000000000014d42                uip_ds6_neighbors_init
                0x0000000000014d5f                uip_ds6_nbr_add
                0x0000000000014e10                uip_ds6_nbr_rm
                0x0000000000014e6d                uip_ds6_nbr_get_ipaddr
                0x0000000000014e82                uip_ds6_nbr_get_ll
                0x0000000000014e9e                uip_ds6_nbr_num
                0x0000000000014ee3                uip_ds6_nbr_lookup
                0x0000000000014f48                uip_ds6_nbr_ll_lookup
                0x0000000000014f64                uip_ds6_nbr_ipaddr_from_lladdr
                0x0000000000014f8a                uip_ds6_nbr_lladdr_from_ipaddr
                0x0000000000014fb8                uip_ds6_link_neighbor_callback
 .text          0x0000000000015001      0x916 obj_cooja/mtype434.a(uip-ds6-route.o)
                0x0000000000015078                uip_ds6_notification_add
                0x00000000000150a9                uip_ds6_notification_rm
                0x00000000000150c5                uip_ds6_route_init
                0x000000000001514d                uip_ds6_route_nexthop
                0x0000000000015175                uip_ds6_route_head
                0x000000000001518a                uip_ds6_route_next
                0x00000000000151b0                uip_ds6_route_is_nexthop
                0x00000000000151ef                uip_ds6_route_num_routes
                0x00000000000151f9                uip_ds6_route_lookup
                0x00000000000152bb                uip_ds6_route_add
                0x00000000000154ef                uip_ds6_route_rm
                0x0000000000015683                uip_ds6_route_rm_by_nexthop
                0x00000000000156bb                uip_ds6_defrt_add
                0x000000000001576c                uip_ds6_defrt_rm
                0x00000000000157eb                uip_ds6_defrt_lookup
                0x0000000000015844                uip_ds6_defrt_choose
                0x00000000000158af                uip_ds6_defrt_periodic
 .text          0x0000000000015917     0x12ad obj_cooja/mtype434.a(uip-ds6.o)
                0x0000000000015917                uip_ds6_init
                0x0000000000015c6c                uip_ds6_periodic
                0x0000000000015d44                uip_ds6_list_loop
                0x0000000000015deb                uip_ds6_prefix_add
                0x0000000000015ea9                uip_ds6_prefix_rm
                0x0000000000015ebb                uip_ds6_prefix_lookup
                0x0000000000015f0c                uip_ds6_is_addr_onlink
                0x0000000000015f80                uip_ds6_addr_add
                0x00000000000160ae                uip_ds6_long_addr_add
                0x00000000000161dc                uip_ds6_addr_rm
                0x000000000001627c                uip_ds6_addr_lookup
                0x00000000000162c7                uip_ds6_long_addr_lookup
                0x0000000000016312                uip_ds6_get_link_local
                0x0000000000016391                uip_ds6_long_get_link_local
                0x0000000000016410                uip_ds6_get_global
                0x000000000001648f                uip_ds6_long_get_global
                0x000000000001650e                uip_ds6_maddr_add
                0x0000000000016580                uip_ds6_long_maddr_add
                0x00000000000165f2                uip_ds6_maddr_rm
                0x0000000000016604                uip_ds6_maddr_lookup
                0x000000000001664f                uip_ds6_long_maddr_lookup
                0x000000000001669a                uip_ds6_aaddr_add
                0x000000000001670c                uip_ds6_long_aaddr_add
                0x000000000001677e                uip_ds6_aaddr_rm
                0x0000000000016790                uip_ds6_aaddr_lookup
                0x00000000000167db                uip_ds6_long_aaddr_lookup
                0x0000000000016826                uip_ds6_select_src
                0x0000000000016aaf                uip_ds6_set_addr_iid
                0x0000000000016ae6                get_match_length
                0x0000000000016b78                uip_ds6_compute_reachable_time
 .text          0x0000000000016bc4     0x29f3 obj_cooja/mtype434.a(uip6.o)
                0x0000000000016bc4                uip_add32
                0x0000000000016d5d                uip_chksum
                0x0000000000016e4b                uip_icmp6chksum
                0x0000000000016e5f                uip_tcpchksum
                0x0000000000016e73                uip_udpchksum
                0x0000000000016e87                uip_init
                0x0000000000016f57                uip_connect
                0x0000000000017106                remove_ext_hdr
                0x00000000000171db                uip_udp_new
                0x0000000000017337                uip_unlisten
                0x0000000000017397                uip_listen
                0x0000000000017659                uip_process
                0x00000000000194ab                uip_htons
                0x00000000000194cd                uip_htonl
                0x000000000001950d                uip_send
 .text          0x00000000000195b7      0xa66 obj_cooja/mtype434.a(tcpip.o)
                0x00000000000195b7                tcpip_output
                0x00000000000195e5                tcpip_set_outputfunc
                0x0000000000019679                tcp_connect
                0x00000000000196ce                tcp_unlisten
                0x0000000000019729                tcp_listen
                0x0000000000019782                tcp_attach
                0x00000000000197a7                udp_attach
                0x00000000000197cc                udp_new
                0x000000000001981e                udp_broadcast_new
                0x0000000000019a92                tcpip_input
                0x0000000000019ac6                tcpip_ipv6_output
                0x0000000000019e63                tcpip_poll_udp
                0x0000000000019e86                tcpip_poll_tcp
                0x0000000000019ea9                tcpip_uipcall
 .text          0x000000000001a01d      0x1c1 obj_cooja/mtype434.a(uip-debug.o)
                0x000000000001a01d                uip_debug_ipaddr_print
                0x000000000001a17f                uip_debug_lladdr_print
 .text          0x000000000001a1de      0x141 obj_cooja/mtype434.a(uip-packetqueue)
                0x000000000001a20a                uip_packetqueue_new
                0x000000000001a218                uip_packetqueue_alloc
                0x000000000001a278                uip_packetqueue_free
                0x000000000001a2b9                uip_packetqueue_buf
                0x000000000001a2d6                uip_packetqueue_buflen
                0x000000000001a2f7                uip_packetqueue_set_buflen
 .text          0x000000000001a31f      0x131 obj_cooja/mtype434.a(uip-udp-packet.)
                0x000000000001a31f                uip_udp_packet_send
                0x000000000001a37f                uip_udp_packet_sendto
 .text          0x000000000001a450     0x238e obj_cooja/mtype434.a(rpl-dag.o)
                0x000000000001a450                rpl_print_neighbor_list
                0x000000000001a625                rpl_get_nbr
                0x000000000001a67f                rpl_dag_init
                0x000000000001a69c                rpl_get_parent
                0x000000000001a6be                rpl_get_parent_rank
                0x000000000001a6f1                rpl_get_parent_link_metric
                0x000000000001a724                rpl_get_parent_ipaddr
                0x000000000001aa27                rpl_set_root
                0x000000000001ac4e                rpl_repair_root
                0x000000000001ae8a                rpl_set_prefix
                0x000000000001af89                rpl_set_default_route
                0x000000000001b015                rpl_alloc_instance
                0x000000000001b0a8                rpl_alloc_dag
                0x000000000001b159                rpl_set_default_instance
                0x000000000001b166                rpl_get_default_instance
                0x000000000001b170                rpl_free_instance
                0x000000000001b21f                rpl_free_dag
                0x000000000001b285                rpl_add_parent
                0x000000000001b35b                rpl_find_parent
                0x000000000001b3b3                rpl_find_parent_any_dag
                0x000000000001b3ef                rpl_select_dag
                0x000000000001b785                rpl_select_parent
                0x000000000001b7e7                rpl_remove_parent
                0x000000000001b80e                rpl_nullify_parent
                0x000000000001b8ac                rpl_move_parent
                0x000000000001b949                rpl_has_downward_route
                0x000000000001b99c                rpl_get_any_dag
                0x000000000001b9fe                rpl_get_instance
                0x000000000001ba61                rpl_find_of
                0x000000000001ba9e                rpl_join_instance
                0x000000000001bd19                rpl_add_dag
                0x000000000001c108                rpl_local_repair
                0x000000000001c1cc                rpl_recalculate_ranks
                0x000000000001c252                rpl_process_parent_event
                0x000000000001c304                rpl_process_dio
 .text          0x000000000001c7de      0xbf3 obj_cooja/mtype434.a(rpl-ext-header.)
                0x000000000001c7fb                rpl_verify_header
                0x000000000001cc75                rpl_update_header_empty
                0x000000000001cf8c                rpl_update_header_final
                0x000000000001d11b                rpl_remove_header
                0x000000000001d225                rpl_invert_header
                0x000000000001d3af                rpl_insert_header
 .text          0x000000000001d3d1     0x1d71 obj_cooja/mtype434.a(rpl-icmp6.o)
                0x000000000001d630                rpl_icmp6_update_nbr_table
                0x000000000001d720                dis_output
                0x000000000001dd5e                dio_output
                0x000000000001ecba                dao_output
                0x000000000001ed75                dao_output_target
                0x000000000001f0f6                dao_ack_output
                0x000000000001f10a                rpl_icmp6_register_handlers
 .text          0x000000000001f142      0x2c1 obj_cooja/mtype434.a(rpl-mrhof.o)
 .text          0x000000000001f403      0x7b3 obj_cooja/mtype434.a(rpl-timers.o)
                0x000000000001f649                rpl_reset_periodic_timer
                0x000000000001f69e                rpl_reset_dio_timer
                0x000000000001f8d8                rpl_schedule_dao
                0x000000000001f8f3                rpl_schedule_dao_immediately
                0x000000000001f90e                rpl_cancel_dao
                0x000000000001f970                rpl_schedule_unicast_dio_immediately
                0x000000000001fb5e                rpl_schedule_probing
 .text          0x000000000001fbb6      0x59b obj_cooja/mtype434.a(rpl.o)
                0x000000000001fbb6                rpl_get_mode
                0x000000000001fbc0                rpl_set_mode
                0x000000000001fc4e                rpl_purge_routes
                0x000000000001fd48                rpl_remove_routes
                0x000000000001fd8e                rpl_remove_routes_by_nexthop
                0x000000000001fdfa                rpl_add_route
                0x000000000001fe75                rpl_link_neighbor_callback
                0x000000000001ff7a                rpl_ipv6_neighbor_callback
                0x000000000001ffe9                rpl_purge_dags
                0x00000000000200cb                rpl_init
 .text          0x0000000000020151       0x82 obj_cooja/mtype434.a(linkaddr.o)
                0x0000000000020151                linkaddr_copy
                0x0000000000020173                linkaddr_cmp
                0x000000000002019d                linkaddr_set_node_addr
                0x00000000000201b8                linkaddr_set_node_long_addr
 .text          0x00000000000201d3      0x88c obj_cooja/mtype434.a(nbr-table.o)
                0x00000000000201d3                lladdr_map_add_lr
                0x0000000000020290                lladdr_map_rm_lr
                0x0000000000020755                nbr_table_register
                0x000000000002079d                nbr_table_head
                0x00000000000207f9                nbr_table_next
                0x0000000000020860                nbr_table_add_lladdr
                0x000000000002093c                nbr_table_get_from_lladdr
                0x0000000000020989                nbr_table_remove
                0x00000000000209db                nbr_table_lock
                0x0000000000020a05                nbr_table_unlock
                0x0000000000020a2f                nbr_table_get_lladdr
 .text          0x0000000000020a5f       0x2b obj_cooja/mtype434.a(netstack.o)
                0x0000000000020a5f                netstack_init
 .text          0x0000000000020a8a      0x3cd obj_cooja/mtype434.a(packetbuf.o)
                0x0000000000020a8a                packetbuf_clear
                0x0000000000020ab4                packetbuf_copyfrom
                0x0000000000020b06                packetbuf_compact
                0x0000000000020b83                packetbuf_copyto
                0x0000000000020c1a                packetbuf_hdralloc
                0x0000000000020c97                packetbuf_hdrreduce
                0x0000000000020cdf                packetbuf_set_datalen
                0x0000000000020cf8                packetbuf_dataptr
                0x0000000000020d15                packetbuf_hdrptr
                0x0000000000020d1f                packetbuf_datalen
                0x0000000000020d2b                packetbuf_hdrlen
                0x0000000000020d42                packetbuf_totlen
                0x0000000000020d58                packetbuf_attr_clear
                0x0000000000020daa                packetbuf_attr_copyto
                0x0000000000020df3                packetbuf_attr_copyfrom
                0x0000000000020e3b                packetbuf_holds_broadcast
 .text          0x0000000000020e57      0x2b4 obj_cooja/mtype434.a(queuebuf.o)
                0x0000000000020e61                queuebuf_init
                0x0000000000020e81                queuebuf_numfree
                0x0000000000020e95                queuebuf_new_from_packetbuf
                0x0000000000020f25                queuebuf_update_attr_from_packetbuf
                0x0000000000020f58                queuebuf_update_from_packetbuf
                0x0000000000020fa2                queuebuf_free
                0x0000000000020fe9                queuebuf_to_packetbuf
                0x000000000002104f                queuebuf_dataptr
                0x0000000000021086                queuebuf_datalen
                0x00000000000210a9                queuebuf_addr
                0x00000000000210db                queuebuf_attr
                0x0000000000021106                queuebuf_debug_print
 .text          0x000000000002110b      0x858 obj_cooja/mtype434.a(csma.o)
 .text          0x0000000000021963      0x3f5 obj_cooja/mtype434.a(framer-802154.o)
 .text          0x0000000000021d58       0x3c obj_cooja/mtype434.a(mac.o)
                0x0000000000021d58                mac_call_sent_callback
 .text          0x0000000000021d94      0x518 obj_cooja/mtype434.a(nullrdc.o)
 .text          0x00000000000222ac       0x81 obj_cooja/mtype434.a(nullsec.o)
 .text          0x000000000002232d       0x19 obj_cooja/mtype434.a(watchdog.o)
                0x000000000002232d                watchdog_init
                0x0000000000022332                watchdog_start
                0x0000000000022337                watchdog_periodic
                0x000000000002233c                watchdog_stop
                0x0000000000022341                watchdog_reboot
 .text          0x0000000000022346        0x0 obj_cooja/mtype434.a(rimestats.o)
 .text          0x0000000000022346      0x1c1 obj_cooja/mtype434.a(memb.o)
                0x0000000000022346                memb_init
                0x00000000000223a4                memb_alloc
                0x0000000000022409                memb_free
                0x0000000000022484                memb_inmemb
                0x00000000000224c3                memb_numfree
 .text          0x0000000000022507      0xab2 obj_cooja/mtype434.a(uip-icmp6.o)
                0x0000000000022575                uip_icmp6_input
                0x00000000000225cb                uip_icmp6_register_input_handler
                0x0000000000022893                uip_icmp6_error_output
                0x0000000000022bd8                uip_icmp6_send
                0x0000000000022f4c                uip_icmp6_echo_reply_callback_add
                0x0000000000022f7d                uip_icmp6_echo_reply_callback_rm
                0x0000000000022f99                uip_icmp6_init
 .text          0x0000000000022fb9      0x358 obj_cooja/mtype434.a(uip-nd6.o)
                0x000000000002300d                uip_nd6_ns_output
                0x000000000002330c                uip_nd6_init
 .text          0x0000000000023311      0x331 obj_cooja/mtype434.a(rpl-nbr-policy.)
                0x00000000000234e9                find_removable_dis
                0x000000000002350c                find_removable_dio
                0x000000000002359b                find_removable_dao
                0x00000000000235eb                rpl_nbr_policy_find_removable
 .text          0x0000000000023642      0x97c obj_cooja/mtype434.a(frame802154.o)
                0x0000000000023673                frame802154_get_pan_id
                0x000000000002367f                frame802154_set_pan_id
                0x0000000000023698                frame802154_has_panid
                0x0000000000023784                frame802154_check_dest_panid
                0x00000000000237ec                frame802154_is_broadcast_addr
                0x0000000000023839                frame802154_extract_linkaddr
                0x0000000000023a79                frame802154_hdrlen
                0x0000000000023aca                frame802154_create
                0x0000000000023cb5                frame802154_parse
 .text          0x0000000000023fbe      0x181 obj_cooja/mtype434.a(mac-sequence.o)
                0x0000000000023ff5                mac_sequence_is_duplicate
                0x0000000000024078                mac_sequence_register_seqno
 .text          0x000000000002413f        0x0 /usr/lib/gcc/i686-linux-gnu/4.8/crtendS.o
 .text          0x000000000002413f        0x0 /usr/lib/gcc/i686-linux-gnu/4.8/../../../i386-linux-gnu/crtn.o
 *(.gnu.warning)

.fini           0x0000000000024140       0x14
 *(SORT(.fini))
 .fini          0x0000000000024140        0xf /usr/lib/gcc/i686-linux-gnu/4.8/../../../i386-linux-gnu/crti.o
                0x0000000000024140                _fini
 .fini          0x000000000002414f        0x5 /usr/lib/gcc/i686-linux-gnu/4.8/../../../i386-linux-gnu/crtn.o
                0x0000000000024154                PROVIDE (__etext, .)
                0x0000000000024154                PROVIDE (_etext, .)
                0x0000000000024154                PROVIDE (etext, .)

.rodata         0x0000000000024160      0xaa0
 *(.rodata .rodata.* .gnu.linkonce.r.*)
 .rodata        0x0000000000024160      0x17e udp-client.co
                0x0000000000024174                autostart_processes
 *fill*         0x00000000000242de        0x2 
 .rodata        0x00000000000242e0      0x1b6 obj_cooja/mtype434.o
 *fill*         0x0000000000024496        0x2 
 .rodata        0x0000000000024498        0x8 obj_cooja/mtype434.a(beep.o)
                0x0000000000024498                beep_interface
 .rodata        0x00000000000244a0       0x20 obj_cooja/mtype434.a(button-sensor.o)
                0x00000000000244a0                button_interface
                0x00000000000244b0                button_sensor
 .rodata        0x00000000000244c0        0x8 obj_cooja/mtype434.a(leds-arch.o)
                0x00000000000244c0                leds_interface
 .rodata        0x00000000000244c8        0x8 obj_cooja/mtype434.a(moteid.o)
                0x00000000000244c8                moteid_interface
 .rodata        0x00000000000244d0       0x1c obj_cooja/mtype434.a(pir-sensor.o)
                0x00000000000244d0                pir_interface
                0x00000000000244dc                pir_sensor
 .rodata        0x00000000000244ec        0xe obj_cooja/mtype434.a(rs232.o)
                0x00000000000244ec                rs232_interface
 *fill*         0x00000000000244fa        0x2 
 .rodata        0x00000000000244fc       0x24 obj_cooja/mtype434.a(vib-sensor.o)
                0x00000000000244fc                vib_interface
                0x0000000000024510                vib_sensor
 .rodata        0x0000000000024520        0x8 obj_cooja/mtype434.a(clock.o)
                0x0000000000024520                clock_interface
 .rodata        0x0000000000024528        0x8 obj_cooja/mtype434.a(log.o)
                0x0000000000024528                simlog_interface
 .rodata        0x0000000000024530       0x2f obj_cooja/mtype434.a(cfs-cooja.o)
                0x0000000000024530                cfs_interface
 *fill*         0x000000000002455f        0x1 
 .rodata        0x0000000000024560      0x120 obj_cooja/mtype434.a(cooja-radio.o)
                0x0000000000024640                cooja_radio_driver
                0x0000000000024678                radio_interface
 .rodata        0x0000000000024680        0x8 obj_cooja/mtype434.a(eeprom.o)
                0x0000000000024680                eeprom_interface
 .rodata        0x0000000000024688        0x8 obj_cooja/mtype434.a(sensors.o)
 .rodata        0x0000000000024690      0x21d obj_cooja/mtype434.a(dual_conf.o)
 .rodata        0x00000000000248ad        0xf obj_cooja/mtype434.a(ctimer.o)
 .rodata        0x00000000000248bc        0xc obj_cooja/mtype434.a(etimer.o)
 .rodata        0x00000000000248c8        0xe obj_cooja/mtype434.a(serial-line.o)
 *fill*         0x00000000000248d6        0x2 
 .rodata        0x00000000000248d8       0x38 obj_cooja/mtype434.a(sicslowpan.o)
                0x00000000000248d8                unc_llconf
                0x00000000000248dc                unc_ctxconf
                0x00000000000248e0                unc_mxconf
                0x00000000000248e4                llprefix
                0x0000000000024904                sicslowpan_driver
 .rodata        0x0000000000024910      0x13c obj_cooja/mtype434.a(uip6.o)
 .rodata        0x0000000000024a4c       0x29 obj_cooja/mtype434.a(tcpip.o)
 .rodata        0x0000000000024a75       0x3e obj_cooja/mtype434.a(uip-debug.o)
 *fill*         0x0000000000024ab3        0x1 
 .rodata        0x0000000000024ab4       0x72 obj_cooja/mtype434.a(rpl-dag.o)
 .rodata        0x0000000000024b26        0x8 obj_cooja/mtype434.a(linkaddr.o)
                0x0000000000024b26                linkaddr_null
 *fill*         0x0000000000024b2e        0x2 
 .rodata        0x0000000000024b30       0x40 obj_cooja/mtype434.a(csma.o)
                0x0000000000024b54                csma_driver
 .rodata        0x0000000000024b70        0xc obj_cooja/mtype434.a(framer-802154.o)
                0x0000000000024b70                framer_802154
 *fill*         0x0000000000024b7c        0x4 
 .rodata        0x0000000000024b80       0x60 obj_cooja/mtype434.a(nullrdc.o)
                0x0000000000024bc0                nullrdc_driver
 .rodata        0x0000000000024be0       0x20 obj_cooja/mtype434.a(nullsec.o)
                0x0000000000024bf0                nullsec_driver

.rodata1
 *(.rodata1)

.eh_frame_hdr   0x0000000000024c00     0x133c
 *(.eh_frame_hdr)
 .eh_frame_hdr  0x0000000000024c00     0x133c udp-client.co

.eh_frame       0x0000000000025f3c     0x4e3c
 *(.eh_frame)
 .eh_frame      0x0000000000025f3c       0x3c /usr/lib/gcc/i686-linux-gnu/4.8/../../../i386-linux-gnu/crti.o
                                         0x40 (size before relaxing)
 .eh_frame      0x0000000000025f78       0xa8 udp-client.co
                                         0xc0 (size before relaxing)
 .eh_frame      0x0000000000026020      0x148 obj_cooja/mtype434.o
                                        0x160 (size before relaxing)
 .eh_frame      0x0000000000026168       0x40 obj_cooja/mtype434.a(simEnvChange.o)
                                         0x58 (size before relaxing)
 .eh_frame      0x00000000000261a8       0xc0 obj_cooja/mtype434.a(cooja_mt.o)
                                         0xd8 (size before relaxing)
 .eh_frame      0x0000000000026268      0x120 obj_cooja/mtype434.a(cooja_mtarch.o)
                                        0x138 (size before relaxing)
 .eh_frame      0x0000000000026388       0xc0 obj_cooja/mtype434.a(rtimer-arch.o)
                                         0xd8 (size before relaxing)
 .eh_frame      0x0000000000026448      0x160 obj_cooja/mtype434.a(beep.o)
                                        0x178 (size before relaxing)
 .eh_frame      0x00000000000265a8       0xa0 obj_cooja/mtype434.a(button-sensor.o)
                                         0xb8 (size before relaxing)
 .eh_frame      0x0000000000026648       0xa0 obj_cooja/mtype434.a(leds-arch.o)
                                         0xb8 (size before relaxing)
 .eh_frame      0x00000000000266e8       0x40 obj_cooja/mtype434.a(moteid.o)
                                         0x58 (size before relaxing)
 .eh_frame      0x0000000000026728       0xa0 obj_cooja/mtype434.a(pir-sensor.o)
                                         0xb8 (size before relaxing)
 .eh_frame      0x00000000000267c8      0x100 obj_cooja/mtype434.a(rs232.o)
                                        0x118 (size before relaxing)
 .eh_frame      0x00000000000268c8       0xa0 obj_cooja/mtype434.a(vib-sensor.o)
                                         0xb8 (size before relaxing)
 .eh_frame      0x0000000000026968       0xc0 obj_cooja/mtype434.a(clock.o)
                                         0xd8 (size before relaxing)
 .eh_frame      0x0000000000026a28      0x120 obj_cooja/mtype434.a(log.o)
                                        0x138 (size before relaxing)
 .eh_frame      0x0000000000026b48      0x160 obj_cooja/mtype434.a(cfs-cooja.o)
                                        0x178 (size before relaxing)
 .eh_frame      0x0000000000026ca8      0x2e0 obj_cooja/mtype434.a(cooja-radio.o)
                                        0x2f8 (size before relaxing)
 .eh_frame      0x0000000000026f88       0xa0 obj_cooja/mtype434.a(eeprom.o)
                                         0xb8 (size before relaxing)
 .eh_frame      0x0000000000027028       0x40 obj_cooja/mtype434.a(random.o)
                                         0x58 (size before relaxing)
 .eh_frame      0x0000000000027068       0xc0 obj_cooja/mtype434.a(sensors.o)
                                         0xd8 (size before relaxing)
 .eh_frame      0x0000000000027128      0x120 obj_cooja/mtype434.a(dual_conf.o)
                                        0x138 (size before relaxing)
 .eh_frame      0x0000000000027248       0x40 obj_cooja/mtype434.a(autostart.o)
                                         0x58 (size before relaxing)
 .eh_frame      0x0000000000027288      0x100 obj_cooja/mtype434.a(ctimer.o)
                                        0x118 (size before relaxing)
 .eh_frame      0x0000000000027388      0x1e0 obj_cooja/mtype434.a(etimer.o)
                                        0x1f8 (size before relaxing)
 .eh_frame      0x0000000000027568      0x1c8 obj_cooja/mtype434.a(process.o)
                                        0x1e0 (size before relaxing)
 .eh_frame      0x0000000000027730       0x60 obj_cooja/mtype434.a(rtimer.o)
                                         0x78 (size before relaxing)
 .eh_frame      0x0000000000027790       0xc4 obj_cooja/mtype434.a(stimer.o)
                                         0xdc (size before relaxing)
 .eh_frame      0x0000000000027854       0xa4 obj_cooja/mtype434.a(timer.o)
                                         0xbc (size before relaxing)
 .eh_frame      0x00000000000278f8       0x60 obj_cooja/mtype434.a(serial-line.o)
                                         0x78 (size before relaxing)
 .eh_frame      0x0000000000027958      0x180 obj_cooja/mtype434.a(list.o)
                                        0x198 (size before relaxing)
 .eh_frame      0x0000000000027ad8       0xa0 obj_cooja/mtype434.a(ringbuf.o)
                                         0xb8 (size before relaxing)
 .eh_frame      0x0000000000027b78      0x350 obj_cooja/mtype434.a(sicslowpan.o)
                                        0x368 (size before relaxing)
 .eh_frame      0x0000000000027ec8      0x180 obj_cooja/mtype434.a(uip-ds6-nbr.o)
                                        0x198 (size before relaxing)
 .eh_frame      0x0000000000028048      0x2a0 obj_cooja/mtype434.a(uip-ds6-route.o)
                                        0x2b8 (size before relaxing)
 .eh_frame      0x00000000000282e8      0x3c8 obj_cooja/mtype434.a(uip-ds6.o)
                                        0x3e0 (size before relaxing)
 .eh_frame      0x00000000000286b0      0x27c obj_cooja/mtype434.a(uip6.o)
                                        0x294 (size before relaxing)
 .eh_frame      0x000000000002892c      0x270 obj_cooja/mtype434.a(tcpip.o)
                                        0x288 (size before relaxing)
 .eh_frame      0x0000000000028b9c       0x48 obj_cooja/mtype434.a(uip-debug.o)
                                         0x60 (size before relaxing)
 .eh_frame      0x0000000000028be4       0xe0 obj_cooja/mtype434.a(uip-packetqueue)
                                         0xf8 (size before relaxing)
 .eh_frame      0x0000000000028cc4       0x40 obj_cooja/mtype434.a(uip-udp-packet.)
                                         0x58 (size before relaxing)
 .eh_frame      0x0000000000028d04      0x65c obj_cooja/mtype434.a(rpl-dag.o)
                                        0x674 (size before relaxing)
 .eh_frame      0x0000000000029360      0x10c obj_cooja/mtype434.a(rpl-ext-header.)
                                        0x124 (size before relaxing)
 .eh_frame      0x000000000002946c      0x278 obj_cooja/mtype434.a(rpl-icmp6.o)
                                        0x290 (size before relaxing)
 .eh_frame      0x00000000000296e4       0xe0 obj_cooja/mtype434.a(rpl-mrhof.o)
                                         0xf8 (size before relaxing)
 .eh_frame      0x00000000000297c4      0x20c obj_cooja/mtype434.a(rpl-timers.o)
                                        0x224 (size before relaxing)
 .eh_frame      0x00000000000299d0      0x140 obj_cooja/mtype434.a(rpl.o)
                                        0x158 (size before relaxing)
 .eh_frame      0x0000000000029b10       0x80 obj_cooja/mtype434.a(linkaddr.o)
                                         0x98 (size before relaxing)
 .eh_frame      0x0000000000029b90      0x2ac obj_cooja/mtype434.a(nbr-table.o)
                                        0x2c4 (size before relaxing)
 .eh_frame      0x0000000000029e3c       0x20 obj_cooja/mtype434.a(netstack.o)
                                         0x38 (size before relaxing)
 .eh_frame      0x0000000000029e5c      0x214 obj_cooja/mtype434.a(packetbuf.o)
                                        0x22c (size before relaxing)
 .eh_frame      0x000000000002a070      0x1a0 obj_cooja/mtype434.a(queuebuf.o)
                                        0x1b8 (size before relaxing)
 .eh_frame      0x000000000002a210      0x28c obj_cooja/mtype434.a(csma.o)
                                        0x2a4 (size before relaxing)
 .eh_frame      0x000000000002a49c      0x108 obj_cooja/mtype434.a(framer-802154.o)
                                        0x120 (size before relaxing)
 .eh_frame      0x000000000002a5a4       0x20 obj_cooja/mtype434.a(mac.o)
                                         0x38 (size before relaxing)
 .eh_frame      0x000000000002a5c4      0x178 obj_cooja/mtype434.a(nullrdc.o)
                                        0x190 (size before relaxing)
 .eh_frame      0x000000000002a73c       0x80 obj_cooja/mtype434.a(nullsec.o)
                                         0x98 (size before relaxing)
 .eh_frame      0x000000000002a7bc       0xa0 obj_cooja/mtype434.a(watchdog.o)
                                         0xb8 (size before relaxing)
 .eh_frame      0x000000000002a85c       0xa0 obj_cooja/mtype434.a(memb.o)
                                         0xb8 (size before relaxing)
 .eh_frame      0x000000000002a8fc      0x164 obj_cooja/mtype434.a(uip-icmp6.o)
                                        0x17c (size before relaxing)
 .eh_frame      0x000000000002aa60       0x68 obj_cooja/mtype434.a(uip-nd6.o)
                                         0x80 (size before relaxing)
 .eh_frame      0x000000000002aac8       0xc0 obj_cooja/mtype434.a(rpl-nbr-policy.)
                                         0xd8 (size before relaxing)
 .eh_frame      0x000000000002ab88      0x164 obj_cooja/mtype434.a(frame802154.o)
                                        0x17c (size before relaxing)
 .eh_frame      0x000000000002acec       0x88 obj_cooja/mtype434.a(mac-sequence.o)
                                         0xa0 (size before relaxing)
 .eh_frame      0x000000000002ad74        0x4 /usr/lib/gcc/i686-linux-gnu/4.8/crtendS.o

.gcc_except_table
 *(.gcc_except_table .gcc_except_table.*)

.exception_ranges
 *(.exception_ranges .exception_ranges*)
                0x000000000002ad78                . = (ALIGN (0x1000) - ((0x1000 - .) & 0xfff))
                0x000000000002bef8                . = DATA_SEGMENT_ALIGN (0x1000, 0x1000)

.eh_frame
 *(.eh_frame)

.gcc_except_table
 *(.gcc_except_table .gcc_except_table.*)

.exception_ranges
 *(.exception_ranges .exception_ranges*)

.tdata
 *(.tdata .tdata.* .gnu.linkonce.td.*)

.tbss
 *(.tbss .tbss.* .gnu.linkonce.tb.*)
 *(.tcommon)

.preinit_array
 *(.preinit_array)

.init_array     0x000000000002bef8        0x4
 *(SORT(.init_array.*) SORT(.ctors.*))
 *(.init_array EXCLUDE_FILE(*crtend?.o *crtend.o *crtbegin?.o *crtbegin.o) .ctors)
 .init_array    0x000000000002bef8        0x4 /usr/lib/gcc/i686-linux-gnu/4.8/crtbeginS.o

.fini_array     0x000000000002befc        0x4
 *(SORT(.fini_array.*) SORT(.dtors.*))
 *(.fini_array EXCLUDE_FILE(*crtend?.o *crtend.o *crtbegin?.o *crtbegin.o) .dtors)
 .fini_array    0x000000000002befc        0x4 /usr/lib/gcc/i686-linux-gnu/4.8/crtbeginS.o

.ctors
 *crtbegin.o(.ctors)
 *crtbegin?.o(.ctors)
 *(EXCLUDE_FILE(*crtend?.o *crtend.o) .ctors)
 *(SORT(.ctors.*))
 *(.ctors)

.dtors
 *crtbegin.o(.dtors)
 *crtbegin?.o(.dtors)
 *(EXCLUDE_FILE(*crtend?.o *crtend.o) .dtors)
 *(SORT(.dtors.*))
 *(.dtors)

.jcr            0x000000000002bf00        0x4
 *(.jcr)
 .jcr           0x000000000002bf00        0x0 /usr/lib/gcc/i686-linux-gnu/4.8/crtbeginS.o
 .jcr           0x000000000002bf00        0x4 /usr/lib/gcc/i686-linux-gnu/4.8/crtendS.o

.data.rel.ro
 *(.data.rel.ro.local* .gnu.linkonce.d.rel.ro.local.*)
 *(.data.rel.ro .data.rel.ro.* .gnu.linkonce.d.rel.ro.*)

.dynamic        0x000000000002bf04       0xe8
 *(.dynamic)
 .dynamic       0x000000000002bf04       0xe8 /usr/lib/gcc/i686-linux-gnu/4.8/../../../i386-linux-gnu/crti.o
                0x000000000002bf04                _DYNAMIC

.got            0x000000000002bfec       0x14
 *(.got)
 .got           0x000000000002bfec       0x14 /usr/lib/gcc/i686-linux-gnu/4.8/../../../i386-linux-gnu/crti.o
 *(.igot)
                0x000000000002cff4                . = DATA_SEGMENT_RELRO_END (., (SIZEOF (.got.plt) >= 0xc)?0xc:0x0)

.got.plt        0x000000000002c000       0x14
 *(.got.plt)
 .got.plt       0x000000000002c000       0x14 /usr/lib/gcc/i686-linux-gnu/4.8/../../../i386-linux-gnu/crti.o
                0x000000000002c000                _GLOBAL_OFFSET_TABLE_
 *(.igot.plt)

.data           0x000000000002c020      0x246
 *(.data .data.* .gnu.linkonce.d.*)
 .data          0x000000000002c020        0x0 /usr/lib/gcc/i686-linux-gnu/4.8/../../../i386-linux-gnu/crti.o
 .data          0x000000000002c020        0x0 /usr/lib/gcc/i686-linux-gnu/4.8/crtbeginS.o
 .data.rel      0x000000000002c020        0x4 /usr/lib/gcc/i686-linux-gnu/4.8/crtbeginS.o
                0x000000000002c020                __dso_handle
 .data          0x000000000002c024       0x10 udp-client.co
                0x000000000002c024                udp_client_process
 *fill*         0x000000000002c034        0xc 
 .data          0x000000000002c040       0x44 obj_cooja/mtype434.o
                0x000000000002c040                simInterfaces
                0x000000000002c074                sensors
 .data          0x000000000002c084        0x0 obj_cooja/mtype434.a(simEnvChange.o)
 .data          0x000000000002c084        0x0 obj_cooja/mtype434.a(cooja_mt.o)
 .data          0x000000000002c084        0x0 obj_cooja/mtype434.a(cooja_mtarch.o)
 .data          0x000000000002c084        0x0 obj_cooja/mtype434.a(rtimer-arch.o)
 .data          0x000000000002c084        0x0 obj_cooja/mtype434.a(beep.o)
 .data          0x000000000002c084        0x0 obj_cooja/mtype434.a(button-sensor.o)
 .data          0x000000000002c084        0x0 obj_cooja/mtype434.a(leds-arch.o)
 .data          0x000000000002c084        0x0 obj_cooja/mtype434.a(moteid.o)
 .data          0x000000000002c084        0x0 obj_cooja/mtype434.a(pir-sensor.o)
 .data          0x000000000002c084        0x0 obj_cooja/mtype434.a(rs232.o)
 .data          0x000000000002c084        0x0 obj_cooja/mtype434.a(vib-sensor.o)
 .data          0x000000000002c084        0x0 obj_cooja/mtype434.a(clock.o)
 .data          0x000000000002c084        0x0 obj_cooja/mtype434.a(log.o)
 .data          0x000000000002c084        0x0 obj_cooja/mtype434.a(cfs-cooja.o)
 .data          0x000000000002c084       0x2c obj_cooja/mtype434.a(cooja-radio.o)
                0x000000000002c084                simRadioHWOn
                0x000000000002c088                simSignalStrength
                0x000000000002c08c                simLastSignalStrength
                0x000000000002c090                simPower
                0x000000000002c094                simRadioChannel
                0x000000000002c098                simRadioChannelLR
                0x000000000002c09c                simLQI
                0x000000000002c0a0                cooja_radio_process
 .data          0x000000000002c0b0        0x0 obj_cooja/mtype434.a(eeprom.o)
 .data          0x000000000002c0b0        0x0 obj_cooja/mtype434.a(random.o)
 .data          0x000000000002c0b0       0x10 obj_cooja/mtype434.a(sensors.o)
                0x000000000002c0b0                sensors_process
 .data          0x000000000002c0c0       0x24 obj_cooja/mtype434.a(dual_conf.o)
                0x000000000002c0c0                radio_received
                0x000000000002c0c4                dual_dio_broadcast
                0x000000000002c0d4                dual_dis_broadcast
 .data          0x000000000002c0e4        0x0 obj_cooja/mtype434.a(autostart.o)
 .data          0x000000000002c0e4       0x14 obj_cooja/mtype434.a(ctimer.o)
                0x000000000002c0e8                ctimer_process
 .data          0x000000000002c0f8       0x10 obj_cooja/mtype434.a(etimer.o)
                0x000000000002c0f8                etimer_process
 .data          0x000000000002c108        0x0 obj_cooja/mtype434.a(process.o)
 .data          0x000000000002c108        0x0 obj_cooja/mtype434.a(rtimer.o)
 .data          0x000000000002c108        0x0 obj_cooja/mtype434.a(stimer.o)
 .data          0x000000000002c108        0x0 obj_cooja/mtype434.a(timer.o)
 .data          0x000000000002c108       0x10 obj_cooja/mtype434.a(serial-line.o)
                0x000000000002c108                serial_line_process
 .data          0x000000000002c118        0x0 obj_cooja/mtype434.a(list.o)
 .data          0x000000000002c118        0x0 obj_cooja/mtype434.a(ringbuf.o)
 .data          0x000000000002c118        0x0 obj_cooja/mtype434.a(sicslowpan.o)
 .data          0x000000000002c118       0x14 obj_cooja/mtype434.a(uip-ds6-nbr.o)
                0x000000000002c128                ds6_neighbors
 .data          0x000000000002c12c       0x44 obj_cooja/mtype434.a(uip-ds6-route.o)
                0x000000000002c13c                nbr_routes
 .data          0x000000000002c170        0x0 obj_cooja/mtype434.a(uip-ds6.o)
 .data          0x000000000002c170        0x0 obj_cooja/mtype434.a(uip6.o)
 .data          0x000000000002c170       0x10 obj_cooja/mtype434.a(tcpip.o)
                0x000000000002c170                tcpip_process
 .data          0x000000000002c180        0x0 obj_cooja/mtype434.a(uip-debug.o)
 .data          0x000000000002c180        0xc obj_cooja/mtype434.a(uip-packetqueue)
 .data          0x000000000002c18c        0x0 obj_cooja/mtype434.a(uip-udp-packet.)
 .data          0x000000000002c18c       0x14 obj_cooja/mtype434.a(rpl-dag.o)
                0x000000000002c19c                rpl_parents
 .data          0x000000000002c1a0        0x0 obj_cooja/mtype434.a(rpl-ext-header.)
 .data          0x000000000002c1a0       0x34 obj_cooja/mtype434.a(rpl-icmp6.o)
 .data          0x000000000002c1d4       0x1c obj_cooja/mtype434.a(rpl-mrhof.o)
                0x000000000002c1d4                rpl_mrhof
 .data          0x000000000002c1f0        0x0 obj_cooja/mtype434.a(rpl-timers.o)
 .data          0x000000000002c1f0        0x0 obj_cooja/mtype434.a(rpl.o)
 .data          0x000000000002c1f0        0x0 obj_cooja/mtype434.a(linkaddr.o)
 .data          0x000000000002c1f0       0x10 obj_cooja/mtype434.a(nbr-table.o)
 .data          0x000000000002c200        0x0 obj_cooja/mtype434.a(netstack.o)
 .data          0x000000000002c200        0x4 obj_cooja/mtype434.a(packetbuf.o)
 .data          0x000000000002c204       0x18 obj_cooja/mtype434.a(queuebuf.o)
 .data          0x000000000002c21c       0x28 obj_cooja/mtype434.a(csma.o)
 .data          0x000000000002c244        0x0 obj_cooja/mtype434.a(framer-802154.o)
 .data          0x000000000002c244        0x0 obj_cooja/mtype434.a(mac.o)
 .data          0x000000000002c244        0x0 obj_cooja/mtype434.a(nullrdc.o)
 .data          0x000000000002c244        0x0 obj_cooja/mtype434.a(nullsec.o)
 .data          0x000000000002c244        0x0 obj_cooja/mtype434.a(watchdog.o)
 .data          0x000000000002c244        0x0 obj_cooja/mtype434.a(rimestats.o)
 .data          0x000000000002c244        0x0 obj_cooja/mtype434.a(memb.o)
 .data          0x000000000002c244       0x20 obj_cooja/mtype434.a(uip-icmp6.o)
 .data          0x000000000002c264        0x0 obj_cooja/mtype434.a(uip-nd6.o)
 .data          0x000000000002c264        0x0 obj_cooja/mtype434.a(rpl-nbr-policy.)
 .data          0x000000000002c264        0x2 obj_cooja/mtype434.a(frame802154.o)
 .data          0x000000000002c266        0x0 obj_cooja/mtype434.a(mac-sequence.o)
 .data          0x000000000002c266        0x0 /usr/lib/gcc/i686-linux-gnu/4.8/crtendS.o
 .data          0x000000000002c266        0x0 /usr/lib/gcc/i686-linux-gnu/4.8/../../../i386-linux-gnu/crtn.o

.tm_clone_table
                0x000000000002c268        0x0
 .tm_clone_table
                0x000000000002c268        0x0 /usr/lib/gcc/i686-linux-gnu/4.8/crtbeginS.o
 .tm_clone_table
                0x000000000002c268        0x0 /usr/lib/gcc/i686-linux-gnu/4.8/crtendS.o

.data1
 *(.data1)
                0x000000000002c268                _edata = .
                0x000000000002c268                PROVIDE (edata, .)
                0x000000000002c268                . = .
                0x000000000002c268                __bss_start = .

.bss            0x000000000002c280     0x8308
 *(.dynbss)
 .dynbss        0x0000000000000000        0x0 /usr/lib/gcc/i686-linux-gnu/4.8/../../../i386-linux-gnu/crti.o
 *(.bss .bss.* .gnu.linkonce.b.*)
 .bss           0x000000000002c280        0x0 /usr/lib/gcc/i686-linux-gnu/4.8/../../../i386-linux-gnu/crti.o
 .bss           0x000000000002c280        0x1 /usr/lib/gcc/i686-linux-gnu/4.8/crtbeginS.o
 *fill*         0x000000000002c281       0x1f 
 .bss           0x000000000002c2a0       0x60 udp-client.co
 .bss           0x000000000002c300     0x2030 obj_cooja/mtype434.o
 .bss           0x000000000002e330        0x1 obj_cooja/mtype434.a(simEnvChange.o)
                0x000000000002e330                simDontFallAsleep
 *fill*         0x000000000002e331        0x3 
 .bss           0x000000000002e334        0x4 obj_cooja/mtype434.a(cooja_mt.o)
 .bss           0x000000000002e338        0x4 obj_cooja/mtype434.a(cooja_mtarch.o)
 .bss           0x000000000002e33c        0xc obj_cooja/mtype434.a(rtimer-arch.o)
 .bss           0x000000000002e348        0x0 obj_cooja/mtype434.a(beep.o)
 .bss           0x000000000002e348        0x8 obj_cooja/mtype434.a(button-sensor.o)
 .bss           0x000000000002e350        0x0 obj_cooja/mtype434.a(leds-arch.o)
 .bss           0x000000000002e350        0x0 obj_cooja/mtype434.a(moteid.o)
 .bss           0x000000000002e350        0x1 obj_cooja/mtype434.a(pir-sensor.o)
                0x000000000002e350                simPirValue
 *fill*         0x000000000002e351        0x3 
 .bss           0x000000000002e354        0x4 obj_cooja/mtype434.a(rs232.o)
 .bss           0x000000000002e358        0x1 obj_cooja/mtype434.a(vib-sensor.o)
                0x000000000002e358                simVibValue
 .bss           0x000000000002e359        0x0 obj_cooja/mtype434.a(clock.o)
 *fill*         0x000000000002e359        0x7 
 .bss           0x000000000002e360      0x420 obj_cooja/mtype434.a(log.o)
 .bss           0x000000000002e780      0xfc0 obj_cooja/mtype434.a(cfs-cooja.o)
                0x000000000002e780                simCFSData
                0x000000000002f720                simCFSSize
                0x000000000002f724                simCFSChanged
                0x000000000002f728                simCFSRead
                0x000000000002f72c                simCFSWritten
 .bss           0x000000000002f740       0x20 obj_cooja/mtype434.a(cooja-radio.o)
                0x000000000002f740                simReceiving
                0x000000000002f741                simReceivingLR
                0x000000000002f744                simInSize
                0x000000000002f748                simInSizeLR
                0x000000000002f74c                simOutSize
                0x000000000002f750                simOutSizeLR
                0x000000000002f754                LongRangeTransmit
                0x000000000002f758                LongRangeReceiving
 .bss           0x000000000002f760        0xc obj_cooja/mtype434.a(eeprom.o)
                0x000000000002f760                simEEPROMChanged
                0x000000000002f764                simEEPROMRead
                0x000000000002f768                simEEPROMWritten
 .bss           0x000000000002f76c        0x0 obj_cooja/mtype434.a(random.o)
 .bss           0x000000000002f76c        0xc obj_cooja/mtype434.a(sensors.o)
 .bss           0x000000000002f778       0x28 obj_cooja/mtype434.a(dual_conf.o)
                0x000000000002f778                long_range_radio
 .bss           0x000000000002f7a0        0x0 obj_cooja/mtype434.a(autostart.o)
 .bss           0x000000000002f7a0        0x5 obj_cooja/mtype434.a(ctimer.o)
 *fill*         0x000000000002f7a5        0x3 
 .bss           0x000000000002f7a8        0x8 obj_cooja/mtype434.a(etimer.o)
 *fill*         0x000000000002f7b0       0x10 
 .bss           0x000000000002f7c0      0x1b1 obj_cooja/mtype434.a(process.o)
                0x000000000002f7c0                process_list
                0x000000000002f7c4                process_current
 *fill*         0x000000000002f971        0x3 
 .bss           0x000000000002f974        0x4 obj_cooja/mtype434.a(rtimer.o)
 .bss           0x000000000002f978        0x0 obj_cooja/mtype434.a(stimer.o)
 .bss           0x000000000002f978        0x0 obj_cooja/mtype434.a(timer.o)
 *fill*         0x000000000002f978        0x8 
 .bss           0x000000000002f980      0x140 obj_cooja/mtype434.a(serial-line.o)
 .bss           0x000000000002fac0        0x0 obj_cooja/mtype434.a(list.o)
 .bss           0x000000000002fac0        0x0 obj_cooja/mtype434.a(ringbuf.o)
 .bss           0x000000000002fac0      0x70c obj_cooja/mtype434.a(sicslowpan.o)
 *fill*         0x00000000000301cc       0x14 
 .bss           0x00000000000301e0       0xf0 obj_cooja/mtype434.a(uip-ds6-nbr.o)
 *fill*         0x00000000000302d0       0x10 
 .bss           0x00000000000302e0      0x2a8 obj_cooja/mtype434.a(uip-ds6-route.o)
 .bss           0x0000000000030588       0x30 obj_cooja/mtype434.a(uip-ds6.o)
 .bss           0x00000000000305b8        0xe obj_cooja/mtype434.a(uip6.o)
                0x00000000000305b8                uip_ext_bitmap
                0x00000000000305b9                uip_ext_len
                0x00000000000305ba                uip_ext_opt_offset
 *fill*         0x00000000000305c6       0x1a 
 .bss           0x00000000000305e0       0x6a obj_cooja/mtype434.a(tcpip.o)
 .bss           0x000000000003064a        0x0 obj_cooja/mtype434.a(uip-debug.o)
 *fill*         0x000000000003064a       0x16 
 .bss           0x0000000000030660      0xcf8 obj_cooja/mtype434.a(uip-packetqueue)
 .bss           0x0000000000031358        0x0 obj_cooja/mtype434.a(uip-udp-packet.)
 *fill*         0x0000000000031358        0x8 
 .bss           0x0000000000031360       0xa0 obj_cooja/mtype434.a(rpl-dag.o)
 .bss           0x0000000000031400        0x0 obj_cooja/mtype434.a(rpl-ext-header.)
 .bss           0x0000000000031400        0x0 obj_cooja/mtype434.a(rpl-icmp6.o)
 .bss           0x0000000000031400        0x0 obj_cooja/mtype434.a(rpl-mrhof.o)
 .bss           0x0000000000031400       0x23 obj_cooja/mtype434.a(rpl-timers.o)
 *fill*         0x0000000000031423        0x1 
 .bss           0x0000000000031424        0x4 obj_cooja/mtype434.a(rpl.o)
 .bss           0x0000000000031428        0x0 obj_cooja/mtype434.a(linkaddr.o)
 *fill*         0x0000000000031428       0x18 
 .bss           0x0000000000031440       0xdc obj_cooja/mtype434.a(nbr-table.o)
 .bss           0x000000000003151c        0x0 obj_cooja/mtype434.a(netstack.o)
 *fill*         0x000000000003151c        0x4 
 .bss           0x0000000000031520       0xa0 obj_cooja/mtype434.a(packetbuf.o)
 .bss           0x00000000000315c0      0xb80 obj_cooja/mtype434.a(queuebuf.o)
 .bss           0x0000000000032140      0x248 obj_cooja/mtype434.a(csma.o)
 .bss           0x0000000000032388        0x2 obj_cooja/mtype434.a(framer-802154.o)
 .bss           0x000000000003238a        0x0 obj_cooja/mtype434.a(mac.o)
 .bss           0x000000000003238a        0x0 obj_cooja/mtype434.a(nullrdc.o)
 .bss           0x000000000003238a        0x0 obj_cooja/mtype434.a(nullsec.o)
 .bss           0x000000000003238a        0x0 obj_cooja/mtype434.a(watchdog.o)
 .bss           0x000000000003238a        0x0 obj_cooja/mtype434.a(rimestats.o)
 .bss           0x000000000003238a        0x0 obj_cooja/mtype434.a(memb.o)
 *fill*         0x000000000003238a        0x2 
 .bss           0x000000000003238c       0x18 obj_cooja/mtype434.a(uip-icmp6.o)
 .bss           0x00000000000323a4        0x0 obj_cooja/mtype434.a(uip-nd6.o)
 *fill*         0x00000000000323a4       0x1c 
 .bss           0x00000000000323c0       0x44 obj_cooja/mtype434.a(rpl-nbr-policy.)
 .bss           0x0000000000032404        0x0 obj_cooja/mtype434.a(frame802154.o)
 *fill*         0x0000000000032404       0x1c 
 .bss           0x0000000000032420       0x90 obj_cooja/mtype434.a(mac-sequence.o)
 .bss           0x00000000000324b0        0x0 /usr/lib/gcc/i686-linux-gnu/4.8/crtendS.o
 .bss           0x00000000000324b0        0x0 /usr/lib/gcc/i686-linux-gnu/4.8/../../../i386-linux-gnu/crtn.o
 *(COMMON)
 COMMON         0x00000000000324b0        0x8 obj_cooja/mtype434.o
                0x00000000000324b0                referenceVar
                0x00000000000324b4                sensors_flags
 COMMON         0x00000000000324b8        0xc obj_cooja/mtype434.a(simEnvChange.o)
                0x00000000000324b8                simEtimerPending
                0x00000000000324bc                simProcessRunValue
                0x00000000000324c0                simNextExpirationTime
 COMMON         0x00000000000324c4        0x1 obj_cooja/mtype434.a(beep.o)
                0x00000000000324c4                simBeeped
 COMMON         0x00000000000324c5        0x3 obj_cooja/mtype434.a(button-sensor.o)
                0x00000000000324c5                simButtonIsActive
                0x00000000000324c6                simButtonIsDown
                0x00000000000324c7                simButtonChanged
 COMMON         0x00000000000324c8        0x1 obj_cooja/mtype434.a(leds-arch.o)
                0x00000000000324c8                simLedsValue
 *fill*         0x00000000000324c9        0x3 
 COMMON         0x00000000000324cc        0xc obj_cooja/mtype434.a(moteid.o)
                0x00000000000324cc                simRandomSeed
                0x00000000000324d0                simMoteIDChanged
                0x00000000000324d4                simMoteID
 COMMON         0x00000000000324d8        0x2 obj_cooja/mtype434.a(pir-sensor.o)
                0x00000000000324d8                simPirIsActive
                0x00000000000324d9                simPirChanged
 *fill*         0x00000000000324da        0x6 
 COMMON         0x00000000000324e0      0x820 obj_cooja/mtype434.a(rs232.o)
                0x00000000000324e0                simSerialReceivingFlag
                0x00000000000324e4                simSerialReceivingLength
                0x0000000000032500                simSerialReceivingData
 COMMON         0x0000000000032d00        0x2 obj_cooja/mtype434.a(vib-sensor.o)
                0x0000000000032d00                simVibChanged
                0x0000000000032d01                simVibIsActive
 *fill*         0x0000000000032d02        0x2 
 COMMON         0x0000000000032d04        0x4 obj_cooja/mtype434.a(clock.o)
                0x0000000000032d04                simCurrentTime
 *fill*         0x0000000000032d08       0x18 
 COMMON         0x0000000000032d20      0x420 obj_cooja/mtype434.a(log.o)
                0x0000000000032d20                simLoggedLength
                0x0000000000032d24                simLoggedFlag
                0x0000000000032d40                simLoggedData
 COMMON         0x0000000000033140      0x200 obj_cooja/mtype434.a(cooja-radio.o)
                0x0000000000033140                simOutDataBuffer
                0x00000000000331c0                simInDataBufferLR
                0x0000000000033240                simOutDataBufferLR
                0x00000000000332c0                simInDataBuffer
 COMMON         0x0000000000033340      0x400 obj_cooja/mtype434.a(eeprom.o)
                0x0000000000033340                simEEPROMData
 COMMON         0x0000000000033740        0x1 obj_cooja/mtype434.a(sensors.o)
                0x0000000000033740                sensors_event
 COMMON         0x0000000000033741        0x1 obj_cooja/mtype434.a(serial-line.o)
                0x0000000000033741                serial_line_event_message
 *fill*         0x0000000000033742       0x1e 
 COMMON         0x0000000000033760       0x64 obj_cooja/mtype434.a(uip-ds6-nbr.o)
                0x0000000000033760                ds6_lr_addrmap
 *fill*         0x00000000000337c4       0x1c 
 COMMON         0x00000000000337e0      0x298 obj_cooja/mtype434.a(uip-ds6.o)
                0x00000000000337e0                uip_ds6_prefix_list
                0x0000000000033840                uip_ds6_timer_periodic
                0x0000000000033850                uip_ds6_netif_addr_list_offset
                0x0000000000033860                uip_ds6_if
                0x0000000000033958                uip_ds6_timer_ra
                0x0000000000033960                uip_ds6_addr_size
                0x0000000000033980                long_uip_ds6_if
 *fill*         0x0000000000033a78        0x8 
 COMMON         0x0000000000033a80      0x8ec obj_cooja/mtype434.a(uip6.o)
                0x0000000000033a80                uip_slen
                0x0000000000033a82                uip_acc32
                0x0000000000033aa0                uip_conns
                0x0000000000033b60                uip_lladdr
                0x0000000000033b68                uip_appdata
                0x0000000000033b6c                uip_flags
                0x0000000000033b80                uip_aligned_buf
                0x00000000000341c0                uip_listenports
                0x00000000000341d0                uip_len
                0x00000000000341d2                uip_long_lladdr
                0x00000000000341dc                uip_sappdata
                0x00000000000341e0                uip_udp_conns
                0x0000000000034360                uip_udp_conn
                0x0000000000034364                uip_next_hdr
                0x0000000000034368                uip_conn
 COMMON         0x000000000003436c        0x1 obj_cooja/mtype434.a(tcpip.o)
                0x000000000003436c                tcpip_event
 *fill*         0x000000000003436d       0x13 
 COMMON         0x0000000000034380      0x170 obj_cooja/mtype434.a(rpl-dag.o)
                0x0000000000034380                default_instance
                0x00000000000343a0                instance_table
 COMMON         0x00000000000344f0       0x10 obj_cooja/mtype434.a(linkaddr.o)
                0x00000000000344f0                linkaddr_node_addr
                0x00000000000344f8                long_linkaddr_node_addr
 COMMON         0x0000000000034500       0x2e obj_cooja/mtype434.a(packetbuf.o)
                0x0000000000034500                packetbuf_attrs
                0x000000000003451e                packetbuf_addrs
 *fill*         0x000000000003452e       0x12 
 COMMON         0x0000000000034540       0x48 obj_cooja/mtype434.a(rimestats.o)
                0x0000000000034540                rimestats
                0x0000000000034588                . = ALIGN ((. != 0x0)?0x4:0x1)
                0x0000000000034588                . = ALIGN (0x4)
                0x0000000000034588                . = SEGMENT_START ("ldata-segment", .)
                0x0000000000034588                . = ALIGN (0x4)
                0x0000000000034588                _end = .
                0x0000000000034588                PROVIDE (end, .)
                0x0000000000034588                . = DATA_SEGMENT_END (.)

.stab
 *(.stab)

.stabstr
 *(.stabstr)

.stab.excl
 *(.stab.excl)

.stab.exclstr
 *(.stab.exclstr)

.stab.index
 *(.stab.index)

.stab.indexstr
 *(.stab.indexstr)

.comment        0x0000000000000000       0x54
 *(.comment)
 .comment       0x0000000000000000       0x2b /usr/lib/gcc/i686-linux-gnu/4.8/crtbeginS.o
                                         0x2c (size before relaxing)
 .comment       0x0000000000000000       0x2c udp-client.co
 .comment       0x0000000000000000       0x2c obj_cooja/mtype434.o
 .comment       0x0000000000000000       0x2c obj_cooja/mtype434.a(simEnvChange.o)
 .comment       0x0000000000000000       0x2c obj_cooja/mtype434.a(cooja_mt.o)
 .comment       0x0000000000000000       0x2c obj_cooja/mtype434.a(cooja_mtarch.o)
 .comment       0x0000000000000000       0x2c obj_cooja/mtype434.a(rtimer-arch.o)
 .comment       0x0000000000000000       0x2c obj_cooja/mtype434.a(beep.o)
 .comment       0x0000000000000000       0x2c obj_cooja/mtype434.a(button-sensor.o)
 .comment       0x0000000000000000       0x2c obj_cooja/mtype434.a(leds-arch.o)
 .comment       0x0000000000000000       0x2c obj_cooja/mtype434.a(moteid.o)
 .comment       0x0000000000000000       0x2c obj_cooja/mtype434.a(pir-sensor.o)
 .comment       0x0000000000000000       0x2c obj_cooja/mtype434.a(rs232.o)
 .comment       0x0000000000000000       0x2c obj_cooja/mtype434.a(vib-sensor.o)
 .comment       0x0000000000000000       0x2c obj_cooja/mtype434.a(clock.o)
 .comment       0x0000000000000000       0x2c obj_cooja/mtype434.a(log.o)
 .comment       0x0000000000000000       0x2c obj_cooja/mtype434.a(cfs-cooja.o)
 .comment       0x0000000000000000       0x2c obj_cooja/mtype434.a(cooja-radio.o)
 .comment       0x0000000000000000       0x2c obj_cooja/mtype434.a(eeprom.o)
 .comment       0x0000000000000000       0x2c obj_cooja/mtype434.a(random.o)
 .comment       0x0000000000000000       0x2c obj_cooja/mtype434.a(sensors.o)
 .comment       0x0000000000000000       0x2c obj_cooja/mtype434.a(dual_conf.o)
 .comment       0x0000000000000000       0x2c obj_cooja/mtype434.a(autostart.o)
 .comment       0x0000000000000000       0x2c obj_cooja/mtype434.a(ctimer.o)
 .comment       0x0000000000000000       0x2c obj_cooja/mtype434.a(etimer.o)
 .comment       0x0000000000000000       0x2c obj_cooja/mtype434.a(process.o)
 .comment       0x0000000000000000       0x2c obj_cooja/mtype434.a(rtimer.o)
 .comment       0x0000000000000000       0x2c obj_cooja/mtype434.a(stimer.o)
 .comment       0x0000000000000000       0x2c obj_cooja/mtype434.a(timer.o)
 .comment       0x0000000000000000       0x2c obj_cooja/mtype434.a(serial-line.o)
 .comment       0x000000000000002b       0x29 obj_cooja/mtype434.a(list.o)
                                         0x2a (size before relaxing)
 .comment       0x0000000000000000       0x2c obj_cooja/mtype434.a(ringbuf.o)
 .comment       0x0000000000000000       0x2c obj_cooja/mtype434.a(sicslowpan.o)
 .comment       0x0000000000000000       0x2c obj_cooja/mtype434.a(uip-ds6-nbr.o)
 .comment       0x0000000000000000       0x2c obj_cooja/mtype434.a(uip-ds6-route.o)
 .comment       0x0000000000000000       0x2c obj_cooja/mtype434.a(uip-ds6.o)
 .comment       0x0000000000000000       0x2c obj_cooja/mtype434.a(uip6.o)
 .comment       0x0000000000000000       0x2c obj_cooja/mtype434.a(tcpip.o)
 .comment       0x0000000000000000       0x2c obj_cooja/mtype434.a(uip-debug.o)
 .comment       0x0000000000000000       0x2c obj_cooja/mtype434.a(uip-packetqueue)
 .comment       0x0000000000000000       0x2c obj_cooja/mtype434.a(uip-udp-packet.)
 .comment       0x0000000000000000       0x2c obj_cooja/mtype434.a(rpl-dag.o)
 .comment       0x0000000000000000       0x2c obj_cooja/mtype434.a(rpl-ext-header.)
 .comment       0x0000000000000000       0x2c obj_cooja/mtype434.a(rpl-icmp6.o)
 .comment       0x0000000000000000       0x2c obj_cooja/mtype434.a(rpl-mrhof.o)
 .comment       0x0000000000000000       0x2c obj_cooja/mtype434.a(rpl-timers.o)
 .comment       0x0000000000000000       0x2c obj_cooja/mtype434.a(rpl.o)
 .comment       0x0000000000000000       0x2c obj_cooja/mtype434.a(linkaddr.o)
 .comment       0x0000000000000000       0x2c obj_cooja/mtype434.a(nbr-table.o)
 .comment       0x0000000000000000       0x2c obj_cooja/mtype434.a(netstack.o)
 .comment       0x0000000000000000       0x2c obj_cooja/mtype434.a(packetbuf.o)
 .comment       0x0000000000000000       0x2c obj_cooja/mtype434.a(queuebuf.o)
 .comment       0x0000000000000000       0x2c obj_cooja/mtype434.a(csma.o)
 .comment       0x0000000000000000       0x2c obj_cooja/mtype434.a(framer-802154.o)
 .comment       0x0000000000000000       0x2c obj_cooja/mtype434.a(mac.o)
 .comment       0x0000000000000000       0x2c obj_cooja/mtype434.a(nullrdc.o)
 .comment       0x0000000000000000       0x2c obj_cooja/mtype434.a(nullsec.o)
 .comment       0x0000000000000000       0x2a obj_cooja/mtype434.a(watchdog.o)
 .comment       0x0000000000000000       0x2a obj_cooja/mtype434.a(rimestats.o)
 .comment       0x0000000000000000       0x2c obj_cooja/mtype434.a(memb.o)
 .comment       0x0000000000000000       0x2c obj_cooja/mtype434.a(uip-icmp6.o)
 .comment       0x0000000000000000       0x2c obj_cooja/mtype434.a(uip-nd6.o)
 .comment       0x0000000000000000       0x2c obj_cooja/mtype434.a(rpl-nbr-policy.)
 .comment       0x0000000000000000       0x2c obj_cooja/mtype434.a(frame802154.o)
 .comment       0x0000000000000000       0x2c obj_cooja/mtype434.a(mac-sequence.o)
 .comment       0x0000000000000000       0x2c /usr/lib/gcc/i686-linux-gnu/4.8/crtendS.o

.debug
 *(.debug)

.line
 *(.line)

.debug_srcinfo
 *(.debug_srcinfo)

.debug_sfnames
 *(.debug_sfnames)

.debug_aranges  0x0000000000000000      0x7f8
 *(.debug_aranges)
 .debug_aranges
                0x0000000000000000       0x20 udp-client.co
 .debug_aranges
                0x0000000000000020       0x20 obj_cooja/mtype434.o
 .debug_aranges
                0x0000000000000040       0x20 obj_cooja/mtype434.a(simEnvChange.o)
 .debug_aranges
                0x0000000000000060       0x20 obj_cooja/mtype434.a(cooja_mt.o)
 .debug_aranges
                0x0000000000000080       0x20 obj_cooja/mtype434.a(cooja_mtarch.o)
 .debug_aranges
                0x00000000000000a0       0x20 obj_cooja/mtype434.a(rtimer-arch.o)
 .debug_aranges
                0x00000000000000c0       0x20 obj_cooja/mtype434.a(beep.o)
 .debug_aranges
                0x00000000000000e0       0x20 obj_cooja/mtype434.a(button-sensor.o)
 .debug_aranges
                0x0000000000000100       0x20 obj_cooja/mtype434.a(leds-arch.o)
 .debug_aranges
                0x0000000000000120       0x20 obj_cooja/mtype434.a(moteid.o)
 .debug_aranges
                0x0000000000000140       0x20 obj_cooja/mtype434.a(pir-sensor.o)
 .debug_aranges
                0x0000000000000160       0x20 obj_cooja/mtype434.a(rs232.o)
 .debug_aranges
                0x0000000000000180       0x20 obj_cooja/mtype434.a(vib-sensor.o)
 .debug_aranges
                0x00000000000001a0       0x20 obj_cooja/mtype434.a(clock.o)
 .debug_aranges
                0x00000000000001c0       0x20 obj_cooja/mtype434.a(log.o)
 .debug_aranges
                0x00000000000001e0       0x20 obj_cooja/mtype434.a(cfs-cooja.o)
 .debug_aranges
                0x0000000000000200       0x20 obj_cooja/mtype434.a(cooja-radio.o)
 .debug_aranges
                0x0000000000000220       0x20 obj_cooja/mtype434.a(eeprom.o)
 .debug_aranges
                0x0000000000000240       0x20 obj_cooja/mtype434.a(random.o)
 .debug_aranges
                0x0000000000000260       0x20 obj_cooja/mtype434.a(sensors.o)
 .debug_aranges
                0x0000000000000280       0x20 obj_cooja/mtype434.a(dual_conf.o)
 .debug_aranges
                0x00000000000002a0       0x20 obj_cooja/mtype434.a(autostart.o)
 .debug_aranges
                0x00000000000002c0       0x20 obj_cooja/mtype434.a(ctimer.o)
 .debug_aranges
                0x00000000000002e0       0x20 obj_cooja/mtype434.a(etimer.o)
 .debug_aranges
                0x0000000000000300       0x20 obj_cooja/mtype434.a(process.o)
 .debug_aranges
                0x0000000000000320       0x20 obj_cooja/mtype434.a(rtimer.o)
 .debug_aranges
                0x0000000000000340       0x20 obj_cooja/mtype434.a(stimer.o)
 .debug_aranges
                0x0000000000000360       0x20 obj_cooja/mtype434.a(timer.o)
 .debug_aranges
                0x0000000000000380       0x20 obj_cooja/mtype434.a(serial-line.o)
 .debug_aranges
                0x00000000000003a0       0x20 obj_cooja/mtype434.a(list.o)
 .debug_aranges
                0x00000000000003c0       0x20 obj_cooja/mtype434.a(ringbuf.o)
 .debug_aranges
                0x00000000000003e0       0x20 obj_cooja/mtype434.a(sicslowpan.o)
 .debug_aranges
                0x0000000000000400       0x20 obj_cooja/mtype434.a(uip-ds6-nbr.o)
 .debug_aranges
                0x0000000000000420       0x20 obj_cooja/mtype434.a(uip-ds6-route.o)
 .debug_aranges
                0x0000000000000440       0x20 obj_cooja/mtype434.a(uip-ds6.o)
 .debug_aranges
                0x0000000000000460       0x20 obj_cooja/mtype434.a(uip6.o)
 .debug_aranges
                0x0000000000000480       0x20 obj_cooja/mtype434.a(tcpip.o)
 .debug_aranges
                0x00000000000004a0       0x20 obj_cooja/mtype434.a(uip-debug.o)
 .debug_aranges
                0x00000000000004c0       0x20 obj_cooja/mtype434.a(uip-packetqueue)
 .debug_aranges
                0x00000000000004e0       0x20 obj_cooja/mtype434.a(uip-udp-packet.)
 .debug_aranges
                0x0000000000000500       0x20 obj_cooja/mtype434.a(rpl-dag.o)
 .debug_aranges
                0x0000000000000520       0x20 obj_cooja/mtype434.a(rpl-ext-header.)
 .debug_aranges
                0x0000000000000540       0x20 obj_cooja/mtype434.a(rpl-icmp6.o)
 .debug_aranges
                0x0000000000000560       0x20 obj_cooja/mtype434.a(rpl-mrhof.o)
 .debug_aranges
                0x0000000000000580       0x20 obj_cooja/mtype434.a(rpl-timers.o)
 .debug_aranges
                0x00000000000005a0       0x20 obj_cooja/mtype434.a(rpl.o)
 .debug_aranges
                0x00000000000005c0       0x20 obj_cooja/mtype434.a(linkaddr.o)
 .debug_aranges
                0x00000000000005e0       0x20 obj_cooja/mtype434.a(nbr-table.o)
 .debug_aranges
                0x0000000000000600       0x20 obj_cooja/mtype434.a(netstack.o)
 .debug_aranges
                0x0000000000000620       0x20 obj_cooja/mtype434.a(packetbuf.o)
 .debug_aranges
                0x0000000000000640       0x20 obj_cooja/mtype434.a(queuebuf.o)
 .debug_aranges
                0x0000000000000660       0x20 obj_cooja/mtype434.a(csma.o)
 .debug_aranges
                0x0000000000000680       0x20 obj_cooja/mtype434.a(framer-802154.o)
 .debug_aranges
                0x00000000000006a0       0x20 obj_cooja/mtype434.a(mac.o)
 .debug_aranges
                0x00000000000006c0       0x20 obj_cooja/mtype434.a(nullrdc.o)
 .debug_aranges
                0x00000000000006e0       0x20 obj_cooja/mtype434.a(nullsec.o)
 .debug_aranges
                0x0000000000000700       0x20 obj_cooja/mtype434.a(watchdog.o)
 .debug_aranges
                0x0000000000000720       0x18 obj_cooja/mtype434.a(rimestats.o)
 .debug_aranges
                0x0000000000000738       0x20 obj_cooja/mtype434.a(memb.o)
 .debug_aranges
                0x0000000000000758       0x20 obj_cooja/mtype434.a(uip-icmp6.o)
 .debug_aranges
                0x0000000000000778       0x20 obj_cooja/mtype434.a(uip-nd6.o)
 .debug_aranges
                0x0000000000000798       0x20 obj_cooja/mtype434.a(rpl-nbr-policy.)
 .debug_aranges
                0x00000000000007b8       0x20 obj_cooja/mtype434.a(frame802154.o)
 .debug_aranges
                0x00000000000007d8       0x20 obj_cooja/mtype434.a(mac-sequence.o)

.debug_pubnames
 *(.debug_pubnames)

.debug_info     0x0000000000000000    0x1b76c
 *(.debug_info .gnu.linkonce.wi.*)
 .debug_info    0x0000000000000000      0x8b3 udp-client.co
 .debug_info    0x00000000000008b3     0x3771 obj_cooja/mtype434.o
 .debug_info    0x0000000000004024      0x15a obj_cooja/mtype434.a(simEnvChange.o)
 .debug_info    0x000000000000417e      0x1e2 obj_cooja/mtype434.a(cooja_mt.o)
 .debug_info    0x0000000000004360      0x2e7 obj_cooja/mtype434.a(cooja_mtarch.o)
 .debug_info    0x0000000000004647      0x16b obj_cooja/mtype434.a(rtimer-arch.o)
 .debug_info    0x00000000000047b2      0x1f3 obj_cooja/mtype434.a(beep.o)
 .debug_info    0x00000000000049a5      0x257 obj_cooja/mtype434.a(button-sensor.o)
 .debug_info    0x0000000000004bfc      0x132 obj_cooja/mtype434.a(leds-arch.o)
 .debug_info    0x0000000000004d2e      0x10a obj_cooja/mtype434.a(moteid.o)
 .debug_info    0x0000000000004e38      0x216 obj_cooja/mtype434.a(pir-sensor.o)
 .debug_info    0x000000000000504e      0x21e obj_cooja/mtype434.a(rs232.o)
 .debug_info    0x000000000000526c      0x216 obj_cooja/mtype434.a(vib-sensor.o)
 .debug_info    0x0000000000005482      0x152 obj_cooja/mtype434.a(clock.o)
 .debug_info    0x00000000000055d4      0x2bb obj_cooja/mtype434.a(log.o)
 .debug_info    0x000000000000588f      0x3cf obj_cooja/mtype434.a(cfs-cooja.o)
 .debug_info    0x0000000000005c5e      0xc5e obj_cooja/mtype434.a(cooja-radio.o)
 .debug_info    0x00000000000068bc      0x1d5 obj_cooja/mtype434.a(eeprom.o)
 .debug_info    0x0000000000006a91       0xb3 obj_cooja/mtype434.a(random.o)
 .debug_info    0x0000000000006b44      0x36d obj_cooja/mtype434.a(sensors.o)
 .debug_info    0x0000000000006eb1      0x99d obj_cooja/mtype434.a(dual_conf.o)
 .debug_info    0x000000000000784e      0x1a5 obj_cooja/mtype434.a(autostart.o)
 .debug_info    0x00000000000079f3      0x46c obj_cooja/mtype434.a(ctimer.o)
 .debug_info    0x0000000000007e5f      0x49c obj_cooja/mtype434.a(etimer.o)
 .debug_info    0x00000000000082fb      0x4ba obj_cooja/mtype434.a(process.o)
 .debug_info    0x00000000000087b5      0x1ab obj_cooja/mtype434.a(rtimer.o)
 .debug_info    0x0000000000008960      0x179 obj_cooja/mtype434.a(stimer.o)
 .debug_info    0x0000000000008ad9      0x16c obj_cooja/mtype434.a(timer.o)
 .debug_info    0x0000000000008c45      0x2de obj_cooja/mtype434.a(serial-line.o)
 .debug_info    0x0000000000008f23      0x2ed obj_cooja/mtype434.a(list.o)
 .debug_info    0x0000000000009210      0x1aa obj_cooja/mtype434.a(ringbuf.o)
 .debug_info    0x00000000000093ba     0x105d obj_cooja/mtype434.a(sicslowpan.o)
 .debug_info    0x000000000000a417      0x8c7 obj_cooja/mtype434.a(uip-ds6-nbr.o)
 .debug_info    0x000000000000acde      0xd30 obj_cooja/mtype434.a(uip-ds6-route.o)
 .debug_info    0x000000000000ba0e      0xc19 obj_cooja/mtype434.a(uip-ds6.o)
 .debug_info    0x000000000000c627      0xea0 obj_cooja/mtype434.a(uip6.o)
 .debug_info    0x000000000000d4c7     0x14b3 obj_cooja/mtype434.a(tcpip.o)
 .debug_info    0x000000000000e97a      0x1b5 obj_cooja/mtype434.a(uip-debug.o)
 .debug_info    0x000000000000eb2f      0x470 obj_cooja/mtype434.a(uip-packetqueue)
 .debug_info    0x000000000000ef9f      0x37a obj_cooja/mtype434.a(uip-udp-packet.)
 .debug_info    0x000000000000f319     0x18f4 obj_cooja/mtype434.a(rpl-dag.o)
 .debug_info    0x0000000000010c0d      0xe2b obj_cooja/mtype434.a(rpl-ext-header.)
 .debug_info    0x0000000000011a38     0x1746 obj_cooja/mtype434.a(rpl-icmp6.o)
 .debug_info    0x000000000001317e      0xacc obj_cooja/mtype434.a(rpl-mrhof.o)
 .debug_info    0x0000000000013c4a      0xbeb obj_cooja/mtype434.a(rpl-timers.o)
 .debug_info    0x0000000000014835      0xcde obj_cooja/mtype434.a(rpl.o)
 .debug_info    0x0000000000015513      0x198 obj_cooja/mtype434.a(linkaddr.o)
 .debug_info    0x00000000000156ab      0x9c3 obj_cooja/mtype434.a(nbr-table.o)
 .debug_info    0x000000000001606e      0x4b9 obj_cooja/mtype434.a(netstack.o)
 .debug_info    0x0000000000016527      0x478 obj_cooja/mtype434.a(packetbuf.o)
 .debug_info    0x000000000001699f      0x57d obj_cooja/mtype434.a(queuebuf.o)
 .debug_info    0x0000000000016f1c      0xbff obj_cooja/mtype434.a(csma.o)
 .debug_info    0x0000000000017b1b      0x5ed obj_cooja/mtype434.a(framer-802154.o)
 .debug_info    0x0000000000018108      0x112 obj_cooja/mtype434.a(mac.o)
 .debug_info    0x000000000001821a      0xc8e obj_cooja/mtype434.a(nullrdc.o)
 .debug_info    0x0000000000018ea8      0x3b7 obj_cooja/mtype434.a(nullsec.o)
 .debug_info    0x000000000001925f       0x7b obj_cooja/mtype434.a(watchdog.o)
 .debug_info    0x00000000000192da      0x119 obj_cooja/mtype434.a(rimestats.o)
 .debug_info    0x00000000000193f3      0x1d7 obj_cooja/mtype434.a(memb.o)
 .debug_info    0x00000000000195ca      0x784 obj_cooja/mtype434.a(uip-icmp6.o)
 .debug_info    0x0000000000019d4e      0x331 obj_cooja/mtype434.a(uip-nd6.o)
 .debug_info    0x000000000001a07f      0xda2 obj_cooja/mtype434.a(rpl-nbr-policy.)
 .debug_info    0x000000000001ae21      0x6b4 obj_cooja/mtype434.a(frame802154.o)
 .debug_info    0x000000000001b4d5      0x297 obj_cooja/mtype434.a(mac-sequence.o)

.debug_abbrev   0x0000000000000000     0x67a5
 *(.debug_abbrev)
 .debug_abbrev  0x0000000000000000      0x1c0 udp-client.co
 .debug_abbrev  0x00000000000001c0      0x2b3 obj_cooja/mtype434.o
 .debug_abbrev  0x0000000000000473       0xc3 obj_cooja/mtype434.a(simEnvChange.o)
 .debug_abbrev  0x0000000000000536       0xe6 obj_cooja/mtype434.a(cooja_mt.o)
 .debug_abbrev  0x000000000000061c      0x147 obj_cooja/mtype434.a(cooja_mtarch.o)
 .debug_abbrev  0x0000000000000763       0xcc obj_cooja/mtype434.a(rtimer-arch.o)
 .debug_abbrev  0x000000000000082f       0xe3 obj_cooja/mtype434.a(beep.o)