Archive member included to satisfy reference by file (symbol)

obj_cooja/mtype641.a(simEnvChange.o)
                              obj_cooja/mtype641.o (simDontFallAsleep)
obj_cooja/mtype641.a(cooja_mt.o)
                              obj_cooja/mtype641.o (cooja_mt_start)
obj_cooja/mtype641.a(cooja_mtarch.o)
                              obj_cooja/mtype641.a(cooja_mt.o) (cooja_mtarch_init)
obj_cooja/mtype641.a(rtimer-arch.o)
                              obj_cooja/mtype641.o (rtimer_arch_next)
obj_cooja/mtype641.a(beep.o)  obj_cooja/mtype641.o (beep_interface)
obj_cooja/mtype641.a(button-sensor.o)
                              obj_cooja/mtype641.o (button_interface)
obj_cooja/mtype641.a(leds-arch.o)
                              obj_cooja/mtype641.o (leds_interface)
obj_cooja/mtype641.a(moteid.o)
                              obj_cooja/mtype641.o (moteid_interface)
obj_cooja/mtype641.a(pir-sensor.o)
                              obj_cooja/mtype641.o (pir_interface)
obj_cooja/mtype641.a(rs232.o)
                              obj_cooja/mtype641.o (rs232_interface)
obj_cooja/mtype641.a(vib-sensor.o)
                              obj_cooja/mtype641.o (vib_interface)
obj_cooja/mtype641.a(clock.o)
                              obj_cooja/mtype641.o (clock_interface)
obj_cooja/mtype641.a(log.o)   obj_cooja/mtype641.o (simlog_interface)
obj_cooja/mtype641.a(cfs-cooja.o)
                              obj_cooja/mtype641.o (cfs_interface)
obj_cooja/mtype641.a(cooja-radio.o)
                              obj_cooja/mtype641.o (radio_interface)
obj_cooja/mtype641.a(eeprom.o)
                              obj_cooja/mtype641.o (eeprom_interface)
obj_cooja/mtype641.a(random.o)
                              obj_cooja/mtype641.a(moteid.o) (random_init)
obj_cooja/mtype641.a(sensors.o)
                              udp-server.co (sensors_event)
obj_cooja/mtype641.a(dual_conf.o)
                              obj_cooja/mtype641.a(cooja-radio.o) (long_range_radio)
obj_cooja/mtype641.a(autostart.o)
                              obj_cooja/mtype641.o (autostart_start)
obj_cooja/mtype641.a(ctimer.o)
                              obj_cooja/mtype641.o (ctimer_init)
obj_cooja/mtype641.a(etimer.o)
                              obj_cooja/mtype641.o (etimer_process)
obj_cooja/mtype641.a(process.o)
                              udp-server.co (process_current)
obj_cooja/mtype641.a(rtimer.o)
                              obj_cooja/mtype641.a(rtimer-arch.o) (rtimer_run_next)
obj_cooja/mtype641.a(timer.o)
                              obj_cooja/mtype641.a(button-sensor.o) (timer_set)
obj_cooja/mtype641.a(serial-line.o)
                              obj_cooja/mtype641.a(rs232.o) (serial_line_input_byte)
obj_cooja/mtype641.a(list.o)  obj_cooja/mtype641.a(ctimer.o) (list_init)
obj_cooja/mtype641.a(ringbuf.o)
                              obj_cooja/mtype641.a(serial-line.o) (ringbuf_init)
obj_cooja/mtype641.a(sicslowpan.o)
                              obj_cooja/mtype641.o (sicslowpan_driver)
obj_cooja/mtype641.a(uip-ds6-nbr.o)
                              obj_cooja/mtype641.a(sicslowpan.o) (uip_ds6_link_neighbor_callback)
obj_cooja/mtype641.a(uip-ds6.o)
                              udp-server.co (uip_ds6_if)
obj_cooja/mtype641.a(uip6.o)  obj_cooja/mtype641.o (uip_lladdr)
obj_cooja/mtype641.a(tcpip.o)
                              udp-server.co (tcpip_event)
obj_cooja/mtype641.a(uip-debug.o)
                              udp-server.co (uip_debug_ipaddr_print)
obj_cooja/mtype641.a(uip-packetqueue)
                              obj_cooja/mtype641.a(uip-ds6-nbr.o) (uip_packetqueue_new)
obj_cooja/mtype641.a(rpl-dag.o)
                              udp-server.co (rpl_set_root)
obj_cooja/mtype641.a(rpl-ext-header.)
                              obj_cooja/mtype641.a(uip6.o) (rpl_verify_header)
obj_cooja/mtype641.a(rpl-icmp6.o)
                              obj_cooja/mtype641.a(rpl-dag.o) (rpl_icmp6_update_nbr_table)
obj_cooja/mtype641.a(rpl-mrhof.o)
                              obj_cooja/mtype641.a(rpl-dag.o) (rpl_mrhof)
obj_cooja/mtype641.a(rpl-timers.o)
                              obj_cooja/mtype641.a(rpl-dag.o) (rpl_reset_dio_timer)
obj_cooja/mtype641.a(rpl.o)   obj_cooja/mtype641.a(rpl-icmp6.o) (rpl_get_mode)
obj_cooja/mtype641.a(linkaddr.o)
                              obj_cooja/mtype641.o (linkaddr_node_addr)
obj_cooja/mtype641.a(nbr-table.o)
                              obj_cooja/mtype641.a(uip-ds6-nbr.o) (lladdr_map_add_lladdr)
obj_cooja/mtype641.a(netstack.o)
                              obj_cooja/mtype641.o (netstack_init)
obj_cooja/mtype641.a(packetbuf.o)
                              obj_cooja/mtype641.a(cooja-radio.o) (packetbuf_attrs)
obj_cooja/mtype641.a(queuebuf.o)
                              obj_cooja/mtype641.o (queuebuf_init)
obj_cooja/mtype641.a(csma.o)  udp-server.co (csma_driver)
obj_cooja/mtype641.a(framer-802154.o)
                              obj_cooja/mtype641.a(sicslowpan.o) (framer_802154)
[...]
Memory Configuration

Name             Origin             Length             Attributes
*default*        0x0000000000000000 0xffffffffffffffff

Linker script and memory map

LOAD /usr/lib/gcc/i686-linux-gnu/4.8/../../../i386-linux-gnu/crti.o
LOAD /usr/lib/gcc/i686-linux-gnu/4.8/crtbeginS.o
LOAD udp-server.co
LOAD obj_cooja/mtype641.o
LOAD obj_cooja/mtype641.a
LOAD /usr/lib/gcc/i686-linux-gnu/4.8/libgcc.a
LOAD /usr/lib/gcc/i686-linux-gnu/4.8/libgcc_s.so
LOAD /usr/lib/gcc/i686-linux-gnu/4.8/../../../i386-linux-gnu/libc.so
START GROUP
LOAD /lib/i386-linux-gnu/libc.so.6
LOAD /usr/lib/i386-linux-gnu/libc_nonshared.a
LOAD /lib/i386-linux-gnu/ld-linux.so.2
END GROUP
LOAD /usr/lib/gcc/i686-linux-gnu/4.8/libgcc.a
LOAD /usr/lib/gcc/i686-linux-gnu/4.8/libgcc_s.so
LOAD /usr/lib/gcc/i686-linux-gnu/4.8/crtendS.o
LOAD /usr/lib/gcc/i686-linux-gnu/4.8/../../../i386-linux-gnu/crtn.o
                0x0000000000000114                . = (0x0 + SIZEOF_HEADERS)

.note.gnu.build-id
                0x0000000000000114       0x24
 *(.note.gnu.build-id)
 .note.gnu.build-id
                0x0000000000000114       0x24 /usr/lib/gcc/i686-linux-gnu/4.8/../../../i386-linux-gnu/crti.o

.hash
 *(.hash)

.gnu.hash       0x0000000000000138     0x1294
 *(.gnu.hash)
 .gnu.hash      0x0000000000000138     0x1294 /usr/lib/gcc/i686-linux-gnu/4.8/../../../i386-linux-gnu/crti.o

.dynsym         0x00000000000013cc     0x2280
 *(.dynsym)
 .dynsym        0x00000000000013cc     0x2280 /usr/lib/gcc/i686-linux-gnu/4.8/../../../i386-linux-gnu/crti.o

.dynstr         0x000000000000364c     0x23c1
 *(.dynstr)
 .dynstr        0x000000000000364c     0x23c1 /usr/lib/gcc/i686-linux-gnu/4.8/../../../i386-linux-gnu/crti.o

.gnu.version    0x0000000000005a0e      0x450
 *(.gnu.version)
 .gnu.version   0x0000000000005a0e      0x450 /usr/lib/gcc/i686-linux-gnu/4.8/../../../i386-linux-gnu/crti.o

.gnu.version_d  0x0000000000005e60        0x0
 *(.gnu.version_d)
 .gnu.version_d
                0x0000000000000000        0x0 /usr/lib/gcc/i686-linux-gnu/4.8/../../../i386-linux-gnu/crti.o

.gnu.version_r  0x0000000000005e60       0x40
 *(.gnu.version_r)
 .gnu.version_r
                0x0000000000005e60       0x40 /usr/lib/gcc/i686-linux-gnu/4.8/../../../i386-linux-gnu/crti.o

.rel.dyn        0x0000000000005ea0     0x9700
 *(.rel.init)
 .rel.init      0x0000000000000000        0x0 /usr/lib/gcc/i686-linux-gnu/4.8/../../../i386-linux-gnu/crti.o
 *(.rel.text .rel.text.* .rel.gnu.linkonce.t.*)
 .rel.text      0x0000000000005ea0     0x8f60 /usr/lib/gcc/i686-linux-gnu/4.8/../../../i386-linux-gnu/crti.o
 *(.rel.fini)
 .rel.fini      0x0000000000000000        0x0 /usr/lib/gcc/i686-linux-gnu/4.8/../../../i386-linux-gnu/crti.o
 *(.rel.rodata .rel.rodata.* .rel.gnu.linkonce.r.*)
 .rel.rodata    0x000000000000ee00      0x4e0 /usr/lib/gcc/i686-linux-gnu/4.8/../../../i386-linux-gnu/crti.o
 *(.rel.data.rel.ro .rel.data.rel.ro.* .rel.gnu.linkonce.d.rel.ro.*)
 *(.rel.data .rel.data.* .rel.gnu.linkonce.d.*)
 .rel.data.rel  0x000000000000f2e0        0x8 /usr/lib/gcc/i686-linux-gnu/4.8/../../../i386-linux-gnu/crti.o
 .rel.data      0x000000000000f2e8      0x280 /usr/lib/gcc/i686-linux-gnu/4.8/../../../i386-linux-gnu/crti.o
 *(.rel.tdata .rel.tdata.* .rel.gnu.linkonce.td.*)
 *(.rel.tbss .rel.tbss.* .rel.gnu.linkonce.tb.*)
 *(.rel.ctors)
 *(.rel.dtors)
 *(.rel.got)
 .rel.got       0x000000000000f568       0x28 /usr/lib/gcc/i686-linux-gnu/4.8/../../../i386-linux-gnu/crti.o
 *(.rel.bss .rel.bss.* .rel.gnu.linkonce.b.*)
 *(.rel.ifunc)
 .rel.ifunc     0x0000000000000000        0x0 /usr/lib/gcc/i686-linux-gnu/4.8/../../../i386-linux-gnu/crti.o
 .rel.fini_array
                0x000000000000f590        0x8 /usr/lib/gcc/i686-linux-gnu/4.8/../../../i386-linux-gnu/crti.o
 .rel.init_array
                0x000000000000f598        0x8 /usr/lib/gcc/i686-linux-gnu/4.8/../../../i386-linux-gnu/crti.o

.rel.plt        0x000000000000f5a0       0x10
 *(.rel.plt)
 .rel.plt       0x000000000000f5a0       0x10 /usr/lib/gcc/i686-linux-gnu/4.8/../../../i386-linux-gnu/crti.o
 *(.rel.iplt)

.init           0x000000000000f5b0       0x23
 *(SORT(.init))
 .init          0x000000000000f5b0       0x1e /usr/lib/gcc/i686-linux-gnu/4.8/../../../i386-linux-gnu/crti.o
                0x000000000000f5b0                _init
 .init          0x000000000000f5ce        0x5 /usr/lib/gcc/i686-linux-gnu/4.8/../../../i386-linux-gnu/crtn.o

.plt            0x000000000000f5e0       0x30
 *(.plt)
 .plt           0x000000000000f5e0       0x30 /usr/lib/gcc/i686-linux-gnu/4.8/../../../i386-linux-gnu/crti.o
 *(.iplt)

.text           0x000000000000f610    0x163a5
 *(.text.unlikely .text.*_unlikely .text.unlikely.*)
 *(.text.exit .text.exit.*)
 *(.text.startup .text.startup.*)
 *(.text.hot .text.hot.*)
 *(.text .stub .text.* .gnu.linkonce.t.*)
 .text          0x000000000000f610        0x0 /usr/lib/gcc/i686-linux-gnu/4.8/../../../i386-linux-gnu/crti.o
 .gnu.linkonce.t.__x86.get_pc_thunk.bx
                0x000000000000f610        0x4 /usr/lib/gcc/i686-linux-gnu/4.8/../../../i386-linux-gnu/crti.o
                0x000000000000f610                __x86.get_pc_thunk.bx
 *fill*         0x000000000000f614        0xc 
 .text          0x000000000000f620      0x11b /usr/lib/gcc/i686-linux-gnu/4.8/crtbeginS.o
 .text          0x000000000000f73b      0x3e4 udp-server.co
 .text          0x000000000000fb1f      0x944 obj_cooja/mtype641.o
                0x000000000000fccd                contiki_init
                0x000000000001027a                Java_org_contikios_cooja_corecomm_Lib45_init
                0x00000000000102ba                Java_org_contikios_cooja_corecomm_Lib45_getMemory
                0x00000000000102fa                Java_org_contikios_cooja_corecomm_Lib45_setMemory
                0x0000000000010371                Java_org_contikios_cooja_corecomm_Lib45_tick
                0x0000000000010451                Java_org_contikios_cooja_corecomm_Lib45_setReferenceAddress
 .text          0x0000000000010463       0x63 obj_cooja/mtype641.a(simEnvChange.o)
                0x0000000000010463                doActionsBeforeTick
                0x0000000000010494                doActionsAfterTick
 .text          0x00000000000104c6       0xbc obj_cooja/mtype641.a(cooja_mt.o)
                0x00000000000104c6                cooja_mt_init
                0x00000000000104d3                cooja_mt_remove
                0x00000000000104e0                cooja_mt_start
                0x000000000001050d                cooja_mt_exec
                0x000000000001053e                cooja_mt_exit
                0x0000000000010560                cooja_mt_yield
 .text          0x0000000000010582      0x115 obj_cooja/mtype641.a(cooja_mtarch.o)
                0x0000000000010582                cooja_mtarch_init
                0x0000000000010587                cooja_mtarch_start
                0x0000000000010602                cooja_sw
                0x0000000000010624                cooja_mtarch_exec
                0x0000000000010640                cooja_mtarch_remove
                0x0000000000010645                cooja_mtarch_yield
                0x000000000001064f                cooja_mtarch_pstop
                0x0000000000010654                cooja_mtarch_pstart
                0x0000000000010659                cooja_mtarch_stack_usage
 .text          0x0000000000010697       0xc2 obj_cooja/mtype641.a(rtimer-arch.o)
                0x0000000000010697                rtimer_arch_init
                0x00000000000106ba                rtimer_arch_schedule
                0x00000000000106d1                rtimer_arch_next
                0x00000000000106db                rtimer_arch_pending
                0x00000000000106e5                rtimer_arch_check
                0x0000000000010717                rtimer_arch_now
 .text          0x0000000000010759       0x76 obj_cooja/mtype641.a(beep.o)
                0x0000000000010759                beep_alarm
                0x0000000000010765                beep_beep
                0x0000000000010771                beep
                0x000000000001077d                beep_down
                0x0000000000010789                beep_on
                0x0000000000010795                beep_off
                0x00000000000107a1                beep_spinup
                0x00000000000107ad                beep_quick
                0x00000000000107b9                beep_long
 .text          0x00000000000107cf      0x103 obj_cooja/mtype641.a(button-sensor.o)
 .text          0x00000000000108d2       0x45 obj_cooja/mtype641.a(leds-arch.o)
                0x00000000000108d2                leds_arch_init
                0x00000000000108de                leds_arch_get
                0x00000000000108ea                leds_arch_set
 .text          0x0000000000010917       0x2f obj_cooja/mtype641.a(moteid.o)
 .text          0x0000000000010946       0xb1 obj_cooja/mtype641.a(pir-sensor.o)
 .text          0x00000000000109f7      0x131 obj_cooja/mtype641.a(rs232.o)
                0x00000000000109f7                rs232_init
                0x00000000000109fc                rs232_set_speed
                0x0000000000010a0a                rs232_set_input
                0x0000000000010a17                rs232_send
                0x0000000000010a39                rs232_print
                0x0000000000010a54                slip_arch_writeb
 .text          0x0000000000010b28       0xb1 obj_cooja/mtype641.a(vib-sensor.o)
 .text          0x0000000000010bd9       0x34 obj_cooja/mtype641.a(clock.o)
                0x0000000000010bd9                clock_init
                0x0000000000010bde                clock_time
                0x0000000000010be8                clock_seconds
                0x0000000000010bfe                clock_delay
 .text          0x0000000000010c0d      0x1ed obj_cooja/mtype641.a(log.o)
                0x0000000000010c0d                simlog_char
                0x0000000000010c4f                simlog
                0x0000000000010cbc                log_message
                0x0000000000010ce4                log_set_putchar_with_slip
                0x0000000000010cf1                log_putchar
                0x0000000000010d75                log_puts
                0x0000000000010d99                log_printf
 .text          0x0000000000010dfa      0x2c4 obj_cooja/mtype641.a(cfs-cooja.o)
                0x0000000000010dfa                cfs_open
                0x0000000000010e63                cfs_close
                0x0000000000010e6f                cfs_read
                0x0000000000010f0d                cfs_write
                0x0000000000010fea                cfs_seek
                0x0000000000011072                cfs_remove
                0x000000000001109b                cfs_opendir
                0x00000000000110a5                cfs_readdir
                0x00000000000110af                cfs_closedir
 .text          0x00000000000110be      0x541 obj_cooja/mtype641.a(cooja-radio.o)
                0x00000000000110e8                radio_set_channel
                0x00000000000110fd                radio_set_txpower
                0x0000000000011114                radio_signal_strength_last
                0x000000000001111e                radio_signal_strength_current
                0x0000000000011128                radio_LQI
 .text          0x00000000000115ff       0xef obj_cooja/mtype641.a(eeprom.o)
                0x00000000000115ff                eeprom_init
                0x0000000000011604                eeprom_read
                0x0000000000011674                eeprom_write
 .text          0x00000000000116ee       0x28 obj_cooja/mtype641.a(random.o)
                0x00000000000116ee                random_init
                0x0000000000011709                random_rand
 .text          0x0000000000011716      0x2a1 obj_cooja/mtype641.a(sensors.o)
                0x0000000000011751                sensors_first
                0x000000000001175b                sensors_next
                0x0000000000011778                sensors_changed
                0x00000000000117a7                sensors_find
 .text          0x00000000000119b7      0x308 obj_cooja/mtype641.a(dual_conf.o)
                0x00000000000119b7                dual_radio_switch
                0x0000000000011a12                dual_radio_change
                0x0000000000011a4c                sending_in_LR
                0x0000000000011a77                dual_radio_received
                0x0000000000011aca                radio_received_is_longrange
                0x0000000000011c75                dio_broadcast
                0x0000000000011c9e                dis_broadcast
 .text          0x0000000000011cbf       0x8e obj_cooja/mtype641.a(autostart.o)
                0x0000000000011cbf                autostart_start
                0x0000000000011d0a                autostart_exit
 .text          0x0000000000011d4d      0x334 obj_cooja/mtype641.a(ctimer.o)
                0x0000000000011e64                ctimer_init
                0x0000000000011e94                ctimer_set
                0x0000000000011ec5                ctimer_set_with_process
                0x0000000000011f41                ctimer_reset
                0x0000000000011f90                ctimer_restart
                0x0000000000011fdf                ctimer_stop
                0x000000000001202a                ctimer_expired
 .text          0x0000000000012081      0x40b obj_cooja/mtype641.a(etimer.o)
                0x0000000000012294                etimer_request_poll
                0x0000000000012318                etimer_set
                0x000000000001233d                etimer_reset_with_new_interval
                0x0000000000012364                etimer_reset
                0x0000000000012382                etimer_restart
                0x00000000000123a0                etimer_adjust
                0x00000000000123bc                etimer_expired
                0x00000000000123cf                etimer_expiration_time
                0x00000000000123e1                etimer_start_time
                0x00000000000123eb                etimer_pending
                0x00000000000123fd                etimer_next_expiration_time
                0x0000000000012417                etimer_stop
 .text          0x000000000001248c      0x560 obj_cooja/mtype641.a(process.o)
                0x000000000001248c                process_alloc_event
                0x00000000000124a1                process_start
                0x000000000001268a                process_exit
                0x00000000000126a6                process_init
                0x0000000000012877                process_run
                0x00000000000128aa                process_nevents
                0x00000000000128c5                process_post
                0x0000000000012971                process_post_synch
                0x00000000000129a9                process_poll
                0x00000000000129d8                process_is_running
 .text          0x00000000000129ec       0xba obj_cooja/mtype641.a(rtimer.o)
                0x00000000000129ec                rtimer_init
                0x00000000000129f9                rtimer_set
                0x0000000000012a50                rtimer_run_next
 .text          0x0000000000012aa6       0x91 obj_cooja/mtype641.a(timer.o)
                0x0000000000012aa6                timer_set
                0x0000000000012ac1                timer_reset
                0x0000000000012ad8                timer_restart
                0x0000000000012aea                timer_expired
                0x0000000000012b13                timer_remaining
 .text          0x0000000000012b37      0x1fb obj_cooja/mtype641.a(serial-line.o)
                0x0000000000012b37                serial_line_input_byte
                0x0000000000012cfa                serial_line_init
 .text          0x0000000000012d32      0x244 obj_cooja/mtype641.a(list.o)
                0x0000000000012d32                list_init
                0x0000000000012d40                list_head
                0x0000000000012d4a                list_copy
                0x0000000000012d59                list_tail
                0x0000000000012d8f                list_add
                0x0000000000012dd8                list_push
                0x0000000000012e04                list_chop
                0x0000000000012e6e                list_pop
                0x0000000000012e96                list_remove
                0x0000000000012efd                list_length
                0x0000000000012f2b                list_insert
                0x0000000000012f5f                list_item_next
 .text          0x0000000000012f76      0x155 obj_cooja/mtype641.a(ringbuf.o)
                0x0000000000012f76                ringbuf_init
                0x0000000000012fa7                ringbuf_put
                0x0000000000013025                ringbuf_get
                0x0000000000013092                ringbuf_size
                0x00000000000130a4                ringbuf_elements
 .text          0x00000000000130cb     0x258b obj_cooja/mtype641.a(sicslowpan.o)
                0x0000000000013655                rime_sniffer_add
                0x0000000000013662                rime_sniffer_remove
                0x00000000000155f5                sicslowpan_init
                0x000000000001564c                sicslowpan_get_last_rssi
 .text          0x0000000000015656      0x2ab obj_cooja/mtype641.a(uip-ds6-nbr.o)
                0x0000000000015673                uip_ds6_neighbors_init
                0x0000000000015690                uip_ds6_nbr_add
                0x000000000001572b                uip_ds6_nbr_rm
                0x000000000001576d                uip_ds6_nbr_get_ipaddr
                0x0000000000015782                uip_ds6_nbr_get_ll
                0x000000000001579e                uip_ds6_nbr_num
                0x00000000000157e3                uip_ds6_nbr_lookup
                0x0000000000015848                uip_ds6_nbr_ll_lookup
                0x0000000000015864                uip_ds6_nbr_ipaddr_from_lladdr
                0x000000000001588a                uip_ds6_nbr_lladdr_from_ipaddr
                0x00000000000158b8                uip_ds6_link_neighbor_callback
 .text          0x0000000000015901     0x12ad obj_cooja/mtype641.a(uip-ds6.o)
                0x0000000000015901                uip_ds6_init
                0x0000000000015c56                uip_ds6_periodic
                0x0000000000015d2e                uip_ds6_list_loop
                0x0000000000015dd5                uip_ds6_prefix_add
                0x0000000000015e93                uip_ds6_prefix_rm
                0x0000000000015ea5                uip_ds6_prefix_lookup
                0x0000000000015ef6                uip_ds6_is_addr_onlink
                0x0000000000015f6a                uip_ds6_addr_add
                0x0000000000016098                uip_ds6_long_addr_add
                0x00000000000161c6                uip_ds6_addr_rm
                0x0000000000016266                uip_ds6_addr_lookup
                0x00000000000162b1                uip_ds6_long_addr_lookup
                0x00000000000162fc                uip_ds6_get_link_local
                0x000000000001637b                uip_ds6_long_get_link_local
                0x00000000000163fa                uip_ds6_get_global
                0x0000000000016479                uip_ds6_long_get_global
                0x00000000000164f8                uip_ds6_maddr_add
                0x000000000001656a                uip_ds6_long_maddr_add
                0x00000000000165dc                uip_ds6_maddr_rm
                0x00000000000165ee                uip_ds6_maddr_lookup
                0x0000000000016639                uip_ds6_long_maddr_lookup
                0x0000000000016684                uip_ds6_aaddr_add
                0x00000000000166f6                uip_ds6_long_aaddr_add
                0x0000000000016768                uip_ds6_aaddr_rm
                0x000000000001677a                uip_ds6_aaddr_lookup
                0x00000000000167c5                uip_ds6_long_aaddr_lookup
                0x0000000000016810                uip_ds6_select_src
                0x0000000000016a99                uip_ds6_set_addr_iid
                0x0000000000016ad0                get_match_length
                0x0000000000016b62                uip_ds6_compute_reachable_time
 .text          0x0000000000016bae     0x2a14 obj_cooja/mtype641.a(uip6.o)
                0x0000000000016bae                uip_add32
                0x0000000000016d47                uip_chksum
                0x0000000000016e35                uip_icmp6chksum
                0x0000000000016e49                uip_tcpchksum
                0x0000000000016e5d                uip_udpchksum
                0x0000000000016e71                uip_init
                0x0000000000016f41                uip_connect
                0x00000000000170f0                remove_ext_hdr
                0x00000000000171c5                uip_udp_new
                0x0000000000017321                uip_unlisten
                0x0000000000017381                uip_listen
                0x0000000000017643                uip_process
                0x00000000000194b6                uip_htons
                0x00000000000194d8                uip_htonl
                0x0000000000019518                uip_send
 .text          0x00000000000195c2      0x9fb obj_cooja/mtype641.a(tcpip.o)
                0x00000000000195c2                tcpip_output
                0x00000000000195f0                tcpip_set_outputfunc
                0x0000000000019684                tcp_connect
                0x00000000000196d9                tcp_unlisten
                0x0000000000019734                tcp_listen
                0x000000000001978d                tcp_attach
                0x00000000000197b2                udp_attach
                0x00000000000197d7                udp_new
                0x0000000000019829                udp_broadcast_new
                0x0000000000019a9d                tcpip_input
                0x0000000000019ad1                tcpip_ipv6_output
                0x0000000000019e03                tcpip_poll_udp
                0x0000000000019e26                tcpip_poll_tcp
                0x0000000000019e49                tcpip_uipcall
 .text          0x0000000000019fbd      0x1c1 obj_cooja/mtype641.a(uip-debug.o)
                0x0000000000019fbd                uip_debug_ipaddr_print
                0x000000000001a11f                uip_debug_lladdr_print
 .text          0x000000000001a17e      0x141 obj_cooja/mtype641.a(uip-packetqueue)
                0x000000000001a1aa                uip_packetqueue_new
                0x000000000001a1b8                uip_packetqueue_alloc
                0x000000000001a218                uip_packetqueue_free
                0x000000000001a259                uip_packetqueue_buf
                0x000000000001a276                uip_packetqueue_buflen
                0x000000000001a297                uip_packetqueue_set_buflen
 .text          0x000000000001a2bf     0x2ce0 obj_cooja/mtype641.a(rpl-dag.o)
                0x000000000001a2bf                rpl_print_neighbor_list
                0x000000000001a494                rpl_get_nbr
                0x000000000001a4ee                rpl_dag_init
                0x000000000001a50b                rpl_get_parent
                0x000000000001a52d                rpl_get_parent_rank
                0x000000000001a560                rpl_get_parent_link_metric
                0x000000000001a593                rpl_get_parent_ipaddr
                0x000000000001a93f                rpl_set_root
                0x000000000001abb3                rpl_repair_root
                0x000000000001ae62                rpl_set_prefix
                0x000000000001af85                rpl_set_default_route
                0x000000000001b07a                rpl_alloc_instance
                0x000000000001b10d                rpl_alloc_dag
                0x000000000001b1be                rpl_set_default_instance
                0x000000000001b1cb                rpl_get_default_instance
                0x000000000001b1d5                rpl_free_instance
                0x000000000001b2a1                rpl_free_dag
                0x000000000001b32a                rpl_add_parent
                0x000000000001b43c                rpl_find_parent
                0x000000000001b494                rpl_find_parent_any_dag
                0x000000000001b4d0                rpl_select_dag
                0x000000000001b8ed                rpl_select_parent
                0x000000000001b94f                rpl_remove_parent
                0x000000000001b9a1                rpl_nullify_parent
                0x000000000001ba9d                rpl_move_parent
                0x000000000001bba8                rpl_has_downward_route
                0x000000000001bbfb                rpl_get_any_dag
                0x000000000001bc5d                rpl_get_instance
                0x000000000001bcc0                rpl_find_of
                0x000000000001bcfd                rpl_join_instance
                0x000000000001c034                rpl_add_dag
                0x000000000001c505                rpl_local_repair
                0x000000000001c5e1                rpl_recalculate_ranks
                0x000000000001c68a                rpl_process_parent_event
                0x000000000001c8a0                rpl_process_dio
 .text          0x000000000001cf9f      0xbf3 obj_cooja/mtype641.a(rpl-ext-header.)
                0x000000000001cfbc                rpl_verify_header
                0x000000000001d436                rpl_update_header_empty
                0x000000000001d74d                rpl_update_header_final
                0x000000000001d8dc                rpl_remove_header
                0x000000000001d9e6                rpl_invert_header
                0x000000000001db70                rpl_insert_header
 .text          0x000000000001db92     0x22c2 obj_cooja/mtype641.a(rpl-icmp6.o)
                0x000000000001ddf1                rpl_icmp6_update_nbr_table
                0x000000000001dfeb                dis_output
                0x000000000001e912                dio_output
                0x000000000001f99b                dao_output
                0x000000000001fa62                dao_output_target
                0x000000000001fe08                dao_ack_output
                0x000000000001fe1c                rpl_icmp6_register_handlers
 .text          0x000000000001fe54      0x315 obj_cooja/mtype641.a(rpl-mrhof.o)
 .text          0x0000000000020169      0x909 obj_cooja/mtype641.a(rpl-timers.o)
                0x0000000000020455                rpl_reset_periodic_timer
                0x00000000000204aa                rpl_reset_dio_timer
                0x0000000000020742                rpl_schedule_dao
                0x000000000002075d                rpl_schedule_dao_immediately
                0x0000000000020778                rpl_cancel_dao
                0x00000000000207da                rpl_schedule_unicast_dio_immediately
                0x0000000000020a1a                rpl_schedule_probing
 .text          0x0000000000020a72      0x6e0 obj_cooja/mtype641.a(rpl.o)
                0x0000000000020a72                rpl_get_mode
                0x0000000000020a7c                rpl_set_mode
                0x0000000000020b40                rpl_purge_routes
                0x0000000000020c6f                rpl_remove_routes
                0x0000000000020cb5                rpl_remove_routes_by_nexthop
                0x0000000000020d21                rpl_add_route
                0x0000000000020dec                rpl_link_neighbor_callback
                0x0000000000020f00                rpl_ipv6_neighbor_callback
                0x0000000000020fac                rpl_purge_dags
                0x00000000000210c0                rpl_init
 .text          0x0000000000021152       0x82 obj_cooja/mtype641.a(linkaddr.o)
                0x0000000000021152                linkaddr_copy
                0x0000000000021174                linkaddr_cmp
                0x000000000002119e                linkaddr_set_node_addr
                0x00000000000211b9                linkaddr_set_node_long_addr
 .text          0x00000000000211d4      0x7f9 obj_cooja/mtype641.a(nbr-table.o)
                0x00000000000211d4                lladdr_map_add_lladdr
                0x00000000000216c3                nbr_table_register
                0x000000000002170b                nbr_table_head
                0x0000000000021767                nbr_table_next
                0x00000000000217ce                nbr_table_add_lladdr
                0x00000000000218aa                nbr_table_get_from_lladdr
                0x00000000000218f7                nbr_table_remove
                0x0000000000021949                nbr_table_lock
                0x0000000000021973                nbr_table_unlock
                0x000000000002199d                nbr_table_get_lladdr
 .text          0x00000000000219cd       0x2b obj_cooja/mtype641.a(netstack.o)
                0x00000000000219cd                netstack_init
 .text          0x00000000000219f8      0x3cd obj_cooja/mtype641.a(packetbuf.o)
                0x00000000000219f8                packetbuf_clear
                0x0000000000021a22                packetbuf_copyfrom
                0x0000000000021a74                packetbuf_compact
                0x0000000000021af1                packetbuf_copyto
                0x0000000000021b88                packetbuf_hdralloc
                0x0000000000021c05                packetbuf_hdrreduce
                0x0000000000021c4d                packetbuf_set_datalen
                0x0000000000021c66                packetbuf_dataptr
                0x0000000000021c83                packetbuf_hdrptr
                0x0000000000021c8d                packetbuf_datalen
                0x0000000000021c99                packetbuf_hdrlen
                0x0000000000021cb0                packetbuf_totlen
                0x0000000000021cc6                packetbuf_attr_clear
                0x0000000000021d18                packetbuf_attr_copyto
                0x0000000000021d61                packetbuf_attr_copyfrom
                0x0000000000021da9                packetbuf_holds_broadcast
 .text          0x0000000000021dc5      0x2b4 obj_cooja/mtype641.a(queuebuf.o)
                0x0000000000021dcf                queuebuf_init
                0x0000000000021def                queuebuf_numfree
                0x0000000000021e03                queuebuf_new_from_packetbuf
                0x0000000000021e93                queuebuf_update_attr_from_packetbuf
                0x0000000000021ec6                queuebuf_update_from_packetbuf
                0x0000000000021f10                queuebuf_free
                0x0000000000021f57                queuebuf_to_packetbuf
                0x0000000000021fbd                queuebuf_dataptr
                0x0000000000021ff4                queuebuf_datalen
                0x0000000000022017                queuebuf_addr
                0x0000000000022049                queuebuf_attr
                0x0000000000022074                queuebuf_debug_print
 .text          0x0000000000022079      0x831 obj_cooja/mtype641.a(csma.o)
 .text          0x00000000000228aa      0x3f5 obj_cooja/mtype641.a(framer-802154.o)
 .text          0x0000000000022c9f       0x3c obj_cooja/mtype641.a(mac.o)
                0x0000000000022c9f                mac_call_sent_callback
 .text          0x0000000000022cdb      0x4a1 obj_cooja/mtype641.a(nullrdc.o)
 .text          0x000000000002317c       0x6e obj_cooja/mtype641.a(nullsec.o)
 .text          0x00000000000231ea       0x19 obj_cooja/mtype641.a(watchdog.o)
                0x00000000000231ea                watchdog_init
                0x00000000000231ef                watchdog_start
                0x00000000000231f4                watchdog_periodic
                0x00000000000231f9                watchdog_stop
                0x00000000000231fe                watchdog_reboot
 .text          0x0000000000023203        0x0 obj_cooja/mtype641.a(rimestats.o)
 .text          0x0000000000023203       0xa3 obj_cooja/mtype641.a(stimer.o)
                0x0000000000023203                stimer_set
                0x000000000002321e                stimer_reset
                0x0000000000023235                stimer_restart
                0x0000000000023247                stimer_expired
                0x000000000002326e                stimer_remaining
                0x0000000000023292                stimer_elapsed
 .text          0x00000000000232a6      0x1c1 obj_cooja/mtype641.a(memb.o)
                0x00000000000232a6                memb_init
                0x0000000000023304                memb_alloc
                0x0000000000023369                memb_free
                0x00000000000233e4                memb_inmemb
                0x0000000000023423                memb_numfree
 .text          0x0000000000023467      0x916 obj_cooja/mtype641.a(uip-ds6-route.o)
                0x00000000000234de                uip_ds6_notification_add
                0x000000000002350f                uip_ds6_notification_rm
                0x000000000002352b                uip_ds6_route_init
                0x00000000000235b3                uip_ds6_route_nexthop
                0x00000000000235db                uip_ds6_route_head
                0x00000000000235f0                uip_ds6_route_next
                0x0000000000023616                uip_ds6_route_is_nexthop
                0x0000000000023655                uip_ds6_route_num_routes
                0x000000000002365f                uip_ds6_route_lookup
                0x0000000000023721                uip_ds6_route_add
                0x0000000000023955                uip_ds6_route_rm
                0x0000000000023ae9                uip_ds6_route_rm_by_nexthop
                0x0000000000023b21                uip_ds6_defrt_add
                0x0000000000023bd2                uip_ds6_defrt_rm
                0x0000000000023c51                uip_ds6_defrt_lookup
                0x0000000000023caa                uip_ds6_defrt_choose
                0x0000000000023d15                uip_ds6_defrt_periodic
 .text          0x0000000000023d7d      0xab2 obj_cooja/mtype641.a(uip-icmp6.o)
                0x0000000000023deb                uip_icmp6_input
                0x0000000000023e41                uip_icmp6_register_input_handler
                0x0000000000024109                uip_icmp6_error_output
                0x000000000002444e                uip_icmp6_send
                0x00000000000247c2                uip_icmp6_echo_reply_callback_add
                0x00000000000247f3                uip_icmp6_echo_reply_callback_rm
                0x000000000002480f                uip_icmp6_init
 .text          0x000000000002482f      0x358 obj_cooja/mtype641.a(uip-nd6.o)
                0x0000000000024883                uip_nd6_ns_output
                0x0000000000024b82                uip_nd6_init
 .text          0x0000000000024b87      0x331 obj_cooja/mtype641.a(rpl-nbr-policy.)
                0x0000000000024d5f                find_removable_dis
                0x0000000000024d82                find_removable_dio
                0x0000000000024e11                find_removable_dao
                0x0000000000024e61                rpl_nbr_policy_find_removable
 .text          0x0000000000024eb8      0x97c obj_cooja/mtype641.a(frame802154.o)
                0x0000000000024ee9                frame802154_get_pan_id
                0x0000000000024ef5                frame802154_set_pan_id
                0x0000000000024f0e                frame802154_has_panid
                0x0000000000024ffa                frame802154_check_dest_panid
                0x0000000000025062                frame802154_is_broadcast_addr
                0x00000000000250af                frame802154_extract_linkaddr
                0x00000000000252ef                frame802154_hdrlen
                0x0000000000025340                frame802154_create
                0x000000000002552b                frame802154_parse
 .text          0x0000000000025834      0x181 obj_cooja/mtype641.a(mac-sequence.o)
                0x000000000002586b                mac_sequence_is_duplicate
                0x00000000000258ee                mac_sequence_register_seqno
 .text          0x00000000000259b5        0x0 /usr/lib/gcc/i686-linux-gnu/4.8/crtendS.o
 .text          0x00000000000259b5        0x0 /usr/lib/gcc/i686-linux-gnu/4.8/../../../i386-linux-gnu/crtn.o
 *(.gnu.warning)

.fini           0x00000000000259b8       0x14
 *(SORT(.fini))
 .fini          0x00000000000259b8        0xf /usr/lib/gcc/i686-linux-gnu/4.8/../../../i386-linux-gnu/crti.o
                0x00000000000259b8                _fini
 .fini          0x00000000000259c7        0x5 /usr/lib/gcc/i686-linux-gnu/4.8/../../../i386-linux-gnu/crtn.o
                0x00000000000259cc                PROVIDE (__etext, .)
                0x00000000000259cc                PROVIDE (_etext, .)
                0x00000000000259cc                PROVIDE (etext, .)

.rodata         0x00000000000259e0     0x22f8
 *(.rodata .rodata.* .gnu.linkonce.r.*)
 .rodata        0x00000000000259e0      0x148 udp-server.co
                0x00000000000259f4                autostart_processes
 .rodata        0x0000000000025b28      0x1b6 obj_cooja/mtype641.o
 *fill*         0x0000000000025cde        0x2 
 .rodata        0x0000000000025ce0        0x8 obj_cooja/mtype641.a(beep.o)
                0x0000000000025ce0                beep_interface
 .rodata        0x0000000000025ce8       0x20 obj_cooja/mtype641.a(button-sensor.o)
                0x0000000000025ce8                button_interface
                0x0000000000025cf8                button_sensor
 .rodata        0x0000000000025d08        0x8 obj_cooja/mtype641.a(leds-arch.o)
                0x0000000000025d08                leds_interface
 .rodata        0x0000000000025d10        0x8 obj_cooja/mtype641.a(moteid.o)
                0x0000000000025d10                moteid_interface
 .rodata        0x0000000000025d18       0x1c obj_cooja/mtype641.a(pir-sensor.o)
                0x0000000000025d18                pir_interface
                0x0000000000025d24                pir_sensor
 .rodata        0x0000000000025d34        0xe obj_cooja/mtype641.a(rs232.o)
                0x0000000000025d34                rs232_interface
 *fill*         0x0000000000025d42        0x2 
 .rodata        0x0000000000025d44       0x24 obj_cooja/mtype641.a(vib-sensor.o)
                0x0000000000025d44                vib_interface
                0x0000000000025d58                vib_sensor
 .rodata        0x0000000000025d68        0x8 obj_cooja/mtype641.a(clock.o)
                0x0000000000025d68                clock_interface
 .rodata        0x0000000000025d70        0x8 obj_cooja/mtype641.a(log.o)
                0x0000000000025d70                simlog_interface
 .rodata        0x0000000000025d78       0x2f obj_cooja/mtype641.a(cfs-cooja.o)
                0x0000000000025d78                cfs_interface
 *fill*         0x0000000000025da7       0x19 
 .rodata        0x0000000000025dc0      0x120 obj_cooja/mtype641.a(cooja-radio.o)
                0x0000000000025ea0                cooja_radio_driver
                0x0000000000025ed8                radio_interface
 .rodata        0x0000000000025ee0        0x8 obj_cooja/mtype641.a(eeprom.o)
                0x0000000000025ee0                eeprom_interface
 .rodata        0x0000000000025ee8        0x8 obj_cooja/mtype641.a(sensors.o)
 .rodata        0x0000000000025ef0      0x21d obj_cooja/mtype641.a(dual_conf.o)
 .rodata        0x000000000002610d        0xf obj_cooja/mtype641.a(ctimer.o)
 .rodata        0x000000000002611c        0xc obj_cooja/mtype641.a(etimer.o)
 .rodata        0x0000000000026128        0xe obj_cooja/mtype641.a(serial-line.o)
 *fill*         0x0000000000026136        0x2 
 .rodata        0x0000000000026138       0x2c obj_cooja/mtype641.a(sicslowpan.o)
                0x0000000000026138                unc_llconf
                0x000000000002613c                unc_ctxconf
                0x0000000000026140                unc_mxconf
                0x0000000000026144                llprefix
                0x0000000000026158                sicslowpan_driver
 .rodata        0x0000000000026164      0x13c obj_cooja/mtype641.a(uip6.o)
 .rodata        0x00000000000262a0       0x29 obj_cooja/mtype641.a(tcpip.o)
 .rodata        0x00000000000262c9       0x3e obj_cooja/mtype641.a(uip-debug.o)
 *fill*         0x0000000000026307        0x1 
 .rodata        0x0000000000026308      0xc0b obj_cooja/mtype641.a(rpl-dag.o)
 *fill*         0x0000000000026f13        0x1 
 .rodata        0x0000000000026f14      0x8a4 obj_cooja/mtype641.a(rpl-icmp6.o)
 .rodata        0x00000000000277b8       0x6f obj_cooja/mtype641.a(rpl-mrhof.o)
 *fill*         0x0000000000027827        0x1 
 .rodata        0x0000000000027828      0x260 obj_cooja/mtype641.a(rpl-timers.o)
 .rodata        0x0000000000027a88      0x1be obj_cooja/mtype641.a(rpl.o)
 .rodata        0x0000000000027c46        0x8 obj_cooja/mtype641.a(linkaddr.o)
                0x0000000000027c46                linkaddr_null
 *fill*         0x0000000000027c4e        0x2 
 .rodata        0x0000000000027c50       0x24 obj_cooja/mtype641.a(csma.o)
                0x0000000000027c58                csma_driver
 .rodata        0x0000000000027c74        0xc obj_cooja/mtype641.a(framer-802154.o)
                0x0000000000027c74                framer_802154
 .rodata        0x0000000000027c80       0x40 obj_cooja/mtype641.a(nullrdc.o)
                0x0000000000027ca0                nullrdc_driver
 .rodata        0x0000000000027cc0       0x18 obj_cooja/mtype641.a(nullsec.o)
                0x0000000000027cc8                nullsec_driver

.rodata1
 *(.rodata1)

.eh_frame_hdr   0x0000000000027cd8     0x1314
 *(.eh_frame_hdr)
 .eh_frame_hdr  0x0000000000027cd8     0x1314 udp-server.co

.eh_frame       0x0000000000028fec     0x4dc0
 *(.eh_frame)
 .eh_frame      0x0000000000028fec       0x3c /usr/lib/gcc/i686-linux-gnu/4.8/../../../i386-linux-gnu/crti.o
                                         0x40 (size before relaxing)
 .eh_frame      0x0000000000029028       0x68 udp-server.co
                                         0x80 (size before relaxing)
 .eh_frame      0x0000000000029090      0x148 obj_cooja/mtype641.o
                                        0x160 (size before relaxing)
 .eh_frame      0x00000000000291d8       0x40 obj_cooja/mtype641.a(simEnvChange.o)
                                         0x58 (size before relaxing)
 .eh_frame      0x0000000000029218       0xc0 obj_cooja/mtype641.a(cooja_mt.o)
                                         0xd8 (size before relaxing)
 .eh_frame      0x00000000000292d8      0x120 obj_cooja/mtype641.a(cooja_mtarch.o)
                                        0x138 (size before relaxing)
 .eh_frame      0x00000000000293f8       0xc0 obj_cooja/mtype641.a(rtimer-arch.o)
                                         0xd8 (size before relaxing)
 .eh_frame      0x00000000000294b8      0x160 obj_cooja/mtype641.a(beep.o)
                                        0x178 (size before relaxing)
 .eh_frame      0x0000000000029618       0xa0 obj_cooja/mtype641.a(button-sensor.o)
                                         0xb8 (size before relaxing)
 .eh_frame      0x00000000000296b8       0xa0 obj_cooja/mtype641.a(leds-arch.o)
                                         0xb8 (size before relaxing)
 .eh_frame      0x0000000000029758       0x40 obj_cooja/mtype641.a(moteid.o)
                                         0x58 (size before relaxing)
 .eh_frame      0x0000000000029798       0xa0 obj_cooja/mtype641.a(pir-sensor.o)
                                         0xb8 (size before relaxing)
 .eh_frame      0x0000000000029838      0x100 obj_cooja/mtype641.a(rs232.o)
                                        0x118 (size before relaxing)
 .eh_frame      0x0000000000029938       0xa0 obj_cooja/mtype641.a(vib-sensor.o)
                                         0xb8 (size before relaxing)
 .eh_frame      0x00000000000299d8       0xc0 obj_cooja/mtype641.a(clock.o)
                                         0xd8 (size before relaxing)
 .eh_frame      0x0000000000029a98      0x120 obj_cooja/mtype641.a(log.o)
                                        0x138 (size before relaxing)
 .eh_frame      0x0000000000029bb8      0x160 obj_cooja/mtype641.a(cfs-cooja.o)
                                        0x178 (size before relaxing)
 .eh_frame      0x0000000000029d18      0x2e0 obj_cooja/mtype641.a(cooja-radio.o)
                                        0x2f8 (size before relaxing)
 .eh_frame      0x0000000000029ff8       0xa0 obj_cooja/mtype641.a(eeprom.o)
                                         0xb8 (size before relaxing)
 .eh_frame      0x000000000002a098       0x40 obj_cooja/mtype641.a(random.o)
                                         0x58 (size before relaxing)
 .eh_frame      0x000000000002a0d8       0xc0 obj_cooja/mtype641.a(sensors.o)
                                         0xd8 (size before relaxing)
 .eh_frame      0x000000000002a198      0x120 obj_cooja/mtype641.a(dual_conf.o)
                                        0x138 (size before relaxing)
 .eh_frame      0x000000000002a2b8       0x40 obj_cooja/mtype641.a(autostart.o)
                                         0x58 (size before relaxing)
 .eh_frame      0x000000000002a2f8      0x100 obj_cooja/mtype641.a(ctimer.o)
                                        0x118 (size before relaxing)
 .eh_frame      0x000000000002a3f8      0x1e0 obj_cooja/mtype641.a(etimer.o)
                                        0x1f8 (size before relaxing)
 .eh_frame      0x000000000002a5d8      0x1c8 obj_cooja/mtype641.a(process.o)
                                        0x1e0 (size before relaxing)
 .eh_frame      0x000000000002a7a0       0x60 obj_cooja/mtype641.a(rtimer.o)
                                         0x78 (size before relaxing)
 .eh_frame      0x000000000002a800       0xa4 obj_cooja/mtype641.a(timer.o)
                                         0xbc (size before relaxing)
 .eh_frame      0x000000000002a8a4       0x60 obj_cooja/mtype641.a(serial-line.o)
                                         0x78 (size before relaxing)
 .eh_frame      0x000000000002a904      0x180 obj_cooja/mtype641.a(list.o)
                                        0x198 (size before relaxing)
 .eh_frame      0x000000000002aa84       0xa0 obj_cooja/mtype641.a(ringbuf.o)
                                         0xb8 (size before relaxing)
 .eh_frame      0x000000000002ab24      0x350 obj_cooja/mtype641.a(sicslowpan.o)
                                        0x368 (size before relaxing)
 .eh_frame      0x000000000002ae74      0x180 obj_cooja/mtype641.a(uip-ds6-nbr.o)
                                        0x198 (size before relaxing)
 .eh_frame      0x000000000002aff4      0x3c8 obj_cooja/mtype641.a(uip-ds6.o)
                                        0x3e0 (size before relaxing)
 .eh_frame      0x000000000002b3bc      0x27c obj_cooja/mtype641.a(uip6.o)
                                        0x294 (size before relaxing)
 .eh_frame      0x000000000002b638      0x270 obj_cooja/mtype641.a(tcpip.o)
                                        0x288 (size before relaxing)
 .eh_frame      0x000000000002b8a8       0x48 obj_cooja/mtype641.a(uip-debug.o)
                                         0x60 (size before relaxing)
 .eh_frame      0x000000000002b8f0       0xe0 obj_cooja/mtype641.a(uip-packetqueue)
                                         0xf8 (size before relaxing)
 .eh_frame      0x000000000002b9d0      0x674 obj_cooja/mtype641.a(rpl-dag.o)
                                        0x68c (size before relaxing)
 .eh_frame      0x000000000002c044      0x10c obj_cooja/mtype641.a(rpl-ext-header.)
                                        0x124 (size before relaxing)
 .eh_frame      0x000000000002c150      0x288 obj_cooja/mtype641.a(rpl-icmp6.o)
                                        0x2a0 (size before relaxing)
 .eh_frame      0x000000000002c3d8       0xe4 obj_cooja/mtype641.a(rpl-mrhof.o)
                                         0xfc (size before relaxing)
 .eh_frame      0x000000000002c4bc      0x210 obj_cooja/mtype641.a(rpl-timers.o)
                                        0x228 (size before relaxing)
 .eh_frame      0x000000000002c6cc      0x140 obj_cooja/mtype641.a(rpl.o)
                                        0x158 (size before relaxing)
 .eh_frame      0x000000000002c80c       0x80 obj_cooja/mtype641.a(linkaddr.o)
                                         0x98 (size before relaxing)
 .eh_frame      0x000000000002c88c      0x28c obj_cooja/mtype641.a(nbr-table.o)
                                        0x2a4 (size before relaxing)
 .eh_frame      0x000000000002cb18       0x20 obj_cooja/mtype641.a(netstack.o)
                                         0x38 (size before relaxing)
 .eh_frame      0x000000000002cb38      0x214 obj_cooja/mtype641.a(packetbuf.o)
                                        0x22c (size before relaxing)
 .eh_frame      0x000000000002cd4c      0x1a0 obj_cooja/mtype641.a(queuebuf.o)
                                        0x1b8 (size before relaxing)
 .eh_frame      0x000000000002ceec      0x28c obj_cooja/mtype641.a(csma.o)
                                        0x2a4 (size before relaxing)
 .eh_frame      0x000000000002d178      0x108 obj_cooja/mtype641.a(framer-802154.o)
                                        0x120 (size before relaxing)
 .eh_frame      0x000000000002d280       0x20 obj_cooja/mtype641.a(mac.o)
                                         0x38 (size before relaxing)
 .eh_frame      0x000000000002d2a0      0x16c obj_cooja/mtype641.a(nullrdc.o)
                                        0x184 (size before relaxing)
 .eh_frame      0x000000000002d40c       0x80 obj_cooja/mtype641.a(nullsec.o)
                                         0x98 (size before relaxing)
 .eh_frame      0x000000000002d48c       0xa0 obj_cooja/mtype641.a(watchdog.o)
                                         0xb8 (size before relaxing)
 .eh_frame      0x000000000002d52c       0xc4 obj_cooja/mtype641.a(stimer.o)
                                         0xdc (size before relaxing)
 .eh_frame      0x000000000002d5f0       0xa0 obj_cooja/mtype641.a(memb.o)
                                         0xb8 (size before relaxing)
 .eh_frame      0x000000000002d690      0x2a0 obj_cooja/mtype641.a(uip-ds6-route.o)
                                        0x2b8 (size before relaxing)
 .eh_frame      0x000000000002d930      0x164 obj_cooja/mtype641.a(uip-icmp6.o)
                                        0x17c (size before relaxing)
 .eh_frame      0x000000000002da94       0x68 obj_cooja/mtype641.a(uip-nd6.o)
                                         0x80 (size before relaxing)
 .eh_frame      0x000000000002dafc       0xc0 obj_cooja/mtype641.a(rpl-nbr-policy.)
                                         0xd8 (size before relaxing)
 .eh_frame      0x000000000002dbbc      0x164 obj_cooja/mtype641.a(frame802154.o)
                                        0x17c (size before relaxing)
 .eh_frame      0x000000000002dd20       0x88 obj_cooja/mtype641.a(mac-sequence.o)
                                         0xa0 (size before relaxing)
 .eh_frame      0x000000000002dda8        0x4 /usr/lib/gcc/i686-linux-gnu/4.8/crtendS.o

.gcc_except_table
 *(.gcc_except_table .gcc_except_table.*)

.exception_ranges
 *(.exception_ranges .exception_ranges*)
                0x000000000002ddac                . = (ALIGN (0x1000) - ((0x1000 - .) & 0xfff))
                0x000000000002eef8                . = DATA_SEGMENT_ALIGN (0x1000, 0x1000)

.eh_frame
 *(.eh_frame)

.gcc_except_table
 *(.gcc_except_table .gcc_except_table.*)

.exception_ranges
 *(.exception_ranges .exception_ranges*)

.tdata
 *(.tdata .tdata.* .gnu.linkonce.td.*)

.tbss
 *(.tbss .tbss.* .gnu.linkonce.tb.*)
 *(.tcommon)

.preinit_array
 *(.preinit_array)

.init_array     0x000000000002eef8        0x4
 *(SORT(.init_array.*) SORT(.ctors.*))
 *(.init_array EXCLUDE_FILE(*crtend?.o *crtend.o *crtbegin?.o *crtbegin.o) .ctors)
 .init_array    0x000000000002eef8        0x4 /usr/lib/gcc/i686-linux-gnu/4.8/crtbeginS.o

.fini_array     0x000000000002eefc        0x4
 *(SORT(.fini_array.*) SORT(.dtors.*))
 *(.fini_array EXCLUDE_FILE(*crtend?.o *crtend.o *crtbegin?.o *crtbegin.o) .dtors)
 .fini_array    0x000000000002eefc        0x4 /usr/lib/gcc/i686-linux-gnu/4.8/crtbeginS.o

.ctors
 *crtbegin.o(.ctors)
 *crtbegin?.o(.ctors)
 *(EXCLUDE_FILE(*crtend?.o *crtend.o) .ctors)
 *(SORT(.ctors.*))
 *(.ctors)

.dtors
 *crtbegin.o(.dtors)
 *crtbegin?.o(.dtors)
 *(EXCLUDE_FILE(*crtend?.o *crtend.o) .dtors)
 *(SORT(.dtors.*))
 *(.dtors)

.jcr            0x000000000002ef00        0x4
 *(.jcr)
 .jcr           0x000000000002ef00        0x0 /usr/lib/gcc/i686-linux-gnu/4.8/crtbeginS.o
 .jcr           0x000000000002ef00        0x4 /usr/lib/gcc/i686-linux-gnu/4.8/crtendS.o

.data.rel.ro
 *(.data.rel.ro.local* .gnu.linkonce.d.rel.ro.local.*)
 *(.data.rel.ro .data.rel.ro.* .gnu.linkonce.d.rel.ro.*)

.dynamic        0x000000000002ef04       0xe8
 *(.dynamic)
 .dynamic       0x000000000002ef04       0xe8 /usr/lib/gcc/i686-linux-gnu/4.8/../../../i386-linux-gnu/crti.o
                0x000000000002ef04                _DYNAMIC

.got            0x000000000002efec       0x14
 *(.got)
 .got           0x000000000002efec       0x14 /usr/lib/gcc/i686-linux-gnu/4.8/../../../i386-linux-gnu/crti.o
 *(.igot)
                0x000000000002fff4                . = DATA_SEGMENT_RELRO_END (., (SIZEOF (.got.plt) >= 0xc)?0xc:0x0)

.got.plt        0x000000000002f000       0x14
 *(.got.plt)
 .got.plt       0x000000000002f000       0x14 /usr/lib/gcc/i686-linux-gnu/4.8/../../../i386-linux-gnu/crti.o
                0x000000000002f000                _GLOBAL_OFFSET_TABLE_
 *(.igot.plt)

.data           0x000000000002f020      0x246
 *(.data .data.* .gnu.linkonce.d.*)
 .data          0x000000000002f020        0x0 /usr/lib/gcc/i686-linux-gnu/4.8/../../../i386-linux-gnu/crti.o
 .data          0x000000000002f020        0x0 /usr/lib/gcc/i686-linux-gnu/4.8/crtbeginS.o
 .data.rel      0x000000000002f020        0x4 /usr/lib/gcc/i686-linux-gnu/4.8/crtbeginS.o
                0x000000000002f020                __dso_handle
 .data          0x000000000002f024       0x10 udp-server.co
                0x000000000002f024                udp_server_process
 *fill*         0x000000000002f034        0xc 
 .data          0x000000000002f040       0x44 obj_cooja/mtype641.o
                0x000000000002f040                simInterfaces
                0x000000000002f074                sensors
 .data          0x000000000002f084        0x0 obj_cooja/mtype641.a(simEnvChange.o)
 .data          0x000000000002f084        0x0 obj_cooja/mtype641.a(cooja_mt.o)
 .data          0x000000000002f084        0x0 obj_cooja/mtype641.a(cooja_mtarch.o)
 .data          0x000000000002f084        0x0 obj_cooja/mtype641.a(rtimer-arch.o)
 .data          0x000000000002f084        0x0 obj_cooja/mtype641.a(beep.o)
 .data          0x000000000002f084        0x0 obj_cooja/mtype641.a(button-sensor.o)
 .data          0x000000000002f084        0x0 obj_cooja/mtype641.a(leds-arch.o)
 .data          0x000000000002f084        0x0 obj_cooja/mtype641.a(moteid.o)
 .data          0x000000000002f084        0x0 obj_cooja/mtype641.a(pir-sensor.o)
 .data          0x000000000002f084        0x0 obj_cooja/mtype641.a(rs232.o)
 .data          0x000000000002f084        0x0 obj_cooja/mtype641.a(vib-sensor.o)
 .data          0x000000000002f084        0x0 obj_cooja/mtype641.a(clock.o)
 .data          0x000000000002f084        0x0 obj_cooja/mtype641.a(log.o)
 .data          0x000000000002f084        0x0 obj_cooja/mtype641.a(cfs-cooja.o)
 .data          0x000000000002f084       0x2c obj_cooja/mtype641.a(cooja-radio.o)
                0x000000000002f084                simRadioHWOn
                0x000000000002f088                simSignalStrength
                0x000000000002f08c                simLastSignalStrength
                0x000000000002f090                simPower
                0x000000000002f094                simRadioChannel
                0x000000000002f098                simRadioChannelLR
                0x000000000002f09c                simLQI
                0x000000000002f0a0                cooja_radio_process
 .data          0x000000000002f0b0        0x0 obj_cooja/mtype641.a(eeprom.o)
 .data          0x000000000002f0b0        0x0 obj_cooja/mtype641.a(random.o)
 .data          0x000000000002f0b0       0x10 obj_cooja/mtype641.a(sensors.o)
                0x000000000002f0b0                sensors_process
 .data          0x000000000002f0c0       0x24 obj_cooja/mtype641.a(dual_conf.o)
                0x000000000002f0c0                radio_received
                0x000000000002f0c4                dual_dio_broadcast
                0x000000000002f0d4                dual_dis_broadcast
 .data          0x000000000002f0e4        0x0 obj_cooja/mtype641.a(autostart.o)
 .data          0x000000000002f0e4       0x14 obj_cooja/mtype641.a(ctimer.o)
                0x000000000002f0e8                ctimer_process
 .data          0x000000000002f0f8       0x10 obj_cooja/mtype641.a(etimer.o)
                0x000000000002f0f8                etimer_process
 .data          0x000000000002f108        0x0 obj_cooja/mtype641.a(process.o)
 .data          0x000000000002f108        0x0 obj_cooja/mtype641.a(rtimer.o)
 .data          0x000000000002f108        0x0 obj_cooja/mtype641.a(timer.o)
 .data          0x000000000002f108       0x10 obj_cooja/mtype641.a(serial-line.o)
                0x000000000002f108                serial_line_process
 .data          0x000000000002f118        0x0 obj_cooja/mtype641.a(list.o)
 .data          0x000000000002f118        0x0 obj_cooja/mtype641.a(ringbuf.o)
 .data          0x000000000002f118        0x0 obj_cooja/mtype641.a(sicslowpan.o)
 .data          0x000000000002f118       0x14 obj_cooja/mtype641.a(uip-ds6-nbr.o)
                0x000000000002f128                ds6_neighbors
 .data          0x000000000002f12c        0x0 obj_cooja/mtype641.a(uip-ds6.o)
 .data          0x000000000002f12c        0x0 obj_cooja/mtype641.a(uip6.o)
 .data          0x000000000002f12c       0x10 obj_cooja/mtype641.a(tcpip.o)
                0x000000000002f12c                tcpip_process
 .data          0x000000000002f13c        0x0 obj_cooja/mtype641.a(uip-debug.o)
 .data          0x000000000002f13c        0xc obj_cooja/mtype641.a(uip-packetqueue)
 .data          0x000000000002f148       0x14 obj_cooja/mtype641.a(rpl-dag.o)
                0x000000000002f158                rpl_parents
 .data          0x000000000002f15c        0x0 obj_cooja/mtype641.a(rpl-ext-header.)
 .data          0x000000000002f15c       0x34 obj_cooja/mtype641.a(rpl-icmp6.o)
 .data          0x000000000002f190       0x1c obj_cooja/mtype641.a(rpl-mrhof.o)
                0x000000000002f190                rpl_mrhof
 .data          0x000000000002f1ac        0x0 obj_cooja/mtype641.a(rpl-timers.o)
 .data          0x000000000002f1ac        0x0 obj_cooja/mtype641.a(rpl.o)
 .data          0x000000000002f1ac        0x0 obj_cooja/mtype641.a(linkaddr.o)
 .data          0x000000000002f1ac       0x10 obj_cooja/mtype641.a(nbr-table.o)
 .data          0x000000000002f1bc        0x0 obj_cooja/mtype641.a(netstack.o)
 .data          0x000000000002f1bc        0x4 obj_cooja/mtype641.a(packetbuf.o)
 .data          0x000000000002f1c0       0x18 obj_cooja/mtype641.a(queuebuf.o)
 .data          0x000000000002f1d8       0x28 obj_cooja/mtype641.a(csma.o)
 .data          0x000000000002f200        0x0 obj_cooja/mtype641.a(framer-802154.o)
 .data          0x000000000002f200        0x0 obj_cooja/mtype641.a(mac.o)
 .data          0x000000000002f200        0x0 obj_cooja/mtype641.a(nullrdc.o)
 .data          0x000000000002f200        0x0 obj_cooja/mtype641.a(nullsec.o)
 .data          0x000000000002f200        0x0 obj_cooja/mtype641.a(watchdog.o)
 .data          0x000000000002f200        0x0 obj_cooja/mtype641.a(rimestats.o)
 .data          0x000000000002f200        0x0 obj_cooja/mtype641.a(stimer.o)
 .data          0x000000000002f200        0x0 obj_cooja/mtype641.a(memb.o)
 .data          0x000000000002f200       0x44 obj_cooja/mtype641.a(uip-ds6-route.o)
                0x000000000002f210                nbr_routes
 .data          0x000000000002f244       0x20 obj_cooja/mtype641.a(uip-icmp6.o)
 .data          0x000000000002f264        0x0 obj_cooja/mtype641.a(uip-nd6.o)
 .data          0x000000000002f264        0x0 obj_cooja/mtype641.a(rpl-nbr-policy.)
 .data          0x000000000002f264        0x2 obj_cooja/mtype641.a(frame802154.o)
 .data          0x000000000002f266        0x0 obj_cooja/mtype641.a(mac-sequence.o)
 .data          0x000000000002f266        0x0 /usr/lib/gcc/i686-linux-gnu/4.8/crtendS.o
 .data          0x000000000002f266        0x0 /usr/lib/gcc/i686-linux-gnu/4.8/../../../i386-linux-gnu/crtn.o

.tm_clone_table
                0x000000000002f268        0x0
 .tm_clone_table
                0x000000000002f268        0x0 /usr/lib/gcc/i686-linux-gnu/4.8/crtbeginS.o
 .tm_clone_table
                0x000000000002f268        0x0 /usr/lib/gcc/i686-linux-gnu/4.8/crtendS.o

.data1
 *(.data1)
                0x000000000002f268                _edata = .
                0x000000000002f268                PROVIDE (edata, .)
                0x000000000002f268                . = .
                0x000000000002f268                __bss_start = .

.bss            0x000000000002f280     0x8268
 *(.dynbss)
 .dynbss        0x0000000000000000        0x0 /usr/lib/gcc/i686-linux-gnu/4.8/../../../i386-linux-gnu/crti.o
 *(.bss .bss.* .gnu.linkonce.b.*)
 .bss           0x000000000002f280        0x0 /usr/lib/gcc/i686-linux-gnu/4.8/../../../i386-linux-gnu/crti.o
 .bss           0x000000000002f280        0x1 /usr/lib/gcc/i686-linux-gnu/4.8/crtbeginS.o
 *fill*         0x000000000002f281        0x3 
 .bss           0x000000000002f284        0x4 udp-server.co
 *fill*         0x000000000002f288       0x18 
 .bss           0x000000000002f2a0     0x2030 obj_cooja/mtype641.o
 .bss           0x00000000000312d0        0x1 obj_cooja/mtype641.a(simEnvChange.o)
                0x00000000000312d0                simDontFallAsleep
 *fill*         0x00000000000312d1        0x3 
 .bss           0x00000000000312d4        0x4 obj_cooja/mtype641.a(cooja_mt.o)
 .bss           0x00000000000312d8        0x4 obj_cooja/mtype641.a(cooja_mtarch.o)
 .bss           0x00000000000312dc        0xc obj_cooja/mtype641.a(rtimer-arch.o)
 .bss           0x00000000000312e8        0x0 obj_cooja/mtype641.a(beep.o)
 .bss           0x00000000000312e8        0x8 obj_cooja/mtype641.a(button-sensor.o)
 .bss           0x00000000000312f0        0x0 obj_cooja/mtype641.a(leds-arch.o)
 .bss           0x00000000000312f0        0x0 obj_cooja/mtype641.a(moteid.o)
 .bss           0x00000000000312f0        0x1 obj_cooja/mtype641.a(pir-sensor.o)
                0x00000000000312f0                simPirValue
 *fill*         0x00000000000312f1        0x3 
 .bss           0x00000000000312f4        0x4 obj_cooja/mtype641.a(rs232.o)
 .bss           0x00000000000312f8        0x1 obj_cooja/mtype641.a(vib-sensor.o)
                0x00000000000312f8                simVibValue
 .bss           0x00000000000312f9        0x0 obj_cooja/mtype641.a(clock.o)
 *fill*         0x00000000000312f9        0x7 
 .bss           0x0000000000031300      0x420 obj_cooja/mtype641.a(log.o)
 .bss           0x0000000000031720      0xfc0 obj_cooja/mtype641.a(cfs-cooja.o)
                0x0000000000031720                simCFSData
                0x00000000000326c0                simCFSSize
                0x00000000000326c4                simCFSChanged
                0x00000000000326c8                simCFSRead
                0x00000000000326cc                simCFSWritten
 .bss           0x00000000000326e0       0x20 obj_cooja/mtype641.a(cooja-radio.o)
                0x00000000000326e0                simReceiving
                0x00000000000326e1                simReceivingLR
                0x00000000000326e4                simInSize
                0x00000000000326e8                simInSizeLR
                0x00000000000326ec                simOutSize
                0x00000000000326f0                simOutSizeLR
                0x00000000000326f4                LongRangeTransmit
                0x00000000000326f8                LongRangeReceiving
 .bss           0x0000000000032700        0xc obj_cooja/mtype641.a(eeprom.o)
                0x0000000000032700                simEEPROMChanged
                0x0000000000032704                simEEPROMRead
                0x0000000000032708                simEEPROMWritten
 .bss           0x000000000003270c        0x0 obj_cooja/mtype641.a(random.o)
 .bss           0x000000000003270c        0xc obj_cooja/mtype641.a(sensors.o)
 .bss           0x0000000000032718       0x28 obj_cooja/mtype641.a(dual_conf.o)
                0x0000000000032718                long_range_radio
 .bss           0x0000000000032740        0x0 obj_cooja/mtype641.a(autostart.o)
 .bss           0x0000000000032740        0x5 obj_cooja/mtype641.a(ctimer.o)
 *fill*         0x0000000000032745        0x3 
 .bss           0x0000000000032748        0x8 obj_cooja/mtype641.a(etimer.o)
 *fill*         0x0000000000032750       0x10 
 .bss           0x0000000000032760      0x1b1 obj_cooja/mtype641.a(process.o)
                0x0000000000032760                process_list
                0x0000000000032764                process_current
 *fill*         0x0000000000032911        0x3 
 .bss           0x0000000000032914        0x4 obj_cooja/mtype641.a(rtimer.o)
 .bss           0x0000000000032918        0x0 obj_cooja/mtype641.a(timer.o)
 *fill*         0x0000000000032918        0x8 
 .bss           0x0000000000032920      0x140 obj_cooja/mtype641.a(serial-line.o)
 .bss           0x0000000000032a60        0x0 obj_cooja/mtype641.a(list.o)
 .bss           0x0000000000032a60        0x0 obj_cooja/mtype641.a(ringbuf.o)
 .bss           0x0000000000032a60      0x70c obj_cooja/mtype641.a(sicslowpan.o)
 *fill*         0x000000000003316c       0x14 
 .bss           0x0000000000033180       0xf0 obj_cooja/mtype641.a(uip-ds6-nbr.o)
 .bss           0x0000000000033270       0x30 obj_cooja/mtype641.a(uip-ds6.o)
 .bss           0x00000000000332a0        0xe obj_cooja/mtype641.a(uip6.o)
                0x00000000000332a0                uip_ext_bitmap
                0x00000000000332a1                uip_ext_len
                0x00000000000332a2                uip_ext_opt_offset
 *fill*         0x00000000000332ae       0x12 
 .bss           0x00000000000332c0       0x6a obj_cooja/mtype641.a(tcpip.o)
 .bss           0x000000000003332a        0x0 obj_cooja/mtype641.a(uip-debug.o)
 *fill*         0x000000000003332a       0x16 
 .bss           0x0000000000033340      0xcf8 obj_cooja/mtype641.a(uip-packetqueue)
 *fill*         0x0000000000034038        0x8 
 .bss           0x0000000000034040       0xa0 obj_cooja/mtype641.a(rpl-dag.o)
 .bss           0x00000000000340e0        0x0 obj_cooja/mtype641.a(rpl-ext-header.)
 .bss           0x00000000000340e0        0x0 obj_cooja/mtype641.a(rpl-icmp6.o)
 .bss           0x00000000000340e0        0x0 obj_cooja/mtype641.a(rpl-mrhof.o)
 .bss           0x00000000000340e0       0x23 obj_cooja/mtype641.a(rpl-timers.o)
 *fill*         0x0000000000034103        0x1 
 .bss           0x0000000000034104        0x4 obj_cooja/mtype641.a(rpl.o)
 .bss           0x0000000000034108        0x0 obj_cooja/mtype641.a(linkaddr.o)
 *fill*         0x0000000000034108       0x18 
 .bss           0x0000000000034120       0xdc obj_cooja/mtype641.a(nbr-table.o)
 .bss           0x00000000000341fc        0x0 obj_cooja/mtype641.a(netstack.o)
 *fill*         0x00000000000341fc        0x4 
 .bss           0x0000000000034200       0xa0 obj_cooja/mtype641.a(packetbuf.o)
 .bss           0x00000000000342a0      0xb80 obj_cooja/mtype641.a(queuebuf.o)
 .bss           0x0000000000034e20      0x248 obj_cooja/mtype641.a(csma.o)
 .bss           0x0000000000035068        0x2 obj_cooja/mtype641.a(framer-802154.o)
 .bss           0x000000000003506a        0x0 obj_cooja/mtype641.a(mac.o)
 .bss           0x000000000003506a        0x0 obj_cooja/mtype641.a(nullrdc.o)
 .bss           0x000000000003506a        0x0 obj_cooja/mtype641.a(nullsec.o)
 .bss           0x000000000003506a        0x0 obj_cooja/mtype641.a(watchdog.o)
 .bss           0x000000000003506a        0x0 obj_cooja/mtype641.a(rimestats.o)
 .bss           0x000000000003506a        0x0 obj_cooja/mtype641.a(stimer.o)
 .bss           0x000000000003506a        0x0 obj_cooja/mtype641.a(memb.o)
 *fill*         0x000000000003506a       0x16 
 .bss           0x0000000000035080      0x2a8 obj_cooja/mtype641.a(uip-ds6-route.o)
 .bss           0x0000000000035328       0x18 obj_cooja/mtype641.a(uip-icmp6.o)
 .bss           0x0000000000035340        0x0 obj_cooja/mtype641.a(uip-nd6.o)
 .bss           0x0000000000035340       0x44 obj_cooja/mtype641.a(rpl-nbr-policy.)
 .bss           0x0000000000035384        0x0 obj_cooja/mtype641.a(frame802154.o)
 *fill*         0x0000000000035384       0x1c 
 .bss           0x00000000000353a0       0x90 obj_cooja/mtype641.a(mac-sequence.o)
 .bss           0x0000000000035430        0x0 /usr/lib/gcc/i686-linux-gnu/4.8/crtendS.o
 .bss           0x0000000000035430        0x0 /usr/lib/gcc/i686-linux-gnu/4.8/../../../i386-linux-gnu/crtn.o
 *(COMMON)
 *fill*         0x0000000000035430       0x10 
 COMMON         0x0000000000035440       0x50 udp-server.co
                0x0000000000035440                ds6_lr_addrmap
 COMMON         0x0000000000035490        0x8 obj_cooja/mtype641.o
                0x0000000000035490                referenceVar
                0x0000000000035494                sensors_flags
 COMMON         0x0000000000035498        0xc obj_cooja/mtype641.a(simEnvChange.o)
                0x0000000000035498                simEtimerPending
                0x000000000003549c                simProcessRunValue
                0x00000000000354a0                simNextExpirationTime
 COMMON         0x00000000000354a4        0x1 obj_cooja/mtype641.a(beep.o)
                0x00000000000354a4                simBeeped
 COMMON         0x00000000000354a5        0x3 obj_cooja/mtype641.a(button-sensor.o)
                0x00000000000354a5                simButtonIsActive
                0x00000000000354a6                simButtonIsDown
                0x00000000000354a7                simButtonChanged
 COMMON         0x00000000000354a8        0x1 obj_cooja/mtype641.a(leds-arch.o)
                0x00000000000354a8                simLedsValue
 *fill*         0x00000000000354a9        0x3 
 COMMON         0x00000000000354ac        0xc obj_cooja/mtype641.a(moteid.o)
                0x00000000000354ac                simRandomSeed
                0x00000000000354b0                simMoteIDChanged
                0x00000000000354b4                simMoteID
 COMMON         0x00000000000354b8        0x2 obj_cooja/mtype641.a(pir-sensor.o)
                0x00000000000354b8                simPirIsActive
                0x00000000000354b9                simPirChanged
 *fill*         0x00000000000354ba        0x6 
 COMMON         0x00000000000354c0      0x820 obj_cooja/mtype641.a(rs232.o)
                0x00000000000354c0                simSerialReceivingFlag
                0x00000000000354c4                simSerialReceivingLength
                0x00000000000354e0                simSerialReceivingData
 COMMON         0x0000000000035ce0        0x2 obj_cooja/mtype641.a(vib-sensor.o)
                0x0000000000035ce0                simVibChanged
                0x0000000000035ce1                simVibIsActive
 *fill*         0x0000000000035ce2        0x2 
 COMMON         0x0000000000035ce4        0x4 obj_cooja/mtype641.a(clock.o)
                0x0000000000035ce4                simCurrentTime
 *fill*         0x0000000000035ce8       0x18 
 COMMON         0x0000000000035d00      0x420 obj_cooja/mtype641.a(log.o)
                0x0000000000035d00                simLoggedLength
                0x0000000000035d04                simLoggedFlag
                0x0000000000035d20                simLoggedData
 COMMON         0x0000000000036120      0x200 obj_cooja/mtype641.a(cooja-radio.o)
                0x0000000000036120                simOutDataBuffer
                0x00000000000361a0                simInDataBufferLR
                0x0000000000036220                simOutDataBufferLR
                0x00000000000362a0                simInDataBuffer
 COMMON         0x0000000000036320      0x400 obj_cooja/mtype641.a(eeprom.o)
                0x0000000000036320                simEEPROMData
 COMMON         0x0000000000036720        0x1 obj_cooja/mtype641.a(sensors.o)
                0x0000000000036720                sensors_event
 COMMON         0x0000000000036721        0x1 obj_cooja/mtype641.a(serial-line.o)
                0x0000000000036721                serial_line_event_message
 *fill*         0x0000000000036722       0x1e 
 COMMON         0x0000000000036740      0x298 obj_cooja/mtype641.a(uip-ds6.o)
                0x0000000000036740                uip_ds6_prefix_list
                0x00000000000367a0                uip_ds6_timer_periodic
                0x00000000000367b0                uip_ds6_netif_addr_list_offset
                0x00000000000367c0                uip_ds6_if
                0x00000000000368b8                uip_ds6_timer_ra
                0x00000000000368c0                uip_ds6_addr_size
                0x00000000000368e0                long_uip_ds6_if
 *fill*         0x00000000000369d8        0x8 
 COMMON         0x00000000000369e0      0x8ec obj_cooja/mtype641.a(uip6.o)
                0x00000000000369e0                uip_slen
                0x00000000000369e2                uip_acc32
                0x0000000000036a00                uip_conns
                0x0000000000036ac0                uip_lladdr
                0x0000000000036ac8                uip_appdata
                0x0000000000036acc                uip_flags
                0x0000000000036ae0                uip_aligned_buf
                0x0000000000037120                uip_listenports
                0x0000000000037130                uip_len
                0x0000000000037132                uip_long_lladdr
                0x000000000003713c                uip_sappdata
                0x0000000000037140                uip_udp_conns
                0x00000000000372c0                uip_udp_conn
                0x00000000000372c4                uip_next_hdr
                0x00000000000372c8                uip_conn
 COMMON         0x00000000000372cc        0x1 obj_cooja/mtype641.a(tcpip.o)
                0x00000000000372cc                tcpip_event
 *fill*         0x00000000000372cd       0x13 
 COMMON         0x00000000000372e0      0x170 obj_cooja/mtype641.a(rpl-dag.o)
                0x00000000000372e0                default_instance
                0x0000000000037300                instance_table
 COMMON         0x0000000000037450       0x10 obj_cooja/mtype641.a(linkaddr.o)
                0x0000000000037450                linkaddr_node_addr
                0x0000000000037458                long_linkaddr_node_addr
 COMMON         0x0000000000037460       0x2e obj_cooja/mtype641.a(packetbuf.o)
                0x0000000000037460                packetbuf_attrs
                0x000000000003747e                packetbuf_addrs
 *fill*         0x000000000003748e       0x12 
 COMMON         0x00000000000374a0       0x48 obj_cooja/mtype641.a(rimestats.o)
                0x00000000000374a0                rimestats
                0x00000000000374e8                . = ALIGN ((. != 0x0)?0x4:0x1)
                0x00000000000374e8                . = ALIGN (0x4)
                0x00000000000374e8                . = SEGMENT_START ("ldata-segment", .)
                0x00000000000374e8                . = ALIGN (0x4)
                0x00000000000374e8                _end = .
                0x00000000000374e8                PROVIDE (end, .)
                0x00000000000374e8                . = DATA_SEGMENT_END (.)

.stab
 *(.stab)

.stabstr
 *(.stabstr)

.stab.excl
 *(.stab.excl)

.stab.exclstr
 *(.stab.exclstr)

.stab.index
 *(.stab.index)

.stab.indexstr
 *(.stab.indexstr)

.comment        0x0000000000000000       0x2b
 *(.comment)
 .comment       0x0000000000000000       0x2b /usr/lib/gcc/i686-linux-gnu/4.8/crtbeginS.o
                                         0x2c (size before relaxing)
 .comment       0x0000000000000000       0x2c udp-server.co
 .comment       0x0000000000000000       0x2c obj_cooja/mtype641.o
 .comment       0x0000000000000000       0x2c obj_cooja/mtype641.a(simEnvChange.o)
 .comment       0x0000000000000000       0x2c obj_cooja/mtype641.a(cooja_mt.o)
 .comment       0x0000000000000000       0x2c obj_cooja/mtype641.a(cooja_mtarch.o)
 .comment       0x0000000000000000       0x2c obj_cooja/mtype641.a(rtimer-arch.o)
 .comment       0x0000000000000000       0x2c obj_cooja/mtype641.a(beep.o)
 .comment       0x0000000000000000       0x2c obj_cooja/mtype641.a(button-sensor.o)
 .comment       0x0000000000000000       0x2c obj_cooja/mtype641.a(leds-arch.o)
 .comment       0x0000000000000000       0x2c obj_cooja/mtype641.a(moteid.o)
 .comment       0x0000000000000000       0x2c obj_cooja/mtype641.a(pir-sensor.o)
 .comment       0x0000000000000000       0x2c obj_cooja/mtype641.a(rs232.o)
 .comment       0x0000000000000000       0x2c obj_cooja/mtype641.a(vib-sensor.o)
 .comment       0x0000000000000000       0x2c obj_cooja/mtype641.a(clock.o)
 .comment       0x0000000000000000       0x2c obj_cooja/mtype641.a(log.o)
 .comment       0x0000000000000000       0x2c obj_cooja/mtype641.a(cfs-cooja.o)
 .comment       0x0000000000000000       0x2c obj_cooja/mtype641.a(cooja-radio.o)
 .comment       0x0000000000000000       0x2c obj_cooja/mtype641.a(eeprom.o)
 .comment       0x0000000000000000       0x2c obj_cooja/mtype641.a(random.o)
 .comment       0x0000000000000000       0x2c obj_cooja/mtype641.a(sensors.o)
 .comment       0x0000000000000000       0x2c obj_cooja/mtype641.a(dual_conf.o)
 .comment       0x0000000000000000       0x2c obj_cooja/mtype641.a(autostart.o)
 .comment       0x0000000000000000       0x2c obj_cooja/mtype641.a(ctimer.o)
 .comment       0x0000000000000000       0x2c obj_cooja/mtype641.a(etimer.o)
 .comment       0x0000000000000000       0x2c obj_cooja/mtype641.a(process.o)
 .comment       0x0000000000000000       0x2c obj_cooja/mtype641.a(rtimer.o)
 .comment       0x0000000000000000       0x2c obj_cooja/mtype641.a(timer.o)
 .comment       0x0000000000000000       0x2c obj_cooja/mtype641.a(serial-line.o)
 .comment       0x0000000000000000       0x2c obj_cooja/mtype641.a(list.o)
 .comment       0x0000000000000000       0x2c obj_cooja/mtype641.a(ringbuf.o)
 .comment       0x0000000000000000       0x2c obj_cooja/mtype641.a(sicslowpan.o)
 .comment       0x0000000000000000       0x2c obj_cooja/mtype641.a(uip-ds6-nbr.o)
 .comment       0x0000000000000000       0x2c obj_cooja/mtype641.a(uip-ds6.o)
 .comment       0x0000000000000000       0x2c obj_cooja/mtype641.a(uip6.o)
 .comment       0x0000000000000000       0x2c obj_cooja/mtype641.a(tcpip.o)
 .comment       0x0000000000000000       0x2c obj_cooja/mtype641.a(uip-debug.o)
 .comment       0x0000000000000000       0x2c obj_cooja/mtype641.a(uip-packetqueue)
 .comment       0x0000000000000000       0x2c obj_cooja/mtype641.a(rpl-dag.o)
 .comment       0x0000000000000000       0x2c obj_cooja/mtype641.a(rpl-ext-header.)
 .comment       0x0000000000000000       0x2c obj_cooja/mtype641.a(rpl-icmp6.o)
 .comment       0x0000000000000000       0x2c obj_cooja/mtype641.a(rpl-mrhof.o)
 .comment       0x0000000000000000       0x2c obj_cooja/mtype641.a(rpl-timers.o)
 .comment       0x0000000000000000       0x2c obj_cooja/mtype641.a(rpl.o)
 .comment       0x0000000000000000       0x2c obj_cooja/mtype641.a(linkaddr.o)
 .comment       0x0000000000000000       0x2c obj_cooja/mtype641.a(nbr-table.o)
 .comment       0x0000000000000000       0x2c obj_cooja/mtype641.a(netstack.o)
 .comment       0x0000000000000000       0x2c obj_cooja/mtype641.a(packetbuf.o)
 .comment       0x0000000000000000       0x2c obj_cooja/mtype641.a(queuebuf.o)
 .comment       0x0000000000000000       0x2c obj_cooja/mtype641.a(csma.o)
 .comment       0x0000000000000000       0x2c obj_cooja/mtype641.a(framer-802154.o)
 .comment       0x0000000000000000       0x2c obj_cooja/mtype641.a(mac.o)
 .comment       0x0000000000000000       0x2c obj_cooja/mtype641.a(nullrdc.o)
 .comment       0x0000000000000000       0x2c obj_cooja/mtype641.a(nullsec.o)
 .comment       0x0000000000000000       0x2c obj_cooja/mtype641.a(watchdog.o)
 .comment       0x0000000000000000       0x2c obj_cooja/mtype641.a(rimestats.o)
 .comment       0x0000000000000000       0x2c obj_cooja/mtype641.a(stimer.o)
 .comment       0x0000000000000000       0x2c obj_cooja/mtype641.a(memb.o)
 .comment       0x0000000000000000       0x2c obj_cooja/mtype641.a(uip-ds6-route.o)
 .comment       0x0000000000000000       0x2c obj_cooja/mtype641.a(uip-icmp6.o)
 .comment       0x0000000000000000       0x2c obj_cooja/mtype641.a(uip-nd6.o)
 .comment       0x0000000000000000       0x2c obj_cooja/mtype641.a(rpl-nbr-policy.)
 .comment       0x0000000000000000       0x2c obj_cooja/mtype641.a(frame802154.o)
 .comment       0x0000000000000000       0x2c obj_cooja/mtype641.a(mac-sequence.o)
 .comment       0x0000000000000000       0x2c /usr/lib/gcc/i686-linux-gnu/4.8/crtendS.o

.debug
 *(.debug)

.line
 *(.line)

.debug_srcinfo
 *(.debug_srcinfo)

.debug_sfnames
 *(.debug_sfnames)

.debug_aranges  0x0000000000000000      0x7d8
 *(.debug_aranges)
 .debug_aranges
                0x0000000000000000       0x20 udp-server.co
 .debug_aranges
                0x0000000000000020       0x20 obj_cooja/mtype641.o
 .debug_aranges
                0x0000000000000040       0x20 obj_cooja/mtype641.a(simEnvChange.o)
 .debug_aranges
                0x0000000000000060       0x20 obj_cooja/mtype641.a(cooja_mt.o)
 .debug_aranges
                0x0000000000000080       0x20 obj_cooja/mtype641.a(cooja_mtarch.o)
 .debug_aranges
                0x00000000000000a0       0x20 obj_cooja/mtype641.a(rtimer-arch.o)
 .debug_aranges
                0x00000000000000c0       0x20 obj_cooja/mtype641.a(beep.o)
 .debug_aranges
                0x00000000000000e0       0x20 obj_cooja/mtype641.a(button-sensor.o)
 .debug_aranges
                0x0000000000000100       0x20 obj_cooja/mtype641.a(leds-arch.o)
 .debug_aranges
                0x0000000000000120       0x20 obj_cooja/mtype641.a(moteid.o)
 .debug_aranges
                0x0000000000000140       0x20 obj_cooja/mtype641.a(pir-sensor.o)
 .debug_aranges
                0x0000000000000160       0x20 obj_cooja/mtype641.a(rs232.o)
 .debug_aranges
                0x0000000000000180       0x20 obj_cooja/mtype641.a(vib-sensor.o)
 .debug_aranges
                0x00000000000001a0       0x20 obj_cooja/mtype641.a(clock.o)
 .debug_aranges
                0x00000000000001c0       0x20 obj_cooja/mtype641.a(log.o)
 .debug_aranges
                0x00000000000001e0       0x20 obj_cooja/mtype641.a(cfs-cooja.o)
 .debug_aranges
                0x0000000000000200       0x20 obj_cooja/mtype641.a(cooja-radio.o)
 .debug_aranges
                0x0000000000000220       0x20 obj_cooja/mtype641.a(eeprom.o)
 .debug_aranges
                0x0000000000000240       0x20 obj_cooja/mtype641.a(random.o)
 .debug_aranges
                0x0000000000000260       0x20 obj_cooja/mtype641.a(sensors.o)
 .debug_aranges
                0x0000000000000280       0x20 obj_cooja/mtype641.a(dual_conf.o)
 .debug_aranges
                0x00000000000002a0       0x20 obj_cooja/mtype641.a(autostart.o)
 .debug_aranges
                0x00000000000002c0       0x20 obj_cooja/mtype641.a(ctimer.o)
 .debug_aranges
                0x00000000000002e0       0x20 obj_cooja/mtype641.a(etimer.o)
 .debug_aranges
                0x0000000000000300       0x20 obj_cooja/mtype641.a(process.o)
 .debug_aranges
                0x0000000000000320       0x20 obj_cooja/mtype641.a(rtimer.o)
 .debug_aranges
                0x0000000000000340       0x20 obj_cooja/mtype641.a(timer.o)
 .debug_aranges
                0x0000000000000360       0x20 obj_cooja/mtype641.a(serial-line.o)
 .debug_aranges
                0x0000000000000380       0x20 obj_cooja/mtype641.a(list.o)
 .debug_aranges
                0x00000000000003a0       0x20 obj_cooja/mtype641.a(ringbuf.o)
 .debug_aranges
                0x00000000000003c0       0x20 obj_cooja/mtype641.a(sicslowpan.o)
 .debug_aranges
                0x00000000000003e0       0x20 obj_cooja/mtype641.a(uip-ds6-nbr.o)
 .debug_aranges
                0x0000000000000400       0x20 obj_cooja/mtype641.a(uip-ds6.o)
 .debug_aranges
                0x0000000000000420       0x20 obj_cooja/mtype641.a(uip6.o)
 .debug_aranges
                0x0000000000000440       0x20 obj_cooja/mtype641.a(tcpip.o)
 .debug_aranges
                0x0000000000000460       0x20 obj_cooja/mtype641.a(uip-debug.o)
 .debug_aranges
                0x0000000000000480       0x20 obj_cooja/mtype641.a(uip-packetqueue)
 .debug_aranges
                0x00000000000004a0       0x20 obj_cooja/mtype641.a(rpl-dag.o)
 .debug_aranges
                0x00000000000004c0       0x20 obj_cooja/mtype641.a(rpl-ext-header.)
 .debug_aranges
                0x00000000000004e0       0x20 obj_cooja/mtype641.a(rpl-icmp6.o)
 .debug_aranges
                0x0000000000000500       0x20 obj_cooja/mtype641.a(rpl-mrhof.o)
 .debug_aranges
                0x0000000000000520       0x20 obj_cooja/mtype641.a(rpl-timers.o)
 .debug_aranges
                0x0000000000000540       0x20 obj_cooja/mtype641.a(rpl.o)
 .debug_aranges
                0x0000000000000560       0x20 obj_cooja/mtype641.a(linkaddr.o)
 .debug_aranges
                0x0000000000000580       0x20 obj_cooja/mtype641.a(nbr-table.o)
 .debug_aranges
                0x00000000000005a0       0x20 obj_cooja/mtype641.a(netstack.o)
 .debug_aranges
                0x00000000000005c0       0x20 obj_cooja/mtype641.a(packetbuf.o)
 .debug_aranges
                0x00000000000005e0       0x20 obj_cooja/mtype641.a(queuebuf.o)
 .debug_aranges
                0x0000000000000600       0x20 obj_cooja/mtype641.a(csma.o)
 .debug_aranges
                0x0000000000000620       0x20 obj_cooja/mtype641.a(framer-802154.o)
 .debug_aranges
                0x0000000000000640       0x20 obj_cooja/mtype641.a(mac.o)
 .debug_aranges
                0x0000000000000660       0x20 obj_cooja/mtype641.a(nullrdc.o)
 .debug_aranges
                0x0000000000000680       0x20 obj_cooja/mtype641.a(nullsec.o)
 .debug_aranges
                0x00000000000006a0       0x20 obj_cooja/mtype641.a(watchdog.o)
 .debug_aranges
                0x00000000000006c0       0x18 obj_cooja/mtype641.a(rimestats.o)
 .debug_aranges
                0x00000000000006d8       0x20 obj_cooja/mtype641.a(stimer.o)
 .debug_aranges
                0x00000000000006f8       0x20 obj_cooja/mtype641.a(memb.o)
 .debug_aranges
                0x0000000000000718       0x20 obj_cooja/mtype641.a(uip-ds6-route.o)
 .debug_aranges
                0x0000000000000738       0x20 obj_cooja/mtype641.a(uip-icmp6.o)
 .debug_aranges
                0x0000000000000758       0x20 obj_cooja/mtype641.a(uip-nd6.o)
 .debug_aranges
                0x0000000000000778       0x20 obj_cooja/mtype641.a(rpl-nbr-policy.)
 .debug_aranges
                0x0000000000000798       0x20 obj_cooja/mtype641.a(frame802154.o)
 .debug_aranges
                0x00000000000007b8       0x20 obj_cooja/mtype641.a(mac-sequence.o)

.debug_pubnames
 *(.debug_pubnames)

.debug_info     0x0000000000000000    0x1c138
 *(.debug_info .gnu.linkonce.wi.*)
 .debug_info    0x0000000000000000      0xe41 udp-server.co
 .debug_info    0x0000000000000e41     0x37e0 obj_cooja/mtype641.o
 .debug_info    0x0000000000004621      0x15a obj_cooja/mtype641.a(simEnvChange.o)
 .debug_info    0x000000000000477b      0x1e2 obj_cooja/mtype641.a(cooja_mt.o)
 .debug_info    0x000000000000495d      0x2e7 obj_cooja/mtype641.a(cooja_mtarch.o)
 .debug_info    0x0000000000004c44      0x16b obj_cooja/mtype641.a(rtimer-arch.o)
 .debug_info    0x0000000000004daf      0x1f3 obj_cooja/mtype641.a(beep.o)
 .debug_info    0x0000000000004fa2      0x257 obj_cooja/mtype641.a(button-sensor.o)
 .debug_info    0x00000000000051f9      0x132 obj_cooja/mtype641.a(leds-arch.o)
 .debug_info    0x000000000000532b      0x10a obj_cooja/mtype641.a(moteid.o)
 .debug_info    0x0000000000005435      0x216 obj_cooja/mtype641.a(pir-sensor.o)
 .debug_info    0x000000000000564b      0x21e obj_cooja/mtype641.a(rs232.o)
 .debug_info    0x0000000000005869      0x216 obj_cooja/mtype641.a(vib-sensor.o)
 .debug_info    0x0000000000005a7f      0x152 obj_cooja/mtype641.a(clock.o)
 .debug_info    0x0000000000005bd1      0x2bb obj_cooja/mtype641.a(log.o)
 .debug_info    0x0000000000005e8c      0x3cf obj_cooja/mtype641.a(cfs-cooja.o)
 .debug_info    0x000000000000625b      0xcc0 obj_cooja/mtype641.a(cooja-radio.o)
 .debug_info    0x0000000000006f1b      0x1d5 obj_cooja/mtype641.a(eeprom.o)
 .debug_info    0x00000000000070f0       0xb3 obj_cooja/mtype641.a(random.o)
 .debug_info    0x00000000000071a3      0x36d obj_cooja/mtype641.a(sensors.o)
 .debug_info    0x0000000000007510      0xa2d obj_cooja/mtype641.a(dual_conf.o)
 .debug_info    0x0000000000007f3d      0x1a5 obj_cooja/mtype641.a(autostart.o)
 .debug_info    0x00000000000080e2      0x46c obj_cooja/mtype641.a(ctimer.o)
 .debug_info    0x000000000000854e      0x49c obj_cooja/mtype641.a(etimer.o)
 .debug_info    0x00000000000089ea      0x4ba obj_cooja/mtype641.a(process.o)
 .debug_info    0x0000000000008ea4      0x1ab obj_cooja/mtype641.a(rtimer.o)
 .debug_info    0x000000000000904f      0x16c obj_cooja/mtype641.a(timer.o)
 .debug_info    0x00000000000091bb      0x2de obj_cooja/mtype641.a(serial-line.o)
 .debug_info    0x0000000000009499      0x2ed obj_cooja/mtype641.a(list.o)
 .debug_info    0x0000000000009786      0x1aa obj_cooja/mtype641.a(ringbuf.o)
 .debug_info    0x0000000000009930     0x10b9 obj_cooja/mtype641.a(sicslowpan.o)
 .debug_info    0x000000000000a9e9      0x8c2 obj_cooja/mtype641.a(uip-ds6-nbr.o)
 .debug_info    0x000000000000b2ab      0xca9 obj_cooja/mtype641.a(uip-ds6.o)
 .debug_info    0x000000000000bf54      0xf40 obj_cooja/mtype641.a(uip6.o)
 .debug_info    0x000000000000ce94     0x1499 obj_cooja/mtype641.a(tcpip.o)
 .debug_info    0x000000000000e32d      0x1b5 obj_cooja/mtype641.a(uip-debug.o)
 .debug_info    0x000000000000e4e2      0x470 obj_cooja/mtype641.a(uip-packetqueue)
 .debug_info    0x000000000000e952     0x195f obj_cooja/mtype641.a(rpl-dag.o)
 .debug_info    0x00000000000102b1      0xe8d obj_cooja/mtype641.a(rpl-ext-header.)
 .debug_info    0x000000000001113e     0x16e0 obj_cooja/mtype641.a(rpl-icmp6.o)
 .debug_info    0x000000000001281e      0xb4e obj_cooja/mtype641.a(rpl-mrhof.o)
 .debug_info    0x000000000001336c      0xc7b obj_cooja/mtype641.a(rpl-timers.o)
 .debug_info    0x0000000000013fe7      0xd40 obj_cooja/mtype641.a(rpl.o)
 .debug_info    0x0000000000014d27      0x198 obj_cooja/mtype641.a(linkaddr.o)
 .debug_info    0x0000000000014ebf      0x9a1 obj_cooja/mtype641.a(nbr-table.o)
 .debug_info    0x0000000000015860      0x4b9 obj_cooja/mtype641.a(netstack.o)
 .debug_info    0x0000000000015d19      0x4da obj_cooja/mtype641.a(packetbuf.o)
 .debug_info    0x00000000000161f3      0x5d9 obj_cooja/mtype641.a(queuebuf.o)
 .debug_info    0x00000000000167cc      0xbff obj_cooja/mtype641.a(csma.o)
 .debug_info    0x00000000000173cb      0x5ed obj_cooja/mtype641.a(framer-802154.o)
 .debug_info    0x00000000000179b8      0x112 obj_cooja/mtype641.a(mac.o)
 .debug_info    0x0000000000017aca      0xcce obj_cooja/mtype641.a(nullrdc.o)
 .debug_info    0x0000000000018798      0x3aa obj_cooja/mtype641.a(nullsec.o)
 .debug_info    0x0000000000018b42       0x7b obj_cooja/mtype641.a(watchdog.o)
 .debug_info    0x0000000000018bbd      0x119 obj_cooja/mtype641.a(rimestats.o)
 .debug_info    0x0000000000018cd6      0x179 obj_cooja/mtype641.a(stimer.o)
 .debug_info    0x0000000000018e4f      0x1d7 obj_cooja/mtype641.a(memb.o)
 .debug_info    0x0000000000019026      0xd92 obj_cooja/mtype641.a(uip-ds6-route.o)
 .debug_info    0x0000000000019db8      0x814 obj_cooja/mtype641.a(uip-icmp6.o)
 .debug_info    0x000000000001a5cc      0x3c1 obj_cooja/mtype641.a(uip-nd6.o)
 .debug_info    0x000000000001a98d      0xdfe obj_cooja/mtype641.a(rpl-nbr-policy.)
 .debug_info    0x000000000001b78b      0x6b4 obj_cooja/mtype641.a(frame802154.o)
 .debug_info    0x000000000001be3f      0x2f9 obj_cooja/mtype641.a(mac-sequence.o)

.debug_abbrev   0x0000000000000000     0x6748
 *(.debug_abbrev)
 .debug_abbrev  0x0000000000000000      0x227 udp-server.co
 .debug_abbrev  0x0000000000000227      0x2c4 obj_cooja/mtype641.o
 .debug_abbrev  0x00000000000004eb       0xc3 obj_cooja/mtype641.a(simEnvChange.o)
 .debug_abbrev  0x00000000000005ae       0xe6 obj_cooja/mtype641.a(cooja_mt.o)
 .debug_abbrev  0x0000000000000694      0x147 obj_cooja/mtype641.a(cooja_mtarch.o)
 .debug_abbrev  0x00000000000007db       0xcc obj_cooja/mtype641.a(rtimer-arch.o)
 .debug_abbrev  0x00000000000008a7       0xe3 obj_cooja/mtype641.a(beep.o)
 .debug_abbrev  0x000000000000098a      0x11c obj_cooja/mtype641.a(button-sensor.o)
 .debug_abbrev  0x0000000000000aa6       0xe1 obj_cooja/mtype641.a(leds-arch.o)
 .debug_abbrev  0x0000000000000b87       0x9c obj_cooja/mtype641.a(moteid.o)
 .debug_abbrev  0x0000000000000c23       0xe6 obj_cooja/mtype641.a(pir-sensor.o)
 .debug_abbrev  0x0000000000000d09      0x14a obj_cooja/mtype641.a(rs232.o)
 .debug_abbrev  0x0000000000000e53       0xe6 obj_cooja/mtype641.a(vib-sensor.o)
 .debug_abbrev  0x0000000000000f39       0xee obj_cooja/mtype641.a(clock.o)
 .debug_abbrev  0x0000000000001027      0x141 obj_cooja/mtype641.a(log.o)
 .debug_abbrev  0x0000000000001168      0x139 obj_cooja/mtype641.a(cfs-cooja.o)