Archive member included to satisfy reference by file (symbol)

obj_cooja/mtype213.a(simEnvChange.o)
                              obj_cooja/mtype213.o (simDontFallAsleep)
obj_cooja/mtype213.a(cooja_mt.o)
                              obj_cooja/mtype213.o (cooja_mt_start)
obj_cooja/mtype213.a(cooja_mtarch.o)
                              obj_cooja/mtype213.a(cooja_mt.o) (cooja_mtarch_init)
obj_cooja/mtype213.a(rtimer-arch.o)
                              obj_cooja/mtype213.o (rtimer_arch_next)
obj_cooja/mtype213.a(beep.o)  obj_cooja/mtype213.o (beep_interface)
obj_cooja/mtype213.a(button-sensor.o)
                              obj_cooja/mtype213.o (button_interface)
obj_cooja/mtype213.a(leds-arch.o)
                              obj_cooja/mtype213.o (leds_interface)
obj_cooja/mtype213.a(moteid.o)
                              obj_cooja/mtype213.o (moteid_interface)
obj_cooja/mtype213.a(pir-sensor.o)
                              obj_cooja/mtype213.o (pir_interface)
obj_cooja/mtype213.a(rs232.o)
                              obj_cooja/mtype213.o (rs232_interface)
obj_cooja/mtype213.a(vib-sensor.o)
                              obj_cooja/mtype213.o (vib_interface)
obj_cooja/mtype213.a(clock.o)
                              obj_cooja/mtype213.o (clock_interface)
obj_cooja/mtype213.a(log.o)   obj_cooja/mtype213.o (simlog_interface)
obj_cooja/mtype213.a(cfs-cooja.o)
                              obj_cooja/mtype213.o (cfs_interface)
obj_cooja/mtype213.a(cooja-radio.o)
                              obj_cooja/mtype213.o (radio_interface)
obj_cooja/mtype213.a(eeprom.o)
                              obj_cooja/mtype213.o (eeprom_interface)
obj_cooja/mtype213.a(random.o)
                              obj_cooja/mtype213.a(moteid.o) (random_init)
obj_cooja/mtype213.a(sensors.o)
                              obj_cooja/mtype213.o (sensors_process)
obj_cooja/mtype213.a(dual_conf.o)
                              obj_cooja/mtype213.a(cooja-radio.o) (long_range_radio)
obj_cooja/mtype213.a(autostart.o)
                              obj_cooja/mtype213.o (autostart_start)
obj_cooja/mtype213.a(ctimer.o)
                              obj_cooja/mtype213.o (ctimer_init)
obj_cooja/mtype213.a(etimer.o)
                              obj_cooja/mtype213.o (etimer_process)
obj_cooja/mtype213.a(process.o)
                              udp-client.co (process_current)
obj_cooja/mtype213.a(rtimer.o)
                              obj_cooja/mtype213.a(rtimer-arch.o) (rtimer_run_next)
obj_cooja/mtype213.a(stimer.o)
                              udp-client.co (stimer_remaining)
obj_cooja/mtype213.a(timer.o)
                              obj_cooja/mtype213.a(button-sensor.o) (timer_set)
obj_cooja/mtype213.a(serial-line.o)
                              udp-client.co (serial_line_event_message)
obj_cooja/mtype213.a(list.o)  obj_cooja/mtype213.a(ctimer.o) (list_init)
obj_cooja/mtype213.a(ringbuf.o)
                              obj_cooja/mtype213.a(serial-line.o) (ringbuf_init)
obj_cooja/mtype213.a(sicslowpan.o)
                              obj_cooja/mtype213.o (sicslowpan_driver)
obj_cooja/mtype213.a(uip-ds6-nbr.o)
                              obj_cooja/mtype213.a(sicslowpan.o) (uip_ds6_link_neighbor_callback)
obj_cooja/mtype213.a(uip-ds6-route.o)
                              udp-client.co (uip_ds6_route_nexthop)
obj_cooja/mtype213.a(uip-ds6.o)
                              udp-client.co (uip_ds6_if)
obj_cooja/mtype213.a(uip6.o)  udp-client.co (uip_lladdr)
obj_cooja/mtype213.a(tcpip.o)
                              udp-client.co (tcpip_event)
obj_cooja/mtype213.a(uip-debug.o)
                              udp-client.co (uip_debug_ipaddr_print)
obj_cooja/mtype213.a(uip-packetqueue)
                              obj_cooja/mtype213.a(uip-ds6-nbr.o) (uip_packetqueue_new)
obj_cooja/mtype213.a(uip-udp-packet.)
                              udp-client.co (uip_udp_packet_sendto)
obj_cooja/mtype213.a(rpl-dag.o)
                              obj_cooja/mtype213.a(tcpip.o) (rpl_repair_root)
obj_cooja/mtype213.a(rpl-ext-header.)
                              obj_cooja/mtype213.a(uip6.o) (rpl_verify_header)
obj_cooja/mtype213.a(rpl-icmp6.o)
                              obj_cooja/mtype213.a(rpl-dag.o) (rpl_icmp6_update_nbr_table)
obj_cooja/mtype213.a(rpl-mrhof.o)
                              obj_cooja/mtype213.a(rpl-dag.o) (rpl_mrhof)
obj_cooja/mtype213.a(rpl-timers.o)
                              obj_cooja/mtype213.a(rpl-dag.o) (rpl_reset_dio_timer)
obj_cooja/mtype213.a(rpl.o)   obj_cooja/mtype213.a(rpl-icmp6.o) (rpl_get_mode)
obj_cooja/mtype213.a(linkaddr.o)
                              obj_cooja/mtype213.o (linkaddr_node_addr)
obj_cooja/mtype213.a(nbr-table.o)
                              obj_cooja/mtype213.a(uip-ds6-nbr.o) (lladdr_map_add_lr)
obj_cooja/mtype213.a(netstack.o)
                              obj_cooja/mtype213.o (netstack_init)
obj_cooja/mtype213.a(packetbuf.o)
[...]
Memory Configuration

Name             Origin             Length             Attributes
*default*        0x0000000000000000 0xffffffffffffffff

Linker script and memory map

LOAD /usr/lib/gcc/i686-linux-gnu/4.8/../../../i386-linux-gnu/crti.o
LOAD /usr/lib/gcc/i686-linux-gnu/4.8/crtbeginS.o
LOAD udp-client.co
LOAD obj_cooja/mtype213.o
LOAD obj_cooja/mtype213.a
LOAD /usr/lib/gcc/i686-linux-gnu/4.8/libgcc.a
LOAD /usr/lib/gcc/i686-linux-gnu/4.8/libgcc_s.so
LOAD /usr/lib/gcc/i686-linux-gnu/4.8/../../../i386-linux-gnu/libc.so
START GROUP
LOAD /lib/i386-linux-gnu/libc.so.6
LOAD /usr/lib/i386-linux-gnu/libc_nonshared.a
LOAD /lib/i386-linux-gnu/ld-linux.so.2
END GROUP
LOAD /usr/lib/gcc/i686-linux-gnu/4.8/libgcc.a
LOAD /usr/lib/gcc/i686-linux-gnu/4.8/libgcc_s.so
LOAD /usr/lib/gcc/i686-linux-gnu/4.8/crtendS.o
LOAD /usr/lib/gcc/i686-linux-gnu/4.8/../../../i386-linux-gnu/crtn.o
                0x0000000000000114                . = (0x0 + SIZEOF_HEADERS)

.note.gnu.build-id
                0x0000000000000114       0x24
 *(.note.gnu.build-id)
 .note.gnu.build-id
                0x0000000000000114       0x24 /usr/lib/gcc/i686-linux-gnu/4.8/../../../i386-linux-gnu/crti.o

.hash
 *(.hash)

.gnu.hash       0x0000000000000138     0x12b4
 *(.gnu.hash)
 .gnu.hash      0x0000000000000138     0x12b4 /usr/lib/gcc/i686-linux-gnu/4.8/../../../i386-linux-gnu/crti.o

.dynsym         0x00000000000013ec     0x2310
 *(.dynsym)
 .dynsym        0x00000000000013ec     0x2310 /usr/lib/gcc/i686-linux-gnu/4.8/../../../i386-linux-gnu/crti.o

.dynstr         0x00000000000036fc     0x244d
 *(.dynstr)
 .dynstr        0x00000000000036fc     0x244d /usr/lib/gcc/i686-linux-gnu/4.8/../../../i386-linux-gnu/crti.o

.gnu.version    0x0000000000005b4a      0x462
 *(.gnu.version)
 .gnu.version   0x0000000000005b4a      0x462 /usr/lib/gcc/i686-linux-gnu/4.8/../../../i386-linux-gnu/crti.o

.gnu.version_d  0x0000000000005fac        0x0
 *(.gnu.version_d)
 .gnu.version_d
                0x0000000000000000        0x0 /usr/lib/gcc/i686-linux-gnu/4.8/../../../i386-linux-gnu/crti.o

.gnu.version_r  0x0000000000005fac       0x40
 *(.gnu.version_r)
 .gnu.version_r
                0x0000000000005fac       0x40 /usr/lib/gcc/i686-linux-gnu/4.8/../../../i386-linux-gnu/crti.o

.rel.dyn        0x0000000000005fec     0x95e8
 *(.rel.init)
 .rel.init      0x0000000000000000        0x0 /usr/lib/gcc/i686-linux-gnu/4.8/../../../i386-linux-gnu/crti.o
 *(.rel.text .rel.text.* .rel.gnu.linkonce.t.*)
 .rel.text      0x0000000000005fec     0x8e80 /usr/lib/gcc/i686-linux-gnu/4.8/../../../i386-linux-gnu/crti.o
 *(.rel.fini)
 .rel.fini      0x0000000000000000        0x0 /usr/lib/gcc/i686-linux-gnu/4.8/../../../i386-linux-gnu/crti.o
 *(.rel.rodata .rel.rodata.* .rel.gnu.linkonce.r.*)
 .rel.rodata    0x000000000000ee6c      0x4e0 /usr/lib/gcc/i686-linux-gnu/4.8/../../../i386-linux-gnu/crti.o
 *(.rel.data.rel.ro .rel.data.rel.ro.* .rel.gnu.linkonce.d.rel.ro.*)
 *(.rel.data .rel.data.* .rel.gnu.linkonce.d.*)
 .rel.data.rel  0x000000000000f34c        0x8 /usr/lib/gcc/i686-linux-gnu/4.8/../../../i386-linux-gnu/crti.o
 .rel.data      0x000000000000f354      0x248 /usr/lib/gcc/i686-linux-gnu/4.8/../../../i386-linux-gnu/crti.o
 *(.rel.tdata .rel.tdata.* .rel.gnu.linkonce.td.*)
 *(.rel.tbss .rel.tbss.* .rel.gnu.linkonce.tb.*)
 *(.rel.ctors)
 *(.rel.dtors)
 *(.rel.got)
 .rel.got       0x000000000000f59c       0x28 /usr/lib/gcc/i686-linux-gnu/4.8/../../../i386-linux-gnu/crti.o
 *(.rel.bss .rel.bss.* .rel.gnu.linkonce.b.*)
 *(.rel.ifunc)
 .rel.ifunc     0x0000000000000000        0x0 /usr/lib/gcc/i686-linux-gnu/4.8/../../../i386-linux-gnu/crti.o
 .rel.fini_array
                0x000000000000f5c4        0x8 /usr/lib/gcc/i686-linux-gnu/4.8/../../../i386-linux-gnu/crti.o
 .rel.init_array
                0x000000000000f5cc        0x8 /usr/lib/gcc/i686-linux-gnu/4.8/../../../i386-linux-gnu/crti.o

.rel.plt        0x000000000000f5d4       0x10
 *(.rel.plt)
 .rel.plt       0x000000000000f5d4       0x10 /usr/lib/gcc/i686-linux-gnu/4.8/../../../i386-linux-gnu/crti.o
 *(.rel.iplt)

.init           0x000000000000f5e4       0x23
 *(SORT(.init))
 .init          0x000000000000f5e4       0x1e /usr/lib/gcc/i686-linux-gnu/4.8/../../../i386-linux-gnu/crti.o
                0x000000000000f5e4                _init
 .init          0x000000000000f602        0x5 /usr/lib/gcc/i686-linux-gnu/4.8/../../../i386-linux-gnu/crtn.o

.plt            0x000000000000f610       0x30
 *(.plt)
 .plt           0x000000000000f610       0x30 /usr/lib/gcc/i686-linux-gnu/4.8/../../../i386-linux-gnu/crti.o
 *(.iplt)

.text           0x000000000000f640    0x160d0
 *(.text.unlikely .text.*_unlikely .text.unlikely.*)
 *(.text.exit .text.exit.*)
 *(.text.startup .text.startup.*)
 *(.text.hot .text.hot.*)
 *(.text .stub .text.* .gnu.linkonce.t.*)
 .text          0x000000000000f640        0x0 /usr/lib/gcc/i686-linux-gnu/4.8/../../../i386-linux-gnu/crti.o
 .gnu.linkonce.t.__x86.get_pc_thunk.bx
                0x000000000000f640        0x4 /usr/lib/gcc/i686-linux-gnu/4.8/../../../i386-linux-gnu/crti.o
                0x000000000000f640                __x86.get_pc_thunk.bx
 *fill*         0x000000000000f644        0xc 
 .text          0x000000000000f650      0x11b /usr/lib/gcc/i686-linux-gnu/4.8/crtbeginS.o
 .text          0x000000000000f76b      0x5cc udp-client.co
 .text          0x000000000000fd37      0x944 obj_cooja/mtype213.o
                0x000000000000fee5                contiki_init
                0x0000000000010492                Java_org_contikios_cooja_corecomm_Lib6_init
                0x00000000000104d2                Java_org_contikios_cooja_corecomm_Lib6_getMemory
                0x0000000000010512                Java_org_contikios_cooja_corecomm_Lib6_setMemory
                0x0000000000010589                Java_org_contikios_cooja_corecomm_Lib6_tick
                0x0000000000010669                Java_org_contikios_cooja_corecomm_Lib6_setReferenceAddress
 .text          0x000000000001067b       0x63 obj_cooja/mtype213.a(simEnvChange.o)
                0x000000000001067b                doActionsBeforeTick
                0x00000000000106ac                doActionsAfterTick
 .text          0x00000000000106de       0xbc obj_cooja/mtype213.a(cooja_mt.o)
                0x00000000000106de                cooja_mt_init
                0x00000000000106eb                cooja_mt_remove
                0x00000000000106f8                cooja_mt_start
                0x0000000000010725                cooja_mt_exec
                0x0000000000010756                cooja_mt_exit
                0x0000000000010778                cooja_mt_yield
 .text          0x000000000001079a      0x115 obj_cooja/mtype213.a(cooja_mtarch.o)
                0x000000000001079a                cooja_mtarch_init
                0x000000000001079f                cooja_mtarch_start
                0x000000000001081a                cooja_sw
                0x000000000001083c                cooja_mtarch_exec
                0x0000000000010858                cooja_mtarch_remove
                0x000000000001085d                cooja_mtarch_yield
                0x0000000000010867                cooja_mtarch_pstop
                0x000000000001086c                cooja_mtarch_pstart
                0x0000000000010871                cooja_mtarch_stack_usage
 .text          0x00000000000108af       0xc2 obj_cooja/mtype213.a(rtimer-arch.o)
                0x00000000000108af                rtimer_arch_init
                0x00000000000108d2                rtimer_arch_schedule
                0x00000000000108e9                rtimer_arch_next
                0x00000000000108f3                rtimer_arch_pending
                0x00000000000108fd                rtimer_arch_check
                0x000000000001092f                rtimer_arch_now
 .text          0x0000000000010971       0x76 obj_cooja/mtype213.a(beep.o)
                0x0000000000010971                beep_alarm
                0x000000000001097d                beep_beep
                0x0000000000010989                beep
                0x0000000000010995                beep_down
                0x00000000000109a1                beep_on
                0x00000000000109ad                beep_off
                0x00000000000109b9                beep_spinup
                0x00000000000109c5                beep_quick
                0x00000000000109d1                beep_long
 .text          0x00000000000109e7      0x103 obj_cooja/mtype213.a(button-sensor.o)
 .text          0x0000000000010aea       0x45 obj_cooja/mtype213.a(leds-arch.o)
                0x0000000000010aea                leds_arch_init
                0x0000000000010af6                leds_arch_get
                0x0000000000010b02                leds_arch_set
 .text          0x0000000000010b2f       0x2f obj_cooja/mtype213.a(moteid.o)
 .text          0x0000000000010b5e       0xb1 obj_cooja/mtype213.a(pir-sensor.o)
 .text          0x0000000000010c0f      0x131 obj_cooja/mtype213.a(rs232.o)
                0x0000000000010c0f                rs232_init
                0x0000000000010c14                rs232_set_speed
                0x0000000000010c22                rs232_set_input
                0x0000000000010c2f                rs232_send
                0x0000000000010c51                rs232_print
                0x0000000000010c6c                slip_arch_writeb
 .text          0x0000000000010d40       0xb1 obj_cooja/mtype213.a(vib-sensor.o)
 .text          0x0000000000010df1       0x34 obj_cooja/mtype213.a(clock.o)
                0x0000000000010df1                clock_init
                0x0000000000010df6                clock_time
                0x0000000000010e00                clock_seconds
                0x0000000000010e16                clock_delay
 .text          0x0000000000010e25      0x1ed obj_cooja/mtype213.a(log.o)
                0x0000000000010e25                simlog_char
                0x0000000000010e67                simlog
                0x0000000000010ed4                log_message
                0x0000000000010efc                log_set_putchar_with_slip
                0x0000000000010f09                log_putchar
                0x0000000000010f8d                log_puts
                0x0000000000010fb1                log_printf
 .text          0x0000000000011012      0x2c4 obj_cooja/mtype213.a(cfs-cooja.o)
                0x0000000000011012                cfs_open
                0x000000000001107b                cfs_close
                0x0000000000011087                cfs_read
                0x0000000000011125                cfs_write
                0x0000000000011202                cfs_seek
                0x000000000001128a                cfs_remove
                0x00000000000112b3                cfs_opendir
                0x00000000000112bd                cfs_readdir
                0x00000000000112c7                cfs_closedir
 .text          0x00000000000112d6      0x5ef obj_cooja/mtype213.a(cooja-radio.o)
                0x0000000000011300                radio_set_channel
                0x0000000000011315                radio_set_txpower
                0x0000000000011335                radio_signal_strength_last
                0x000000000001133f                radio_signal_strength_current
                0x0000000000011349                radio_LQI
 .text          0x00000000000118c5       0xef obj_cooja/mtype213.a(eeprom.o)
                0x00000000000118c5                eeprom_init
                0x00000000000118ca                eeprom_read
                0x000000000001193a                eeprom_write
 .text          0x00000000000119b4       0x28 obj_cooja/mtype213.a(random.o)
                0x00000000000119b4                random_init
                0x00000000000119cf                random_rand
 .text          0x00000000000119dc      0x2a1 obj_cooja/mtype213.a(sensors.o)
                0x0000000000011a17                sensors_first
                0x0000000000011a21                sensors_next
                0x0000000000011a3e                sensors_changed
                0x0000000000011a6d                sensors_find
 .text          0x0000000000011c7d      0x308 obj_cooja/mtype213.a(dual_conf.o)
                0x0000000000011c7d                dual_radio_switch
                0x0000000000011cd8                dual_radio_change
                0x0000000000011d12                sending_in_LR
                0x0000000000011d3d                dual_radio_received
                0x0000000000011d90                radio_received_is_longrange
                0x0000000000011f3b                dio_broadcast
                0x0000000000011f64                dis_broadcast
 .text          0x0000000000011f85       0x8e obj_cooja/mtype213.a(autostart.o)
                0x0000000000011f85                autostart_start
                0x0000000000011fd0                autostart_exit
 .text          0x0000000000012013      0x334 obj_cooja/mtype213.a(ctimer.o)
                0x000000000001212a                ctimer_init
                0x000000000001215a                ctimer_set
                0x000000000001218b                ctimer_set_with_process
                0x0000000000012207                ctimer_reset
                0x0000000000012256                ctimer_restart
                0x00000000000122a5                ctimer_stop
                0x00000000000122f0                ctimer_expired
 .text          0x0000000000012347      0x40b obj_cooja/mtype213.a(etimer.o)
                0x000000000001255a                etimer_request_poll
                0x00000000000125de                etimer_set
                0x0000000000012603                etimer_reset_with_new_interval
                0x000000000001262a                etimer_reset
                0x0000000000012648                etimer_restart
                0x0000000000012666                etimer_adjust
                0x0000000000012682                etimer_expired
                0x0000000000012695                etimer_expiration_time
                0x00000000000126a7                etimer_start_time
                0x00000000000126b1                etimer_pending
                0x00000000000126c3                etimer_next_expiration_time
                0x00000000000126dd                etimer_stop
 .text          0x0000000000012752      0x560 obj_cooja/mtype213.a(process.o)
                0x0000000000012752                process_alloc_event
                0x0000000000012767                process_start
                0x0000000000012950                process_exit
                0x000000000001296c                process_init
                0x0000000000012b3d                process_run
                0x0000000000012b70                process_nevents
                0x0000000000012b8b                process_post
                0x0000000000012c37                process_post_synch
                0x0000000000012c6f                process_poll
                0x0000000000012c9e                process_is_running
 .text          0x0000000000012cb2       0xba obj_cooja/mtype213.a(rtimer.o)
                0x0000000000012cb2                rtimer_init
                0x0000000000012cbf                rtimer_set
                0x0000000000012d16                rtimer_run_next
 .text          0x0000000000012d6c       0xa3 obj_cooja/mtype213.a(stimer.o)
                0x0000000000012d6c                stimer_set
                0x0000000000012d87                stimer_reset
                0x0000000000012d9e                stimer_restart
                0x0000000000012db0                stimer_expired
                0x0000000000012dd7                stimer_remaining
                0x0000000000012dfb                stimer_elapsed
 .text          0x0000000000012e0f       0x91 obj_cooja/mtype213.a(timer.o)
                0x0000000000012e0f                timer_set
                0x0000000000012e2a                timer_reset
                0x0000000000012e41                timer_restart
                0x0000000000012e53                timer_expired
                0x0000000000012e7c                timer_remaining
 .text          0x0000000000012ea0      0x1fb obj_cooja/mtype213.a(serial-line.o)
                0x0000000000012ea0                serial_line_input_byte
                0x0000000000013063                serial_line_init
 .text          0x000000000001309b      0x244 obj_cooja/mtype213.a(list.o)
                0x000000000001309b                list_init
                0x00000000000130a9                list_head
                0x00000000000130b3                list_copy
                0x00000000000130c2                list_tail
                0x00000000000130f8                list_add
                0x0000000000013141                list_push
                0x000000000001316d                list_chop
                0x00000000000131d7                list_pop
                0x00000000000131ff                list_remove
                0x0000000000013266                list_length
                0x0000000000013294                list_insert
                0x00000000000132c8                list_item_next
 .text          0x00000000000132df      0x155 obj_cooja/mtype213.a(ringbuf.o)
                0x00000000000132df                ringbuf_init
                0x0000000000013310                ringbuf_put
                0x000000000001338e                ringbuf_get
                0x00000000000133fb                ringbuf_size
                0x000000000001340d                ringbuf_elements
 .text          0x0000000000013434     0x258b obj_cooja/mtype213.a(sicslowpan.o)
                0x00000000000139be                rime_sniffer_add
                0x00000000000139cb                rime_sniffer_remove
                0x000000000001595e                sicslowpan_init
                0x00000000000159b5                sicslowpan_get_last_rssi
 .text          0x00000000000159bf      0x3d1 obj_cooja/mtype213.a(uip-ds6-nbr.o)
                0x00000000000159dc                uip_ds6_neighbors_init
                0x00000000000159f9                uip_ds6_nbr_add
                0x0000000000015b9f                uip_ds6_nbr_rm
                0x0000000000015bfc                uip_ds6_nbr_get_ipaddr
                0x0000000000015c11                uip_ds6_nbr_get_ll
                0x0000000000015c2d                uip_ds6_nbr_num
                0x0000000000015c72                uip_ds6_nbr_lookup
                0x0000000000015cd7                uip_ds6_nbr_ll_lookup
                0x0000000000015cf3                uip_ds6_nbr_ipaddr_from_lladdr
                0x0000000000015d19                uip_ds6_nbr_lladdr_from_ipaddr
                0x0000000000015d47                uip_ds6_link_neighbor_callback
 .text          0x0000000000015d90      0x916 obj_cooja/mtype213.a(uip-ds6-route.o)
                0x0000000000015e07                uip_ds6_notification_add
                0x0000000000015e38                uip_ds6_notification_rm
                0x0000000000015e54                uip_ds6_route_init
                0x0000000000015edc                uip_ds6_route_nexthop
                0x0000000000015f04                uip_ds6_route_head
                0x0000000000015f19                uip_ds6_route_next
                0x0000000000015f3f                uip_ds6_route_is_nexthop
                0x0000000000015f7e                uip_ds6_route_num_routes
                0x0000000000015f88                uip_ds6_route_lookup
                0x000000000001604a                uip_ds6_route_add
                0x000000000001627e                uip_ds6_route_rm
                0x0000000000016412                uip_ds6_route_rm_by_nexthop
                0x000000000001644a                uip_ds6_defrt_add
                0x00000000000164fb                uip_ds6_defrt_rm
                0x000000000001657a                uip_ds6_defrt_lookup
                0x00000000000165d3                uip_ds6_defrt_choose
                0x000000000001663e                uip_ds6_defrt_periodic
 .text          0x00000000000166a6     0x1396 obj_cooja/mtype213.a(uip-ds6.o)
                0x00000000000166a6                uip_ds6_init
                0x0000000000016a4b                uip_ds6_periodic
                0x0000000000016b23                uip_ds6_list_loop
                0x0000000000016bca                uip_ds6_prefix_add
                0x0000000000016cde                uip_ds6_prefix_rm
                0x0000000000016cf0                uip_ds6_prefix_lookup
                0x0000000000016d41                uip_ds6_is_addr_onlink
                0x0000000000016db5                uip_ds6_addr_add
                0x0000000000016ee3                uip_ds6_long_addr_add
                0x0000000000017011                uip_ds6_addr_rm
                0x00000000000170b1                uip_ds6_addr_lookup
                0x00000000000170fc                uip_ds6_long_addr_lookup
                0x0000000000017147                uip_ds6_get_link_local
                0x00000000000171c6                uip_ds6_long_get_link_local
                0x0000000000017245                uip_ds6_get_global
                0x00000000000172c4                uip_ds6_long_get_global
                0x0000000000017343                uip_ds6_maddr_add
                0x00000000000173b5                uip_ds6_long_maddr_add
                0x0000000000017427                uip_ds6_maddr_rm
                0x0000000000017439                uip_ds6_maddr_lookup
                0x0000000000017484                uip_ds6_long_maddr_lookup
                0x00000000000174cf                uip_ds6_aaddr_add
                0x0000000000017541                uip_ds6_long_aaddr_add
                0x00000000000175b3                uip_ds6_aaddr_rm
                0x00000000000175c5                uip_ds6_aaddr_lookup
                0x0000000000017610                uip_ds6_long_aaddr_lookup
                0x000000000001765b                uip_ds6_select_src
                0x0000000000017927                uip_ds6_set_addr_iid
                0x000000000001795e                get_match_length
                0x00000000000179f0                uip_ds6_compute_reachable_time
 .text          0x0000000000017a3c     0x2d3b obj_cooja/mtype213.a(uip6.o)
                0x0000000000017a3c                uip_add32
                0x0000000000017bd5                uip_chksum
                0x0000000000017ceb                uip_icmp6chksum
                0x0000000000017cff                uip_tcpchksum
                0x0000000000017d13                uip_udpchksum
                0x0000000000017d27                uip_init
                0x0000000000017df7                uip_connect
                0x0000000000017fa6                remove_ext_hdr
                0x00000000000180af                uip_udp_new
                0x000000000001820b                uip_unlisten
                0x000000000001826b                uip_listen
                0x0000000000018591                uip_process
                0x000000000001a66b                uip_htons
                0x000000000001a68d                uip_htonl
                0x000000000001a6cd                uip_send
 .text          0x000000000001a777      0xa66 obj_cooja/mtype213.a(tcpip.o)
                0x000000000001a777                tcpip_output
                0x000000000001a7a5                tcpip_set_outputfunc
                0x000000000001a839                tcp_connect
                0x000000000001a88e                tcp_unlisten
                0x000000000001a8e9                tcp_listen
                0x000000000001a942                tcp_attach
                0x000000000001a967                udp_attach
                0x000000000001a98c                udp_new
                0x000000000001a9de                udp_broadcast_new
                0x000000000001ac52                tcpip_input
                0x000000000001ac86                tcpip_ipv6_output
                0x000000000001b023                tcpip_poll_udp
                0x000000000001b046                tcpip_poll_tcp
                0x000000000001b069                tcpip_uipcall
 .text          0x000000000001b1dd      0x1c1 obj_cooja/mtype213.a(uip-debug.o)
                0x000000000001b1dd                uip_debug_ipaddr_print
                0x000000000001b33f                uip_debug_lladdr_print
 .text          0x000000000001b39e      0x141 obj_cooja/mtype213.a(uip-packetqueue)
                0x000000000001b3ca                uip_packetqueue_new
                0x000000000001b3d8                uip_packetqueue_alloc
                0x000000000001b438                uip_packetqueue_free
                0x000000000001b479                uip_packetqueue_buf
                0x000000000001b496                uip_packetqueue_buflen
                0x000000000001b4b7                uip_packetqueue_set_buflen
 .text          0x000000000001b4df      0x131 obj_cooja/mtype213.a(uip-udp-packet.)
                0x000000000001b4df                uip_udp_packet_send
                0x000000000001b53f                uip_udp_packet_sendto
 .text          0x000000000001b610     0x238e obj_cooja/mtype213.a(rpl-dag.o)
                0x000000000001b610                rpl_print_neighbor_list
                0x000000000001b7e5                rpl_get_nbr
                0x000000000001b83f                rpl_dag_init
                0x000000000001b85c                rpl_get_parent
                0x000000000001b87e                rpl_get_parent_rank
                0x000000000001b8b1                rpl_get_parent_link_metric
                0x000000000001b8e4                rpl_get_parent_ipaddr
                0x000000000001bbe7                rpl_set_root
                0x000000000001be0e                rpl_repair_root
                0x000000000001c04a                rpl_set_prefix
                0x000000000001c149                rpl_set_default_route
                0x000000000001c1d5                rpl_alloc_instance
                0x000000000001c268                rpl_alloc_dag
                0x000000000001c319                rpl_set_default_instance
                0x000000000001c326                rpl_get_default_instance
                0x000000000001c330                rpl_free_instance
                0x000000000001c3df                rpl_free_dag
                0x000000000001c445                rpl_add_parent
                0x000000000001c51b                rpl_find_parent
                0x000000000001c573                rpl_find_parent_any_dag
                0x000000000001c5af                rpl_select_dag
                0x000000000001c945                rpl_select_parent
                0x000000000001c9a7                rpl_remove_parent
                0x000000000001c9ce                rpl_nullify_parent
                0x000000000001ca6c                rpl_move_parent
                0x000000000001cb09                rpl_has_downward_route
                0x000000000001cb5c                rpl_get_any_dag
                0x000000000001cbbe                rpl_get_instance
                0x000000000001cc21                rpl_find_of
                0x000000000001cc5e                rpl_join_instance
                0x000000000001ced9                rpl_add_dag
                0x000000000001d2c8                rpl_local_repair
                0x000000000001d38c                rpl_recalculate_ranks
                0x000000000001d412                rpl_process_parent_event
                0x000000000001d4c4                rpl_process_dio
 .text          0x000000000001d99e      0xbf3 obj_cooja/mtype213.a(rpl-ext-header.)
                0x000000000001d9bb                rpl_verify_header
                0x000000000001de35                rpl_update_header_empty
                0x000000000001e14c                rpl_update_header_final
                0x000000000001e2db                rpl_remove_header
                0x000000000001e3e5                rpl_invert_header
                0x000000000001e56f                rpl_insert_header
 .text          0x000000000001e591     0x25e3 obj_cooja/mtype213.a(rpl-icmp6.o)
                0x000000000001e7f0                rpl_icmp6_update_nbr_table
                0x000000000001e9bd                dis_output
                0x000000000001f2e4                dio_output
                0x0000000000020602                dao_output
                0x00000000000206c9                dao_output_target
                0x0000000000020b28                dao_ack_output
                0x0000000000020b3c                rpl_icmp6_register_handlers
 .text          0x0000000000020b74      0x2ba obj_cooja/mtype213.a(rpl-mrhof.o)
 .text          0x0000000000020e2e      0x909 obj_cooja/mtype213.a(rpl-timers.o)
                0x000000000002111a                rpl_reset_periodic_timer
                0x000000000002116f                rpl_reset_dio_timer
                0x0000000000021407                rpl_schedule_dao
                0x0000000000021422                rpl_schedule_dao_immediately
                0x000000000002143d                rpl_cancel_dao
                0x000000000002149f                rpl_schedule_unicast_dio_immediately
                0x00000000000216df                rpl_schedule_probing
 .text          0x0000000000021737      0x59b obj_cooja/mtype213.a(rpl.o)
                0x0000000000021737                rpl_get_mode
                0x0000000000021741                rpl_set_mode
                0x00000000000217cf                rpl_purge_routes
                0x00000000000218c9                rpl_remove_routes
                0x000000000002190f                rpl_remove_routes_by_nexthop
                0x000000000002197b                rpl_add_route
                0x00000000000219f6                rpl_link_neighbor_callback
                0x0000000000021afb                rpl_ipv6_neighbor_callback
                0x0000000000021b6a                rpl_purge_dags
                0x0000000000021c4c                rpl_init
 .text          0x0000000000021cd2       0x82 obj_cooja/mtype213.a(linkaddr.o)
                0x0000000000021cd2                linkaddr_copy
                0x0000000000021cf4                linkaddr_cmp
                0x0000000000021d1e                linkaddr_set_node_addr
                0x0000000000021d39                linkaddr_set_node_long_addr
 .text          0x0000000000021d54      0xa47 obj_cooja/mtype213.a(nbr-table.o)
                0x0000000000021d54                lladdr_map_add_lr
                0x0000000000021e21                lladdr_map_rm_lr
                0x00000000000222fe                nbr_table_register
                0x000000000002237f                nbr_table_head
                0x00000000000223db                nbr_table_next
                0x0000000000022442                nbr_table_add_lladdr
                0x0000000000022523                nbr_table_get_from_lladdr
                0x0000000000022570                nbr_table_remove
                0x00000000000225c2                nbr_table_lock
                0x0000000000022614                nbr_table_unlock
                0x0000000000022666                nbr_table_get_lladdr
 .text          0x000000000002279b       0x2b obj_cooja/mtype213.a(netstack.o)
                0x000000000002279b                netstack_init
 .text          0x00000000000227c6      0x3cd obj_cooja/mtype213.a(packetbuf.o)
                0x00000000000227c6                packetbuf_clear
                0x00000000000227f0                packetbuf_copyfrom
                0x0000000000022842                packetbuf_compact
                0x00000000000228bf                packetbuf_copyto
                0x0000000000022956                packetbuf_hdralloc
                0x00000000000229d3                packetbuf_hdrreduce
                0x0000000000022a1b                packetbuf_set_datalen
                0x0000000000022a34                packetbuf_dataptr
                0x0000000000022a51                packetbuf_hdrptr
                0x0000000000022a5b                packetbuf_datalen
                0x0000000000022a67                packetbuf_hdrlen
                0x0000000000022a7e                packetbuf_totlen
                0x0000000000022a94                packetbuf_attr_clear
                0x0000000000022ae6                packetbuf_attr_copyto
                0x0000000000022b2f                packetbuf_attr_copyfrom
                0x0000000000022b77                packetbuf_holds_broadcast
 .text          0x0000000000022b93      0x2b4 obj_cooja/mtype213.a(queuebuf.o)
                0x0000000000022b9d                queuebuf_init
                0x0000000000022bbd                queuebuf_numfree
                0x0000000000022bd1                queuebuf_new_from_packetbuf
                0x0000000000022c61                queuebuf_update_attr_from_packetbuf
                0x0000000000022c94                queuebuf_update_from_packetbuf
                0x0000000000022cde                queuebuf_free
                0x0000000000022d25                queuebuf_to_packetbuf
                0x0000000000022d8b                queuebuf_dataptr
                0x0000000000022dc2                queuebuf_datalen
                0x0000000000022de5                queuebuf_addr
                0x0000000000022e17                queuebuf_attr
                0x0000000000022e42                queuebuf_debug_print
 .text          0x0000000000022e47      0x3f5 obj_cooja/mtype213.a(framer-802154.o)
 .text          0x000000000002323c       0x5e obj_cooja/mtype213.a(nullmac.o)
 .text          0x000000000002329a      0x5ba obj_cooja/mtype213.a(nullrdc.o)
 .text          0x0000000000023854       0x6e obj_cooja/mtype213.a(nullsec.o)
 .text          0x00000000000238c2       0x19 obj_cooja/mtype213.a(watchdog.o)
                0x00000000000238c2                watchdog_init
                0x00000000000238c7                watchdog_start
                0x00000000000238cc                watchdog_periodic
                0x00000000000238d1                watchdog_stop
                0x00000000000238d6                watchdog_reboot
 .text          0x00000000000238db        0x0 obj_cooja/mtype213.a(rimestats.o)
 .text          0x00000000000238db      0x1c1 obj_cooja/mtype213.a(memb.o)
                0x00000000000238db                memb_init
                0x0000000000023939                memb_alloc
                0x000000000002399e                memb_free
                0x0000000000023a19                memb_inmemb
                0x0000000000023a58                memb_numfree
 .text          0x0000000000023a9c      0xab2 obj_cooja/mtype213.a(uip-icmp6.o)
                0x0000000000023b0a                uip_icmp6_input
                0x0000000000023b60                uip_icmp6_register_input_handler
                0x0000000000023e28                uip_icmp6_error_output
                0x000000000002416d                uip_icmp6_send
                0x00000000000244e1                uip_icmp6_echo_reply_callback_add
                0x0000000000024512                uip_icmp6_echo_reply_callback_rm
                0x000000000002452e                uip_icmp6_init
 .text          0x000000000002454e      0x358 obj_cooja/mtype213.a(uip-nd6.o)
                0x00000000000245a2                uip_nd6_ns_output
                0x00000000000248a1                uip_nd6_init
 .text          0x00000000000248a6      0x331 obj_cooja/mtype213.a(rpl-nbr-policy.)
                0x0000000000024a7e                find_removable_dis
                0x0000000000024aa1                find_removable_dio
                0x0000000000024b30                find_removable_dao
                0x0000000000024b80                rpl_nbr_policy_find_removable
 .text          0x0000000000024bd7      0x97c obj_cooja/mtype213.a(frame802154.o)
                0x0000000000024c08                frame802154_get_pan_id
                0x0000000000024c14                frame802154_set_pan_id
                0x0000000000024c2d                frame802154_has_panid
                0x0000000000024d19                frame802154_check_dest_panid
                0x0000000000024d81                frame802154_is_broadcast_addr
                0x0000000000024dce                frame802154_extract_linkaddr
                0x000000000002500e                frame802154_hdrlen
                0x000000000002505f                frame802154_create
                0x000000000002524a                frame802154_parse
 .text          0x0000000000025553      0x181 obj_cooja/mtype213.a(mac-sequence.o)
                0x000000000002558a                mac_sequence_is_duplicate
                0x000000000002560d                mac_sequence_register_seqno
 .text          0x00000000000256d4       0x3c obj_cooja/mtype213.a(mac.o)
                0x00000000000256d4                mac_call_sent_callback
 .text          0x0000000000025710        0x0 /usr/lib/gcc/i686-linux-gnu/4.8/crtendS.o
 .text          0x0000000000025710        0x0 /usr/lib/gcc/i686-linux-gnu/4.8/../../../i386-linux-gnu/crtn.o
 *(.gnu.warning)

.fini           0x0000000000025710       0x14
 *(SORT(.fini))
 .fini          0x0000000000025710        0xf /usr/lib/gcc/i686-linux-gnu/4.8/../../../i386-linux-gnu/crti.o
                0x0000000000025710                _fini
 .fini          0x000000000002571f        0x5 /usr/lib/gcc/i686-linux-gnu/4.8/../../../i386-linux-gnu/crtn.o
                0x0000000000025724                PROVIDE (__etext, .)
                0x0000000000025724                PROVIDE (_etext, .)
                0x0000000000025724                PROVIDE (etext, .)

.rodata         0x0000000000025740     0x1d38
 *(.rodata .rodata.* .gnu.linkonce.r.*)
 .rodata        0x0000000000025740      0x17e udp-client.co
                0x0000000000025754                autostart_processes
 *fill*         0x00000000000258be        0x2 
 .rodata        0x00000000000258c0      0x1b6 obj_cooja/mtype213.o
 *fill*         0x0000000000025a76        0x2 
 .rodata        0x0000000000025a78        0x8 obj_cooja/mtype213.a(beep.o)
                0x0000000000025a78                beep_interface
 .rodata        0x0000000000025a80       0x20 obj_cooja/mtype213.a(button-sensor.o)
                0x0000000000025a80                button_interface
                0x0000000000025a90                button_sensor
 .rodata        0x0000000000025aa0        0x8 obj_cooja/mtype213.a(leds-arch.o)
                0x0000000000025aa0                leds_interface
 .rodata        0x0000000000025aa8        0x8 obj_cooja/mtype213.a(moteid.o)
                0x0000000000025aa8                moteid_interface
 .rodata        0x0000000000025ab0       0x1c obj_cooja/mtype213.a(pir-sensor.o)
                0x0000000000025ab0                pir_interface
                0x0000000000025abc                pir_sensor
 .rodata        0x0000000000025acc        0xe obj_cooja/mtype213.a(rs232.o)
                0x0000000000025acc                rs232_interface
 *fill*         0x0000000000025ada        0x2 
 .rodata        0x0000000000025adc       0x24 obj_cooja/mtype213.a(vib-sensor.o)
                0x0000000000025adc                vib_interface
                0x0000000000025af0                vib_sensor
 .rodata        0x0000000000025b00        0x8 obj_cooja/mtype213.a(clock.o)
                0x0000000000025b00                clock_interface
 .rodata        0x0000000000025b08        0x8 obj_cooja/mtype213.a(log.o)
                0x0000000000025b08                simlog_interface
 .rodata        0x0000000000025b10       0x2f obj_cooja/mtype213.a(cfs-cooja.o)
                0x0000000000025b10                cfs_interface
 *fill*         0x0000000000025b3f        0x1 
 .rodata        0x0000000000025b40      0x120 obj_cooja/mtype213.a(cooja-radio.o)
                0x0000000000025c20                cooja_radio_driver
                0x0000000000025c58                radio_interface
 .rodata        0x0000000000025c60        0x8 obj_cooja/mtype213.a(eeprom.o)
                0x0000000000025c60                eeprom_interface
 .rodata        0x0000000000025c68        0x8 obj_cooja/mtype213.a(sensors.o)
 .rodata        0x0000000000025c70      0x21d obj_cooja/mtype213.a(dual_conf.o)
 .rodata        0x0000000000025e8d        0xf obj_cooja/mtype213.a(ctimer.o)
 .rodata        0x0000000000025e9c        0xc obj_cooja/mtype213.a(etimer.o)
 .rodata        0x0000000000025ea8        0xe obj_cooja/mtype213.a(serial-line.o)
 *fill*         0x0000000000025eb6        0x2 
 .rodata        0x0000000000025eb8       0x2c obj_cooja/mtype213.a(sicslowpan.o)
                0x0000000000025eb8                unc_llconf
                0x0000000000025ebc                unc_ctxconf
                0x0000000000025ec0                unc_mxconf
                0x0000000000025ec4                llprefix
                0x0000000000025ed8                sicslowpan_driver
 .rodata        0x0000000000025ee4       0xb1 obj_cooja/mtype213.a(uip-ds6-nbr.o)
 *fill*         0x0000000000025f95        0x3 
 .rodata        0x0000000000025f98      0x134 obj_cooja/mtype213.a(uip-ds6.o)
 .rodata        0x00000000000260cc      0x590 obj_cooja/mtype213.a(uip6.o)
 .rodata        0x000000000002665c       0x29 obj_cooja/mtype213.a(tcpip.o)
 .rodata        0x0000000000026685       0x3e obj_cooja/mtype213.a(uip-debug.o)
 *fill*         0x00000000000266c3        0x1 
 .rodata        0x00000000000266c4       0x72 obj_cooja/mtype213.a(rpl-dag.o)
 *fill*         0x0000000000026736        0x2 
 .rodata        0x0000000000026738      0x8a4 obj_cooja/mtype213.a(rpl-icmp6.o)
 .rodata        0x0000000000026fdc      0x260 obj_cooja/mtype213.a(rpl-timers.o)
 .rodata        0x000000000002723c        0x8 obj_cooja/mtype213.a(linkaddr.o)
                0x000000000002723c                linkaddr_null
 .rodata        0x0000000000027244       0x91 obj_cooja/mtype213.a(nbr-table.o)
 *fill*         0x00000000000272d5        0x3 
 .rodata        0x00000000000272d8        0xc obj_cooja/mtype213.a(framer-802154.o)
                0x00000000000272d8                framer_802154
 .rodata        0x00000000000272e4       0x24 obj_cooja/mtype213.a(nullmac.o)
                0x00000000000272ec                nullmac_driver
 *fill*         0x0000000000027308       0x18 
 .rodata        0x0000000000027320      0x140 obj_cooja/mtype213.a(nullrdc.o)
                0x0000000000027440                nullrdc_driver
 .rodata        0x0000000000027460       0x18 obj_cooja/mtype213.a(nullsec.o)
                0x0000000000027468                nullsec_driver

.rodata1
 *(.rodata1)

.eh_frame_hdr   0x0000000000027478     0x12e4
 *(.eh_frame_hdr)
 .eh_frame_hdr  0x0000000000027478     0x12e4 udp-client.co

.eh_frame       0x000000000002875c     0x4ce8
 *(.eh_frame)
 .eh_frame      0x000000000002875c       0x3c /usr/lib/gcc/i686-linux-gnu/4.8/../../../i386-linux-gnu/crti.o
                                         0x40 (size before relaxing)
 .eh_frame      0x0000000000028798       0xa8 udp-client.co
                                         0xc0 (size before relaxing)
 .eh_frame      0x0000000000028840      0x148 obj_cooja/mtype213.o
                                        0x160 (size before relaxing)
 .eh_frame      0x0000000000028988       0x40 obj_cooja/mtype213.a(simEnvChange.o)
                                         0x58 (size before relaxing)
 .eh_frame      0x00000000000289c8       0xc0 obj_cooja/mtype213.a(cooja_mt.o)
                                         0xd8 (size before relaxing)
 .eh_frame      0x0000000000028a88      0x120 obj_cooja/mtype213.a(cooja_mtarch.o)
                                        0x138 (size before relaxing)
 .eh_frame      0x0000000000028ba8       0xc0 obj_cooja/mtype213.a(rtimer-arch.o)
                                         0xd8 (size before relaxing)
 .eh_frame      0x0000000000028c68      0x160 obj_cooja/mtype213.a(beep.o)
                                        0x178 (size before relaxing)
 .eh_frame      0x0000000000028dc8       0xa0 obj_cooja/mtype213.a(button-sensor.o)
                                         0xb8 (size before relaxing)
 .eh_frame      0x0000000000028e68       0xa0 obj_cooja/mtype213.a(leds-arch.o)
                                         0xb8 (size before relaxing)
 .eh_frame      0x0000000000028f08       0x40 obj_cooja/mtype213.a(moteid.o)
                                         0x58 (size before relaxing)
 .eh_frame      0x0000000000028f48       0xa0 obj_cooja/mtype213.a(pir-sensor.o)
                                         0xb8 (size before relaxing)
 .eh_frame      0x0000000000028fe8      0x100 obj_cooja/mtype213.a(rs232.o)
                                        0x118 (size before relaxing)
 .eh_frame      0x00000000000290e8       0xa0 obj_cooja/mtype213.a(vib-sensor.o)
                                         0xb8 (size before relaxing)
 .eh_frame      0x0000000000029188       0xc0 obj_cooja/mtype213.a(clock.o)
                                         0xd8 (size before relaxing)
 .eh_frame      0x0000000000029248      0x120 obj_cooja/mtype213.a(log.o)
                                        0x138 (size before relaxing)
 .eh_frame      0x0000000000029368      0x160 obj_cooja/mtype213.a(cfs-cooja.o)
                                        0x178 (size before relaxing)
 .eh_frame      0x00000000000294c8      0x2e0 obj_cooja/mtype213.a(cooja-radio.o)
                                        0x2f8 (size before relaxing)
 .eh_frame      0x00000000000297a8       0xa0 obj_cooja/mtype213.a(eeprom.o)
                                         0xb8 (size before relaxing)
 .eh_frame      0x0000000000029848       0x40 obj_cooja/mtype213.a(random.o)
                                         0x58 (size before relaxing)
 .eh_frame      0x0000000000029888       0xc0 obj_cooja/mtype213.a(sensors.o)
                                         0xd8 (size before relaxing)
 .eh_frame      0x0000000000029948      0x120 obj_cooja/mtype213.a(dual_conf.o)
                                        0x138 (size before relaxing)
 .eh_frame      0x0000000000029a68       0x40 obj_cooja/mtype213.a(autostart.o)
                                         0x58 (size before relaxing)
 .eh_frame      0x0000000000029aa8      0x100 obj_cooja/mtype213.a(ctimer.o)
                                        0x118 (size before relaxing)
 .eh_frame      0x0000000000029ba8      0x1e0 obj_cooja/mtype213.a(etimer.o)
                                        0x1f8 (size before relaxing)
 .eh_frame      0x0000000000029d88      0x1c8 obj_cooja/mtype213.a(process.o)
                                        0x1e0 (size before relaxing)
 .eh_frame      0x0000000000029f50       0x60 obj_cooja/mtype213.a(rtimer.o)
                                         0x78 (size before relaxing)
 .eh_frame      0x0000000000029fb0       0xc4 obj_cooja/mtype213.a(stimer.o)
                                         0xdc (size before relaxing)
 .eh_frame      0x000000000002a074       0xa4 obj_cooja/mtype213.a(timer.o)
                                         0xbc (size before relaxing)
 .eh_frame      0x000000000002a118       0x60 obj_cooja/mtype213.a(serial-line.o)
                                         0x78 (size before relaxing)
 .eh_frame      0x000000000002a178      0x180 obj_cooja/mtype213.a(list.o)
                                        0x198 (size before relaxing)
 .eh_frame      0x000000000002a2f8       0xa0 obj_cooja/mtype213.a(ringbuf.o)
                                         0xb8 (size before relaxing)
 .eh_frame      0x000000000002a398      0x350 obj_cooja/mtype213.a(sicslowpan.o)
                                        0x368 (size before relaxing)
 .eh_frame      0x000000000002a6e8      0x180 obj_cooja/mtype213.a(uip-ds6-nbr.o)
                                        0x198 (size before relaxing)
 .eh_frame      0x000000000002a868      0x2a0 obj_cooja/mtype213.a(uip-ds6-route.o)
                                        0x2b8 (size before relaxing)
 .eh_frame      0x000000000002ab08      0x3c8 obj_cooja/mtype213.a(uip-ds6.o)
                                        0x3e0 (size before relaxing)
 .eh_frame      0x000000000002aed0      0x27c obj_cooja/mtype213.a(uip6.o)
                                        0x294 (size before relaxing)
 .eh_frame      0x000000000002b14c      0x270 obj_cooja/mtype213.a(tcpip.o)
                                        0x288 (size before relaxing)
 .eh_frame      0x000000000002b3bc       0x48 obj_cooja/mtype213.a(uip-debug.o)
                                         0x60 (size before relaxing)
 .eh_frame      0x000000000002b404       0xe0 obj_cooja/mtype213.a(uip-packetqueue)
                                         0xf8 (size before relaxing)
 .eh_frame      0x000000000002b4e4       0x40 obj_cooja/mtype213.a(uip-udp-packet.)
                                         0x58 (size before relaxing)
 .eh_frame      0x000000000002b524      0x65c obj_cooja/mtype213.a(rpl-dag.o)
                                        0x674 (size before relaxing)
 .eh_frame      0x000000000002bb80      0x10c obj_cooja/mtype213.a(rpl-ext-header.)
                                        0x124 (size before relaxing)
 .eh_frame      0x000000000002bc8c      0x288 obj_cooja/mtype213.a(rpl-icmp6.o)
                                        0x2a0 (size before relaxing)
 .eh_frame      0x000000000002bf14       0xe0 obj_cooja/mtype213.a(rpl-mrhof.o)
                                         0xf8 (size before relaxing)
 .eh_frame      0x000000000002bff4      0x210 obj_cooja/mtype213.a(rpl-timers.o)
                                        0x228 (size before relaxing)
 .eh_frame      0x000000000002c204      0x140 obj_cooja/mtype213.a(rpl.o)
                                        0x158 (size before relaxing)
 .eh_frame      0x000000000002c344       0x80 obj_cooja/mtype213.a(linkaddr.o)
                                         0x98 (size before relaxing)
 .eh_frame      0x000000000002c3c4      0x2f0 obj_cooja/mtype213.a(nbr-table.o)
                                        0x308 (size before relaxing)
 .eh_frame      0x000000000002c6b4       0x20 obj_cooja/mtype213.a(netstack.o)
                                         0x38 (size before relaxing)
 .eh_frame      0x000000000002c6d4      0x214 obj_cooja/mtype213.a(packetbuf.o)
                                        0x22c (size before relaxing)
 .eh_frame      0x000000000002c8e8      0x1a0 obj_cooja/mtype213.a(queuebuf.o)
                                        0x1b8 (size before relaxing)
 .eh_frame      0x000000000002ca88      0x108 obj_cooja/mtype213.a(framer-802154.o)
                                        0x120 (size before relaxing)
 .eh_frame      0x000000000002cb90       0xc0 obj_cooja/mtype213.a(nullmac.o)
                                         0xd8 (size before relaxing)
 .eh_frame      0x000000000002cc50      0x198 obj_cooja/mtype213.a(nullrdc.o)
                                        0x1b0 (size before relaxing)
 .eh_frame      0x000000000002cde8       0x80 obj_cooja/mtype213.a(nullsec.o)
                                         0x98 (size before relaxing)
 .eh_frame      0x000000000002ce68       0xa0 obj_cooja/mtype213.a(watchdog.o)
                                         0xb8 (size before relaxing)
 .eh_frame      0x000000000002cf08       0xa0 obj_cooja/mtype213.a(memb.o)
                                         0xb8 (size before relaxing)
 .eh_frame      0x000000000002cfa8      0x164 obj_cooja/mtype213.a(uip-icmp6.o)
                                        0x17c (size before relaxing)
 .eh_frame      0x000000000002d10c       0x68 obj_cooja/mtype213.a(uip-nd6.o)
                                         0x80 (size before relaxing)
 .eh_frame      0x000000000002d174       0xc0 obj_cooja/mtype213.a(rpl-nbr-policy.)
                                         0xd8 (size before relaxing)
 .eh_frame      0x000000000002d234      0x164 obj_cooja/mtype213.a(frame802154.o)
                                        0x17c (size before relaxing)
 .eh_frame      0x000000000002d398       0x88 obj_cooja/mtype213.a(mac-sequence.o)
                                         0xa0 (size before relaxing)
 .eh_frame      0x000000000002d420       0x20 obj_cooja/mtype213.a(mac.o)
                                         0x38 (size before relaxing)
 .eh_frame      0x000000000002d440        0x4 /usr/lib/gcc/i686-linux-gnu/4.8/crtendS.o

.gcc_except_table
 *(.gcc_except_table .gcc_except_table.*)

.exception_ranges
 *(.exception_ranges .exception_ranges*)
                0x000000000002d444                . = (ALIGN (0x1000) - ((0x1000 - .) & 0xfff))
                0x000000000002eef8                . = DATA_SEGMENT_ALIGN (0x1000, 0x1000)

.eh_frame
 *(.eh_frame)

.gcc_except_table
 *(.gcc_except_table .gcc_except_table.*)

.exception_ranges
 *(.exception_ranges .exception_ranges*)

.tdata
 *(.tdata .tdata.* .gnu.linkonce.td.*)

.tbss
 *(.tbss .tbss.* .gnu.linkonce.tb.*)
 *(.tcommon)

.preinit_array
 *(.preinit_array)

.init_array     0x000000000002eef8        0x4
 *(SORT(.init_array.*) SORT(.ctors.*))
 *(.init_array EXCLUDE_FILE(*crtend?.o *crtend.o *crtbegin?.o *crtbegin.o) .ctors)
 .init_array    0x000000000002eef8        0x4 /usr/lib/gcc/i686-linux-gnu/4.8/crtbeginS.o

.fini_array     0x000000000002eefc        0x4
 *(SORT(.fini_array.*) SORT(.dtors.*))
 *(.fini_array EXCLUDE_FILE(*crtend?.o *crtend.o *crtbegin?.o *crtbegin.o) .dtors)
 .fini_array    0x000000000002eefc        0x4 /usr/lib/gcc/i686-linux-gnu/4.8/crtbeginS.o

.ctors
 *crtbegin.o(.ctors)
 *crtbegin?.o(.ctors)
 *(EXCLUDE_FILE(*crtend?.o *crtend.o) .ctors)
 *(SORT(.ctors.*))
 *(.ctors)

.dtors
 *crtbegin.o(.dtors)
 *crtbegin?.o(.dtors)
 *(EXCLUDE_FILE(*crtend?.o *crtend.o) .dtors)
 *(SORT(.dtors.*))
 *(.dtors)

.jcr            0x000000000002ef00        0x4
 *(.jcr)
 .jcr           0x000000000002ef00        0x0 /usr/lib/gcc/i686-linux-gnu/4.8/crtbeginS.o
 .jcr           0x000000000002ef00        0x4 /usr/lib/gcc/i686-linux-gnu/4.8/crtendS.o

.data.rel.ro
 *(.data.rel.ro.local* .gnu.linkonce.d.rel.ro.local.*)
 *(.data.rel.ro .data.rel.ro.* .gnu.linkonce.d.rel.ro.*)

.dynamic        0x000000000002ef04       0xe8
 *(.dynamic)
 .dynamic       0x000000000002ef04       0xe8 /usr/lib/gcc/i686-linux-gnu/4.8/../../../i386-linux-gnu/crti.o
                0x000000000002ef04                _DYNAMIC

.got            0x000000000002efec       0x14
 *(.got)
 .got           0x000000000002efec       0x14 /usr/lib/gcc/i686-linux-gnu/4.8/../../../i386-linux-gnu/crti.o
 *(.igot)
                0x000000000002fff4                . = DATA_SEGMENT_RELRO_END (., (SIZEOF (.got.plt) >= 0xc)?0xc:0x0)

.got.plt        0x000000000002f000       0x14
 *(.got.plt)
 .got.plt       0x000000000002f000       0x14 /usr/lib/gcc/i686-linux-gnu/4.8/../../../i386-linux-gnu/crti.o
                0x000000000002f000                _GLOBAL_OFFSET_TABLE_
 *(.igot.plt)

.data           0x000000000002f020      0x22a
 *(.data .data.* .gnu.linkonce.d.*)
 .data          0x000000000002f020        0x0 /usr/lib/gcc/i686-linux-gnu/4.8/../../../i386-linux-gnu/crti.o
 .data          0x000000000002f020        0x0 /usr/lib/gcc/i686-linux-gnu/4.8/crtbeginS.o
 .data.rel      0x000000000002f020        0x4 /usr/lib/gcc/i686-linux-gnu/4.8/crtbeginS.o
                0x000000000002f020                __dso_handle
 .data          0x000000000002f024       0x10 udp-client.co
                0x000000000002f024                udp_client_process
 *fill*         0x000000000002f034        0xc 
 .data          0x000000000002f040       0x44 obj_cooja/mtype213.o
                0x000000000002f040                simInterfaces
                0x000000000002f074                sensors
 .data          0x000000000002f084        0x0 obj_cooja/mtype213.a(simEnvChange.o)
 .data          0x000000000002f084        0x0 obj_cooja/mtype213.a(cooja_mt.o)
 .data          0x000000000002f084        0x0 obj_cooja/mtype213.a(cooja_mtarch.o)
 .data          0x000000000002f084        0x0 obj_cooja/mtype213.a(rtimer-arch.o)
 .data          0x000000000002f084        0x0 obj_cooja/mtype213.a(beep.o)
 .data          0x000000000002f084        0x0 obj_cooja/mtype213.a(button-sensor.o)
 .data          0x000000000002f084        0x0 obj_cooja/mtype213.a(leds-arch.o)
 .data          0x000000000002f084        0x0 obj_cooja/mtype213.a(moteid.o)
 .data          0x000000000002f084        0x0 obj_cooja/mtype213.a(pir-sensor.o)
 .data          0x000000000002f084        0x0 obj_cooja/mtype213.a(rs232.o)
 .data          0x000000000002f084        0x0 obj_cooja/mtype213.a(vib-sensor.o)
 .data          0x000000000002f084        0x0 obj_cooja/mtype213.a(clock.o)
 .data          0x000000000002f084        0x0 obj_cooja/mtype213.a(log.o)
 .data          0x000000000002f084        0x0 obj_cooja/mtype213.a(cfs-cooja.o)
 .data          0x000000000002f084       0x38 obj_cooja/mtype213.a(cooja-radio.o)
                0x000000000002f084                simRadioChannel
                0x000000000002f088                simRadioChannelLR
                0x000000000002f08c                simRadioHWOn
                0x000000000002f08d                simRadioHWOnLR
                0x000000000002f090                simSignalStrength
                0x000000000002f094                simSignalStrengthLR
                0x000000000002f098                simLastSignalStrength
                0x000000000002f09c                simLastSignalStrengthLR
                0x000000000002f0a0                simPower
                0x000000000002f0a1                simPowerLR
                0x000000000002f0a4                simLQI
                0x000000000002f0a8                simLQILR
                0x000000000002f0ac                cooja_radio_process
 .data          0x000000000002f0bc        0x0 obj_cooja/mtype213.a(eeprom.o)
 .data          0x000000000002f0bc        0x0 obj_cooja/mtype213.a(random.o)
 .data          0x000000000002f0bc       0x10 obj_cooja/mtype213.a(sensors.o)
                0x000000000002f0bc                sensors_process
 .data          0x000000000002f0cc       0x24 obj_cooja/mtype213.a(dual_conf.o)
                0x000000000002f0cc                radio_received
                0x000000000002f0d0                dual_dio_broadcast
                0x000000000002f0e0                dual_dis_broadcast
 .data          0x000000000002f0f0        0x0 obj_cooja/mtype213.a(autostart.o)
 .data          0x000000000002f0f0       0x14 obj_cooja/mtype213.a(ctimer.o)
                0x000000000002f0f4                ctimer_process
 .data          0x000000000002f104       0x10 obj_cooja/mtype213.a(etimer.o)
                0x000000000002f104                etimer_process
 .data          0x000000000002f114        0x0 obj_cooja/mtype213.a(process.o)
 .data          0x000000000002f114        0x0 obj_cooja/mtype213.a(rtimer.o)
 .data          0x000000000002f114        0x0 obj_cooja/mtype213.a(stimer.o)
 .data          0x000000000002f114        0x0 obj_cooja/mtype213.a(timer.o)
 .data          0x000000000002f114       0x10 obj_cooja/mtype213.a(serial-line.o)
                0x000000000002f114                serial_line_process
 .data          0x000000000002f124        0x0 obj_cooja/mtype213.a(list.o)
 .data          0x000000000002f124        0x0 obj_cooja/mtype213.a(ringbuf.o)
 .data          0x000000000002f124        0x0 obj_cooja/mtype213.a(sicslowpan.o)
 .data          0x000000000002f124       0x14 obj_cooja/mtype213.a(uip-ds6-nbr.o)
                0x000000000002f134                ds6_neighbors
 .data          0x000000000002f138       0x44 obj_cooja/mtype213.a(uip-ds6-route.o)
                0x000000000002f148                nbr_routes
 .data          0x000000000002f17c        0x0 obj_cooja/mtype213.a(uip-ds6.o)
 .data          0x000000000002f17c        0x0 obj_cooja/mtype213.a(uip6.o)
 .data          0x000000000002f17c       0x10 obj_cooja/mtype213.a(tcpip.o)
                0x000000000002f17c                tcpip_process
 .data          0x000000000002f18c        0x0 obj_cooja/mtype213.a(uip-debug.o)
 .data          0x000000000002f18c        0xc obj_cooja/mtype213.a(uip-packetqueue)
 .data          0x000000000002f198        0x0 obj_cooja/mtype213.a(uip-udp-packet.)
 .data          0x000000000002f198       0x14 obj_cooja/mtype213.a(rpl-dag.o)
                0x000000000002f1a8                rpl_parents
 .data          0x000000000002f1ac        0x0 obj_cooja/mtype213.a(rpl-ext-header.)
 .data          0x000000000002f1ac       0x34 obj_cooja/mtype213.a(rpl-icmp6.o)
 .data          0x000000000002f1e0       0x1c obj_cooja/mtype213.a(rpl-mrhof.o)
                0x000000000002f1e0                rpl_mrhof
 .data          0x000000000002f1fc        0x0 obj_cooja/mtype213.a(rpl-timers.o)
 .data          0x000000000002f1fc        0x0 obj_cooja/mtype213.a(rpl.o)
 .data          0x000000000002f1fc        0x0 obj_cooja/mtype213.a(linkaddr.o)
 .data          0x000000000002f1fc       0x10 obj_cooja/mtype213.a(nbr-table.o)
 .data          0x000000000002f20c        0x0 obj_cooja/mtype213.a(netstack.o)
 .data          0x000000000002f20c        0x4 obj_cooja/mtype213.a(packetbuf.o)
 .data          0x000000000002f210       0x18 obj_cooja/mtype213.a(queuebuf.o)
 .data          0x000000000002f228        0x0 obj_cooja/mtype213.a(framer-802154.o)
 .data          0x000000000002f228        0x0 obj_cooja/mtype213.a(nullmac.o)
 .data          0x000000000002f228        0x0 obj_cooja/mtype213.a(nullrdc.o)
 .data          0x000000000002f228        0x0 obj_cooja/mtype213.a(nullsec.o)
 .data          0x000000000002f228        0x0 obj_cooja/mtype213.a(watchdog.o)
 .data          0x000000000002f228        0x0 obj_cooja/mtype213.a(rimestats.o)
 .data          0x000000000002f228        0x0 obj_cooja/mtype213.a(memb.o)
 .data          0x000000000002f228       0x20 obj_cooja/mtype213.a(uip-icmp6.o)
 .data          0x000000000002f248        0x0 obj_cooja/mtype213.a(uip-nd6.o)
 .data          0x000000000002f248        0x0 obj_cooja/mtype213.a(rpl-nbr-policy.)
 .data          0x000000000002f248        0x2 obj_cooja/mtype213.a(frame802154.o)
 .data          0x000000000002f24a        0x0 obj_cooja/mtype213.a(mac-sequence.o)
 .data          0x000000000002f24a        0x0 obj_cooja/mtype213.a(mac.o)
 .data          0x000000000002f24a        0x0 /usr/lib/gcc/i686-linux-gnu/4.8/crtendS.o
 .data          0x000000000002f24a        0x0 /usr/lib/gcc/i686-linux-gnu/4.8/../../../i386-linux-gnu/crtn.o

.tm_clone_table
                0x000000000002f24c        0x0
 .tm_clone_table
                0x000000000002f24c        0x0 /usr/lib/gcc/i686-linux-gnu/4.8/crtbeginS.o
 .tm_clone_table
                0x000000000002f24c        0x0 /usr/lib/gcc/i686-linux-gnu/4.8/crtendS.o

.data1
 *(.data1)
                0x000000000002f24c                _edata = .
                0x000000000002f24c                PROVIDE (edata, .)
                0x000000000002f24c                . = .
                0x000000000002f24c                __bss_start = .

.bss            0x000000000002f260     0x80c8
 *(.dynbss)
 .dynbss        0x0000000000000000        0x0 /usr/lib/gcc/i686-linux-gnu/4.8/../../../i386-linux-gnu/crti.o
 *(.bss .bss.* .gnu.linkonce.b.*)
 .bss           0x000000000002f260        0x0 /usr/lib/gcc/i686-linux-gnu/4.8/../../../i386-linux-gnu/crti.o
 .bss           0x000000000002f260        0x1 /usr/lib/gcc/i686-linux-gnu/4.8/crtbeginS.o
 *fill*         0x000000000002f261       0x1f 
 .bss           0x000000000002f280       0x60 udp-client.co
 .bss           0x000000000002f2e0     0x2030 obj_cooja/mtype213.o
 .bss           0x0000000000031310        0x1 obj_cooja/mtype213.a(simEnvChange.o)
                0x0000000000031310                simDontFallAsleep
 *fill*         0x0000000000031311        0x3 
 .bss           0x0000000000031314        0x4 obj_cooja/mtype213.a(cooja_mt.o)
 .bss           0x0000000000031318        0x4 obj_cooja/mtype213.a(cooja_mtarch.o)
 .bss           0x000000000003131c        0xc obj_cooja/mtype213.a(rtimer-arch.o)
 .bss           0x0000000000031328        0x0 obj_cooja/mtype213.a(beep.o)
 .bss           0x0000000000031328        0x8 obj_cooja/mtype213.a(button-sensor.o)
 .bss           0x0000000000031330        0x0 obj_cooja/mtype213.a(leds-arch.o)
 .bss           0x0000000000031330        0x0 obj_cooja/mtype213.a(moteid.o)
 .bss           0x0000000000031330        0x1 obj_cooja/mtype213.a(pir-sensor.o)
                0x0000000000031330                simPirValue
 *fill*         0x0000000000031331        0x3 
 .bss           0x0000000000031334        0x4 obj_cooja/mtype213.a(rs232.o)
 .bss           0x0000000000031338        0x1 obj_cooja/mtype213.a(vib-sensor.o)
                0x0000000000031338                simVibValue
 .bss           0x0000000000031339        0x0 obj_cooja/mtype213.a(clock.o)
 *fill*         0x0000000000031339        0x7 
 .bss           0x0000000000031340      0x420 obj_cooja/mtype213.a(log.o)
 .bss           0x0000000000031760      0xfc0 obj_cooja/mtype213.a(cfs-cooja.o)
                0x0000000000031760                simCFSData
                0x0000000000032700                simCFSSize
                0x0000000000032704                simCFSChanged
                0x0000000000032708                simCFSRead
                0x000000000003270c                simCFSWritten
 .bss           0x0000000000032720       0x20 obj_cooja/mtype213.a(cooja-radio.o)
                0x0000000000032720                simReceiving
                0x0000000000032721                simReceivingLR
                0x0000000000032724                simInSize
                0x0000000000032728                simInSizeLR
                0x000000000003272c                simOutSize
                0x0000000000032730                simOutSizeLR
                0x0000000000032734                LongRangeTransmit
                0x0000000000032738                LongRangeReceiving
 .bss           0x0000000000032740        0xc obj_cooja/mtype213.a(eeprom.o)
                0x0000000000032740                simEEPROMChanged
                0x0000000000032744                simEEPROMRead
                0x0000000000032748                simEEPROMWritten
 .bss           0x000000000003274c        0x0 obj_cooja/mtype213.a(random.o)
 .bss           0x000000000003274c        0xc obj_cooja/mtype213.a(sensors.o)
 .bss           0x0000000000032758       0x28 obj_cooja/mtype213.a(dual_conf.o)
                0x0000000000032758                long_range_radio
 .bss           0x0000000000032780        0x0 obj_cooja/mtype213.a(autostart.o)
 .bss           0x0000000000032780        0x5 obj_cooja/mtype213.a(ctimer.o)
 *fill*         0x0000000000032785        0x3 
 .bss           0x0000000000032788        0x8 obj_cooja/mtype213.a(etimer.o)
 *fill*         0x0000000000032790       0x10 
 .bss           0x00000000000327a0      0x1b1 obj_cooja/mtype213.a(process.o)
                0x00000000000327a0                process_list
                0x00000000000327a4                process_current
 *fill*         0x0000000000032951        0x3 
 .bss           0x0000000000032954        0x4 obj_cooja/mtype213.a(rtimer.o)
 .bss           0x0000000000032958        0x0 obj_cooja/mtype213.a(stimer.o)
 .bss           0x0000000000032958        0x0 obj_cooja/mtype213.a(timer.o)
 *fill*         0x0000000000032958        0x8 
 .bss           0x0000000000032960      0x140 obj_cooja/mtype213.a(serial-line.o)
 .bss           0x0000000000032aa0        0x0 obj_cooja/mtype213.a(list.o)
 .bss           0x0000000000032aa0        0x0 obj_cooja/mtype213.a(ringbuf.o)
 .bss           0x0000000000032aa0      0x70c obj_cooja/mtype213.a(sicslowpan.o)
 *fill*         0x00000000000331ac       0x14 
 .bss           0x00000000000331c0       0xf0 obj_cooja/mtype213.a(uip-ds6-nbr.o)
 *fill*         0x00000000000332b0       0x10 
 .bss           0x00000000000332c0      0x2a8 obj_cooja/mtype213.a(uip-ds6-route.o)
 .bss           0x0000000000033568       0x30 obj_cooja/mtype213.a(uip-ds6.o)
 .bss           0x0000000000033598        0xe obj_cooja/mtype213.a(uip6.o)
                0x0000000000033598                uip_ext_bitmap
                0x0000000000033599                uip_ext_len
                0x000000000003359a                uip_ext_opt_offset
 *fill*         0x00000000000335a6       0x1a 
 .bss           0x00000000000335c0       0x6a obj_cooja/mtype213.a(tcpip.o)
 .bss           0x000000000003362a        0x0 obj_cooja/mtype213.a(uip-debug.o)
 *fill*         0x000000000003362a       0x16 
 .bss           0x0000000000033640      0xcf8 obj_cooja/mtype213.a(uip-packetqueue)
 .bss           0x0000000000034338        0x0 obj_cooja/mtype213.a(uip-udp-packet.)
 *fill*         0x0000000000034338        0x8 
 .bss           0x0000000000034340       0xa0 obj_cooja/mtype213.a(rpl-dag.o)
 .bss           0x00000000000343e0        0x0 obj_cooja/mtype213.a(rpl-ext-header.)
 .bss           0x00000000000343e0        0x0 obj_cooja/mtype213.a(rpl-icmp6.o)
 .bss           0x00000000000343e0        0x0 obj_cooja/mtype213.a(rpl-mrhof.o)
 .bss           0x00000000000343e0       0x23 obj_cooja/mtype213.a(rpl-timers.o)
 *fill*         0x0000000000034403        0x1 
 .bss           0x0000000000034404        0x4 obj_cooja/mtype213.a(rpl.o)
 .bss           0x0000000000034408        0x0 obj_cooja/mtype213.a(linkaddr.o)
 *fill*         0x0000000000034408       0x18 
 .bss           0x0000000000034420       0xfc obj_cooja/mtype213.a(nbr-table.o)
 .bss           0x000000000003451c        0x0 obj_cooja/mtype213.a(netstack.o)
 *fill*         0x000000000003451c        0x4 
 .bss           0x0000000000034520       0xa0 obj_cooja/mtype213.a(packetbuf.o)
 .bss           0x00000000000345c0      0xb80 obj_cooja/mtype213.a(queuebuf.o)
 .bss           0x0000000000035140        0x2 obj_cooja/mtype213.a(framer-802154.o)
 .bss           0x0000000000035142        0x0 obj_cooja/mtype213.a(nullmac.o)
 .bss           0x0000000000035142        0x0 obj_cooja/mtype213.a(nullrdc.o)
 .bss           0x0000000000035142        0x0 obj_cooja/mtype213.a(nullsec.o)
 .bss           0x0000000000035142        0x0 obj_cooja/mtype213.a(watchdog.o)
 .bss           0x0000000000035142        0x0 obj_cooja/mtype213.a(rimestats.o)
 .bss           0x0000000000035142        0x0 obj_cooja/mtype213.a(memb.o)
 *fill*         0x0000000000035142        0x2 
 .bss           0x0000000000035144       0x18 obj_cooja/mtype213.a(uip-icmp6.o)
 .bss           0x000000000003515c        0x0 obj_cooja/mtype213.a(uip-nd6.o)
 *fill*         0x000000000003515c        0x4 
 .bss           0x0000000000035160       0x44 obj_cooja/mtype213.a(rpl-nbr-policy.)
 .bss           0x00000000000351a4        0x0 obj_cooja/mtype213.a(frame802154.o)
 *fill*         0x00000000000351a4       0x1c 
 .bss           0x00000000000351c0       0x90 obj_cooja/mtype213.a(mac-sequence.o)
 .bss           0x0000000000035250        0x0 obj_cooja/mtype213.a(mac.o)
 .bss           0x0000000000035250        0x0 /usr/lib/gcc/i686-linux-gnu/4.8/crtendS.o
 .bss           0x0000000000035250        0x0 /usr/lib/gcc/i686-linux-gnu/4.8/../../../i386-linux-gnu/crtn.o
 *(COMMON)
 COMMON         0x0000000000035250        0x8 obj_cooja/mtype213.o
                0x0000000000035250                referenceVar
                0x0000000000035254                sensors_flags
 COMMON         0x0000000000035258        0xc obj_cooja/mtype213.a(simEnvChange.o)
                0x0000000000035258                simEtimerPending
                0x000000000003525c                simProcessRunValue
                0x0000000000035260                simNextExpirationTime
 COMMON         0x0000000000035264        0x1 obj_cooja/mtype213.a(beep.o)
                0x0000000000035264                simBeeped
 COMMON         0x0000000000035265        0x3 obj_cooja/mtype213.a(button-sensor.o)
                0x0000000000035265                simButtonIsActive
                0x0000000000035266                simButtonIsDown
                0x0000000000035267                simButtonChanged
 COMMON         0x0000000000035268        0x1 obj_cooja/mtype213.a(leds-arch.o)
                0x0000000000035268                simLedsValue
 *fill*         0x0000000000035269        0x3 
 COMMON         0x000000000003526c        0xc obj_cooja/mtype213.a(moteid.o)
                0x000000000003526c                simRandomSeed
                0x0000000000035270                simMoteIDChanged
                0x0000000000035274                simMoteID
 COMMON         0x0000000000035278        0x2 obj_cooja/mtype213.a(pir-sensor.o)
                0x0000000000035278                simPirIsActive
                0x0000000000035279                simPirChanged
 *fill*         0x000000000003527a        0x6 
 COMMON         0x0000000000035280      0x820 obj_cooja/mtype213.a(rs232.o)
                0x0000000000035280                simSerialReceivingFlag
                0x0000000000035284                simSerialReceivingLength
                0x00000000000352a0                simSerialReceivingData
 COMMON         0x0000000000035aa0        0x2 obj_cooja/mtype213.a(vib-sensor.o)
                0x0000000000035aa0                simVibChanged
                0x0000000000035aa1                simVibIsActive
 *fill*         0x0000000000035aa2        0x2 
 COMMON         0x0000000000035aa4        0x4 obj_cooja/mtype213.a(clock.o)
                0x0000000000035aa4                simCurrentTime
 *fill*         0x0000000000035aa8       0x18 
 COMMON         0x0000000000035ac0      0x420 obj_cooja/mtype213.a(log.o)
                0x0000000000035ac0                simLoggedLength
                0x0000000000035ac4                simLoggedFlag
                0x0000000000035ae0                simLoggedData
 COMMON         0x0000000000035ee0      0x200 obj_cooja/mtype213.a(cooja-radio.o)
                0x0000000000035ee0                simOutDataBuffer
                0x0000000000035f60                simInDataBufferLR
                0x0000000000035fe0                simOutDataBufferLR
                0x0000000000036060                simInDataBuffer
 COMMON         0x00000000000360e0      0x400 obj_cooja/mtype213.a(eeprom.o)
                0x00000000000360e0                simEEPROMData
 COMMON         0x00000000000364e0        0x1 obj_cooja/mtype213.a(sensors.o)
                0x00000000000364e0                sensors_event
 COMMON         0x00000000000364e1        0x1 obj_cooja/mtype213.a(serial-line.o)
                0x00000000000364e1                serial_line_event_message
 *fill*         0x00000000000364e2       0x1e 
 COMMON         0x0000000000036500       0x64 obj_cooja/mtype213.a(uip-ds6-nbr.o)
                0x0000000000036500                ds6_lr_addrmap
 *fill*         0x0000000000036564       0x1c 
 COMMON         0x0000000000036580      0x298 obj_cooja/mtype213.a(uip-ds6.o)
                0x0000000000036580                uip_ds6_prefix_list
                0x00000000000365e0                uip_ds6_timer_periodic
                0x00000000000365f0                uip_ds6_netif_addr_list_offset
                0x0000000000036600                uip_ds6_if
                0x00000000000366f8                uip_ds6_timer_ra
                0x0000000000036700                uip_ds6_addr_size
                0x0000000000036720                long_uip_ds6_if
 *fill*         0x0000000000036818        0x8 
 COMMON         0x0000000000036820      0x8ec obj_cooja/mtype213.a(uip6.o)
                0x0000000000036820                uip_slen
                0x0000000000036822                uip_acc32
                0x0000000000036840                uip_conns
                0x0000000000036900                uip_lladdr
                0x0000000000036908                uip_appdata
                0x000000000003690c                uip_flags
                0x0000000000036920                uip_aligned_buf
                0x0000000000036f60                uip_listenports
                0x0000000000036f70                uip_len
                0x0000000000036f72                uip_long_lladdr
                0x0000000000036f7c                uip_sappdata
                0x0000000000036f80                uip_udp_conns
                0x0000000000037100                uip_udp_conn
                0x0000000000037104                uip_next_hdr
                0x0000000000037108                uip_conn
 COMMON         0x000000000003710c        0x1 obj_cooja/mtype213.a(tcpip.o)
                0x000000000003710c                tcpip_event
 *fill*         0x000000000003710d       0x13 
 COMMON         0x0000000000037120      0x170 obj_cooja/mtype213.a(rpl-dag.o)
                0x0000000000037120                default_instance
                0x0000000000037140                instance_table
 COMMON         0x0000000000037290       0x10 obj_cooja/mtype213.a(linkaddr.o)
                0x0000000000037290                linkaddr_node_addr
                0x0000000000037298                long_linkaddr_node_addr
 COMMON         0x00000000000372a0       0x2e obj_cooja/mtype213.a(packetbuf.o)
                0x00000000000372a0                packetbuf_attrs
                0x00000000000372be                packetbuf_addrs
 *fill*         0x00000000000372ce       0x12 
 COMMON         0x00000000000372e0       0x48 obj_cooja/mtype213.a(rimestats.o)
                0x00000000000372e0                rimestats
                0x0000000000037328                . = ALIGN ((. != 0x0)?0x4:0x1)
                0x0000000000037328                . = ALIGN (0x4)
                0x0000000000037328                . = SEGMENT_START ("ldata-segment", .)
                0x0000000000037328                . = ALIGN (0x4)
                0x0000000000037328                _end = .
                0x0000000000037328                PROVIDE (end, .)
                0x0000000000037328                . = DATA_SEGMENT_END (.)

.stab
 *(.stab)

.stabstr
 *(.stabstr)

.stab.excl
 *(.stab.excl)

.stab.exclstr
 *(.stab.exclstr)

.stab.index
 *(.stab.index)

.stab.indexstr
 *(.stab.indexstr)

.comment        0x0000000000000000       0x2b
 *(.comment)
 .comment       0x0000000000000000       0x2b /usr/lib/gcc/i686-linux-gnu/4.8/crtbeginS.o
                                         0x2c (size before relaxing)
 .comment       0x0000000000000000       0x2c udp-client.co
 .comment       0x0000000000000000       0x2c obj_cooja/mtype213.o
 .comment       0x0000000000000000       0x2c obj_cooja/mtype213.a(simEnvChange.o)
 .comment       0x0000000000000000       0x2c obj_cooja/mtype213.a(cooja_mt.o)
 .comment       0x0000000000000000       0x2c obj_cooja/mtype213.a(cooja_mtarch.o)
 .comment       0x0000000000000000       0x2c obj_cooja/mtype213.a(rtimer-arch.o)
 .comment       0x0000000000000000       0x2c obj_cooja/mtype213.a(beep.o)
 .comment       0x0000000000000000       0x2c obj_cooja/mtype213.a(button-sensor.o)
 .comment       0x0000000000000000       0x2c obj_cooja/mtype213.a(leds-arch.o)
 .comment       0x0000000000000000       0x2c obj_cooja/mtype213.a(moteid.o)
 .comment       0x0000000000000000       0x2c obj_cooja/mtype213.a(pir-sensor.o)
 .comment       0x0000000000000000       0x2c obj_cooja/mtype213.a(rs232.o)
 .comment       0x0000000000000000       0x2c obj_cooja/mtype213.a(vib-sensor.o)
 .comment       0x0000000000000000       0x2c obj_cooja/mtype213.a(clock.o)
 .comment       0x0000000000000000       0x2c obj_cooja/mtype213.a(log.o)
 .comment       0x0000000000000000       0x2c obj_cooja/mtype213.a(cfs-cooja.o)
 .comment       0x0000000000000000       0x2c obj_cooja/mtype213.a(cooja-radio.o)
 .comment       0x0000000000000000       0x2c obj_cooja/mtype213.a(eeprom.o)
 .comment       0x0000000000000000       0x2c obj_cooja/mtype213.a(random.o)
 .comment       0x0000000000000000       0x2c obj_cooja/mtype213.a(sensors.o)
 .comment       0x0000000000000000       0x2c obj_cooja/mtype213.a(dual_conf.o)
 .comment       0x0000000000000000       0x2c obj_cooja/mtype213.a(autostart.o)
 .comment       0x0000000000000000       0x2c obj_cooja/mtype213.a(ctimer.o)
 .comment       0x0000000000000000       0x2c obj_cooja/mtype213.a(etimer.o)
 .comment       0x0000000000000000       0x2c obj_cooja/mtype213.a(process.o)
 .comment       0x0000000000000000       0x2c obj_cooja/mtype213.a(rtimer.o)
 .comment       0x0000000000000000       0x2c obj_cooja/mtype213.a(stimer.o)
 .comment       0x0000000000000000       0x2c obj_cooja/mtype213.a(timer.o)
 .comment       0x0000000000000000       0x2c obj_cooja/mtype213.a(serial-line.o)
 .comment       0x0000000000000000       0x2c obj_cooja/mtype213.a(list.o)
 .comment       0x0000000000000000       0x2c obj_cooja/mtype213.a(ringbuf.o)
 .comment       0x0000000000000000       0x2c obj_cooja/mtype213.a(sicslowpan.o)
 .comment       0x0000000000000000       0x2c obj_cooja/mtype213.a(uip-ds6-nbr.o)
 .comment       0x0000000000000000       0x2c obj_cooja/mtype213.a(uip-ds6-route.o)
 .comment       0x0000000000000000       0x2c obj_cooja/mtype213.a(uip-ds6.o)
 .comment       0x0000000000000000       0x2c obj_cooja/mtype213.a(uip6.o)
 .comment       0x0000000000000000       0x2c obj_cooja/mtype213.a(tcpip.o)
 .comment       0x0000000000000000       0x2c obj_cooja/mtype213.a(uip-debug.o)
 .comment       0x0000000000000000       0x2c obj_cooja/mtype213.a(uip-packetqueue)
 .comment       0x0000000000000000       0x2c obj_cooja/mtype213.a(uip-udp-packet.)
 .comment       0x0000000000000000       0x2c obj_cooja/mtype213.a(rpl-dag.o)
 .comment       0x0000000000000000       0x2c obj_cooja/mtype213.a(rpl-ext-header.)
 .comment       0x0000000000000000       0x2c obj_cooja/mtype213.a(rpl-icmp6.o)
 .comment       0x0000000000000000       0x2c obj_cooja/mtype213.a(rpl-mrhof.o)
 .comment       0x0000000000000000       0x2c obj_cooja/mtype213.a(rpl-timers.o)
 .comment       0x0000000000000000       0x2c obj_cooja/mtype213.a(rpl.o)
 .comment       0x0000000000000000       0x2c obj_cooja/mtype213.a(linkaddr.o)
 .comment       0x0000000000000000       0x2c obj_cooja/mtype213.a(nbr-table.o)
 .comment       0x0000000000000000       0x2c obj_cooja/mtype213.a(netstack.o)
 .comment       0x0000000000000000       0x2c obj_cooja/mtype213.a(packetbuf.o)
 .comment       0x0000000000000000       0x2c obj_cooja/mtype213.a(queuebuf.o)
 .comment       0x0000000000000000       0x2c obj_cooja/mtype213.a(framer-802154.o)
 .comment       0x0000000000000000       0x2c obj_cooja/mtype213.a(nullmac.o)
 .comment       0x0000000000000000       0x2c obj_cooja/mtype213.a(nullrdc.o)
 .comment       0x0000000000000000       0x2c obj_cooja/mtype213.a(nullsec.o)
 .comment       0x0000000000000000       0x2c obj_cooja/mtype213.a(watchdog.o)
 .comment       0x0000000000000000       0x2c obj_cooja/mtype213.a(rimestats.o)
 .comment       0x0000000000000000       0x2c obj_cooja/mtype213.a(memb.o)
 .comment       0x0000000000000000       0x2c obj_cooja/mtype213.a(uip-icmp6.o)
 .comment       0x0000000000000000       0x2c obj_cooja/mtype213.a(uip-nd6.o)
 .comment       0x0000000000000000       0x2c obj_cooja/mtype213.a(rpl-nbr-policy.)
 .comment       0x0000000000000000       0x2c obj_cooja/mtype213.a(frame802154.o)
 .comment       0x0000000000000000       0x2c obj_cooja/mtype213.a(mac-sequence.o)
 .comment       0x0000000000000000       0x2c obj_cooja/mtype213.a(mac.o)
 .comment       0x0000000000000000       0x2c /usr/lib/gcc/i686-linux-gnu/4.8/crtendS.o

.debug
 *(.debug)

.line
 *(.line)

.debug_srcinfo
 *(.debug_srcinfo)

.debug_sfnames
 *(.debug_sfnames)

.debug_aranges  0x0000000000000000      0x7f8
 *(.debug_aranges)
 .debug_aranges
                0x0000000000000000       0x20 udp-client.co
 .debug_aranges
                0x0000000000000020       0x20 obj_cooja/mtype213.o
 .debug_aranges
                0x0000000000000040       0x20 obj_cooja/mtype213.a(simEnvChange.o)
 .debug_aranges
                0x0000000000000060       0x20 obj_cooja/mtype213.a(cooja_mt.o)
 .debug_aranges
                0x0000000000000080       0x20 obj_cooja/mtype213.a(cooja_mtarch.o)
 .debug_aranges
                0x00000000000000a0       0x20 obj_cooja/mtype213.a(rtimer-arch.o)
 .debug_aranges
                0x00000000000000c0       0x20 obj_cooja/mtype213.a(beep.o)
 .debug_aranges
                0x00000000000000e0       0x20 obj_cooja/mtype213.a(button-sensor.o)
 .debug_aranges
                0x0000000000000100       0x20 obj_cooja/mtype213.a(leds-arch.o)
 .debug_aranges
                0x0000000000000120       0x20 obj_cooja/mtype213.a(moteid.o)
 .debug_aranges
                0x0000000000000140       0x20 obj_cooja/mtype213.a(pir-sensor.o)
 .debug_aranges
                0x0000000000000160       0x20 obj_cooja/mtype213.a(rs232.o)
 .debug_aranges
                0x0000000000000180       0x20 obj_cooja/mtype213.a(vib-sensor.o)
 .debug_aranges
                0x00000000000001a0       0x20 obj_cooja/mtype213.a(clock.o)
 .debug_aranges
                0x00000000000001c0       0x20 obj_cooja/mtype213.a(log.o)
 .debug_aranges
                0x00000000000001e0       0x20 obj_cooja/mtype213.a(cfs-cooja.o)
 .debug_aranges
                0x0000000000000200       0x20 obj_cooja/mtype213.a(cooja-radio.o)
 .debug_aranges
                0x0000000000000220       0x20 obj_cooja/mtype213.a(eeprom.o)
 .debug_aranges
                0x0000000000000240       0x20 obj_cooja/mtype213.a(random.o)
 .debug_aranges
                0x0000000000000260       0x20 obj_cooja/mtype213.a(sensors.o)
 .debug_aranges
                0x0000000000000280       0x20 obj_cooja/mtype213.a(dual_conf.o)
 .debug_aranges
                0x00000000000002a0       0x20 obj_cooja/mtype213.a(autostart.o)
 .debug_aranges
                0x00000000000002c0       0x20 obj_cooja/mtype213.a(ctimer.o)
 .debug_aranges
                0x00000000000002e0       0x20 obj_cooja/mtype213.a(etimer.o)
 .debug_aranges
                0x0000000000000300       0x20 obj_cooja/mtype213.a(process.o)
 .debug_aranges
                0x0000000000000320       0x20 obj_cooja/mtype213.a(rtimer.o)
 .debug_aranges
                0x0000000000000340       0x20 obj_cooja/mtype213.a(stimer.o)
 .debug_aranges
                0x0000000000000360       0x20 obj_cooja/mtype213.a(timer.o)
 .debug_aranges
                0x0000000000000380       0x20 obj_cooja/mtype213.a(serial-line.o)
 .debug_aranges
                0x00000000000003a0       0x20 obj_cooja/mtype213.a(list.o)
 .debug_aranges
                0x00000000000003c0       0x20 obj_cooja/mtype213.a(ringbuf.o)
 .debug_aranges
                0x00000000000003e0       0x20 obj_cooja/mtype213.a(sicslowpan.o)
 .debug_aranges
                0x0000000000000400       0x20 obj_cooja/mtype213.a(uip-ds6-nbr.o)
 .debug_aranges
                0x0000000000000420       0x20 obj_cooja/mtype213.a(uip-ds6-route.o)
 .debug_aranges
                0x0000000000000440       0x20 obj_cooja/mtype213.a(uip-ds6.o)
 .debug_aranges
                0x0000000000000460       0x20 obj_cooja/mtype213.a(uip6.o)
 .debug_aranges
                0x0000000000000480       0x20 obj_cooja/mtype213.a(tcpip.o)
 .debug_aranges
                0x00000000000004a0       0x20 obj_cooja/mtype213.a(uip-debug.o)
 .debug_aranges
                0x00000000000004c0       0x20 obj_cooja/mtype213.a(uip-packetqueue)
 .debug_aranges
                0x00000000000004e0       0x20 obj_cooja/mtype213.a(uip-udp-packet.)
 .debug_aranges
                0x0000000000000500       0x20 obj_cooja/mtype213.a(rpl-dag.o)
 .debug_aranges
                0x0000000000000520       0x20 obj_cooja/mtype213.a(rpl-ext-header.)
 .debug_aranges
                0x0000000000000540       0x20 obj_cooja/mtype213.a(rpl-icmp6.o)
 .debug_aranges
                0x0000000000000560       0x20 obj_cooja/mtype213.a(rpl-mrhof.o)
 .debug_aranges
                0x0000000000000580       0x20 obj_cooja/mtype213.a(rpl-timers.o)
 .debug_aranges
                0x00000000000005a0       0x20 obj_cooja/mtype213.a(rpl.o)
 .debug_aranges
                0x00000000000005c0       0x20 obj_cooja/mtype213.a(linkaddr.o)
 .debug_aranges
                0x00000000000005e0       0x20 obj_cooja/mtype213.a(nbr-table.o)
 .debug_aranges
                0x0000000000000600       0x20 obj_cooja/mtype213.a(netstack.o)
 .debug_aranges
                0x0000000000000620       0x20 obj_cooja/mtype213.a(packetbuf.o)
 .debug_aranges
                0x0000000000000640       0x20 obj_cooja/mtype213.a(queuebuf.o)
 .debug_aranges
                0x0000000000000660       0x20 obj_cooja/mtype213.a(framer-802154.o)
 .debug_aranges
                0x0000000000000680       0x20 obj_cooja/mtype213.a(nullmac.o)
 .debug_aranges
                0x00000000000006a0       0x20 obj_cooja/mtype213.a(nullrdc.o)
 .debug_aranges
                0x00000000000006c0       0x20 obj_cooja/mtype213.a(nullsec.o)
 .debug_aranges
                0x00000000000006e0       0x20 obj_cooja/mtype213.a(watchdog.o)
 .debug_aranges
                0x0000000000000700       0x18 obj_cooja/mtype213.a(rimestats.o)
 .debug_aranges
                0x0000000000000718       0x20 obj_cooja/mtype213.a(memb.o)
 .debug_aranges
                0x0000000000000738       0x20 obj_cooja/mtype213.a(uip-icmp6.o)
 .debug_aranges
                0x0000000000000758       0x20 obj_cooja/mtype213.a(uip-nd6.o)
 .debug_aranges
                0x0000000000000778       0x20 obj_cooja/mtype213.a(rpl-nbr-policy.)
 .debug_aranges
                0x0000000000000798       0x20 obj_cooja/mtype213.a(frame802154.o)
 .debug_aranges
                0x00000000000007b8       0x20 obj_cooja/mtype213.a(mac-sequence.o)
 .debug_aranges
                0x00000000000007d8       0x20 obj_cooja/mtype213.a(mac.o)

.debug_pubnames
 *(.debug_pubnames)

.debug_info     0x0000000000000000    0x1b1b3
 *(.debug_info .gnu.linkonce.wi.*)
 .debug_info    0x0000000000000000      0x8b3 udp-client.co
 .debug_info    0x00000000000008b3     0x3771 obj_cooja/mtype213.o
 .debug_info    0x0000000000004024      0x15a obj_cooja/mtype213.a(simEnvChange.o)
 .debug_info    0x000000000000417e      0x1e2 obj_cooja/mtype213.a(cooja_mt.o)
 .debug_info    0x0000000000004360      0x2e7 obj_cooja/mtype213.a(cooja_mtarch.o)
 .debug_info    0x0000000000004647      0x16b obj_cooja/mtype213.a(rtimer-arch.o)
 .debug_info    0x00000000000047b2      0x1f3 obj_cooja/mtype213.a(beep.o)
 .debug_info    0x00000000000049a5      0x257 obj_cooja/mtype213.a(button-sensor.o)
 .debug_info    0x0000000000004bfc      0x132 obj_cooja/mtype213.a(leds-arch.o)
 .debug_info    0x0000000000004d2e      0x10a obj_cooja/mtype213.a(moteid.o)
 .debug_info    0x0000000000004e38      0x216 obj_cooja/mtype213.a(pir-sensor.o)
 .debug_info    0x000000000000504e      0x21e obj_cooja/mtype213.a(rs232.o)
 .debug_info    0x000000000000526c      0x216 obj_cooja/mtype213.a(vib-sensor.o)
 .debug_info    0x0000000000005482      0x152 obj_cooja/mtype213.a(clock.o)
 .debug_info    0x00000000000055d4      0x2bb obj_cooja/mtype213.a(log.o)
 .debug_info    0x000000000000588f      0x3cf obj_cooja/mtype213.a(cfs-cooja.o)
 .debug_info    0x0000000000005c5e      0xcb4 obj_cooja/mtype213.a(cooja-radio.o)
 .debug_info    0x0000000000006912      0x1d5 obj_cooja/mtype213.a(eeprom.o)
 .debug_info    0x0000000000006ae7       0xb3 obj_cooja/mtype213.a(random.o)
 .debug_info    0x0000000000006b9a      0x36d obj_cooja/mtype213.a(sensors.o)
 .debug_info    0x0000000000006f07      0x99d obj_cooja/mtype213.a(dual_conf.o)
 .debug_info    0x00000000000078a4      0x1a5 obj_cooja/mtype213.a(autostart.o)
 .debug_info    0x0000000000007a49      0x46c obj_cooja/mtype213.a(ctimer.o)
 .debug_info    0x0000000000007eb5      0x49c obj_cooja/mtype213.a(etimer.o)
 .debug_info    0x0000000000008351      0x4ba obj_cooja/mtype213.a(process.o)
 .debug_info    0x000000000000880b      0x1ab obj_cooja/mtype213.a(rtimer.o)
 .debug_info    0x00000000000089b6      0x179 obj_cooja/mtype213.a(stimer.o)
 .debug_info    0x0000000000008b2f      0x16c obj_cooja/mtype213.a(timer.o)
 .debug_info    0x0000000000008c9b      0x2de obj_cooja/mtype213.a(serial-line.o)
 .debug_info    0x0000000000008f79      0x2ed obj_cooja/mtype213.a(list.o)
 .debug_info    0x0000000000009266      0x1aa obj_cooja/mtype213.a(ringbuf.o)
 .debug_info    0x0000000000009410     0x105e obj_cooja/mtype213.a(sicslowpan.o)
 .debug_info    0x000000000000a46e      0x8c7 obj_cooja/mtype213.a(uip-ds6-nbr.o)
 .debug_info    0x000000000000ad35      0xd30 obj_cooja/mtype213.a(uip-ds6-route.o)
 .debug_info    0x000000000000ba65      0xc19 obj_cooja/mtype213.a(uip-ds6.o)
 .debug_info    0x000000000000c67e      0xea0 obj_cooja/mtype213.a(uip6.o)
 .debug_info    0x000000000000d51e     0x14b3 obj_cooja/mtype213.a(tcpip.o)
 .debug_info    0x000000000000e9d1      0x1b5 obj_cooja/mtype213.a(uip-debug.o)
 .debug_info    0x000000000000eb86      0x470 obj_cooja/mtype213.a(uip-packetqueue)
 .debug_info    0x000000000000eff6      0x37a obj_cooja/mtype213.a(uip-udp-packet.)
 .debug_info    0x000000000000f370     0x18f4 obj_cooja/mtype213.a(rpl-dag.o)
 .debug_info    0x0000000000010c64      0xe2b obj_cooja/mtype213.a(rpl-ext-header.)
 .debug_info    0x0000000000011a8f     0x1746 obj_cooja/mtype213.a(rpl-icmp6.o)
 .debug_info    0x00000000000131d5      0xacc obj_cooja/mtype213.a(rpl-mrhof.o)
 .debug_info    0x0000000000013ca1      0xbeb obj_cooja/mtype213.a(rpl-timers.o)
 .debug_info    0x000000000001488c      0xcde obj_cooja/mtype213.a(rpl.o)
 .debug_info    0x000000000001556a      0x198 obj_cooja/mtype213.a(linkaddr.o)
 .debug_info    0x0000000000015702      0xbe0 obj_cooja/mtype213.a(nbr-table.o)
 .debug_info    0x00000000000162e2      0x4ba obj_cooja/mtype213.a(netstack.o)
 .debug_info    0x000000000001679c      0x478 obj_cooja/mtype213.a(packetbuf.o)
 .debug_info    0x0000000000016c14      0x57d obj_cooja/mtype213.a(queuebuf.o)
 .debug_info    0x0000000000017191      0x5ed obj_cooja/mtype213.a(framer-802154.o)
 .debug_info    0x000000000001777e      0x3d5 obj_cooja/mtype213.a(nullmac.o)
 .debug_info    0x0000000000017b53      0xc97 obj_cooja/mtype213.a(nullrdc.o)
 .debug_info    0x00000000000187ea      0x3aa obj_cooja/mtype213.a(nullsec.o)
 .debug_info    0x0000000000018b94       0x7b obj_cooja/mtype213.a(watchdog.o)
 .debug_info    0x0000000000018c0f      0x119 obj_cooja/mtype213.a(rimestats.o)
 .debug_info    0x0000000000018d28      0x1d7 obj_cooja/mtype213.a(memb.o)
 .debug_info    0x0000000000018eff      0x784 obj_cooja/mtype213.a(uip-icmp6.o)
 .debug_info    0x0000000000019683      0x331 obj_cooja/mtype213.a(uip-nd6.o)
 .debug_info    0x00000000000199b4      0xda2 obj_cooja/mtype213.a(rpl-nbr-policy.)
 .debug_info    0x000000000001a756      0x6b4 obj_cooja/mtype213.a(frame802154.o)