Archive member included to satisfy reference by file (symbol)

obj_cooja/mtype204.a(simEnvChange.o)
                              obj_cooja/mtype204.o (simDontFallAsleep)
obj_cooja/mtype204.a(cooja_mt.o)
                              obj_cooja/mtype204.o (cooja_mt_start)
obj_cooja/mtype204.a(cooja_mtarch.o)
                              obj_cooja/mtype204.a(cooja_mt.o) (cooja_mtarch_init)
obj_cooja/mtype204.a(rtimer-arch.o)
                              obj_cooja/mtype204.o (rtimer_arch_next)
obj_cooja/mtype204.a(beep.o)  obj_cooja/mtype204.o (beep_interface)
obj_cooja/mtype204.a(button-sensor.o)
                              obj_cooja/mtype204.o (button_interface)
obj_cooja/mtype204.a(leds-arch.o)
                              obj_cooja/mtype204.o (leds_interface)
obj_cooja/mtype204.a(moteid.o)
                              obj_cooja/mtype204.o (moteid_interface)
obj_cooja/mtype204.a(pir-sensor.o)
                              obj_cooja/mtype204.o (pir_interface)
obj_cooja/mtype204.a(rs232.o)
                              obj_cooja/mtype204.o (rs232_interface)
obj_cooja/mtype204.a(vib-sensor.o)
                              obj_cooja/mtype204.o (vib_interface)
obj_cooja/mtype204.a(clock.o)
                              obj_cooja/mtype204.o (clock_interface)
obj_cooja/mtype204.a(log.o)   obj_cooja/mtype204.o (simlog_interface)
obj_cooja/mtype204.a(cfs-cooja.o)
                              obj_cooja/mtype204.o (cfs_interface)
obj_cooja/mtype204.a(cooja-radio.o)
                              obj_cooja/mtype204.o (radio_interface)
obj_cooja/mtype204.a(eeprom.o)
                              obj_cooja/mtype204.o (eeprom_interface)
obj_cooja/mtype204.a(random.o)
                              obj_cooja/mtype204.a(moteid.o) (random_init)
obj_cooja/mtype204.a(sensors.o)
                              obj_cooja/mtype204.o (sensors_process)
obj_cooja/mtype204.a(dual_conf.o)
                              obj_cooja/mtype204.a(cooja-radio.o) (long_range_radio)
obj_cooja/mtype204.a(autostart.o)
                              obj_cooja/mtype204.o (autostart_start)
obj_cooja/mtype204.a(ctimer.o)
                              obj_cooja/mtype204.o (ctimer_init)
obj_cooja/mtype204.a(etimer.o)
                              obj_cooja/mtype204.o (etimer_process)
obj_cooja/mtype204.a(process.o)
                              udp-client.co (process_current)
obj_cooja/mtype204.a(rtimer.o)
                              obj_cooja/mtype204.a(rtimer-arch.o) (rtimer_run_next)
obj_cooja/mtype204.a(stimer.o)
                              udp-client.co (stimer_remaining)
obj_cooja/mtype204.a(timer.o)
                              obj_cooja/mtype204.a(button-sensor.o) (timer_set)
obj_cooja/mtype204.a(serial-line.o)
                              udp-client.co (serial_line_event_message)
obj_cooja/mtype204.a(list.o)  obj_cooja/mtype204.a(ctimer.o) (list_init)
obj_cooja/mtype204.a(ringbuf.o)
                              obj_cooja/mtype204.a(serial-line.o) (ringbuf_init)
obj_cooja/mtype204.a(sicslowpan.o)
                              obj_cooja/mtype204.o (sicslowpan_driver)
obj_cooja/mtype204.a(uip-ds6-nbr.o)
                              obj_cooja/mtype204.a(sicslowpan.o) (uip_ds6_link_neighbor_callback)
obj_cooja/mtype204.a(uip-ds6-route.o)
                              udp-client.co (uip_ds6_route_nexthop)
obj_cooja/mtype204.a(uip-ds6.o)
                              udp-client.co (uip_ds6_if)
obj_cooja/mtype204.a(uip6.o)  udp-client.co (uip_lladdr)
obj_cooja/mtype204.a(tcpip.o)
                              udp-client.co (tcpip_event)
obj_cooja/mtype204.a(uip-debug.o)
                              udp-client.co (uip_debug_ipaddr_print)
obj_cooja/mtype204.a(uip-packetqueue)
                              obj_cooja/mtype204.a(uip-ds6-nbr.o) (uip_packetqueue_new)
obj_cooja/mtype204.a(uip-udp-packet.)
                              udp-client.co (uip_udp_packet_sendto)
obj_cooja/mtype204.a(rpl-dag.o)
                              obj_cooja/mtype204.a(tcpip.o) (rpl_repair_root)
obj_cooja/mtype204.a(rpl-ext-header.)
                              obj_cooja/mtype204.a(uip6.o) (rpl_verify_header)
obj_cooja/mtype204.a(rpl-icmp6.o)
                              obj_cooja/mtype204.a(rpl-dag.o) (rpl_icmp6_update_nbr_table)
obj_cooja/mtype204.a(rpl-mrhof.o)
                              obj_cooja/mtype204.a(rpl-dag.o) (rpl_mrhof)
obj_cooja/mtype204.a(rpl-timers.o)
                              obj_cooja/mtype204.a(rpl-dag.o) (rpl_reset_dio_timer)
obj_cooja/mtype204.a(rpl.o)   obj_cooja/mtype204.a(rpl-icmp6.o) (rpl_get_mode)
obj_cooja/mtype204.a(linkaddr.o)
                              obj_cooja/mtype204.o (linkaddr_node_addr)
obj_cooja/mtype204.a(nbr-table.o)
                              obj_cooja/mtype204.a(uip-ds6-nbr.o) (nbr_table_register)
obj_cooja/mtype204.a(netstack.o)
                              obj_cooja/mtype204.o (netstack_init)
obj_cooja/mtype204.a(packetbuf.o)
[...]
Memory Configuration

Name             Origin             Length             Attributes
*default*        0x0000000000000000 0xffffffffffffffff

Linker script and memory map

LOAD /usr/lib/gcc/i686-linux-gnu/4.8/../../../i386-linux-gnu/crti.o
LOAD /usr/lib/gcc/i686-linux-gnu/4.8/crtbeginS.o
LOAD udp-client.co
LOAD obj_cooja/mtype204.o
LOAD obj_cooja/mtype204.a
LOAD /usr/lib/gcc/i686-linux-gnu/4.8/libgcc.a
LOAD /usr/lib/gcc/i686-linux-gnu/4.8/libgcc_s.so
LOAD /usr/lib/gcc/i686-linux-gnu/4.8/../../../i386-linux-gnu/libc.so
START GROUP
LOAD /lib/i386-linux-gnu/libc.so.6
LOAD /usr/lib/i386-linux-gnu/libc_nonshared.a
LOAD /lib/i386-linux-gnu/ld-linux.so.2
END GROUP
LOAD /usr/lib/gcc/i686-linux-gnu/4.8/libgcc.a
LOAD /usr/lib/gcc/i686-linux-gnu/4.8/libgcc_s.so
LOAD /usr/lib/gcc/i686-linux-gnu/4.8/crtendS.o
LOAD /usr/lib/gcc/i686-linux-gnu/4.8/../../../i386-linux-gnu/crtn.o
                0x0000000000000114                . = (0x0 + SIZEOF_HEADERS)

.note.gnu.build-id
                0x0000000000000114       0x24
 *(.note.gnu.build-id)
 .note.gnu.build-id
                0x0000000000000114       0x24 /usr/lib/gcc/i686-linux-gnu/4.8/../../../i386-linux-gnu/crti.o

.hash
 *(.hash)

.gnu.hash       0x0000000000000138     0x1258
 *(.gnu.hash)
 .gnu.hash      0x0000000000000138     0x1258 /usr/lib/gcc/i686-linux-gnu/4.8/../../../i386-linux-gnu/crti.o

.dynsym         0x0000000000001390     0x21a0
 *(.dynsym)
 .dynsym        0x0000000000001390     0x21a0 /usr/lib/gcc/i686-linux-gnu/4.8/../../../i386-linux-gnu/crti.o

.dynstr         0x0000000000003530     0x22a8
 *(.dynstr)
 .dynstr        0x0000000000003530     0x22a8 /usr/lib/gcc/i686-linux-gnu/4.8/../../../i386-linux-gnu/crti.o

.gnu.version    0x00000000000057d8      0x434
 *(.gnu.version)
 .gnu.version   0x00000000000057d8      0x434 /usr/lib/gcc/i686-linux-gnu/4.8/../../../i386-linux-gnu/crti.o

.gnu.version_d  0x0000000000005c0c        0x0
 *(.gnu.version_d)
 .gnu.version_d
                0x0000000000000000        0x0 /usr/lib/gcc/i686-linux-gnu/4.8/../../../i386-linux-gnu/crti.o

.gnu.version_r  0x0000000000005c0c       0x40
 *(.gnu.version_r)
 .gnu.version_r
                0x0000000000005c0c       0x40 /usr/lib/gcc/i686-linux-gnu/4.8/../../../i386-linux-gnu/crti.o

.rel.dyn        0x0000000000005c4c     0x94f0
 *(.rel.init)
 .rel.init      0x0000000000000000        0x0 /usr/lib/gcc/i686-linux-gnu/4.8/../../../i386-linux-gnu/crti.o
 *(.rel.text .rel.text.* .rel.gnu.linkonce.t.*)
 .rel.text      0x0000000000005c4c     0x8d50 /usr/lib/gcc/i686-linux-gnu/4.8/../../../i386-linux-gnu/crti.o
 *(.rel.fini)
 .rel.fini      0x0000000000000000        0x0 /usr/lib/gcc/i686-linux-gnu/4.8/../../../i386-linux-gnu/crti.o
 *(.rel.rodata .rel.rodata.* .rel.gnu.linkonce.r.*)
 .rel.rodata    0x000000000000e99c      0x4e0 /usr/lib/gcc/i686-linux-gnu/4.8/../../../i386-linux-gnu/crti.o
 *(.rel.data.rel.ro .rel.data.rel.ro.* .rel.gnu.linkonce.d.rel.ro.*)
 *(.rel.data .rel.data.* .rel.gnu.linkonce.d.*)
 .rel.data.rel  0x000000000000ee7c        0x8 /usr/lib/gcc/i686-linux-gnu/4.8/../../../i386-linux-gnu/crti.o
 .rel.data      0x000000000000ee84      0x280 /usr/lib/gcc/i686-linux-gnu/4.8/../../../i386-linux-gnu/crti.o
 *(.rel.tdata .rel.tdata.* .rel.gnu.linkonce.td.*)
 *(.rel.tbss .rel.tbss.* .rel.gnu.linkonce.tb.*)
 *(.rel.ctors)
 *(.rel.dtors)
 *(.rel.got)
 .rel.got       0x000000000000f104       0x28 /usr/lib/gcc/i686-linux-gnu/4.8/../../../i386-linux-gnu/crti.o
 *(.rel.bss .rel.bss.* .rel.gnu.linkonce.b.*)
 *(.rel.ifunc)
 .rel.ifunc     0x0000000000000000        0x0 /usr/lib/gcc/i686-linux-gnu/4.8/../../../i386-linux-gnu/crti.o
 .rel.fini_array
                0x000000000000f12c        0x8 /usr/lib/gcc/i686-linux-gnu/4.8/../../../i386-linux-gnu/crti.o
 .rel.init_array
                0x000000000000f134        0x8 /usr/lib/gcc/i686-linux-gnu/4.8/../../../i386-linux-gnu/crti.o

.rel.plt        0x000000000000f13c       0x10
 *(.rel.plt)
 .rel.plt       0x000000000000f13c       0x10 /usr/lib/gcc/i686-linux-gnu/4.8/../../../i386-linux-gnu/crti.o
 *(.rel.iplt)

.init           0x000000000000f14c       0x23
 *(SORT(.init))
 .init          0x000000000000f14c       0x1e /usr/lib/gcc/i686-linux-gnu/4.8/../../../i386-linux-gnu/crti.o
                0x000000000000f14c                _init
 .init          0x000000000000f16a        0x5 /usr/lib/gcc/i686-linux-gnu/4.8/../../../i386-linux-gnu/crtn.o

.plt            0x000000000000f170       0x30
 *(.plt)
 .plt           0x000000000000f170       0x30 /usr/lib/gcc/i686-linux-gnu/4.8/../../../i386-linux-gnu/crti.o
 *(.iplt)

.text           0x000000000000f1a0    0x157d4
 *(.text.unlikely .text.*_unlikely .text.unlikely.*)
 *(.text.exit .text.exit.*)
 *(.text.startup .text.startup.*)
 *(.text.hot .text.hot.*)
 *(.text .stub .text.* .gnu.linkonce.t.*)
 .text          0x000000000000f1a0        0x0 /usr/lib/gcc/i686-linux-gnu/4.8/../../../i386-linux-gnu/crti.o
 .gnu.linkonce.t.__x86.get_pc_thunk.bx
                0x000000000000f1a0        0x4 /usr/lib/gcc/i686-linux-gnu/4.8/../../../i386-linux-gnu/crti.o
                0x000000000000f1a0                __x86.get_pc_thunk.bx
 *fill*         0x000000000000f1a4        0xc 
 .text          0x000000000000f1b0      0x11b /usr/lib/gcc/i686-linux-gnu/4.8/crtbeginS.o
 .text          0x000000000000f2cb      0x5a4 udp-client.co
 .text          0x000000000000f86f      0x70e obj_cooja/mtype204.o
                0x000000000000f9a5                contiki_init
                0x000000000000fd94                Java_org_contikios_cooja_corecomm_Lib15_init
                0x000000000000fdd4                Java_org_contikios_cooja_corecomm_Lib15_getMemory
                0x000000000000fe14                Java_org_contikios_cooja_corecomm_Lib15_setMemory
                0x000000000000fe8b                Java_org_contikios_cooja_corecomm_Lib15_tick
                0x000000000000ff6b                Java_org_contikios_cooja_corecomm_Lib15_setReferenceAddress
 .text          0x000000000000ff7d       0x63 obj_cooja/mtype204.a(simEnvChange.o)
                0x000000000000ff7d                doActionsBeforeTick
                0x000000000000ffae                doActionsAfterTick
 .text          0x000000000000ffe0       0xbc obj_cooja/mtype204.a(cooja_mt.o)
                0x000000000000ffe0                cooja_mt_init
                0x000000000000ffed                cooja_mt_remove
                0x000000000000fffa                cooja_mt_start
                0x0000000000010027                cooja_mt_exec
                0x0000000000010058                cooja_mt_exit
                0x000000000001007a                cooja_mt_yield
 .text          0x000000000001009c      0x115 obj_cooja/mtype204.a(cooja_mtarch.o)
                0x000000000001009c                cooja_mtarch_init
                0x00000000000100a1                cooja_mtarch_start
                0x000000000001011c                cooja_sw
                0x000000000001013e                cooja_mtarch_exec
                0x000000000001015a                cooja_mtarch_remove
                0x000000000001015f                cooja_mtarch_yield
                0x0000000000010169                cooja_mtarch_pstop
                0x000000000001016e                cooja_mtarch_pstart
                0x0000000000010173                cooja_mtarch_stack_usage
 .text          0x00000000000101b1       0xc2 obj_cooja/mtype204.a(rtimer-arch.o)
                0x00000000000101b1                rtimer_arch_init
                0x00000000000101d4                rtimer_arch_schedule
                0x00000000000101eb                rtimer_arch_next
                0x00000000000101f5                rtimer_arch_pending
                0x00000000000101ff                rtimer_arch_check
                0x0000000000010231                rtimer_arch_now
 .text          0x0000000000010273       0x76 obj_cooja/mtype204.a(beep.o)
                0x0000000000010273                beep_alarm
                0x000000000001027f                beep_beep
                0x000000000001028b                beep
                0x0000000000010297                beep_down
                0x00000000000102a3                beep_on
                0x00000000000102af                beep_off
                0x00000000000102bb                beep_spinup
                0x00000000000102c7                beep_quick
                0x00000000000102d3                beep_long
 .text          0x00000000000102e9      0x103 obj_cooja/mtype204.a(button-sensor.o)
 .text          0x00000000000103ec       0x45 obj_cooja/mtype204.a(leds-arch.o)
                0x00000000000103ec                leds_arch_init
                0x00000000000103f8                leds_arch_get
                0x0000000000010404                leds_arch_set
 .text          0x0000000000010431       0x2f obj_cooja/mtype204.a(moteid.o)
 .text          0x0000000000010460       0xb1 obj_cooja/mtype204.a(pir-sensor.o)
 .text          0x0000000000010511      0x131 obj_cooja/mtype204.a(rs232.o)
                0x0000000000010511                rs232_init
                0x0000000000010516                rs232_set_speed
                0x0000000000010524                rs232_set_input
                0x0000000000010531                rs232_send
                0x0000000000010553                rs232_print
                0x000000000001056e                slip_arch_writeb
 .text          0x0000000000010642       0xb1 obj_cooja/mtype204.a(vib-sensor.o)
 .text          0x00000000000106f3       0x34 obj_cooja/mtype204.a(clock.o)
                0x00000000000106f3                clock_init
                0x00000000000106f8                clock_time
                0x0000000000010702                clock_seconds
                0x0000000000010718                clock_delay
 .text          0x0000000000010727      0x1ed obj_cooja/mtype204.a(log.o)
                0x0000000000010727                simlog_char
                0x0000000000010769                simlog
                0x00000000000107d6                log_message
                0x00000000000107fe                log_set_putchar_with_slip
                0x000000000001080b                log_putchar
                0x000000000001088f                log_puts
                0x00000000000108b3                log_printf
 .text          0x0000000000010914      0x2c4 obj_cooja/mtype204.a(cfs-cooja.o)
                0x0000000000010914                cfs_open
                0x000000000001097d                cfs_close
                0x0000000000010989                cfs_read
                0x0000000000010a27                cfs_write
                0x0000000000010b04                cfs_seek
                0x0000000000010b8c                cfs_remove
                0x0000000000010bb5                cfs_opendir
                0x0000000000010bbf                cfs_readdir
                0x0000000000010bc9                cfs_closedir
 .text          0x0000000000010bd8      0x514 obj_cooja/mtype204.a(cooja-radio.o)
                0x0000000000010c02                radio_set_channel
                0x0000000000010c17                radio_set_txpower
                0x0000000000010c2e                radio_signal_strength_last
                0x0000000000010c38                radio_signal_strength_current
                0x0000000000010c42                radio_LQI
 .text          0x00000000000110ec       0xef obj_cooja/mtype204.a(eeprom.o)
                0x00000000000110ec                eeprom_init
                0x00000000000110f1                eeprom_read
                0x0000000000011161                eeprom_write
 .text          0x00000000000111db       0x28 obj_cooja/mtype204.a(random.o)
                0x00000000000111db                random_init
                0x00000000000111f6                random_rand
 .text          0x0000000000011203      0x2a1 obj_cooja/mtype204.a(sensors.o)
                0x000000000001123e                sensors_first
                0x0000000000011248                sensors_next
                0x0000000000011265                sensors_changed
                0x0000000000011294                sensors_find
 .text          0x00000000000114a4      0x308 obj_cooja/mtype204.a(dual_conf.o)
                0x00000000000114a4                dual_radio_switch
                0x00000000000114ff                dual_radio_change
                0x0000000000011539                sending_in_LR
                0x0000000000011564                dual_radio_received
                0x00000000000115b7                radio_received_is_longrange
                0x0000000000011762                dio_broadcast
                0x000000000001178b                dis_broadcast
 .text          0x00000000000117ac       0x8e obj_cooja/mtype204.a(autostart.o)
                0x00000000000117ac                autostart_start
                0x00000000000117f7                autostart_exit
 .text          0x000000000001183a      0x334 obj_cooja/mtype204.a(ctimer.o)
                0x0000000000011951                ctimer_init
                0x0000000000011981                ctimer_set
                0x00000000000119b2                ctimer_set_with_process
                0x0000000000011a2e                ctimer_reset
                0x0000000000011a7d                ctimer_restart
                0x0000000000011acc                ctimer_stop
                0x0000000000011b17                ctimer_expired
 .text          0x0000000000011b6e      0x40b obj_cooja/mtype204.a(etimer.o)
                0x0000000000011d81                etimer_request_poll
                0x0000000000011e05                etimer_set
                0x0000000000011e2a                etimer_reset_with_new_interval
                0x0000000000011e51                etimer_reset
                0x0000000000011e6f                etimer_restart
                0x0000000000011e8d                etimer_adjust
                0x0000000000011ea9                etimer_expired
                0x0000000000011ebc                etimer_expiration_time
                0x0000000000011ece                etimer_start_time
                0x0000000000011ed8                etimer_pending
                0x0000000000011eea                etimer_next_expiration_time
                0x0000000000011f04                etimer_stop
 .text          0x0000000000011f79      0x560 obj_cooja/mtype204.a(process.o)
                0x0000000000011f79                process_alloc_event
                0x0000000000011f8e                process_start
                0x0000000000012177                process_exit
                0x0000000000012193                process_init
                0x0000000000012364                process_run
                0x0000000000012397                process_nevents
                0x00000000000123b2                process_post
                0x000000000001245e                process_post_synch
                0x0000000000012496                process_poll
                0x00000000000124c5                process_is_running
 .text          0x00000000000124d9       0xba obj_cooja/mtype204.a(rtimer.o)
                0x00000000000124d9                rtimer_init
                0x00000000000124e6                rtimer_set
                0x000000000001253d                rtimer_run_next
 .text          0x0000000000012593       0xa3 obj_cooja/mtype204.a(stimer.o)
                0x0000000000012593                stimer_set
                0x00000000000125ae                stimer_reset
                0x00000000000125c5                stimer_restart
                0x00000000000125d7                stimer_expired
                0x00000000000125fe                stimer_remaining
                0x0000000000012622                stimer_elapsed
 .text          0x0000000000012636       0x91 obj_cooja/mtype204.a(timer.o)
                0x0000000000012636                timer_set
                0x0000000000012651                timer_reset
                0x0000000000012668                timer_restart
                0x000000000001267a                timer_expired
                0x00000000000126a3                timer_remaining
 .text          0x00000000000126c7      0x1fb obj_cooja/mtype204.a(serial-line.o)
                0x00000000000126c7                serial_line_input_byte
                0x000000000001288a                serial_line_init
 .text          0x00000000000128c2      0x244 obj_cooja/mtype204.a(list.o)
                0x00000000000128c2                list_init
                0x00000000000128d0                list_head
                0x00000000000128da                list_copy
                0x00000000000128e9                list_tail
                0x000000000001291f                list_add
                0x0000000000012968                list_push
                0x0000000000012994                list_chop
                0x00000000000129fe                list_pop
                0x0000000000012a26                list_remove
                0x0000000000012a8d                list_length
                0x0000000000012abb                list_insert
                0x0000000000012aef                list_item_next
 .text          0x0000000000012b06      0x155 obj_cooja/mtype204.a(ringbuf.o)
                0x0000000000012b06                ringbuf_init
                0x0000000000012b37                ringbuf_put
                0x0000000000012bb5                ringbuf_get
                0x0000000000012c22                ringbuf_size
                0x0000000000012c34                ringbuf_elements
 .text          0x0000000000012c5b     0x137c obj_cooja/mtype204.a(sicslowpan.o)
                0x000000000001325b                rime_sniffer_add
                0x0000000000013268                rime_sniffer_remove
                0x0000000000013fb9                sicslowpan_init
                0x0000000000013fcd                sicslowpan_get_last_rssi
 .text          0x0000000000013fd7      0x298 obj_cooja/mtype204.a(uip-ds6-nbr.o)
                0x0000000000013ff4                uip_ds6_neighbors_init
                0x0000000000014011                uip_ds6_nbr_add
                0x0000000000014099                uip_ds6_nbr_rm
                0x00000000000140db                uip_ds6_nbr_get_ipaddr
                0x00000000000140f0                uip_ds6_nbr_get_ll
                0x000000000001410c                uip_ds6_nbr_num
                0x0000000000014151                uip_ds6_nbr_lookup
                0x00000000000141b6                uip_ds6_nbr_ll_lookup
                0x00000000000141d2                uip_ds6_nbr_ipaddr_from_lladdr
                0x00000000000141f8                uip_ds6_nbr_lladdr_from_ipaddr
                0x0000000000014226                uip_ds6_link_neighbor_callback
 .text          0x000000000001426f      0x916 obj_cooja/mtype204.a(uip-ds6-route.o)
                0x00000000000142e6                uip_ds6_notification_add
                0x0000000000014317                uip_ds6_notification_rm
                0x0000000000014333                uip_ds6_route_init
                0x00000000000143bb                uip_ds6_route_nexthop
                0x00000000000143e3                uip_ds6_route_head
                0x00000000000143f8                uip_ds6_route_next
                0x000000000001441e                uip_ds6_route_is_nexthop
                0x000000000001445d                uip_ds6_route_num_routes
                0x0000000000014467                uip_ds6_route_lookup
                0x0000000000014529                uip_ds6_route_add
                0x000000000001475d                uip_ds6_route_rm
                0x00000000000148f1                uip_ds6_route_rm_by_nexthop
                0x0000000000014929                uip_ds6_defrt_add
                0x00000000000149da                uip_ds6_defrt_rm
                0x0000000000014a59                uip_ds6_defrt_lookup
                0x0000000000014ab2                uip_ds6_defrt_choose
                0x0000000000014b1d                uip_ds6_defrt_periodic
 .text          0x0000000000014b85      0xbe5 obj_cooja/mtype204.a(uip-ds6.o)
                0x0000000000014b85                uip_ds6_init
                0x0000000000014d58                uip_ds6_periodic
                0x0000000000014dd1                uip_ds6_list_loop
                0x0000000000014e78                uip_ds6_prefix_add
                0x0000000000014f36                uip_ds6_prefix_rm
                0x0000000000014f48                uip_ds6_prefix_lookup
                0x0000000000014f99                uip_ds6_is_addr_onlink
                0x000000000001500d                uip_ds6_addr_add
                0x000000000001513b                uip_ds6_addr_rm
                0x00000000000151db                uip_ds6_addr_lookup
                0x0000000000015226                uip_ds6_get_link_local
                0x00000000000152a5                uip_ds6_get_global
                0x0000000000015324                uip_ds6_maddr_add
                0x0000000000015396                uip_ds6_maddr_rm
                0x00000000000153a8                uip_ds6_maddr_lookup
                0x00000000000153f3                uip_ds6_aaddr_add
                0x0000000000015465                uip_ds6_aaddr_rm
                0x0000000000015477                uip_ds6_aaddr_lookup
                0x00000000000154c2                uip_ds6_select_src
                0x0000000000015655                uip_ds6_set_addr_iid
                0x000000000001568c                get_match_length
                0x000000000001571e                uip_ds6_compute_reachable_time
 .text          0x000000000001576a     0x2d13 obj_cooja/mtype204.a(uip6.o)
                0x000000000001576a                uip_add32
                0x0000000000015903                uip_chksum
                0x0000000000015a19                uip_icmp6chksum
                0x0000000000015a2d                uip_tcpchksum
                0x0000000000015a41                uip_udpchksum
                0x0000000000015a55                uip_init
                0x0000000000015b25                uip_connect
                0x0000000000015cd4                remove_ext_hdr
                0x0000000000015ddd                uip_udp_new
                0x0000000000015f39                uip_unlisten
                0x0000000000015f99                uip_listen
                0x00000000000162bf                uip_process
                0x0000000000018371                uip_htons
                0x0000000000018393                uip_htonl
                0x00000000000183d3                uip_send
 .text          0x000000000001847d      0xa7d obj_cooja/mtype204.a(tcpip.o)
                0x000000000001847d                tcpip_output
                0x00000000000184ce                tcpip_set_outputfunc
                0x000000000001856e                tcp_connect
                0x00000000000185c3                tcp_unlisten
                0x000000000001861e                tcp_listen
                0x0000000000018677                tcp_attach
                0x000000000001869c                udp_attach
                0x00000000000186c1                udp_new
                0x0000000000018713                udp_broadcast_new
                0x0000000000018987                tcpip_input
                0x00000000000189bb                tcpip_ipv6_output
                0x0000000000018d40                tcpip_poll_udp
                0x0000000000018d63                tcpip_poll_tcp
                0x0000000000018d86                tcpip_uipcall
 .text          0x0000000000018efa      0x1c1 obj_cooja/mtype204.a(uip-debug.o)
                0x0000000000018efa                uip_debug_ipaddr_print
                0x000000000001905c                uip_debug_lladdr_print
 .text          0x00000000000190bb      0x141 obj_cooja/mtype204.a(uip-packetqueue)
                0x00000000000190e7                uip_packetqueue_new
                0x00000000000190f5                uip_packetqueue_alloc
                0x0000000000019155                uip_packetqueue_free
                0x0000000000019196                uip_packetqueue_buf
                0x00000000000191b3                uip_packetqueue_buflen
                0x00000000000191d4                uip_packetqueue_set_buflen
 .text          0x00000000000191fc      0x131 obj_cooja/mtype204.a(uip-udp-packet.)
                0x00000000000191fc                uip_udp_packet_send
                0x000000000001925c                uip_udp_packet_sendto
 .text          0x000000000001932d     0x2ce0 obj_cooja/mtype204.a(rpl-dag.o)
                0x000000000001932d                rpl_print_neighbor_list
                0x0000000000019502                rpl_get_nbr
                0x000000000001955c                rpl_dag_init
                0x0000000000019579                rpl_get_parent
                0x000000000001959b                rpl_get_parent_rank
                0x00000000000195ce                rpl_get_parent_link_metric
                0x0000000000019601                rpl_get_parent_ipaddr
                0x00000000000199ad                rpl_set_root
                0x0000000000019c21                rpl_repair_root
                0x0000000000019ed0                rpl_set_prefix
                0x0000000000019ff3                rpl_set_default_route
                0x000000000001a0e8                rpl_alloc_instance
                0x000000000001a17b                rpl_alloc_dag
                0x000000000001a22c                rpl_set_default_instance
                0x000000000001a239                rpl_get_default_instance
                0x000000000001a243                rpl_free_instance
                0x000000000001a30f                rpl_free_dag
                0x000000000001a398                rpl_add_parent
                0x000000000001a4aa                rpl_find_parent
                0x000000000001a502                rpl_find_parent_any_dag
                0x000000000001a53e                rpl_select_dag
                0x000000000001a95b                rpl_select_parent
                0x000000000001a9bd                rpl_remove_parent
                0x000000000001aa0f                rpl_nullify_parent
                0x000000000001ab0b                rpl_move_parent
                0x000000000001ac16                rpl_has_downward_route
                0x000000000001ac69                rpl_get_any_dag
                0x000000000001accb                rpl_get_instance
                0x000000000001ad2e                rpl_find_of
                0x000000000001ad6b                rpl_join_instance
                0x000000000001b0a2                rpl_add_dag
                0x000000000001b573                rpl_local_repair
                0x000000000001b64f                rpl_recalculate_ranks
                0x000000000001b6f8                rpl_process_parent_event
                0x000000000001b90e                rpl_process_dio
 .text          0x000000000001c00d      0xbf3 obj_cooja/mtype204.a(rpl-ext-header.)
                0x000000000001c02a                rpl_verify_header
                0x000000000001c4a4                rpl_update_header_empty
                0x000000000001c7bb                rpl_update_header_final
                0x000000000001c94a                rpl_remove_header
                0x000000000001ca54                rpl_invert_header
                0x000000000001cbde                rpl_insert_header
 .text          0x000000000001cc00     0x22c2 obj_cooja/mtype204.a(rpl-icmp6.o)
                0x000000000001ce5f                rpl_icmp6_update_nbr_table
                0x000000000001d059                dis_output
                0x000000000001d980                dio_output
                0x000000000001ea09                dao_output
                0x000000000001ead0                dao_output_target
                0x000000000001ee76                dao_ack_output
                0x000000000001ee8a                rpl_icmp6_register_handlers
 .text          0x000000000001eec2      0x315 obj_cooja/mtype204.a(rpl-mrhof.o)
 .text          0x000000000001f1d7      0x909 obj_cooja/mtype204.a(rpl-timers.o)
                0x000000000001f4c3                rpl_reset_periodic_timer
                0x000000000001f518                rpl_reset_dio_timer
                0x000000000001f7b0                rpl_schedule_dao
                0x000000000001f7cb                rpl_schedule_dao_immediately
                0x000000000001f7e6                rpl_cancel_dao
                0x000000000001f848                rpl_schedule_unicast_dio_immediately
                0x000000000001fa88                rpl_schedule_probing
 .text          0x000000000001fae0      0x6e0 obj_cooja/mtype204.a(rpl.o)
                0x000000000001fae0                rpl_get_mode
                0x000000000001faea                rpl_set_mode
                0x000000000001fbae                rpl_purge_routes
                0x000000000001fcdd                rpl_remove_routes
                0x000000000001fd23                rpl_remove_routes_by_nexthop
                0x000000000001fd8f                rpl_add_route
                0x000000000001fe5a                rpl_link_neighbor_callback
                0x000000000001ff6e                rpl_ipv6_neighbor_callback
                0x000000000002001a                rpl_purge_dags
                0x000000000002012e                rpl_init
 .text          0x00000000000201c0       0x67 obj_cooja/mtype204.a(linkaddr.o)
                0x00000000000201c0                linkaddr_copy
                0x00000000000201e2                linkaddr_cmp
                0x000000000002020c                linkaddr_set_node_addr
 .text          0x0000000000020227      0x769 obj_cooja/mtype204.a(nbr-table.o)
                0x0000000000020686                nbr_table_register
                0x00000000000206ce                nbr_table_head
                0x000000000002072a                nbr_table_next
                0x0000000000020791                nbr_table_add_lladdr
                0x000000000002086d                nbr_table_get_from_lladdr
                0x00000000000208ba                nbr_table_remove
                0x000000000002090c                nbr_table_lock
                0x0000000000020936                nbr_table_unlock
                0x0000000000020960                nbr_table_get_lladdr
 .text          0x0000000000020990       0x2b obj_cooja/mtype204.a(netstack.o)
                0x0000000000020990                netstack_init
 .text          0x00000000000209bb      0x3cd obj_cooja/mtype204.a(packetbuf.o)
                0x00000000000209bb                packetbuf_clear
                0x00000000000209e5                packetbuf_copyfrom
                0x0000000000020a37                packetbuf_compact
                0x0000000000020ab4                packetbuf_copyto
                0x0000000000020b4b                packetbuf_hdralloc
                0x0000000000020bc8                packetbuf_hdrreduce
                0x0000000000020c10                packetbuf_set_datalen
                0x0000000000020c29                packetbuf_dataptr
                0x0000000000020c46                packetbuf_hdrptr
                0x0000000000020c50                packetbuf_datalen
                0x0000000000020c5c                packetbuf_hdrlen
                0x0000000000020c73                packetbuf_totlen
                0x0000000000020c89                packetbuf_attr_clear
                0x0000000000020cdb                packetbuf_attr_copyto
                0x0000000000020d24                packetbuf_attr_copyfrom
                0x0000000000020d6c                packetbuf_holds_broadcast
 .text          0x0000000000020d88      0x2b4 obj_cooja/mtype204.a(queuebuf.o)
                0x0000000000020d92                queuebuf_init
                0x0000000000020db2                queuebuf_numfree
                0x0000000000020dc6                queuebuf_new_from_packetbuf
                0x0000000000020e56                queuebuf_update_attr_from_packetbuf
                0x0000000000020e89                queuebuf_update_from_packetbuf
                0x0000000000020ed3                queuebuf_free
                0x0000000000020f1a                queuebuf_to_packetbuf
                0x0000000000020f80                queuebuf_dataptr
                0x0000000000020fb7                queuebuf_datalen
                0x0000000000020fda                queuebuf_addr
                0x000000000002100c                queuebuf_attr
                0x0000000000021037                queuebuf_debug_print
 .text          0x000000000002103c      0x831 obj_cooja/mtype204.a(csma.o)
 .text          0x000000000002186d      0x3f5 obj_cooja/mtype204.a(framer-802154.o)
 .text          0x0000000000021c62       0x3c obj_cooja/mtype204.a(mac.o)
                0x0000000000021c62                mac_call_sent_callback
 .text          0x0000000000021c9e      0x586 obj_cooja/mtype204.a(nullrdc.o)
 .text          0x0000000000022224       0x6e obj_cooja/mtype204.a(nullsec.o)
 .text          0x0000000000022292       0x19 obj_cooja/mtype204.a(watchdog.o)
                0x0000000000022292                watchdog_init
                0x0000000000022297                watchdog_start
                0x000000000002229c                watchdog_periodic
                0x00000000000222a1                watchdog_stop
                0x00000000000222a6                watchdog_reboot
 .text          0x00000000000222ab        0x0 obj_cooja/mtype204.a(rimestats.o)
 .text          0x00000000000222ab      0x1c1 obj_cooja/mtype204.a(memb.o)
                0x00000000000222ab                memb_init
                0x0000000000022309                memb_alloc
                0x000000000002236e                memb_free
                0x00000000000223e9                memb_inmemb
                0x0000000000022428                memb_numfree
 .text          0x000000000002246c     0x1382 obj_cooja/mtype204.a(uip-icmp6.o)
                0x00000000000224da                uip_icmp6_input
                0x0000000000022530                uip_icmp6_register_input_handler
                0x0000000000022cf0                uip_icmp6_error_output
                0x00000000000232c7                uip_icmp6_send
                0x0000000000023781                uip_icmp6_echo_reply_callback_add
                0x00000000000237b2                uip_icmp6_echo_reply_callback_rm
                0x00000000000237ce                uip_icmp6_init
 .text          0x00000000000237ee      0x358 obj_cooja/mtype204.a(uip-nd6.o)
                0x0000000000023842                uip_nd6_ns_output
                0x0000000000023b41                uip_nd6_init
 .text          0x0000000000023b46      0x331 obj_cooja/mtype204.a(rpl-nbr-policy.)
                0x0000000000023d1e                find_removable_dis
                0x0000000000023d41                find_removable_dio
                0x0000000000023dd0                find_removable_dao
                0x0000000000023e20                rpl_nbr_policy_find_removable
 .text          0x0000000000023e77      0x97c obj_cooja/mtype204.a(frame802154.o)
                0x0000000000023ea8                frame802154_get_pan_id
                0x0000000000023eb4                frame802154_set_pan_id
                0x0000000000023ecd                frame802154_has_panid
                0x0000000000023fb9                frame802154_check_dest_panid
                0x0000000000024021                frame802154_is_broadcast_addr
                0x000000000002406e                frame802154_extract_linkaddr
                0x00000000000242ae                frame802154_hdrlen
                0x00000000000242ff                frame802154_create
                0x00000000000244ea                frame802154_parse
 .text          0x00000000000247f3      0x181 obj_cooja/mtype204.a(mac-sequence.o)
                0x000000000002482a                mac_sequence_is_duplicate
                0x00000000000248ad                mac_sequence_register_seqno
 .text          0x0000000000024974        0x0 /usr/lib/gcc/i686-linux-gnu/4.8/crtendS.o
 .text          0x0000000000024974        0x0 /usr/lib/gcc/i686-linux-gnu/4.8/../../../i386-linux-gnu/crtn.o
 *(.gnu.warning)

.fini           0x0000000000024974       0x14
 *(SORT(.fini))
 .fini          0x0000000000024974        0xf /usr/lib/gcc/i686-linux-gnu/4.8/../../../i386-linux-gnu/crti.o
                0x0000000000024974                _fini
 .fini          0x0000000000024983        0x5 /usr/lib/gcc/i686-linux-gnu/4.8/../../../i386-linux-gnu/crtn.o
                0x0000000000024988                PROVIDE (__etext, .)
                0x0000000000024988                PROVIDE (_etext, .)
                0x0000000000024988                PROVIDE (etext, .)

.rodata         0x00000000000249a0     0x2d89
 *(.rodata .rodata.* .gnu.linkonce.r.*)
 .rodata        0x00000000000249a0      0x18a udp-client.co
                0x00000000000249b4                autostart_processes
 *fill*         0x0000000000024b2a        0x2 
 .rodata        0x0000000000024b2c      0x127 obj_cooja/mtype204.o
 *fill*         0x0000000000024c53        0x1 
 .rodata        0x0000000000024c54        0x8 obj_cooja/mtype204.a(beep.o)
                0x0000000000024c54                beep_interface
 .rodata        0x0000000000024c5c       0x20 obj_cooja/mtype204.a(button-sensor.o)
                0x0000000000024c5c                button_interface
                0x0000000000024c6c                button_sensor
 .rodata        0x0000000000024c7c        0x8 obj_cooja/mtype204.a(leds-arch.o)
                0x0000000000024c7c                leds_interface
 .rodata        0x0000000000024c84        0x8 obj_cooja/mtype204.a(moteid.o)
                0x0000000000024c84                moteid_interface
 .rodata        0x0000000000024c8c       0x1c obj_cooja/mtype204.a(pir-sensor.o)
                0x0000000000024c8c                pir_interface
                0x0000000000024c98                pir_sensor
 .rodata        0x0000000000024ca8        0xe obj_cooja/mtype204.a(rs232.o)
                0x0000000000024ca8                rs232_interface
 *fill*         0x0000000000024cb6        0x2 
 .rodata        0x0000000000024cb8       0x24 obj_cooja/mtype204.a(vib-sensor.o)
                0x0000000000024cb8                vib_interface
                0x0000000000024ccc                vib_sensor
 .rodata        0x0000000000024cdc        0x8 obj_cooja/mtype204.a(clock.o)
                0x0000000000024cdc                clock_interface
 .rodata        0x0000000000024ce4        0x8 obj_cooja/mtype204.a(log.o)
                0x0000000000024ce4                simlog_interface
 .rodata        0x0000000000024cec       0x2f obj_cooja/mtype204.a(cfs-cooja.o)
                0x0000000000024cec                cfs_interface
 *fill*         0x0000000000024d1b        0x5 
 .rodata        0x0000000000024d20      0x120 obj_cooja/mtype204.a(cooja-radio.o)
                0x0000000000024e00                cooja_radio_driver
                0x0000000000024e38                radio_interface
 .rodata        0x0000000000024e40        0x8 obj_cooja/mtype204.a(eeprom.o)
                0x0000000000024e40                eeprom_interface
 .rodata        0x0000000000024e48        0x8 obj_cooja/mtype204.a(sensors.o)
 .rodata        0x0000000000024e50      0x196 obj_cooja/mtype204.a(dual_conf.o)
 .rodata        0x0000000000024fe6        0xf obj_cooja/mtype204.a(ctimer.o)
 .rodata        0x0000000000024ff5        0xc obj_cooja/mtype204.a(etimer.o)
 .rodata        0x0000000000025001        0xe obj_cooja/mtype204.a(serial-line.o)
 *fill*         0x000000000002500f        0x1 
 .rodata        0x0000000000025010      0x4c4 obj_cooja/mtype204.a(sicslowpan.o)
                0x00000000000254c8                sicslowpan_driver
 .rodata        0x00000000000254d4      0x590 obj_cooja/mtype204.a(uip6.o)
 .rodata        0x0000000000025a64      0x113 obj_cooja/mtype204.a(tcpip.o)
 .rodata        0x0000000000025b77       0x3e obj_cooja/mtype204.a(uip-debug.o)
 *fill*         0x0000000000025bb5        0x3 
 .rodata        0x0000000000025bb8      0xc0b obj_cooja/mtype204.a(rpl-dag.o)
 *fill*         0x00000000000267c3        0x1 
 .rodata        0x00000000000267c4      0x8a4 obj_cooja/mtype204.a(rpl-icmp6.o)
 .rodata        0x0000000000027068       0x6f obj_cooja/mtype204.a(rpl-mrhof.o)
 *fill*         0x00000000000270d7        0x1 
 .rodata        0x00000000000270d8      0x260 obj_cooja/mtype204.a(rpl-timers.o)
 .rodata        0x0000000000027338      0x1be obj_cooja/mtype204.a(rpl.o)
 .rodata        0x00000000000274f6        0x8 obj_cooja/mtype204.a(linkaddr.o)
                0x00000000000274f6                linkaddr_null
 *fill*         0x00000000000274fe        0x2 
 .rodata        0x0000000000027500       0x24 obj_cooja/mtype204.a(csma.o)
                0x0000000000027508                csma_driver
 .rodata        0x0000000000027524        0xc obj_cooja/mtype204.a(framer-802154.o)
                0x0000000000027524                framer_802154
 *fill*         0x0000000000027530       0x10 
 .rodata        0x0000000000027540      0x100 obj_cooja/mtype204.a(nullrdc.o)
                0x0000000000027620                nullrdc_driver
 .rodata        0x0000000000027640       0x18 obj_cooja/mtype204.a(nullsec.o)
                0x0000000000027648                nullsec_driver
 .rodata        0x0000000000027658       0xd1 obj_cooja/mtype204.a(uip-icmp6.o)

.rodata1
 *(.rodata1)

.eh_frame_hdr   0x000000000002772c     0x12bc
 *(.eh_frame_hdr)
 .eh_frame_hdr  0x000000000002772c     0x12bc udp-client.co

.eh_frame       0x00000000000289e8     0x4c60
 *(.eh_frame)
 .eh_frame      0x00000000000289e8       0x3c /usr/lib/gcc/i686-linux-gnu/4.8/../../../i386-linux-gnu/crti.o
                                         0x40 (size before relaxing)
 .eh_frame      0x0000000000028a24       0xa8 udp-client.co
                                         0xc0 (size before relaxing)
 .eh_frame      0x0000000000028acc      0x148 obj_cooja/mtype204.o
                                        0x160 (size before relaxing)
 .eh_frame      0x0000000000028c14       0x40 obj_cooja/mtype204.a(simEnvChange.o)
                                         0x58 (size before relaxing)
 .eh_frame      0x0000000000028c54       0xc0 obj_cooja/mtype204.a(cooja_mt.o)
                                         0xd8 (size before relaxing)
 .eh_frame      0x0000000000028d14      0x120 obj_cooja/mtype204.a(cooja_mtarch.o)
                                        0x138 (size before relaxing)
 .eh_frame      0x0000000000028e34       0xc0 obj_cooja/mtype204.a(rtimer-arch.o)
                                         0xd8 (size before relaxing)
 .eh_frame      0x0000000000028ef4      0x160 obj_cooja/mtype204.a(beep.o)
                                        0x178 (size before relaxing)
 .eh_frame      0x0000000000029054       0xa0 obj_cooja/mtype204.a(button-sensor.o)
                                         0xb8 (size before relaxing)
 .eh_frame      0x00000000000290f4       0xa0 obj_cooja/mtype204.a(leds-arch.o)
                                         0xb8 (size before relaxing)
 .eh_frame      0x0000000000029194       0x40 obj_cooja/mtype204.a(moteid.o)
                                         0x58 (size before relaxing)
 .eh_frame      0x00000000000291d4       0xa0 obj_cooja/mtype204.a(pir-sensor.o)
                                         0xb8 (size before relaxing)
 .eh_frame      0x0000000000029274      0x100 obj_cooja/mtype204.a(rs232.o)
                                        0x118 (size before relaxing)
 .eh_frame      0x0000000000029374       0xa0 obj_cooja/mtype204.a(vib-sensor.o)
                                         0xb8 (size before relaxing)
 .eh_frame      0x0000000000029414       0xc0 obj_cooja/mtype204.a(clock.o)
                                         0xd8 (size before relaxing)
 .eh_frame      0x00000000000294d4      0x120 obj_cooja/mtype204.a(log.o)
                                        0x138 (size before relaxing)
 .eh_frame      0x00000000000295f4      0x160 obj_cooja/mtype204.a(cfs-cooja.o)
                                        0x178 (size before relaxing)
 .eh_frame      0x0000000000029754      0x2e0 obj_cooja/mtype204.a(cooja-radio.o)
                                        0x2f8 (size before relaxing)
 .eh_frame      0x0000000000029a34       0xa0 obj_cooja/mtype204.a(eeprom.o)
                                         0xb8 (size before relaxing)
 .eh_frame      0x0000000000029ad4       0x40 obj_cooja/mtype204.a(random.o)
                                         0x58 (size before relaxing)
 .eh_frame      0x0000000000029b14       0xc0 obj_cooja/mtype204.a(sensors.o)
                                         0xd8 (size before relaxing)
 .eh_frame      0x0000000000029bd4      0x120 obj_cooja/mtype204.a(dual_conf.o)
                                        0x138 (size before relaxing)
 .eh_frame      0x0000000000029cf4       0x40 obj_cooja/mtype204.a(autostart.o)
                                         0x58 (size before relaxing)
 .eh_frame      0x0000000000029d34      0x100 obj_cooja/mtype204.a(ctimer.o)
                                        0x118 (size before relaxing)
 .eh_frame      0x0000000000029e34      0x1e0 obj_cooja/mtype204.a(etimer.o)
                                        0x1f8 (size before relaxing)
 .eh_frame      0x000000000002a014      0x1c8 obj_cooja/mtype204.a(process.o)
                                        0x1e0 (size before relaxing)
 .eh_frame      0x000000000002a1dc       0x60 obj_cooja/mtype204.a(rtimer.o)
                                         0x78 (size before relaxing)
 .eh_frame      0x000000000002a23c       0xc4 obj_cooja/mtype204.a(stimer.o)
                                         0xdc (size before relaxing)
 .eh_frame      0x000000000002a300       0xa4 obj_cooja/mtype204.a(timer.o)
                                         0xbc (size before relaxing)
 .eh_frame      0x000000000002a3a4       0x60 obj_cooja/mtype204.a(serial-line.o)
                                         0x78 (size before relaxing)
 .eh_frame      0x000000000002a404      0x180 obj_cooja/mtype204.a(list.o)
                                        0x198 (size before relaxing)
 .eh_frame      0x000000000002a584       0xa0 obj_cooja/mtype204.a(ringbuf.o)
                                         0xb8 (size before relaxing)
 .eh_frame      0x000000000002a624      0x278 obj_cooja/mtype204.a(sicslowpan.o)
                                        0x290 (size before relaxing)
 .eh_frame      0x000000000002a89c      0x180 obj_cooja/mtype204.a(uip-ds6-nbr.o)
                                        0x198 (size before relaxing)
 .eh_frame      0x000000000002aa1c      0x2a0 obj_cooja/mtype204.a(uip-ds6-route.o)
                                        0x2b8 (size before relaxing)
 .eh_frame      0x000000000002acbc      0x2c8 obj_cooja/mtype204.a(uip-ds6.o)
                                        0x2e0 (size before relaxing)
 .eh_frame      0x000000000002af84      0x27c obj_cooja/mtype204.a(uip6.o)
                                        0x294 (size before relaxing)
 .eh_frame      0x000000000002b200      0x270 obj_cooja/mtype204.a(tcpip.o)
                                        0x288 (size before relaxing)
 .eh_frame      0x000000000002b470       0x48 obj_cooja/mtype204.a(uip-debug.o)
                                         0x60 (size before relaxing)
 .eh_frame      0x000000000002b4b8       0xe0 obj_cooja/mtype204.a(uip-packetqueue)
                                         0xf8 (size before relaxing)
 .eh_frame      0x000000000002b598       0x40 obj_cooja/mtype204.a(uip-udp-packet.)
                                         0x58 (size before relaxing)
 .eh_frame      0x000000000002b5d8      0x674 obj_cooja/mtype204.a(rpl-dag.o)
                                        0x68c (size before relaxing)
 .eh_frame      0x000000000002bc4c      0x10c obj_cooja/mtype204.a(rpl-ext-header.)
                                        0x124 (size before relaxing)
 .eh_frame      0x000000000002bd58      0x288 obj_cooja/mtype204.a(rpl-icmp6.o)
                                        0x2a0 (size before relaxing)
 .eh_frame      0x000000000002bfe0       0xe4 obj_cooja/mtype204.a(rpl-mrhof.o)
                                         0xfc (size before relaxing)
 .eh_frame      0x000000000002c0c4      0x210 obj_cooja/mtype204.a(rpl-timers.o)
                                        0x228 (size before relaxing)
 .eh_frame      0x000000000002c2d4      0x140 obj_cooja/mtype204.a(rpl.o)
                                        0x158 (size before relaxing)
 .eh_frame      0x000000000002c414       0x60 obj_cooja/mtype204.a(linkaddr.o)
                                         0x78 (size before relaxing)
 .eh_frame      0x000000000002c474      0x26c obj_cooja/mtype204.a(nbr-table.o)
                                        0x284 (size before relaxing)
 .eh_frame      0x000000000002c6e0       0x20 obj_cooja/mtype204.a(netstack.o)
                                         0x38 (size before relaxing)
 .eh_frame      0x000000000002c700      0x214 obj_cooja/mtype204.a(packetbuf.o)
                                        0x22c (size before relaxing)
 .eh_frame      0x000000000002c914      0x1a0 obj_cooja/mtype204.a(queuebuf.o)
                                        0x1b8 (size before relaxing)
 .eh_frame      0x000000000002cab4      0x28c obj_cooja/mtype204.a(csma.o)
                                        0x2a4 (size before relaxing)
 .eh_frame      0x000000000002cd40      0x108 obj_cooja/mtype204.a(framer-802154.o)
                                        0x120 (size before relaxing)
 .eh_frame      0x000000000002ce48       0x20 obj_cooja/mtype204.a(mac.o)
                                         0x38 (size before relaxing)
 .eh_frame      0x000000000002ce68      0x18c obj_cooja/mtype204.a(nullrdc.o)
                                        0x1a4 (size before relaxing)
 .eh_frame      0x000000000002cff4       0x80 obj_cooja/mtype204.a(nullsec.o)
                                         0x98 (size before relaxing)
 .eh_frame      0x000000000002d074       0xa0 obj_cooja/mtype204.a(watchdog.o)
                                         0xb8 (size before relaxing)
 .eh_frame      0x000000000002d114       0xa0 obj_cooja/mtype204.a(memb.o)
                                         0xb8 (size before relaxing)
 .eh_frame      0x000000000002d1b4      0x17c obj_cooja/mtype204.a(uip-icmp6.o)
                                        0x194 (size before relaxing)
 .eh_frame      0x000000000002d330       0x68 obj_cooja/mtype204.a(uip-nd6.o)
                                         0x80 (size before relaxing)
 .eh_frame      0x000000000002d398       0xc0 obj_cooja/mtype204.a(rpl-nbr-policy.)
                                         0xd8 (size before relaxing)
 .eh_frame      0x000000000002d458      0x164 obj_cooja/mtype204.a(frame802154.o)
                                        0x17c (size before relaxing)
 .eh_frame      0x000000000002d5bc       0x88 obj_cooja/mtype204.a(mac-sequence.o)
                                         0xa0 (size before relaxing)
 .eh_frame      0x000000000002d644        0x4 /usr/lib/gcc/i686-linux-gnu/4.8/crtendS.o

.gcc_except_table
 *(.gcc_except_table .gcc_except_table.*)

.exception_ranges
 *(.exception_ranges .exception_ranges*)
                0x000000000002d648                . = (ALIGN (0x1000) - ((0x1000 - .) & 0xfff))
                0x000000000002eef8                . = DATA_SEGMENT_ALIGN (0x1000, 0x1000)

.eh_frame
 *(.eh_frame)

.gcc_except_table
 *(.gcc_except_table .gcc_except_table.*)

.exception_ranges
 *(.exception_ranges .exception_ranges*)

.tdata
 *(.tdata .tdata.* .gnu.linkonce.td.*)

.tbss
 *(.tbss .tbss.* .gnu.linkonce.tb.*)
 *(.tcommon)

.preinit_array
 *(.preinit_array)

.init_array     0x000000000002eef8        0x4
 *(SORT(.init_array.*) SORT(.ctors.*))
 *(.init_array EXCLUDE_FILE(*crtend?.o *crtend.o *crtbegin?.o *crtbegin.o) .ctors)
 .init_array    0x000000000002eef8        0x4 /usr/lib/gcc/i686-linux-gnu/4.8/crtbeginS.o

.fini_array     0x000000000002eefc        0x4
 *(SORT(.fini_array.*) SORT(.dtors.*))
 *(.fini_array EXCLUDE_FILE(*crtend?.o *crtend.o *crtbegin?.o *crtbegin.o) .dtors)
 .fini_array    0x000000000002eefc        0x4 /usr/lib/gcc/i686-linux-gnu/4.8/crtbeginS.o

.ctors
 *crtbegin.o(.ctors)
 *crtbegin?.o(.ctors)
 *(EXCLUDE_FILE(*crtend?.o *crtend.o) .ctors)
 *(SORT(.ctors.*))
 *(.ctors)

.dtors
 *crtbegin.o(.dtors)
 *crtbegin?.o(.dtors)
 *(EXCLUDE_FILE(*crtend?.o *crtend.o) .dtors)
 *(SORT(.dtors.*))
 *(.dtors)

.jcr            0x000000000002ef00        0x4
 *(.jcr)
 .jcr           0x000000000002ef00        0x0 /usr/lib/gcc/i686-linux-gnu/4.8/crtbeginS.o
 .jcr           0x000000000002ef00        0x4 /usr/lib/gcc/i686-linux-gnu/4.8/crtendS.o

.data.rel.ro
 *(.data.rel.ro.local* .gnu.linkonce.d.rel.ro.local.*)
 *(.data.rel.ro .data.rel.ro.* .gnu.linkonce.d.rel.ro.*)

.dynamic        0x000000000002ef04       0xe8
 *(.dynamic)
 .dynamic       0x000000000002ef04       0xe8 /usr/lib/gcc/i686-linux-gnu/4.8/../../../i386-linux-gnu/crti.o
                0x000000000002ef04                _DYNAMIC

.got            0x000000000002efec       0x14
 *(.got)
 .got           0x000000000002efec       0x14 /usr/lib/gcc/i686-linux-gnu/4.8/../../../i386-linux-gnu/crti.o
 *(.igot)
                0x000000000002fff4                . = DATA_SEGMENT_RELRO_END (., (SIZEOF (.got.plt) >= 0xc)?0xc:0x0)

.got.plt        0x000000000002f000       0x14
 *(.got.plt)
 .got.plt       0x000000000002f000       0x14 /usr/lib/gcc/i686-linux-gnu/4.8/../../../i386-linux-gnu/crti.o
                0x000000000002f000                _GLOBAL_OFFSET_TABLE_
 *(.igot.plt)

.data           0x000000000002f020      0x246
 *(.data .data.* .gnu.linkonce.d.*)
 .data          0x000000000002f020        0x0 /usr/lib/gcc/i686-linux-gnu/4.8/../../../i386-linux-gnu/crti.o
 .data          0x000000000002f020        0x0 /usr/lib/gcc/i686-linux-gnu/4.8/crtbeginS.o
 .data.rel      0x000000000002f020        0x4 /usr/lib/gcc/i686-linux-gnu/4.8/crtbeginS.o
                0x000000000002f020                __dso_handle
 .data          0x000000000002f024       0x10 udp-client.co
                0x000000000002f024                udp_client_process
 *fill*         0x000000000002f034        0xc 
 .data          0x000000000002f040       0x44 obj_cooja/mtype204.o
                0x000000000002f040                simInterfaces
                0x000000000002f074                sensors
 .data          0x000000000002f084        0x0 obj_cooja/mtype204.a(simEnvChange.o)
 .data          0x000000000002f084        0x0 obj_cooja/mtype204.a(cooja_mt.o)
 .data          0x000000000002f084        0x0 obj_cooja/mtype204.a(cooja_mtarch.o)
 .data          0x000000000002f084        0x0 obj_cooja/mtype204.a(rtimer-arch.o)
 .data          0x000000000002f084        0x0 obj_cooja/mtype204.a(beep.o)
 .data          0x000000000002f084        0x0 obj_cooja/mtype204.a(button-sensor.o)
 .data          0x000000000002f084        0x0 obj_cooja/mtype204.a(leds-arch.o)
 .data          0x000000000002f084        0x0 obj_cooja/mtype204.a(moteid.o)
 .data          0x000000000002f084        0x0 obj_cooja/mtype204.a(pir-sensor.o)
 .data          0x000000000002f084        0x0 obj_cooja/mtype204.a(rs232.o)
 .data          0x000000000002f084        0x0 obj_cooja/mtype204.a(vib-sensor.o)
 .data          0x000000000002f084        0x0 obj_cooja/mtype204.a(clock.o)
 .data          0x000000000002f084        0x0 obj_cooja/mtype204.a(log.o)
 .data          0x000000000002f084        0x0 obj_cooja/mtype204.a(cfs-cooja.o)
 .data          0x000000000002f084       0x2c obj_cooja/mtype204.a(cooja-radio.o)
                0x000000000002f084                simRadioHWOn
                0x000000000002f088                simSignalStrength
                0x000000000002f08c                simLastSignalStrength
                0x000000000002f090                simPower
                0x000000000002f094                simRadioChannel
                0x000000000002f098                simRadioChannelLR
                0x000000000002f09c                simLQI
                0x000000000002f0a0                cooja_radio_process
 .data          0x000000000002f0b0        0x0 obj_cooja/mtype204.a(eeprom.o)
 .data          0x000000000002f0b0        0x0 obj_cooja/mtype204.a(random.o)
 .data          0x000000000002f0b0       0x10 obj_cooja/mtype204.a(sensors.o)
                0x000000000002f0b0                sensors_process
 .data          0x000000000002f0c0       0x24 obj_cooja/mtype204.a(dual_conf.o)
                0x000000000002f0c0                radio_received
                0x000000000002f0c4                dual_dio_broadcast
                0x000000000002f0d4                dual_dis_broadcast
 .data          0x000000000002f0e4        0x0 obj_cooja/mtype204.a(autostart.o)
 .data          0x000000000002f0e4       0x14 obj_cooja/mtype204.a(ctimer.o)
                0x000000000002f0e8                ctimer_process
 .data          0x000000000002f0f8       0x10 obj_cooja/mtype204.a(etimer.o)
                0x000000000002f0f8                etimer_process
 .data          0x000000000002f108        0x0 obj_cooja/mtype204.a(process.o)
 .data          0x000000000002f108        0x0 obj_cooja/mtype204.a(rtimer.o)
 .data          0x000000000002f108        0x0 obj_cooja/mtype204.a(stimer.o)
 .data          0x000000000002f108        0x0 obj_cooja/mtype204.a(timer.o)
 .data          0x000000000002f108       0x10 obj_cooja/mtype204.a(serial-line.o)
                0x000000000002f108                serial_line_process
 .data          0x000000000002f118        0x0 obj_cooja/mtype204.a(list.o)
 .data          0x000000000002f118        0x0 obj_cooja/mtype204.a(ringbuf.o)
 .data          0x000000000002f118        0x0 obj_cooja/mtype204.a(sicslowpan.o)
 .data          0x000000000002f118       0x14 obj_cooja/mtype204.a(uip-ds6-nbr.o)
                0x000000000002f128                ds6_neighbors
 .data          0x000000000002f12c       0x44 obj_cooja/mtype204.a(uip-ds6-route.o)
                0x000000000002f13c                nbr_routes
 .data          0x000000000002f170        0x0 obj_cooja/mtype204.a(uip-ds6.o)
 .data          0x000000000002f170        0x0 obj_cooja/mtype204.a(uip6.o)
 .data          0x000000000002f170       0x10 obj_cooja/mtype204.a(tcpip.o)
                0x000000000002f170                tcpip_process
 .data          0x000000000002f180        0x0 obj_cooja/mtype204.a(uip-debug.o)
 .data          0x000000000002f180        0xc obj_cooja/mtype204.a(uip-packetqueue)
 .data          0x000000000002f18c        0x0 obj_cooja/mtype204.a(uip-udp-packet.)
 .data          0x000000000002f18c       0x14 obj_cooja/mtype204.a(rpl-dag.o)
                0x000000000002f19c                rpl_parents
 .data          0x000000000002f1a0        0x0 obj_cooja/mtype204.a(rpl-ext-header.)
 .data          0x000000000002f1a0       0x34 obj_cooja/mtype204.a(rpl-icmp6.o)
 .data          0x000000000002f1d4       0x1c obj_cooja/mtype204.a(rpl-mrhof.o)
                0x000000000002f1d4                rpl_mrhof
 .data          0x000000000002f1f0        0x0 obj_cooja/mtype204.a(rpl-timers.o)
 .data          0x000000000002f1f0        0x0 obj_cooja/mtype204.a(rpl.o)
 .data          0x000000000002f1f0        0x0 obj_cooja/mtype204.a(linkaddr.o)
 .data          0x000000000002f1f0       0x10 obj_cooja/mtype204.a(nbr-table.o)
 .data          0x000000000002f200        0x0 obj_cooja/mtype204.a(netstack.o)
 .data          0x000000000002f200        0x4 obj_cooja/mtype204.a(packetbuf.o)
 .data          0x000000000002f204       0x18 obj_cooja/mtype204.a(queuebuf.o)
 .data          0x000000000002f21c       0x28 obj_cooja/mtype204.a(csma.o)
 .data          0x000000000002f244        0x0 obj_cooja/mtype204.a(framer-802154.o)
 .data          0x000000000002f244        0x0 obj_cooja/mtype204.a(mac.o)
 .data          0x000000000002f244        0x0 obj_cooja/mtype204.a(nullrdc.o)
 .data          0x000000000002f244        0x0 obj_cooja/mtype204.a(nullsec.o)
 .data          0x000000000002f244        0x0 obj_cooja/mtype204.a(watchdog.o)
 .data          0x000000000002f244        0x0 obj_cooja/mtype204.a(rimestats.o)
 .data          0x000000000002f244        0x0 obj_cooja/mtype204.a(memb.o)
 .data          0x000000000002f244       0x20 obj_cooja/mtype204.a(uip-icmp6.o)
 .data          0x000000000002f264        0x0 obj_cooja/mtype204.a(uip-nd6.o)
 .data          0x000000000002f264        0x0 obj_cooja/mtype204.a(rpl-nbr-policy.)
 .data          0x000000000002f264        0x2 obj_cooja/mtype204.a(frame802154.o)
 .data          0x000000000002f266        0x0 obj_cooja/mtype204.a(mac-sequence.o)
 .data          0x000000000002f266        0x0 /usr/lib/gcc/i686-linux-gnu/4.8/crtendS.o
 .data          0x000000000002f266        0x0 /usr/lib/gcc/i686-linux-gnu/4.8/../../../i386-linux-gnu/crtn.o

.tm_clone_table
                0x000000000002f268        0x0
 .tm_clone_table
                0x000000000002f268        0x0 /usr/lib/gcc/i686-linux-gnu/4.8/crtbeginS.o
 .tm_clone_table
                0x000000000002f268        0x0 /usr/lib/gcc/i686-linux-gnu/4.8/crtendS.o

.data1
 *(.data1)
                0x000000000002f268                _edata = .
                0x000000000002f268                PROVIDE (edata, .)
                0x000000000002f268                . = .
                0x000000000002f268                __bss_start = .

.bss            0x000000000002f280     0x8148
 *(.dynbss)
 .dynbss        0x0000000000000000        0x0 /usr/lib/gcc/i686-linux-gnu/4.8/../../../i386-linux-gnu/crti.o
 *(.bss .bss.* .gnu.linkonce.b.*)
 .bss           0x000000000002f280        0x0 /usr/lib/gcc/i686-linux-gnu/4.8/../../../i386-linux-gnu/crti.o
 .bss           0x000000000002f280        0x1 /usr/lib/gcc/i686-linux-gnu/4.8/crtbeginS.o
 *fill*         0x000000000002f281       0x1f 
 .bss           0x000000000002f2a0       0x60 udp-client.co
 .bss           0x000000000002f300     0x2030 obj_cooja/mtype204.o
 .bss           0x0000000000031330        0x1 obj_cooja/mtype204.a(simEnvChange.o)
                0x0000000000031330                simDontFallAsleep
 *fill*         0x0000000000031331        0x3 
 .bss           0x0000000000031334        0x4 obj_cooja/mtype204.a(cooja_mt.o)
 .bss           0x0000000000031338        0x4 obj_cooja/mtype204.a(cooja_mtarch.o)
 .bss           0x000000000003133c        0xc obj_cooja/mtype204.a(rtimer-arch.o)
 .bss           0x0000000000031348        0x0 obj_cooja/mtype204.a(beep.o)
 .bss           0x0000000000031348        0x8 obj_cooja/mtype204.a(button-sensor.o)
 .bss           0x0000000000031350        0x0 obj_cooja/mtype204.a(leds-arch.o)
 .bss           0x0000000000031350        0x0 obj_cooja/mtype204.a(moteid.o)
 .bss           0x0000000000031350        0x1 obj_cooja/mtype204.a(pir-sensor.o)
                0x0000000000031350                simPirValue
 *fill*         0x0000000000031351        0x3 
 .bss           0x0000000000031354        0x4 obj_cooja/mtype204.a(rs232.o)
 .bss           0x0000000000031358        0x1 obj_cooja/mtype204.a(vib-sensor.o)
                0x0000000000031358                simVibValue
 .bss           0x0000000000031359        0x0 obj_cooja/mtype204.a(clock.o)
 *fill*         0x0000000000031359        0x7 
 .bss           0x0000000000031360      0x420 obj_cooja/mtype204.a(log.o)
 .bss           0x0000000000031780      0xfc0 obj_cooja/mtype204.a(cfs-cooja.o)
                0x0000000000031780                simCFSData
                0x0000000000032720                simCFSSize
                0x0000000000032724                simCFSChanged
                0x0000000000032728                simCFSRead
                0x000000000003272c                simCFSWritten
 .bss           0x0000000000032740       0x20 obj_cooja/mtype204.a(cooja-radio.o)
                0x0000000000032740                simReceiving
                0x0000000000032741                simReceivingLR
                0x0000000000032744                simInSize
                0x0000000000032748                simInSizeLR
                0x000000000003274c                simOutSize
                0x0000000000032750                simOutSizeLR
                0x0000000000032754                LongRangeTransmit
                0x0000000000032758                LongRangeReceiving
 .bss           0x0000000000032760        0xc obj_cooja/mtype204.a(eeprom.o)
                0x0000000000032760                simEEPROMChanged
                0x0000000000032764                simEEPROMRead
                0x0000000000032768                simEEPROMWritten
 .bss           0x000000000003276c        0x0 obj_cooja/mtype204.a(random.o)
 .bss           0x000000000003276c        0xc obj_cooja/mtype204.a(sensors.o)
 .bss           0x0000000000032778       0x28 obj_cooja/mtype204.a(dual_conf.o)
                0x0000000000032778                long_range_radio
 .bss           0x00000000000327a0        0x0 obj_cooja/mtype204.a(autostart.o)
 .bss           0x00000000000327a0        0x5 obj_cooja/mtype204.a(ctimer.o)
 *fill*         0x00000000000327a5        0x3 
 .bss           0x00000000000327a8        0x8 obj_cooja/mtype204.a(etimer.o)
 *fill*         0x00000000000327b0       0x10 
 .bss           0x00000000000327c0      0x1b1 obj_cooja/mtype204.a(process.o)
                0x00000000000327c0                process_list
                0x00000000000327c4                process_current
 *fill*         0x0000000000032971        0x3 
 .bss           0x0000000000032974        0x4 obj_cooja/mtype204.a(rtimer.o)
 .bss           0x0000000000032978        0x0 obj_cooja/mtype204.a(stimer.o)
 .bss           0x0000000000032978        0x0 obj_cooja/mtype204.a(timer.o)
 *fill*         0x0000000000032978        0x8 
 .bss           0x0000000000032980      0x140 obj_cooja/mtype204.a(serial-line.o)
 .bss           0x0000000000032ac0        0x0 obj_cooja/mtype204.a(list.o)
 .bss           0x0000000000032ac0        0x0 obj_cooja/mtype204.a(ringbuf.o)
 .bss           0x0000000000032ac0      0x6f0 obj_cooja/mtype204.a(sicslowpan.o)
 *fill*         0x00000000000331b0       0x10 
 .bss           0x00000000000331c0       0xf0 obj_cooja/mtype204.a(uip-ds6-nbr.o)
 *fill*         0x00000000000332b0       0x10 
 .bss           0x00000000000332c0      0x2a8 obj_cooja/mtype204.a(uip-ds6-route.o)
 .bss           0x0000000000033568       0x20 obj_cooja/mtype204.a(uip-ds6.o)
 .bss           0x0000000000033588        0xe obj_cooja/mtype204.a(uip6.o)
                0x0000000000033588                uip_ext_bitmap
                0x0000000000033589                uip_ext_len
                0x000000000003358a                uip_ext_opt_offset
 *fill*         0x0000000000033596        0xa 
 .bss           0x00000000000335a0       0x6a obj_cooja/mtype204.a(tcpip.o)
 .bss           0x000000000003360a        0x0 obj_cooja/mtype204.a(uip-debug.o)
 *fill*         0x000000000003360a       0x16 
 .bss           0x0000000000033620      0xcf8 obj_cooja/mtype204.a(uip-packetqueue)
 .bss           0x0000000000034318        0x0 obj_cooja/mtype204.a(uip-udp-packet.)
 *fill*         0x0000000000034318        0x8 
 .bss           0x0000000000034320       0xa0 obj_cooja/mtype204.a(rpl-dag.o)
 .bss           0x00000000000343c0        0x0 obj_cooja/mtype204.a(rpl-ext-header.)
 .bss           0x00000000000343c0        0x0 obj_cooja/mtype204.a(rpl-icmp6.o)
 .bss           0x00000000000343c0        0x0 obj_cooja/mtype204.a(rpl-mrhof.o)
 .bss           0x00000000000343c0       0x23 obj_cooja/mtype204.a(rpl-timers.o)
 *fill*         0x00000000000343e3        0x1 
 .bss           0x00000000000343e4        0x4 obj_cooja/mtype204.a(rpl.o)
 .bss           0x00000000000343e8        0x0 obj_cooja/mtype204.a(linkaddr.o)
 *fill*         0x00000000000343e8       0x18 
 .bss           0x0000000000034400       0xdc obj_cooja/mtype204.a(nbr-table.o)
 .bss           0x00000000000344dc        0x0 obj_cooja/mtype204.a(netstack.o)
 *fill*         0x00000000000344dc        0x4 
 .bss           0x00000000000344e0       0xa0 obj_cooja/mtype204.a(packetbuf.o)
 .bss           0x0000000000034580      0xb80 obj_cooja/mtype204.a(queuebuf.o)
 .bss           0x0000000000035100      0x248 obj_cooja/mtype204.a(csma.o)
 .bss           0x0000000000035348        0x2 obj_cooja/mtype204.a(framer-802154.o)
 .bss           0x000000000003534a        0x0 obj_cooja/mtype204.a(mac.o)
 .bss           0x000000000003534a        0x0 obj_cooja/mtype204.a(nullrdc.o)
 .bss           0x000000000003534a        0x0 obj_cooja/mtype204.a(nullsec.o)
 .bss           0x000000000003534a        0x0 obj_cooja/mtype204.a(watchdog.o)
 .bss           0x000000000003534a        0x0 obj_cooja/mtype204.a(rimestats.o)
 .bss           0x000000000003534a        0x0 obj_cooja/mtype204.a(memb.o)
 *fill*         0x000000000003534a        0x2 
 .bss           0x000000000003534c       0x18 obj_cooja/mtype204.a(uip-icmp6.o)
 .bss           0x0000000000035364        0x0 obj_cooja/mtype204.a(uip-nd6.o)
 *fill*         0x0000000000035364       0x1c 
 .bss           0x0000000000035380       0x44 obj_cooja/mtype204.a(rpl-nbr-policy.)
 .bss           0x00000000000353c4        0x0 obj_cooja/mtype204.a(frame802154.o)
 *fill*         0x00000000000353c4       0x1c 
 .bss           0x00000000000353e0       0x90 obj_cooja/mtype204.a(mac-sequence.o)
 .bss           0x0000000000035470        0x0 /usr/lib/gcc/i686-linux-gnu/4.8/crtendS.o
 .bss           0x0000000000035470        0x0 /usr/lib/gcc/i686-linux-gnu/4.8/../../../i386-linux-gnu/crtn.o
 *(COMMON)
 COMMON         0x0000000000035470        0x8 obj_cooja/mtype204.o
                0x0000000000035470                referenceVar
                0x0000000000035474                sensors_flags
 COMMON         0x0000000000035478        0xc obj_cooja/mtype204.a(simEnvChange.o)
                0x0000000000035478                simEtimerPending
                0x000000000003547c                simProcessRunValue
                0x0000000000035480                simNextExpirationTime
 COMMON         0x0000000000035484        0x1 obj_cooja/mtype204.a(beep.o)
                0x0000000000035484                simBeeped
 COMMON         0x0000000000035485        0x3 obj_cooja/mtype204.a(button-sensor.o)
                0x0000000000035485                simButtonIsActive
                0x0000000000035486                simButtonIsDown
                0x0000000000035487                simButtonChanged
 COMMON         0x0000000000035488        0x1 obj_cooja/mtype204.a(leds-arch.o)
                0x0000000000035488                simLedsValue
 *fill*         0x0000000000035489        0x3 
 COMMON         0x000000000003548c        0xc obj_cooja/mtype204.a(moteid.o)
                0x000000000003548c                simRandomSeed
                0x0000000000035490                simMoteIDChanged
                0x0000000000035494                simMoteID
 COMMON         0x0000000000035498        0x2 obj_cooja/mtype204.a(pir-sensor.o)
                0x0000000000035498                simPirIsActive
                0x0000000000035499                simPirChanged
 *fill*         0x000000000003549a        0x6 
 COMMON         0x00000000000354a0      0x820 obj_cooja/mtype204.a(rs232.o)
                0x00000000000354a0                simSerialReceivingFlag
                0x00000000000354a4                simSerialReceivingLength
                0x00000000000354c0                simSerialReceivingData
 COMMON         0x0000000000035cc0        0x2 obj_cooja/mtype204.a(vib-sensor.o)
                0x0000000000035cc0                simVibChanged
                0x0000000000035cc1                simVibIsActive
 *fill*         0x0000000000035cc2        0x2 
 COMMON         0x0000000000035cc4        0x4 obj_cooja/mtype204.a(clock.o)
                0x0000000000035cc4                simCurrentTime
 *fill*         0x0000000000035cc8       0x18 
 COMMON         0x0000000000035ce0      0x420 obj_cooja/mtype204.a(log.o)
                0x0000000000035ce0                simLoggedLength
                0x0000000000035ce4                simLoggedFlag
                0x0000000000035d00                simLoggedData
 COMMON         0x0000000000036100      0x200 obj_cooja/mtype204.a(cooja-radio.o)
                0x0000000000036100                simOutDataBuffer
                0x0000000000036180                simInDataBufferLR
                0x0000000000036200                simOutDataBufferLR
                0x0000000000036280                simInDataBuffer
 COMMON         0x0000000000036300      0x400 obj_cooja/mtype204.a(eeprom.o)
                0x0000000000036300                simEEPROMData
 COMMON         0x0000000000036700        0x1 obj_cooja/mtype204.a(sensors.o)
                0x0000000000036700                sensors_event
 COMMON         0x0000000000036701        0x1 obj_cooja/mtype204.a(serial-line.o)
                0x0000000000036701                serial_line_event_message
 COMMON         0x0000000000036702        0x1 obj_cooja/mtype204.a(sicslowpan.o)
                0x0000000000036702                p
 *fill*         0x0000000000036703       0x1d 
 COMMON         0x0000000000036720      0x181 obj_cooja/mtype204.a(uip-ds6.o)
                0x0000000000036720                uip_ds6_prefix_list
                0x0000000000036780                uip_ds6_timer_periodic
                0x0000000000036790                uip_ds6_netif_addr_list_offset
                0x00000000000367a0                uip_ds6_if
                0x0000000000036898                uip_ds6_timer_ra
                0x00000000000368a0                uip_ds6_addr_size
 *fill*         0x00000000000368a1       0x1f 
 COMMON         0x00000000000368c0      0x8ec obj_cooja/mtype204.a(uip6.o)
                0x00000000000368c0                uip_slen
                0x00000000000368c2                uip_acc32
                0x00000000000368e0                uip_conns
                0x00000000000369a0                uip_lladdr
                0x00000000000369a8                uip_appdata
                0x00000000000369ac                uip_flags
                0x00000000000369c0                uip_aligned_buf
                0x0000000000037000                uip_listenports
                0x0000000000037010                uip_len
                0x0000000000037014                uip_sappdata
                0x0000000000037020                uip_udp_conns
                0x00000000000371a0                uip_udp_conn
                0x00000000000371a4                uip_next_hdr
                0x00000000000371a8                uip_conn
 COMMON         0x00000000000371ac        0x1 obj_cooja/mtype204.a(tcpip.o)
                0x00000000000371ac                tcpip_event
 *fill*         0x00000000000371ad       0x13 
 COMMON         0x00000000000371c0      0x170 obj_cooja/mtype204.a(rpl-dag.o)
                0x00000000000371c0                default_instance
                0x00000000000371e0                instance_table
 COMMON         0x0000000000037330        0x8 obj_cooja/mtype204.a(linkaddr.o)
                0x0000000000037330                linkaddr_node_addr
 COMMON         0x0000000000037338       0x2e obj_cooja/mtype204.a(packetbuf.o)
                0x0000000000037338                packetbuf_attrs
                0x0000000000037356                packetbuf_addrs
 *fill*         0x0000000000037366       0x1a 
 COMMON         0x0000000000037380       0x48 obj_cooja/mtype204.a(rimestats.o)
                0x0000000000037380                rimestats
                0x00000000000373c8                . = ALIGN ((. != 0x0)?0x4:0x1)
                0x00000000000373c8                . = ALIGN (0x4)
                0x00000000000373c8                . = SEGMENT_START ("ldata-segment", .)
                0x00000000000373c8                . = ALIGN (0x4)
                0x00000000000373c8                _end = .
                0x00000000000373c8                PROVIDE (end, .)
                0x00000000000373c8                . = DATA_SEGMENT_END (.)

.stab
 *(.stab)

.stabstr
 *(.stabstr)

.stab.excl
 *(.stab.excl)

.stab.exclstr
 *(.stab.exclstr)

.stab.index
 *(.stab.index)

.stab.indexstr
 *(.stab.indexstr)

.comment        0x0000000000000000       0x2b
 *(.comment)
 .comment       0x0000000000000000       0x2b /usr/lib/gcc/i686-linux-gnu/4.8/crtbeginS.o
                                         0x2c (size before relaxing)
 .comment       0x0000000000000000       0x2c udp-client.co
 .comment       0x0000000000000000       0x2c obj_cooja/mtype204.o
 .comment       0x0000000000000000       0x2c obj_cooja/mtype204.a(simEnvChange.o)
 .comment       0x0000000000000000       0x2c obj_cooja/mtype204.a(cooja_mt.o)
 .comment       0x0000000000000000       0x2c obj_cooja/mtype204.a(cooja_mtarch.o)
 .comment       0x0000000000000000       0x2c obj_cooja/mtype204.a(rtimer-arch.o)
 .comment       0x0000000000000000       0x2c obj_cooja/mtype204.a(beep.o)
 .comment       0x0000000000000000       0x2c obj_cooja/mtype204.a(button-sensor.o)
 .comment       0x0000000000000000       0x2c obj_cooja/mtype204.a(leds-arch.o)
 .comment       0x0000000000000000       0x2c obj_cooja/mtype204.a(moteid.o)
 .comment       0x0000000000000000       0x2c obj_cooja/mtype204.a(pir-sensor.o)
 .comment       0x0000000000000000       0x2c obj_cooja/mtype204.a(rs232.o)
 .comment       0x0000000000000000       0x2c obj_cooja/mtype204.a(vib-sensor.o)
 .comment       0x0000000000000000       0x2c obj_cooja/mtype204.a(clock.o)
 .comment       0x0000000000000000       0x2c obj_cooja/mtype204.a(log.o)
 .comment       0x0000000000000000       0x2c obj_cooja/mtype204.a(cfs-cooja.o)
 .comment       0x0000000000000000       0x2c obj_cooja/mtype204.a(cooja-radio.o)
 .comment       0x0000000000000000       0x2c obj_cooja/mtype204.a(eeprom.o)
 .comment       0x0000000000000000       0x2c obj_cooja/mtype204.a(random.o)
 .comment       0x0000000000000000       0x2c obj_cooja/mtype204.a(sensors.o)
 .comment       0x0000000000000000       0x2c obj_cooja/mtype204.a(dual_conf.o)
 .comment       0x0000000000000000       0x2c obj_cooja/mtype204.a(autostart.o)
 .comment       0x0000000000000000       0x2c obj_cooja/mtype204.a(ctimer.o)
 .comment       0x0000000000000000       0x2c obj_cooja/mtype204.a(etimer.o)
 .comment       0x0000000000000000       0x2c obj_cooja/mtype204.a(process.o)
 .comment       0x0000000000000000       0x2c obj_cooja/mtype204.a(rtimer.o)
 .comment       0x0000000000000000       0x2c obj_cooja/mtype204.a(stimer.o)
 .comment       0x0000000000000000       0x2c obj_cooja/mtype204.a(timer.o)
 .comment       0x0000000000000000       0x2c obj_cooja/mtype204.a(serial-line.o)
 .comment       0x0000000000000000       0x2c obj_cooja/mtype204.a(list.o)
 .comment       0x0000000000000000       0x2c obj_cooja/mtype204.a(ringbuf.o)
 .comment       0x0000000000000000       0x2c obj_cooja/mtype204.a(sicslowpan.o)
 .comment       0x0000000000000000       0x2c obj_cooja/mtype204.a(uip-ds6-nbr.o)
 .comment       0x0000000000000000       0x2c obj_cooja/mtype204.a(uip-ds6-route.o)
 .comment       0x0000000000000000       0x2c obj_cooja/mtype204.a(uip-ds6.o)
 .comment       0x0000000000000000       0x2c obj_cooja/mtype204.a(uip6.o)
 .comment       0x0000000000000000       0x2c obj_cooja/mtype204.a(tcpip.o)
 .comment       0x0000000000000000       0x2c obj_cooja/mtype204.a(uip-debug.o)
 .comment       0x0000000000000000       0x2c obj_cooja/mtype204.a(uip-packetqueue)
 .comment       0x0000000000000000       0x2c obj_cooja/mtype204.a(uip-udp-packet.)
 .comment       0x0000000000000000       0x2c obj_cooja/mtype204.a(rpl-dag.o)
 .comment       0x0000000000000000       0x2c obj_cooja/mtype204.a(rpl-ext-header.)
 .comment       0x0000000000000000       0x2c obj_cooja/mtype204.a(rpl-icmp6.o)
 .comment       0x0000000000000000       0x2c obj_cooja/mtype204.a(rpl-mrhof.o)
 .comment       0x0000000000000000       0x2c obj_cooja/mtype204.a(rpl-timers.o)
 .comment       0x0000000000000000       0x2c obj_cooja/mtype204.a(rpl.o)
 .comment       0x0000000000000000       0x2c obj_cooja/mtype204.a(linkaddr.o)
 .comment       0x0000000000000000       0x2c obj_cooja/mtype204.a(nbr-table.o)
 .comment       0x0000000000000000       0x2c obj_cooja/mtype204.a(netstack.o)
 .comment       0x0000000000000000       0x2c obj_cooja/mtype204.a(packetbuf.o)
 .comment       0x0000000000000000       0x2c obj_cooja/mtype204.a(queuebuf.o)
 .comment       0x0000000000000000       0x2c obj_cooja/mtype204.a(csma.o)
 .comment       0x0000000000000000       0x2c obj_cooja/mtype204.a(framer-802154.o)
 .comment       0x0000000000000000       0x2c obj_cooja/mtype204.a(mac.o)
 .comment       0x0000000000000000       0x2c obj_cooja/mtype204.a(nullrdc.o)
 .comment       0x0000000000000000       0x2c obj_cooja/mtype204.a(nullsec.o)
 .comment       0x0000000000000000       0x2c obj_cooja/mtype204.a(watchdog.o)
 .comment       0x0000000000000000       0x2c obj_cooja/mtype204.a(rimestats.o)
 .comment       0x0000000000000000       0x2c obj_cooja/mtype204.a(memb.o)
 .comment       0x0000000000000000       0x2c obj_cooja/mtype204.a(uip-icmp6.o)
 .comment       0x0000000000000000       0x2c obj_cooja/mtype204.a(uip-nd6.o)
 .comment       0x0000000000000000       0x2c obj_cooja/mtype204.a(rpl-nbr-policy.)
 .comment       0x0000000000000000       0x2c obj_cooja/mtype204.a(frame802154.o)
 .comment       0x0000000000000000       0x2c obj_cooja/mtype204.a(mac-sequence.o)
 .comment       0x0000000000000000       0x2c /usr/lib/gcc/i686-linux-gnu/4.8/crtendS.o

.debug
 *(.debug)

.line
 *(.line)

.debug_srcinfo
 *(.debug_srcinfo)

.debug_sfnames
 *(.debug_sfnames)

.debug_aranges  0x0000000000000000      0x7f8
 *(.debug_aranges)
 .debug_aranges
                0x0000000000000000       0x20 udp-client.co
 .debug_aranges
                0x0000000000000020       0x20 obj_cooja/mtype204.o
 .debug_aranges
                0x0000000000000040       0x20 obj_cooja/mtype204.a(simEnvChange.o)
 .debug_aranges
                0x0000000000000060       0x20 obj_cooja/mtype204.a(cooja_mt.o)
 .debug_aranges
                0x0000000000000080       0x20 obj_cooja/mtype204.a(cooja_mtarch.o)
 .debug_aranges
                0x00000000000000a0       0x20 obj_cooja/mtype204.a(rtimer-arch.o)
 .debug_aranges
                0x00000000000000c0       0x20 obj_cooja/mtype204.a(beep.o)
 .debug_aranges
                0x00000000000000e0       0x20 obj_cooja/mtype204.a(button-sensor.o)
 .debug_aranges
                0x0000000000000100       0x20 obj_cooja/mtype204.a(leds-arch.o)
 .debug_aranges
                0x0000000000000120       0x20 obj_cooja/mtype204.a(moteid.o)
 .debug_aranges
                0x0000000000000140       0x20 obj_cooja/mtype204.a(pir-sensor.o)
 .debug_aranges
                0x0000000000000160       0x20 obj_cooja/mtype204.a(rs232.o)
 .debug_aranges
                0x0000000000000180       0x20 obj_cooja/mtype204.a(vib-sensor.o)
 .debug_aranges
                0x00000000000001a0       0x20 obj_cooja/mtype204.a(clock.o)
 .debug_aranges
                0x00000000000001c0       0x20 obj_cooja/mtype204.a(log.o)
 .debug_aranges
                0x00000000000001e0       0x20 obj_cooja/mtype204.a(cfs-cooja.o)
 .debug_aranges
                0x0000000000000200       0x20 obj_cooja/mtype204.a(cooja-radio.o)
 .debug_aranges
                0x0000000000000220       0x20 obj_cooja/mtype204.a(eeprom.o)
 .debug_aranges
                0x0000000000000240       0x20 obj_cooja/mtype204.a(random.o)
 .debug_aranges
                0x0000000000000260       0x20 obj_cooja/mtype204.a(sensors.o)
 .debug_aranges
                0x0000000000000280       0x20 obj_cooja/mtype204.a(dual_conf.o)
 .debug_aranges
                0x00000000000002a0       0x20 obj_cooja/mtype204.a(autostart.o)
 .debug_aranges
                0x00000000000002c0       0x20 obj_cooja/mtype204.a(ctimer.o)
 .debug_aranges
                0x00000000000002e0       0x20 obj_cooja/mtype204.a(etimer.o)
 .debug_aranges
                0x0000000000000300       0x20 obj_cooja/mtype204.a(process.o)
 .debug_aranges
                0x0000000000000320       0x20 obj_cooja/mtype204.a(rtimer.o)
 .debug_aranges
                0x0000000000000340       0x20 obj_cooja/mtype204.a(stimer.o)
 .debug_aranges
                0x0000000000000360       0x20 obj_cooja/mtype204.a(timer.o)
 .debug_aranges
                0x0000000000000380       0x20 obj_cooja/mtype204.a(serial-line.o)
 .debug_aranges
                0x00000000000003a0       0x20 obj_cooja/mtype204.a(list.o)
 .debug_aranges
                0x00000000000003c0       0x20 obj_cooja/mtype204.a(ringbuf.o)
 .debug_aranges
                0x00000000000003e0       0x20 obj_cooja/mtype204.a(sicslowpan.o)
 .debug_aranges
                0x0000000000000400       0x20 obj_cooja/mtype204.a(uip-ds6-nbr.o)
 .debug_aranges
                0x0000000000000420       0x20 obj_cooja/mtype204.a(uip-ds6-route.o)
 .debug_aranges
                0x0000000000000440       0x20 obj_cooja/mtype204.a(uip-ds6.o)
 .debug_aranges
                0x0000000000000460       0x20 obj_cooja/mtype204.a(uip6.o)
 .debug_aranges
                0x0000000000000480       0x20 obj_cooja/mtype204.a(tcpip.o)
 .debug_aranges
                0x00000000000004a0       0x20 obj_cooja/mtype204.a(uip-debug.o)
 .debug_aranges
                0x00000000000004c0       0x20 obj_cooja/mtype204.a(uip-packetqueue)
 .debug_aranges
                0x00000000000004e0       0x20 obj_cooja/mtype204.a(uip-udp-packet.)
 .debug_aranges
                0x0000000000000500       0x20 obj_cooja/mtype204.a(rpl-dag.o)
 .debug_aranges
                0x0000000000000520       0x20 obj_cooja/mtype204.a(rpl-ext-header.)
 .debug_aranges
                0x0000000000000540       0x20 obj_cooja/mtype204.a(rpl-icmp6.o)
 .debug_aranges
                0x0000000000000560       0x20 obj_cooja/mtype204.a(rpl-mrhof.o)
 .debug_aranges
                0x0000000000000580       0x20 obj_cooja/mtype204.a(rpl-timers.o)
 .debug_aranges
                0x00000000000005a0       0x20 obj_cooja/mtype204.a(rpl.o)
 .debug_aranges
                0x00000000000005c0       0x20 obj_cooja/mtype204.a(linkaddr.o)
 .debug_aranges
                0x00000000000005e0       0x20 obj_cooja/mtype204.a(nbr-table.o)
 .debug_aranges
                0x0000000000000600       0x20 obj_cooja/mtype204.a(netstack.o)
 .debug_aranges
                0x0000000000000620       0x20 obj_cooja/mtype204.a(packetbuf.o)
 .debug_aranges
                0x0000000000000640       0x20 obj_cooja/mtype204.a(queuebuf.o)
 .debug_aranges
                0x0000000000000660       0x20 obj_cooja/mtype204.a(csma.o)
 .debug_aranges
                0x0000000000000680       0x20 obj_cooja/mtype204.a(framer-802154.o)
 .debug_aranges
                0x00000000000006a0       0x20 obj_cooja/mtype204.a(mac.o)
 .debug_aranges
                0x00000000000006c0       0x20 obj_cooja/mtype204.a(nullrdc.o)
 .debug_aranges
                0x00000000000006e0       0x20 obj_cooja/mtype204.a(nullsec.o)
 .debug_aranges
                0x0000000000000700       0x20 obj_cooja/mtype204.a(watchdog.o)
 .debug_aranges
                0x0000000000000720       0x18 obj_cooja/mtype204.a(rimestats.o)
 .debug_aranges
                0x0000000000000738       0x20 obj_cooja/mtype204.a(memb.o)
 .debug_aranges
                0x0000000000000758       0x20 obj_cooja/mtype204.a(uip-icmp6.o)
 .debug_aranges
                0x0000000000000778       0x20 obj_cooja/mtype204.a(uip-nd6.o)
 .debug_aranges
                0x0000000000000798       0x20 obj_cooja/mtype204.a(rpl-nbr-policy.)
 .debug_aranges
                0x00000000000007b8       0x20 obj_cooja/mtype204.a(frame802154.o)
 .debug_aranges
                0x00000000000007d8       0x20 obj_cooja/mtype204.a(mac-sequence.o)

.debug_pubnames
 *(.debug_pubnames)

.debug_info     0x0000000000000000    0x1af44
 *(.debug_info .gnu.linkonce.wi.*)
 .debug_info    0x0000000000000000      0x8a1 udp-client.co
 .debug_info    0x00000000000008a1     0x370c obj_cooja/mtype204.o
 .debug_info    0x0000000000003fad      0x15a obj_cooja/mtype204.a(simEnvChange.o)
 .debug_info    0x0000000000004107      0x1e2 obj_cooja/mtype204.a(cooja_mt.o)
 .debug_info    0x00000000000042e9      0x2e7 obj_cooja/mtype204.a(cooja_mtarch.o)
 .debug_info    0x00000000000045d0      0x16b obj_cooja/mtype204.a(rtimer-arch.o)
 .debug_info    0x000000000000473b      0x1f3 obj_cooja/mtype204.a(beep.o)
 .debug_info    0x000000000000492e      0x257 obj_cooja/mtype204.a(button-sensor.o)
 .debug_info    0x0000000000004b85      0x132 obj_cooja/mtype204.a(leds-arch.o)
 .debug_info    0x0000000000004cb7      0x10a obj_cooja/mtype204.a(moteid.o)
 .debug_info    0x0000000000004dc1      0x216 obj_cooja/mtype204.a(pir-sensor.o)
 .debug_info    0x0000000000004fd7      0x21e obj_cooja/mtype204.a(rs232.o)
 .debug_info    0x00000000000051f5      0x216 obj_cooja/mtype204.a(vib-sensor.o)
 .debug_info    0x000000000000540b      0x152 obj_cooja/mtype204.a(clock.o)
 .debug_info    0x000000000000555d      0x2bb obj_cooja/mtype204.a(log.o)
 .debug_info    0x0000000000005818      0x3cf obj_cooja/mtype204.a(cfs-cooja.o)
 .debug_info    0x0000000000005be7      0xc5e obj_cooja/mtype204.a(cooja-radio.o)
 .debug_info    0x0000000000006845      0x1d5 obj_cooja/mtype204.a(eeprom.o)
 .debug_info    0x0000000000006a1a       0xb3 obj_cooja/mtype204.a(random.o)
 .debug_info    0x0000000000006acd      0x36d obj_cooja/mtype204.a(sensors.o)
 .debug_info    0x0000000000006e3a      0x99d obj_cooja/mtype204.a(dual_conf.o)
 .debug_info    0x00000000000077d7      0x1a5 obj_cooja/mtype204.a(autostart.o)
 .debug_info    0x000000000000797c      0x46c obj_cooja/mtype204.a(ctimer.o)
 .debug_info    0x0000000000007de8      0x49c obj_cooja/mtype204.a(etimer.o)
 .debug_info    0x0000000000008284      0x4ba obj_cooja/mtype204.a(process.o)
 .debug_info    0x000000000000873e      0x1ab obj_cooja/mtype204.a(rtimer.o)
 .debug_info    0x00000000000088e9      0x179 obj_cooja/mtype204.a(stimer.o)
 .debug_info    0x0000000000008a62      0x16c obj_cooja/mtype204.a(timer.o)
 .debug_info    0x0000000000008bce      0x2de obj_cooja/mtype204.a(serial-line.o)
 .debug_info    0x0000000000008eac      0x2ed obj_cooja/mtype204.a(list.o)
 .debug_info    0x0000000000009199      0x1aa obj_cooja/mtype204.a(ringbuf.o)
 .debug_info    0x0000000000009343      0xcff obj_cooja/mtype204.a(sicslowpan.o)
 .debug_info    0x000000000000a042      0x853 obj_cooja/mtype204.a(uip-ds6-nbr.o)
 .debug_info    0x000000000000a895      0xd30 obj_cooja/mtype204.a(uip-ds6-route.o)
 .debug_info    0x000000000000b5c5      0xa7c obj_cooja/mtype204.a(uip-ds6.o)
 .debug_info    0x000000000000c041      0xe8e obj_cooja/mtype204.a(uip6.o)
 .debug_info    0x000000000000cecf     0x1437 obj_cooja/mtype204.a(tcpip.o)
 .debug_info    0x000000000000e306      0x1b5 obj_cooja/mtype204.a(uip-debug.o)
 .debug_info    0x000000000000e4bb      0x470 obj_cooja/mtype204.a(uip-packetqueue)
 .debug_info    0x000000000000e92b      0x37a obj_cooja/mtype204.a(uip-udp-packet.)
 .debug_info    0x000000000000eca5     0x1903 obj_cooja/mtype204.a(rpl-dag.o)
 .debug_info    0x00000000000105a8      0xe2b obj_cooja/mtype204.a(rpl-ext-header.)
 .debug_info    0x00000000000113d3     0x1695 obj_cooja/mtype204.a(rpl-icmp6.o)
 .debug_info    0x0000000000012a68      0xabe obj_cooja/mtype204.a(rpl-mrhof.o)
 .debug_info    0x0000000000013526      0xbeb obj_cooja/mtype204.a(rpl-timers.o)
 .debug_info    0x0000000000014111      0xcda obj_cooja/mtype204.a(rpl.o)
 .debug_info    0x0000000000014deb      0x165 obj_cooja/mtype204.a(linkaddr.o)
 .debug_info    0x0000000000014f50      0x8d7 obj_cooja/mtype204.a(nbr-table.o)
 .debug_info    0x0000000000015827      0x4b9 obj_cooja/mtype204.a(netstack.o)
 .debug_info    0x0000000000015ce0      0x478 obj_cooja/mtype204.a(packetbuf.o)
 .debug_info    0x0000000000016158      0x57d obj_cooja/mtype204.a(queuebuf.o)
 .debug_info    0x00000000000166d5      0xbff obj_cooja/mtype204.a(csma.o)
 .debug_info    0x00000000000172d4      0x5ed obj_cooja/mtype204.a(framer-802154.o)
 .debug_info    0x00000000000178c1      0x112 obj_cooja/mtype204.a(mac.o)
 .debug_info    0x00000000000179d3      0xcbb obj_cooja/mtype204.a(nullrdc.o)
 .debug_info    0x000000000001868e      0x3aa obj_cooja/mtype204.a(nullsec.o)
 .debug_info    0x0000000000018a38       0x7b obj_cooja/mtype204.a(watchdog.o)
 .debug_info    0x0000000000018ab3      0x119 obj_cooja/mtype204.a(rimestats.o)
 .debug_info    0x0000000000018bcc      0x1d7 obj_cooja/mtype204.a(memb.o)
 .debug_info    0x0000000000018da3      0x783 obj_cooja/mtype204.a(uip-icmp6.o)
 .debug_info    0x0000000000019526      0x331 obj_cooja/mtype204.a(uip-nd6.o)
 .debug_info    0x0000000000019857      0xda2 obj_cooja/mtype204.a(rpl-nbr-policy.)
 .debug_info    0x000000000001a5f9      0x6b4 obj_cooja/mtype204.a(frame802154.o)
 .debug_info    0x000000000001acad      0x297 obj_cooja/mtype204.a(mac-sequence.o)

.debug_abbrev   0x0000000000000000     0x6759
 *(.debug_abbrev)
 .debug_abbrev  0x0000000000000000      0x1c0 udp-client.co
 .debug_abbrev  0x00000000000001c0      0x2b3 obj_cooja/mtype204.o
 .debug_abbrev  0x0000000000000473       0xc3 obj_cooja/mtype204.a(simEnvChange.o)
 .debug_abbrev  0x0000000000000536       0xe6 obj_cooja/mtype204.a(cooja_mt.o)
 .debug_abbrev  0x000000000000061c      0x147 obj_cooja/mtype204.a(cooja_mtarch.o)
 .debug_abbrev  0x0000000000000763       0xcc obj_cooja/mtype204.a(rtimer-arch.o)
 .debug_abbrev  0x000000000000082f       0xe3 obj_cooja/mtype204.a(beep.o)
 .debug_abbrev  0x0000000000000912      0x11c obj_cooja/mtype204.a(button-sensor.o)
 .debug_abbrev  0x0000000000000a2e       0xe1 obj_cooja/mtype204.a(leds-arch.o)
 .debug_abbrev  0x0000000000000b0f       0x9c obj_cooja/mtype204.a(moteid.o)
 .debug_abbrev  0x0000000000000bab       0xe6 obj_cooja/mtype204.a(pir-sensor.o)
 .debug_abbrev  0x0000000000000c91      0x14a obj_cooja/mtype204.a(rs232.o)
 .debug_abbrev  0x0000000000000ddb       0xe6 obj_cooja/mtype204.a(vib-sensor.o)
 .debug_abbrev  0x0000000000000ec1       0xee obj_cooja/mtype204.a(clock.o)
 .debug_abbrev  0x0000000000000faf      0x141 obj_cooja/mtype204.a(log.o)
 .debug_abbrev  0x00000000000010f0      0x139 obj_cooja/mtype204.a(cfs-cooja.o)
 .debug_abbrev  0x0000000000001229      0x2f2 obj_cooja/mtype204.a(cooja-radio.o)
 .debug_abbrev  0x000000000000151b       0xf5 obj_cooja/mtype204.a(eeprom.o)