Archive member included to satisfy reference by file (symbol)

obj_cooja/mtype399.a(simEnvChange.o)
                              obj_cooja/mtype399.o (simDontFallAsleep)
obj_cooja/mtype399.a(cooja_mt.o)
                              obj_cooja/mtype399.o (cooja_mt_start)
obj_cooja/mtype399.a(cooja_mtarch.o)
                              obj_cooja/mtype399.a(cooja_mt.o) (cooja_mtarch_init)
obj_cooja/mtype399.a(rtimer-arch.o)
                              obj_cooja/mtype399.o (rtimer_arch_next)
obj_cooja/mtype399.a(beep.o)  obj_cooja/mtype399.o (beep_interface)
obj_cooja/mtype399.a(button-sensor.o)
                              obj_cooja/mtype399.o (button_interface)
obj_cooja/mtype399.a(leds-arch.o)
                              obj_cooja/mtype399.o (leds_interface)
obj_cooja/mtype399.a(moteid.o)
                              obj_cooja/mtype399.o (moteid_interface)
obj_cooja/mtype399.a(pir-sensor.o)
                              obj_cooja/mtype399.o (pir_interface)
obj_cooja/mtype399.a(rs232.o)
                              obj_cooja/mtype399.o (rs232_interface)
obj_cooja/mtype399.a(vib-sensor.o)
                              obj_cooja/mtype399.o (vib_interface)
obj_cooja/mtype399.a(clock.o)
                              obj_cooja/mtype399.o (clock_interface)
obj_cooja/mtype399.a(log.o)   obj_cooja/mtype399.o (simlog_interface)
obj_cooja/mtype399.a(cfs-cooja.o)
                              obj_cooja/mtype399.o (cfs_interface)
obj_cooja/mtype399.a(cooja-radio.o)
                              obj_cooja/mtype399.o (radio_interface)
obj_cooja/mtype399.a(eeprom.o)
                              obj_cooja/mtype399.o (eeprom_interface)
obj_cooja/mtype399.a(random.o)
                              obj_cooja/mtype399.a(moteid.o) (random_init)
obj_cooja/mtype399.a(sensors.o)
                              udp-server.co (sensors_event)
obj_cooja/mtype399.a(dual_conf.o)
                              obj_cooja/mtype399.a(cooja-radio.o) (long_range_radio)
obj_cooja/mtype399.a(autostart.o)
                              obj_cooja/mtype399.o (autostart_start)
obj_cooja/mtype399.a(ctimer.o)
                              obj_cooja/mtype399.o (ctimer_init)
obj_cooja/mtype399.a(etimer.o)
                              obj_cooja/mtype399.o (etimer_process)
obj_cooja/mtype399.a(process.o)
                              udp-server.co (process_current)
obj_cooja/mtype399.a(rtimer.o)
                              obj_cooja/mtype399.a(rtimer-arch.o) (rtimer_run_next)
obj_cooja/mtype399.a(timer.o)
                              obj_cooja/mtype399.a(button-sensor.o) (timer_set)
obj_cooja/mtype399.a(serial-line.o)
                              obj_cooja/mtype399.a(rs232.o) (serial_line_input_byte)
obj_cooja/mtype399.a(list.o)  obj_cooja/mtype399.a(ctimer.o) (list_init)
obj_cooja/mtype399.a(ringbuf.o)
                              obj_cooja/mtype399.a(serial-line.o) (ringbuf_init)
obj_cooja/mtype399.a(sicslowpan.o)
                              obj_cooja/mtype399.o (sicslowpan_driver)
obj_cooja/mtype399.a(uip-ds6-nbr.o)
                              obj_cooja/mtype399.a(sicslowpan.o) (uip_ds6_link_neighbor_callback)
obj_cooja/mtype399.a(uip-ds6.o)
                              udp-server.co (uip_ds6_if)
obj_cooja/mtype399.a(uip6.o)  obj_cooja/mtype399.o (uip_lladdr)
obj_cooja/mtype399.a(tcpip.o)
                              udp-server.co (tcpip_event)
obj_cooja/mtype399.a(uip-debug.o)
                              udp-server.co (uip_debug_ipaddr_print)
obj_cooja/mtype399.a(uip-packetqueue)
                              obj_cooja/mtype399.a(uip-ds6-nbr.o) (uip_packetqueue_new)
obj_cooja/mtype399.a(rpl-dag.o)
                              udp-server.co (rpl_set_root)
obj_cooja/mtype399.a(rpl-ext-header.)
                              obj_cooja/mtype399.a(uip6.o) (rpl_verify_header)
obj_cooja/mtype399.a(rpl-icmp6.o)
                              obj_cooja/mtype399.a(rpl-dag.o) (rpl_icmp6_update_nbr_table)
obj_cooja/mtype399.a(rpl-mrhof.o)
                              obj_cooja/mtype399.a(rpl-dag.o) (rpl_mrhof)
obj_cooja/mtype399.a(rpl-timers.o)
                              obj_cooja/mtype399.a(rpl-dag.o) (rpl_reset_dio_timer)
obj_cooja/mtype399.a(rpl.o)   obj_cooja/mtype399.a(rpl-icmp6.o) (rpl_get_mode)
obj_cooja/mtype399.a(linkaddr.o)
                              obj_cooja/mtype399.o (linkaddr_node_addr)
obj_cooja/mtype399.a(nbr-table.o)
                              obj_cooja/mtype399.a(uip-ds6-nbr.o) (nbr_table_register)
obj_cooja/mtype399.a(netstack.o)
                              obj_cooja/mtype399.o (netstack_init)
obj_cooja/mtype399.a(packetbuf.o)
                              obj_cooja/mtype399.a(cooja-radio.o) (packetbuf_attrs)
obj_cooja/mtype399.a(queuebuf.o)
                              obj_cooja/mtype399.o (queuebuf_init)
obj_cooja/mtype399.a(csma.o)  udp-server.co (csma_driver)
obj_cooja/mtype399.a(framer-802154.o)
                              obj_cooja/mtype399.a(sicslowpan.o) (framer_802154)
[...]
Memory Configuration

Name             Origin             Length             Attributes
*default*        0x0000000000000000 0xffffffffffffffff

Linker script and memory map

LOAD /usr/lib/gcc/i686-linux-gnu/4.8/../../../i386-linux-gnu/crti.o
LOAD /usr/lib/gcc/i686-linux-gnu/4.8/crtbeginS.o
LOAD udp-server.co
LOAD obj_cooja/mtype399.o
LOAD obj_cooja/mtype399.a
LOAD /usr/lib/gcc/i686-linux-gnu/4.8/libgcc.a
LOAD /usr/lib/gcc/i686-linux-gnu/4.8/libgcc_s.so
LOAD /usr/lib/gcc/i686-linux-gnu/4.8/../../../i386-linux-gnu/libc.so
START GROUP
LOAD /lib/i386-linux-gnu/libc.so.6
LOAD /usr/lib/i386-linux-gnu/libc_nonshared.a
LOAD /lib/i386-linux-gnu/ld-linux.so.2
END GROUP
LOAD /usr/lib/gcc/i686-linux-gnu/4.8/libgcc.a
LOAD /usr/lib/gcc/i686-linux-gnu/4.8/libgcc_s.so
LOAD /usr/lib/gcc/i686-linux-gnu/4.8/crtendS.o
LOAD /usr/lib/gcc/i686-linux-gnu/4.8/../../../i386-linux-gnu/crtn.o
                0x0000000000000114                . = (0x0 + SIZEOF_HEADERS)

.note.gnu.build-id
                0x0000000000000114       0x24
 *(.note.gnu.build-id)
 .note.gnu.build-id
                0x0000000000000114       0x24 /usr/lib/gcc/i686-linux-gnu/4.8/../../../i386-linux-gnu/crti.o

.hash
 *(.hash)

.gnu.hash       0x0000000000000138     0x125c
 *(.gnu.hash)
 .gnu.hash      0x0000000000000138     0x125c /usr/lib/gcc/i686-linux-gnu/4.8/../../../i386-linux-gnu/crti.o

.dynsym         0x0000000000001394     0x21a0
 *(.dynsym)
 .dynsym        0x0000000000001394     0x21a0 /usr/lib/gcc/i686-linux-gnu/4.8/../../../i386-linux-gnu/crti.o

.dynstr         0x0000000000003534     0x229c
 *(.dynstr)
 .dynstr        0x0000000000003534     0x229c /usr/lib/gcc/i686-linux-gnu/4.8/../../../i386-linux-gnu/crti.o

.gnu.version    0x00000000000057d0      0x434
 *(.gnu.version)
 .gnu.version   0x00000000000057d0      0x434 /usr/lib/gcc/i686-linux-gnu/4.8/../../../i386-linux-gnu/crti.o

.gnu.version_d  0x0000000000005c04        0x0
 *(.gnu.version_d)
 .gnu.version_d
                0x0000000000000000        0x0 /usr/lib/gcc/i686-linux-gnu/4.8/../../../i386-linux-gnu/crti.o

.gnu.version_r  0x0000000000005c04       0x40
 *(.gnu.version_r)
 .gnu.version_r
                0x0000000000005c04       0x40 /usr/lib/gcc/i686-linux-gnu/4.8/../../../i386-linux-gnu/crti.o

.rel.dyn        0x0000000000005c44     0x8170
 *(.rel.init)
 .rel.init      0x0000000000000000        0x0 /usr/lib/gcc/i686-linux-gnu/4.8/../../../i386-linux-gnu/crti.o
 *(.rel.text .rel.text.* .rel.gnu.linkonce.t.*)
 .rel.text      0x0000000000005c44     0x79d0 /usr/lib/gcc/i686-linux-gnu/4.8/../../../i386-linux-gnu/crti.o
 *(.rel.fini)
 .rel.fini      0x0000000000000000        0x0 /usr/lib/gcc/i686-linux-gnu/4.8/../../../i386-linux-gnu/crti.o
 *(.rel.rodata .rel.rodata.* .rel.gnu.linkonce.r.*)
 .rel.rodata    0x000000000000d614      0x4e0 /usr/lib/gcc/i686-linux-gnu/4.8/../../../i386-linux-gnu/crti.o
 *(.rel.data.rel.ro .rel.data.rel.ro.* .rel.gnu.linkonce.d.rel.ro.*)
 *(.rel.data .rel.data.* .rel.gnu.linkonce.d.*)
 .rel.data.rel  0x000000000000daf4        0x8 /usr/lib/gcc/i686-linux-gnu/4.8/../../../i386-linux-gnu/crti.o
 .rel.data      0x000000000000dafc      0x280 /usr/lib/gcc/i686-linux-gnu/4.8/../../../i386-linux-gnu/crti.o
 *(.rel.tdata .rel.tdata.* .rel.gnu.linkonce.td.*)
 *(.rel.tbss .rel.tbss.* .rel.gnu.linkonce.tb.*)
 *(.rel.ctors)
 *(.rel.dtors)
 *(.rel.got)
 .rel.got       0x000000000000dd7c       0x28 /usr/lib/gcc/i686-linux-gnu/4.8/../../../i386-linux-gnu/crti.o
 *(.rel.bss .rel.bss.* .rel.gnu.linkonce.b.*)
 *(.rel.ifunc)
 .rel.ifunc     0x0000000000000000        0x0 /usr/lib/gcc/i686-linux-gnu/4.8/../../../i386-linux-gnu/crti.o
 .rel.fini_array
                0x000000000000dda4        0x8 /usr/lib/gcc/i686-linux-gnu/4.8/../../../i386-linux-gnu/crti.o
 .rel.init_array
                0x000000000000ddac        0x8 /usr/lib/gcc/i686-linux-gnu/4.8/../../../i386-linux-gnu/crti.o

.rel.plt        0x000000000000ddb4       0x10
 *(.rel.plt)
 .rel.plt       0x000000000000ddb4       0x10 /usr/lib/gcc/i686-linux-gnu/4.8/../../../i386-linux-gnu/crti.o
 *(.rel.iplt)

.init           0x000000000000ddc4       0x23
 *(SORT(.init))
 .init          0x000000000000ddc4       0x1e /usr/lib/gcc/i686-linux-gnu/4.8/../../../i386-linux-gnu/crti.o
                0x000000000000ddc4                _init
 .init          0x000000000000dde2        0x5 /usr/lib/gcc/i686-linux-gnu/4.8/../../../i386-linux-gnu/crtn.o

.plt            0x000000000000ddf0       0x30
 *(.plt)
 .plt           0x000000000000ddf0       0x30 /usr/lib/gcc/i686-linux-gnu/4.8/../../../i386-linux-gnu/crti.o
 *(.iplt)

.text           0x000000000000de20    0x1447e
 *(.text.unlikely .text.*_unlikely .text.unlikely.*)
 *(.text.exit .text.exit.*)
 *(.text.startup .text.startup.*)
 *(.text.hot .text.hot.*)
 *(.text .stub .text.* .gnu.linkonce.t.*)
 .text          0x000000000000de20        0x0 /usr/lib/gcc/i686-linux-gnu/4.8/../../../i386-linux-gnu/crti.o
 .gnu.linkonce.t.__x86.get_pc_thunk.bx
                0x000000000000de20        0x4 /usr/lib/gcc/i686-linux-gnu/4.8/../../../i386-linux-gnu/crti.o
                0x000000000000de20                __x86.get_pc_thunk.bx
 *fill*         0x000000000000de24        0xc 
 .text          0x000000000000de30      0x11b /usr/lib/gcc/i686-linux-gnu/4.8/crtbeginS.o
 .text          0x000000000000df4b      0x3e4 udp-server.co
 .text          0x000000000000e32f      0x70e obj_cooja/mtype399.o
                0x000000000000e465                contiki_init
                0x000000000000e854                Java_org_contikios_cooja_corecomm_Lib1_init
                0x000000000000e894                Java_org_contikios_cooja_corecomm_Lib1_getMemory
                0x000000000000e8d4                Java_org_contikios_cooja_corecomm_Lib1_setMemory
                0x000000000000e94b                Java_org_contikios_cooja_corecomm_Lib1_tick
                0x000000000000ea2b                Java_org_contikios_cooja_corecomm_Lib1_setReferenceAddress
 .text          0x000000000000ea3d       0x63 obj_cooja/mtype399.a(simEnvChange.o)
                0x000000000000ea3d                doActionsBeforeTick
                0x000000000000ea6e                doActionsAfterTick
 .text          0x000000000000eaa0       0xbc obj_cooja/mtype399.a(cooja_mt.o)
                0x000000000000eaa0                cooja_mt_init
                0x000000000000eaad                cooja_mt_remove
                0x000000000000eaba                cooja_mt_start
                0x000000000000eae7                cooja_mt_exec
                0x000000000000eb18                cooja_mt_exit
                0x000000000000eb3a                cooja_mt_yield
 .text          0x000000000000eb5c      0x115 obj_cooja/mtype399.a(cooja_mtarch.o)
                0x000000000000eb5c                cooja_mtarch_init
                0x000000000000eb61                cooja_mtarch_start
                0x000000000000ebdc                cooja_sw
                0x000000000000ebfe                cooja_mtarch_exec
                0x000000000000ec1a                cooja_mtarch_remove
                0x000000000000ec1f                cooja_mtarch_yield
                0x000000000000ec29                cooja_mtarch_pstop
                0x000000000000ec2e                cooja_mtarch_pstart
                0x000000000000ec33                cooja_mtarch_stack_usage
 .text          0x000000000000ec71       0xc2 obj_cooja/mtype399.a(rtimer-arch.o)
                0x000000000000ec71                rtimer_arch_init
                0x000000000000ec94                rtimer_arch_schedule
                0x000000000000ecab                rtimer_arch_next
                0x000000000000ecb5                rtimer_arch_pending
                0x000000000000ecbf                rtimer_arch_check
                0x000000000000ecf1                rtimer_arch_now
 .text          0x000000000000ed33       0x76 obj_cooja/mtype399.a(beep.o)
                0x000000000000ed33                beep_alarm
                0x000000000000ed3f                beep_beep
                0x000000000000ed4b                beep
                0x000000000000ed57                beep_down
                0x000000000000ed63                beep_on
                0x000000000000ed6f                beep_off
                0x000000000000ed7b                beep_spinup
                0x000000000000ed87                beep_quick
                0x000000000000ed93                beep_long
 .text          0x000000000000eda9      0x103 obj_cooja/mtype399.a(button-sensor.o)
 .text          0x000000000000eeac       0x45 obj_cooja/mtype399.a(leds-arch.o)
                0x000000000000eeac                leds_arch_init
                0x000000000000eeb8                leds_arch_get
                0x000000000000eec4                leds_arch_set
 .text          0x000000000000eef1       0x2f obj_cooja/mtype399.a(moteid.o)
 .text          0x000000000000ef20       0xb1 obj_cooja/mtype399.a(pir-sensor.o)
 .text          0x000000000000efd1      0x131 obj_cooja/mtype399.a(rs232.o)
                0x000000000000efd1                rs232_init
                0x000000000000efd6                rs232_set_speed
                0x000000000000efe4                rs232_set_input
                0x000000000000eff1                rs232_send
                0x000000000000f013                rs232_print
                0x000000000000f02e                slip_arch_writeb
 .text          0x000000000000f102       0xb1 obj_cooja/mtype399.a(vib-sensor.o)
 .text          0x000000000000f1b3       0x34 obj_cooja/mtype399.a(clock.o)
                0x000000000000f1b3                clock_init
                0x000000000000f1b8                clock_time
                0x000000000000f1c2                clock_seconds
                0x000000000000f1d8                clock_delay
 .text          0x000000000000f1e7      0x1ed obj_cooja/mtype399.a(log.o)
                0x000000000000f1e7                simlog_char
                0x000000000000f229                simlog
                0x000000000000f296                log_message
                0x000000000000f2be                log_set_putchar_with_slip
                0x000000000000f2cb                log_putchar
                0x000000000000f34f                log_puts
                0x000000000000f373                log_printf
 .text          0x000000000000f3d4      0x2c4 obj_cooja/mtype399.a(cfs-cooja.o)
                0x000000000000f3d4                cfs_open
                0x000000000000f43d                cfs_close
                0x000000000000f449                cfs_read
                0x000000000000f4e7                cfs_write
                0x000000000000f5c4                cfs_seek
                0x000000000000f64c                cfs_remove
                0x000000000000f675                cfs_opendir
                0x000000000000f67f                cfs_readdir
                0x000000000000f689                cfs_closedir
 .text          0x000000000000f698      0x514 obj_cooja/mtype399.a(cooja-radio.o)
                0x000000000000f6c2                radio_set_channel
                0x000000000000f6d7                radio_set_txpower
                0x000000000000f6ee                radio_signal_strength_last
                0x000000000000f6f8                radio_signal_strength_current
                0x000000000000f702                radio_LQI
 .text          0x000000000000fbac       0xef obj_cooja/mtype399.a(eeprom.o)
                0x000000000000fbac                eeprom_init
                0x000000000000fbb1                eeprom_read
                0x000000000000fc21                eeprom_write
 .text          0x000000000000fc9b       0x28 obj_cooja/mtype399.a(random.o)
                0x000000000000fc9b                random_init
                0x000000000000fcb6                random_rand
 .text          0x000000000000fcc3      0x2a1 obj_cooja/mtype399.a(sensors.o)
                0x000000000000fcfe                sensors_first
                0x000000000000fd08                sensors_next
                0x000000000000fd25                sensors_changed
                0x000000000000fd54                sensors_find
 .text          0x000000000000ff64      0x29c obj_cooja/mtype399.a(dual_conf.o)
                0x000000000000ff64                dual_radio_switch
                0x000000000000ffa4                dual_radio_change
                0x000000000000ffde                sending_in_LR
                0x0000000000010009                dual_radio_received
                0x0000000000010041                radio_received_is_longrange
                0x00000000000101b6                dio_broadcast
                0x00000000000101df                dis_broadcast
 .text          0x0000000000010200       0x8e obj_cooja/mtype399.a(autostart.o)
                0x0000000000010200                autostart_start
                0x000000000001024b                autostart_exit
 .text          0x000000000001028e      0x334 obj_cooja/mtype399.a(ctimer.o)
                0x00000000000103a5                ctimer_init
                0x00000000000103d5                ctimer_set
                0x0000000000010406                ctimer_set_with_process
                0x0000000000010482                ctimer_reset
                0x00000000000104d1                ctimer_restart
                0x0000000000010520                ctimer_stop
                0x000000000001056b                ctimer_expired
 .text          0x00000000000105c2      0x40b obj_cooja/mtype399.a(etimer.o)
                0x00000000000107d5                etimer_request_poll
                0x0000000000010859                etimer_set
                0x000000000001087e                etimer_reset_with_new_interval
                0x00000000000108a5                etimer_reset
                0x00000000000108c3                etimer_restart
                0x00000000000108e1                etimer_adjust
                0x00000000000108fd                etimer_expired
                0x0000000000010910                etimer_expiration_time
                0x0000000000010922                etimer_start_time
                0x000000000001092c                etimer_pending
                0x000000000001093e                etimer_next_expiration_time
                0x0000000000010958                etimer_stop
 .text          0x00000000000109cd      0x560 obj_cooja/mtype399.a(process.o)
                0x00000000000109cd                process_alloc_event
                0x00000000000109e2                process_start
                0x0000000000010bcb                process_exit
                0x0000000000010be7                process_init
                0x0000000000010db8                process_run
                0x0000000000010deb                process_nevents
                0x0000000000010e06                process_post
                0x0000000000010eb2                process_post_synch
                0x0000000000010eea                process_poll
                0x0000000000010f19                process_is_running
 .text          0x0000000000010f2d       0xba obj_cooja/mtype399.a(rtimer.o)
                0x0000000000010f2d                rtimer_init
                0x0000000000010f3a                rtimer_set
                0x0000000000010f91                rtimer_run_next
 .text          0x0000000000010fe7       0x91 obj_cooja/mtype399.a(timer.o)
                0x0000000000010fe7                timer_set
                0x0000000000011002                timer_reset
                0x0000000000011019                timer_restart
                0x000000000001102b                timer_expired
                0x0000000000011054                timer_remaining
 .text          0x0000000000011078      0x1fb obj_cooja/mtype399.a(serial-line.o)
                0x0000000000011078                serial_line_input_byte
                0x000000000001123b                serial_line_init
 .text          0x0000000000011273      0x244 obj_cooja/mtype399.a(list.o)
                0x0000000000011273                list_init
                0x0000000000011281                list_head
                0x000000000001128b                list_copy
                0x000000000001129a                list_tail
                0x00000000000112d0                list_add
                0x0000000000011319                list_push
                0x0000000000011345                list_chop
                0x00000000000113af                list_pop
                0x00000000000113d7                list_remove
                0x000000000001143e                list_length
                0x000000000001146c                list_insert
                0x00000000000114a0                list_item_next
 .text          0x00000000000114b7      0x155 obj_cooja/mtype399.a(ringbuf.o)
                0x00000000000114b7                ringbuf_init
                0x00000000000114e8                ringbuf_put
                0x0000000000011566                ringbuf_get
                0x00000000000115d3                ringbuf_size
                0x00000000000115e5                ringbuf_elements
 .text          0x000000000001160c     0x258b obj_cooja/mtype399.a(sicslowpan.o)
                0x0000000000011b96                rime_sniffer_add
                0x0000000000011ba3                rime_sniffer_remove
                0x0000000000013b36                sicslowpan_init
                0x0000000000013b8d                sicslowpan_get_last_rssi
 .text          0x0000000000013b97      0x298 obj_cooja/mtype399.a(uip-ds6-nbr.o)
                0x0000000000013bb4                uip_ds6_neighbors_init
                0x0000000000013bd1                uip_ds6_nbr_add
                0x0000000000013c59                uip_ds6_nbr_rm
                0x0000000000013c9b                uip_ds6_nbr_get_ipaddr
                0x0000000000013cb0                uip_ds6_nbr_get_ll
                0x0000000000013ccc                uip_ds6_nbr_num
                0x0000000000013d11                uip_ds6_nbr_lookup
                0x0000000000013d76                uip_ds6_nbr_ll_lookup
                0x0000000000013d92                uip_ds6_nbr_ipaddr_from_lladdr
                0x0000000000013db8                uip_ds6_nbr_lladdr_from_ipaddr
                0x0000000000013de6                uip_ds6_link_neighbor_callback
 .text          0x0000000000013e2f      0xb97 obj_cooja/mtype399.a(uip-ds6.o)
                0x0000000000013e2f                uip_ds6_init
                0x0000000000014002                uip_ds6_periodic
                0x000000000001407b                uip_ds6_list_loop
                0x0000000000014122                uip_ds6_prefix_add
                0x00000000000141e0                uip_ds6_prefix_rm
                0x00000000000141f2                uip_ds6_prefix_lookup
                0x0000000000014243                uip_ds6_is_addr_onlink
                0x00000000000142b7                uip_ds6_addr_add
                0x00000000000143e5                uip_ds6_addr_rm
                0x0000000000014485                uip_ds6_addr_lookup
                0x00000000000144d0                uip_ds6_get_link_local
                0x000000000001454f                uip_ds6_get_global
                0x00000000000145ce                uip_ds6_maddr_add
                0x0000000000014640                uip_ds6_maddr_rm
                0x0000000000014652                uip_ds6_maddr_lookup
                0x000000000001469d                uip_ds6_aaddr_add
                0x000000000001470f                uip_ds6_aaddr_rm
                0x0000000000014721                uip_ds6_aaddr_lookup
                0x000000000001476c                uip_ds6_select_src
                0x00000000000148b1                uip_ds6_set_addr_iid
                0x00000000000148e8                get_match_length
                0x000000000001497a                uip_ds6_compute_reachable_time
 .text          0x00000000000149c6     0x2a33 obj_cooja/mtype399.a(uip6.o)
                0x00000000000149c6                uip_add32
                0x0000000000014b5f                uip_chksum
                0x0000000000014c4d                uip_icmp6chksum
                0x0000000000014c61                uip_tcpchksum
                0x0000000000014c75                uip_udpchksum
                0x0000000000014c89                uip_init
                0x0000000000014d59                uip_connect
                0x0000000000014f08                remove_ext_hdr
                0x0000000000014fdd                uip_udp_new
                0x0000000000015139                uip_unlisten
                0x0000000000015199                uip_listen
                0x000000000001545b                uip_process
                0x00000000000172ed                uip_htons
                0x000000000001730f                uip_htonl
                0x000000000001734f                uip_send
 .text          0x00000000000173f9      0x9a3 obj_cooja/mtype399.a(tcpip.o)
                0x00000000000173f9                tcpip_output
                0x0000000000017427                tcpip_set_outputfunc
                0x00000000000174bb                tcp_connect
                0x0000000000017510                tcp_unlisten
                0x000000000001756b                tcp_listen
                0x00000000000175c4                tcp_attach
                0x00000000000175e9                udp_attach
                0x000000000001760e                udp_new
                0x0000000000017660                udp_broadcast_new
                0x00000000000178d4                tcpip_input
                0x0000000000017908                tcpip_ipv6_output
                0x0000000000017be2                tcpip_poll_udp
                0x0000000000017c05                tcpip_poll_tcp
                0x0000000000017c28                tcpip_uipcall
 .text          0x0000000000017d9c      0x1c1 obj_cooja/mtype399.a(uip-debug.o)
                0x0000000000017d9c                uip_debug_ipaddr_print
                0x0000000000017efe                uip_debug_lladdr_print
 .text          0x0000000000017f5d      0x141 obj_cooja/mtype399.a(uip-packetqueue)
                0x0000000000017f89                uip_packetqueue_new
                0x0000000000017f97                uip_packetqueue_alloc
                0x0000000000017ff7                uip_packetqueue_free
                0x0000000000018038                uip_packetqueue_buf
                0x0000000000018055                uip_packetqueue_buflen
                0x0000000000018076                uip_packetqueue_set_buflen
 .text          0x000000000001809e     0x238e obj_cooja/mtype399.a(rpl-dag.o)
                0x000000000001809e                rpl_print_neighbor_list
                0x0000000000018273                rpl_get_nbr
                0x00000000000182cd                rpl_dag_init
                0x00000000000182ea                rpl_get_parent
                0x000000000001830c                rpl_get_parent_rank
                0x000000000001833f                rpl_get_parent_link_metric
                0x0000000000018372                rpl_get_parent_ipaddr
                0x0000000000018675                rpl_set_root
                0x000000000001889c                rpl_repair_root
                0x0000000000018ad8                rpl_set_prefix
                0x0000000000018bd7                rpl_set_default_route
                0x0000000000018c63                rpl_alloc_instance
                0x0000000000018cf6                rpl_alloc_dag
                0x0000000000018da7                rpl_set_default_instance
                0x0000000000018db4                rpl_get_default_instance
                0x0000000000018dbe                rpl_free_instance
                0x0000000000018e6d                rpl_free_dag
                0x0000000000018ed3                rpl_add_parent
                0x0000000000018fa9                rpl_find_parent
                0x0000000000019001                rpl_find_parent_any_dag
                0x000000000001903d                rpl_select_dag
                0x00000000000193d3                rpl_select_parent
                0x0000000000019435                rpl_remove_parent
                0x000000000001945c                rpl_nullify_parent
                0x00000000000194fa                rpl_move_parent
                0x0000000000019597                rpl_has_downward_route
                0x00000000000195ea                rpl_get_any_dag
                0x000000000001964c                rpl_get_instance
                0x00000000000196af                rpl_find_of
                0x00000000000196ec                rpl_join_instance
                0x0000000000019967                rpl_add_dag
                0x0000000000019d56                rpl_local_repair
                0x0000000000019e1a                rpl_recalculate_ranks
                0x0000000000019ea0                rpl_process_parent_event
                0x0000000000019f52                rpl_process_dio
 .text          0x000000000001a42c      0xbf3 obj_cooja/mtype399.a(rpl-ext-header.)
                0x000000000001a449                rpl_verify_header
                0x000000000001a8c3                rpl_update_header_empty
                0x000000000001abda                rpl_update_header_final
                0x000000000001ad69                rpl_remove_header
                0x000000000001ae73                rpl_invert_header
                0x000000000001affd                rpl_insert_header
 .text          0x000000000001b01f     0x1b6f obj_cooja/mtype399.a(rpl-icmp6.o)
                0x000000000001b27e                rpl_icmp6_update_nbr_table
                0x000000000001b36e                dis_output
                0x000000000001b9d9                dio_output
                0x000000000001c76d                dao_output
                0x000000000001c828                dao_output_target
                0x000000000001cb42                dao_ack_output
                0x000000000001cb56                rpl_icmp6_register_handlers
 .text          0x000000000001cb8e      0x291 obj_cooja/mtype399.a(rpl-mrhof.o)
 .text          0x000000000001ce1f      0x7ba obj_cooja/mtype399.a(rpl-timers.o)
                0x000000000001d06c                rpl_reset_periodic_timer
                0x000000000001d0c1                rpl_reset_dio_timer
                0x000000000001d2fb                rpl_schedule_dao
                0x000000000001d316                rpl_schedule_dao_immediately
                0x000000000001d331                rpl_cancel_dao
                0x000000000001d393                rpl_schedule_unicast_dio_immediately
                0x000000000001d581                rpl_schedule_probing
 .text          0x000000000001d5d9      0x59b obj_cooja/mtype399.a(rpl.o)
                0x000000000001d5d9                rpl_get_mode
                0x000000000001d5e3                rpl_set_mode
                0x000000000001d671                rpl_purge_routes
                0x000000000001d76b                rpl_remove_routes
                0x000000000001d7b1                rpl_remove_routes_by_nexthop
                0x000000000001d81d                rpl_add_route
                0x000000000001d898                rpl_link_neighbor_callback
                0x000000000001d99d                rpl_ipv6_neighbor_callback
                0x000000000001da0c                rpl_purge_dags
                0x000000000001daee                rpl_init
 .text          0x000000000001db74       0x67 obj_cooja/mtype399.a(linkaddr.o)
                0x000000000001db74                linkaddr_copy
                0x000000000001db96                linkaddr_cmp
                0x000000000001dbc0                linkaddr_set_node_addr
 .text          0x000000000001dbdb      0x769 obj_cooja/mtype399.a(nbr-table.o)
                0x000000000001e03a                nbr_table_register
                0x000000000001e082                nbr_table_head
                0x000000000001e0de                nbr_table_next
                0x000000000001e145                nbr_table_add_lladdr
                0x000000000001e221                nbr_table_get_from_lladdr
                0x000000000001e26e                nbr_table_remove
                0x000000000001e2c0                nbr_table_lock
                0x000000000001e2ea                nbr_table_unlock
                0x000000000001e314                nbr_table_get_lladdr
 .text          0x000000000001e344       0x2b obj_cooja/mtype399.a(netstack.o)
                0x000000000001e344                netstack_init
 .text          0x000000000001e36f      0x3cd obj_cooja/mtype399.a(packetbuf.o)
                0x000000000001e36f                packetbuf_clear
                0x000000000001e399                packetbuf_copyfrom
                0x000000000001e3eb                packetbuf_compact
                0x000000000001e468                packetbuf_copyto
                0x000000000001e4ff                packetbuf_hdralloc
                0x000000000001e57c                packetbuf_hdrreduce
                0x000000000001e5c4                packetbuf_set_datalen
                0x000000000001e5dd                packetbuf_dataptr
                0x000000000001e5fa                packetbuf_hdrptr
                0x000000000001e604                packetbuf_datalen
                0x000000000001e610                packetbuf_hdrlen
                0x000000000001e627                packetbuf_totlen
                0x000000000001e63d                packetbuf_attr_clear
                0x000000000001e68f                packetbuf_attr_copyto
                0x000000000001e6d8                packetbuf_attr_copyfrom
                0x000000000001e720                packetbuf_holds_broadcast
 .text          0x000000000001e73c      0x2b4 obj_cooja/mtype399.a(queuebuf.o)
                0x000000000001e746                queuebuf_init
                0x000000000001e766                queuebuf_numfree
                0x000000000001e77a                queuebuf_new_from_packetbuf
                0x000000000001e80a                queuebuf_update_attr_from_packetbuf
                0x000000000001e83d                queuebuf_update_from_packetbuf
                0x000000000001e887                queuebuf_free
                0x000000000001e8ce                queuebuf_to_packetbuf
                0x000000000001e934                queuebuf_dataptr
                0x000000000001e96b                queuebuf_datalen
                0x000000000001e98e                queuebuf_addr
                0x000000000001e9c0                queuebuf_attr
                0x000000000001e9eb                queuebuf_debug_print
 .text          0x000000000001e9f0      0x831 obj_cooja/mtype399.a(csma.o)
 .text          0x000000000001f221      0x3ed obj_cooja/mtype399.a(framer-802154.o)
 .text          0x000000000001f60e       0x3c obj_cooja/mtype399.a(mac.o)
                0x000000000001f60e                mac_call_sent_callback
 .text          0x000000000001f64a      0x41b obj_cooja/mtype399.a(nullrdc.o)
 .text          0x000000000001fa65       0x6e obj_cooja/mtype399.a(nullsec.o)
 .text          0x000000000001fad3       0x19 obj_cooja/mtype399.a(watchdog.o)
                0x000000000001fad3                watchdog_init
                0x000000000001fad8                watchdog_start
                0x000000000001fadd                watchdog_periodic
                0x000000000001fae2                watchdog_stop
                0x000000000001fae7                watchdog_reboot
 .text          0x000000000001faec        0x0 obj_cooja/mtype399.a(rimestats.o)
 .text          0x000000000001faec       0xa3 obj_cooja/mtype399.a(stimer.o)
                0x000000000001faec                stimer_set
                0x000000000001fb07                stimer_reset
                0x000000000001fb1e                stimer_restart
                0x000000000001fb30                stimer_expired
                0x000000000001fb57                stimer_remaining
                0x000000000001fb7b                stimer_elapsed
 .text          0x000000000001fb8f      0x1c1 obj_cooja/mtype399.a(memb.o)
                0x000000000001fb8f                memb_init
                0x000000000001fbed                memb_alloc
                0x000000000001fc52                memb_free
                0x000000000001fccd                memb_inmemb
                0x000000000001fd0c                memb_numfree
 .text          0x000000000001fd50      0x916 obj_cooja/mtype399.a(uip-ds6-route.o)
                0x000000000001fdc7                uip_ds6_notification_add
                0x000000000001fdf8                uip_ds6_notification_rm
                0x000000000001fe14                uip_ds6_route_init
                0x000000000001fe9c                uip_ds6_route_nexthop
                0x000000000001fec4                uip_ds6_route_head
                0x000000000001fed9                uip_ds6_route_next
                0x000000000001feff                uip_ds6_route_is_nexthop
                0x000000000001ff3e                uip_ds6_route_num_routes
                0x000000000001ff48                uip_ds6_route_lookup
                0x000000000002000a                uip_ds6_route_add
                0x000000000002023e                uip_ds6_route_rm
                0x00000000000203d2                uip_ds6_route_rm_by_nexthop
                0x000000000002040a                uip_ds6_defrt_add
                0x00000000000204bb                uip_ds6_defrt_rm
                0x000000000002053a                uip_ds6_defrt_lookup
                0x0000000000020593                uip_ds6_defrt_choose
                0x00000000000205fe                uip_ds6_defrt_periodic
 .text          0x0000000000020666      0xab2 obj_cooja/mtype399.a(uip-icmp6.o)
                0x00000000000206d4                uip_icmp6_input
                0x000000000002072a                uip_icmp6_register_input_handler
                0x00000000000209f2                uip_icmp6_error_output
                0x0000000000020d37                uip_icmp6_send
                0x00000000000210ab                uip_icmp6_echo_reply_callback_add
                0x00000000000210dc                uip_icmp6_echo_reply_callback_rm
                0x00000000000210f8                uip_icmp6_init
 .text          0x0000000000021118      0x358 obj_cooja/mtype399.a(uip-nd6.o)
                0x000000000002116c                uip_nd6_ns_output
                0x000000000002146b                uip_nd6_init
 .text          0x0000000000021470      0x331 obj_cooja/mtype399.a(rpl-nbr-policy.)
                0x0000000000021648                find_removable_dis
                0x000000000002166b                find_removable_dio
                0x00000000000216fa                find_removable_dao
                0x000000000002174a                rpl_nbr_policy_find_removable
 .text          0x00000000000217a1      0x97c obj_cooja/mtype399.a(frame802154.o)
                0x00000000000217d2                frame802154_get_pan_id
                0x00000000000217de                frame802154_set_pan_id
                0x00000000000217f7                frame802154_has_panid
                0x00000000000218e3                frame802154_check_dest_panid
                0x000000000002194b                frame802154_is_broadcast_addr
                0x0000000000021998                frame802154_extract_linkaddr
                0x0000000000021bd8                frame802154_hdrlen
                0x0000000000021c29                frame802154_create
                0x0000000000021e14                frame802154_parse
 .text          0x000000000002211d      0x181 obj_cooja/mtype399.a(mac-sequence.o)
                0x0000000000022154                mac_sequence_is_duplicate
                0x00000000000221d7                mac_sequence_register_seqno
 .text          0x000000000002229e        0x0 /usr/lib/gcc/i686-linux-gnu/4.8/crtendS.o
 .text          0x000000000002229e        0x0 /usr/lib/gcc/i686-linux-gnu/4.8/../../../i386-linux-gnu/crtn.o
 *(.gnu.warning)

.fini           0x00000000000222a0       0x14
 *(SORT(.fini))
 .fini          0x00000000000222a0        0xf /usr/lib/gcc/i686-linux-gnu/4.8/../../../i386-linux-gnu/crti.o
                0x00000000000222a0                _fini
 .fini          0x00000000000222af        0x5 /usr/lib/gcc/i686-linux-gnu/4.8/../../../i386-linux-gnu/crtn.o
                0x00000000000222b4                PROVIDE (__etext, .)
                0x00000000000222b4                PROVIDE (_etext, .)
                0x00000000000222b4                PROVIDE (etext, .)

.rodata         0x00000000000222c0      0x798
 *(.rodata .rodata.* .gnu.linkonce.r.*)
 .rodata        0x00000000000222c0      0x148 udp-server.co
                0x00000000000222d4                autostart_processes
 .rodata        0x0000000000022408      0x127 obj_cooja/mtype399.o
 *fill*         0x000000000002252f        0x1 
 .rodata        0x0000000000022530        0x8 obj_cooja/mtype399.a(beep.o)
                0x0000000000022530                beep_interface
 .rodata        0x0000000000022538       0x20 obj_cooja/mtype399.a(button-sensor.o)
                0x0000000000022538                button_interface
                0x0000000000022548                button_sensor
 .rodata        0x0000000000022558        0x8 obj_cooja/mtype399.a(leds-arch.o)
                0x0000000000022558                leds_interface
 .rodata        0x0000000000022560        0x8 obj_cooja/mtype399.a(moteid.o)
                0x0000000000022560                moteid_interface
 .rodata        0x0000000000022568       0x1c obj_cooja/mtype399.a(pir-sensor.o)
                0x0000000000022568                pir_interface
                0x0000000000022574                pir_sensor
 .rodata        0x0000000000022584        0xe obj_cooja/mtype399.a(rs232.o)
                0x0000000000022584                rs232_interface
 *fill*         0x0000000000022592        0x2 
 .rodata        0x0000000000022594       0x24 obj_cooja/mtype399.a(vib-sensor.o)
                0x0000000000022594                vib_interface
                0x00000000000225a8                vib_sensor
 .rodata        0x00000000000225b8        0x8 obj_cooja/mtype399.a(clock.o)
                0x00000000000225b8                clock_interface
 .rodata        0x00000000000225c0        0x8 obj_cooja/mtype399.a(log.o)
                0x00000000000225c0                simlog_interface
 .rodata        0x00000000000225c8       0x2f obj_cooja/mtype399.a(cfs-cooja.o)
                0x00000000000225c8                cfs_interface
 *fill*         0x00000000000225f7        0x9 
 .rodata        0x0000000000022600      0x120 obj_cooja/mtype399.a(cooja-radio.o)
                0x00000000000226e0                cooja_radio_driver
                0x0000000000022718                radio_interface
 .rodata        0x0000000000022720        0x8 obj_cooja/mtype399.a(eeprom.o)
                0x0000000000022720                eeprom_interface
 .rodata        0x0000000000022728        0x8 obj_cooja/mtype399.a(sensors.o)
 .rodata        0x0000000000022730       0x1b obj_cooja/mtype399.a(dual_conf.o)
 .rodata        0x000000000002274b        0xf obj_cooja/mtype399.a(ctimer.o)
 .rodata        0x000000000002275a        0xc obj_cooja/mtype399.a(etimer.o)
 .rodata        0x0000000000022766        0xe obj_cooja/mtype399.a(serial-line.o)
 .rodata        0x0000000000022774       0x2c obj_cooja/mtype399.a(sicslowpan.o)
                0x0000000000022774                unc_llconf
                0x0000000000022778                unc_ctxconf
                0x000000000002277c                unc_mxconf
                0x0000000000022780                llprefix
                0x0000000000022794                sicslowpan_driver
 .rodata        0x00000000000227a0      0x13c obj_cooja/mtype399.a(uip6.o)
 .rodata        0x00000000000228dc       0x29 obj_cooja/mtype399.a(tcpip.o)
 .rodata        0x0000000000022905       0x3e obj_cooja/mtype399.a(uip-debug.o)
 *fill*         0x0000000000022943        0x1 
 .rodata        0x0000000000022944       0x72 obj_cooja/mtype399.a(rpl-dag.o)
 .rodata        0x00000000000229b6        0x8 obj_cooja/mtype399.a(linkaddr.o)
                0x00000000000229b6                linkaddr_null
 *fill*         0x00000000000229be        0x2 
 .rodata        0x00000000000229c0       0x24 obj_cooja/mtype399.a(csma.o)
                0x00000000000229c8                csma_driver
 .rodata        0x00000000000229e4        0xc obj_cooja/mtype399.a(framer-802154.o)
                0x00000000000229e4                framer_802154
 *fill*         0x00000000000229f0       0x10 
 .rodata        0x0000000000022a00       0x40 obj_cooja/mtype399.a(nullrdc.o)
                0x0000000000022a20                nullrdc_driver
 .rodata        0x0000000000022a40       0x18 obj_cooja/mtype399.a(nullsec.o)
                0x0000000000022a48                nullsec_driver

.rodata1
 *(.rodata1)

.eh_frame_hdr   0x0000000000022a58     0x12c4
 *(.eh_frame_hdr)
 .eh_frame_hdr  0x0000000000022a58     0x12c4 udp-server.co

.eh_frame       0x0000000000023d1c     0x4c4c
 *(.eh_frame)
 .eh_frame      0x0000000000023d1c       0x3c /usr/lib/gcc/i686-linux-gnu/4.8/../../../i386-linux-gnu/crti.o
                                         0x40 (size before relaxing)
 .eh_frame      0x0000000000023d58       0x68 udp-server.co
                                         0x80 (size before relaxing)
 .eh_frame      0x0000000000023dc0      0x148 obj_cooja/mtype399.o
                                        0x160 (size before relaxing)
 .eh_frame      0x0000000000023f08       0x40 obj_cooja/mtype399.a(simEnvChange.o)
                                         0x58 (size before relaxing)
 .eh_frame      0x0000000000023f48       0xc0 obj_cooja/mtype399.a(cooja_mt.o)
                                         0xd8 (size before relaxing)
 .eh_frame      0x0000000000024008      0x120 obj_cooja/mtype399.a(cooja_mtarch.o)
                                        0x138 (size before relaxing)
 .eh_frame      0x0000000000024128       0xc0 obj_cooja/mtype399.a(rtimer-arch.o)
                                         0xd8 (size before relaxing)
 .eh_frame      0x00000000000241e8      0x160 obj_cooja/mtype399.a(beep.o)
                                        0x178 (size before relaxing)
 .eh_frame      0x0000000000024348       0xa0 obj_cooja/mtype399.a(button-sensor.o)
                                         0xb8 (size before relaxing)
 .eh_frame      0x00000000000243e8       0xa0 obj_cooja/mtype399.a(leds-arch.o)
                                         0xb8 (size before relaxing)
 .eh_frame      0x0000000000024488       0x40 obj_cooja/mtype399.a(moteid.o)
                                         0x58 (size before relaxing)
 .eh_frame      0x00000000000244c8       0xa0 obj_cooja/mtype399.a(pir-sensor.o)
                                         0xb8 (size before relaxing)
 .eh_frame      0x0000000000024568      0x100 obj_cooja/mtype399.a(rs232.o)
                                        0x118 (size before relaxing)
 .eh_frame      0x0000000000024668       0xa0 obj_cooja/mtype399.a(vib-sensor.o)
                                         0xb8 (size before relaxing)
 .eh_frame      0x0000000000024708       0xc0 obj_cooja/mtype399.a(clock.o)
                                         0xd8 (size before relaxing)
 .eh_frame      0x00000000000247c8      0x120 obj_cooja/mtype399.a(log.o)
                                        0x138 (size before relaxing)
 .eh_frame      0x00000000000248e8      0x160 obj_cooja/mtype399.a(cfs-cooja.o)
                                        0x178 (size before relaxing)
 .eh_frame      0x0000000000024a48      0x2e0 obj_cooja/mtype399.a(cooja-radio.o)
                                        0x2f8 (size before relaxing)
 .eh_frame      0x0000000000024d28       0xa0 obj_cooja/mtype399.a(eeprom.o)
                                         0xb8 (size before relaxing)
 .eh_frame      0x0000000000024dc8       0x40 obj_cooja/mtype399.a(random.o)
                                         0x58 (size before relaxing)
 .eh_frame      0x0000000000024e08       0xc0 obj_cooja/mtype399.a(sensors.o)
                                         0xd8 (size before relaxing)
 .eh_frame      0x0000000000024ec8      0x120 obj_cooja/mtype399.a(dual_conf.o)
                                        0x138 (size before relaxing)
 .eh_frame      0x0000000000024fe8       0x40 obj_cooja/mtype399.a(autostart.o)
                                         0x58 (size before relaxing)
 .eh_frame      0x0000000000025028      0x100 obj_cooja/mtype399.a(ctimer.o)
                                        0x118 (size before relaxing)
 .eh_frame      0x0000000000025128      0x1e0 obj_cooja/mtype399.a(etimer.o)
                                        0x1f8 (size before relaxing)
 .eh_frame      0x0000000000025308      0x1c8 obj_cooja/mtype399.a(process.o)
                                        0x1e0 (size before relaxing)
 .eh_frame      0x00000000000254d0       0x60 obj_cooja/mtype399.a(rtimer.o)
                                         0x78 (size before relaxing)
 .eh_frame      0x0000000000025530       0xa4 obj_cooja/mtype399.a(timer.o)
                                         0xbc (size before relaxing)
 .eh_frame      0x00000000000255d4       0x60 obj_cooja/mtype399.a(serial-line.o)
                                         0x78 (size before relaxing)
 .eh_frame      0x0000000000025634      0x180 obj_cooja/mtype399.a(list.o)
                                        0x198 (size before relaxing)
 .eh_frame      0x00000000000257b4       0xa0 obj_cooja/mtype399.a(ringbuf.o)
                                         0xb8 (size before relaxing)
 .eh_frame      0x0000000000025854      0x350 obj_cooja/mtype399.a(sicslowpan.o)
                                        0x368 (size before relaxing)
 .eh_frame      0x0000000000025ba4      0x180 obj_cooja/mtype399.a(uip-ds6-nbr.o)
                                        0x198 (size before relaxing)
 .eh_frame      0x0000000000025d24      0x2c8 obj_cooja/mtype399.a(uip-ds6.o)
                                        0x2e0 (size before relaxing)
 .eh_frame      0x0000000000025fec      0x27c obj_cooja/mtype399.a(uip6.o)
                                        0x294 (size before relaxing)
 .eh_frame      0x0000000000026268      0x270 obj_cooja/mtype399.a(tcpip.o)
                                        0x288 (size before relaxing)
 .eh_frame      0x00000000000264d8       0x48 obj_cooja/mtype399.a(uip-debug.o)
                                         0x60 (size before relaxing)
 .eh_frame      0x0000000000026520       0xe0 obj_cooja/mtype399.a(uip-packetqueue)
                                         0xf8 (size before relaxing)
 .eh_frame      0x0000000000026600      0x65c obj_cooja/mtype399.a(rpl-dag.o)
                                        0x674 (size before relaxing)
 .eh_frame      0x0000000000026c5c      0x10c obj_cooja/mtype399.a(rpl-ext-header.)
                                        0x124 (size before relaxing)
 .eh_frame      0x0000000000026d68      0x274 obj_cooja/mtype399.a(rpl-icmp6.o)
                                        0x28c (size before relaxing)
 .eh_frame      0x0000000000026fdc       0xe0 obj_cooja/mtype399.a(rpl-mrhof.o)
                                         0xf8 (size before relaxing)
 .eh_frame      0x00000000000270bc      0x20c obj_cooja/mtype399.a(rpl-timers.o)
                                        0x224 (size before relaxing)
 .eh_frame      0x00000000000272c8      0x140 obj_cooja/mtype399.a(rpl.o)
                                        0x158 (size before relaxing)
 .eh_frame      0x0000000000027408       0x60 obj_cooja/mtype399.a(linkaddr.o)
                                         0x78 (size before relaxing)
 .eh_frame      0x0000000000027468      0x26c obj_cooja/mtype399.a(nbr-table.o)
                                        0x284 (size before relaxing)
 .eh_frame      0x00000000000276d4       0x20 obj_cooja/mtype399.a(netstack.o)
                                         0x38 (size before relaxing)
 .eh_frame      0x00000000000276f4      0x214 obj_cooja/mtype399.a(packetbuf.o)
                                        0x22c (size before relaxing)
 .eh_frame      0x0000000000027908      0x1a0 obj_cooja/mtype399.a(queuebuf.o)
                                        0x1b8 (size before relaxing)
 .eh_frame      0x0000000000027aa8      0x28c obj_cooja/mtype399.a(csma.o)
                                        0x2a4 (size before relaxing)
 .eh_frame      0x0000000000027d34      0x108 obj_cooja/mtype399.a(framer-802154.o)
                                        0x120 (size before relaxing)
 .eh_frame      0x0000000000027e3c       0x20 obj_cooja/mtype399.a(mac.o)
                                         0x38 (size before relaxing)
 .eh_frame      0x0000000000027e5c      0x16c obj_cooja/mtype399.a(nullrdc.o)
                                        0x184 (size before relaxing)
 .eh_frame      0x0000000000027fc8       0x80 obj_cooja/mtype399.a(nullsec.o)
                                         0x98 (size before relaxing)
 .eh_frame      0x0000000000028048       0xa0 obj_cooja/mtype399.a(watchdog.o)
                                         0xb8 (size before relaxing)
 .eh_frame      0x00000000000280e8       0xc4 obj_cooja/mtype399.a(stimer.o)
                                         0xdc (size before relaxing)
 .eh_frame      0x00000000000281ac       0xa0 obj_cooja/mtype399.a(memb.o)
                                         0xb8 (size before relaxing)
 .eh_frame      0x000000000002824c      0x2a0 obj_cooja/mtype399.a(uip-ds6-route.o)
                                        0x2b8 (size before relaxing)
 .eh_frame      0x00000000000284ec      0x164 obj_cooja/mtype399.a(uip-icmp6.o)
                                        0x17c (size before relaxing)
 .eh_frame      0x0000000000028650       0x68 obj_cooja/mtype399.a(uip-nd6.o)
                                         0x80 (size before relaxing)
 .eh_frame      0x00000000000286b8       0xc0 obj_cooja/mtype399.a(rpl-nbr-policy.)
                                         0xd8 (size before relaxing)
 .eh_frame      0x0000000000028778      0x164 obj_cooja/mtype399.a(frame802154.o)
                                        0x17c (size before relaxing)
 .eh_frame      0x00000000000288dc       0x88 obj_cooja/mtype399.a(mac-sequence.o)
                                         0xa0 (size before relaxing)
 .eh_frame      0x0000000000028964        0x4 /usr/lib/gcc/i686-linux-gnu/4.8/crtendS.o

.gcc_except_table
 *(.gcc_except_table .gcc_except_table.*)

.exception_ranges
 *(.exception_ranges .exception_ranges*)
                0x0000000000028968                . = (ALIGN (0x1000) - ((0x1000 - .) & 0xfff))
                0x0000000000029ef8                . = DATA_SEGMENT_ALIGN (0x1000, 0x1000)

.eh_frame
 *(.eh_frame)

.gcc_except_table
 *(.gcc_except_table .gcc_except_table.*)

.exception_ranges
 *(.exception_ranges .exception_ranges*)

.tdata
 *(.tdata .tdata.* .gnu.linkonce.td.*)

.tbss
 *(.tbss .tbss.* .gnu.linkonce.tb.*)
 *(.tcommon)

.preinit_array
 *(.preinit_array)

.init_array     0x0000000000029ef8        0x4
 *(SORT(.init_array.*) SORT(.ctors.*))
 *(.init_array EXCLUDE_FILE(*crtend?.o *crtend.o *crtbegin?.o *crtbegin.o) .ctors)
 .init_array    0x0000000000029ef8        0x4 /usr/lib/gcc/i686-linux-gnu/4.8/crtbeginS.o

.fini_array     0x0000000000029efc        0x4
 *(SORT(.fini_array.*) SORT(.dtors.*))
 *(.fini_array EXCLUDE_FILE(*crtend?.o *crtend.o *crtbegin?.o *crtbegin.o) .dtors)
 .fini_array    0x0000000000029efc        0x4 /usr/lib/gcc/i686-linux-gnu/4.8/crtbeginS.o

.ctors
 *crtbegin.o(.ctors)
 *crtbegin?.o(.ctors)
 *(EXCLUDE_FILE(*crtend?.o *crtend.o) .ctors)
 *(SORT(.ctors.*))
 *(.ctors)

.dtors
 *crtbegin.o(.dtors)
 *crtbegin?.o(.dtors)
 *(EXCLUDE_FILE(*crtend?.o *crtend.o) .dtors)
 *(SORT(.dtors.*))
 *(.dtors)

.jcr            0x0000000000029f00        0x4
 *(.jcr)
 .jcr           0x0000000000029f00        0x0 /usr/lib/gcc/i686-linux-gnu/4.8/crtbeginS.o
 .jcr           0x0000000000029f00        0x4 /usr/lib/gcc/i686-linux-gnu/4.8/crtendS.o

.data.rel.ro
 *(.data.rel.ro.local* .gnu.linkonce.d.rel.ro.local.*)
 *(.data.rel.ro .data.rel.ro.* .gnu.linkonce.d.rel.ro.*)

.dynamic        0x0000000000029f04       0xe8
 *(.dynamic)
 .dynamic       0x0000000000029f04       0xe8 /usr/lib/gcc/i686-linux-gnu/4.8/../../../i386-linux-gnu/crti.o
                0x0000000000029f04                _DYNAMIC

.got            0x0000000000029fec       0x14
 *(.got)
 .got           0x0000000000029fec       0x14 /usr/lib/gcc/i686-linux-gnu/4.8/../../../i386-linux-gnu/crti.o
 *(.igot)
                0x000000000002aff4                . = DATA_SEGMENT_RELRO_END (., (SIZEOF (.got.plt) >= 0xc)?0xc:0x0)

.got.plt        0x000000000002a000       0x14
 *(.got.plt)
 .got.plt       0x000000000002a000       0x14 /usr/lib/gcc/i686-linux-gnu/4.8/../../../i386-linux-gnu/crti.o
                0x000000000002a000                _GLOBAL_OFFSET_TABLE_
 *(.igot.plt)

.data           0x000000000002a020      0x246
 *(.data .data.* .gnu.linkonce.d.*)
 .data          0x000000000002a020        0x0 /usr/lib/gcc/i686-linux-gnu/4.8/../../../i386-linux-gnu/crti.o
 .data          0x000000000002a020        0x0 /usr/lib/gcc/i686-linux-gnu/4.8/crtbeginS.o
 .data.rel      0x000000000002a020        0x4 /usr/lib/gcc/i686-linux-gnu/4.8/crtbeginS.o
                0x000000000002a020                __dso_handle
 .data          0x000000000002a024       0x10 udp-server.co
                0x000000000002a024                udp_server_process
 *fill*         0x000000000002a034        0xc 
 .data          0x000000000002a040       0x44 obj_cooja/mtype399.o
                0x000000000002a040                simInterfaces
                0x000000000002a074                sensors
 .data          0x000000000002a084        0x0 obj_cooja/mtype399.a(simEnvChange.o)
 .data          0x000000000002a084        0x0 obj_cooja/mtype399.a(cooja_mt.o)
 .data          0x000000000002a084        0x0 obj_cooja/mtype399.a(cooja_mtarch.o)
 .data          0x000000000002a084        0x0 obj_cooja/mtype399.a(rtimer-arch.o)
 .data          0x000000000002a084        0x0 obj_cooja/mtype399.a(beep.o)
 .data          0x000000000002a084        0x0 obj_cooja/mtype399.a(button-sensor.o)
 .data          0x000000000002a084        0x0 obj_cooja/mtype399.a(leds-arch.o)
 .data          0x000000000002a084        0x0 obj_cooja/mtype399.a(moteid.o)
 .data          0x000000000002a084        0x0 obj_cooja/mtype399.a(pir-sensor.o)
 .data          0x000000000002a084        0x0 obj_cooja/mtype399.a(rs232.o)
 .data          0x000000000002a084        0x0 obj_cooja/mtype399.a(vib-sensor.o)
 .data          0x000000000002a084        0x0 obj_cooja/mtype399.a(clock.o)
 .data          0x000000000002a084        0x0 obj_cooja/mtype399.a(log.o)
 .data          0x000000000002a084        0x0 obj_cooja/mtype399.a(cfs-cooja.o)
 .data          0x000000000002a084       0x2c obj_cooja/mtype399.a(cooja-radio.o)
                0x000000000002a084                simRadioHWOn
                0x000000000002a088                simSignalStrength
                0x000000000002a08c                simLastSignalStrength
                0x000000000002a090                simPower
                0x000000000002a094                simRadioChannel
                0x000000000002a098                simRadioChannelLR
                0x000000000002a09c                simLQI
                0x000000000002a0a0                cooja_radio_process
 .data          0x000000000002a0b0        0x0 obj_cooja/mtype399.a(eeprom.o)
 .data          0x000000000002a0b0        0x0 obj_cooja/mtype399.a(random.o)
 .data          0x000000000002a0b0       0x10 obj_cooja/mtype399.a(sensors.o)
                0x000000000002a0b0                sensors_process
 .data          0x000000000002a0c0       0x24 obj_cooja/mtype399.a(dual_conf.o)
                0x000000000002a0c0                radio_received
                0x000000000002a0c4                dual_dio_broadcast
                0x000000000002a0d4                dual_dis_broadcast
 .data          0x000000000002a0e4        0x0 obj_cooja/mtype399.a(autostart.o)
 .data          0x000000000002a0e4       0x14 obj_cooja/mtype399.a(ctimer.o)
                0x000000000002a0e8                ctimer_process
 .data          0x000000000002a0f8       0x10 obj_cooja/mtype399.a(etimer.o)
                0x000000000002a0f8                etimer_process
 .data          0x000000000002a108        0x0 obj_cooja/mtype399.a(process.o)
 .data          0x000000000002a108        0x0 obj_cooja/mtype399.a(rtimer.o)
 .data          0x000000000002a108        0x0 obj_cooja/mtype399.a(timer.o)
 .data          0x000000000002a108       0x10 obj_cooja/mtype399.a(serial-line.o)
                0x000000000002a108                serial_line_process
 .data          0x000000000002a118        0x0 obj_cooja/mtype399.a(list.o)
 .data          0x000000000002a118        0x0 obj_cooja/mtype399.a(ringbuf.o)
 .data          0x000000000002a118        0x0 obj_cooja/mtype399.a(sicslowpan.o)
 .data          0x000000000002a118       0x14 obj_cooja/mtype399.a(uip-ds6-nbr.o)
                0x000000000002a128                ds6_neighbors
 .data          0x000000000002a12c        0x0 obj_cooja/mtype399.a(uip-ds6.o)
 .data          0x000000000002a12c        0x0 obj_cooja/mtype399.a(uip6.o)
 .data          0x000000000002a12c       0x10 obj_cooja/mtype399.a(tcpip.o)
                0x000000000002a12c                tcpip_process
 .data          0x000000000002a13c        0x0 obj_cooja/mtype399.a(uip-debug.o)
 .data          0x000000000002a13c        0xc obj_cooja/mtype399.a(uip-packetqueue)
 .data          0x000000000002a148       0x14 obj_cooja/mtype399.a(rpl-dag.o)
                0x000000000002a158                rpl_parents
 .data          0x000000000002a15c        0x0 obj_cooja/mtype399.a(rpl-ext-header.)
 .data          0x000000000002a15c       0x34 obj_cooja/mtype399.a(rpl-icmp6.o)
 .data          0x000000000002a190       0x1c obj_cooja/mtype399.a(rpl-mrhof.o)
                0x000000000002a190                rpl_mrhof
 .data          0x000000000002a1ac        0x0 obj_cooja/mtype399.a(rpl-timers.o)
 .data          0x000000000002a1ac        0x0 obj_cooja/mtype399.a(rpl.o)
 .data          0x000000000002a1ac        0x0 obj_cooja/mtype399.a(linkaddr.o)
 .data          0x000000000002a1ac       0x10 obj_cooja/mtype399.a(nbr-table.o)
 .data          0x000000000002a1bc        0x0 obj_cooja/mtype399.a(netstack.o)
 .data          0x000000000002a1bc        0x4 obj_cooja/mtype399.a(packetbuf.o)
 .data          0x000000000002a1c0       0x18 obj_cooja/mtype399.a(queuebuf.o)
 .data          0x000000000002a1d8       0x28 obj_cooja/mtype399.a(csma.o)
 .data          0x000000000002a200        0x0 obj_cooja/mtype399.a(framer-802154.o)
 .data          0x000000000002a200        0x0 obj_cooja/mtype399.a(mac.o)
 .data          0x000000000002a200        0x0 obj_cooja/mtype399.a(nullrdc.o)
 .data          0x000000000002a200        0x0 obj_cooja/mtype399.a(nullsec.o)
 .data          0x000000000002a200        0x0 obj_cooja/mtype399.a(watchdog.o)
 .data          0x000000000002a200        0x0 obj_cooja/mtype399.a(rimestats.o)
 .data          0x000000000002a200        0x0 obj_cooja/mtype399.a(stimer.o)
 .data          0x000000000002a200        0x0 obj_cooja/mtype399.a(memb.o)
 .data          0x000000000002a200       0x44 obj_cooja/mtype399.a(uip-ds6-route.o)
                0x000000000002a210                nbr_routes
 .data          0x000000000002a244       0x20 obj_cooja/mtype399.a(uip-icmp6.o)
 .data          0x000000000002a264        0x0 obj_cooja/mtype399.a(uip-nd6.o)
 .data          0x000000000002a264        0x0 obj_cooja/mtype399.a(rpl-nbr-policy.)
 .data          0x000000000002a264        0x2 obj_cooja/mtype399.a(frame802154.o)
 .data          0x000000000002a266        0x0 obj_cooja/mtype399.a(mac-sequence.o)
 .data          0x000000000002a266        0x0 /usr/lib/gcc/i686-linux-gnu/4.8/crtendS.o
 .data          0x000000000002a266        0x0 /usr/lib/gcc/i686-linux-gnu/4.8/../../../i386-linux-gnu/crtn.o

.tm_clone_table
                0x000000000002a268        0x0
 .tm_clone_table
                0x000000000002a268        0x0 /usr/lib/gcc/i686-linux-gnu/4.8/crtbeginS.o
 .tm_clone_table
                0x000000000002a268        0x0 /usr/lib/gcc/i686-linux-gnu/4.8/crtendS.o

.data1
 *(.data1)
                0x000000000002a268                _edata = .
                0x000000000002a268                PROVIDE (edata, .)
                0x000000000002a268                . = .
                0x000000000002a268                __bss_start = .

.bss            0x000000000002a280     0x80e8
 *(.dynbss)
 .dynbss        0x0000000000000000        0x0 /usr/lib/gcc/i686-linux-gnu/4.8/../../../i386-linux-gnu/crti.o
 *(.bss .bss.* .gnu.linkonce.b.*)
 .bss           0x000000000002a280        0x0 /usr/lib/gcc/i686-linux-gnu/4.8/../../../i386-linux-gnu/crti.o
 .bss           0x000000000002a280        0x1 /usr/lib/gcc/i686-linux-gnu/4.8/crtbeginS.o
 *fill*         0x000000000002a281        0x3 
 .bss           0x000000000002a284        0x4 udp-server.co
 *fill*         0x000000000002a288       0x18 
 .bss           0x000000000002a2a0     0x2030 obj_cooja/mtype399.o
 .bss           0x000000000002c2d0        0x1 obj_cooja/mtype399.a(simEnvChange.o)
                0x000000000002c2d0                simDontFallAsleep
 *fill*         0x000000000002c2d1        0x3 
 .bss           0x000000000002c2d4        0x4 obj_cooja/mtype399.a(cooja_mt.o)
 .bss           0x000000000002c2d8        0x4 obj_cooja/mtype399.a(cooja_mtarch.o)
 .bss           0x000000000002c2dc        0xc obj_cooja/mtype399.a(rtimer-arch.o)
 .bss           0x000000000002c2e8        0x0 obj_cooja/mtype399.a(beep.o)
 .bss           0x000000000002c2e8        0x8 obj_cooja/mtype399.a(button-sensor.o)
 .bss           0x000000000002c2f0        0x0 obj_cooja/mtype399.a(leds-arch.o)
 .bss           0x000000000002c2f0        0x0 obj_cooja/mtype399.a(moteid.o)
 .bss           0x000000000002c2f0        0x1 obj_cooja/mtype399.a(pir-sensor.o)
                0x000000000002c2f0                simPirValue
 *fill*         0x000000000002c2f1        0x3 
 .bss           0x000000000002c2f4        0x4 obj_cooja/mtype399.a(rs232.o)
 .bss           0x000000000002c2f8        0x1 obj_cooja/mtype399.a(vib-sensor.o)
                0x000000000002c2f8                simVibValue
 .bss           0x000000000002c2f9        0x0 obj_cooja/mtype399.a(clock.o)
 *fill*         0x000000000002c2f9        0x7 
 .bss           0x000000000002c300      0x420 obj_cooja/mtype399.a(log.o)
 .bss           0x000000000002c720      0xfc0 obj_cooja/mtype399.a(cfs-cooja.o)
                0x000000000002c720                simCFSData
                0x000000000002d6c0                simCFSSize
                0x000000000002d6c4                simCFSChanged
                0x000000000002d6c8                simCFSRead
                0x000000000002d6cc                simCFSWritten
 .bss           0x000000000002d6e0       0x20 obj_cooja/mtype399.a(cooja-radio.o)
                0x000000000002d6e0                simReceiving
                0x000000000002d6e1                simReceivingLR
                0x000000000002d6e4                simInSize
                0x000000000002d6e8                simInSizeLR
                0x000000000002d6ec                simOutSize
                0x000000000002d6f0                simOutSizeLR
                0x000000000002d6f4                LongRangeTransmit
                0x000000000002d6f8                LongRangeReceiving
 .bss           0x000000000002d700        0xc obj_cooja/mtype399.a(eeprom.o)
                0x000000000002d700                simEEPROMChanged
                0x000000000002d704                simEEPROMRead
                0x000000000002d708                simEEPROMWritten
 .bss           0x000000000002d70c        0x0 obj_cooja/mtype399.a(random.o)
 .bss           0x000000000002d70c        0xc obj_cooja/mtype399.a(sensors.o)
 .bss           0x000000000002d718       0x28 obj_cooja/mtype399.a(dual_conf.o)
                0x000000000002d718                long_range_radio
 .bss           0x000000000002d740        0x0 obj_cooja/mtype399.a(autostart.o)
 .bss           0x000000000002d740        0x5 obj_cooja/mtype399.a(ctimer.o)
 *fill*         0x000000000002d745        0x3 
 .bss           0x000000000002d748        0x8 obj_cooja/mtype399.a(etimer.o)
 *fill*         0x000000000002d750       0x10 
 .bss           0x000000000002d760      0x1b1 obj_cooja/mtype399.a(process.o)
                0x000000000002d760                process_list
                0x000000000002d764                process_current
 *fill*         0x000000000002d911        0x3 
 .bss           0x000000000002d914        0x4 obj_cooja/mtype399.a(rtimer.o)
 .bss           0x000000000002d918        0x0 obj_cooja/mtype399.a(timer.o)
 *fill*         0x000000000002d918        0x8 
 .bss           0x000000000002d920      0x140 obj_cooja/mtype399.a(serial-line.o)
 .bss           0x000000000002da60        0x0 obj_cooja/mtype399.a(list.o)
 .bss           0x000000000002da60        0x0 obj_cooja/mtype399.a(ringbuf.o)
 .bss           0x000000000002da60      0x70c obj_cooja/mtype399.a(sicslowpan.o)
 *fill*         0x000000000002e16c       0x14 
 .bss           0x000000000002e180       0xf0 obj_cooja/mtype399.a(uip-ds6-nbr.o)
 .bss           0x000000000002e270       0x20 obj_cooja/mtype399.a(uip-ds6.o)
 .bss           0x000000000002e290        0xe obj_cooja/mtype399.a(uip6.o)
                0x000000000002e290                uip_ext_bitmap
                0x000000000002e291                uip_ext_len
                0x000000000002e292                uip_ext_opt_offset
 *fill*         0x000000000002e29e        0x2 
 .bss           0x000000000002e2a0       0x6a obj_cooja/mtype399.a(tcpip.o)
 .bss           0x000000000002e30a        0x0 obj_cooja/mtype399.a(uip-debug.o)
 *fill*         0x000000000002e30a       0x16 
 .bss           0x000000000002e320      0xcf8 obj_cooja/mtype399.a(uip-packetqueue)
 *fill*         0x000000000002f018        0x8 
 .bss           0x000000000002f020       0xa0 obj_cooja/mtype399.a(rpl-dag.o)
 .bss           0x000000000002f0c0        0x0 obj_cooja/mtype399.a(rpl-ext-header.)
 .bss           0x000000000002f0c0        0x0 obj_cooja/mtype399.a(rpl-icmp6.o)
 .bss           0x000000000002f0c0        0x0 obj_cooja/mtype399.a(rpl-mrhof.o)
 .bss           0x000000000002f0c0       0x23 obj_cooja/mtype399.a(rpl-timers.o)
 *fill*         0x000000000002f0e3        0x1 
 .bss           0x000000000002f0e4        0x4 obj_cooja/mtype399.a(rpl.o)
 .bss           0x000000000002f0e8        0x0 obj_cooja/mtype399.a(linkaddr.o)
 *fill*         0x000000000002f0e8       0x18 
 .bss           0x000000000002f100       0xdc obj_cooja/mtype399.a(nbr-table.o)
 .bss           0x000000000002f1dc        0x0 obj_cooja/mtype399.a(netstack.o)
 *fill*         0x000000000002f1dc        0x4 
 .bss           0x000000000002f1e0       0xa0 obj_cooja/mtype399.a(packetbuf.o)
 .bss           0x000000000002f280      0xb80 obj_cooja/mtype399.a(queuebuf.o)
 .bss           0x000000000002fe00      0x248 obj_cooja/mtype399.a(csma.o)
 .bss           0x0000000000030048        0x2 obj_cooja/mtype399.a(framer-802154.o)
 .bss           0x000000000003004a        0x0 obj_cooja/mtype399.a(mac.o)
 .bss           0x000000000003004a        0x0 obj_cooja/mtype399.a(nullrdc.o)
 .bss           0x000000000003004a        0x0 obj_cooja/mtype399.a(nullsec.o)
 .bss           0x000000000003004a        0x0 obj_cooja/mtype399.a(watchdog.o)
 .bss           0x000000000003004a        0x0 obj_cooja/mtype399.a(rimestats.o)
 .bss           0x000000000003004a        0x0 obj_cooja/mtype399.a(stimer.o)
 .bss           0x000000000003004a        0x0 obj_cooja/mtype399.a(memb.o)
 *fill*         0x000000000003004a       0x16 
 .bss           0x0000000000030060      0x2a8 obj_cooja/mtype399.a(uip-ds6-route.o)
 .bss           0x0000000000030308       0x18 obj_cooja/mtype399.a(uip-icmp6.o)
 .bss           0x0000000000030320        0x0 obj_cooja/mtype399.a(uip-nd6.o)
 .bss           0x0000000000030320       0x44 obj_cooja/mtype399.a(rpl-nbr-policy.)
 .bss           0x0000000000030364        0x0 obj_cooja/mtype399.a(frame802154.o)
 *fill*         0x0000000000030364       0x1c 
 .bss           0x0000000000030380       0x90 obj_cooja/mtype399.a(mac-sequence.o)
 .bss           0x0000000000030410        0x0 /usr/lib/gcc/i686-linux-gnu/4.8/crtendS.o
 .bss           0x0000000000030410        0x0 /usr/lib/gcc/i686-linux-gnu/4.8/../../../i386-linux-gnu/crtn.o
 *(COMMON)
 COMMON         0x0000000000030410        0x8 obj_cooja/mtype399.o
                0x0000000000030410                referenceVar
                0x0000000000030414                sensors_flags
 COMMON         0x0000000000030418        0xc obj_cooja/mtype399.a(simEnvChange.o)
                0x0000000000030418                simEtimerPending
                0x000000000003041c                simProcessRunValue
                0x0000000000030420                simNextExpirationTime
 COMMON         0x0000000000030424        0x1 obj_cooja/mtype399.a(beep.o)
                0x0000000000030424                simBeeped
 COMMON         0x0000000000030425        0x3 obj_cooja/mtype399.a(button-sensor.o)
                0x0000000000030425                simButtonIsActive
                0x0000000000030426                simButtonIsDown
                0x0000000000030427                simButtonChanged
 COMMON         0x0000000000030428        0x1 obj_cooja/mtype399.a(leds-arch.o)
                0x0000000000030428                simLedsValue
 *fill*         0x0000000000030429        0x3 
 COMMON         0x000000000003042c        0xc obj_cooja/mtype399.a(moteid.o)
                0x000000000003042c                simRandomSeed
                0x0000000000030430                simMoteIDChanged
                0x0000000000030434                simMoteID
 COMMON         0x0000000000030438        0x2 obj_cooja/mtype399.a(pir-sensor.o)
                0x0000000000030438                simPirIsActive
                0x0000000000030439                simPirChanged
 *fill*         0x000000000003043a        0x6 
 COMMON         0x0000000000030440      0x820 obj_cooja/mtype399.a(rs232.o)
                0x0000000000030440                simSerialReceivingFlag
                0x0000000000030444                simSerialReceivingLength
                0x0000000000030460                simSerialReceivingData
 COMMON         0x0000000000030c60        0x2 obj_cooja/mtype399.a(vib-sensor.o)
                0x0000000000030c60                simVibChanged
                0x0000000000030c61                simVibIsActive
 *fill*         0x0000000000030c62        0x2 
 COMMON         0x0000000000030c64        0x4 obj_cooja/mtype399.a(clock.o)
                0x0000000000030c64                simCurrentTime
 *fill*         0x0000000000030c68       0x18 
 COMMON         0x0000000000030c80      0x420 obj_cooja/mtype399.a(log.o)
                0x0000000000030c80                simLoggedLength
                0x0000000000030c84                simLoggedFlag
                0x0000000000030ca0                simLoggedData
 COMMON         0x00000000000310a0      0x200 obj_cooja/mtype399.a(cooja-radio.o)
                0x00000000000310a0                simOutDataBuffer
                0x0000000000031120                simInDataBufferLR
                0x00000000000311a0                simOutDataBufferLR
                0x0000000000031220                simInDataBuffer
 COMMON         0x00000000000312a0      0x400 obj_cooja/mtype399.a(eeprom.o)
                0x00000000000312a0                simEEPROMData
 COMMON         0x00000000000316a0        0x1 obj_cooja/mtype399.a(sensors.o)
                0x00000000000316a0                sensors_event
 COMMON         0x00000000000316a1        0x1 obj_cooja/mtype399.a(serial-line.o)
                0x00000000000316a1                serial_line_event_message
 *fill*         0x00000000000316a2       0x1e 
 COMMON         0x00000000000316c0      0x181 obj_cooja/mtype399.a(uip-ds6.o)
                0x00000000000316c0                uip_ds6_prefix_list
                0x0000000000031720                uip_ds6_timer_periodic
                0x0000000000031730                uip_ds6_netif_addr_list_offset
                0x0000000000031740                uip_ds6_if
                0x0000000000031838                uip_ds6_timer_ra
                0x0000000000031840                uip_ds6_addr_size
 *fill*         0x0000000000031841       0x1f 
 COMMON         0x0000000000031860      0x8ec obj_cooja/mtype399.a(uip6.o)
                0x0000000000031860                uip_slen
                0x0000000000031862                uip_acc32
                0x0000000000031880                uip_conns
                0x0000000000031940                uip_lladdr
                0x0000000000031948                uip_appdata
                0x000000000003194c                uip_flags
                0x0000000000031960                uip_aligned_buf
                0x0000000000031fa0                uip_listenports
                0x0000000000031fb0                uip_len
                0x0000000000031fb4                uip_sappdata
                0x0000000000031fc0                uip_udp_conns
                0x0000000000032140                uip_udp_conn
                0x0000000000032144                uip_next_hdr
                0x0000000000032148                uip_conn
 COMMON         0x000000000003214c        0x1 obj_cooja/mtype399.a(tcpip.o)
                0x000000000003214c                tcpip_event
 *fill*         0x000000000003214d       0x13 
 COMMON         0x0000000000032160      0x170 obj_cooja/mtype399.a(rpl-dag.o)
                0x0000000000032160                default_instance
                0x0000000000032180                instance_table
 COMMON         0x00000000000322d0        0x8 obj_cooja/mtype399.a(linkaddr.o)
                0x00000000000322d0                linkaddr_node_addr
 COMMON         0x00000000000322d8       0x2e obj_cooja/mtype399.a(packetbuf.o)
                0x00000000000322d8                packetbuf_attrs
                0x00000000000322f6                packetbuf_addrs
 *fill*         0x0000000000032306       0x1a 
 COMMON         0x0000000000032320       0x48 obj_cooja/mtype399.a(rimestats.o)
                0x0000000000032320                rimestats
                0x0000000000032368                . = ALIGN ((. != 0x0)?0x4:0x1)
                0x0000000000032368                . = ALIGN (0x4)
                0x0000000000032368                . = SEGMENT_START ("ldata-segment", .)
                0x0000000000032368                . = ALIGN (0x4)
                0x0000000000032368                _end = .
                0x0000000000032368                PROVIDE (end, .)
                0x0000000000032368                . = DATA_SEGMENT_END (.)

.stab
 *(.stab)

.stabstr
 *(.stabstr)

.stab.excl
 *(.stab.excl)

.stab.exclstr
 *(.stab.exclstr)

.stab.index
 *(.stab.index)

.stab.indexstr
 *(.stab.indexstr)

.comment        0x0000000000000000       0x2b
 *(.comment)
 .comment       0x0000000000000000       0x2b /usr/lib/gcc/i686-linux-gnu/4.8/crtbeginS.o
                                         0x2c (size before relaxing)
 .comment       0x0000000000000000       0x2c udp-server.co
 .comment       0x0000000000000000       0x2c obj_cooja/mtype399.o
 .comment       0x0000000000000000       0x2c obj_cooja/mtype399.a(simEnvChange.o)
 .comment       0x0000000000000000       0x2c obj_cooja/mtype399.a(cooja_mt.o)
 .comment       0x0000000000000000       0x2c obj_cooja/mtype399.a(cooja_mtarch.o)
 .comment       0x0000000000000000       0x2c obj_cooja/mtype399.a(rtimer-arch.o)
 .comment       0x0000000000000000       0x2c obj_cooja/mtype399.a(beep.o)
 .comment       0x0000000000000000       0x2c obj_cooja/mtype399.a(button-sensor.o)
 .comment       0x0000000000000000       0x2c obj_cooja/mtype399.a(leds-arch.o)
 .comment       0x0000000000000000       0x2c obj_cooja/mtype399.a(moteid.o)
 .comment       0x0000000000000000       0x2c obj_cooja/mtype399.a(pir-sensor.o)
 .comment       0x0000000000000000       0x2c obj_cooja/mtype399.a(rs232.o)
 .comment       0x0000000000000000       0x2c obj_cooja/mtype399.a(vib-sensor.o)
 .comment       0x0000000000000000       0x2c obj_cooja/mtype399.a(clock.o)
 .comment       0x0000000000000000       0x2c obj_cooja/mtype399.a(log.o)
 .comment       0x0000000000000000       0x2c obj_cooja/mtype399.a(cfs-cooja.o)
 .comment       0x0000000000000000       0x2c obj_cooja/mtype399.a(cooja-radio.o)
 .comment       0x0000000000000000       0x2c obj_cooja/mtype399.a(eeprom.o)
 .comment       0x0000000000000000       0x2c obj_cooja/mtype399.a(random.o)
 .comment       0x0000000000000000       0x2c obj_cooja/mtype399.a(sensors.o)
 .comment       0x0000000000000000       0x2c obj_cooja/mtype399.a(dual_conf.o)
 .comment       0x0000000000000000       0x2c obj_cooja/mtype399.a(autostart.o)
 .comment       0x0000000000000000       0x2c obj_cooja/mtype399.a(ctimer.o)
 .comment       0x0000000000000000       0x2c obj_cooja/mtype399.a(etimer.o)
 .comment       0x0000000000000000       0x2c obj_cooja/mtype399.a(process.o)
 .comment       0x0000000000000000       0x2c obj_cooja/mtype399.a(rtimer.o)
 .comment       0x0000000000000000       0x2c obj_cooja/mtype399.a(timer.o)
 .comment       0x0000000000000000       0x2c obj_cooja/mtype399.a(serial-line.o)
 .comment       0x0000000000000000       0x2c obj_cooja/mtype399.a(list.o)
 .comment       0x0000000000000000       0x2c obj_cooja/mtype399.a(ringbuf.o)
 .comment       0x0000000000000000       0x2c obj_cooja/mtype399.a(sicslowpan.o)
 .comment       0x0000000000000000       0x2c obj_cooja/mtype399.a(uip-ds6-nbr.o)
 .comment       0x0000000000000000       0x2c obj_cooja/mtype399.a(uip-ds6.o)
 .comment       0x0000000000000000       0x2c obj_cooja/mtype399.a(uip6.o)
 .comment       0x0000000000000000       0x2c obj_cooja/mtype399.a(tcpip.o)
 .comment       0x0000000000000000       0x2c obj_cooja/mtype399.a(uip-debug.o)
 .comment       0x0000000000000000       0x2c obj_cooja/mtype399.a(uip-packetqueue)
 .comment       0x0000000000000000       0x2c obj_cooja/mtype399.a(rpl-dag.o)
 .comment       0x0000000000000000       0x2c obj_cooja/mtype399.a(rpl-ext-header.)
 .comment       0x0000000000000000       0x2c obj_cooja/mtype399.a(rpl-icmp6.o)
 .comment       0x0000000000000000       0x2c obj_cooja/mtype399.a(rpl-mrhof.o)
 .comment       0x0000000000000000       0x2c obj_cooja/mtype399.a(rpl-timers.o)
 .comment       0x0000000000000000       0x2c obj_cooja/mtype399.a(rpl.o)
 .comment       0x0000000000000000       0x2c obj_cooja/mtype399.a(linkaddr.o)
 .comment       0x0000000000000000       0x2c obj_cooja/mtype399.a(nbr-table.o)
 .comment       0x0000000000000000       0x2c obj_cooja/mtype399.a(netstack.o)
 .comment       0x0000000000000000       0x2c obj_cooja/mtype399.a(packetbuf.o)
 .comment       0x0000000000000000       0x2c obj_cooja/mtype399.a(queuebuf.o)
 .comment       0x0000000000000000       0x2c obj_cooja/mtype399.a(csma.o)
 .comment       0x0000000000000000       0x2c obj_cooja/mtype399.a(framer-802154.o)
 .comment       0x0000000000000000       0x2c obj_cooja/mtype399.a(mac.o)
 .comment       0x0000000000000000       0x2c obj_cooja/mtype399.a(nullrdc.o)
 .comment       0x0000000000000000       0x2c obj_cooja/mtype399.a(nullsec.o)
 .comment       0x0000000000000000       0x2c obj_cooja/mtype399.a(watchdog.o)
 .comment       0x0000000000000000       0x2c obj_cooja/mtype399.a(rimestats.o)
 .comment       0x0000000000000000       0x2c obj_cooja/mtype399.a(stimer.o)
 .comment       0x0000000000000000       0x2c obj_cooja/mtype399.a(memb.o)
 .comment       0x0000000000000000       0x2c obj_cooja/mtype399.a(uip-ds6-route.o)
 .comment       0x0000000000000000       0x2c obj_cooja/mtype399.a(uip-icmp6.o)
 .comment       0x0000000000000000       0x2c obj_cooja/mtype399.a(uip-nd6.o)
 .comment       0x0000000000000000       0x2c obj_cooja/mtype399.a(rpl-nbr-policy.)
 .comment       0x0000000000000000       0x2c obj_cooja/mtype399.a(frame802154.o)
 .comment       0x0000000000000000       0x2c obj_cooja/mtype399.a(mac-sequence.o)
 .comment       0x0000000000000000       0x2c /usr/lib/gcc/i686-linux-gnu/4.8/crtendS.o

.debug
 *(.debug)

.line
 *(.line)

.debug_srcinfo
 *(.debug_srcinfo)

.debug_sfnames
 *(.debug_sfnames)

.debug_aranges  0x0000000000000000      0x7d8
 *(.debug_aranges)
 .debug_aranges
                0x0000000000000000       0x20 udp-server.co
 .debug_aranges
                0x0000000000000020       0x20 obj_cooja/mtype399.o
 .debug_aranges
                0x0000000000000040       0x20 obj_cooja/mtype399.a(simEnvChange.o)
 .debug_aranges
                0x0000000000000060       0x20 obj_cooja/mtype399.a(cooja_mt.o)
 .debug_aranges
                0x0000000000000080       0x20 obj_cooja/mtype399.a(cooja_mtarch.o)
 .debug_aranges
                0x00000000000000a0       0x20 obj_cooja/mtype399.a(rtimer-arch.o)
 .debug_aranges
                0x00000000000000c0       0x20 obj_cooja/mtype399.a(beep.o)
 .debug_aranges
                0x00000000000000e0       0x20 obj_cooja/mtype399.a(button-sensor.o)
 .debug_aranges
                0x0000000000000100       0x20 obj_cooja/mtype399.a(leds-arch.o)
 .debug_aranges
                0x0000000000000120       0x20 obj_cooja/mtype399.a(moteid.o)
 .debug_aranges
                0x0000000000000140       0x20 obj_cooja/mtype399.a(pir-sensor.o)
 .debug_aranges
                0x0000000000000160       0x20 obj_cooja/mtype399.a(rs232.o)
 .debug_aranges
                0x0000000000000180       0x20 obj_cooja/mtype399.a(vib-sensor.o)
 .debug_aranges
                0x00000000000001a0       0x20 obj_cooja/mtype399.a(clock.o)
 .debug_aranges
                0x00000000000001c0       0x20 obj_cooja/mtype399.a(log.o)
 .debug_aranges
                0x00000000000001e0       0x20 obj_cooja/mtype399.a(cfs-cooja.o)
 .debug_aranges
                0x0000000000000200       0x20 obj_cooja/mtype399.a(cooja-radio.o)
 .debug_aranges
                0x0000000000000220       0x20 obj_cooja/mtype399.a(eeprom.o)
 .debug_aranges
                0x0000000000000240       0x20 obj_cooja/mtype399.a(random.o)
 .debug_aranges
                0x0000000000000260       0x20 obj_cooja/mtype399.a(sensors.o)
 .debug_aranges
                0x0000000000000280       0x20 obj_cooja/mtype399.a(dual_conf.o)
 .debug_aranges
                0x00000000000002a0       0x20 obj_cooja/mtype399.a(autostart.o)
 .debug_aranges
                0x00000000000002c0       0x20 obj_cooja/mtype399.a(ctimer.o)
 .debug_aranges
                0x00000000000002e0       0x20 obj_cooja/mtype399.a(etimer.o)
 .debug_aranges
                0x0000000000000300       0x20 obj_cooja/mtype399.a(process.o)
 .debug_aranges
                0x0000000000000320       0x20 obj_cooja/mtype399.a(rtimer.o)
 .debug_aranges
                0x0000000000000340       0x20 obj_cooja/mtype399.a(timer.o)
 .debug_aranges
                0x0000000000000360       0x20 obj_cooja/mtype399.a(serial-line.o)
 .debug_aranges
                0x0000000000000380       0x20 obj_cooja/mtype399.a(list.o)
 .debug_aranges
                0x00000000000003a0       0x20 obj_cooja/mtype399.a(ringbuf.o)
 .debug_aranges
                0x00000000000003c0       0x20 obj_cooja/mtype399.a(sicslowpan.o)
 .debug_aranges
                0x00000000000003e0       0x20 obj_cooja/mtype399.a(uip-ds6-nbr.o)
 .debug_aranges
                0x0000000000000400       0x20 obj_cooja/mtype399.a(uip-ds6.o)
 .debug_aranges
                0x0000000000000420       0x20 obj_cooja/mtype399.a(uip6.o)
 .debug_aranges
                0x0000000000000440       0x20 obj_cooja/mtype399.a(tcpip.o)
 .debug_aranges
                0x0000000000000460       0x20 obj_cooja/mtype399.a(uip-debug.o)
 .debug_aranges
                0x0000000000000480       0x20 obj_cooja/mtype399.a(uip-packetqueue)
 .debug_aranges
                0x00000000000004a0       0x20 obj_cooja/mtype399.a(rpl-dag.o)
 .debug_aranges
                0x00000000000004c0       0x20 obj_cooja/mtype399.a(rpl-ext-header.)
 .debug_aranges
                0x00000000000004e0       0x20 obj_cooja/mtype399.a(rpl-icmp6.o)
 .debug_aranges
                0x0000000000000500       0x20 obj_cooja/mtype399.a(rpl-mrhof.o)
 .debug_aranges
                0x0000000000000520       0x20 obj_cooja/mtype399.a(rpl-timers.o)
 .debug_aranges
                0x0000000000000540       0x20 obj_cooja/mtype399.a(rpl.o)
 .debug_aranges
                0x0000000000000560       0x20 obj_cooja/mtype399.a(linkaddr.o)
 .debug_aranges
                0x0000000000000580       0x20 obj_cooja/mtype399.a(nbr-table.o)
 .debug_aranges
                0x00000000000005a0       0x20 obj_cooja/mtype399.a(netstack.o)
 .debug_aranges
                0x00000000000005c0       0x20 obj_cooja/mtype399.a(packetbuf.o)
 .debug_aranges
                0x00000000000005e0       0x20 obj_cooja/mtype399.a(queuebuf.o)
 .debug_aranges
                0x0000000000000600       0x20 obj_cooja/mtype399.a(csma.o)
 .debug_aranges
                0x0000000000000620       0x20 obj_cooja/mtype399.a(framer-802154.o)
 .debug_aranges
                0x0000000000000640       0x20 obj_cooja/mtype399.a(mac.o)
 .debug_aranges
                0x0000000000000660       0x20 obj_cooja/mtype399.a(nullrdc.o)
 .debug_aranges
                0x0000000000000680       0x20 obj_cooja/mtype399.a(nullsec.o)
 .debug_aranges
                0x00000000000006a0       0x20 obj_cooja/mtype399.a(watchdog.o)
 .debug_aranges
                0x00000000000006c0       0x18 obj_cooja/mtype399.a(rimestats.o)
 .debug_aranges
                0x00000000000006d8       0x20 obj_cooja/mtype399.a(stimer.o)
 .debug_aranges
                0x00000000000006f8       0x20 obj_cooja/mtype399.a(memb.o)
 .debug_aranges
                0x0000000000000718       0x20 obj_cooja/mtype399.a(uip-ds6-route.o)
 .debug_aranges
                0x0000000000000738       0x20 obj_cooja/mtype399.a(uip-icmp6.o)
 .debug_aranges
                0x0000000000000758       0x20 obj_cooja/mtype399.a(uip-nd6.o)
 .debug_aranges
                0x0000000000000778       0x20 obj_cooja/mtype399.a(rpl-nbr-policy.)
 .debug_aranges
                0x0000000000000798       0x20 obj_cooja/mtype399.a(frame802154.o)
 .debug_aranges
                0x00000000000007b8       0x20 obj_cooja/mtype399.a(mac-sequence.o)

.debug_pubnames
 *(.debug_pubnames)

.debug_info     0x0000000000000000    0x1b36d
 *(.debug_info .gnu.linkonce.wi.*)
 .debug_info    0x0000000000000000      0xdde udp-server.co
 .debug_info    0x0000000000000dde     0x370c obj_cooja/mtype399.o
 .debug_info    0x00000000000044ea      0x15a obj_cooja/mtype399.a(simEnvChange.o)
 .debug_info    0x0000000000004644      0x1e2 obj_cooja/mtype399.a(cooja_mt.o)
 .debug_info    0x0000000000004826      0x2e7 obj_cooja/mtype399.a(cooja_mtarch.o)
 .debug_info    0x0000000000004b0d      0x16b obj_cooja/mtype399.a(rtimer-arch.o)
 .debug_info    0x0000000000004c78      0x1f3 obj_cooja/mtype399.a(beep.o)
 .debug_info    0x0000000000004e6b      0x257 obj_cooja/mtype399.a(button-sensor.o)
 .debug_info    0x00000000000050c2      0x132 obj_cooja/mtype399.a(leds-arch.o)
 .debug_info    0x00000000000051f4      0x10a obj_cooja/mtype399.a(moteid.o)
 .debug_info    0x00000000000052fe      0x216 obj_cooja/mtype399.a(pir-sensor.o)
 .debug_info    0x0000000000005514      0x21e obj_cooja/mtype399.a(rs232.o)
 .debug_info    0x0000000000005732      0x216 obj_cooja/mtype399.a(vib-sensor.o)
 .debug_info    0x0000000000005948      0x152 obj_cooja/mtype399.a(clock.o)
 .debug_info    0x0000000000005a9a      0x2bb obj_cooja/mtype399.a(log.o)
 .debug_info    0x0000000000005d55      0x3cf obj_cooja/mtype399.a(cfs-cooja.o)
 .debug_info    0x0000000000006124      0xc5e obj_cooja/mtype399.a(cooja-radio.o)
 .debug_info    0x0000000000006d82      0x1d5 obj_cooja/mtype399.a(eeprom.o)
 .debug_info    0x0000000000006f57       0xb3 obj_cooja/mtype399.a(random.o)
 .debug_info    0x000000000000700a      0x36d obj_cooja/mtype399.a(sensors.o)
 .debug_info    0x0000000000007377      0x99d obj_cooja/mtype399.a(dual_conf.o)
 .debug_info    0x0000000000007d14      0x1a5 obj_cooja/mtype399.a(autostart.o)
 .debug_info    0x0000000000007eb9      0x46c obj_cooja/mtype399.a(ctimer.o)
 .debug_info    0x0000000000008325      0x49c obj_cooja/mtype399.a(etimer.o)
 .debug_info    0x00000000000087c1      0x4ba obj_cooja/mtype399.a(process.o)
 .debug_info    0x0000000000008c7b      0x1ab obj_cooja/mtype399.a(rtimer.o)
 .debug_info    0x0000000000008e26      0x16c obj_cooja/mtype399.a(timer.o)
 .debug_info    0x0000000000008f92      0x2de obj_cooja/mtype399.a(serial-line.o)
 .debug_info    0x0000000000009270      0x2ed obj_cooja/mtype399.a(list.o)
 .debug_info    0x000000000000955d      0x1aa obj_cooja/mtype399.a(ringbuf.o)
 .debug_info    0x0000000000009707     0x105d obj_cooja/mtype399.a(sicslowpan.o)
 .debug_info    0x000000000000a764      0x853 obj_cooja/mtype399.a(uip-ds6-nbr.o)
 .debug_info    0x000000000000afb7      0xa4b obj_cooja/mtype399.a(uip-ds6.o)
 .debug_info    0x000000000000ba02      0xe8e obj_cooja/mtype399.a(uip6.o)
 .debug_info    0x000000000000c890     0x1402 obj_cooja/mtype399.a(tcpip.o)
 .debug_info    0x000000000000dc92      0x1b5 obj_cooja/mtype399.a(uip-debug.o)
 .debug_info    0x000000000000de47      0x470 obj_cooja/mtype399.a(uip-packetqueue)
 .debug_info    0x000000000000e2b7     0x18f4 obj_cooja/mtype399.a(rpl-dag.o)
 .debug_info    0x000000000000fbab      0xe2b obj_cooja/mtype399.a(rpl-ext-header.)
 .debug_info    0x00000000000109d6     0x168e obj_cooja/mtype399.a(rpl-icmp6.o)
 .debug_info    0x0000000000012064      0xabe obj_cooja/mtype399.a(rpl-mrhof.o)
 .debug_info    0x0000000000012b22      0xbf9 obj_cooja/mtype399.a(rpl-timers.o)
 .debug_info    0x000000000001371b      0xcda obj_cooja/mtype399.a(rpl.o)
 .debug_info    0x00000000000143f5      0x165 obj_cooja/mtype399.a(linkaddr.o)
 .debug_info    0x000000000001455a      0x8d7 obj_cooja/mtype399.a(nbr-table.o)
 .debug_info    0x0000000000014e31      0x4b9 obj_cooja/mtype399.a(netstack.o)
 .debug_info    0x00000000000152ea      0x478 obj_cooja/mtype399.a(packetbuf.o)
 .debug_info    0x0000000000015762      0x57d obj_cooja/mtype399.a(queuebuf.o)
 .debug_info    0x0000000000015cdf      0xbff obj_cooja/mtype399.a(csma.o)
 .debug_info    0x00000000000168de      0x5f8 obj_cooja/mtype399.a(framer-802154.o)
 .debug_info    0x0000000000016ed6      0x112 obj_cooja/mtype399.a(mac.o)
 .debug_info    0x0000000000016fe8      0xc26 obj_cooja/mtype399.a(nullrdc.o)
 .debug_info    0x0000000000017c0e      0x3aa obj_cooja/mtype399.a(nullsec.o)
 .debug_info    0x0000000000017fb8       0x7b obj_cooja/mtype399.a(watchdog.o)
 .debug_info    0x0000000000018033      0x119 obj_cooja/mtype399.a(rimestats.o)
 .debug_info    0x000000000001814c      0x179 obj_cooja/mtype399.a(stimer.o)
 .debug_info    0x00000000000182c5      0x1d7 obj_cooja/mtype399.a(memb.o)
 .debug_info    0x000000000001849c      0xd30 obj_cooja/mtype399.a(uip-ds6-route.o)
 .debug_info    0x00000000000191cc      0x783 obj_cooja/mtype399.a(uip-icmp6.o)
 .debug_info    0x000000000001994f      0x331 obj_cooja/mtype399.a(uip-nd6.o)
 .debug_info    0x0000000000019c80      0xda2 obj_cooja/mtype399.a(rpl-nbr-policy.)
 .debug_info    0x000000000001aa22      0x6b4 obj_cooja/mtype399.a(frame802154.o)
 .debug_info    0x000000000001b0d6      0x297 obj_cooja/mtype399.a(mac-sequence.o)

.debug_abbrev   0x0000000000000000     0x6675
 *(.debug_abbrev)
 .debug_abbrev  0x0000000000000000      0x227 udp-server.co
 .debug_abbrev  0x0000000000000227      0x2b3 obj_cooja/mtype399.o
 .debug_abbrev  0x00000000000004da       0xc3 obj_cooja/mtype399.a(simEnvChange.o)
 .debug_abbrev  0x000000000000059d       0xe6 obj_cooja/mtype399.a(cooja_mt.o)
 .debug_abbrev  0x0000000000000683      0x147 obj_cooja/mtype399.a(cooja_mtarch.o)
 .debug_abbrev  0x00000000000007ca       0xcc obj_cooja/mtype399.a(rtimer-arch.o)
 .debug_abbrev  0x0000000000000896       0xe3 obj_cooja/mtype399.a(beep.o)
 .debug_abbrev  0x0000000000000979      0x11c obj_cooja/mtype399.a(button-sensor.o)
 .debug_abbrev  0x0000000000000a95       0xe1 obj_cooja/mtype399.a(leds-arch.o)
 .debug_abbrev  0x0000000000000b76       0x9c obj_cooja/mtype399.a(moteid.o)
 .debug_abbrev  0x0000000000000c12       0xe6 obj_cooja/mtype399.a(pir-sensor.o)
 .debug_abbrev  0x0000000000000cf8      0x14a obj_cooja/mtype399.a(rs232.o)
 .debug_abbrev  0x0000000000000e42       0xe6 obj_cooja/mtype399.a(vib-sensor.o)
 .debug_abbrev  0x0000000000000f28       0xee obj_cooja/mtype399.a(clock.o)
 .debug_abbrev  0x0000000000001016      0x141 obj_cooja/mtype399.a(log.o)
 .debug_abbrev  0x0000000000001157      0x139 obj_cooja/mtype399.a(cfs-cooja.o)
 .debug_abbrev  0x0000000000001290      0x2f2 obj_cooja/mtype399.a(cooja-radio.o)
 .debug_abbrev  0x0000000000001582       0xf5 obj_cooja/mtype399.a(eeprom.o)
 .debug_abbrev  0x0000000000001677       0x6d obj_cooja/mtype399.a(random.o)
 .debug_abbrev  0x00000000000016e4      0x1c2 obj_cooja/mtype399.a(sensors.o)
 .debug_abbrev  0x00000000000018a6      0x218 obj_cooja/mtype399.a(dual_conf.o)
 .debug_abbrev  0x0000000000001abe       0xfb obj_cooja/mtype399.a(autostart.o)
 .debug_abbrev  0x0000000000001bb9      0x1a1 obj_cooja/mtype399.a(ctimer.o)
 .debug_abbrev  0x0000000000001d5a      0x1f1 obj_cooja/mtype399.a(etimer.o)
 .debug_abbrev  0x0000000000001f4b      0x244 obj_cooja/mtype399.a(process.o)
 .debug_abbrev  0x000000000000218f      0x124 obj_cooja/mtype399.a(rtimer.o)
 .debug_abbrev  0x00000000000022b3       0xf5 obj_cooja/mtype399.a(timer.o)
 .debug_abbrev  0x00000000000023a8      0x190 obj_cooja/mtype399.a(serial-line.o)
 .debug_abbrev  0x0000000000002538      0x145 obj_cooja/mtype399.a(list.o)
 .debug_abbrev  0x000000000000267d       0xdb obj_cooja/mtype399.a(ringbuf.o)
 .debug_abbrev  0x0000000000002758      0x290 obj_cooja/mtype399.a(sicslowpan.o)
 .debug_abbrev  0x00000000000029e8      0x265 obj_cooja/mtype399.a(uip-ds6-nbr.o)
 .debug_abbrev  0x0000000000002c4d      0x23a obj_cooja/mtype399.a(uip-ds6.o)
 .debug_abbrev  0x0000000000002e87      0x2d8 obj_cooja/mtype399.a(uip6.o)
 .debug_abbrev  0x000000000000315f      0x33a obj_cooja/mtype399.a(tcpip.o)
 .debug_abbrev  0x0000000000003499       0xcb obj_cooja/mtype399.a(uip-debug.o)